Exception in thread Thread-3 (_readerthread):
Traceback (most recent call last):
  File "C:\Users\jared\AppData\Local\Programs\Python\Python313\Lib\threading.py", line 1041, in _bootstrap_inner
    self.run()
    ~~~~~~~~^^
  File "C:\Users\jared\AppData\Local\Programs\Python\Python313\Lib\threading.py", line 992, in run
    self._target(*self._args, **self._kwargs)
    ~~~~~~~~~~~~^^^^^^^^^^^^^^^^^^^^^^^^^^^^^
  File "C:\Users\jared\AppData\Local\Programs\Python\Python313\Lib\subprocess.py", line 1611, in _readerthread
    buffer.append(fh.read())
                  ~~~~~~~^^
  File "C:\Users\jared\AppData\Local\Programs\Python\Python313\Lib\encodings\cp1252.py", line 23, in decode
    return codecs.charmap_decode(input,self.errors,decoding_table)[0]
           ~~~~~~~~~~~~~~~~~~~~~^^^^^^^^^^^^^^^^^^^^^^^^^^^^^^^^^^
UnicodeDecodeError: 'charmap' codec can't decode byte 0x9d in position 9926: character maps to <undefined>
Exception in thread Thread-7 (_readerthread):
Traceback (most recent call last):
  File "C:\Users\jared\AppData\Local\Programs\Python\Python313\Lib\threading.py", line 1041, in _bootstrap_inner
    self.run()
    ~~~~~~~~^^
  File "C:\Users\jared\AppData\Local\Programs\Python\Python313\Lib\threading.py", line 992, in run
    self._target(*self._args, **self._kwargs)
    ~~~~~~~~~~~~^^^^^^^^^^^^^^^^^^^^^^^^^^^^^
  File "C:\Users\jared\AppData\Local\Programs\Python\Python313\Lib\subprocess.py", line 1611, in _readerthread
    buffer.append(fh.read())
                  ~~~~~~~^^
  File "C:\Users\jared\AppData\Local\Programs\Python\Python313\Lib\encodings\cp1252.py", line 23, in decode
    return codecs.charmap_decode(input,self.errors,decoding_table)[0]
           ~~~~~~~~~~~~~~~~~~~~~^^^^^^^^^^^^^^^^^^^^^^^^^^^^^^^^^^
UnicodeDecodeError: 'charmap' codec can't decode byte 0x9d in position 933: character maps to <undefined>
Exception in thread Thread-11 (_readerthread):
Traceback (most recent call last):
  File "C:\Users\jared\AppData\Local\Programs\Python\Python313\Lib\threading.py", line 1041, in _bootstrap_inner
    self.run()
    ~~~~~~~~^^
  File "C:\Users\jared\AppData\Local\Programs\Python\Python313\Lib\threading.py", line 992, in run
    self._target(*self._args, **self._kwargs)
    ~~~~~~~~~~~~^^^^^^^^^^^^^^^^^^^^^^^^^^^^^
  File "C:\Users\jared\AppData\Local\Programs\Python\Python313\Lib\subprocess.py", line 1611, in _readerthread
    buffer.append(fh.read())
                  ~~~~~~~^^
  File "C:\Users\jared\AppData\Local\Programs\Python\Python313\Lib\encodings\cp1252.py", line 23, in decode
    return codecs.charmap_decode(input,self.errors,decoding_table)[0]
           ~~~~~~~~~~~~~~~~~~~~~^^^^^^^^^^^^^^^^^^^^^^^^^^^^^^^^^^
UnicodeDecodeError: 'charmap' codec can't decode byte 0x9d in position 6741: character maps to <undefined>
Exception in thread Thread-15 (_readerthread):
Traceback (most recent call last):
  File "C:\Users\jared\AppData\Local\Programs\Python\Python313\Lib\threading.py", line 1041, in _bootstrap_inner
    self.run()
    ~~~~~~~~^^
  File "C:\Users\jared\AppData\Local\Programs\Python\Python313\Lib\threading.py", line 992, in run
    self._target(*self._args, **self._kwargs)
    ~~~~~~~~~~~~^^^^^^^^^^^^^^^^^^^^^^^^^^^^^
  File "C:\Users\jared\AppData\Local\Programs\Python\Python313\Lib\subprocess.py", line 1611, in _readerthread
    buffer.append(fh.read())
                  ~~~~~~~^^
  File "C:\Users\jared\AppData\Local\Programs\Python\Python313\Lib\encodings\cp1252.py", line 23, in decode
    return codecs.charmap_decode(input,self.errors,decoding_table)[0]
           ~~~~~~~~~~~~~~~~~~~~~^^^^^^^^^^^^^^^^^^^^^^^^^^^^^^^^^^
UnicodeDecodeError: 'charmap' codec can't decode byte 0x9d in position 1202: character maps to <undefined>
Exception in thread Thread-19 (_readerthread):
Traceback (most recent call last):
  File "C:\Users\jared\AppData\Local\Programs\Python\Python313\Lib\threading.py", line 1041, in _bootstrap_inner
    self.run()
    ~~~~~~~~^^
  File "C:\Users\jared\AppData\Local\Programs\Python\Python313\Lib\threading.py", line 992, in run
    self._target(*self._args, **self._kwargs)
    ~~~~~~~~~~~~^^^^^^^^^^^^^^^^^^^^^^^^^^^^^
  File "C:\Users\jared\AppData\Local\Programs\Python\Python313\Lib\subprocess.py", line 1611, in _readerthread
    buffer.append(fh.read())
                  ~~~~~~~^^
  File "C:\Users\jared\AppData\Local\Programs\Python\Python313\Lib\encodings\cp1252.py", line 23, in decode
    return codecs.charmap_decode(input,self.errors,decoding_table)[0]
           ~~~~~~~~~~~~~~~~~~~~~^^^^^^^^^^^^^^^^^^^^^^^^^^^^^^^^^^
UnicodeDecodeError: 'charmap' codec can't decode byte 0x9d in position 1152: character maps to <undefined>
Using StandardEncoding for cid2unicode as Encoding has no meaningful glyphs: {38: 'greaterorsimilar', 46: 'lessorsimilar', 3: 'square'}
Using StandardEncoding for cid2unicode as Encoding has no meaningful glyphs: {80: 'summationtext'}
{
  "acquired": 30,
  "corpus_source": "auto_acquired_litacq_patents",
  "out": "oracle/evidence/erdos681/literature/corpus_gallagher.json",
  "paper_count": 30,
  "patent_count": 0
}
