- 2011 | Simple proof of Gallagher's singular series sum estimate
-  | [2302.00448] A formalisation of Gallagher's ergodic theorem
-  | A formalisation of Gallagher's ergodic theorem - arXiv.org
-  | "A formalisation of Gallagher's ergodic theorem." - dblp
-  | (PDF) A formalisation of Gallagher's ergodic theorem - ResearchGate
-  | A Formalisation of Gallagher's Ergodic Theorem - Dagstuhl
-  | A formalisation of Gallagher's ergodic theorem - Semantic Scholar
-  | A formalisation of Gallagher's ergodic theorem | alphaXiv
-  | A formalisation of Gallagher's ergodic theorem | DeepAI
- 2010 | On the singular series in the prime k-tuple conjecture
- 2010 | On the singular series in the prime k-tuple conjecture
- 2022 | Sums of singular series and primes in short intervals in algebraic number fields
- 2026 | The Poisson Tail Conjecture for Primes in Short Intervals
- 2021 | On sum of Hecke eigenvalue squares over primes in very short intervals
-  | On the distribution of primes in short intervals - Gallagher - 1976 ...
- 2022 | Sums of singular series with large sets and the tail of the distribution of primes
-  | PDF Sums of singular series and primes in short intervals in algebraic ...
- 2020 | A singular series average and the zeros of the Riemann zeta-function
- 1985 | Primes in short intervals.
- 1984 | Primes in short intervals
- 1979 | Primes in short intervals
- 2019 | Discorrelation Between Primes in Short Intervals and Polynomial Phases
- 2023 | The number of primes in short intervals and numerical calculations for Harman's sieve
- 2013 | ON WEYL SUMS OVER PRIMES IN SHORT INTERVALS
- 2020 | Primes in Short Intervals: Heuristics and Calculations
- 1982 | Primes in short intervals
- 1981 | Almost-primes in short intervals
- 2010 | Almost primes in short intervals
- 1984 | A New Proof of the Hardy-Littlewood Maximal Theorem
- 2008 | Sums of primes and squares of primes in short intervals
