- 2025 | Algebraic formalization of the sieve of eratosthenes
- 2026 | The number of Piatetski-Shapiro primes in short intervals
- 2025 | Primes in almost all short intervals II
- 2022 | Analytic proof of multivariate stable local large deviations and application to deterministic dynamical system
- 2009 | Strengthened large deviations for rational maps and full shifts, with unified proof
- 2015 | Quadratic non-residues in short intervals
- 1994 | Distribution of reduced residue classes in short intervals (chapter 8)
-  | I built a 9,000-Line Proof Assistant Formalization of the Collatz ...
-  | Large deviations theory - HandWiki
-  | Large deviations theory explained
- 2014 | Nonequilibrium Markov Processes Conditioned on Large Deviations
- 1999 | Densities of idempotent measures and large deviations
- 1996 | On Monte Carlo estimation of large deviations probabilities
- 1986 | On the distribution of reduced residues
- 1998 | Sample Path Large Deviations
- 1995 | Long vs. short monitoring intervals for peach harvesters exposed to foliar azinphos-methyl residues
- 1995 | Tracking design changes with formal machine-checked proof
- 1998 | A machine-checked proof of the optimality of a real-time scheduling policy
- 2010 | A machine-checked soundness proof for an efficient verification condition generator
- 2009 | A Machine Checked Soundness Proof for an Intermediate Verification Language
- 2009 | A Machine-Checked Proof of the Average-Case Complexity of Quicksort in Coq
- 1997 | How to Believe a Machine-Checked Proof
- 2018 | Machine-checked Proof of the Church-Rosser Theorem for the Lambda Calculus Using the Barendregt Variable Conve
- 1998 | How to believe a machine-checked proof
- 2025 | Faster intervals, faster recoveries - intensified short VO2max running intervals are inferior to traditional l
- 2018 | The oxidation double peak of reduced guanine residues in short oligodeoxynucleotides: A study of its origin
- 2014 | A Short Note on Reduced Residues
- 2018 | A machine-checked correctness proof for Pastry
- 2013 | The distribution of k-tuples of reduced residues
- 2003 | A New Machine-checked Proof of Strong Normalisation for Display Logic
