BAD 460269091501
BAD 460252494631
BAD 460270903849
BAD 460270903853
BAD 460353610069
BAD 460353610081
BAD 460272201703
BAD 460272201707
BAD 460255310341
BAD 460255310351
BAD 460274773003
BAD 460102372553
BAD 460257554153
BAD 460257554179
BAD 460103365927
BAD 460103365937
BAD 460186124689
BAD 460186124693
BAD 460287117943
BAD 460359924649
BAD 460359924653
BAD 460359924659
BAD 460260170483
BAD 460105829251
BAD 460360635041
BAD 460360635043
BAD 460187380463
BAD 460260419327
BAD 460260419329
BAD 460106250817
BAD 460188137603
BAD 460188137609
BAD 460188137611
BAD 460289160259
BAD 460363369919
BAD 460363386209
BAD 460363386211
BAD 460263372181
BAD 460263372203
BAD 460263372211
BAD 460291129261
BAD 460264224109
BAD 460364556347
BAD 460364556349
BAD 460364556361
BAD 460110402769
BAD 460110661657
BAD 460292296579
BAD 460292568413
BAD 460292849459
BAD 460292849461
BAD 460112332283
BAD 460277109223
BAD 460277109233
BAD 460268139343
BAD 460268399687
BAD 460268399693
BAD 460277854117
BAD 460297068487
BAD 460297068493
BAD 460279037629
BAD 460193664157
BAD 460298364419
BAD 460194186391
BAD 460300388773
BAD 460300388777
BAD 460300388783
BAD 460196493961
BAD 460196493973
BAD 460196506039
BAD 460301283457
BAD 460301283461
BAD 460301283487
BAD 460301440813
BAD 460284557923
BAD 460284557933
BAD 460197862303
BAD 460198011907
BAD 460198935473
BAD 460388964181
BAD 460388964187
BAD 460219387261
BAD 460221589193
BAD 460221818153
BAD 460221931643
BAD 460319123941
BAD 460222899559
BAD 460222899569
BAD 460222899571
BAD 460222899581
BAD 460223082997
BAD 460242030739
BAD 460320948589
BAD 460017038927
BAD 460223083009
BAD 460393616323
BAD 460242209359
BAD 460242387667
BAD 460242387673
BAD 460223625289
BAD 460223625293
BAD 460019003641
BAD 460244430829
BAD 460173043279
BAD 460019884871
BAD 460019884873
BAD 460226151929
BAD 460246234699
BAD 460246234717
BAD 460246234733
BAD 460035450473
BAD 460326360259
BAD 460035597457
BAD 460326554393
BAD 460035994939
BAD 460228395569
BAD 460023837211
BAD 460175887219
BAD 460398405721
BAD 460329055369
BAD 460025261203
BAD 460330188491
BAD 460038807497
BAD 460229408819
BAD 460038807499
BAD 460038807511
BAD 460229537591
BAD 460039042147
BAD 460230228203
BAD 460230824051
BAD 460230970933
BAD 460331848381
BAD 460027196119
BAD 460232046623
BAD 460042434571
BAD 460030988633
BAD 460030988639
BAD 460181397859
BAD 460031777593
BAD 460031777603
BAD 460031777609
BAD 460031896789
BAD 460181963257
BAD 460181965729
BAD 460181965741
BAD 460045349047
BAD 460033168103
BAD 460045455983
BAD 460047118991
BAD 460183674233
BAD 460048940257
BAD 460184396117
BAD 460184396123
BAD 460049030603
BAD 460049030621
BAD 460050202343
BAD 460204577323
BAD 460207155439
BAD 460207991071
BAD 460207991213
BAD 460302007171
BAD 460302007351
BAD 460304389973
BAD 460217236151
BAD 460307266631
BAD 460307266633
BAD 460070013589
BAD 460070013593
BAD 460073417003
BAD 460073417017
BAD 460074299651
BAD 460314211081
BAD 460314211087
BAD 460134254917
BAD 460135911043
BAD 460136429341
BAD 460055535229
BAD 460338539911
BAD 460078925879
BAD 460078925881
BAD 460079144933
BAD 460084778467
BAD 460340880793
BAD 460058317637
BAD 460119024527
BAD 460058317639
BAD 460318628537
BAD 460151426743
BAD 460119024529
BAD 460119084641
BAD 460141436903
BAD 460142054447
BAD 460142054483
BAD 460085929733
BAD 460085929739
BAD 460059619973
BAD 460059619997
BAD 460059620077
BAD 460081089019
BAD 460081089023
BAD 460370856511
BAD 460153114549
BAD 460120945423
BAD 460343073013
BAD 460343073041
BAD 460343073167
BAD 460060901933
BAD 460060901941
BAD 460087871401
BAD 460087871407
BAD 460122028673
BAD 460144487573
BAD 460373069399
BAD 460062121993
BAD 460062121997
BAD 460062121999
BAD 460374098809
BAD 460374098819
BAD 460374098839
BAD 460374098843
BAD 460063621189
BAD 460374866257
BAD 460065123901
BAD 460065123907
BAD 460065155411
BAD 460375654903
BAD 460347888499
BAD 460092443221
BAD 460348167941
BAD 460348167943
BAD 460148580127
BAD 460065935257
BAD 460065935269
BAD 460126627453
BAD 460376783081
BAD 460349274467
BAD 460127369843
BAD 460161398903
BAD 460350427309
BAD 460377740947
BAD 460351171121
BAD 460000971257
BAD 460000971259
BAD 460000971263
BAD 460095614443
BAD 460095614449
BAD 460095792943
BAD 460001633983
BAD 460164367163
BAD 460164660049
BAD 460380662393
BAD 460380662411
BAD 460131957913
BAD 460131957917
BAD 460131957919
BAD 460098152981
BAD 460004799907
BAD 460004799937
BAD 460005137863
BAD 460133990413
BAD 460100614879
BAD 460011604763
BAD 460012053703
BAD 460013057797
BAD 460013538269
BAD 460014878513
BAD 460015427197
BAD 460405088911
BAD 460436632057
BAD 460408395043
BAD 460408395047
BAD 460439180119
BAD 460439180129
BAD 460439944927
BAD 460416439543
BAD 460446951499
BAD 460447253443
BAD 460447549787
BAD 460447549789
BAD 460450139521
BAD 460450139531
BAD 460450139533
BAD 460450322323
BAD 460486848961
BAD 460486848979
BAD 460487258093
BAD 460488727891
BAD 460426317359
BAD 460492272103
BAD 460452679009
BAD 460495612411
BAD 460495958227
BAD 460496118743
BAD 460434056377
BAD 460500167027
BAD 460459464511
BAD 460463211343
BAD 460464815563
BAD 460466513033
BAD 460471103867
BAD 460604761741
BAD 460604761753
BAD 460604761769
BAD 460605073249
BAD 460605073261
BAD 460605073267
BAD 460477244419
BAD 460479052567
BAD 460479052573
BAD 460479052577
BAD 460481004721
BAD 460481930023
BAD 460655051183
BAD 460482912751
BAD 460483534013
BAD 460483534039
BAD 460483534057
BAD 460485066733
BAD 460691047711
BAD 460610314343
BAD 460610593543
BAD 460610617673
BAD 460611245693
BAD 460659401803
BAD 460659401809
BAD 460659401821
BAD 460659593137
BAD 460693643719
BAD 460693643723
BAD 460695948901
BAD 460664487013
BAD 460698226013
BAD 460618613341
BAD 460618759759
BAD 460618759763
BAD 460702041013
BAD 460668550253
BAD 460555075573
BAD 460555881529
BAD 460555882613
BAD 460555882637
BAD 460555882639
BAD 460557139621
BAD 460557905921
BAD 460557905923
BAD 460621204177
BAD 460621204181
BAD 460621204189
BAD 460621204193
BAD 460562204191
BAD 460562204197
BAD 460624994701
BAD 460624994723
BAD 460626463249
BAD 460739657701
BAD 460740927043
BAD 460741247677
BAD 460590767641
BAD 460520478263
BAD 460520504471
BAD 460520504473
BAD 460628542483
BAD 460743180883
BAD 460567425793
BAD 460593792433
BAD 460594108027
BAD 460744248761
BAD 460744248763
BAD 460744494773
BAD 460569091711
BAD 460569340291
BAD 460527109397
BAD 460527109403
BAD 460746203609
BAD 460746203611
BAD 460746203623
BAD 460746203647
BAD 460527633919
BAD 460746962393
BAD 460596857041
BAD 460596857183
BAD 460598094353
BAD 460748532799
BAD 460748963261
BAD 460599660233
BAD 460599660253
BAD 460599864581
BAD 460532374699
BAD 460533998413
BAD 460602450043
BAD 460602450053
BAD 460602531889
BAD 460753539229
BAD 460536253381
BAD 460536288503
BAD 460754974051
BAD 460603976143
BAD 460537443823
BAD 460505952061
BAD 460538110393
BAD 460755720193
BAD 460756043723
BAD 460756259129
BAD 460509101693
BAD 460540081387
BAD 460757226563
BAD 460757278537
BAD 460757729801
BAD 460758110191
BAD 460758110201
BAD 460758110203
BAD 460758362269
BAD 460758436553
BAD 460758436559
BAD 460758436561
BAD 460759249733
BAD 460545252241
BAD 460547448301
BAD 460765963481
BAD 460769455151
BAD 460672099117
BAD 460672160843
BAD 460672160849
BAD 460710216521
BAD 460710762373
BAD 460710762461
BAD 460711339973
BAD 460711339981
BAD 460674187231
BAD 460714919131
BAD 460714919191
BAD 460679411207
BAD 460679411209
BAD 460681255471
BAD 460682259251
BAD 460682259277
BAD 460682259283
BAD 460683908929
BAD 460572001139
BAD 460790193547
BAD 460790413099
BAD 460790413103
BAD 460574882483
BAD 460687220251
BAD 460793417989
BAD 460793418023
BAD 460771932043
BAD 460772034979
BAD 460794194317
BAD 460794194327
BAD 460794789047
BAD 460794789253
BAD 460638457427
BAD 460638457429
BAD 460773949231
BAD 460796150641
BAD 460721565859
BAD 460721757403
BAD 460640493953
BAD 460640493967
BAD 460640493977
BAD 460640493979
BAD 460776288293
BAD 460776288319
BAD 460580174689
BAD 460580174693
BAD 460580174707
BAD 460580977889
BAD 460580977891
BAD 460580977897
BAD 460580977903
BAD 460641902299
BAD 460642161061
BAD 460799769083
BAD 460799769091
BAD 460779299999
BAD 460779300001
BAD 460779300013
BAD 460802219347
BAD 460802219357
BAD 460802219359
BAD 460644867209
BAD 460644887123
BAD 460644887293
BAD 460584139013
BAD 460645174547
BAD 460645174553
BAD 460780855879
BAD 460728539431
BAD 460782448039
BAD 460782448043
BAD 460782448051
BAD 460647862747
BAD 460648062913
BAD 460787706839
BAD 460735770689
BAD 460805737537
BAD 460805737589
BAD 460805737591
BAD 460805737597
BAD 460806375349
BAD 460806375353
BAD 460806599387
BAD 460806907471
BAD 460811913691
BAD 460811943593
BAD 460813762559
BAD 460813762561
BAD 460814342011
BAD 460814988181
BAD 460814988191
BAD 460861425181
BAD 460819713379
BAD 460839708089
BAD 460843408591
BAD 460871165119
BAD 460871165123
BAD 460872398561
BAD 460872398563
BAD 460852065691
BAD 460852217911
BAD 460852217923
BAD 460853911187
BAD 460832736893
BAD 460832736907
BAD 460832736911
BAD 460832736913
BAD 460873141777
BAD 460873874333
BAD 460874938829
BAD 460874938831
BAD 460836045899
BAD 460837253333
BAD 460880629423
BAD 460881208531
BAD 460881622879
BAD 460882652207
BAD 460884194233
BAD 460884893243
BAD 460887902963
BAD 460923947063
BAD 460924518169
BAD 460930080659
BAD 460930080661
BAD 460930237301
BAD 460930237303
BAD 460944798877
BAD 460944798883
BAD 460932806861
BAD 460932806863
BAD 460932858383
BAD 460946973677
BAD 460946973679
BAD 460949298769
BAD 460952639353
BAD 460953208799
BAD 460908388489
BAD 460908388547
BAD 460914101821
BAD 460914101827
BAD 460914101831
BAD 460920475943
BAD 460921716139
BAD 460921716161
BAD 461126836441
BAD 460962855653
BAD 461129035501
BAD 460964108333
BAD 461129413373
BAD 461129413379
BAD 461129997763
BAD 460974340157
BAD 460974340159
BAD 460974497129
BAD 460974497131
BAD 460966696943
BAD 460975600879
BAD 460975731263
BAD 460990183337
BAD 460990183361
BAD 460990183363
BAD 460990183399
BAD 460990183403
BAD 460990183553
BAD 460990183559
BAD 460977053723
BAD 460969330463
BAD 460969479343
BAD 460969502569
BAD 460991182321
BAD 460991182381
BAD 460992675151
BAD 460992675181
BAD 461137035323
BAD 460971970013
BAD 461137161523
BAD 461137161547
BAD 460992926959
BAD 460992926963
BAD 460992926969
BAD 460992926971
BAD 460992927079
BAD 460979253353
BAD 460979253409
BAD 460998788359
BAD 460999898413
BAD 461000235727
BAD 460980566803
BAD 461001792851
BAD 461037489973
BAD 461037793609
BAD 461037793613
BAD 460983152911
BAD 461002989619
BAD 461075729713
BAD 460985453641
BAD 461039302853
BAD 461039302859
BAD 461039302861
BAD 461039302883
BAD 460986212293
BAD 461078932291
BAD 460988692369
BAD 461005937111
BAD 461005937113
BAD 461079846391
BAD 461085464179
BAD 461087598919
BAD 461060907589
BAD 461061748297
BAD 460890250829
BAD 460890250831
BAD 461062317581
BAD 460891323181
BAD 460891323187
BAD 461009980919
BAD 461063295893
BAD 461063295923
BAD 460893003859
BAD 460893003863
BAD 460893003869
BAD 460893003871
BAD 460893003877
BAD 461064729991
BAD 461064730013
BAD 461012294033
BAD 461040545881
BAD 460894565191
BAD 460894565203
BAD 461012759131
BAD 460895465839
BAD 461041801513
BAD 460896145823
BAD 461014186951
BAD 461042150693
BAD 460896637219
BAD 461092909111
BAD 461014644323
BAD 460897011671
BAD 460897309819
BAD 461015772871
BAD 461067962543
BAD 461067999673
BAD 461044232377
BAD 461067999677
BAD 460900957903
BAD 461044232381
BAD 461019366001
BAD 461094502859
BAD 460901378191
BAD 461094958403
BAD 461044588117
BAD 461044588133
BAD 461019955937
BAD 461095118467
BAD 461095187009
BAD 460902023213
BAD 460902771353
BAD 460903576501
BAD 460904163961
BAD 460904164001
BAD 461100621287
BAD 461049548023
BAD 461102901031
BAD 461054327663
BAD 461158223993
BAD 461158531727
BAD 461158531733
BAD 461158531741
BAD 461158531763
BAD 461195629579
BAD 461195836961
BAD 461196462163
BAD 461107425617
BAD 461107425619
BAD 461108401687
BAD 461198048851
BAD 461174456363
BAD 461175045983
BAD 461111084519
BAD 461200291999
BAD 461200429043
BAD 461167090141
BAD 461141240783
BAD 461141240789
BAD 461169109381
BAD 461170517911
BAD 461205579979
BAD 461205792989
BAD 461205792991
BAD 461172416773
BAD 461172416777
BAD 461172416779
BAD 461146835813
BAD 461173464053
BAD 461183138873
BAD 461148070267
BAD 461148070319
BAD 461148070321
BAD 461148831139
BAD 461149823119
BAD 461120181323
BAD 461120181341
BAD 461153398603
BAD 461120944267
BAD 461242480957
BAD 461242653211
BAD 461275932779
BAD 461275932781
BAD 461275991387
BAD 461275991389
BAD 461257527439
BAD 461257527443
BAD 461257527463
BAD 461280788653
BAD 461280883003
BAD 461213762209
BAD 461213762213
BAD 461215175279
BAD 461285461333
BAD 461285461337
BAD 461233993279
BAD 461216705869
BAD 461216705879
BAD 461218006013
BAD 461218006027
BAD 461237852513
BAD 461291071847
BAD 461291071849
BAD 461221828087
BAD 461239853101
BAD 461240400077
BAD 461240844721
BAD 461241119039
BAD 461260775453
BAD 461260865383
BAD 461261909029
BAD 461262526441
BAD 461262526499
BAD 461262945967
BAD 461262946013
BAD 461265585931
BAD 461271894199
BAD 461271894203
BAD 461273072803
BAD 461274211513
BAD 461293027021
BAD 461298273743
BAD 461298273749
BAD 461298737959
BAD 461298946429
BAD 461300001871
BAD 461300001887
BAD 461300001889
BAD 461305058117
BAD 461305058119
BAD 461305058129
BAD 461305058131
BAD 461308924507
BAD 461309303053
BAD 461310449123
BAD 461312618317
BAD 461312618321
BAD 461312618323
BAD 461361813641
BAD 461361813643
BAD 461363070143
BAD 461317251851
BAD 461317251853
BAD 461317268689
BAD 461318192479
BAD 461318192483
BAD 461369267477
BAD 461369267501
BAD 461369880967
BAD 461370086393
BAD 461370086423
BAD 461321541623
BAD 461321541631
BAD 461322544807
BAD 461322872237
BAD 461322872239
BAD 461322872281
BAD 461323274227
BAD 461325096719
BAD 461546216407
BAD 461546915833
BAD 461549555573
BAD 461485259591
BAD 461485259593
BAD 461485259603
BAD 461485259623
BAD 461485259629
BAD 461485259633
BAD 461485393573
BAD 461485393583
BAD 461485393609
BAD 461556903827
BAD 461558534483
BAD 461558534491
BAD 461559498377
BAD 461559498383
BAD 461490147011
BAD 461490905389
BAD 461376522931
BAD 461380978381
BAD 461381750447
BAD 461381750449
BAD 461382250421
BAD 461382858863
BAD 461383779169
BAD 461384181481
BAD 461384881823
BAD 461386010791
BAD 461386010801
BAD 461386010803
BAD 461426339321
BAD 461426339323
BAD 461426339327
BAD 461426339329
BAD 461390445511
BAD 461494825969
BAD 461391548353
BAD 461391548363
BAD 461411720183
BAD 461429985589
BAD 461391548383
BAD 461496725407
BAD 461496750511
BAD 461430333193
BAD 461413322483
BAD 461413353263
BAD 461431790233
BAD 461413954501
BAD 461393784793
BAD 461414690641
BAD 461415584107
BAD 461510014969
BAD 461510014981
BAD 461346793783
BAD 461510408761
BAD 461434230479
BAD 461416746691
BAD 461416746697
BAD 461416746757
BAD 461434851491
BAD 461511747187
BAD 461511747199
BAD 461435294629
BAD 461435294633
BAD 461347590811
BAD 461347590817
BAD 461435575721
BAD 461435575723
BAD 461512323673
BAD 461512699939
BAD 461500837129
BAD 461436678583
BAD 461436678587
BAD 461514737633
BAD 461349677279
BAD 461349677281
BAD 461349677303
BAD 461438735143
BAD 461398622141
BAD 461439016153
BAD 461439016169
BAD 461439181603
BAD 461400351319
BAD 461422685209
BAD 461517709021
BAD 461517783743
BAD 461441176787
BAD 461424180991
BAD 461519599913
BAD 461401872961
BAD 461560361477
BAD 461425467563
BAD 461508204239
BAD 461560747657
BAD 461560747663
BAD 461560747667
BAD 461560747673
BAD 461596311289
BAD 461596311299
BAD 461509449967
BAD 461561283067
BAD 461509888159
BAD 461509888163
BAD 461522901199
BAD 461522901251
BAD 461522901253
BAD 461354733319
BAD 461598207349
BAD 461598207353
BAD 461405863847
BAD 461523664837
BAD 461523664843
BAD 461355054443
BAD 461563619863
BAD 461599681771
BAD 461563960943
BAD 461563960951
BAD 461563960973
BAD 461407918163
BAD 461407918171
BAD 461564660551
BAD 461356416827
BAD 461356416841
BAD 461356416847
BAD 461408492317
BAD 461601085951
BAD 461601085963
BAD 461408977879
BAD 461408977889
BAD 461408977891
BAD 461409204541
BAD 461409204547
BAD 461357752679
BAD 461566892069
BAD 461566892071
BAD 461603864101
BAD 461358495109
BAD 461568962383
BAD 461568962389
BAD 461568962399
BAD 461568962401
BAD 461607378797
BAD 461571187639
BAD 461528553433
BAD 461530465169
BAD 461530783871
BAD 461530783873
BAD 461530783913
BAD 461531439841
BAD 461575269121
BAD 461575389113
BAD 461328968281
BAD 461329275053
BAD 461329275067
BAD 461329821263
BAD 461533754329
BAD 461533754347
BAD 461533754359
BAD 461533883407
BAD 461333793863
BAD 461577236657
BAD 461577236719
BAD 461577236723
BAD 461537373071
BAD 461578271029
BAD 461539685491
BAD 461541188461
BAD 461541188467
BAD 461541766897
BAD 461541766901
BAD 461582393791
BAD 461582393803
BAD 461588158729
BAD 461473787303
BAD 461451646367
BAD 461453790859
BAD 461627467729
BAD 461629101029
BAD 461629564117
BAD 461632064953
BAD 461632531813
BAD 461633566489
BAD 461634039641
BAD 461679848029
BAD 461679848051
BAD 461679848053
BAD 461638255973
BAD 461638255999
BAD 461638256003
BAD 461680275229
BAD 461639380843
BAD 461639380949
BAD 461639885363
BAD 461681613163
BAD 461681613203
BAD 461640094739
BAD 461640302843
BAD 461684077727
BAD 461684741183
BAD 461684741197
BAD 461685554543
BAD 461685851623
BAD 461687023673
BAD 461687224199
BAD 461687224223
BAD 461689374851
BAD 461692518743
BAD 461665611233
BAD 461666172367
BAD 461668709969
BAD 461670739363
BAD 461671493333
BAD 461672614973
BAD 461673858739
BAD 461614043543
BAD 461614043651
BAD 461614043663
BAD 461655553109
BAD 461618374033
BAD 461618374037
BAD 461618374039
BAD 461622917347
BAD 461658936191
BAD 461659471829
BAD 461659471831
BAD 461660168303
BAD 461660168309
BAD 461660168311
BAD 461660401471
BAD 461626776119
BAD 461695846081
BAD 461695846099
BAD 461695846103
BAD 461695846133
BAD 461695846141
BAD 461695917971
BAD 461695917973
BAD 461698126651
BAD 461699070667
BAD 461699070673
BAD 461699070683
BAD 461700090589
BAD 461700482449
BAD 461700586709
BAD 461700586717
BAD 461701013887
BAD 461701536001
BAD 461701536029
BAD 461701536031
BAD 461730512293
BAD 461730735253
BAD 461734808537
BAD 461734808539
BAD 461734808543
BAD 461735626243
BAD 461735626249
BAD 461739586433
BAD 461720693879
BAD 461726537249
BAD 461762837873
BAD 461764419107
BAD 461765577509
BAD 461766807833
BAD 461767879253
BAD 461769002491
BAD 461777267227
BAD 461746098973
BAD 461746626673
BAD 461746626689
BAD 461748879679
BAD 461753125531
BAD 461753125549
BAD 461753125553
BAD 461754942479
BAD 461756075953
BAD 461759523193
BAD 461920339297
BAD 461920339301
BAD 461760233719
BAD 461760233731
BAD 461923819727
BAD 461923819739
BAD 461923819741
BAD 461926401529
BAD 461926401533
BAD 461863585499
BAD 461863585501
BAD 461863585507
BAD 461927720651
BAD 461867303851
BAD 461870697803
BAD 461871768143
BAD 461871791299
BAD 461872504259
BAD 461872504279
BAD 461872504283
BAD 461812466839
BAD 461813292713
BAD 461876462867
BAD 461979780413
BAD 461979780419
BAD 461979780421
BAD 461829098699
BAD 461829098701
BAD 461829098723
BAD 461829098729
BAD 461829535669
BAD 461830473473
BAD 461830473487
BAD 461981671087
BAD 461821040273
BAD 461981671091
BAD 461831041621
BAD 461983303351
BAD 461823530149
BAD 461823530159
BAD 461824266019
BAD 461824266053
BAD 461795485121
BAD 461798459959
BAD 461848722661
BAD 461848969091
BAD 461848969093
BAD 461800277909
BAD 461991506287
BAD 461991506293
BAD 461800466599
BAD 461850544219
BAD 461992355701
BAD 461852237179
BAD 461852237183
BAD 461802694823
BAD 461843042389
BAD 461806263511
BAD 461806385333
BAD 461806385353
BAD 461808006091
BAD 461808006097
BAD 461898641233
BAD 461899396627
BAD 461899396633
BAD 461899396643
BAD 461946350881
BAD 461901480419
BAD 461997523133
BAD 461997698863
BAD 461902512143
BAD 462034532161
BAD 462001637641
BAD 462001637659
BAD 462001637663
BAD 461930995577
BAD 461930995579
BAD 461930995583
BAD 462038574421
BAD 462003420269
BAD 462003553579
BAD 461953917353
BAD 462004252819
BAD 462004252861
BAD 461932039999
BAD 462039511487
BAD 462039511489
BAD 462005426579
BAD 462005426581
BAD 461957162377
BAD 462041245231
BAD 461957388829
BAD 461957388847
BAD 462043637921
BAD 461934483013
BAD 462009653059
BAD 461934483019
BAD 461934483029
BAD 462043752461
BAD 462043752463
BAD 462043752473
BAD 461779861429
BAD 461935414663
BAD 462044752789
BAD 461781289339
BAD 462019812979
BAD 462019812983
BAD 462045219973
BAD 461782042081
BAD 461959664753
BAD 462011911043
BAD 461905126619
BAD 461905682989
BAD 461783611321
BAD 461783611327
BAD 461783634821
BAD 461938416949
BAD 461784224809
BAD 461784224813
BAD 461962656773
BAD 461962656781
BAD 461784530873
BAD 461908994513
BAD 462024003677
BAD 461940476329
BAD 461942108239
BAD 461787033187
BAD 461942521723
BAD 461943377723
BAD 461943787093
BAD 462028854871
BAD 461945514031
BAD 461966153993
BAD 461966154007
BAD 461966154019
BAD 461967838523
BAD 461967838547
BAD 461794954681
BAD 461794954703
BAD 461795081359
BAD 461971157191
BAD 461971969777
BAD 461972668589
BAD 461879538247
BAD 461973102049
BAD 461973102053
BAD 461974377383
BAD 461974377427
BAD 461880942253
BAD 461881742303
BAD 461881742339
BAD 461885239819
BAD 461979401843
BAD 461893675891
BAD 461893675897
BAD 461893675921
BAD 462047061913
BAD 462047061919
BAD 462047061941
BAD 462049753111
BAD 462056132623
BAD 462056132627
BAD 462056132641
BAD 462060365681
BAD 462062840543
BAD 462064511123
BAD 462068582639
BAD 462068582641
BAD 462069261197
BAD 462070396187
BAD 462071610001
BAD 462072676673
BAD 462072676711
BAD 462075800239
BAD 462075928823
BAD 462075928843
BAD 462075928943
BAD 462077881219
BAD 462077881231
BAD 462082841377
BAD 462085949399
BAD 462088960297
BAD 462091144681
BAD 462091144693
BAD 462138761011
BAD 462138761087
BAD 462139405003
BAD 462141175351
BAD 462141486979
BAD 462143927831
BAD 462143927851
BAD 462143927857
BAD 462147049829
BAD 462147049831
BAD 462147049853
BAD 462147049883
BAD 462100526813
BAD 462101624167
BAD 462103920631
BAD 462104985571
BAD 462105587101
BAD 462105587107
BAD 462105587113
BAD 462105587137
BAD 462105587191
BAD 462117359401
BAD 462106226227
BAD 462106226233
BAD 462106226237
BAD 462106226243
BAD 462106226269
BAD 462106226273
BAD 462119146763
BAD 462119189593
BAD 462119189603
BAD 462119189611
BAD 462119189641
BAD 462120429923
BAD 462181695461
BAD 462181695463
BAD 462183770207
BAD 462166339651
BAD 462166985941
BAD 462166985953
BAD 462166985957
BAD 462168261901
BAD 462170811983
BAD 462148119271
BAD 462192569149
BAD 462149920753
BAD 462150095233
BAD 462150095243
BAD 462151028089
BAD 462151028093
BAD 462151106471
BAD 462194539403
BAD 462195629227
BAD 462196631599
BAD 462153396647
BAD 462197135377
BAD 462176625419
BAD 462154521739
BAD 462179878681
BAD 462181037587
BAD 462158581337
BAD 462158581343
BAD 462202601227
BAD 462204229273
BAD 462204500861
BAD 462163412671
BAD 462163599361
BAD 462208036579
BAD 462208036583
BAD 462209415383
BAD 462210330839
BAD 462210330851
BAD 462210330853
BAD 462210330893
BAD 462212793709
BAD 462300242731
BAD 462300385441
BAD 462300385453
BAD 462301520851
BAD 462304554703
BAD 462304554709
BAD 462307643461
BAD 462217725559
BAD 462217725589
BAD 462313395811
BAD 462264956903
BAD 462225001159
BAD 462269454407
BAD 462366873929
BAD 462366873931
BAD 462272443063
BAD 462231000221
BAD 462366873937
BAD 462272443069
BAD 462231000223
BAD 462273381613
BAD 462273381631
BAD 462274073071
BAD 462274756429
BAD 462370806211
BAD 462249270359
BAD 462249270361
BAD 462251090671
BAD 462253025981
BAD 462253306703
BAD 462253306709
BAD 462278850661
BAD 462254585593
BAD 462279928333
BAD 462281131913
BAD 462256250263
BAD 462256250293
BAD 462256250299
BAD 462256250303
BAD 462405854639
BAD 462405854641
BAD 462352479973
BAD 462256725743
BAD 462375511219
BAD 462375511223
BAD 462258735209
BAD 462376765603
BAD 462408902213
BAD 462260875441
BAD 462355533121
BAD 462356058503
BAD 462356810173
BAD 462357187199
BAD 462358023949
BAD 462264029599
BAD 462264029603
BAD 462360549127
BAD 462360646543
BAD 462365222219
BAD 462384638561
BAD 462384638587
BAD 462385653659
BAD 462385653661
BAD 462232426199
BAD 462232426259
BAD 462232426261
BAD 462232426283
BAD 462232884331
BAD 462321457201
BAD 462235715899
BAD 462235940363
BAD 462235940371
BAD 462417137423
BAD 462417137437
BAD 462417215737
BAD 462391481549
BAD 462238267553
BAD 462391481551
BAD 462238267571
BAD 462238267573
BAD 462238334359
BAD 462417540929
BAD 462417540931
BAD 462392102173
BAD 462392102177
BAD 462392246243
BAD 462392246257
BAD 462392876641
BAD 462240612391
BAD 462240612397
BAD 462240612419
BAD 462395047589
BAD 462395047591
BAD 462395047603
BAD 462420641581
BAD 462420653923
BAD 462420978599
BAD 462420978601
BAD 462395635649
BAD 462395635651
BAD 462432722761
BAD 462243124949
BAD 462243124951
BAD 462434360911
BAD 462244299173
BAD 462435035269
BAD 462435055837
BAD 462435055843
BAD 462244646527
BAD 462435255067
BAD 462436028581
BAD 462245639029
BAD 462437319367
BAD 462247731167
BAD 462426016553
BAD 462426407189
BAD 462439971571
BAD 462282965299
BAD 462443050493
BAD 462285105151
BAD 462467763643
BAD 462429558859
BAD 462429558863
BAD 462444728701
BAD 462444882391
BAD 462286757743
BAD 462470719069
BAD 462470719093
BAD 462446545307
BAD 462472064869
BAD 462472226987
BAD 462472226989
BAD 462473733817
BAD 462474646087
BAD 462474646103
BAD 462294217753
BAD 462474646111
BAD 462294217769
BAD 462294217771
BAD 462475162679
BAD 462296703469
BAD 462297842339
BAD 462478984351
BAD 462482354041
BAD 462334823303
BAD 462336272707
BAD 462339220649
BAD 462339220687
BAD 462339220691
BAD 462339220703
BAD 462452493883
BAD 462452493889
BAD 462453704269
BAD 462343657513
BAD 462457991311
BAD 462458127049
BAD 462347356013
BAD 462459049973
BAD 462348102127
BAD 462464126207
BAD 462464126209
BAD 462503661953
BAD 462509243579
BAD 462510163151
BAD 462510951893
BAD 462512159971
BAD 462512316953
BAD 462512316961
BAD 462512412169
BAD 462515957447
BAD 462486011677
BAD 462486011681
BAD 462552144293
BAD 462552144311
BAD 462552144323
BAD 462552483247
BAD 462495443821
BAD 462495443827
BAD 462555117053
BAD 462496193759
BAD 462556722937
BAD 462556867103
BAD 462557227043
BAD 462557227051
BAD 462498109357
BAD 462498109369
BAD 462559347127
BAD 462563638403
BAD 462569517497
BAD 462571479701
BAD 462571479703
BAD 462571479709
BAD 462574414639
BAD 462574480057
BAD 462574480063
BAD 462574745849
BAD 462535908949
BAD 462574745851
BAD 462520358479
BAD 462520358483
BAD 462574851377
BAD 462574851379
BAD 462520720331
BAD 462521006317
BAD 462521006327
BAD 462521006329
BAD 462521034113
BAD 462577306363
BAD 462584225029
BAD 462585486313
BAD 462579107413
BAD 462539778053
BAD 462539919623
BAD 462586108729
BAD 462524934847
BAD 462541706843
BAD 462541706857
BAD 462589544233
BAD 462589544239
BAD 462590130757
BAD 462590581681
BAD 462546428221
BAD 462546615389
BAD 462546615397
BAD 462581520847
BAD 462581967103
BAD 462596854277
BAD 462548557979
BAD 462548557981
BAD 462529848779
BAD 462583641673
BAD 462583641677
BAD 462583641679
BAD 462583641691
BAD 462599215087
BAD 462531950149
BAD 462620094983
BAD 462620348821
BAD 462620348833
BAD 462621256913
BAD 462621506089
BAD 462621506093
BAD 462623410057
BAD 462626344223
BAD 462627137857
BAD 462630438937
BAD 462630438943
BAD 462632600839
BAD 462632741827
BAD 462632741833
BAD 462684587077
BAD 462684587081
BAD 462684587083
BAD 462684587093
BAD 462634311913
BAD 462687452453
BAD 462634654453
BAD 462634654457
BAD 462634654459
BAD 462634654463
BAD 462701484109
BAD 462702506179
BAD 462702506183
BAD 462688882763
BAD 462636540083
BAD 462689201941
BAD 462689574601
BAD 462638425631
BAD 462638425633
BAD 462638425649
BAD 462638425651
BAD 462704845093
BAD 462638801497
BAD 462638801501
BAD 462638801503
BAD 462692973793
BAD 462692973797
BAD 462692973811
BAD 462692973817
BAD 462692973823
BAD 462693462631
BAD 462754291231
BAD 462755961469
BAD 462644020283
BAD 462756625577
BAD 462709508453
BAD 462758182373
BAD 462709508461
BAD 462695107543
BAD 462652037929
BAD 462652037933
BAD 462696488731
BAD 462714036013
BAD 462654883087
BAD 462715041353
BAD 462715238423
BAD 462700503157
BAD 462763975879
BAD 462716500517
BAD 462656863639
BAD 462656863649
BAD 462656863651
BAD 462764882389
BAD 462765658637
BAD 462765658639
BAD 462765669161
BAD 462766473427
BAD 462766553573
BAD 462767754949
BAD 462767754961
BAD 462659497991
BAD 462662930473
BAD 462663520933
BAD 462663520937
BAD 462663873601
BAD 462664689859
BAD 462600822491
BAD 462872484161
BAD 462600822493
BAD 462600822499
BAD 462872484163
BAD 462665375387
BAD 462665950199
BAD 462874987403
BAD 462667174661
BAD 462667174663
BAD 462601825663
BAD 462601825667
BAD 462601825669
BAD 462601825691
BAD 462875693603
BAD 462667458871
BAD 462876968947
BAD 462876968951
BAD 462877380743
BAD 462878433403
BAD 462878433421
BAD 462878433427
BAD 462604783609
BAD 462604783621
BAD 462878991661
BAD 462727079197
BAD 462728076649
BAD 462728076653
BAD 462728076661
BAD 462729374857
BAD 462882249803
BAD 462836299043
BAD 462607715701
BAD 462836616679
BAD 462731987363
BAD 462733004633
BAD 462733004639
BAD 462733004641
BAD 462885463771
BAD 462840545731
BAD 462840875537
BAD 462840875579
BAD 462860006827
BAD 462612258967
BAD 462612258973
BAD 462860384023
BAD 462844641629
BAD 462844641631
BAD 462615709147
BAD 462864729751
BAD 462849881579
BAD 462849881581
BAD 462850828417
BAD 462850828441
BAD 462668214587
BAD 462670726669
BAD 462772353577
BAD 462772679881
BAD 462774435169
BAD 462674310727
BAD 462777251023
BAD 462778859759
BAD 462780250627
BAD 462787229977
BAD 462788262427
BAD 462788405903
BAD 462792227881
BAD 462792725783
BAD 462792725821
BAD 462683092877
BAD 462794672941
BAD 462737686319
BAD 462737866973
BAD 462739823269
BAD 462740242253
BAD 462799660423
BAD 462740861257
BAD 462801491599
BAD 462748805413
BAD 462748805419
BAD 462817876403
BAD 462817876421
BAD 462817876429
BAD 462750279083
BAD 462750290963
BAD 462818131757
BAD 462818131759
BAD 462821141599
BAD 462821141603
BAD 462821794507
BAD 462822297319
BAD 462823617097
BAD 462827538421
BAD 462827603723
BAD 462828224701
BAD 462828915553
BAD 462833224229
BAD 462833224267
BAD 462834625193
BAD 462887328833
BAD 462887328907
BAD 462890941217
BAD 462895219627
BAD 462902269079
BAD 462919585111
BAD 462926094901
BAD 462928067713
BAD 462929285603
BAD 462932606113
BAD 462932606117
BAD 462932606119
BAD 462933276203
BAD 462973074679
BAD 462974926021
BAD 462975267241
BAD 462977955631
BAD 462980998331
BAD 462981317509
BAD 463003824253
BAD 463005336767
BAD 463005336769
BAD 463005417571
BAD 463006306253
BAD 463012080961
BAD 462953544091
BAD 462953544107
BAD 463016903543
BAD 462955732741
BAD 462906277039
BAD 462906367507
BAD 462906367613
BAD 462906454763
BAD 462906454771
BAD 462906454819
BAD 462906454831
BAD 463018422289
BAD 462956226853
BAD 462957246019
BAD 462957246023
BAD 462958308523
BAD 462959403563
BAD 462959596501
BAD 462959724319
BAD 462959724323
BAD 462959724349
BAD 462909504401
BAD 462909504403
BAD 462909504469
BAD 463018645729
BAD 462912063847
BAD 463018948663
BAD 462912405191
BAD 463018948673
BAD 462962590991
BAD 462962991691
BAD 462963723037
BAD 463019824193
BAD 462916064509
BAD 462966617629
BAD 462966982259
BAD 462966982277
BAD 462968002279
BAD 462918881857
BAD 462969348299
BAD 462969348301
BAD 462969445369
BAD 462969445373
BAD 462937554083
BAD 462937995983
BAD 462938290013
BAD 462938858383
BAD 463070894453
BAD 462945155639
BAD 462945155641
BAD 462946605917
BAD 462946605929
BAD 463055007763
BAD 463075459601
BAD 463077145483
BAD 463079877151
BAD 462950951587
BAD 462989721811
BAD 463062316109
BAD 463062316111
BAD 463080815867
BAD 463066146271
BAD 463084890559
BAD 463066802357
BAD 462995707441
BAD 463069230563
BAD 463002217729
BAD 463176915613
BAD 463178677547
BAD 463183135223
BAD 463238615683
BAD 463238615689
BAD 463240492727
BAD 463243524461
BAD 463243524463
BAD 463243584653
BAD 463250223983
BAD 463250385709
BAD 463254214223
BAD 463042693973
BAD 463042693979
BAD 463042694003
BAD 463043250521
BAD 463043809493
BAD 463155641783
BAD 463048825801
BAD 463092743473
BAD 463050450979
BAD 463158493729
BAD 463020991067
BAD 463108675451
BAD 463108675453
BAD 463108675483
BAD 463108675487
BAD 463110427007
BAD 463110427009
BAD 463110541823
BAD 463111116179
BAD 463162400749
BAD 463112241773
BAD 463163285423
BAD 463024727797
BAD 463163710231
BAD 463024975271
BAD 463113943241
BAD 463113943247
BAD 463113943249
BAD 463114570447
BAD 463165508903
BAD 463165632593
BAD 463099189837
BAD 463099548209
BAD 463099548211
BAD 463117265671
BAD 463029195011
BAD 463029195091
BAD 463029195113
BAD 463029195121
BAD 463030521917
BAD 463032292343
BAD 463035533599
BAD 463035533603
BAD 463035809569
BAD 463036418431
BAD 463188139241
BAD 463188139243
BAD 463189016749
BAD 463189251319
BAD 463122146741
BAD 463122146743
BAD 463122146761
BAD 463194744547
BAD 463123108183
BAD 463195038739
BAD 463195758947
BAD 463124681917
BAD 463124681923
BAD 463124681927
BAD 463198067753
BAD 463198918447
BAD 463199131543
BAD 463200139379
BAD 463132095799
BAD 463132095809
BAD 463132095821
BAD 463132968517
BAD 463132968521
BAD 463221690241
BAD 463255681321
BAD 463223728091
BAD 463224648617
BAD 463258656361
BAD 463226755021
BAD 463228746587
BAD 463137365791
BAD 463229617861
BAD 463261923863
BAD 463261923877
BAD 463231282477
BAD 463232995553
BAD 463232995573
BAD 463232995579
BAD 463264785289
BAD 463264785293
BAD 463265310533
BAD 463266394571
BAD 463266394573
BAD 463266394631
BAD 463266667909
BAD 463268144741
BAD 463237639357
BAD 463268357407
BAD 463144316651
BAD 463270768049
BAD 463270768063
BAD 463270768921
BAD 463145402149
BAD 463151938061
BAD 463151938063
BAD 463290276773
BAD 463290730523
BAD 463293340651
BAD 463294436939
BAD 463295847173
BAD 463299567719
BAD 463299567721
BAD 463299798139
BAD 463300779793
BAD 463208263087
BAD 463301786617
BAD 463210040023
BAD 463210154657
BAD 463210154663
BAD 463210724597
BAD 463303474729
BAD 463303474747
BAD 463211595953
BAD 463212692903
BAD 463272236369
BAD 463275864991
BAD 463276906333
BAD 463276906403
BAD 463276906451
BAD 463276906453
BAD 463276906457
BAD 463277341133
BAD 463280864621
BAD 463280864623
BAD 463280864633
BAD 463311261293
BAD 463316261797
BAD 463317272581
BAD 463318322591
BAD 463320169297
BAD 463321398767
BAD 463324484747
BAD 463324761001
BAD 463339661051
BAD 463339661053
BAD 463334997091
BAD 463336146187
BAD 463344584621
BAD 463344584623
BAD 463431668083
BAD 463346789497
BAD 463434730973
BAD 463435612231
BAD 463348832497
BAD 463349093903
BAD 463351406689
BAD 463356775649
BAD 463354423561
BAD 463359144761
BAD 463359344099
BAD 463359344101
BAD 463359706441
BAD 463377550789
BAD 463363798927
BAD 463380745403
BAD 463476125159
BAD 463477263323
BAD 463369210489
BAD 463477820549
BAD 463383002063
BAD 463385783989
BAD 463385798543
BAD 463387545611
BAD 463387545613
BAD 463387583117
BAD 463387583119
BAD 463387583123
BAD 463387583137
BAD 463485929677
BAD 463487758523
BAD 463389026281
BAD 463394946739
BAD 463402469473
BAD 463442658443
BAD 463444224259
BAD 463444224289
BAD 463444224293
BAD 463444294193
BAD 463445260939
BAD 463445757127
BAD 463446447361
BAD 463446684199
BAD 463447334123
BAD 463450353001
BAD 463452260333
BAD 463453332583
BAD 463453353367
BAD 463453353373
BAD 463453353379
BAD 463406714291
BAD 463492027763
BAD 463492508749
BAD 463492508753
BAD 463408695437
BAD 463409986883
BAD 463411604753
BAD 463411604767
BAD 463412460971
BAD 463501285801
BAD 463503713903
BAD 463503737551
BAD 463530409141
BAD 463530695869
BAD 463540397563
BAD 463540397569
BAD 463531207003
BAD 463531316267
BAD 463557464471
BAD 463541505929
BAD 463419700129
BAD 463543246711
BAD 463543246717
BAD 463422228323
BAD 463544954863
BAD 463544954911
BAD 463544954963
BAD 463538295169
BAD 463538295173
BAD 463564223677
BAD 463547713529
BAD 463565894719
BAD 463567895543
BAD 463552986349
BAD 463554584677
BAD 463573453999
BAD 463555256363
BAD 463555256371
BAD 463457322509
BAD 463457322511
BAD 463658545747
BAD 463660489849
BAD 463660489861
BAD 463464714619
BAD 463662765131
BAD 463466408479
BAD 463573881037
BAD 463573881157
BAD 463466655271
BAD 463466726561
BAD 463466726563
BAD 463642610633
BAD 463469201003
BAD 463469201011
BAD 463470053021
BAD 463580687341
BAD 463470053023
BAD 463470053027
BAD 463470053029
BAD 463668557819
BAD 463668566443
BAD 463646608361
BAD 463646608363
BAD 463646608367
BAD 463669739021
BAD 463669739023
BAD 463648095017
BAD 463670828311
BAD 463670828321
BAD 463670828323
BAD 463670828329
BAD 463608011627
BAD 463672815187
BAD 463584972563
BAD 463585189351
BAD 463610606003
BAD 463611033023
BAD 463673409491
BAD 463673409499
BAD 463651723127
BAD 463652404591
BAD 463587763291
BAD 463589373487
BAD 463615106497
BAD 463615106503
BAD 463508630153
BAD 463655903933
BAD 463508630161
BAD 463590238481
BAD 463590238483
BAD 463509512387
BAD 463657357993
BAD 463621924001
BAD 463516183969
BAD 463592562551
BAD 463517939683
BAD 463594487513
BAD 463518870713
BAD 463518870719
BAD 463518870721
BAD 463518870743
BAD 463595416813
BAD 463595416819
BAD 463519684489
BAD 463519684493
BAD 463597376269
BAD 463597613693
BAD 463522429549
BAD 463599118573
BAD 463629365207
BAD 463629365209
BAD 463606081493
BAD 463633076887
BAD 463635190819
BAD 463636796851
BAD 463675775053
BAD 463680416711
BAD 463680416713
BAD 463683383161
BAD 463683383167
BAD 463683383179
BAD 463683383209
BAD 463683383213
BAD 463691166383
BAD 463691166409
BAD 463691166413
BAD 463692769597
BAD 463692769601
BAD 463696140709
BAD 463704549199
BAD 463706381783
BAD 463709349641
BAD 463709349643
BAD 463709349647
BAD 463713007253
BAD 463715361149
BAD 463715499217
BAD 463718198557
BAD 463720525999
BAD 463720560701
BAD 463720560703
BAD 463758432791
BAD 463758432803
BAD 463758799481
BAD 463762365763
BAD 463762365767
BAD 463762786631
BAD 463762786633
BAD 463808928281
BAD 463808928283
BAD 463811660401
BAD 463811660407
BAD 463766140181
BAD 463766140183
BAD 463767366941
BAD 463767366943
BAD 463814768479
BAD 463769085181
BAD 463818996149
BAD 463820563127
BAD 463820563133
BAD 463820563147
BAD 463820563159
BAD 463820563169
BAD 463769869523
BAD 463770395597
BAD 463771782589
BAD 463822637723
BAD 463822637731
BAD 463822798759
BAD 463822798763
BAD 463772911829
BAD 463772911831
BAD 463826156323
BAD 463829139359
BAD 463792201333
BAD 463794583247
BAD 463794583249
BAD 463794583261
BAD 463743908609
BAD 463743908611
BAD 463743908629
BAD 463747069741
BAD 463798939451
BAD 463748628533
BAD 463727011739
BAD 463750273711
BAD 463801800181
BAD 463751763599
BAD 463729968139
BAD 463840701833
BAD 463730271479
BAD 463752728497
BAD 463752728501
BAD 463752728531
BAD 463731969137
BAD 463731969139
BAD 463755373121
BAD 463733673863
BAD 463734234323
BAD 463734234329
BAD 463734234331
BAD 463841314219
BAD 463740577273
BAD 463740577277
BAD 463740577283
BAD 463878980611
BAD 463885284661
BAD 463886287903
BAD 463892026009
BAD 463964425979
BAD 463964426021
BAD 463776416137
BAD 463776963709
BAD 463966914109
BAD 463782275599
BAD 463782275603
BAD 463782275609
BAD 463782275623
BAD 463782275629
BAD 463970450173
BAD 463972654147
BAD 463972654157
BAD 463861887367
BAD 463973258821
BAD 463973258831
BAD 463864442711
BAD 463909346917
BAD 463790156023
BAD 463790156041
BAD 463790156059
BAD 463790496613
BAD 463867387639
BAD 463911987283
BAD 463912994459
BAD 463870956827
BAD 463871609303
BAD 463928485313
BAD 463929267619
BAD 463917776299
BAD 463917983083
BAD 463917983219
BAD 463933046033
BAD 463978144963
BAD 463922814479
BAD 463923058399
BAD 463979549959
BAD 463979549963
BAD 463979549977
BAD 463923359269
BAD 463982090953
BAD 463982539159
BAD 463982631923
BAD 463982969423
BAD 463985227103
BAD 464002245841
BAD 464002851731
BAD 464002851733
BAD 464003322743
BAD 464003322763
BAD 464004509939
BAD 464044080541
BAD 464044080553
BAD 464006088193
BAD 464006985619
BAD 464006985623
BAD 463892775109
BAD 464006985653
BAD 463892775113
BAD 464047655243
BAD 463894019059
BAD 463894019063
BAD 463894019077
BAD 464049309751
BAD 463898039789
BAD 463898039791
BAD 463898179931
BAD 463898179933
BAD 463898820401
BAD 464052780229
BAD 464052847477
BAD 464052847493
BAD 464052957737
BAD 463846336103
BAD 463904478361
BAD 463848857629
BAD 463908750299
BAD 463908750301
BAD 463850907083
BAD 463851502819
BAD 463852557079
BAD 463852557083
BAD 463948883303
BAD 464079262123
BAD 463952370823
BAD 463952370829
BAD 463952370863
BAD 464060854273
BAD 464082021061
BAD 464082021121
BAD 463955211589
BAD 464083885399
BAD 464083885403
BAD 463957034309
BAD 463957034311
BAD 464089572241
BAD 464089993447
BAD 464068010183
BAD 464026837517
BAD 464092334239
BAD 464092334243
BAD 464069834791
BAD 464070993443
BAD 464071969421
BAD 464071969423
BAD 464032042073
BAD 464032239137
BAD 464073226063
BAD 464033603653
BAD 464074580273
BAD 464076008119
BAD 464013863927
BAD 464013863933
BAD 464013863959
BAD 464040725461
BAD 464016897541
BAD 464017528831
BAD 464017528837
BAD 464017528867
BAD 464017528879
BAD 464017528883
BAD 464018214511
BAD 464018868931
BAD 464021271451
BAD 464023126183
BAD 464023408207
BAD 464023408213
BAD 464026365653
BAD 464026365667
BAD 464093837453
BAD 464094394039
BAD 464110875989
BAD 464099645123
BAD 464112362249
BAD 464112362251
BAD 464115891241
BAD 464116738871
BAD 464116738873
BAD 464116738879
BAD 464116758863
BAD 464119696309
BAD 464109906241
BAD 464122492313
BAD 464145948919
BAD 464145948923
BAD 464147308883
BAD 464147308921
BAD 464148715981
BAD 464149191907
BAD 464149191917
BAD 464194652323
BAD 464151990473
BAD 464151990481
BAD 464197423567
BAD 464197526491
BAD 464152237519
BAD 464181740083
BAD 464199457703
BAD 464182691923
BAD 464182691939
BAD 464182691941
BAD 464199982709
BAD 464200421149
BAD 464204716909
BAD 464204997079
BAD 464204997097
BAD 464187025937
BAD 464205858661
BAD 464188684247
BAD 464188684249
BAD 464207838233
BAD 464207838239
BAD 464157128297
BAD 464157128299
BAD 464190320071
BAD 464190461723
BAD 464190461773
BAD 464190461783
BAD 464159120459
BAD 464159120461
BAD 464159282159
BAD 464159282161
BAD 464210086289
BAD 464210086399
BAD 464228502929
BAD 464228502931
BAD 464228502937
BAD 464228502943
BAD 464232409853
BAD 464232904319
BAD 464232904321
BAD 464232904327
BAD 464161944793
BAD 464161944797
BAD 464161944803
BAD 464240422801
BAD 464162386381
BAD 464162386427
BAD 464163077771
BAD 464241173873
BAD 464165105479
BAD 464165105483
BAD 464243233141
BAD 464165685427
BAD 464165723393
BAD 464244442279
BAD 464212086353
BAD 464171437469
BAD 464172089701
BAD 464172089713
BAD 464214205801
BAD 464174262199
BAD 464174346299
BAD 464174346301
BAD 464174678293
BAD 464174678299
BAD 464128746803
BAD 464218702099
BAD 464218757183
BAD 464130791689
BAD 464132569231
BAD 464132967899
BAD 464132967901
BAD 464133210649
BAD 464221401541
BAD 464222166203
BAD 464296421359
BAD 464298222991
BAD 464298748741
BAD 464298748759
BAD 464298748763
BAD 464299213951
BAD 464301803993
BAD 464302544161
BAD 464303691217
BAD 464303691233
BAD 464303737813
BAD 464303737817
BAD 464303737819
BAD 464279195551
BAD 464279195593
BAD 464279195599
BAD 464304159563
BAD 464304934369
BAD 464282658487
BAD 464282658491
BAD 464284745131
BAD 464285006179
BAD 464309612563
BAD 464289579959
BAD 464289579961
BAD 464290561613
BAD 464293326241
BAD 464293326253
BAD 464347544183
BAD 464253606589
BAD 464254575181
BAD 464255264969
BAD 464257493551
BAD 464355034883
BAD 464357936101
BAD 464358022189
BAD 464358522233
BAD 464359026259
BAD 464482742839
BAD 464482742851
BAD 464321735303
BAD 464321894789
BAD 464321894791
BAD 464322620557
BAD 464446050379
BAD 464323363181
BAD 464323363183
BAD 464323410713
BAD 464486677289
BAD 464486677363
BAD 464324980051
BAD 464447625773
BAD 464447625779
BAD 464447625781
BAD 464326067147
BAD 464449391309
BAD 464490519967
BAD 464490739763
BAD 464454846211
BAD 464392494337
BAD 464456414509
BAD 464393598421
BAD 464457065777
BAD 464457065789
BAD 464457065791
BAD 464457400117
BAD 464457400123
BAD 464460387899
BAD 464460387901
BAD 464462684831
BAD 464462684837
BAD 464340722603
BAD 464340722627
BAD 464342619347
BAD 464344489853
BAD 464261924519
BAD 464261924521
BAD 464263177283
BAD 464266349489
BAD 464266349497
BAD 464271267433
BAD 464271267457
BAD 464362755239
BAD 464363199793
BAD 464363199803
BAD 464463070843
BAD 464463274147
BAD 464465212609
BAD 464465212613
BAD 464465212619
BAD 464367440963
BAD 464465553179
BAD 464432705791
BAD 464368943683
BAD 464467462733
BAD 464467462751
BAD 464415434243
BAD 464433591983
BAD 464370691283
BAD 464370768439
BAD 464370768443
BAD 464469387517
BAD 464469387521
BAD 464371078681
BAD 464371078687
BAD 464371267819
BAD 464371267823
BAD 464276927461
BAD 464277436039
BAD 464277436043
BAD 464395735399
BAD 464395735403
BAD 464417614481
BAD 464417614483
BAD 464277492509
BAD 464277501781
BAD 464418085477
BAD 464471228251
BAD 464436601723
BAD 464436601747
BAD 464397290333
BAD 464421488471
BAD 464421488483
BAD 464421488491
BAD 464439024241
BAD 464399714719
BAD 464375424473
BAD 464439414353
BAD 464476352701
BAD 464401580453
BAD 464442050581
BAD 464442050587
BAD 464442050593
BAD 464442050609
BAD 464442411157
BAD 464478450607
BAD 464443972253
BAD 464443972259
BAD 464443972261
BAD 464405767261
BAD 464428576517
BAD 464428576519
BAD 464428576523
BAD 464445853243
BAD 464429063213
BAD 464411188547
BAD 464515434223
BAD 464517728551
BAD 464519343349
BAD 464520691903
BAD 464523517547
BAD 464525306939
BAD 464525306941
BAD 464526477109
BAD 464526672461
BAD 464529689653
BAD 464529689699
BAD 464529689719
BAD 464496333307
BAD 464501895289
BAD 464503126589
BAD 464506141381
BAD 464506665299
BAD 464506665319
BAD 464506665323
BAD 464509495889
BAD 464530986587
BAD 464530986589
BAD 464533791061
BAD 464534148563
BAD 464535631039
BAD 464600706013
BAD 464600706023
BAD 464564887421
BAD 464582561143
BAD 464602152997
BAD 464566305457
BAD 464566800419
BAD 464585812087
BAD 464585812099
BAD 464615587063
BAD 464568584101
BAD 464587391347
BAD 464606075123
BAD 464606075149
BAD 464616507001
BAD 464606980451
BAD 464606980459
BAD 464606980463
BAD 464606980471
BAD 464617584559
BAD 464608897267
BAD 464608932979
BAD 464573921593
BAD 464573921599
BAD 464576149781
BAD 464576149783
BAD 464576149789
BAD 464577098857
BAD 464579726137
BAD 464622600787
BAD 464624462389
BAD 464625991981
BAD 464625991987
BAD 464625991993
BAD 464625992069
BAD 464625992071
BAD 464630473501
BAD 464548436267
BAD 464548436269
BAD 464549751469
BAD 464549751487
BAD 464552805631
BAD 464555070493
BAD 464555562299
BAD 464556155003
BAD 464556977669
BAD 464556977671
BAD 464556977707
BAD 464558493389
BAD 464559600803
BAD 464560608437
BAD 464560608439
BAD 464560678979
BAD 464562568583
BAD 464562956933
BAD 464647935319
BAD 464648465003
BAD 464648687719
BAD 464649530509
BAD 464650165193
BAD 464651164951
BAD 464651858533
BAD 464654309533
BAD 464654897453
BAD 464664614419
BAD 464664614423
BAD 464664614509
BAD 464632748869
BAD 464633952199
BAD 464662450111
BAD 464634714307
BAD 464663618417
BAD 464663765359
BAD 464669574451
BAD 464669574493
BAD 464669574527
BAD 464681573599
BAD 464636910211
BAD 464678249537
BAD 464685898927
BAD 464685926533
BAD 464686262149
BAD 464680469933
BAD 464640510757
BAD 464640827803
BAD 464690464193
BAD 464641727749
BAD 464642379541
BAD 464643116573
BAD 464643188927
BAD 464643188929
BAD 464643787303
BAD 464645688307
BAD 464693810689
BAD 464782509361
BAD 464782822891
BAD 464788411739
BAD 464788411741
BAD 464790612563
BAD 464741207813
BAD 464792508823
BAD 464792508833
BAD 464795071087
BAD 464795539393
BAD 464795845421
BAD 464750178611
BAD 464796467959
BAD 464800106311
BAD 464802262937
BAD 464754510271
BAD 464804263051
BAD 464754510277
BAD 464804918131
BAD 464755933417
BAD 464755933429
BAD 464807362651
BAD 464808720253
BAD 464757510323
BAD 464757666889
BAD 464757928979
BAD 464757928981
BAD 464810602231
BAD 464810602247
BAD 464759212549
BAD 464760340489
BAD 464760990439
BAD 464761577263
BAD 464761679783
BAD 464899779391
BAD 464909494213
BAD 464699483639
BAD 464699483641
BAD 464702993683
BAD 464706715433
BAD 464706715463
BAD 464708103113
BAD 464718144073
BAD 464718461563
BAD 464709571811
BAD 464709571813
BAD 464709816523
BAD 464722116841
BAD 464722116847
BAD 464723807803
BAD 464713890233
BAD 464713890241
BAD 464730538201
BAD 464730538253
BAD 464730538267
BAD 464730538273
BAD 464730538277
BAD 464730538309
BAD 464767848541
BAD 464767848557
BAD 464768558183
BAD 464769576793
BAD 464771985077
BAD 464771985079
BAD 464772670181
BAD 464772670183
BAD 464772878161
BAD 464774103889
BAD 464774375281
BAD 464774410687
BAD 464779004971
BAD 464779004981
BAD 464779004983
BAD 464779123321
BAD 464779354157
BAD 464780813953
BAD 464933438929
BAD 464933438933
BAD 464935143839
BAD 464935741313
BAD 464935741321
BAD 464852729087
BAD 464939778769
BAD 464846808169
BAD 464942119153
BAD 464847075967
BAD 464867055859
BAD 464855244793
BAD 465011590909
BAD 464848292617
BAD 465012246889
BAD 465012246901
BAD 464855480359
BAD 465013504567
BAD 465014620703
BAD 465014620711
BAD 465014620717
BAD 464817118729
BAD 464857876633
BAD 464858852483
BAD 464858852539
BAD 464871173323
BAD 464946529483
BAD 464820262297
BAD 464948172907
BAD 464884035401
BAD 464884631221
BAD 464948959513
BAD 464949046427
BAD 464949046433
BAD 464983954087
BAD 464821933231
BAD 464885092643
BAD 464822501131
BAD 464885578321
BAD 464823193223
BAD 464860880683
BAD 464985737903
BAD 464863145083
BAD 464887204451
BAD 464887204471
BAD 464887440013
BAD 465017800813
BAD 465017909401
BAD 464888798767
BAD 464876738903
BAD 464876738917
BAD 464989338019
BAD 464989917061
BAD 464990517811
BAD 464825389291
BAD 464825389309
BAD 464889193081
BAD 464889193129
BAD 464889193133
BAD 465021488999
BAD 465021489001
BAD 464890512917
BAD 464827406699
BAD 464828568341
BAD 464879722093
BAD 465023048993
BAD 464997408829
BAD 464997408833
BAD 464997408853
BAD 464997408857
BAD 464997408859
BAD 464880668179
BAD 464880668183
BAD 464998957741
BAD 464831439211
BAD 464895836441
BAD 464895836443
BAD 465027981529
BAD 465028132463
BAD 465028966879
BAD 465029143549
BAD 464898032153
BAD 464898032161
BAD 464950561013
BAD 464952728269
BAD 464952967261
BAD 464955331411
BAD 464955331447
BAD 464956150313
BAD 464957070197
BAD 464959386739
BAD 464959386743
BAD 464959386751
BAD 464959386757
BAD 464959386761
BAD 464964590723
BAD 464965230791
BAD 464916536191
BAD 464966154493
BAD 464966177483
BAD 464968112153
BAD 464920788151
BAD 464968729793
BAD 464969994443
BAD 464973249271
BAD 464973345737
BAD 464978564467
BAD 464924701313
BAD 464981755039
BAD 464927563559
BAD 464927563561
BAD 464928588941
BAD 464928588953
BAD 464929384553
BAD 465051733801
BAD 465053900191
BAD 465054914011
BAD 465054914017
BAD 465057395989
BAD 465057395993
BAD 465117923761
BAD 465118479703
BAD 465084426707
BAD 465086181823
BAD 465088735973
BAD 465089000029
BAD 465125973853
BAD 465091179439
BAD 465126627323
BAD 465126627337
BAD 465126627341
BAD 465033438481
BAD 465033500653
BAD 465127733461
BAD 465129977857
BAD 465129978043
BAD 465037502161
BAD 465037623109
BAD 465038102861
BAD 465132652849
BAD 465095528137
BAD 465100648993
BAD 465100648997
BAD 465039458209
BAD 465039998419
BAD 465040680151
BAD 465040680173
BAD 465041172373
BAD 465041172403
BAD 465041172419
BAD 465096885023
BAD 465135072827
BAD 465104466427
BAD 465104466433
BAD 465041322503
BAD 465104590043
BAD 465042058343
BAD 465042525331
BAD 465098111773
BAD 465098111783
BAD 465136923079
BAD 465136954459
BAD 465136954463
BAD 465137372803
BAD 465109536509
BAD 465109536511
BAD 465138798323
BAD 465110540803
BAD 465047526683
BAD 465099240763
BAD 465141839557
BAD 465141839579
BAD 465141839629
BAD 465141884723
BAD 465141884731
BAD 465142269763
BAD 465142538999
BAD 465114694169
BAD 465143379923
BAD 465143379931
BAD 465116006857
BAD 465170232661
BAD 465170633303
BAD 465171375133
BAD 465184369337
BAD 465184369339
BAD 465175448797
BAD 465175593671
BAD 465175593683
BAD 465218883893
BAD 465219036829
BAD 465219525943
BAD 465187698457
BAD 465187774939
BAD 465188611187
BAD 465188611189
BAD 465188969159
BAD 465180409471
BAD 465223975759
BAD 465181499581
BAD 465226131653
BAD 465195014113
BAD 465150839779
BAD 465197070991
BAD 465231465469
BAD 465231465473
BAD 465231465509
BAD 465231816067
BAD 465231816073
BAD 465153153833
BAD 465198630649
BAD 465198630653
BAD 465153933169
BAD 465154402813
BAD 465157445491
BAD 465160683683
BAD 465162061657
BAD 465164503633
BAD 465201189553
BAD 465201189559
BAD 465208074451
BAD 465215839009
BAD 465215839063
BAD 465075958657
BAD 465080134793
BAD 465252439669
BAD 465252597673
BAD 465252866503
BAD 465258041957
BAD 465258041959
BAD 465258042001
BAD 465407850451
BAD 465410726993
BAD 465369326101
BAD 465260877973
BAD 465388680103
BAD 465388873163
BAD 465268267957
BAD 465370971563
BAD 465414360511
BAD 465371335831
BAD 465415428421
BAD 465264315457
BAD 465371660779
BAD 465371660783
BAD 465416295233
BAD 465264963781
BAD 465264999139
BAD 465265427293
BAD 465418595209
BAD 465418595227
BAD 465266148271
BAD 465266162929
BAD 465267167593
BAD 465374622353
BAD 465267291031
BAD 465275359909
BAD 465275513477
BAD 465277311607
BAD 465279279943
BAD 465378977081
BAD 465378977083
BAD 465379318643
BAD 465281184149
BAD 465381038581
BAD 465381337517
BAD 465487614973
BAD 465487614979
BAD 465452693767
BAD 465452693779
BAD 465488992897
BAD 465489017179
BAD 465455573171
BAD 465489017197
BAD 465455573173
BAD 465455592887
BAD 465489517747
BAD 465587495251
BAD 465589178449
BAD 465473988391
BAD 465473988401
BAD 465473988409
BAD 465591012479
BAD 465591131791
BAD 465478007153
BAD 465594944131
BAD 465539104103
BAD 465539975377
BAD 465541259767
BAD 465480820171
BAD 465481205327
BAD 465496973701
BAD 465484591711
BAD 465484591729
BAD 465525533353
BAD 465500104129
BAD 465500554951
BAD 465528051607
BAD 465528051631
BAD 465528350153
BAD 465529397581
BAD 465529971793
BAD 465551149967
BAD 465530878123
BAD 465530878133
BAD 465503167763
BAD 465503167769
BAD 465532327373
BAD 465532327387
BAD 465532327391
BAD 465532327397
BAD 465532327399
BAD 465509509669
BAD 465536082763
BAD 465554028353
BAD 465555059479
BAD 465555080033
BAD 465555159347
BAD 465556304869
BAD 465556304893
BAD 465519212953
BAD 465559909411
BAD 465561557759
BAD 465561557761
BAD 465561557819
BAD 465561557821
BAD 465563030797
BAD 465565151719
BAD 465565828583
BAD 465567278479
BAD 465567278489
BAD 465286447421
BAD 465567974953
BAD 465567974957
BAD 465567974959
BAD 465568799581
BAD 465568799587
BAD 465288263971
BAD 465302004529
BAD 465302004547
BAD 465302004571
BAD 465302004577
BAD 465302618681
BAD 465302618689
BAD 465302855401
BAD 465303230323
BAD 465303543253
BAD 465303543259
BAD 465291226483
BAD 465306935783
BAD 465308961883
BAD 465309094801
BAD 465310963993
BAD 465311034481
BAD 465311932681
BAD 465424135097
BAD 465575781173
BAD 465424265029
BAD 465425677861
BAD 465313456843
BAD 465427303223
BAD 465427435729
BAD 465579139079
BAD 465428144123
BAD 465429662333
BAD 465429662339
BAD 465430180157
BAD 465430232387
BAD 465582599243
BAD 465236960179
BAD 465236960191
BAD 465236960197
BAD 465236960203
BAD 465431613313
BAD 465431808511
BAD 465237369073
BAD 465432632663
BAD 465432632689
BAD 465434085673
BAD 465238782023
BAD 465238782049
BAD 465239248891
BAD 465336331157
BAD 465338090071
BAD 465241133009
BAD 465241133011
BAD 465356471161
BAD 465245096783
BAD 465245096791
BAD 465245096803
BAD 465356631937
BAD 465356665307
BAD 465245175823
BAD 465342703151
BAD 465356773397
BAD 465356773403
BAD 465356773411
BAD 465342961907
BAD 465342961913
BAD 465343592327
BAD 465343592333
BAD 465246901459
BAD 465246901463
BAD 465359091811
BAD 465442317133
BAD 465442694963
BAD 465348826763
BAD 465445305893
BAD 465445305911
BAD 465250770431
BAD 465360294499
BAD 465445990313
BAD 465361817773
BAD 465362863321
BAD 465449755807
BAD 465364593571
BAD 465450412019
BAD 465450412027
BAD 465450412039
BAD 465450412043
BAD 465319988047
BAD 465319988057
BAD 465451411133
BAD 465319988059
BAD 465319988069
BAD 465319988071
BAD 465321330679
BAD 465322716203
BAD 465329783753
BAD 465331659631
BAD 465333973891
BAD 465620398651
BAD 465621919943
BAD 465623207321
BAD 465623207323
BAD 465623751227
BAD 465625169629
BAD 465626141423
BAD 465628940341
BAD 465628940347
BAD 465628940363
BAD 465630171203
BAD 465631717099
BAD 465632680421
BAD 465632680423
BAD 465605255909
BAD 465633508733
BAD 465633508741
BAD 465636884833
BAD 465636884837
BAD 465613137967
BAD 465616175897
BAD 465618922991
BAD 465619352987
BAD 465619474613
BAD 465654135523
BAD 465655695413
BAD 465665221199
BAD 465665304989
BAD 465665304991
BAD 465665305003
BAD 465669752833
BAD 465669752843
BAD 465672429421
BAD 465675015391
BAD 465707208493
BAD 465707563511
BAD 465707563513
BAD 465676008841
BAD 465677261593
BAD 465677698699
BAD 465711609019
BAD 465712038703
BAD 465713706697
BAD 465682488461
BAD 465682488463
BAD 465682488473
BAD 465717023711
BAD 465685672999
BAD 465685673003
BAD 465720525559
BAD 465720525563
BAD 465645874259
BAD 465645874261
BAD 465647720743
BAD 465647990341
BAD 465689396257
BAD 465690070193
BAD 465690070201
BAD 465692787821
BAD 465692787823
BAD 465692787827
BAD 465692787829
BAD 465693991447
BAD 465693991453
BAD 465698573843
BAD 465698573849
BAD 465701108581
BAD 465701108591
BAD 465701108599
BAD 465702631759
BAD 465702631763
BAD 465704175089
BAD 465704175091
BAD 465722586601
BAD 465724622249
BAD 465729483229
BAD 465731925023
BAD 465805435099
BAD 465807303043
BAD 465807396721
BAD 465807788387
BAD 465807788389
BAD 465807788393
BAD 465754792747
BAD 465759151163
BAD 465761022091
BAD 465761022157
BAD 465778677913
BAD 465762591893
BAD 465780003581
BAD 465814361237
BAD 465814361239
BAD 465767202809
BAD 465767202811
BAD 465784245349
BAD 465816228083
BAD 465816228103
BAD 465816228121
BAD 465786089953
BAD 465786089957
BAD 465771257569
BAD 465786720461
BAD 465786720463
BAD 465788366899
BAD 465790348973
BAD 465790525309
BAD 465790525313
BAD 465792901213
BAD 465795217663
BAD 465974349461
BAD 465892605733
BAD 465976465963
BAD 465978323869
BAD 465978323873
BAD 465894518539
BAD 465979315471
BAD 465897235093
BAD 465803290417
BAD 465897463553
BAD 465803907091
BAD 465804167999
BAD 465804168001
BAD 465804728689
BAD 465804728693
BAD 465804743843
BAD 465804743851
BAD 465823438321
BAD 465901845683
BAD 465826094003
BAD 465987104663
BAD 465827173117
BAD 465987598411
BAD 466007998637
BAD 466007998639
BAD 465827946769
BAD 465827946781
BAD 466012264637
BAD 466012264639
BAD 466013164033
BAD 466013164039
BAD 465836170279
BAD 466022135101
BAD 465956144273
BAD 465956144281
BAD 466022651333
BAD 466022651359
BAD 465962287069
BAD 465962287073
BAD 465962928271
BAD 465962928283
BAD 465963799187
BAD 465963799193
BAD 465965231729
BAD 465965231731
BAD 465965231737
BAD 465967990613
BAD 466024444531
BAD 465738113389
BAD 465877236263
BAD 465877924973
BAD 466031536741
BAD 466033929479
BAD 466033929481
BAD 466033974337
BAD 466034781937
BAD 466035439757
BAD 466035439787
BAD 466035439789
BAD 465993157321
BAD 465993157339
BAD 465993576211
BAD 466036745063
BAD 465994035391
BAD 465743761163
BAD 465994035407
BAD 465994035439
BAD 466037719529
BAD 466037719531
BAD 465747114493
BAD 465997512073
BAD 465997512091
BAD 465749279693
BAD 465749279719
BAD 465999630013
BAD 466000089959
BAD 466000089967
BAD 465838583003
BAD 465838732253
BAD 465839368979
BAD 465839368997
BAD 465839368999
BAD 465752516029
BAD 466001805869
BAD 465753916013
BAD 465841690669
BAD 465843277021
BAD 465843277037
BAD 465865132157
BAD 465865132223
BAD 465865132231
BAD 465865351183
BAD 465922429013
BAD 465847940113
BAD 465941278091
BAD 465847940123
BAD 465866997109
BAD 465941278093
BAD 465867001009
BAD 465867001013
BAD 465941553703
BAD 465941553709
BAD 465941553719
BAD 465941659741
BAD 465868886323
BAD 465868886359
BAD 465869173433
BAD 465944526293
BAD 465850709407
BAD 465945295313
BAD 465946441381
BAD 465853502357
BAD 465927065777
BAD 465929083987
BAD 465929083993
BAD 465929371231
BAD 465929929523
BAD 465954719491
BAD 465954719513
BAD 465955029377
BAD 465931404907
BAD 465932318933
BAD 465932318947
BAD 465932318983
BAD 465932319001
BAD 465932319031
BAD 465937487083
BAD 465938066081
BAD 465938066089
BAD 465938066093
BAD 466046557283
BAD 466053564761
BAD 466055030953
BAD 466058821703
BAD 466059635059
BAD 466074121427
BAD 466074663097
BAD 466076316611
BAD 466081022227
BAD 466082180639
BAD 466082180647
BAD 466082180659
BAD 466091312741
BAD 466092441557
BAD 466092441559
BAD 466088788409
BAD 466072503151
BAD 466094003071
BAD 466094003077
BAD 466073328013
BAD 466094645327
BAD 466094645329
BAD 466094645333
BAD 466094645353
BAD 466089748237
BAD 466097127511
BAD 466097127557
BAD 466106150833
BAD 466125212653
BAD 466125212659
BAD 466125212671
BAD 466126199059
BAD 466110871439
BAD 466110871441
BAD 466111370209
BAD 466111370213
BAD 466127715763
BAD 466127715769
BAD 466113083483
BAD 466115004919
BAD 466115004923
BAD 466115796799
BAD 466120203083
BAD 466120560079
BAD 466120560089
BAD 466136854021
BAD 466138870943
BAD 466138870973
BAD 466143480347
BAD 466143480349
BAD 466143480379
BAD 466147015619
BAD 466228074463
BAD 466148920949
BAD 466149860413
BAD 466150503461
BAD 466150503463
BAD 466229676643
BAD 466231025641
BAD 466177129577
BAD 466211539751
BAD 466211539753
BAD 466155380591
BAD 466155380599
BAD 466235303137
BAD 466155706279
BAD 466212716161
BAD 466237663393
BAD 466214700169
BAD 466215324373
BAD 466215502903
BAD 466239373849
BAD 466239543103
BAD 466216499857
BAD 466240687007
BAD 466219430401
BAD 466186505527
BAD 466186505531
BAD 466186505537
BAD 466186505539
BAD 466190178023
BAD 466258771103
BAD 466258771141
BAD 466262547383
BAD 466262547409
BAD 466263804067
BAD 466264045823
BAD 466264180643
BAD 466157591087
BAD 466157591099
BAD 466157591101
BAD 466157591203
BAD 466157591219
BAD 466159060379
BAD 466159060387
BAD 466160032543
BAD 466160105899
BAD 466160105927
BAD 466160105933
BAD 466160371793
BAD 466309002667
BAD 466309464743
BAD 466161535339
BAD 466310806343
BAD 466311859943
BAD 466163899219
BAD 466242859699
BAD 466242859703
BAD 466242859721
BAD 466164640103
BAD 466192558639
BAD 466315693247
BAD 466315693253
BAD 466315693273
BAD 466195261321
BAD 466315693279
BAD 466270520563
BAD 466248459829
BAD 466248586763
BAD 466317575887
BAD 466170738491
BAD 466273678669
BAD 466251624767
BAD 466255842463
BAD 466255842467
BAD 466255842469
BAD 466203465593
BAD 466256751979
BAD 466257555781
BAD 466205767921
BAD 466206647659
BAD 466376782073
BAD 466377833113
BAD 466379946787
BAD 466292912303
BAD 466292912321
BAD 466293679909
BAD 466382901799
BAD 466383176191
BAD 466383419993
BAD 466384026133
BAD 466384026137
BAD 466384026139
BAD 466384962793
BAD 466299213077
BAD 466299491179
BAD 466299582979
BAD 466299782887
BAD 466300813357
BAD 466300813373
BAD 466301187199
BAD 466307284189
BAD 466307284193
BAD 466351282393
BAD 466396943273
BAD 466353266359
BAD 466353266363
BAD 466391771117
BAD 466391771119
BAD 466399311373
BAD 466355181323
BAD 466355181343
BAD 466401556321
BAD 466406694899
BAD 466408615537
BAD 466361840389
BAD 466361840393
BAD 466409190827
BAD 466409190829
BAD 466363710203
BAD 466363710209
BAD 466366160089
BAD 466369546477
BAD 466369546481
BAD 466416706759
BAD 466369546483
BAD 466416706771
BAD 466416706783
BAD 466420287391
BAD 466422189049
BAD 466326302699
BAD 466328100169
BAD 466372852373
BAD 466373266189
BAD 466373266193
BAD 466373266207
BAD 466329504961
BAD 466331075543
BAD 466331075579
BAD 466332456923
BAD 466335212363
BAD 466336113707
BAD 466336113721
BAD 466274777363
BAD 466274777431
BAD 466337646223
BAD 466337646227
BAD 466337926273
BAD 466276348729
BAD 466339307641
BAD 466276348753
BAD 466339307647
BAD 466276828943
BAD 466341015859
BAD 466280399177
BAD 466341015863
BAD 466280431997
BAD 466280431999
BAD 466341486917
BAD 466282426943
BAD 466427026223
BAD 466429199099
BAD 466429199101
BAD 466430532661
BAD 466284851939
BAD 466431043327
BAD 466431043333
BAD 466431043343
BAD 466431043411
BAD 466431043447
BAD 466289723311
BAD 466289935547
BAD 466289935549
BAD 466289935561
BAD 466289952203
BAD 466438772941
BAD 466438772953
BAD 466438772959
BAD 466438786999
BAD 466439332771
BAD 466445819657
BAD 466445819659
BAD 466445819663
BAD 466448909243
BAD 466493999947
BAD 466494214651
BAD 466497145493
BAD 466510202581
BAD 466510473833
BAD 466513686497
BAD 466513686517
BAD 466513686521
BAD 466517737219
BAD 466517737253
BAD 466517746561
BAD 466507222523
BAD 466507222529
BAD 466520440339
BAD 466522702369
BAD 466524931207
BAD 466525034779
BAD 466525034783
BAD 466462079141
BAD 466464529723
BAD 466464529733
BAD 466465004191
BAD 466465061017
BAD 466472788553
BAD 466474368263
BAD 466474855549
BAD 466483969271
BAD 466488784123
BAD 466488983221
BAD 466491852601
BAD 466560753317
BAD 466491852613
BAD 466560753319
BAD 466492776517
BAD 466564039883
BAD 466565104891
BAD 466565552363
BAD 466565552371
BAD 466528643179
BAD 466581354233
BAD 466568867641
BAD 466568867777
BAD 466568867783
BAD 466568867797
BAD 466530646957
BAD 466583836603
BAD 466583836619
BAD 466570981321
BAD 466533808681
BAD 466533808687
BAD 466533808691
BAD 466533808693
BAD 466533808711
BAD 466572731539
BAD 466572731543
BAD 466572902291
BAD 466572902293
BAD 466535137619
BAD 466535536939
BAD 466536553523
BAD 466591960099
BAD 466592514901
BAD 466575703549
BAD 466575703553
BAD 466542631613
BAD 466646392321
BAD 466545133993
BAD 466545133997
BAD 466546889401
BAD 466547427233
BAD 466649876753
BAD 466548265973
BAD 466552390699
BAD 466654498571
BAD 466556623343
BAD 466613370889
BAD 466657601723
BAD 466658091373
BAD 466614397651
BAD 466614397657
BAD 466615124669
BAD 466615332049
BAD 466615514543
BAD 466615514591
BAD 466615514593
BAD 466559564869
BAD 466559564873
BAD 466559564881
BAD 466712463271
BAD 466713745369
BAD 466713745373
BAD 466618156619
BAD 466618156621
BAD 466618156651
BAD 466621655831
BAD 466621655833
BAD 466621655893
BAD 466621655897
BAD 466622638451
BAD 466622718691
BAD 466623528113
BAD 466624184869
BAD 466663933663
BAD 466663933667
BAD 466625538097
BAD 466625538109
BAD 466625538121
BAD 466669297571
BAD 466669297573
BAD 466669575067
BAD 466669674733
BAD 466680683041
BAD 466682670763
BAD 466682670767
BAD 466734626959
BAD 466736296307
BAD 466694248871
BAD 466677261751
BAD 466689514807
BAD 466740291047
BAD 466740291049
BAD 466829007187
BAD 466740291053
BAD 466693087381
BAD 466693087481
BAD 466741219561
BAD 466693606573
BAD 466700152999
BAD 466831017413
BAD 466831017421
BAD 466743056953
BAD 466701413107
BAD 466701413119
BAD 466701413153
BAD 466701413161
BAD 466832212523
BAD 466744090247
BAD 466832812003
BAD 466702145369
BAD 466834598471
BAD 466836000263
BAD 466706740519
BAD 466627934779
BAD 466627934783
BAD 466707521723
BAD 466629086251
BAD 466838616533
BAD 466629555883
BAD 466708053923
BAD 466630164323
BAD 466708577081
BAD 466840945163
BAD 466708577089
BAD 466840945169
BAD 466840945171
BAD 466708798379
BAD 466710634009
BAD 466748686991
BAD 466634132623
BAD 466634132633
BAD 466811701823
BAD 466812001603
BAD 466639165739
BAD 466814567059
BAD 466815680179
BAD 466815680189
BAD 466640555273
BAD 466640555279
BAD 466640809891
BAD 466817181643
BAD 466756080151
BAD 466642218571
BAD 466642218593
BAD 466796563997
BAD 466796563999
BAD 466759711357
BAD 466760479321
BAD 466798177591
BAD 466798369273
BAD 466798369283
BAD 466825015543
BAD 466825060469
BAD 466825060483
BAD 466798917289
BAD 466798917293
BAD 466798917301
BAD 466798917307
BAD 466803337453
BAD 466803337457
BAD 466803337459
BAD 466804034231
BAD 466804034233
BAD 466806054349
BAD 466761598973
BAD 466764084979
BAD 466811186731
BAD 466766302441
BAD 466767893311
BAD 466767893321
BAD 466773094063
BAD 466773094121
BAD 466775379571
BAD 466775379593
BAD 466775379599
BAD 466775379601
BAD 466790679391
BAD 466792259551
BAD 466792730251
BAD 466878871309
BAD 466879362707
BAD 466882529101
BAD 466882529107
BAD 466883128861
BAD 466884786833
BAD 466884786853
BAD 466846784953
BAD 466846785017
BAD 466846785019
BAD 466846785023
BAD 466848892619
BAD 466848892621
BAD 466851496939
BAD 466853058341
BAD 466855389653
BAD 466858655713
BAD 466859237759
BAD 466891024291
BAD 466862012731
BAD 466893990889
BAD 466866942343
BAD 466866942361
BAD 466868515727
BAD 466868515753
BAD 466868515759
BAD 466868515777
BAD 466895693269
BAD 466896113221
BAD 466896626101
BAD 466896626113
BAD 466896626117
BAD 466870377397
BAD 466897101091
BAD 466870377437
BAD 466870377439
BAD 466899885289
BAD 466899885293
BAD 466899885301
BAD 466900173731
BAD 466872895067
BAD 466900633699
BAD 466904850361
BAD 466905937649
BAD 466905937651
BAD 466946028413
BAD 466946028431
BAD 466946028433
BAD 466954549777
BAD 466955232391
BAD 466955232397
BAD 466957260223
BAD 466957351219
BAD 466957351229
BAD 466959406943
BAD 466961833111
BAD 466933437743
BAD 466939095263
BAD 466939095289
BAD 466939095307
BAD 466939095323
BAD 466939095341
BAD 466939438981
BAD 466939439009
BAD 466939439011
BAD 466942171981
BAD 466942171987
BAD 466942302509
BAD 466942302511
BAD 466942302517
BAD 466942688363
BAD 466943708053
BAD 466943708057
BAD 466943708059
BAD 466945551353
BAD 466963542209
BAD 466970862907
BAD 466971503783
BAD 466973602699
BAD 466974822173
BAD 466977127627
BAD 466978002901
BAD 466979565499
BAD 466979565529
BAD 466980554639
BAD 466980554641
BAD 466980554659
BAD 466984692101
BAD 466984692103
BAD 466985884237
BAD 466985884241
BAD 466990408333
BAD 466990408337
BAD 466990408343
BAD 466918183751
BAD 466918183763
BAD 466919792753
BAD 466920235297
BAD 466920235321
BAD 466994437673
BAD 466924972981
BAD 466925866117
BAD 466928257793
BAD 467016298583
BAD 467016298633
BAD 467100734383
BAD 467102104097
BAD 467102104099
BAD 467102104129
BAD 467019051263
BAD 467019051269
BAD 467019051271
BAD 467106186473
BAD 467022210409
BAD 467107353893
BAD 467110056113
BAD 467110547263
BAD 467110547273
BAD 467024930731
BAD 467029096253
BAD 467029386907
BAD 467029386911
BAD 467029386913
BAD 467030530283
BAD 467067901583
BAD 467068109191
BAD 467030709833
BAD 467033039071
BAD 467180771963
BAD 467033886499
BAD 467035790569
BAD 467036006329
BAD 467075952383
BAD 467184016771
BAD 467077244219
BAD 467077244237
BAD 467077244239
BAD 467079101033
BAD 467039263661
BAD 467189416553
BAD 467043165167
BAD 467192066401
BAD 467045585113
BAD 467164601069
BAD 467049455507
BAD 467050010369
BAD 467166221299
BAD 467051027381
BAD 467051027383
BAD 467051119697
BAD 467196107479
BAD 467196329513
BAD 467053560383
BAD 467197038073
BAD 467054211823
BAD 467169404041
BAD 467054211829
BAD 467169404047
BAD 467054971393
BAD 467054971421
BAD 467054971423
BAD 467054971477
BAD 467056523083
BAD 467174485969
BAD 467059424099
BAD 467059424101
BAD 467176349873
BAD 467114081341
BAD 467114340971
BAD 467200309879
BAD 467200309883
BAD 467200498231
BAD 467200498253
BAD 467116532371
BAD 467202028793
BAD 467085365083
BAD 467117862979
BAD 467085560717
BAD 467118565861
BAD 467118565867
BAD 467204849227
BAD 467205172909
BAD 467087903341
BAD 467088491689
BAD 467125060489
BAD 467232415627
BAD 467091817711
BAD 467206794479
BAD 467207410829
BAD 467208184193
BAD 467233382167
BAD 467233382311
BAD 467129522407
BAD 467129522411
BAD 467129522491
BAD 467236597843
BAD 467236597879
BAD 467212223311
BAD 467156484173
BAD 467238509357
BAD 467238509359
BAD 467239721371
BAD 467239721413
BAD 467226095797
BAD 467226095911
BAD 467226913523
BAD 467226913561
BAD 467158753367
BAD 467159549599
BAD 467159549603
BAD 467159549609
BAD 467159549629
BAD 467241994469
BAD 467242115281
BAD 467242239049
BAD 467243659549
BAD 467243659559
BAD 467230381643
BAD 467244760141
BAD 467244760153
BAD 467245343923
BAD 467163835297
BAD 466998208247
BAD 466998208249
BAD 466998208253
BAD 466998208267
BAD 467133959491
BAD 467134556827
BAD 467135742473
BAD 467003959073
BAD 467005107859
BAD 467138535067
BAD 467007886183
BAD 467140619753
BAD 467140843237
BAD 467140843241
BAD 467140843243
BAD 467008405387
BAD 467008405399
BAD 467008405427
BAD 467008438553
BAD 467142919127
BAD 467142919129
BAD 467143699969
BAD 467143699993
BAD 467144240963
BAD 467144551501
BAD 467146772527
BAD 467146772531
BAD 467146772567
BAD 467267591971
BAD 467267591977
BAD 467267591993
BAD 467267796019
BAD 467267796053
BAD 467248258769
BAD 467248739833
BAD 467270393411
BAD 467270682343
BAD 467270682349
BAD 467270682353
BAD 467252029969
BAD 467252672543
BAD 467272516703
BAD 467273355323
BAD 467254092769
BAD 467254117327
BAD 467254117331
BAD 467254117333
BAD 467254117339
BAD 467255191019
BAD 467276027951
BAD 467276027963
BAD 467276027971
BAD 467276167399
BAD 467276167403
BAD 467276295469
BAD 467258222891
BAD 467260516757
BAD 467278756039
BAD 467280142313
BAD 467281835191
BAD 467284372603
BAD 467284372613
BAD 467284908641
BAD 467285626823
BAD 467291344813
BAD 467291524043
BAD 467319216391
BAD 467319216433
BAD 467319216437
BAD 467319216439
BAD 467293060589
BAD 467320737019
BAD 467294198419
BAD 467325180011
BAD 467326464607
BAD 467329306403
BAD 467331411413
BAD 467299286873
BAD 467332853153
BAD 467337860923
BAD 467337860947
BAD 467341231943
BAD 467341232027
BAD 467341232041
BAD 467344601561
BAD 467353666379
BAD 467355880969
BAD 467355880973
BAD 467356768471
BAD 467359037941
BAD 467359038037
BAD 467399842643
BAD 467402023939
BAD 467402023943
BAD 467402998411
BAD 467409534929
BAD 467409677983
BAD 467410775179
BAD 467410775197
BAD 467411713319
BAD 467412591649
BAD 467413689023
BAD 467413689037
BAD 467413689049
BAD 467413689053
BAD 467413903477
BAD 467365461989
BAD 467365461991
BAD 467365462013
BAD 467368219613
BAD 467370041399
BAD 467370041401
BAD 467372324077
BAD 467434017233
BAD 467436247549
BAD 467437657727
BAD 467438410249
BAD 467438767199
BAD 467440286483
BAD 467466300979
BAD 467441833151
BAD 467441833153
BAD 467441842669
BAD 467469014723
BAD 467617341413
BAD 467445593779
BAD 467470786463
BAD 467445954193
BAD 467471353939
BAD 467472039637
BAD 467472099541
BAD 467448164633
BAD 467448164647
BAD 467448164683
BAD 467448344161
BAD 467448757583
BAD 467380099117
BAD 467381055353
BAD 467381055391
BAD 467381055397
BAD 467623335469
BAD 467623542007
BAD 467516224013
BAD 467504744779
BAD 467452255867
BAD 467480991077
BAD 467480991079
BAD 467480991083
BAD 467453252933
BAD 467453558323
BAD 467626696591
BAD 467481476573
BAD 467626979063
BAD 467508723323
BAD 467508875563
BAD 467508875569
BAD 467521345579
BAD 467521345583
BAD 467629327471
BAD 467629929061
BAD 467629976311
BAD 467629976329
BAD 467522386957
BAD 467522387131
BAD 467522387149
BAD 467522387161
BAD 467523216751
BAD 467633029583
BAD 467514022147
BAD 467459404219
BAD 467523961537
BAD 467523961543
BAD 467462914861
BAD 467462914889
BAD 467525409539
BAD 467525409541
BAD 467525409553
BAD 467463726739
BAD 467465043127
BAD 467526530311
BAD 467526530321
BAD 467526530323
BAD 467428657543
BAD 467527275043
BAD 467527275049
BAD 467429940881
BAD 467528720903
BAD 467528981809
BAD 467528981813
BAD 467529234937
BAD 467529234973
BAD 467431251901
BAD 467431251913
BAD 467431251929
BAD 467383479931
BAD 467389009579
BAD 467389700303
BAD 467391205133
BAD 467391205139
BAD 467394944579
BAD 467394944581
BAD 467396218073
BAD 467397861107
BAD 467550707033
BAD 467397861109
BAD 467553879451
BAD 467553879503
BAD 467555893627
BAD 467555893631
BAD 467555893633
BAD 467557426163
BAD 467558878763
BAD 467558878783
BAD 467559288379
BAD 467559705499
BAD 467560720973
BAD 467567955073
BAD 467567955097
BAD 467571034967
BAD 467571034969
BAD 467601056893
BAD 467601206383
BAD 467603266681
BAD 467574942661
BAD 467604877921
BAD 467634797321
BAD 467634797323
BAD 467634797327
BAD 467634797363
BAD 467606654453
BAD 467636679977
BAD 467579192293
BAD 467579192299
BAD 467540418623
BAD 467579192303
BAD 467611889183
BAD 467641310779
BAD 467579192309
BAD 467579192329
BAD 467642624651
BAD 467614347791
BAD 467643619679
BAD 467644032509
BAD 467492371253
BAD 467543965699
BAD 467492894929
BAD 467546103859
BAD 467645949893
BAD 467645949907
BAD 467494365917
BAD 467495042327
BAD 467648168513
BAD 467497227293
BAD 467583427813
BAD 467585395813
BAD 467585822287
BAD 467585822293
BAD 467586772511
BAD 467589101869
BAD 467590529839
BAD 467594625167
BAD 467685240013
BAD 467685968401
BAD 467687404817
BAD 467687404819
BAD 467704515331
BAD 467704580359
BAD 467705183903
BAD 467706806659
BAD 467708051147
BAD 467692426573
BAD 467692426577
BAD 467692426583
BAD 467692781869
BAD 467692781873
BAD 467695823393
BAD 467695823401
BAD 467652489223
BAD 467715438317
BAD 467715438319
BAD 467715605999
BAD 467654003591
BAD 467699728373
BAD 467700737773
BAD 467655496003
BAD 467656845847
BAD 467659275649
BAD 467659892671
BAD 467660822971
BAD 467660822977
BAD 467661616031
BAD 467661616033
BAD 467661616049
BAD 467670985871
BAD 467674339387
BAD 467675546857
BAD 467679653029
BAD 467680689589
BAD 467682117341
BAD 467682117347
BAD 467721208067
BAD 467721208069
BAD 467722576723
BAD 467722576729
BAD 467754532051
BAD 467754532057
BAD 467754532061
BAD 467728273459
BAD 467730602203
BAD 467759712461
BAD 467733857309
BAD 467763604313
BAD 467763604327
BAD 467764497181
BAD 467736721741
BAD 467736721747
BAD 467737992391
BAD 467739439639
BAD 467739439669
BAD 467741369899
BAD 467742558109
BAD 467742558121
BAD 467747184103
BAD 467749725673
BAD 467749725689
BAD 467778737689
BAD 467778737693
BAD 467802318187
BAD 467803503773
BAD 467808430703
BAD 467808430723
BAD 467808430729
BAD 467810785807
BAD 467811338473
BAD 467812065871
BAD 467815991569
BAD 467817853861
BAD 467936282887
BAD 467936448019
BAD 467939393689
BAD 467837254609
BAD 467837254613
BAD 467837476261
BAD 467941728959
BAD 467943328381
BAD 467840256349
BAD 467869516159
BAD 467945426917
BAD 467870184623
BAD 467891808623
BAD 467873299009
BAD 467873299013
BAD 467873299043
BAD 467856368803
BAD 467895848611
BAD 467895848617
BAD 467895848633
BAD 467895851713
BAD 467895851719
BAD 467896611899
BAD 467874027227
BAD 467874027241
BAD 467857805383
BAD 467786485171
BAD 467898800587
BAD 467898800591
BAD 467899374893
BAD 467899374919
BAD 467899374923
BAD 467860294063
BAD 467876786423
BAD 467901863861
BAD 467819372939
BAD 467905052203
BAD 467819481763
BAD 467819481769
BAD 467905369411
BAD 467820008113
BAD 467905514603
BAD 467879444983
BAD 467879445017
BAD 467907084487
BAD 467822791463
BAD 467792822291
BAD 467909774473
BAD 467881770001
BAD 467867665949
BAD 467882046871
BAD 467882046889
BAD 467882046901
BAD 467882046913
BAD 467882046917
BAD 467911319371
BAD 467913373933
BAD 467824994053
BAD 467825086741
BAD 467884220249
BAD 467825858911
BAD 467915579587
BAD 467915579591
BAD 467798906287
BAD 467828576503
BAD 468036439159
BAD 467830048513
BAD 468041253587
BAD 467834577209
BAD 467834577211
BAD 468045174931
BAD 468048883919
BAD 468048883921
BAD 468048898913
BAD 468023547469
BAD 468023547473
BAD 468026524247
BAD 468026524249
BAD 468026524253
BAD 467921282579
BAD 467921282581
BAD 468031085413
BAD 467923987483
BAD 467969796143
BAD 468033106033
BAD 467970768079
BAD 467932567603
BAD 467933430829
BAD 468013590229
BAD 468015860453
BAD 468016440599
BAD 468016440601
BAD 468016656391
BAD 467984165689
BAD 468017949767
BAD 468017949769
BAD 468058503301
BAD 468059153213
BAD 468060724459
BAD 468060724477
BAD 468062219929
BAD 468062927113
BAD 468063759439
BAD 468064550761
BAD 468064857289
BAD 468066590119
BAD 467987011369
BAD 468068321537
BAD 468068321551
BAD 468068321557
BAD 468068321563
BAD 467987315239
BAD 467987315267
BAD 467987315269
BAD 467988349883
BAD 467997326077
BAD 467997326081
BAD 467999027227
BAD 467999027233
BAD 467999519527
BAD 468001292543
BAD 468001891129
BAD 468089613583
BAD 468092001259
BAD 468092001263
BAD 468093243181
BAD 468093243187
BAD 468093728041
BAD 468094036741
BAD 467953873033
BAD 468096056951
BAD 467954767937
BAD 467954767939
BAD 468097734787
BAD 468097813949
BAD 468097813951
BAD 468097813957
BAD 467962573823
BAD 468101770337
BAD 467968251703
BAD 468070909087
BAD 468070994273
BAD 468073490683
BAD 468077516453
BAD 468077516461
BAD 468140661979
BAD 468081134929
BAD 468103736777
BAD 468103736783
BAD 468145046737
BAD 468106401863
BAD 468084483319
BAD 468084483323
BAD 468084483329
BAD 468084483331
BAD 468146211601
BAD 468108256883
BAD 468108256897
BAD 468147446323
BAD 468148004851
BAD 468149361973
BAD 468152656739
BAD 468153165913
BAD 468120491947
BAD 468117919823
BAD 468118033853
BAD 468121190633
BAD 468121560391
BAD 468123742543
BAD 468124115411
BAD 468124115423
BAD 468124361869
BAD 468124475809
BAD 468124475813
BAD 468124475821
BAD 468124475837
BAD 468128142623
BAD 468128306047
BAD 468133201577
BAD 468133201579
BAD 468133201699
BAD 468135408329
BAD 468135408331
BAD 468171282811
BAD 468173267083
BAD 468176209597
BAD 468176320441
BAD 468176320453
BAD 468176359489
BAD 468179980831
BAD 468182622077
BAD 468182622079
BAD 468182622139
BAD 468182622143
BAD 468185814091
BAD 468185814097
BAD 468185814101
BAD 468160340521
BAD 468166991321
BAD 468221698039
BAD 468206428373
BAD 468226245181
BAD 468228899813
BAD 468339288631
BAD 468339914579
BAD 468339914599
BAD 468210608461
BAD 468230018989
BAD 468211470379
BAD 468342923077
BAD 468213675103
BAD 468213675119
BAD 468213675121
BAD 468343228187
BAD 468343228189
BAD 468214150387
BAD 468214985767
BAD 468344397589
BAD 468344397593
BAD 468344397643
BAD 468235719629
BAD 468235719631
BAD 468235719649
BAD 468218197991
BAD 468218682263
BAD 468349611319
BAD 468349672859
BAD 468352071017
BAD 468352071023
BAD 468188191771
BAD 468188191787
BAD 468188191789
BAD 468191830783
BAD 468195159023
BAD 468195159031
BAD 468196489951
BAD 468196489963
BAD 468196489973
BAD 468198606413
BAD 468203674879
BAD 468245898937
BAD 468245928721
BAD 468255284059
BAD 468256019963
BAD 468246975967
BAD 468258095077
BAD 468258095111
BAD 468258095113
BAD 468259102711
BAD 468259119877
BAD 468273400489
BAD 468273400501
BAD 468260064079
BAD 468260591693
BAD 468260723659
BAD 468261461219
BAD 468261461221
BAD 468254139733
BAD 468261461257
BAD 468274783147
BAD 468322784981
BAD 468322784983
BAD 468261638869
BAD 468324630031
BAD 468278603633
BAD 468330603659
BAD 468308381423
BAD 468390372049
BAD 468390372053
BAD 468308749981
BAD 468270747533
BAD 468288146497
BAD 468288402139
BAD 468391531381
BAD 468310653469
BAD 468392028889
BAD 468313050389
BAD 468313050391
BAD 468313092931
BAD 468290729953
BAD 468287203543
BAD 468287203561
BAD 468287203567
BAD 468335155313
BAD 468315931327
BAD 468315931331
BAD 468372383863
BAD 468397755523
BAD 468292800653
BAD 468406038173
BAD 468292800659
BAD 468319074463
BAD 468319074473
BAD 468399396961
BAD 468399396967
BAD 468399490753
BAD 468400149649
BAD 468408245959
BAD 468321162737
BAD 468321162739
BAD 468401097743
BAD 468401097751
BAD 468374872817
BAD 468410251501
BAD 468297505303
BAD 468448018849
BAD 468448348231
BAD 468356349379
BAD 468376806713
BAD 468449677573
BAD 468414355991
BAD 468414355993
BAD 468414356029
BAD 468450796259
BAD 468450796267
BAD 468414946343
BAD 468379105373
BAD 468452144617
BAD 468301533653
BAD 468416751811
BAD 468359984137
BAD 468359984143
BAD 468302065019
BAD 468302540627
BAD 468302540633
BAD 468381543613
BAD 468381868433
BAD 468381897001
BAD 468381897007
BAD 468423504203
BAD 468420131639
BAD 468420131659
BAD 468421013933
BAD 468384257723
BAD 468425962349
BAD 468425962373
BAD 468364076381
BAD 468427831433
BAD 468429081907
BAD 468429580403
BAD 468523422727
BAD 468430965397
BAD 468523912489
BAD 468431741599
BAD 468431802583
BAD 468368622331
BAD 468433281739
BAD 468434487223
BAD 468371545199
BAD 468434900291
BAD 468434900293
BAD 468437111059
BAD 468437111063
BAD 468437111089
BAD 468438149941
BAD 468438151771
BAD 468531860959
BAD 468531860963
BAD 468532273129
BAD 468532273147
BAD 468538097123
BAD 468455868593
BAD 468459320083
BAD 468459902333
BAD 468460083829
BAD 468462433553
BAD 468463733719
BAD 468540347029
BAD 468541612843
BAD 468541612849
BAD 468507336641
BAD 468507336643
BAD 468507336653
BAD 468507336659
BAD 468509138941
BAD 468467640031
BAD 468544607191
BAD 468468466733
BAD 468513281851
BAD 468513281869
BAD 468513281881
BAD 468548835367
BAD 468548835371
BAD 468548835373
BAD 468471550031
BAD 468471550033
BAD 468471550037
BAD 468471550039
BAD 468516791957
BAD 468472032761
BAD 468555038993
BAD 468555038999
BAD 468520782749
BAD 468474605539
BAD 468474676213
BAD 468474676237
BAD 468474676253
BAD 468474676291
BAD 468474676303
BAD 468496181633
BAD 468476355733
BAD 468476355749
BAD 468476355751
BAD 468478536649
BAD 468481000853
BAD 468481000879
BAD 468481000951
BAD 468502966879
BAD 468503066039
BAD 468505807381
BAD 468505807387
BAD 468484066601
BAD 468487772617
BAD 468559234621
BAD 468561460069
BAD 468562234979
BAD 468562234981
BAD 468563145923
BAD 468563347783
BAD 468563657389
BAD 468564931531
BAD 468569454841
BAD 468571537849
BAD 468571537921
BAD 468572938651
BAD 468577336991
BAD 468578015981
BAD 468581363329
BAD 468584399897
BAD 468584399909
BAD 468584399911
BAD 468584947861
BAD 468587509603
BAD 468587597477
BAD 468587597479
BAD 468588783181
BAD 468588783197
BAD 468588783199
BAD 468590161399
BAD 468593158883
BAD 468609394621
BAD 468609772021
BAD 468594532969
BAD 468610305707
BAD 468595636051
BAD 468595636057
BAD 468595636063
BAD 468595636073
BAD 468614500103
BAD 468615509603
BAD 468617492999
BAD 468619491631
BAD 468640894013
BAD 468605613809
BAD 468605613811
BAD 468606469957
BAD 468642234553
BAD 468642234569
BAD 468642234581
BAD 468622588481
BAD 468648070201
BAD 468665841953
BAD 468668941613
BAD 468669403831
BAD 468670240201
BAD 468845038667
BAD 468845955583
BAD 468761761861
BAD 468848399753
BAD 468848514889
BAD 468765425287
BAD 468765938959
BAD 468768475243
BAD 468825358163
BAD 468827506883
BAD 468827506891
BAD 468827506909
BAD 468827506913
BAD 468855430339
BAD 468828439217
BAD 468772171807
BAD 468772171817
BAD 468829193969
BAD 468829537313
BAD 468857726101
BAD 468774253159
BAD 468774253163
BAD 468858262823
BAD 468810538733
BAD 468859356083
BAD 468862024021
BAD 468836862127
BAD 468814861877
BAD 468814861883
BAD 468863966603
BAD 468838648429
BAD 468838648433
BAD 468817084531
BAD 468840735217
BAD 468866199569
BAD 468866199583
BAD 468868919293
BAD 468819916519
BAD 468869794121
BAD 468624045997
BAD 468870585571
BAD 468674880701
BAD 468871964237
BAD 468873098237
BAD 468677025053
BAD 468677025077
BAD 468677116577
BAD 468874383623
BAD 468680435071
BAD 468631030033
BAD 468631350769
BAD 468695308273
BAD 468695374643
BAD 468631835821
BAD 468682492879
BAD 468682492891
BAD 468696127223
BAD 468634065727
BAD 468634065763
BAD 468684930949
BAD 468684930953
BAD 468635607511
BAD 468701596763
BAD 468892354013
BAD 468892354019
BAD 468638278421
BAD 468701677273
BAD 468725425879
BAD 468725862923
BAD 468725862973
BAD 468726610531
BAD 468726610591
BAD 468703422337
BAD 468703957639
BAD 468727432177
BAD 468728350483
BAD 468705517019
BAD 468899715439
BAD 468733987349
BAD 468908914723
BAD 468909272561
BAD 468909272563
BAD 468903610213
BAD 468736225361
BAD 468776095199
BAD 468776459839
BAD 468776459843
BAD 468913440871
BAD 468778070063
BAD 468778070087
BAD 468778070093
BAD 468913481327
BAD 468778190911
BAD 468907536731
BAD 468742976263
BAD 468742976311
BAD 468745187653
BAD 468879167513
BAD 468745712137
BAD 468782457673
BAD 468782686859
BAD 468782768393
BAD 468783823829
BAD 468921017869
BAD 468922454131
BAD 468923463739
BAD 468886227833
BAD 468886644427
BAD 468788586781
BAD 468788724589
BAD 468790500491
BAD 468754293961
BAD 468891458281
BAD 468756143533
BAD 468712907083
BAD 468712907101
BAD 468714869813
BAD 468714869839
BAD 468715700153
BAD 468716672183
BAD 468717016303
BAD 468717838921
BAD 468717838969
BAD 468929009189
BAD 468717838973
BAD 468717839003
BAD 468929009191
BAD 468929263513
BAD 468929263519
BAD 468719811233
BAD 468722810477
BAD 468934976243
BAD 468936413599
BAD 468937477303
BAD 468937594537
BAD 468937594553
BAD 468937594561
BAD 468938739853
BAD 468723159769
BAD 468723159803
BAD 468939683501
BAD 468944509903
BAD 468939932359
BAD 468939932371
BAD 468793742299
BAD 468946857451
BAD 468795277099
BAD 468949360249
BAD 468798353851
BAD 468952052071
BAD 468801563059
BAD 468801563071
BAD 468801563081
BAD 468802016237
BAD 468955927969
BAD 468802016239
BAD 468957351721
BAD 468958536803
BAD 468805746263
BAD 468805746271
BAD 468806986969
BAD 468977520139
BAD 468979021373
BAD 468980968459
BAD 468982170121
BAD 468986094893
BAD 468988077721
BAD 468962117269
BAD 468967407691
BAD 468967407703
BAD 468967899041
BAD 468972828833
BAD 468972828859
BAD 469043520739
BAD 469045998859
BAD 469051748063
BAD 469054932559
BAD 468993262763
BAD 468994902613
BAD 468994902619
BAD 469059189373
BAD 468998020903
BAD 469066236157
BAD 469068140377
BAD 469007742277
BAD 469007965633
BAD 469069831981
BAD 469069831987
BAD 469069831991
BAD 469008513839
BAD 469008930701
BAD 469008930703
BAD 469008930713
BAD 469079252779
BAD 469075041559
BAD 469076252641
BAD 469017731603
BAD 469018133873
BAD 469085814779
BAD 469085814781
BAD 469021686533
BAD 469111384607
BAD 469023075827
BAD 469030987823
BAD 469030987829
BAD 469024449769
BAD 469035644743
BAD 469035644747
BAD 469117810951
BAD 469118243567
BAD 469118243569
BAD 469040190631
BAD 469041128239
BAD 469177349423
BAD 469125852983
BAD 469125852997
BAD 469125853003
BAD 469178497561
BAD 469262675839
BAD 469183769371
BAD 469183769441
BAD 469183769443
BAD 469183769447
BAD 469183769449
BAD 469184210329
BAD 469184513227
BAD 469266157363
BAD 469187834903
BAD 469187834939
BAD 469188186499
BAD 469188186503
BAD 469188186541
BAD 469268149783
BAD 469096616851
BAD 469097779313
BAD 469192866833
BAD 469193633827
BAD 469193633833
BAD 469193633837
BAD 469101445927
BAD 469101445931
BAD 469101445933
BAD 469101445937
BAD 469101913297
BAD 469274793811
BAD 469274793817
BAD 469102307857
BAD 469102307881
BAD 469102307887
BAD 469277297449
BAD 469144215403
BAD 469104720473
BAD 469149397547
BAD 469211655821
BAD 469211655823
BAD 469211655827
BAD 469151164921
BAD 469211826709
BAD 469151414659
BAD 469194653203
BAD 469128030073
BAD 469215031429
BAD 469154139439
BAD 469131111931
BAD 469133411519
BAD 469200166783
BAD 469156204303
BAD 469200254381
BAD 469200541681
BAD 469200541687
BAD 469201568533
BAD 469202980261
BAD 469137402121
BAD 469203862769
BAD 469295065039
BAD 469204683413
BAD 469205040743
BAD 469231082941
BAD 469205712023
BAD 469205712029
BAD 469224584893
BAD 469296870517
BAD 469141290391
BAD 469296923153
BAD 469296923177
BAD 469224874793
BAD 469226208443
BAD 469208177329
BAD 469297593113
BAD 469209131107
BAD 469298183843
BAD 469234542493
BAD 469235636647
BAD 469235636651
BAD 469279853857
BAD 469161581773
BAD 469280842913
BAD 469237284437
BAD 469237284443
BAD 469165004933
BAD 469165775389
BAD 469284302191
BAD 469284302197
BAD 469284302213
BAD 469284557153
BAD 469284557197
BAD 469284784603
BAD 469285815571
BAD 469168929451
BAD 469286592389
BAD 469286592391
BAD 469286685493
BAD 469288435939
BAD 469288435999
BAD 469288783213
BAD 469308394657
BAD 469290039473
BAD 469309518383
BAD 469175035247
BAD 469328469761
BAD 469292904193
BAD 469245297973
BAD 469293712663
BAD 469293712669
BAD 469293712673
BAD 469293712681
BAD 469293883951
BAD 469294159303
BAD 469329522323
BAD 469252743121
BAD 469252743131
BAD 469252743187
BAD 469335214639
BAD 469335214643
BAD 469337710007
BAD 469338429883
BAD 469338429887
BAD 469342542223
BAD 469258905539
BAD 469258905541
BAD 469259469677
BAD 469259469683
BAD 469344413101
BAD 469344413107
BAD 469345478221
BAD 469347303973
BAD 469347764329
BAD 469354395977
BAD 469356115253
BAD 469357356833
BAD 469358535859
BAD 469360597711
BAD 469360937677
BAD 469312359913
BAD 469314017551
BAD 469315271273
BAD 469315271279
BAD 469317601723
BAD 469317601729
BAD 469317601741
BAD 469317601747
BAD 469318358393
BAD 469325269421
BAD 469325269423
BAD 469325269429
BAD 469325269433
BAD 469325398973
BAD 469325398979
BAD 469325398981
BAD 469326633263
BAD 469364043041
BAD 469365119987
BAD 469365119989
BAD 469370925713
BAD 469371378691
BAD 469372377413
BAD 469375116971
BAD 469383383149
BAD 469390069103
BAD 469390145333
BAD 469391344801
BAD 469395082763
BAD 469395395873
BAD 469401068897
BAD 469401784823
BAD 469403081333
BAD 469429552373
BAD 469429626329
BAD 469429626331
BAD 469405985003
BAD 469405985011
BAD 469406517403
BAD 469406517427
BAD 469406517431
BAD 469480613431
BAD 469480803907
BAD 469480803923
BAD 469409429183
BAD 469430572477
BAD 469430939911
BAD 469431223493
BAD 469486241153
BAD 469487901821
BAD 469487901823
BAD 469487901829
BAD 469488908879
BAD 469488908881
BAD 469488908891
BAD 469435243573
BAD 469435295933
BAD 469411756183
BAD 469411756189
BAD 469491215833
BAD 469491215839
BAD 469500117323
BAD 469500372457
BAD 469492913269
BAD 469492913273
BAD 469493056763
BAD 469495693747
BAD 469503326101
BAD 469503774689
BAD 469505480603
BAD 469438921613
BAD 469506974483
BAD 469413417637
BAD 469413417653
BAD 469413417673
BAD 469413417679
BAD 469509226187
BAD 469439938469
BAD 469441328233
BAD 469418154001
BAD 469443195853
BAD 469420516463
BAD 469512958193
BAD 469512958199
BAD 469515458569
BAD 469465567457
BAD 469424239483
BAD 469425348677
BAD 469518129991
BAD 469523451359
BAD 469523451361
BAD 469523451379
BAD 469474176497
BAD 469526881339
BAD 469527782419
BAD 469478669213
BAD 469580780519
BAD 469582984667
BAD 469583384807
BAD 469583384827
BAD 469584331361
BAD 469585723991
BAD 469585723993
BAD 469586535707
BAD 469586535709
BAD 469589672921
BAD 469614841561
BAD 469614841573
BAD 469617011971
BAD 469617011977
BAD 469619306903
BAD 469619306911
BAD 469620637669
BAD 469595316353
BAD 469595316397
BAD 469621543763
BAD 469621543771
BAD 469621543777
BAD 469595711813
BAD 469621601653
BAD 469731324583
BAD 469733808433
BAD 469733808503
BAD 469733966189
BAD 469735410763
BAD 469735410769
BAD 469546819981
BAD 469564120939
BAD 469565199421
BAD 469565885779
BAD 469565885783
BAD 469744476701
BAD 469744860677
BAD 469744860679
BAD 469571751403
BAD 469571751409
BAD 469571751437
BAD 469572469789
BAD 469572667583
BAD 469572912583
BAD 469557065513
BAD 469574310949
BAD 469602648527
BAD 469576513387
BAD 469451395663
BAD 469451498869
BAD 469578128989
BAD 469604351149
BAD 469452507583
BAD 469561727597
BAD 469561727599
BAD 469605622933
BAD 469605622939
BAD 469605622951
BAD 469562965559
BAD 469562965561
BAD 469608335701
BAD 469609003141
BAD 469610890499
BAD 469610890501
BAD 469611391603
BAD 469459437919
BAD 469612156943
BAD 469680779767
BAD 469752090469
BAD 469752090473
BAD 469752090481
BAD 469752090499
BAD 469530294271
BAD 469632772447
BAD 469753020391
BAD 469633353109
BAD 469633353113
BAD 469633353121
BAD 469634041823
BAD 469634410417
BAD 469634410423
BAD 469634410429
BAD 469634486107
BAD 469755420623
BAD 469756571293
BAD 469687309397
BAD 469687625903
BAD 469688773583
BAD 469715241263
BAD 469715367421
BAD 469537243891
BAD 469640189327
BAD 469640189329
BAD 469640189377
BAD 469690219519
BAD 469641285719
BAD 469641285721
BAD 469641665453
BAD 469641940463
BAD 469691647001
BAD 469691647003
BAD 469666267771
BAD 469666645607
BAD 469666898027
BAD 469693335347
BAD 469542658591
BAD 469720271413
BAD 469645250887
BAD 469645250891
BAD 469763573869
BAD 469647577229
BAD 469721291903
BAD 469694537911
BAD 469694694817
BAD 469694694871
BAD 469721615047
BAD 469721728843
BAD 469694998159
BAD 469545468409
BAD 469670289733
BAD 469670289743
BAD 469671342299
BAD 469672947721
BAD 469726998233
BAD 469674135551
BAD 469674541229
BAD 469676099803
BAD 469677110743
BAD 469677110753
BAD 469677110759
BAD 469677110761
BAD 469730711929
BAD 469657571543
BAD 469657571549
BAD 469659767089
BAD 469660506619
BAD 469660506661
BAD 469660506671
BAD 469660506673
BAD 469698642949
BAD 469698642953
BAD 469699816279
BAD 469704148153
BAD 469706237227
BAD 469708073297
BAD 469708073299
BAD 469708708369
BAD 469781271889
BAD 469781838973
BAD 469782735563
BAD 469789931957
BAD 469789931959
BAD 469790238347
BAD 469792850903
BAD 469794828179
BAD 469795406947
BAD 469795860323
BAD 469795860329
BAD 469797461113
BAD 469797461117
BAD 469797561559
BAD 469764573857
BAD 469765631857
BAD 469769182969
BAD 469769182973
BAD 469769936431
BAD 469771509481
BAD 469772030879
BAD 469774639207
BAD 469774826629
BAD 469776998303
BAD 469816826341
BAD 469816826449
BAD 469816826459
BAD 469868322073
BAD 469868667427
BAD 469868916247
BAD 469870179007
BAD 469870179011
BAD 469870179013
BAD 469819462183
BAD 469819462187
BAD 469871158789
BAD 469853669041
BAD 469872398329
BAD 469873032163
BAD 469822578623
BAD 469822578629
BAD 469822603931
BAD 469822603933
BAD 469836527689
BAD 469874589719
BAD 469874589721
BAD 469874876993
BAD 469837742447
BAD 469825040567
BAD 469825040569
BAD 469825386439
BAD 469825386451
BAD 469825386469
BAD 469859189117
BAD 469877015093
BAD 469877835907
BAD 469861688897
BAD 469862061983
BAD 469862061989
BAD 469862070397
BAD 469828062833
BAD 469880979119
BAD 469880979121
BAD 469864262141
BAD 469864262143
BAD 469829153881
BAD 469829153887
BAD 469829278561
BAD 469902159137
BAD 469903740541
BAD 469903740547
BAD 469906609129
BAD 469908729331
BAD 469910833789
BAD 469911357347
BAD 469882042519
BAD 469914457591
BAD 469799424079
BAD 469886918401
BAD 469890051217
BAD 469890051223
BAD 469890051227
BAD 469890051229
BAD 469890822173
BAD 469890822223
BAD 469890822241
BAD 469803231917
BAD 469803231923
BAD 469807839013
BAD 469807839023
BAD 469807839037
BAD 469897400407
BAD 469897985773
BAD 469810040881
BAD 469810663877
BAD 469810663879
BAD 469811218889
BAD 469813795393
BAD 469813795403
BAD 469814179073
BAD 469922362901
BAD 469922362913
BAD 469924087753
BAD 469924087793
BAD 469926659987
BAD 469926659989
BAD 469934151553
BAD 469936484099
BAD 469982757347
BAD 469938698591
BAD 469938698597
BAD 469938733813
BAD 469968258731
BAD 469942831517
BAD 469942831559
BAD 469988878669
BAD 469952593093
BAD 469989471023
BAD 469971552773
BAD 469971552781
BAD 469971552793
BAD 469971552839
BAD 469972303501
BAD 469972303519
BAD 469973909627
BAD 469955753699
BAD 469994735173
BAD 469994735179
BAD 469994735183
BAD 469994735191
BAD 469958405809
BAD 469994977447
BAD 469959465581
BAD 469978866127
BAD 469978866131
BAD 469961875891
BAD 469962926837
BAD 469981823141
BAD 469965152263
RANGE 460000000000 470000000000 PRIMES 372228587 BAD 5702
