BAD 640235245477
BAD 640236967159
BAD 640101287233
BAD 640101287269
BAD 640102278547
BAD 640102278559
BAD 640102278593
BAD 640102278601
BAD 640105005961
BAD 640241922143
BAD 640255165777
BAD 640255838113
BAD 640285908013
BAD 640120279391
BAD 640121076709
BAD 640291055153
BAD 640263054259
BAD 640263653683
BAD 640125309617
BAD 640296325091
BAD 640296325093
BAD 640296325103
BAD 640184813293
BAD 640185346403
BAD 640186151327
BAD 640019103973
BAD 640352680739
BAD 640196106833
BAD 640354387133
BAD 640134264043
BAD 640134264047
BAD 640354812277
BAD 640336511041
BAD 640336511057
BAD 640338182027
BAD 640220027219
BAD 640271706901
BAD 640271706937
BAD 640138158013
BAD 640340898949
BAD 640222969063
BAD 640222969069
BAD 640222969073
BAD 640053514003
BAD 640274206237
BAD 640168332967
BAD 640168332977
BAD 640168333003
BAD 640344401197
BAD 640275952013
BAD 640346037833
BAD 640346037839
BAD 640346037841
BAD 640277769277
BAD 640144917131
BAD 640144917133
BAD 640008527929
BAD 640008527933
BAD 640008527947
BAD 640008527989
BAD 640347733489
BAD 640174598303
BAD 640233139643
BAD 640088166317
BAD 640320671051
BAD 640060823693
BAD 640016374681
BAD 640311037699
BAD 640204806259
BAD 640180492253
BAD 640158536123
BAD 640158536141
BAD 640205764909
BAD 640206153283
BAD 640314324931
BAD 640183616561
BAD 640183616563
BAD 640317354727
BAD 640317354731
BAD 640318105489
BAD 640162134593
BAD 640162134691
BAD 640318572713
BAD 640318572721
BAD 640099532333
BAD 640164397531
BAD 640164397619
BAD 640164661627
BAD 640166775517
BAD 640039151971
BAD 640042352179
BAD 640387087381
BAD 640388807719
BAD 640388807731
BAD 640047587521
BAD 640395082477
BAD 640401853843
BAD 640371020063
BAD 640371020071
BAD 640371020101
BAD 640372967963
BAD 640374198493
BAD 640375478893
BAD 640375478929
BAD 640377442517
BAD 640377442519
BAD 640455616279
BAD 640423715389
BAD 640423715423
BAD 640458204943
BAD 640458204949
BAD 640426937653
BAD 640428939679
BAD 640428939701
BAD 640429388033
BAD 640476578117
BAD 640476578123
BAD 640464183659
BAD 640464183661
BAD 640464183683
BAD 640433432083
BAD 640479467611
BAD 640468190491
BAD 640468190543
BAD 640469328661
BAD 640482251449
BAD 640434644041
BAD 640435059289
BAD 640722398689
BAD 640722472267
BAD 640722528031
BAD 640724140039
BAD 640724900623
BAD 640608334999
BAD 640615032751
BAD 640616051347
BAD 640617400351
BAD 640617400369
BAD 640617646733
BAD 640594404589
BAD 640594834393
BAD 640402825883
BAD 640406294791
BAD 640600264949
BAD 640600264951
BAD 640600264957
BAD 640690138717
BAD 640409775079
BAD 640603359181
BAD 640603359191
BAD 640493995181
BAD 640698338977
BAD 640698338989
BAD 640495398553
BAD 640495398563
BAD 640495398577
BAD 640703188163
BAD 640437340243
BAD 640437340247
BAD 640447114393
BAD 640673803013
BAD 640705957063
BAD 640674307607
BAD 640676327191
BAD 640676327197
BAD 640526769121
BAD 640740584879
BAD 640639051907
BAD 640639051909
BAD 640741550797
BAD 640741550809
BAD 640741550821
BAD 640741550833
BAD 640624965403
BAD 640679371609
BAD 640625449501
BAD 640625449523
BAD 640628310079
BAD 640628310083
BAD 640644713749
BAD 640534556839
BAD 640747200349
BAD 640535823769
BAD 640536607561
BAD 640536607591
BAD 640536607597
BAD 640647230633
BAD 640558504471
BAD 640558765963
BAD 640558765981
BAD 640558765991
BAD 640559271817
BAD 640559544923
BAD 640687308959
BAD 640636530371
BAD 640667745719
BAD 640667745721
BAD 640564330591
BAD 640565282873
BAD 640567194191
BAD 640567194193
BAD 640512286033
BAD 640543538431
BAD 640756036247
BAD 640544117273
BAD 640544117281
BAD 640547743141
BAD 640516617877
BAD 640516647151
BAD 640516647157
BAD 640516696073
BAD 640761233551
BAD 640549172801
BAD 640549172803
BAD 640549172807
BAD 640549172917
BAD 640550881393
BAD 640764472031
BAD 640764562687
BAD 640764562709
BAD 640765946603
BAD 640767941551
BAD 640768503569
BAD 640571663689
BAD 640585998193
BAD 640774468717
BAD 640774468721
BAD 640774468723
BAD 640774468727
BAD 640774468729
BAD 640586607083
BAD 640586757917
BAD 640586757919
BAD 640586757931
BAD 640781569121
BAD 640781569123
BAD 640790442751
BAD 640790442757
BAD 640795427431
BAD 640795427443
BAD 640802311879
BAD 640802311883
BAD 640804362323
BAD 640804362329
BAD 640815105299
BAD 640821092209
BAD 640841013697
BAD 640847097439
BAD 640847415647
BAD 640867606003
BAD 640852665527
BAD 640852665529
BAD 640871710799
BAD 640873615873
BAD 640875623161
BAD 640889733959
BAD 640890060893
BAD 640876523957
BAD 640879804349
BAD 640879804351
BAD 640879804363
BAD 640942963699
BAD 640882111921
BAD 640883522039
BAD 640896716783
BAD 640950139523
BAD 640952360701
BAD 640952360707
BAD 640952360723
BAD 640904273767
BAD 640909720271
BAD 640913349553
BAD 640827972563
BAD 640827972569
BAD 640827972571
BAD 640828087817
BAD 640828087819
BAD 640914764341
BAD 640917761681
BAD 640917761683
BAD 640832373197
BAD 640832373199
BAD 640919427019
BAD 640919427023
BAD 640919722691
BAD 641085898493
BAD 641085898573
BAD 641086203119
BAD 641088041873
BAD 640838846093
BAD 640931630893
BAD 640931630903
BAD 640932323033
BAD 640935256541
BAD 641127453233
BAD 641127453247
BAD 641009998949
BAD 641011435247
BAD 641011435249
BAD 641011435261
BAD 641015884307
BAD 641015884309
BAD 641136713311
BAD 641138507599
BAD 641138507609
BAD 641139596873
BAD 641139596879
BAD 641019650273
BAD 641024220469
BAD 641144742481
BAD 641144742493
BAD 641162276543
BAD 640990023043
BAD 640990023053
BAD 641031436909
BAD 641163021259
BAD 641163059791
BAD 641033639137
BAD 641149564351
BAD 641044309033
BAD 641151070733
BAD 641092082179
BAD 641035616581
BAD 641092470763
BAD 641092487899
BAD 641092487911
BAD 641038191163
BAD 641038677241
BAD 641171018183
BAD 641049992273
BAD 641109613663
BAD 641096752411
BAD 641096752421
BAD 641096752423
BAD 641173504703
BAD 641110678727
BAD 641110678729
BAD 641052119909
BAD 641000757871
BAD 640975320793
BAD 641052801611
BAD 641053994663
BAD 641053994671
BAD 640977346511
BAD 641062439377
BAD 641062439383
BAD 641062439393
BAD 640978797311
BAD 640978797313
BAD 641114986349
BAD 640981684501
BAD 640981716871
BAD 641117756033
BAD 641117756039
BAD 640983612403
BAD 640984226903
BAD 640986397343
BAD 640986397367
BAD 640986722941
BAD 641122977793
BAD 641174911733
BAD 641175825457
BAD 641180296093
BAD 641187730681
BAD 641225972719
BAD 641227926103
BAD 641230445357
BAD 641236220633
BAD 641219647501
BAD 641219647531
BAD 641239355971
BAD 641239355983
BAD 641239355993
BAD 641219695499
BAD 641222876323
BAD 641284031329
BAD 641284519921
BAD 641284900957
BAD 641284900973
BAD 641285125519
BAD 641287956193
BAD 641288789389
BAD 641195070101
BAD 641195494237
BAD 641195494243
BAD 641206618471
BAD 641305811021
BAD 641305811023
BAD 641260223579
BAD 641260223581
BAD 641262349477
BAD 641265320491
BAD 641265320503
BAD 641265320519
BAD 641266327993
BAD 641271374837
BAD 641271374839
BAD 641271374851
BAD 641271374857
BAD 641345273983
BAD 641346960307
BAD 641349861857
BAD 641349861863
BAD 641246750597
BAD 641247471611
BAD 641250672373
BAD 641250672679
BAD 641250672683
BAD 641252207177
BAD 641252207179
BAD 641357075837
BAD 641357075839
BAD 641357075903
BAD 641357899883
BAD 641360200601
BAD 641360200603
BAD 641360200651
BAD 641510906473
BAD 641560361809
BAD 641560571933
BAD 641563700389
BAD 641332815589
BAD 641332815593
BAD 641332815601
BAD 641332815637
BAD 641333217157
BAD 641333460773
BAD 641568615937
BAD 641339602531
BAD 641340158213
BAD 641340209593
BAD 641340209599
BAD 641463608483
BAD 641464116121
BAD 641376486169
BAD 641468547961
BAD 641468547977
BAD 641319640723
BAD 641319640727
BAD 641319640729
BAD 641398274791
BAD 641320407353
BAD 641480005729
BAD 641473822909
BAD 641473940693
BAD 641473940719
BAD 641323995821
BAD 641324736977
BAD 641324736979
BAD 641475195737
BAD 641475195743
BAD 641475617087
BAD 641475617089
BAD 641404079507
BAD 641404079509
BAD 641417799377
BAD 641499610387
BAD 641499711863
BAD 641406269731
BAD 641502186337
BAD 641502186341
BAD 641502186343
BAD 641431179769
BAD 641390466263
BAD 641408986811
BAD 641391544567
BAD 641487996791
BAD 641505430859
BAD 641505430861
BAD 641505430871
BAD 641505430873
BAD 641433793849
BAD 641433793853
BAD 641424507149
BAD 641424507151
BAD 641434548673
BAD 641492341111
BAD 641547638581
BAD 641548725247
BAD 641549117029
BAD 641550440243
BAD 641555094769
BAD 641579827129
BAD 641579827159
BAD 641633738453
BAD 641638181809
BAD 641594539613
BAD 641598894653
BAD 641613564199
BAD 641613564203
BAD 641678066233
BAD 641614209443
BAD 641678343811
BAD 641615135713
BAD 641670981647
BAD 641670981649
BAD 641671027993
BAD 641680321033
BAD 641680321043
BAD 641681476399
BAD 641686406509
BAD 641686406513
BAD 641686406521
BAD 641623832687
BAD 641692963199
BAD 641692963201
BAD 641693714281
BAD 641695067603
BAD 641700632449
BAD 641720761519
BAD 641720761523
BAD 641650756871
BAD 641650859303
BAD 641722450153
BAD 641722450163
BAD 641705245661
BAD 641705245673
BAD 641705604557
BAD 641705604559
BAD 641705604563
BAD 641724182017
BAD 641724182023
BAD 641724182027
BAD 641727348523
BAD 641727348527
BAD 641727348529
BAD 641727351143
BAD 641727351149
BAD 641727351151
BAD 641727351157
BAD 641727397573
BAD 641727397613
BAD 641709948169
BAD 641800269679
BAD 641897927663
BAD 641900829751
BAD 641741129093
BAD 641743102439
BAD 641743102447
BAD 641743240951
BAD 641929775783
BAD 641930998003
BAD 641912209933
BAD 641933928787
BAD 641933928803
BAD 641933928809
BAD 641946240941
BAD 641947628669
BAD 641880408797
BAD 641762475241
BAD 641949974779
BAD 641881601677
BAD 641881601681
BAD 641881702513
BAD 641881702549
BAD 641765785051
BAD 641885117773
BAD 641885117779
BAD 641885117803
BAD 641885117813
BAD 641915161561
BAD 641915161567
BAD 641915161571
BAD 641786924839
BAD 641918449609
BAD 641789261863
BAD 641789261879
BAD 641789261881
BAD 641888885633
BAD 641888885641
BAD 641789314157
BAD 641789314163
BAD 641891216983
BAD 641891216999
BAD 641920650089
BAD 641960293673
BAD 641792269969
BAD 641960730833
BAD 641960730847
BAD 641960730857
BAD 641792911499
BAD 641847632501
BAD 641813655877
BAD 641813655893
BAD 641862975211
BAD 641794522021
BAD 641775991669
BAD 641775991697
BAD 641775991699
BAD 641776291747
BAD 641831489339
BAD 641831489363
BAD 641926933897
BAD 641850657883
BAD 641850657893
BAD 641928269783
BAD 641834315071
BAD 641869312891
BAD 641869312897
BAD 641836631179
BAD 641822816461
BAD 641856033619
BAD 641856931283
BAD 641859362609
BAD 641843556931
BAD 641745680243
BAD 641748352951
BAD 641755790243
BAD 641756088877
BAD 641759680381
BAD 641760884221
BAD 641761213823
BAD 641964797777
BAD 641964797779
BAD 641964797783
BAD 641969745143
BAD 641969745149
BAD 641970478223
BAD 641970478231
BAD 641976035867
BAD 641986378529
BAD 641986378531
BAD 641987380717
BAD 641988252023
BAD 641988252029
BAD 642075661763
BAD 642078179707
BAD 642041619319
BAD 641995811089
BAD 642045733187
BAD 642045733193
BAD 642045733201
BAD 642018622111
BAD 642001078021
BAD 642001078031
BAD 642001713863
BAD 642020036341
BAD 642003948587
BAD 642003948589
BAD 642006278107
BAD 642010376807
BAD 642010376809
BAD 642010432477
BAD 642050479249
BAD 642050479261
BAD 642052129181
BAD 642052129183
BAD 642052149647
BAD 642052149649
BAD 642084881467
BAD 642097914781
BAD 642098226331
BAD 642089566579
BAD 642090150109
BAD 642101771453
BAD 642101771459
BAD 642101771461
BAD 642102357781
BAD 642092353367
BAD 642096502849
BAD 642110238269
BAD 642110238271
BAD 642110901727
BAD 642112583579
BAD 642118700059
BAD 642118700071
BAD 642118700077
BAD 642119129167
BAD 642123534499
BAD 642131009761
BAD 642135036643
BAD 642135036649
BAD 642170061539
BAD 642170061541
BAD 642170061569
BAD 642170061571
BAD 642139434991
BAD 642140755307
BAD 642175576199
BAD 642175576201
BAD 642146907893
BAD 642146907907
BAD 642218312443
BAD 642349333819
BAD 642223102567
BAD 642224935111
BAD 642355269739
BAD 642227247887
BAD 642227247889
BAD 642356406623
BAD 642315732577
BAD 642357685601
BAD 642357685603
BAD 642360479329
BAD 642248363749
BAD 642248363753
BAD 642363500971
BAD 642322097453
BAD 642323200741
BAD 642256006043
BAD 642335401459
BAD 642256111153
BAD 642256111171
BAD 642266749477
BAD 642336808147
BAD 642330916093
BAD 642330916103
BAD 642341288221
BAD 642287215223
BAD 642287709079
BAD 642287709083
BAD 642201556237
BAD 642231664073
BAD 642300206239
BAD 642300206243
BAD 642345032029
BAD 642292200061
BAD 642281022899
BAD 642281022907
BAD 642203878879
BAD 642302813903
BAD 642302813917
BAD 642302813927
BAD 642303671341
BAD 642205045219
BAD 642304485919
BAD 642207211523
BAD 642163049729
BAD 642210768239
BAD 642210768259
BAD 642210768263
BAD 642241938623
BAD 642312277381
BAD 642313919453
BAD 642313919503
BAD 642244452649
BAD 642244452653
BAD 642245896217
BAD 642188069933
BAD 642188069953
BAD 642189500179
BAD 642193157077
BAD 642196205653
BAD 642373253149
BAD 642375269177
BAD 642375269183
BAD 642375269189
BAD 642375269191
BAD 642386614949
BAD 642378417259
BAD 642378417271
BAD 642378417287
BAD 642378417293
BAD 642380419321
BAD 642380419333
BAD 642380419337
BAD 642391167029
BAD 642391167031
BAD 642420844673
BAD 642397803953
BAD 642426316561
BAD 642428350411
BAD 642432647137
BAD 642432647141
BAD 642449899249
BAD 642451514363
BAD 642454038619
BAD 642454038623
BAD 642400882639
BAD 642404567033
BAD 642405246211
BAD 642459036563
BAD 642413974093
BAD 642413974099
BAD 642414147283
BAD 642414147289
BAD 642414147293
BAD 642465817069
BAD 642465817073
BAD 642415561171
BAD 642489575977
BAD 642493413239
BAD 642493413241
BAD 642493904587
BAD 642494566279
BAD 642498259499
BAD 642467009383
BAD 642470377603
BAD 642470377607
BAD 642470377609
BAD 642471433399
BAD 642476283377
BAD 642512697733
BAD 642520205123
BAD 642525019561
BAD 642550515323
BAD 642548985581
BAD 642548985583
BAD 642548985587
BAD 642555081271
BAD 642549862687
BAD 642556543523
BAD 642556543537
BAD 642558822491
BAD 642562147373
BAD 642571477699
BAD 642719911313
BAD 642721585747
BAD 642580361029
BAD 642580361047
BAD 642634305671
BAD 642634305673
BAD 642634305721
BAD 642634305727
BAD 642618375151
BAD 642601613933
BAD 642618934739
BAD 642704746003
BAD 642583610243
BAD 642636685027
BAD 642636685043
BAD 642689115379
BAD 642606096403
BAD 642606096409
BAD 642606096413
BAD 642691706537
BAD 642691706539
BAD 642691706543
BAD 642669866023
BAD 642624442451
BAD 642624442489
BAD 642693985403
BAD 642610419211
BAD 642733278751
BAD 642610970641
BAD 642611848553
BAD 642585831829
BAD 642585831871
BAD 642698078681
BAD 642586251583
BAD 642586251599
BAD 642586988011
BAD 642715111589
BAD 642698978011
BAD 642648458941
BAD 642676413497
BAD 642676413499
BAD 642648736567
BAD 642676897913
BAD 642716788699
BAD 642716788711
BAD 642678692353
BAD 642632603453
BAD 642632603461
BAD 642742417003
BAD 642683369039
BAD 642744929881
BAD 642595434139
BAD 642757066559
BAD 642757066561
BAD 642766144177
BAD 642793776593
BAD 642793776637
BAD 642803925677
BAD 642803925679
BAD 642805121663
BAD 642798276971
BAD 642815980021
BAD 642770882183
BAD 642776155711
BAD 642780176131
BAD 642783029437
BAD 642844074193
BAD 642844074199
BAD 642844436057
BAD 642889479443
BAD 642869235193
BAD 642876517253
BAD 642877972417
BAD 642879070217
BAD 642879070219
BAD 642879833689
BAD 642822828311
BAD 642822828313
BAD 642822828317
BAD 642900037831
BAD 642823402567
BAD 642852262523
BAD 642852262537
BAD 642852262567
BAD 642852262573
BAD 642853094371
BAD 642855269027
BAD 642855269071
BAD 642832174969
BAD 642832533923
BAD 642906241013
BAD 642907045471
BAD 642909801199
BAD 642912656093
BAD 642938994353
BAD 642938994359
BAD 642938994361
BAD 642954793027
BAD 642957493261
BAD 642957493267
BAD 642967143821
BAD 642967143823
BAD 642967997213
BAD 643070255791
BAD 643070255911
BAD 643071027601
BAD 643121252779
BAD 643121252783
BAD 642969897527
BAD 643074633559
BAD 643074633563
BAD 643075445963
BAD 643076689009
BAD 642989343869
BAD 643129176707
BAD 643129176709
BAD 643129176713
BAD 643078848179
BAD 642990825517
BAD 643129627831
BAD 642978589523
BAD 642978589531
BAD 642978589537
BAD 642991804549
BAD 643131960439
BAD 643082210789
BAD 643082210791
BAD 643058030581
BAD 643058030597
BAD 643058030623
BAD 642984291601
BAD 643136440043
BAD 643136440057
BAD 642997080521
BAD 643000276969
BAD 643003641209
BAD 643003641211
BAD 643020845359
BAD 643021371079
BAD 643088851943
BAD 643092522733
BAD 643093328483
BAD 643027976363
BAD 643047514201
BAD 643094477177
BAD 643011252097
BAD 643030953941
BAD 643012672129
BAD 643013521963
BAD 643013521967
BAD 643013521981
BAD 643035267923
BAD 643052801513
BAD 643052801527
BAD 643036054261
BAD 643036054277
BAD 643099474379
BAD 643116747331
BAD 643116747373
BAD 643116747391
BAD 643156131923
BAD 643167736837
BAD 643169868589
BAD 643137973259
BAD 643143585233
BAD 643150085803
BAD 643152256727
BAD 643152256729
BAD 643174271329
BAD 643177816759
BAD 643177816763
BAD 643177816783
BAD 643177816789
BAD 643177816793
BAD 643184523679
BAD 643187270507
BAD 643193080813
BAD 643196779333
BAD 643196792647
BAD 643204403209
BAD 643204403221
BAD 643205214259
BAD 643288728421
BAD 643288728469
BAD 643288728503
BAD 643216068379
BAD 643218971701
BAD 643292766217
BAD 643294106737
BAD 643294106743
BAD 643298111977
BAD 643299281567
BAD 643303898947
BAD 643261377923
BAD 643261377937
BAD 643264295783
BAD 643264295797
BAD 643264295819
BAD 643264295827
BAD 643264661843
BAD 643265375953
BAD 643265375957
BAD 643265375959
BAD 643268880907
BAD 643245728431
BAD 643269863713
BAD 643246871933
BAD 643222087531
BAD 643248404243
BAD 643224996649
BAD 643251517633
BAD 643306284883
BAD 643306284893
BAD 643227133337
BAD 643227133343
BAD 643227133363
BAD 643307065741
BAD 643229207759
BAD 643233066407
BAD 643233066409
BAD 643313775301
BAD 643279955561
BAD 643279955567
BAD 643315689017
BAD 643315689019
BAD 643315838719
BAD 643315838749
BAD 643315838899
BAD 643315838903
BAD 643316953723
BAD 643316953729
BAD 643316960987
BAD 643316960989
BAD 643287604823
BAD 643323532157
BAD 643323532237
BAD 643331179681
BAD 643333770421
BAD 643333770559
BAD 643337898901
BAD 643341866819
BAD 643341866821
BAD 643345959887
BAD 643345959889
BAD 643353239537
BAD 643353239539
BAD 643353684587
BAD 643391472109
BAD 643391911403
BAD 643395198379
BAD 643397823259
BAD 643420201429
BAD 643447025959
BAD 643374608963
BAD 643450701799
BAD 643378166077
BAD 643378166129
BAD 643402551949
BAD 643490728571
BAD 643490997529
BAD 643490997533
BAD 643490997559
BAD 643491975493
BAD 643475329597
BAD 643475329603
BAD 643383196229
BAD 643383196231
BAD 643359900023
BAD 643494756757
BAD 643494756761
BAD 643494756763
BAD 643509291151
BAD 643509291181
BAD 643536533771
BAD 643510276891
BAD 643496123807
BAD 643537845373
BAD 643537903321
BAD 643386998719
BAD 643538043721
BAD 643481398013
BAD 643481398033
BAD 643481398037
BAD 643481398039
BAD 643497453901
BAD 643515643879
BAD 643367846929
BAD 643501119991
BAD 643520753333
BAD 643488326683
BAD 643426135019
BAD 643426135021
BAD 643433047771
BAD 643433210669
BAD 643433210671
BAD 643433861857
BAD 643458579769
BAD 643472271859
BAD 643582549249
BAD 643605491863
BAD 643605491869
BAD 643606989643
BAD 643587512599
BAD 643587512627
BAD 643587512629
BAD 643588051999
BAD 643588255111
BAD 643588255117
BAD 643565146397
BAD 643543401353
BAD 643568033267
BAD 643545844037
BAD 643552173113
BAD 643695707407
BAD 643714234183
BAD 643714234193
BAD 643714234199
BAD 643714234201
BAD 643714735903
BAD 643716496373
BAD 643716795661
BAD 643716795679
BAD 643718522831
BAD 643718522833
BAD 643742305009
BAD 643642466213
BAD 643642466227
BAD 643643456501
BAD 643643456503
BAD 643643456509
BAD 643643456513
BAD 643644421499
BAD 643644421501
BAD 643650614143
BAD 643650614149
BAD 643753564343
BAD 643657645459
BAD 643658611441
BAD 643663345123
BAD 643663671503
BAD 643663671509
BAD 643663671523
BAD 643634426209
BAD 643636624937
BAD 643638609571
BAD 643736903921
BAD 643736903923
BAD 643736903933
BAD 643768266907
BAD 643768528789
BAD 643770090793
BAD 643775233393
BAD 643772246791
BAD 643777280387
BAD 643777280389
BAD 643778037379
BAD 643778037403
BAD 643858964389
BAD 643858964429
BAD 643858964431
BAD 643783568453
BAD 643859537567
BAD 643859537569
BAD 643790125313
BAD 643869886189
BAD 643915605973
BAD 643794067171
BAD 643922635493
BAD 643826064503
BAD 643826064527
BAD 643827017929
BAD 643876978141
BAD 643842188057
BAD 643843990639
BAD 643844672749
BAD 643844672777
BAD 643844672791
BAD 643806717907
BAD 643806807737
BAD 643806807739
BAD 643846084201
BAD 643849737977
BAD 643850807953
BAD 643850807959
BAD 643838950061
BAD 643838950063
BAD 643851934381
BAD 643840731707
BAD 643840731713
BAD 643840731733
BAD 643888618487
BAD 643888618489
BAD 643888618493
BAD 643888618501
BAD 643888618511
BAD 643852786639
BAD 643891689109
BAD 643899900079
BAD 643907944957
BAD 643927062013
BAD 643932282619
BAD 643932282661
BAD 643943712341
BAD 643943712343
BAD 643949032039
BAD 643978640363
BAD 643982269943
BAD 643983395207
BAD 643964935333
BAD 643985954509
BAD 643997955637
BAD 644001286111
BAD 644001386813
BAD 644002736627
BAD 643975299089
BAD 643975299091
BAD 643975299139
BAD 643975299151
BAD 644007733867
BAD 644007733871
BAD 644007733877
BAD 644007733879
BAD 644007733883
BAD 644008293703
BAD 644033859127
BAD 644033859143
BAD 644038142777
BAD 644038142779
BAD 644039893213
BAD 644039893219
BAD 644039893223
BAD 644039893229
BAD 644053225457
BAD 644054625293
BAD 644070554473
BAD 644012435401
BAD 644020467347
BAD 644078663101
BAD 644130165277
BAD 644111393743
BAD 644133085879
BAD 644134471093
BAD 644116247989
BAD 644116247993
BAD 644136856009
BAD 644171337541
BAD 644121127109
BAD 644191205407
BAD 644123388949
BAD 644123686363
BAD 644123686373
BAD 644123686379
BAD 644176193897
BAD 644176559449
BAD 644200592899
BAD 644201447119
BAD 644146935851
BAD 644094170231
BAD 644204452081
BAD 644150706361
BAD 644151014723
BAD 644103568081
BAD 644103568193
BAD 644156763301
BAD 644156763311
BAD 644158253341
BAD 644212918561
BAD 644229805631
BAD 644229805633
BAD 644229805643
BAD 644229805651
BAD 644217917269
BAD 644231257183
BAD 644248397671
BAD 644249112349
BAD 644223410123
BAD 644250886703
BAD 644250886717
BAD 644225709209
BAD 644315602129
BAD 644254239619
BAD 644254239623
BAD 644254790287
BAD 644254790293
BAD 644254790323
BAD 644254790327
BAD 644254790329
BAD 644227742869
BAD 644273208913
BAD 644288890543
BAD 644288890579
BAD 644288890589
BAD 644288890591
BAD 644288994541
BAD 644300892439
BAD 644244579709
BAD 644320373783
BAD 644320373789
BAD 644302069517
BAD 644302069519
BAD 644275751059
BAD 644260565119
BAD 644322740539
BAD 644276896253
BAD 644277023959
BAD 644306120371
BAD 644325721409
BAD 644325721411
BAD 644326593193
BAD 644310943723
BAD 644310943753
BAD 644310943763
BAD 644332314023
BAD 644332314029
BAD 644334018023
BAD 644363479709
BAD 644363623679
BAD 644363623681
BAD 644367993337
BAD 644367993341
BAD 644368117409
BAD 644368117411
BAD 644371322519
BAD 644371322521
BAD 644371322593
BAD 644371322611
BAD 644348148259
BAD 644381164087
BAD 644385456367
BAD 644387203331
BAD 644395185823
BAD 644395185827
BAD 644395185829
BAD 644395436563
BAD 644396086981
BAD 644398562089
BAD 644404607393
BAD 644405350493
BAD 644435502541
BAD 644451342113
BAD 644451342127
BAD 644442714481
BAD 644442714493
BAD 644443338599
BAD 644443338601
BAD 644444642563
BAD 644457066739
BAD 644457368861
BAD 644458398863
BAD 644458398889
BAD 644458398893
BAD 644412999667
BAD 644413496057
BAD 644413496059
BAD 644413496071
BAD 644413496081
BAD 644413668257
BAD 644414522329
BAD 644414661799
BAD 644415343073
BAD 644415343081
BAD 644417514409
BAD 644417514413
BAD 644422222967
BAD 644422222973
BAD 644422222993
BAD 644427809813
BAD 644428987171
BAD 644428987207
BAD 644429064311
BAD 644429064319
BAD 644496409373
BAD 644498108797
BAD 644498108809
BAD 644471154713
BAD 644471154757
BAD 644471154799
BAD 644532258473
BAD 644508809957
BAD 644536849129
BAD 644536971853
BAD 644538057733
BAD 644538057811
BAD 644543914801
BAD 644544845213
BAD 644544845227
BAD 644549606851
BAD 644566352063
BAD 644566352071
BAD 644568027331
BAD 644568809119
BAD 644568809123
BAD 644568930427
BAD 644555861219
BAD 644557059599
BAD 644557281343
BAD 644557281353
BAD 644560777249
BAD 644560777253
BAD 644560777261
BAD 644560777337
BAD 644576034217
BAD 644599322369
BAD 644622193183
BAD 644627613701
BAD 644628967679
BAD 644628967681
BAD 644628967687
BAD 644628967691
BAD 644628967693
BAD 644609278309
BAD 644610203863
BAD 644611259449
BAD 644611259471
BAD 644611259473
BAD 644611259483
BAD 644611259491
BAD 644611820003
BAD 644611820009
BAD 644482373497
BAD 644482373551
BAD 644482815997
BAD 644486101019
BAD 644487326579
BAD 644649314143
BAD 644631123559
BAD 644631285269
BAD 644631285271
BAD 644697839809
BAD 644635276003
BAD 644703562933
BAD 644673516397
BAD 644659120043
BAD 644659125547
BAD 644637866969
BAD 644637867001
BAD 644661108241
BAD 644662456213
BAD 644679438131
BAD 644679438133
BAD 644643102307
BAD 644643102319
BAD 644643102329
BAD 644643102331
BAD 644643102349
BAD 644643102361
BAD 644645968723
BAD 644645968727
BAD 644646195383
BAD 644726079443
BAD 644728039873
BAD 644728039877
BAD 644681082361
BAD 644683551181
BAD 644689307063
BAD 644693759687
BAD 644694980659
BAD 644694980663
BAD 644696723513
BAD 644734374181
BAD 644742497887
BAD 644744931979
BAD 644746700953
BAD 644746700971
BAD 644788439641
BAD 644788837673
BAD 644792856583
BAD 644795640061
BAD 644796539173
BAD 644797192499
BAD 644750804923
BAD 644750804927
BAD 644750805011
BAD 644750805019
BAD 644750805053
BAD 644755842091
BAD 644757936661
BAD 644761966967
BAD 644767143967
BAD 644801436907
BAD 644801436919
BAD 644777047823
BAD 644777326943
BAD 644778445589
BAD 644810962813
BAD 644811831991
BAD 644811831997
BAD 644811832001
BAD 644811832003
BAD 644811832009
BAD 644838429061
BAD 644838429073
BAD 644822798453
BAD 644825200367
BAD 644825970337
BAD 644883139757
BAD 644883139759
BAD 644884848497
BAD 644884848499
BAD 644887195507
BAD 644888448593
BAD 644889870329
BAD 644891972761
BAD 644891972783
BAD 644850520253
BAD 644850983813
BAD 644857748011
BAD 644857748021
BAD 644857748023
BAD 644857748033
BAD 644967206357
BAD 644944039783
BAD 644944039787
BAD 644944039799
BAD 644944039801
BAD 644946199511
BAD 644979213811
BAD 644979213833
BAD 644979213839
BAD 644979213841
BAD 644980386671
BAD 645050346013
BAD 645052834429
BAD 645053395823
BAD 645053395853
BAD 645053569639
BAD 644901686677
BAD 645057099853
BAD 645057977203
BAD 645057977209
BAD 645058738171
BAD 644906873011
BAD 644906873029
BAD 644906873033
BAD 644908092487
BAD 645063541907
BAD 645063779687
BAD 645065543753
BAD 645065543761
BAD 645065543783
BAD 644951100259
BAD 644955387631
BAD 644955776099
BAD 644960402963
BAD 645038770973
BAD 645117424669
BAD 645085853107
BAD 645085949513
BAD 645085949533
BAD 645121471733
BAD 644920524197
BAD 644870048833
BAD 645104918407
BAD 644870516417
BAD 644870516419
BAD 645124540201
BAD 645124671979
BAD 645124671991
BAD 645125546509
BAD 645125546521
BAD 645125546539
BAD 645091898273
BAD 645126506363
BAD 645108574291
BAD 645108587491
BAD 645108708703
BAD 645109444411
BAD 645022974469
BAD 645022974481
BAD 645094739383
BAD 645111224777
BAD 645111224837
BAD 645096344033
BAD 645115556123
BAD 645115556131
BAD 645012581303
BAD 645012581309
BAD 645012581329
BAD 645070733381
BAD 645072317917
BAD 645135065821
BAD 645135065851
BAD 645135065951
BAD 645143737037
BAD 645143737039
BAD 645152507063
BAD 645163740127
BAD 645167510987
BAD 645167566249
BAD 645175631713
BAD 645175631717
BAD 645175631719
BAD 645175842239
BAD 645176716141
BAD 645177877009
BAD 645179725783
BAD 645192313433
BAD 645200081297
BAD 645200081299
BAD 645203031743
BAD 645243818671
BAD 645244032859
BAD 645244032863
BAD 645208465061
BAD 645208465063
BAD 645219080047
BAD 645219569023
BAD 645220605383
BAD 645222493319
BAD 645214990037
BAD 645214990039
BAD 645229749433
BAD 645266247319
BAD 645266247323
BAD 645266247331
BAD 645271524613
BAD 645272825377
BAD 645272825381
BAD 645272825383
BAD 645272825387
BAD 645272825389
BAD 645327148969
BAD 645327361223
BAD 645327490441
BAD 645327490447
BAD 645303578603
BAD 645303578609
BAD 645303578611
BAD 645304709683
BAD 645307789927
BAD 645308891113
BAD 645334443077
BAD 645334443079
BAD 645310148689
BAD 645317465587
BAD 645317465591
BAD 645286020887
BAD 645286020889
BAD 645289897853
BAD 645289897859
BAD 645301341799
BAD 645301341809
BAD 645339817753
BAD 645339817757
BAD 645339817763
BAD 645340404287
BAD 645470463263
BAD 645479531167
BAD 645479531171
BAD 645479531173
BAD 645427002151
BAD 645427002173
BAD 645505261783
BAD 645505261787
BAD 645505261789
BAD 645506690263
BAD 645484360099
BAD 645433426933
BAD 645485635079
BAD 645513220927
BAD 645452670403
BAD 645452670413
BAD 645454643767
BAD 645409590853
BAD 645491356021
BAD 645368779141
BAD 645368779147
BAD 645368779163
BAD 645459805853
BAD 645496172023
BAD 645496172033
BAD 645497608013
BAD 645373083151
BAD 645499558831
BAD 645374557853
BAD 645375463981
BAD 645415757563
BAD 645377274721
BAD 645377274727
BAD 645468849079
BAD 645468849083
BAD 645385361483
BAD 645526416607
BAD 645527338933
BAD 645530900257
BAD 645535113337
BAD 645358525703
BAD 645361998859
BAD 645365686583
BAD 645536572511
BAD 645543550423
BAD 645543614843
BAD 645543614873
BAD 645566210209
BAD 645566210213
BAD 645566680657
BAD 645568053043
BAD 645568053047
BAD 645568053049
BAD 645568053061
BAD 645573519763
BAD 645576005707
BAD 645576005827
BAD 645639053243
BAD 645639848083
BAD 645639848093
BAD 645639848099
BAD 645639848123
BAD 645603802331
BAD 645586519481
BAD 645586519483
BAD 645586519493
BAD 645607497061
BAD 645607497113
BAD 645607497151
BAD 645644506051
BAD 645644556829
BAD 645645313283
BAD 645610906519
BAD 645611752609
BAD 645616287079
BAD 645658480843
BAD 645665308243
BAD 645668231543
BAD 645620756839
BAD 645627239129
BAD 645627239137
BAD 645596623253
BAD 645636376751
BAD 645636376753
BAD 645636376849
BAD 645601748179
BAD 645675850669
BAD 645680167553
BAD 645681059693
BAD 645685522073
BAD 645685522081
BAD 645691209287
BAD 645693332527
BAD 645698753191
BAD 645698753197
BAD 645746838313
BAD 645748540651
BAD 645723161761
BAD 645736957603
BAD 645736957703
BAD 645736963549
BAD 645808851463
BAD 645809777447
BAD 645809777449
BAD 645810820231
BAD 645795046129
BAD 645795046133
BAD 645795046139
BAD 645795729463
BAD 645812547643
BAD 645798204907
BAD 645798204911
BAD 645798204913
BAD 645839186539
BAD 645817127873
BAD 645803757173
BAD 645844223491
BAD 645844497191
BAD 645821824763
BAD 645846126173
BAD 645846126241
BAD 645821558281
BAD 645822334987
BAD 645847744189
BAD 645847744193
BAD 645824661409
BAD 645824661413
BAD 645824661431
BAD 645824671853
BAD 645824671867
BAD 645824865079
BAD 645824995763
BAD 645827147059
BAD 645852730673
BAD 645827591449
BAD 645853424989
BAD 645854739373
BAD 645942388397
BAD 645943838387
BAD 645754904203
BAD 645855941333
BAD 645855941347
BAD 645855941351
BAD 645855941363
BAD 645857147503
BAD 645764980613
BAD 645764980643
BAD 645765426841
BAD 645768366379
BAD 645863730713
BAD 645863730817
BAD 645863730821
BAD 645863730823
BAD 645890563733
BAD 645864351193
BAD 645864351199
BAD 645864351211
BAD 645864351217
BAD 645878492747
BAD 645879788261
BAD 645879788263
BAD 645879788269
BAD 645866627849
BAD 645866627851
BAD 645866943739
BAD 645866943751
BAD 645866943811
BAD 645866943829
BAD 645882798751
BAD 645884428489
BAD 645913463669
BAD 645923079167
BAD 645923079169
BAD 645929491523
BAD 646013165443
BAD 646013165453
BAD 646015477339
BAD 646015477369
BAD 645989559289
BAD 645989583103
BAD 645956833939
BAD 645956833943
BAD 646018433023
BAD 646018433029
BAD 646018433033
BAD 645958089737
BAD 645993958213
BAD 645993958231
BAD 645993960901
BAD 645962420573
BAD 645962599213
BAD 646000999351
BAD 646000999361
BAD 646000999463
BAD 646002842197
BAD 646002842207
BAD 646002842209
BAD 646004537617
BAD 645968565173
BAD 645968565211
BAD 645969159733
BAD 646059072871
BAD 645971442679
BAD 646061603191
BAD 646065140563
BAD 646071084937
BAD 646071084941
BAD 646071084943
BAD 646071084949
BAD 646077854251
BAD 646025130859
BAD 646028185661
BAD 646034262619
BAD 646091966987
BAD 646093845289
BAD 646096412771
BAD 646096412779
BAD 646096412791
BAD 646097813863
BAD 646098673163
BAD 646099056541
BAD 646108263679
BAD 646108263683
BAD 646108955449
BAD 646112584541
BAD 646114754381
BAD 646117542613
BAD 646117542661
BAD 646123744009
BAD 646134815257
BAD 646137699637
BAD 646137895031
BAD 646137895033
BAD 646158723943
BAD 646160785103
BAD 646160792791
BAD 646163721571
BAD 646172272969
BAD 646224781693
BAD 646142032477
BAD 646142032483
BAD 646227080927
BAD 646227080929
BAD 646190881801
BAD 646190881807
BAD 646190881837
BAD 646146028883
BAD 646146028907
BAD 646146028909
BAD 646192814699
BAD 646232214893
BAD 646232744629
BAD 646152613027
BAD 646152702521
BAD 646152702557
BAD 646201929103
BAD 646240370239
BAD 646240741813
BAD 646241083513
BAD 646204706681
BAD 646211060179
BAD 646206135877
BAD 646216405999
BAD 646216786849
BAD 646184228329
BAD 646293094903
BAD 646293094907
BAD 646293787267
BAD 646293787273
BAD 646295429599
BAD 646295572193
BAD 646295572207
BAD 646295572211
BAD 646295572213
BAD 646296659761
BAD 646306018681
BAD 646308057823
BAD 646308057827
BAD 646244047411
BAD 646244476081
BAD 646244476123
BAD 646244476127
BAD 646245993461
BAD 646261138189
BAD 646261138199
BAD 646261138219
BAD 646255801253
BAD 646263702211
BAD 646263702223
BAD 646257803567
BAD 646276915727
BAD 646280069191
BAD 646272728483
BAD 646282238737
BAD 646314292669
BAD 646284832181
BAD 646284832183
BAD 646284832187
BAD 646284832189
BAD 646315795529
BAD 646316866541
BAD 646316866543
BAD 646320417571
BAD 646320417643
BAD 646320417667
BAD 646320417671
BAD 646375449623
BAD 646380076453
BAD 646384743709
BAD 646384743713
BAD 646384743721
BAD 646364072911
BAD 646389045931
BAD 646389045961
BAD 646389045977
BAD 646434883163
BAD 646435740257
BAD 646435740259
BAD 646435740263
BAD 646327350353
BAD 646436242499
BAD 646370662943
BAD 646439209891
BAD 646439209903
BAD 646340012839
BAD 646396470011
BAD 646399264531
BAD 646400753773
BAD 646401455509
BAD 646402743457
BAD 646404684977
BAD 646404684979
BAD 646419281513
BAD 646419533261
BAD 646419533273
BAD 646420252171
BAD 646420252183
BAD 646460023843
BAD 646461965059
BAD 646461965063
BAD 646462719061
BAD 646463313011
BAD 646505794733
BAD 646508011693
BAD 646476436369
BAD 646477630111
BAD 646479513817
BAD 646510238279
BAD 646510238281
BAD 646512005273
BAD 646523840177
BAD 646525930627
BAD 646552303651
BAD 646526498251
BAD 646528218773
BAD 646528594603
BAD 646528594609
BAD 646649140399
BAD 646650809723
BAD 646650809743
BAD 646650809747
BAD 646627387253
BAD 646630517941
BAD 646631747581
BAD 646632232549
BAD 646596122603
BAD 646638039923
BAD 646596654107
BAD 646597358293
BAD 646613441933
BAD 646613441939
BAD 646613441941
BAD 646615775653
BAD 646643508263
BAD 646643508271
BAD 646619385847
BAD 646619385851
BAD 646620150751
BAD 646563289481
BAD 646563289483
BAD 646621266931
BAD 646621266937
BAD 646565080613
BAD 646567305557
BAD 646608475571
BAD 646608475573
BAD 646578864769
BAD 646624395763
BAD 646582052003
BAD 646582052009
BAD 646571828957
BAD 646583484139
BAD 646583484143
BAD 646590474203
BAD 646761911717
BAD 646778547053
BAD 646778547073
BAD 646773896971
BAD 646775438489
BAD 646775438503
BAD 646788800353
BAD 646789526863
BAD 646746787331
BAD 646746787333
BAD 646793707229
BAD 646747839779
BAD 646747839781
BAD 646753104091
BAD 646756440289
BAD 646706302883
BAD 646710200419
BAD 646663813571
BAD 646678325113
BAD 646682011051
BAD 646813574461
BAD 646815751039
BAD 646685601743
BAD 646818574723
BAD 646672776823
BAD 646689480301
BAD 646691853433
BAD 646692249169
BAD 646821565177
BAD 646823249183
BAD 646824242377
BAD 646825635983
BAD 646721206583
BAD 646721387849
BAD 646735806569
BAD 646736551541
BAD 646737418451
BAD 646727326171
BAD 646799939701
BAD 646804012567
BAD 646804012597
BAD 646804012601
BAD 646805233637
BAD 646805233639
BAD 646868598689
BAD 646868598703
BAD 646870471171
BAD 646871176139
BAD 646871176141
BAD 646871176151
BAD 646871378393
BAD 646846009681
BAD 646847058577
BAD 646849416401
BAD 646849416403
BAD 646876780519
BAD 646876780523
BAD 646876780531
BAD 646850596319
BAD 646850596321
BAD 646834667123
BAD 646836957139
BAD 646837756273
BAD 646837756283
BAD 646880770057
BAD 646841996831
BAD 646842284587
BAD 646884508693
BAD 646884508703
BAD 646884508709
BAD 646884706313
BAD 646885879753
BAD 646901144587
BAD 646907329403
BAD 646910427577
BAD 646932392089
BAD 646932494303
BAD 646968743153
BAD 646978605653
BAD 646950065161
BAD 646953203623
BAD 646953203627
BAD 646953203629
BAD 646953456931
BAD 646953456967
BAD 646953799621
BAD 646953799627
BAD 646961110489
BAD 646961110493
BAD 647050059223
BAD 647050898653
BAD 647053075909
BAD 647053075919
BAD 646913883503
BAD 646913883509
BAD 647056442369
BAD 646915198141
BAD 647057706023
BAD 646919557237
BAD 646919557241
BAD 646919557243
BAD 646919557247
BAD 647062135633
BAD 647062135651
BAD 646924322509
BAD 646983695573
BAD 647072148529
BAD 647072148533
BAD 647075213593
BAD 647005171919
BAD 647005171921
BAD 647076310781
BAD 646988589539
BAD 647008807771
BAD 647012246341
BAD 647040410483
BAD 647041517701
BAD 647042192371
BAD 647100718081
BAD 647102745983
BAD 647103291799
BAD 647103291803
BAD 647114778301
BAD 647123686249
BAD 647080405957
BAD 647167598383
BAD 647168750707
BAD 647168750719
BAD 647091689483
BAD 647202030523
BAD 647174282437
BAD 647148096509
BAD 647204336599
BAD 647151485509
BAD 647179705787
BAD 647179705807
BAD 647153513879
BAD 647158069897
BAD 647158493329
BAD 647212993967
BAD 647212993969
BAD 647161982053
BAD 647161982057
BAD 647161982059
BAD 647217770431
BAD 647223594811
BAD 647189348437
BAD 647189348447
BAD 647189348459
BAD 647189348461
BAD 647133846379
BAD 647134861427
BAD 647135557459
BAD 647137849343
BAD 647137849349
BAD 647140336951
BAD 647140336967
BAD 647257473497
BAD 647257473503
BAD 647260165703
BAD 647285979751
BAD 647287011143
BAD 647266915177
BAD 647266915181
BAD 647268851371
BAD 647268851401
BAD 647234007743
BAD 647240620753
BAD 647243135131
BAD 647245312823
BAD 647303923901
BAD 647303923921
BAD 647304080261
BAD 647304080263
BAD 647316416119
BAD 647317091737
BAD 647317091741
BAD 647308805713
BAD 647319400253
BAD 647319988333
BAD 647319988339
BAD 647319988351
BAD 647319988363
BAD 647319988397
BAD 647311612627
BAD 647311612631
BAD 647311648783
BAD 647348496373
BAD 647357962219
BAD 647366958991
BAD 647333120677
BAD 647334125177
BAD 647337040579
BAD 647337796733
BAD 647372357647
BAD 647372357651
BAD 647372357689
BAD 647372357693
BAD 647339889151
BAD 647377064357
BAD 647344027501
BAD 647346757111
BAD 647453624483
BAD 647453624539
BAD 647484545233
BAD 647460760673
BAD 647490006859
BAD 647493944359
BAD 647383577941
BAD 647383577959
BAD 647472818143
BAD 647685869029
BAD 647476855253
BAD 647477535619
BAD 647477535629
BAD 647690278373
BAD 647690337499
BAD 647479064851
BAD 647535987697
BAD 647550148243
BAD 647643644183
BAD 647554663003
BAD 647554663009
BAD 647554663013
BAD 647602425643
BAD 647602425647
BAD 647646754969
BAD 647556880853
BAD 647543383787
BAD 647543383789
BAD 647545273399
BAD 647558713567
BAD 647546220121
BAD 647548354199
BAD 647549188081
BAD 647549188093
BAD 647519544943
BAD 647592970421
BAD 647612920193
BAD 647593897703
BAD 647613755629
BAD 647564260591
BAD 647614894343
BAD 647526173783
BAD 647435245907
BAD 647435245909
BAD 647441116279
BAD 647566653863
BAD 647446376671
BAD 647618750773
BAD 647618750777
BAD 647575006343
BAD 647428326593
BAD 647402935819
BAD 647403540571
BAD 647580222203
BAD 647430683827
BAD 647653087163
BAD 647653087177
BAD 647431722023
BAD 647626820921
BAD 647668779301
BAD 647412785587
BAD 647412785611
BAD 647412835739
BAD 647414859101
BAD 647414859103
BAD 647414859107
BAD 647414859109
BAD 647675849981
BAD 647675849983
BAD 647660371937
BAD 647508193699
BAD 647508193711
BAD 647666403361
BAD 647666403367
BAD 647510870599
BAD 647701365173
BAD 647704959599
BAD 647707747943
BAD 647720407753
BAD 647720407759
BAD 647720407781
BAD 647720407783
BAD 647716424659
BAD 647716424671
BAD 647716424689
BAD 647723524247
BAD 647723795581
BAD 647733297457
BAD 647741664631
BAD 647749071133
BAD 647756052199
BAD 647763705907
BAD 647765825809
BAD 647765825813
BAD 647765825821
BAD 647765825843
BAD 647796839323
BAD 647798992081
BAD 647800826209
BAD 647807034913
BAD 647880749851
BAD 647880749863
BAD 647941005533
BAD 647883515863
BAD 647928940567
BAD 647928940579
BAD 647928940583
BAD 647946743539
BAD 647946743557
BAD 647947227259
BAD 647932358719
BAD 647951066071
BAD 647951416669
BAD 647951416681
BAD 647935016089
BAD 647935016093
BAD 647935016101
BAD 647935016117
BAD 647819491531
BAD 647824120129
BAD 647886005383
BAD 647833764469
BAD 647957037527
BAD 647957037529
BAD 647904881633
BAD 647960713249
BAD 647906940181
BAD 647965181639
BAD 647965181641
BAD 647910146563
BAD 647910146567
BAD 647968876309
BAD 647837120269
BAD 647912167501
BAD 647912652077
BAD 647912815579
BAD 647915383519
BAD 647916366611
BAD 647916366613
BAD 648104031103
BAD 648104031109
BAD 648105861511
BAD 647768933101
BAD 647768933107
BAD 647975497579
BAD 648113561959
BAD 647979288301
BAD 648116991133
BAD 648116991139
BAD 648116991173
BAD 648120962941
BAD 647780254489
BAD 647780254507
BAD 647780789239
BAD 647782148417
BAD 648124236203
BAD 648126728833
BAD 648127781629
BAD 648136015381
BAD 647854911097
BAD 647854911101
BAD 647854911103
BAD 647854911107
BAD 647860517897
BAD 647860517903
BAD 647989258381
BAD 647989258387
BAD 648025355969
BAD 648004445873
BAD 648077508019
BAD 647995443481
BAD 647995761899
BAD 647995761901
BAD 648078747367
BAD 648010564759
BAD 648032695711
BAD 648033080647
BAD 648081336113
BAD 648081915721
BAD 648035308199
BAD 648035308201
BAD 648035308229
BAD 648035308231
BAD 648001120597
BAD 648083456333
BAD 648014854699
BAD 648014854703
BAD 648046716749
BAD 648046716817
BAD 648017263771
BAD 648017541461
BAD 648017541463
BAD 648089674649
BAD 648089674651
BAD 648090860449
BAD 648091595149
BAD 648094063261
BAD 648056098931
BAD 648056098933
BAD 648056098951
BAD 648096545321
BAD 648096545323
BAD 648058873531
BAD 648098899043
BAD 648098899051
BAD 648099228277
BAD 648061447153
BAD 648065253421
BAD 648066478883
BAD 648066478919
BAD 648066478921
BAD 648155769211
BAD 648145549349
BAD 648145549351
BAD 648165960109
BAD 648190421959
BAD 648207373589
BAD 648207373591
BAD 648207806359
BAD 648207806383
BAD 648207895039
BAD 648209968883
BAD 648209968891
BAD 648213124879
BAD 648213124913
BAD 648255288691
BAD 648219711511
BAD 648256349149
BAD 648278489437
BAD 648173286377
BAD 648173286379
BAD 648173491583
BAD 648177793037
BAD 648263882999
BAD 648179747513
BAD 648186989987
BAD 648186989999
BAD 648186990001
BAD 648186990043
BAD 648221114971
BAD 648221151937
BAD 648221151943
BAD 648221151947
BAD 648221151979
BAD 648358392971
BAD 648358392973
BAD 648328112251
BAD 648305226109
BAD 648233412401
BAD 648233412403
BAD 648233412413
BAD 648233412419
BAD 648233412457
BAD 648233412461
BAD 648297609643
BAD 648297609647
BAD 648297609649
BAD 648306612271
BAD 648306612329
BAD 648306612367
BAD 648299544257
BAD 648333266531
BAD 648333266551
BAD 648310260709
BAD 648318675097
BAD 648320423987
BAD 648320599781
BAD 648320599783
BAD 648339156229
BAD 648339156233
BAD 648339156239
BAD 648239780599
BAD 648341653073
BAD 648390204863
BAD 648390204871
BAD 648392935517
BAD 648393046607
BAD 648393211153
BAD 648349614181
BAD 648395677123
BAD 648351658789
BAD 648351658793
BAD 648396851371
BAD 648252200809
BAD 648401682713
BAD 648489768497
BAD 648493454183
BAD 648495291361
BAD 648524193803
BAD 648528573139
BAD 648534506077
BAD 648534506089
BAD 648535696429
BAD 648535696453
BAD 648535898683
BAD 648536504701
BAD 648422163359
BAD 648426670399
BAD 648426670403
BAD 648513479527
BAD 648461862329
BAD 648461862331
BAD 648461862337
BAD 648461862341
BAD 648461862343
BAD 648461862421
BAD 648461862469
BAD 648461862473
BAD 648372317869
BAD 648372317881
BAD 648462691889
BAD 648462692663
BAD 648440836669
BAD 648442215173
BAD 648522440353
BAD 648375282811
BAD 648417250973
BAD 648447859909
BAD 648448157977
BAD 648448157983
BAD 648420669607
BAD 648420669629
BAD 648449608463
BAD 648451914769
BAD 648451914787
BAD 648472610987
BAD 648481893583
BAD 648485444401
BAD 648489077669
BAD 648489077671
BAD 648552500539
BAD 648590128327
BAD 648596014247
BAD 648596014249
BAD 648596014279
BAD 648596664307
BAD 648596664329
BAD 648568244633
BAD 648611666347
BAD 648568700401
BAD 648568700413
BAD 648571041743
BAD 648616252027
BAD 648625450483
BAD 648632290729
BAD 648632290783
BAD 648668443547
BAD 648644184997
BAD 648645370213
BAD 648648032597
BAD 648648746789
BAD 648650068501
BAD 648651453589
BAD 648707862079
BAD 648791435363
BAD 648791435389
BAD 648744882397
BAD 648744882403
BAD 648794604749
BAD 648677788547
BAD 648717843149
BAD 648717843173
BAD 648717843187
BAD 648717843233
BAD 648693322633
BAD 648693322763
BAD 648802794067
BAD 648802794071
BAD 648681579971
BAD 648681579979
BAD 648698492543
BAD 648699330649
BAD 648723374969
BAD 648685968811
BAD 648685968817
BAD 648686418409
BAD 648731846951
BAD 648761104223
BAD 648761104231
BAD 648705120253
BAD 648705120263
BAD 648767963029
BAD 648737998739
BAD 648740394923
BAD 648772321663
BAD 648772321667
BAD 648773221267
BAD 648909650647
BAD 648913669633
BAD 648913669643
BAD 648920727083
BAD 648924479683
BAD 648925439843
BAD 648782308067
BAD 648783404123
BAD 648827892511
BAD 648883583113
BAD 648883583119
BAD 648884288251
BAD 648884288263
BAD 648884288267
BAD 648884288279
BAD 648831457103
BAD 648809180251
BAD 648885693637
BAD 648886034899
BAD 648832793747
BAD 648860481053
BAD 648861528907
BAD 648813460913
BAD 648889359557
BAD 648869190031
BAD 648869190043
BAD 648869190049
BAD 648869190061
BAD 648869190083
BAD 648823396699
BAD 648894943903
BAD 648875127893
BAD 648896494681
BAD 648896548717
BAD 648900154499
BAD 648900154501
BAD 648903556381
BAD 648903556391
BAD 648904501963
BAD 648847029043
BAD 648850564543
BAD 648851614163
BAD 648927281173
BAD 648936378989
BAD 648936561811
BAD 648937388003
BAD 648938915509
BAD 648947114821
BAD 648947256389
BAD 648958948697
BAD 648958948699
BAD 648977464853
BAD 648983070419
BAD 648997846177
BAD 649001303263
BAD 649001934403
BAD 649020407059
BAD 648989907803
BAD 648989907809
BAD 648990952903
BAD 648990952913
BAD 648990952921
BAD 649005963937
BAD 649005963941
BAD 649005963943
BAD 648992572829
BAD 649044457703
BAD 649046184343
BAD 649046184349
BAD 649048131751
BAD 649048131803
BAD 649048131811
BAD 649055450741
BAD 649055450753
BAD 648962985721
BAD 649072611479
BAD 648964076363
BAD 649073650033
BAD 649073650037
BAD 649074076201
BAD 648972199399
BAD 648973394207
BAD 649162694527
BAD 649162828933
BAD 649170897079
BAD 649030479037
BAD 649034497789
BAD 649037860369
BAD 649115854399
BAD 649117320499
BAD 649117320503
BAD 649117380781
BAD 649159897123
BAD 649159897129
BAD 649081391663
BAD 649121821687
BAD 649083981703
BAD 649084925033
BAD 649084925039
BAD 649183726069
BAD 649183726073
BAD 649086989633
BAD 649093108429
BAD 649202110591
BAD 649202110597
BAD 649203840707
BAD 649207411459
BAD 649130498543
BAD 649139045407
BAD 649099707293
BAD 649102907237
BAD 649102907239
BAD 649102907249
BAD 649102907251
BAD 649263814097
BAD 649263814127
BAD 649270833863
BAD 649215034519
BAD 649295818231
BAD 649296829169
BAD 649298082907
BAD 649298182789
BAD 649298182823
BAD 649298185117
BAD 649298185121
BAD 649301198323
BAD 649301198327
BAD 649301198333
BAD 649223989171
BAD 649223989207
BAD 649223989213
BAD 649245301891
BAD 649246120603
BAD 649306431149
BAD 649247042461
BAD 649248265597
BAD 649309353949
BAD 649252278403
BAD 649252278407
BAD 649255145899
BAD 649260233563
BAD 649260233569
BAD 649282089517
BAD 649283120119
BAD 649283120131
BAD 649315173547
BAD 649286532347
BAD 649289151451
BAD 649321122557
BAD 649321122559
BAD 649229197543
BAD 649333000249
BAD 649336003913
BAD 649236591721
BAD 649239054689
BAD 649239054691
BAD 649397361317
BAD 649397361323
BAD 649380315743
BAD 649384639039
BAD 649384639061
BAD 649386638363
BAD 649419354869
BAD 649409503163
BAD 649435928543
BAD 649411250419
BAD 649391083301
BAD 649422419609
BAD 649391083303
BAD 649391680261
BAD 649391680279
BAD 649391680283
BAD 649391680321
BAD 649425941363
BAD 649425941377
BAD 649370179201
BAD 649444196263
BAD 649444349539
BAD 649444349551
BAD 649444349557
BAD 649372762169
BAD 649375566379
BAD 649375566383
BAD 649464204131
BAD 649464519799
BAD 649376579483
BAD 649376760727
BAD 649376760737
BAD 649377064837
BAD 649378170137
BAD 649378170139
BAD 649468271863
BAD 649468597639
BAD 649468597643
BAD 649457062913
BAD 649457062921
BAD 649471528273
BAD 649458928991
BAD 649459193441
BAD 649459193443
BAD 649459464151
BAD 649459464169
BAD 649497455461
BAD 649497455557
BAD 649520324489
BAD 649520324491
BAD 649520324513
BAD 649509940969
BAD 649525067449
BAD 649512434161
BAD 649582886111
BAD 649528780447
BAD 649528780451
BAD 649479195199
BAD 649553397313
BAD 649483407649
BAD 649594801253
BAD 649594801259
BAD 649488509959
BAD 649488509963
BAD 649488509983
BAD 649492105861
BAD 649563146293
BAD 649563146443
BAD 649531294891
BAD 649533244687
BAD 649574416823
BAD 649539980753
BAD 649578272687
BAD 649578272689
BAD 649579318393
BAD 649665867181
BAD 649666417313
BAD 649667254309
BAD 649613773769
BAD 649613773771
BAD 649669244647
BAD 649670789359
BAD 649597954519
BAD 649674625283
BAD 649674625291
BAD 649600791379
BAD 649600791383
BAD 649678043513
BAD 649678043527
BAD 649678043543
BAD 649687982221
BAD 649628836763
BAD 649629876187
BAD 649696026503
BAD 649649620819
BAD 649650778873
BAD 649650778877
BAD 649650778879
BAD 649654952371
BAD 649697630419
BAD 649697630423
BAD 649697630431
BAD 649697630437
BAD 649636285693
BAD 649636513051
BAD 649637721253
BAD 649703930047
BAD 649704956221
BAD 649733023483
BAD 649733155243
BAD 649733155249
BAD 649708465037
BAD 649708765547
BAD 649708765549
BAD 649738577567
BAD 649714719883
BAD 649720312951
BAD 649724908073
BAD 649724908223
BAD 649728176533
BAD 649728723323
BAD 649758265883
BAD 649839698161
BAD 649839698177
BAD 649801605667
BAD 649802131127
BAD 649802131129
BAD 649802281703
BAD 649844757533
BAD 649789665997
BAD 649791421483
BAD 649865878313
BAD 649810926439
BAD 649822453919
BAD 649823205349
BAD 649828572277
BAD 649879679717
BAD 649881646373
BAD 649852151989
BAD 649860749917
BAD 649860749921
BAD 649861508521
BAD 649773965119
BAD 649773965123
BAD 649774253699
BAD 649774253701
BAD 649881799751
BAD 649881799759
BAD 649881799783
BAD 649937744333
BAD 649942120913
BAD 649904668531
BAD 649904758093
BAD 649949206541
BAD 649949206549
BAD 649944190789
BAD 649945679087
BAD 649945679093
BAD 649888180327
BAD 649909823753
BAD 649909823767
BAD 649954157989
BAD 649910704049
BAD 649911113941
BAD 649893987829
BAD 649915974581
BAD 649915974583
BAD 649960210513
BAD 649960210531
BAD 649918478233
BAD 649918478239
BAD 649918478273
BAD 649919576021
BAD 649919576029
BAD 649922895871
BAD 649924265761
BAD 649968383063
BAD 649968383069
BAD 649924288829
BAD 649924288831
BAD 649924288837
BAD 649969951853
BAD 649969951859
BAD 649969951861
BAD 649925509897
BAD 649925838307
BAD 649926621629
BAD 649926621637
BAD 649930250623
BAD 649930250633
BAD 649930250639
BAD 649930250647
BAD 649979446399
BAD 649980542303
BAD 649980542311
RANGE 640000000000 650000000000 PRIMES 367750648 BAD 2986
