BAD 620285451493
BAD 620285451497
BAD 620137818221
BAD 620137818227
BAD 620137818229
BAD 620137818233
BAD 620286271277
BAD 620286271279
BAD 620088208349
BAD 620235864071
BAD 620289807391
BAD 620142022103
BAD 620142797437
BAD 620186609599
BAD 620092607377
BAD 620243581351
BAD 620243581357
BAD 620074461707
BAD 620074461709
BAD 620075265721
BAD 620147778361
BAD 620244856039
BAD 620245886977
BAD 620078316061
BAD 620078822029
BAD 620193222613
BAD 620193222617
BAD 620193222619
BAD 620193222631
BAD 620079786829
BAD 620100358193
BAD 620249453113
BAD 620196924133
BAD 620196924143
BAD 620199210013
BAD 620200003867
BAD 620200003921
BAD 620344332833
BAD 620344332863
BAD 620200420381
BAD 620201019409
BAD 620201019413
BAD 620201288209
BAD 620347343977
BAD 620347343981
BAD 620347343983
BAD 620350801729
BAD 620017688753
BAD 620370633767
BAD 620370633769
BAD 620152733359
BAD 620152733363
BAD 620375698483
BAD 620375698487
BAD 620375698489
BAD 620375698493
BAD 620001648731
BAD 620001648733
BAD 620001648743
BAD 620001648751
BAD 620173441231
BAD 620173441241
BAD 620021698831
BAD 620003131619
BAD 620003131621
BAD 620377994963
BAD 620101869859
BAD 620118465217
BAD 620119128749
BAD 620119128751
BAD 620119128763
BAD 620026139461
BAD 620120503159
BAD 620027981267
BAD 620027981269
BAD 620027981273
BAD 620182187971
BAD 620166457411
BAD 620220847733
BAD 620108358031
BAD 620108922001
BAD 620222978161
BAD 620222978171
BAD 620222978173
BAD 620269109107
BAD 620014762069
BAD 620224149179
BAD 620271784919
BAD 620271784921
BAD 620256882467
BAD 620272222819
BAD 620226595921
BAD 620115269273
BAD 620208135103
BAD 620258732101
BAD 620274109853
BAD 620260137121
BAD 620277097129
BAD 620278804507
BAD 620278804513
BAD 620213692883
BAD 620264121427
BAD 620264638429
BAD 620312479583
BAD 620059135967
BAD 620059847947
BAD 620324084483
BAD 620324084491
BAD 620065156943
BAD 620328175997
BAD 620329519471
BAD 620329519477
BAD 620330878021
BAD 620333719231
BAD 620360510537
BAD 620386891823
BAD 620392951757
BAD 620392951771
BAD 620392951903
BAD 620392951907
BAD 620392951909
BAD 620396677399
BAD 620396677403
BAD 620398373929
BAD 620398373989
BAD 620398374007
BAD 620400041761
BAD 620401303547
BAD 620401303549
BAD 620402010919
BAD 620033893877
BAD 620035574303
BAD 620035574309
BAD 620035574311
BAD 620035574317
BAD 620039158657
BAD 620043440593
BAD 620045754773
BAD 620436504011
BAD 620442712103
BAD 620403016567
BAD 620450441917
BAD 620450441929
BAD 620407408813
BAD 620410169479
BAD 620411699087
BAD 620412291871
BAD 620471906917
BAD 620471906927
BAD 620487189607
BAD 620555358757
BAD 620427215669
BAD 620427215671
BAD 620427215701
BAD 620478597023
BAD 620478597029
BAD 620478597031
BAD 620427812911
BAD 620490091877
BAD 620490856663
BAD 620430437399
BAD 620430437401
BAD 620430577313
BAD 620480492791
BAD 620480492803
BAD 620480492809
BAD 620558252971
BAD 620483625263
BAD 620494374677
BAD 620494374679
BAD 620484232013
BAD 620484647071
BAD 620485110859
BAD 620485110863
BAD 620562830059
BAD 620563623013
BAD 620563703213
BAD 620563703219
BAD 620564961769
BAD 620564961773
BAD 620565393991
BAD 620566951471
BAD 620499850693
BAD 620641201027
BAD 620502857791
BAD 620455042433
BAD 620725242563
BAD 620651377909
BAD 620458137119
BAD 620458137121
BAD 620728459369
BAD 620459361833
BAD 620688392837
BAD 620688392839
BAD 620729887573
BAD 620654268503
BAD 620654268511
BAD 620607565519
BAD 620730062881
BAD 620608147669
BAD 620522487161
BAD 620522487163
BAD 620691363871
BAD 620462191567
BAD 620462191571
BAD 620525433349
BAD 620692726793
BAD 620707064441
BAD 620707064443
BAD 620707064447
BAD 620707064449
BAD 620692944253
BAD 620526663223
BAD 620527410827
BAD 620708006629
BAD 620708006641
BAD 620464502639
BAD 620464502641
BAD 620710071017
BAD 620710071019
BAD 620466520631
BAD 620466520633
BAD 620466520637
BAD 620710982153
BAD 620616969859
BAD 620616969961
BAD 620616969971
BAD 620531172221
BAD 620628087659
BAD 620628087661
BAD 620535494753
BAD 620535494767
BAD 620535494771
BAD 620535494773
BAD 620535494779
BAD 620535494791
BAD 620535494809
BAD 620620134949
BAD 620620331213
BAD 620535911861
BAD 620535911867
BAD 620535911869
BAD 620535911927
BAD 620535911929
BAD 620720178193
BAD 620631755893
BAD 620633578067
BAD 620633578069
BAD 620633578073
BAD 620508165839
BAD 620508165841
BAD 620757193789
BAD 620637427343
BAD 620758584503
BAD 620575514513
BAD 620575514521
BAD 620761281841
BAD 620761281859
BAD 620514844343
BAD 620655767581
BAD 620764466659
BAD 620764669253
BAD 620764669271
BAD 620581786091
BAD 620518153547
BAD 620769311563
BAD 620769311579
BAD 620769311581
BAD 620663273693
BAD 620665999867
BAD 620665999871
BAD 620665999873
BAD 620543856239
BAD 620543856241
BAD 620677832693
BAD 620678008681
BAD 620551485583
BAD 620687687131
BAD 620774077271
BAD 620775658343
BAD 620775658351
BAD 620777659577
BAD 620780091523
BAD 620782258909
BAD 620784445531
BAD 620784445661
BAD 620788347769
BAD 620788575443
BAD 620788575457
BAD 620788575479
BAD 620788575481
BAD 620790011467
BAD 620802183613
BAD 620803271873
BAD 620805018439
BAD 620874205031
BAD 620874205033
BAD 620909060699
BAD 620909060701
BAD 620909060719
BAD 621110830231
BAD 621110830237
BAD 620912126677
BAD 621041001337
BAD 621028983907
BAD 621029141093
BAD 620920809953
BAD 620921667413
BAD 620899008953
BAD 620899008979
BAD 620900497831
BAD 621118973243
BAD 621033439849
BAD 621033439853
BAD 621051481249
BAD 620903827429
BAD 620903827433
BAD 620904582869
BAD 620904582917
BAD 620904582919
BAD 620904582923
BAD 620905460743
BAD 621039268361
BAD 621039268363
BAD 621039268411
BAD 621039268417
BAD 621039268433
BAD 620860443331
BAD 620860816453
BAD 620809028267
BAD 620809028269
BAD 620870103323
BAD 620809298621
BAD 620809298639
BAD 620809298653
BAD 620871447463
BAD 620840416129
BAD 620818056769
BAD 620818490659
BAD 620827676369
BAD 620845034903
BAD 620845034923
BAD 620820786353
BAD 620820786361
BAD 620829423601
BAD 620831471137
BAD 620939911063
BAD 620832900763
BAD 620940795203
BAD 620940795229
BAD 620850686383
BAD 620850686389
BAD 620942614933
BAD 620942614937
BAD 620944277599
BAD 620944277623
BAD 620836412239
BAD 620836412243
BAD 620945893837
BAD 621061292363
BAD 620949720241
BAD 620999970541
BAD 621000011953
BAD 620952625369
BAD 620952625373
BAD 621067027921
BAD 621067027927
BAD 621067027937
BAD 621005408389
BAD 621073646957
BAD 621073646959
BAD 621010646761
BAD 620926438567
BAD 620926438597
BAD 620926949843
BAD 620933301631
BAD 620934239567
BAD 620934239581
BAD 620937711787
BAD 621098479531
BAD 621100663033
BAD 621163896211
BAD 621177641873
BAD 621178184287
BAD 621127088863
BAD 621171194689
BAD 621173389561
BAD 621173389589
BAD 621173389591
BAD 621147556459
BAD 621173846851
BAD 621073988761
BAD 621148868707
BAD 621073988767
BAD 621148868713
BAD 621073988771
BAD 621140335771
BAD 621140583887
BAD 621140583893
BAD 621157307137
BAD 621085005643
BAD 620958185179
BAD 620959169071
BAD 620974954939
BAD 620977739719
BAD 620979662873
BAD 620979662879
BAD 620979662881
BAD 620967680419
BAD 620981823233
BAD 620968739033
BAD 620988129163
BAD 621193707163
BAD 621196405409
BAD 621196405411
BAD 621198981437
BAD 621198981439
BAD 621198981443
BAD 621203074561
BAD 621204908101
BAD 621234184723
BAD 621236304449
BAD 621213832003
BAD 621239216713
BAD 621217822759
BAD 621217822763
BAD 621217822769
BAD 621278141767
BAD 621279597331
BAD 621263569583
BAD 621221739077
BAD 621221739079
BAD 621264257839
BAD 621245299333
BAD 621222330653
BAD 621281959247
BAD 621224512697
BAD 621247576693
BAD 621247696141
BAD 621247696151
BAD 621284275823
BAD 621249413179
BAD 621376195093
BAD 621376195117
BAD 621376195133
BAD 621251044993
BAD 621252303457
BAD 621254131297
BAD 621254131313
BAD 621255425393
BAD 621255518731
BAD 621255518747
BAD 621255518749
BAD 621255518783
BAD 621255518801
BAD 621255518803
BAD 621382358959
BAD 621382358963
BAD 621299245253
BAD 621299245261
BAD 621383995577
BAD 621383995579
BAD 621383995601
BAD 621289151809
BAD 621302417191
BAD 621302479561
BAD 621343271867
BAD 621343271869
BAD 621303991411
BAD 621387894811
BAD 621388111241
BAD 621388111243
BAD 621305207449
BAD 621305207461
BAD 621338398141
BAD 621338579509
BAD 621346586143
BAD 621389745481
BAD 621346908461
BAD 621346908463
BAD 621346908467
BAD 621348545879
BAD 621340062139
BAD 621340062143
BAD 621395556373
BAD 621396063823
BAD 621396063851
BAD 621396144857
BAD 621350916013
BAD 621397217603
BAD 621400469383
BAD 621400469387
BAD 621400469407
BAD 621319190519
BAD 621319190521
BAD 621319190533
BAD 621357525601
BAD 621358547177
BAD 621358547179
BAD 621407485973
BAD 621410143747
BAD 621408486709
BAD 621411647243
BAD 621411647257
BAD 621414856901
BAD 621414856903
BAD 621359050703
BAD 621359050717
BAD 621418038541
BAD 621418038589
BAD 621418038601
BAD 621361732973
BAD 621364010483
BAD 621364010513
BAD 621421367023
BAD 621421367033
BAD 621422188117
BAD 621423505369
BAD 621424291669
BAD 621444608693
BAD 621367751633
BAD 621367751639
BAD 621369063277
BAD 621369063281
BAD 621449469241
BAD 621462010459
BAD 621371983889
BAD 621451584463
BAD 621452151143
BAD 621452151253
BAD 621452151301
BAD 621456999533
BAD 621466742683
BAD 621510372533
BAD 621501898361
BAD 621501898363
BAD 621560646533
BAD 621502922713
BAD 621503225269
BAD 621562475021
BAD 621505890923
BAD 621505890931
BAD 621477936109
BAD 621521098123
BAD 621479631557
BAD 621480517201
BAD 621480517297
BAD 621481742317
BAD 621572619053
BAD 621538985539
BAD 621485359403
BAD 621576915629
BAD 621489928531
BAD 621489928537
BAD 621490026821
BAD 621490026823
BAD 621490026827
BAD 621490026851
BAD 621490026853
BAD 621490860883
BAD 621546407569
BAD 621547369913
BAD 621547369921
BAD 621547369931
BAD 621577778453
BAD 621578205827
BAD 621578205863
BAD 621578205869
BAD 621548469709
BAD 621579405569
BAD 621579405571
BAD 621551099413
BAD 621581839709
BAD 621551801483
BAD 621582008717
BAD 621434285107
BAD 621434285111
BAD 621435453497
BAD 621439385153
BAD 621439385173
BAD 621586306433
BAD 621586306531
BAD 621559465733
BAD 621592759309
BAD 621592759313
BAD 621594071647
BAD 621594071653
BAD 621594071663
BAD 621595945391
BAD 621595945393
BAD 621596304457
BAD 621597461239
BAD 621600049633
BAD 621737593751
BAD 621677907857
BAD 621847876763
BAD 621849180223
BAD 621680948261
BAD 621879951551
BAD 621880252817
BAD 621682958461
BAD 621851838409
BAD 621881280439
BAD 621852183653
BAD 621852183661
BAD 621684725383
BAD 621882496063
BAD 621887511029
BAD 621887511031
BAD 621930176617
BAD 621861232571
BAD 621861232579
BAD 621861783713
BAD 621778457161
BAD 621827966437
BAD 621779334863
BAD 621779334877
BAD 621779334887
BAD 621779334899
BAD 621780672661
BAD 621892777249
BAD 621933984293
BAD 621935670157
BAD 621935670173
BAD 621782696477
BAD 621783415951
BAD 621787940743
BAD 621787940821
BAD 621787940827
BAD 621717785707
BAD 621665222273
BAD 621792693811
BAD 621658086499
BAD 621695429869
BAD 621695723093
BAD 621723856063
BAD 621723856073
BAD 621745823273
BAD 621668138327
BAD 621698321311
BAD 621673894981
BAD 621673894987
BAD 621752289047
BAD 621752289049
BAD 621705473537
BAD 621705473539
BAD 621967881481
BAD 621970755283
BAD 621710056607
BAD 621710056609
BAD 621711148651
BAD 621868722721
BAD 621975654623
BAD 621975654637
BAD 621975654653
BAD 621879020813
BAD 621879020821
BAD 621618506237
BAD 621618506239
BAD 621618506263
BAD 621764865937
BAD 621766085011
BAD 621766120799
BAD 621916367287
BAD 621917900003
BAD 621630510253
BAD 621630510269
BAD 621630510271
BAD 621770345533
BAD 621633634487
BAD 621829200011
BAD 621829200019
BAD 621829200023
BAD 621636066539
BAD 621910523783
BAD 621831958157
BAD 621831958159
BAD 621773982563
BAD 621832484513
BAD 621832484521
BAD 621832484527
BAD 621774709939
BAD 621833088353
BAD 621640082243
BAD 621796914107
BAD 621987260347
BAD 621836463421
BAD 621989542049
BAD 621989542051
BAD 621989542121
BAD 621989542123
BAD 621989686333
BAD 621989686337
BAD 621803119369
BAD 621995714801
BAD 621811643269
BAD 621811643273
BAD 621948028483
BAD 621950006023
BAD 621950350757
BAD 621950350759
BAD 621961025269
BAD 621962197819
BAD 621998532119
BAD 621998532121
BAD 621998532173
BAD 621998532191
BAD 621998532193
BAD 622009805453
BAD 622016401621
BAD 622016401753
BAD 622016401757
BAD 622016401759
BAD 622017404777
BAD 622080821333
BAD 622084394741
BAD 622023815641
BAD 622025825713
BAD 622025825717
BAD 622025825741
BAD 622025825747
BAD 622025825749
BAD 622050488803
BAD 622055178893
BAD 622059304723
BAD 622062386359
BAD 622063670681
BAD 622063670689
BAD 622063936189
BAD 622156521697
BAD 622156708417
BAD 622065095207
BAD 622065095209
BAD 622067944429
BAD 622068487351
BAD 622173051757
BAD 622176705439
BAD 622176705443
BAD 622074073079
BAD 622074073081
BAD 622179134089
BAD 622075670089
BAD 622075670093
BAD 622076513809
BAD 622076513813
BAD 622076656793
BAD 622078689907
BAD 622078689923
BAD 622078689937
BAD 622078689941
BAD 622078689943
BAD 622103944313
BAD 622334535833
BAD 622218493921
BAD 622218493927
BAD 622336892869
BAD 622300236617
BAD 622114563481
BAD 622220934791
BAD 622220934793
BAD 622235525719
BAD 622235688209
BAD 622235688211
BAD 622303131913
BAD 622303131917
BAD 622205146411
BAD 622205146417
BAD 622110213007
BAD 622224427343
BAD 622111250953
BAD 622120271041
BAD 622240086913
BAD 622242109613
BAD 622229528969
BAD 622229528971
BAD 622344689699
BAD 622212602839
BAD 622212668003
BAD 622214162483
BAD 622246641229
BAD 622246641241
BAD 622246641259
BAD 622346925097
BAD 622267765391
BAD 622247685911
BAD 622248063013
BAD 622030066789
BAD 622314668377
BAD 622273295929
BAD 622276149763
BAD 622276149767
BAD 622276149769
BAD 622276348189
BAD 622038266467
BAD 622038332359
BAD 622281128191
BAD 622283669983
BAD 622136720377
BAD 622043192653
BAD 622043637283
BAD 622248572063
BAD 622044403447
BAD 622184222081
BAD 622288300457
BAD 622141565063
BAD 622289068957
BAD 622185548783
BAD 622185548797
BAD 622252549349
BAD 622252549351
BAD 622315933643
BAD 622315933663
BAD 622315933669
BAD 622315933697
BAD 622315933699
BAD 622370501017
BAD 622256482951
BAD 622189708477
BAD 622147433027
BAD 622322236247
BAD 622322236279
BAD 622322236313
BAD 622322236399
BAD 622324611151
BAD 622381022519
BAD 622381022521
BAD 622327838311
BAD 622331547941
BAD 622349973233
BAD 622349973241
BAD 622353482119
BAD 622353482123
BAD 622353482131
BAD 622353482147
BAD 622355399851
BAD 622356215933
BAD 622360431391
BAD 622362273917
BAD 622362273919
BAD 622362273931
BAD 622362994333
BAD 622385873803
BAD 622387325801
BAD 622387325803
BAD 622387538831
BAD 622387538833
BAD 622389794713
BAD 622389794717
BAD 622397246813
BAD 622398774409
BAD 622405272833
BAD 622426233623
BAD 622432663339
BAD 622483770331
BAD 622497080713
BAD 622497080717
BAD 622497080719
BAD 622498681477
BAD 622504100041
BAD 622508470561
BAD 622508470567
BAD 622510727779
BAD 622432709099
BAD 622471934881
BAD 622472707951
BAD 622472707957
BAD 622474486819
BAD 622438088821
BAD 622438088827
BAD 622475414131
BAD 622475433193
BAD 622479303793
BAD 622448004049
BAD 622452086989
BAD 622453589917
BAD 622458650383
BAD 622701846233
BAD 622465159531
BAD 622702924099
BAD 622705326983
BAD 622711320001
BAD 622753335031
BAD 622753335047
BAD 622670919931
BAD 622671632659
BAD 622671837323
BAD 622676209471
BAD 622517086069
BAD 622517086073
BAD 622517414951
BAD 622677261473
BAD 622678152413
BAD 622725781969
BAD 622725781973
BAD 622725781991
BAD 622680414157
BAD 622520021003
BAD 622728586981
BAD 622683494449
BAD 622729288957
BAD 622661762633
BAD 622586146337
BAD 622586146339
BAD 622524353123
BAD 622586718857
BAD 622526715347
BAD 622526715353
BAD 622590405803
BAD 622608143851
BAD 622529973127
BAD 622591850161
BAD 622532758321
BAD 622532758327
BAD 622612279043
BAD 622612366109
BAD 622612366111
BAD 622594503833
BAD 622769595871
BAD 622596180187
BAD 622599268883
BAD 622773356213
BAD 622773356221
BAD 622773356243
BAD 622689283831
BAD 622689862933
BAD 622690853797
BAD 622569552743
BAD 622635112607
BAD 622573130863
BAD 622637455907
BAD 622740960109
BAD 622740960113
BAD 622740960143
BAD 622740960151
BAD 622574798959
BAD 622575827833
BAD 622575827837
BAD 622575827843
BAD 622576087477
BAD 622639461139
BAD 622781669833
BAD 622781669863
BAD 622696051321
BAD 622555460719
BAD 622577330671
BAD 622577330677
BAD 622577330681
BAD 622577485097
BAD 622577485099
BAD 622640571199
BAD 622640590489
BAD 622696427929
BAD 622696427939
BAD 622578223129
BAD 622578223133
BAD 622578223171
BAD 622641231571
BAD 622625444563
BAD 622558559099
BAD 622558559101
BAD 622536711383
BAD 622536711439
BAD 622536711451
BAD 622536711457
BAD 622581446923
BAD 622537009747
BAD 622559455253
BAD 622627405943
BAD 622746618283
BAD 622746618293
BAD 622746618317
BAD 622746618331
BAD 622746618337
BAD 622746618341
BAD 622646232877
BAD 622539823309
BAD 622539823313
BAD 622748727169
BAD 622630144561
BAD 622630144579
BAD 622630144583
BAD 622648320499
BAD 622541760317
BAD 622541760319
BAD 622541760361
BAD 622541760397
BAD 622750014983
BAD 622545348641
BAD 622545348643
BAD 622802401633
BAD 622803401761
BAD 622803401767
BAD 622809082481
BAD 622787035657
BAD 622788109459
BAD 622799702309
BAD 622819651543
BAD 622819651703
BAD 622825288297
BAD 622825288307
BAD 622833297631
BAD 622845148223
BAD 622845148231
BAD 622845148241
BAD 622845760421
BAD 622845760519
BAD 622847209687
BAD 622847209693
BAD 622862349743
BAD 622862349749
BAD 622871175581
BAD 622881955879
BAD 622885522549
BAD 622920941873
BAD 622921938091
BAD 622923993557
BAD 622934181371
BAD 622934379973
BAD 622940691323
BAD 622944903271
BAD 622944903277
BAD 622946400493
BAD 622947842947
BAD 622951350113
BAD 622886658547
BAD 622886658551
BAD 622886658553
BAD 622908981619
BAD 622909092503
BAD 622913394331
BAD 622917519097
BAD 622917519109
BAD 622986349663
BAD 622986349669
BAD 622987575671
BAD 622987575673
BAD 622993783339
BAD 622993783361
BAD 622994503933
BAD 622996003283
BAD 623139934247
BAD 623140517017
BAD 623140517039
BAD 623142557669
BAD 623142557671
BAD 623142557839
BAD 623142557887
BAD 623120610121
BAD 623156684329
BAD 623146244629
BAD 622953786383
BAD 622953786397
BAD 623124587011
BAD 623040865319
BAD 623124855919
BAD 623162204087
BAD 623162656043
BAD 623177363219
BAD 623024645611
BAD 623162756759
BAD 623162756761
BAD 622956134681
BAD 622956134683
BAD 623089334057
BAD 623089334059
BAD 623164030147
BAD 623164392359
BAD 623044230049
BAD 623151212329
BAD 623090821153
BAD 623126888413
BAD 622957588339
BAD 623027706649
BAD 623167415873
BAD 623167415963
BAD 622959511513
BAD 623093148277
BAD 623093967031
BAD 623047652063
BAD 623170641479
BAD 623170641481
BAD 623170641487
BAD 623184165181
BAD 623184165187
BAD 622960897313
BAD 623184885151
BAD 623130720083
BAD 622961834527
BAD 622961834531
BAD 622961834533
BAD 622962650551
BAD 623051010863
BAD 623051010877
BAD 623071699541
BAD 623052198383
BAD 623187325601
BAD 623187325603
BAD 623187325619
BAD 623187534031
BAD 623098840283
BAD 623135194307
BAD 623135194309
BAD 623034577117
BAD 623006429581
BAD 623006429593
BAD 623035039223
BAD 623075391739
BAD 622967066011
BAD 622971718849
BAD 623012479651
BAD 623083331183
BAD 622982138747
BAD 622982138749
BAD 622983463987
BAD 623114900873
BAD 623062429081
BAD 623192748511
BAD 623195830007
BAD 623196515171
BAD 623196515173
BAD 623196515177
BAD 623197416109
BAD 623255397481
BAD 623210112463
BAD 623268074857
BAD 623210744647
BAD 623210808919
BAD 623210808923
BAD 623268288091
BAD 623215843763
BAD 623215843787
BAD 623238531379
BAD 623238531413
BAD 623239078393
BAD 623241236183
BAD 623241236221
BAD 623231033423
BAD 623244958879
BAD 623246531993
BAD 623246532001
BAD 623246907137
BAD 623246907139
BAD 623234701057
BAD 623249742949
BAD 623276144243
BAD 623279532229
BAD 623279886689
BAD 623284993883
BAD 623295588961
BAD 623299939609
BAD 623304581959
BAD 623305529923
BAD 623305529927
BAD 623305529929
BAD 623311121743
BAD 623321426393
BAD 623322993751
BAD 623330102851
BAD 623331426511
BAD 623593241983
BAD 623596716737
BAD 623596716739
BAD 623597968969
BAD 623598844103
BAD 623598844123
BAD 623598844139
BAD 623339295269
BAD 623339295277
BAD 623339295301
BAD 623347230923
BAD 623431676429
BAD 623434165283
BAD 623366583023
BAD 623523281063
BAD 623368970569
BAD 623439192043
BAD 623368970573
BAD 623368970579
BAD 623440186387
BAD 623440186393
BAD 623370117313
BAD 623529098833
BAD 623508644839
BAD 623508644851
BAD 623508644881
BAD 623509116247
BAD 623456353393
BAD 623456724959
BAD 623456724973
BAD 623456896973
BAD 623457202681
BAD 623457256399
BAD 623511782371
BAD 623376312157
BAD 623389384637
BAD 623560111949
BAD 623560111957
BAD 623560775273
BAD 623459966333
BAD 623515643603
BAD 623414402209
BAD 623414402227
BAD 623414402231
BAD 623379865831
BAD 623415579341
BAD 623415579343
BAD 623461135501
BAD 623453592623
BAD 623517621073
BAD 623519371537
BAD 623520997349
BAD 623520997357
BAD 623521895693
BAD 623521922293
BAD 623521922297
BAD 623521922299
BAD 623567980601
BAD 623567980603
BAD 623387636701
BAD 623400006197
BAD 623400006199
BAD 623478898573
BAD 623569642589
BAD 623569642609
BAD 623400641209
BAD 623479561577
BAD 623551903489
BAD 623551903493
BAD 623571276067
BAD 623572819993
BAD 623572819999
BAD 623499693413
BAD 623499693463
BAD 623501962927
BAD 623502110353
BAD 623616376657
BAD 623617243903
BAD 623661582233
BAD 623681963059
BAD 623667485393
BAD 623667485401
BAD 623644858861
BAD 623648995877
BAD 623649140729
BAD 623649140731
BAD 623653885423
BAD 623654585447
BAD 623654585459
BAD 623654585461
BAD 623654927747
BAD 623635311463
BAD 623635311499
BAD 623694246083
BAD 623638079503
BAD 623638079509
BAD 623639265187
BAD 623639265191
BAD 623698006861
BAD 623703364741
BAD 623705564479
BAD 623711489593
BAD 623711489603
BAD 623711489617
BAD 623713756349
BAD 623713756357
BAD 623715683783
BAD 623716784671
BAD 623719021909
BAD 623740893661
BAD 623740893673
BAD 623740893679
BAD 623776516739
BAD 623777726731
BAD 623777726779
BAD 623912340871
BAD 623781083383
BAD 623781083407
BAD 623781083411
BAD 623781083413
BAD 623781083449
BAD 623943843253
BAD 623786400773
BAD 623945894729
BAD 623945894731
BAD 623788939309
BAD 623948368139
BAD 623956248233
BAD 623742515941
BAD 623742515953
BAD 623742515959
BAD 624030127159
BAD 624014482207
BAD 624014482211
BAD 624014482213
BAD 624015320161
BAD 623749533353
BAD 623750493481
BAD 623750493497
BAD 623760047011
BAD 623760861439
BAD 624035553931
BAD 624035553943
BAD 623752599053
BAD 624023114513
BAD 623798198939
BAD 623798198941
BAD 623798277721
BAD 623798277769
BAD 623963119069
BAD 624026225077
BAD 623765690263
BAD 623757346039
BAD 623766436133
BAD 623802017483
BAD 623809194167
BAD 623899129627
BAD 623843794201
BAD 623843794207
BAD 623843794213
BAD 623844381301
BAD 623768969969
BAD 623811384073
BAD 623811384289
BAD 623811384293
BAD 624001655521
BAD 623877157139
BAD 623829590653
BAD 623847169741
BAD 623905279099
BAD 623815738423
BAD 623831977939
BAD 623972354591
BAD 623817185041
BAD 623906783579
BAD 623906783581
BAD 623907321097
BAD 623833299053
BAD 623851796479
BAD 623929686439
BAD 623929686451
BAD 624009462061
BAD 623885316497
BAD 623885316499
BAD 623885316503
BAD 623885316511
BAD 623855989139
BAD 623888107333
BAD 623856417853
BAD 623889096461
BAD 623889096463
BAD 623889096499
BAD 623938521937
BAD 623938629961
BAD 624043801373
BAD 624043801379
BAD 623942503549
BAD 623942503579
BAD 623863351613
BAD 623865507457
BAD 623865507481
BAD 623865507487
BAD 623871940039
BAD 623873073653
BAD 623873073679
BAD 623874494459
BAD 623874494461
BAD 624064690651
BAD 624064690673
BAD 624064690681
BAD 624064690687
BAD 624064690693
BAD 624064690699
BAD 624067417913
BAD 624073074421
BAD 624073074463
BAD 624099323959
BAD 624077112361
BAD 624077112367
BAD 624078274229
BAD 624078274231
BAD 624078794827
BAD 624110890103
BAD 624115286329
BAD 624115286339
BAD 624115286341
BAD 624119905249
BAD 624123080479
BAD 624129536971
BAD 624129536977
BAD 624150580567
BAD 624136446721
BAD 624154770563
BAD 624140427241
BAD 624140427247
BAD 624143528347
BAD 624182306513
BAD 624182306521
BAD 624183816983
BAD 624185439751
BAD 624188897083
BAD 624188897089
BAD 624311938111
BAD 624190827691
BAD 624191996059
BAD 624193772863
BAD 624318606103
BAD 624319079071
BAD 624319079077
BAD 624320256827
BAD 624320256829
BAD 624412427819
BAD 624413434369
BAD 624231598721
BAD 624420697543
BAD 624423756863
BAD 624426297533
BAD 624426297553
BAD 624426297559
BAD 624238511513
BAD 624239738971
BAD 624427836541
BAD 624242083547
BAD 624204711373
BAD 624204711379
BAD 624205128187
BAD 624244510633
BAD 624244510639
BAD 624211078013
BAD 624282889697
BAD 624283968403
BAD 624285722419
BAD 624285722429
BAD 624162854941
BAD 624162974741
BAD 624162974759
BAD 624290926921
BAD 624293567081
BAD 624170943223
BAD 624246736681
BAD 624172002691
BAD 624172002697
BAD 624172002709
BAD 624262915981
BAD 624262915987
BAD 624250394951
BAD 624250394953
BAD 624250394969
BAD 624264016193
BAD 624254317937
BAD 624399440537
BAD 624399767281
BAD 624267894539
BAD 624267894541
BAD 624267894553
BAD 624268344841
BAD 624213807299
BAD 624383281243
BAD 624383418247
BAD 624214327489
BAD 624214327549
BAD 624214327553
BAD 624367445213
BAD 624258428923
BAD 624272090053
BAD 624272090059
BAD 624272090063
BAD 624404991733
BAD 624275534933
BAD 624346525513
BAD 624373805837
BAD 624348164093
BAD 624223709983
BAD 624391983269
BAD 624429604093
BAD 624429844333
BAD 624429844349
BAD 624351882463
BAD 624296255389
BAD 624226812491
BAD 624352398223
BAD 624227250001
BAD 624227250007
BAD 624227250061
BAD 624447935071
BAD 624297520753
BAD 624354248071
BAD 624436005001
BAD 624436005007
BAD 624437422849
BAD 624452922053
BAD 624452922061
BAD 624441787481
BAD 624441787483
BAD 624477272879
BAD 624477734821
BAD 624443674577
BAD 624443674579
BAD 624443997209
BAD 624307745821
BAD 624307745827
BAD 624457421611
BAD 624444428371
BAD 624444428483
BAD 624458922803
BAD 624458922809
BAD 624498930793
BAD 624500002003
BAD 624500646829
BAD 624506038669
BAD 624330110401
BAD 624507904873
BAD 624330425611
BAD 624510413383
BAD 624337494023
BAD 624514412387
BAD 624514412393
BAD 624514412413
BAD 624514412447
BAD 624519421373
BAD 624519421381
BAD 624520353293
BAD 624520353337
BAD 624524122741
BAD 624526378219
BAD 624529611253
BAD 624554253889
BAD 624554253913
BAD 624560365549
BAD 624531886499
BAD 624531886501
BAD 624531886507
BAD 624535182127
BAD 624545669771
BAD 624545669773
BAD 624546231511
BAD 624546528371
BAD 624546528373
BAD 624587028683
BAD 624614248807
BAD 624614930243
BAD 624591932449
BAD 624592421417
BAD 624592421419
BAD 624592421423
BAD 624619918501
BAD 624596239919
BAD 624596239937
BAD 624715345391
BAD 624715345433
BAD 624716600213
BAD 624716757233
BAD 624716757241
BAD 624719803177
BAD 624719803181
BAD 624782297207
BAD 624782297431
BAD 624690136309
BAD 624787753789
BAD 624798749611
BAD 624798920989
BAD 624828981089
BAD 624726708289
BAD 624801061813
BAD 624728868163
BAD 624693967153
BAD 624693967159
BAD 624831576679
BAD 624694692593
BAD 624793293983
BAD 624793605251
BAD 624697359001
BAD 624650124811
BAD 624809029123
BAD 624651136051
BAD 624797618759
BAD 624797618761
BAD 624814965673
BAD 624658222891
BAD 624659522959
BAD 624662112983
BAD 624598222081
BAD 624598869137
BAD 624598869511
BAD 624632238049
BAD 624632238053
BAD 624633516473
BAD 624698741773
BAD 624636860857
BAD 624699916783
BAD 624570281477
BAD 624570281479
BAD 624570281483
BAD 624643591087
BAD 624861375871
BAD 624709850593
BAD 624572707981
BAD 624572708017
BAD 624574838057
BAD 624574838059
BAD 624712258171
BAD 624714048529
BAD 624833076601
BAD 624834042673
BAD 624836491723
BAD 624750384833
BAD 624751108447
BAD 624736399631
BAD 624736399633
BAD 624736858561
BAD 624736858573
BAD 624868305829
BAD 624868305833
BAD 624758507491
BAD 624758718071
BAD 624758718091
BAD 624741721861
BAD 624873280793
BAD 624742809157
BAD 624743100767
BAD 624743100769
BAD 624743100811
BAD 624878954863
BAD 624902819131
BAD 624903612691
BAD 624903852017
BAD 624903852019
BAD 624903866299
BAD 624904080799
BAD 624904080803
BAD 624667427017
BAD 624668447303
BAD 624908210431
BAD 624669440147
BAD 624669440149
BAD 624669946603
BAD 624670948081
BAD 624911140013
BAD 624911235763
BAD 624678268801
BAD 624883664663
BAD 624886546087
BAD 624886546093
BAD 624896835713
BAD 624930405443
BAD 624931950829
BAD 624934165733
BAD 624934165741
BAD 624934165753
BAD 624934165771
BAD 624934965539
BAD 624937166153
BAD 624937166159
BAD 624937166177
BAD 624937166179
BAD 624948173383
BAD 624949848253
BAD 624949848293
BAD 624954253853
BAD 624963676037
BAD 624963676039
BAD 624965131187
BAD 624965131201
BAD 625002345901
BAD 625025637679
BAD 625027039337
BAD 625027039339
BAD 625027039393
BAD 625027039397
BAD 625006325123
BAD 625007439073
BAD 625036185679
BAD 625036185691
BAD 625038544891
BAD 625039993771
BAD 625015744993
BAD 625050005947
BAD 625050005971
BAD 625050006023
BAD 625050283357
BAD 625050283397
BAD 625050283399
BAD 625046807753
BAD 625046807761
BAD 625061245751
BAD 625062144263
BAD 625285353631
BAD 625286450753
BAD 625291197163
BAD 625291197173
BAD 625293534253
BAD 624967027103
BAD 624967027109
BAD 624967177189
BAD 624967372339
BAD 625295398243
BAD 624970013467
BAD 624970762219
BAD 624970762223
BAD 625271602427
BAD 625271602429
BAD 624971126243
BAD 624977013547
BAD 624977013553
BAD 624977066179
BAD 624977066191
BAD 624977466353
BAD 625280115253
BAD 625282220197
BAD 625282220209
BAD 625084920683
BAD 625087855043
BAD 625069091687
BAD 625069614053
BAD 625093147801
BAD 625074073913
BAD 625117680541
BAD 625159056113
BAD 625075590859
BAD 625075590863
BAD 625097106253
BAD 625097106259
BAD 625097135363
BAD 625097135371
BAD 625201766851
BAD 625122721309
BAD 625122721313
BAD 625103532721
BAD 625169955149
BAD 625204545971
BAD 625166266741
BAD 625107838207
BAD 625172031557
BAD 625172031559
BAD 625129115393
BAD 625129115399
BAD 625212528079
BAD 625257971003
BAD 625132654639
BAD 625179184171
BAD 625188360499
BAD 625245565619
BAD 625260480967
BAD 625260836149
BAD 625260836153
BAD 625181618749
BAD 625191244493
BAD 625191244507
BAD 624989816851
BAD 625266541531
BAD 625193560933
BAD 625193560939
BAD 625225259513
BAD 625225259521
BAD 625226302913
BAD 625196693917
BAD 625230764833
BAD 625199895967
BAD 625136607349
BAD 625141281811
BAD 625142103503
BAD 625302805241
BAD 625302805243
BAD 625313825033
BAD 625316099423
BAD 625339925159
BAD 625341244379
BAD 625344586597
BAD 625348600801
BAD 625348600819
BAD 625323375073
BAD 625323375163
BAD 625323375169
BAD 625325164463
BAD 625325595137
BAD 625325763113
BAD 625326420463
BAD 625373574013
BAD 625373779033
BAD 625373779039
BAD 625373779049
BAD 625373779057
BAD 625379407361
BAD 625379407363
BAD 625353319231
BAD 625355527261
BAD 625356392989
BAD 625358053657
BAD 625358053667
BAD 625358053669
BAD 625358576929
BAD 625358576933
BAD 625358576963
BAD 625358594941
BAD 625358594947
BAD 625360227077
BAD 625363471111
BAD 625365749167
BAD 625365848843
BAD 625402464319
BAD 625407551053
BAD 625407551057
BAD 625407551059
BAD 625407551063
BAD 625407696997
BAD 625409985149
BAD 625415017613
BAD 625424591257
BAD 625387152631
BAD 625427397241
BAD 625428298279
BAD 625390966763
BAD 625458597793
BAD 625461189233
BAD 625466968039
BAD 625716225097
BAD 625641046403
BAD 625643076859
BAD 625520078899
BAD 625645638103
BAD 625649454653
BAD 625650948631
BAD 625650948641
BAD 625490196349
BAD 625439169083
BAD 625492981097
BAD 625494823441
BAD 625658720777
BAD 625658720779
BAD 625497378983
BAD 625497378997
BAD 625533792643
BAD 625444243693
BAD 625470663889
BAD 625673171891
BAD 625534871851
BAD 625534871881
BAD 625471606247
BAD 625504167451
BAD 625663247413
BAD 625663247423
BAD 625557761407
BAD 625507098421
BAD 625676112463
BAD 625507267163
BAD 625507267171
BAD 625665439057
BAD 625559415071
BAD 625679326733
BAD 625626512243
BAD 625626512281
BAD 625477726823
BAD 625477726829
BAD 625477726831
BAD 625477726849
BAD 625477744937
BAD 625587664087
BAD 625545700823
BAD 625588335301
BAD 625588335313
BAD 625511518277
BAD 625511518279
BAD 625566676433
BAD 625566676439
BAD 625628268283
BAD 625570662949
BAD 625570662953
BAD 625547731313
BAD 625631188709
BAD 625483434013
BAD 625631188711
BAD 625483434019
BAD 625631188717
BAD 625631188723
BAD 625483658147
BAD 625483658153
BAD 625483658159
BAD 625483658161
BAD 625695481849
BAD 625575400343
BAD 625613339059
BAD 625631940961
BAD 625632094553
BAD 625632094559
BAD 625632094561
BAD 625614892373
BAD 625595343847
BAD 625595343859
BAD 625595343869
BAD 625696609009
BAD 625633765717
BAD 625577929973
BAD 625634730113
BAD 625634730121
BAD 625697973983
BAD 625598262161
BAD 625702067957
BAD 625702067959
BAD 625620245447
BAD 625620245449
BAD 625704015179
BAD 625602965329
BAD 625602965333
BAD 625584911071
BAD 625584911101
BAD 625586686259
BAD 625586686321
BAD 625722320239
BAD 625725062971
BAD 625758547331
BAD 625758547333
BAD 625758547339
BAD 625760566097
BAD 625760566099
BAD 625760566111
BAD 625763159963
BAD 625766582449
BAD 625766582461
BAD 625769641969
BAD 625770410149
BAD 625772713403
BAD 625792483133
BAD 625793340511
BAD 625793340517
BAD 625800063587
BAD 625784638111
BAD 625784638123
BAD 625802249431
BAD 625802249437
BAD 625802249441
BAD 625785634189
BAD 625785634193
BAD 625785634267
BAD 625740233903
BAD 625805126501
BAD 625805126503
BAD 625751164343
BAD 625809194617
BAD 625754416271
BAD 625826661703
BAD 625830987139
BAD 625815761191
BAD 625834840699
BAD 625836075133
BAD 625837617841
BAD 625838437397
BAD 625821133043
BAD 625860294593
BAD 625863085723
BAD 625874297903
BAD 625874444401
BAD 625863732127
BAD 625878564853
BAD 625880235187
BAD 625882294627
BAD 625882294651
BAD 625870856423
BAD 625885040873
BAD 625974257273
BAD 625981295777
BAD 625841162839
BAD 625983130483
BAD 625893136903
BAD 625845678589
BAD 626092332353
BAD 626092529173
BAD 625895253031
BAD 626007594791
BAD 625896562309
BAD 625896562321
BAD 625896562337
BAD 626094220679
BAD 626094481477
BAD 626010177839
BAD 626010177841
BAD 625962738421
BAD 625987606381
BAD 626095758943
BAD 626095758949
BAD 626023436149
BAD 626096495053
BAD 625964324989
BAD 626097336169
BAD 626025071509
BAD 625901054851
BAD 625901121113
BAD 626099369851
BAD 626110048183
BAD 625965661553
BAD 625934857073
BAD 626111094331
BAD 626111488711
BAD 626061143311
BAD 626018241553
BAD 626032094549
BAD 626032094563
BAD 626018615381
BAD 626021598509
BAD 626105704513
BAD 626083687013
BAD 626121454771
BAD 626122699759
BAD 626071646843
BAD 626072340319
BAD 626003953513
BAD 626047848319
BAD 625942752377
BAD 625910682437
BAD 625911479587
BAD 625950132817
BAD 625950132823
BAD 625917912611
BAD 625917912773
BAD 625917912811
BAD 625952814803
BAD 626127356599
BAD 626127356611
BAD 626128181251
BAD 626128181387
BAD 626128181389
BAD 626128181431
BAD 626128181443
BAD 626130140003
BAD 626135856433
BAD 626137738159
BAD 626180085317
BAD 626180085319
BAD 626140737437
BAD 626146687703
BAD 626188903189
BAD 626189867773
BAD 626189867777
BAD 626150714533
BAD 626151778709
BAD 626151778711
BAD 626151778729
BAD 626155563811
BAD 626155563823
BAD 626163212729
BAD 626163212747
BAD 626168194931
BAD 626168194987
BAD 626208560521
BAD 626173622033
BAD 626216711251
BAD 626216711257
BAD 626218199183
BAD 626218771777
BAD 626191543223
BAD 626193553081
BAD 626201380703
BAD 626261667949
BAD 626261667953
BAD 626385511699
BAD 626362814393
BAD 626362814401
BAD 626266415107
BAD 626388107431
BAD 626267873131
BAD 626292328027
BAD 626294456063
BAD 626294456119
BAD 626294456131
BAD 626295727661
BAD 626295727663
BAD 626296115021
BAD 626296115023
BAD 626373132533
BAD 626525707999
BAD 626525708009
BAD 626343203363
BAD 626343203371
BAD 626348555389
BAD 626348555429
BAD 626348555431
BAD 626274775213
BAD 626275555657
BAD 626275560893
BAD 626432146381
BAD 626437203671
BAD 626437203673
BAD 626437203677
BAD 626437203683
BAD 626280167899
BAD 626329604297
BAD 626399720399
BAD 626332019587
BAD 626332019591
BAD 626332258373
BAD 626402062189
BAD 626333527187
BAD 626333527189
BAD 626312197969
BAD 626243043893
BAD 626405066957
BAD 626285704669
BAD 626337650713
BAD 626287839439
BAD 626246169953
BAD 626316495713
BAD 626319159863
BAD 626320121983
BAD 626251222879
BAD 626251791721
BAD 626495289841
BAD 626412720007
BAD 626506327763
BAD 626414958713
BAD 626416123441
BAD 626529552101
BAD 626508912353
BAD 626417742631
BAD 626417742637
BAD 626417742641
BAD 626531371159
BAD 626418778729
BAD 626420888719
BAD 626421127957
BAD 626421127961
BAD 626421127963
BAD 626421127967
BAD 626421127973
BAD 626534256713
BAD 626534749039
BAD 626537173193
BAD 626540944501
BAD 626542037179
BAD 626563332193
BAD 626459919299
BAD 626459919301
BAD 626569793933
BAD 626569793959
BAD 626462695381
BAD 626442801263
BAD 626467827589
BAD 626468781353
BAD 626469059011
BAD 626469059017
BAD 626469059039
BAD 626446976657
BAD 626448772819
BAD 626448772823
BAD 626475980959
BAD 626477150423
BAD 626477332757
BAD 626478532837
BAD 626455022917
BAD 626457886603
BAD 626583631327
BAD 626596715267
BAD 626596715293
BAD 626596715299
BAD 626597677687
BAD 626487281689
BAD 626489712311
BAD 626589786709
BAD 626589786721
BAD 626589786763
BAD 626589786769
BAD 626589786773
BAD 626589787013
BAD 626589787027
BAD 626605156789
BAD 626546231419
BAD 626546437861
BAD 626547953123
BAD 626550912593
BAD 626632130711
BAD 626632130713
BAD 626632257379
BAD 626634274001
BAD 626634274003
BAD 626635035419
BAD 626635035421
BAD 626556377119
BAD 626559018209
BAD 626643331907
BAD 626643331969
BAD 626612357419
BAD 626618832197
BAD 626618832199
BAD 626711430649
BAD 626711430659
BAD 626711430661
BAD 626677689103
BAD 626677689139
BAD 626660736413
BAD 626680354141
BAD 626680354147
BAD 626680354151
BAD 626667565921
BAD 626690962927
BAD 626671851233
BAD 626691874073
BAD 626693033399
BAD 626693033401
BAD 626745136819
BAD 626747030321
BAD 626748146303
BAD 626752424119
BAD 626754949103
BAD 626785737079
BAD 626757721049
BAD 626757721069
BAD 626761129651
BAD 626707646429
BAD 626709281147
BAD 626709281153
BAD 626647266467
BAD 626647266473
BAD 626654915507
BAD 626656512733
BAD 626763536603
BAD 626897202367
BAD 626794866293
BAD 626771986097
BAD 626795013763
BAD 626832176573
BAD 626811629519
BAD 626739641221
BAD 626773257587
BAD 626773257589
BAD 626773257619
BAD 626905216603
BAD 626739822571
BAD 626740942871
BAD 626740942873
BAD 626980656713
BAD 626980656721
BAD 626816656801
BAD 626799869053
BAD 626799869057
BAD 626777544529
BAD 626777544541
BAD 626982228683
BAD 626982228689
BAD 626820197351
BAD 626911793881
BAD 626911793969
BAD 626911793971
BAD 626987390411
BAD 626824451273
BAD 626824451293
BAD 626825068733
BAD 626825068741
BAD 626989805633
BAD 626810795291
BAD 626810795293
BAD 626810795309
BAD 626810795311
BAD 626810795333
BAD 626810795341
BAD 626827578997
BAD 626827580809
BAD 626993103883
BAD 626968729043
BAD 626978356273
BAD 626879703523
BAD 626880012763
BAD 626880381511
BAD 626849145971
BAD 626849145973
BAD 626849145977
BAD 626849145991
BAD 626889104629
BAD 626851780637
BAD 626894178661
BAD 626894178667
BAD 626894178671
BAD 626872902289
BAD 626856059243
BAD 626856436147
BAD 626856460781
BAD 626856460819
BAD 626875546651
BAD 626875546657
BAD 626875546663
BAD 626858449831
BAD 626859776681
BAD 626927060743
BAD 626936553151
BAD 626936553169
BAD 626941120111
BAD 626944452107
BAD 626944593727
BAD 626957191759
BAD 626957459683
BAD 627006385297
BAD 627011187311
BAD 627011187337
BAD 627025332469
BAD 627025332473
BAD 627067619693
BAD 627071940311
BAD 627071940331
BAD 627071940337
BAD 627075577393
BAD 627075577399
BAD 627076397053
BAD 627079618183
BAD 627048656209
BAD 627092243699
BAD 627092243707
BAD 627092243719
BAD 627052053253
BAD 627053508271
BAD 627054854347
BAD 627054875693
BAD 627031264591
BAD 627032033827
BAD 627033279923
BAD 627061981213
BAD 627061981219
BAD 627037546049
BAD 627042580921
BAD 627042756427
BAD 627043705591
BAD 627043705627
BAD 627046293347
BAD 627114341957
BAD 627115070509
BAD 627115779203
BAD 627115820629
BAD 627117155059
BAD 627265851871
BAD 627269415593
BAD 627273471919
BAD 627273508297
BAD 627277726219
BAD 627277726223
BAD 627130527631
BAD 627130527649
BAD 627218542319
BAD 627292234463
BAD 627292234469
BAD 627149125429
BAD 627149125439
BAD 627149125441
BAD 627135837907
BAD 627220406011
BAD 627137322067
BAD 627233220709
BAD 627151445873
BAD 627138478789
BAD 627138478793
BAD 627190475713
BAD 627190475719
BAD 627190786219
BAD 627190786223
BAD 627223694347
BAD 627223810133
BAD 627236700463
BAD 627143589211
BAD 627143589217
BAD 627143694113
BAD 627143694119
BAD 627143694143
BAD 627199934177
BAD 627227286953
BAD 627227963581
BAD 627163278361
BAD 627206130059
BAD 627246964871
BAD 627246964873
BAD 627209640061
BAD 627214189003
BAD 627348621721
BAD 627350059043
BAD 627350059081
BAD 627350688347
BAD 627167551883
BAD 627167551889
BAD 627253397893
BAD 627253476139
BAD 627258516853
BAD 627361118873
BAD 627361500263
BAD 627261315469
BAD 627180618109
BAD 627323209699
BAD 627328645441
BAD 627329411669
BAD 627329411671
BAD 627382745057
BAD 627331301897
BAD 627331301899
BAD 627304675853
BAD 627304675861
BAD 627384260981
BAD 627384260983
BAD 627384260989
BAD 627371493283
BAD 627371493289
BAD 627371493293
BAD 627374177753
BAD 627307125917
BAD 627307125931
BAD 627307133617
BAD 627386874061
BAD 627387231391
BAD 627387942221
BAD 627377394233
BAD 627378619183
BAD 627310932121
BAD 627379774211
BAD 627379774213
BAD 627396159499
BAD 627334811797
BAD 627339736789
BAD 627342106511
BAD 627342106513
BAD 627342901127
BAD 627346056149
BAD 627346056151
BAD 627409159549
BAD 627409159561
BAD 627410150203
BAD 627422169643
BAD 627423390323
BAD 627425186483
BAD 627428870399
BAD 627429761449
BAD 627432161879
BAD 627466697873
BAD 627466697881
BAD 627468103517
BAD 627468103519
BAD 627468424981
BAD 627471526631
BAD 627471526663
BAD 627472282313
BAD 627473659411
BAD 627474993857
BAD 627455736121
BAD 627465270541
BAD 627435668311
BAD 627435966863
BAD 627442305013
BAD 627442739029
BAD 627442739039
BAD 627442739041
BAD 627444399223
BAD 627444399229
BAD 627486502681
BAD 627487542559
BAD 627493758223
BAD 627498021257
BAD 627498783913
BAD 627498783917
BAD 627608079367
BAD 627684705803
BAD 627684705811
BAD 627687715027
BAD 627687715033
BAD 627694668781
BAD 627501632633
BAD 627501632647
BAD 627501632651
BAD 627510527957
BAD 627513198371
BAD 627513198373
BAD 627513198383
BAD 627513198391
BAD 627513383459
BAD 627515740213
BAD 627619064659
BAD 627621913783
BAD 627624955057
BAD 627627127637
BAD 627631131793
BAD 627631131893
BAD 627631131901
BAD 627632575279
BAD 627632575357
BAD 627652321523
BAD 627655556401
BAD 627655700611
BAD 627657713041
BAD 627660339277
BAD 627661864667
BAD 627664756577
BAD 627536496773
BAD 627539585033
BAD 627541419541
BAD 627550745707
BAD 627554643229
BAD 627554643283
BAD 627805905323
BAD 627556322699
BAD 627807557353
BAD 627812868737
BAD 627812868743
BAD 627814643101
BAD 627817388521
BAD 627817398581
BAD 627817398583
BAD 627817398589
BAD 627817398647
BAD 627719268157
BAD 627837223633
BAD 627839604607
BAD 627771887671
BAD 627841530557
BAD 627841530559
BAD 627590560873
BAD 627590560903
BAD 627590560913
BAD 627848187653
BAD 627594699317
BAD 627872190653
BAD 627596249629
BAD 627598222219
BAD 627882937621
BAD 627884496067
BAD 627894675203
BAD 627898987217
BAD 627754194983
BAD 627760900687
BAD 627763202093
BAD 627764483051
BAD 627764483053
BAD 627517367903
BAD 627642192557
BAD 627642192559
BAD 627642492293
BAD 627642807949
BAD 627519324083
BAD 627519324097
BAD 627519324101
BAD 627519324109
BAD 627519324127
BAD 627856398053
BAD 627857949493
BAD 627710380103
BAD 627644672873
BAD 627647169647
BAD 627647169649
BAD 627716199703
BAD 627650376923
BAD 627525691049
BAD 627529118207
BAD 627735072011
BAD 627569489957
BAD 627569489959
BAD 627738129001
BAD 627741462169
BAD 627576259259
BAD 627576259283
BAD 627671628251
BAD 627671628263
BAD 627823481063
BAD 627747049339
BAD 627747049343
BAD 627827266777
BAD 627827803297
BAD 627749914747
BAD 627679811783
BAD 627830705009
BAD 627830705011
BAD 627830913337
BAD 627830913341
BAD 627830913343
BAD 627682412563
BAD 627833241697
BAD 627833549423
BAD 627833876639
BAD 627833876641
BAD 627785630629
BAD 627785630671
BAD 627789472669
BAD 627789472691
BAD 627798093127
BAD 627798093137
BAD 627936972857
BAD 627936972863
BAD 627936972877
BAD 627936972899
BAD 627799849069
BAD 627799849073
BAD 627902157823
BAD 627902157847
BAD 627902157851
BAD 627902157853
BAD 627902270393
BAD 627903893807
BAD 627903893809
BAD 627905444251
BAD 627913758067
BAD 627915253481
BAD 627915493133
BAD 627925344391
BAD 627957706669
BAD 627933170873
BAD 627933715957
BAD 627965713129
BAD 627969476593
BAD 627972596443
BAD 627977115079
BAD 628043064953
BAD 628044917923
BAD 628045965133
BAD 628045965137
BAD 628046393987
BAD 628047724573
BAD 628052955559
BAD 628070149549
BAD 628070149571
BAD 628104237053
BAD 628079713663
BAD 628082318273
BAD 628083998869
BAD 627990051979
BAD 628110126079
BAD 628110143977
BAD 628087141481
BAD 628111105231
BAD 628112242817
BAD 628112242819
BAD 628055624579
BAD 628064203681
BAD 628067624111
BAD 628067624113
BAD 628137290243
BAD 628141177921
BAD 628141869349
BAD 628223168959
BAD 628223169001
BAD 628223169017
BAD 628223169019
BAD 628224799933
BAD 628224799957
BAD 628004686471
BAD 628149706843
BAD 628231759373
BAD 628231759381
BAD 628007213809
BAD 628232081311
BAD 628234226407
BAD 628234226413
BAD 628256883691
BAD 628257528013
BAD 628236605149
BAD 628240548541
BAD 628241533123
BAD 628242278243
BAD 628160539403
BAD 628263350657
BAD 628163276483
BAD 628015763539
BAD 628021260121
BAD 628025054359
BAD 628026810379
BAD 628033321793
BAD 628276481093
BAD 628211159747
BAD 628211159749
BAD 628212808921
BAD 628212808933
BAD 628285669513
BAD 628285669519
BAD 628287432911
BAD 628189830361
BAD 628189830379
BAD 628190941537
BAD 628190941549
BAD 628136210587
BAD 628197363407
BAD 628308565441
BAD 628310780837
BAD 628311327463
BAD 628312235599
BAD 628319378059
BAD 628288130087
BAD 628288130089
BAD 628289176759
BAD 628289176763
BAD 628292307691
BAD 628292307701
BAD 628295456059
BAD 628295456077
BAD 628295456083
BAD 628302642431
BAD 628303236577
BAD 628323627049
BAD 628328379257
BAD 628328444551
BAD 628373101801
BAD 628356644893
BAD 628358469149
BAD 628378001221
BAD 628348330741
BAD 628384525631
BAD 628384525633
BAD 628385306221
BAD 628352459167
BAD 628352459183
BAD 628370150677
BAD 628370150689
BAD 628370150693
BAD 628370150701
BAD 628371214153
BAD 628392387617
BAD 628392387619
BAD 628405485167
BAD 628398836797
BAD 628409631517
BAD 628409631533
BAD 628411661363
BAD 628412873927
BAD 628414454453
BAD 628440072167
BAD 628441086089
BAD 628441308851
BAD 628441308853
BAD 628441308857
BAD 628441308863
BAD 628441948073
BAD 628452694427
BAD 628424244379
BAD 628424244401
BAD 628424244403
BAD 628425358039
BAD 628425521263
BAD 628425521267
BAD 628426312991
BAD 628426312993
BAD 628435581313
BAD 628457916601
BAD 628437908729
BAD 628437908731
BAD 628437908743
BAD 628438293083
BAD 628461574933
BAD 628468183501
BAD 628469729947
BAD 628469729963
BAD 628491898861
BAD 628492532267
BAD 628674714013
BAD 628495438433
BAD 628495801337
BAD 628577959577
BAD 628577959579
BAD 628577959589
BAD 628577959591
BAD 628680995053
BAD 628580743699
BAD 628683883327
BAD 628686264607
BAD 628584889897
BAD 628689085253
BAD 628626023491
BAD 628508136829
BAD 628508136833
BAD 628633350361
BAD 628634383133
BAD 628634383177
BAD 628515742319
BAD 628516517723
BAD 628522526573
BAD 628694641891
BAD 628695898487
BAD 628695898489
BAD 628543786067
BAD 628699812619
BAD 628700774791
BAD 628700774803
BAD 628548627709
BAD 628549526491
BAD 628549526497
BAD 628552588813
BAD 628552588823
BAD 628552588843
BAD 628552968067
BAD 628569117653
BAD 628569117661
BAD 628569117667
BAD 628569117713
BAD 628570257541
BAD 628571315179
BAD 628571315213
BAD 628572216287
BAD 628572216289
BAD 628475597279
BAD 628593718507
BAD 628477420861
BAD 628478161919
BAD 628478161921
BAD 628480747163
BAD 628486398257
BAD 628600659263
BAD 628602802571
BAD 628642523869
BAD 628642534517
BAD 628642534519
BAD 628614855881
BAD 628645524173
BAD 628528447927
BAD 628621260931
BAD 628528878629
BAD 628528878631
BAD 628530873143
BAD 628651411967
BAD 628530873169
BAD 628530873181
BAD 628652159701
BAD 628652159711
BAD 628652159713
BAD 628653017659
BAD 628664825377
BAD 628656400483
BAD 628536870113
BAD 628669023407
BAD 628669401691
BAD 628669704043
BAD 628672915379
BAD 628672915399
BAD 628758554791
BAD 628763413519
BAD 628770533243
BAD 628771515737
BAD 628771515739
BAD 628740931493
BAD 628740931537
BAD 628741804123
BAD 628741804127
BAD 628741804129
BAD 628741804133
BAD 628745375491
BAD 628712173613
BAD 628748601967
BAD 628713641117
BAD 628713641119
BAD 628729153649
BAD 628729153651
BAD 628729153667
BAD 628751794739
BAD 628731266551
BAD 628731266557
BAD 628731266561
BAD 628731266563
BAD 628731266573
BAD 628732512151
BAD 628736966447
BAD 628757364577
BAD 628757364589
BAD 628775869849
BAD 628780456333
BAD 628780456529
BAD 628780456531
BAD 628789168439
BAD 628796679283
BAD 628796679299
BAD 628796679307
BAD 628828640569
BAD 628829432953
BAD 628830435599
BAD 628830435601
BAD 628833839539
BAD 628837136959
BAD 628837773433
BAD 628865647489
BAD 628871441663
BAD 628842991549
BAD 628843341307
BAD 628848716669
BAD 628851201841
BAD 628851926749
BAD 628892815409
BAD 628893510121
BAD 628895192389
BAD 628895536261
BAD 628898291851
BAD 628898291867
BAD 628820170267
BAD 628901352031
BAD 628824598111
BAD 628824598123
BAD 628907225437
BAD 628932980539
BAD 628935314897
BAD 628935314899
BAD 628936996447
BAD 628969152199
BAD 628984790893
BAD 628986679943
BAD 628986679949
BAD 628987909831
BAD 628912159769
BAD 628913834281
BAD 628913834321
BAD 628913834323
BAD 628990376327
BAD 628915261687
BAD 628917091223
BAD 628917487537
BAD 628917487553
BAD 628944028987
BAD 628944028991
BAD 628920354943
BAD 628944791753
BAD 628944791791
BAD 628996678201
BAD 628923105563
BAD 628999375903
BAD 628949183459
BAD 628949183461
BAD 629001210151
BAD 629001210157
BAD 629001210161
BAD 629001210163
BAD 629004810443
BAD 629080277207
BAD 629080277209
BAD 629065954291
BAD 629069260517
BAD 629085349369
BAD 629029671737
BAD 629009799433
BAD 629032752203
BAD 629102478007
BAD 629035383859
BAD 629051773661
BAD 629051951057
BAD 629015229001
BAD 629109411517
BAD 629016339691
BAD 629016998359
BAD 629058758569
BAD 629022269749
BAD 629022269753
BAD 629022289411
BAD 629022954451
BAD 629170293593
BAD 629172260611
BAD 629114219183
BAD 629116740541
BAD 629118491237
BAD 629118491257
BAD 629119497353
BAD 629125549583
BAD 629127789721
BAD 629127963319
BAD 629127963323
BAD 629146603373
BAD 629148539113
BAD 629135082013
BAD 629135082019
BAD 629155314901
BAD 629138519131
BAD 629142744253
BAD 629212528993
BAD 629212529047
BAD 629214102001
BAD 629218477681
BAD 629218477687
BAD 629219732527
BAD 629224132727
BAD 629224132729
BAD 629179040131
BAD 629179042937
BAD 629179042939
BAD 629180857567
BAD 629180857573
BAD 629225236603
BAD 629225236613
BAD 629225709979
BAD 629225909303
BAD 629182849879
BAD 629182849891
BAD 629189613467
BAD 629189613469
BAD 629197069681
BAD 629201766803
BAD 629240525593
BAD 629240525597
BAD 629242045039
BAD 629242045043
BAD 629242236703
BAD 629203942793
BAD 629205391831
BAD 629249374199
BAD 629249374213
BAD 629249860727
BAD 629280454349
BAD 629280454351
BAD 629280454357
BAD 629281108739
BAD 629281108741
BAD 629285043383
BAD 629312112893
BAD 629292074869
BAD 629292849347
BAD 629316538373
BAD 629317014881
BAD 629317014883
BAD 629317829167
BAD 629321759903
BAD 629296976827
BAD 629296976831
BAD 629306915291
BAD 629308597471
BAD 629368223093
BAD 629368237819
BAD 629310367201
BAD 629375786603
BAD 629380546523
BAD 629383396021
BAD 629383396027
BAD 629352848599
BAD 629328381679
BAD 629388292667
BAD 629388292669
BAD 629334188783
BAD 629334188789
BAD 629360291513
BAD 629263648043
BAD 629360563133
BAD 629264989097
BAD 629392059091
BAD 629265458053
BAD 629266021343
BAD 629393359601
BAD 629393359603
BAD 629271622027
BAD 629273795851
BAD 629401206199
BAD 629405960713
BAD 629405960723
BAD 629411381251
BAD 629440733111
BAD 629440733113
BAD 629463656761
BAD 629463800773
BAD 629464424483
BAD 629479296037
BAD 629479296053
BAD 629468289589
BAD 629472045641
BAD 629473189369
BAD 629418587129
BAD 629474317099
BAD 629484407641
BAD 629420298721
BAD 629477553721
BAD 629502035119
BAD 629452136179
BAD 629487405461
BAD 629487835453
BAD 629506019357
BAD 629455585903
BAD 629506341257
BAD 629491180159
BAD 629491180163
BAD 629508232279
BAD 629491794979
BAD 629492312971
BAD 629495685529
BAD 629537807251
BAD 629513505703
BAD 629515582741
BAD 629515582747
BAD 629517962243
BAD 629522660639
BAD 629524343233
BAD 629527576939
BAD 629527576943
BAD 629569884533
BAD 629528635999
BAD 629573065873
BAD 629549019053
BAD 629551525651
BAD 629554543853
BAD 629554716151
BAD 629559346583
BAD 629561467363
BAD 629561726581
BAD 629647027697
BAD 629647027699
BAD 629647027703
BAD 629648326613
BAD 629655684589
BAD 629659042193
BAD 629580258623
BAD 629581493033
BAD 629584890061
BAD 629617284817
BAD 629617284823
BAD 629599069667
BAD 629617941443
BAD 629617941451
BAD 629618686783
BAD 629601399013
BAD 629624973359
BAD 629624973361
BAD 629688327649
BAD 629690052247
BAD 629690070263
BAD 629693942089
BAD 629693942093
BAD 629630237443
BAD 629633492419
BAD 629703105113
BAD 629703105127
BAD 629735955031
BAD 629641903211
BAD 629703717781
BAD 629738112503
BAD 629706359189
BAD 629738911441
BAD 629740436167
BAD 629740436179
BAD 629740820911
BAD 629740820921
BAD 629740820923
BAD 629744114491
BAD 629711391403
BAD 629712935431
BAD 629749617241
BAD 629749617251
BAD 629718978541
BAD 629719649701
BAD 629720566373
BAD 629720980321
BAD 629720980397
BAD 629720980411
BAD 629720980417
BAD 629723057641
BAD 629724012997
BAD 629755288717
BAD 629725967029
BAD 629725967041
BAD 629725967053
BAD 629761624277
BAD 629761624279
BAD 629762837807
BAD 629768711893
BAD 629784251587
BAD 629790590279
BAD 629790590281
BAD 629790590291
BAD 629790590293
BAD 629790590309
BAD 629791474801
BAD 629794928003
BAD 629794928011
BAD 629805692869
BAD 629805692881
BAD 629861700931
BAD 629863063033
BAD 629893305337
BAD 629904636443
BAD 629907982877
BAD 629815923859
BAD 629911912561
BAD 629822497201
BAD 629822497207
BAD 629822759039
BAD 629829349217
BAD 629875392031
BAD 629932764337
BAD 629933053553
BAD 629933392819
BAD 629933392831
BAD 629941963993
BAD 629942076853
BAD 629942076871
BAD 629944252997
BAD 629944252999
BAD 629945622601
BAD 629945622619
BAD 629945622623
BAD 629966225407
BAD 629966225423
BAD 629948962333
BAD 629981611489
BAD 629981611531
BAD 629959945553
BAD 629960464117
BAD 629919902341
BAD 629920376881
BAD 629923742993
BAD 629924839697
BAD 629924839699
BAD 629924839703
BAD 629925784783
BAD 629931325999
BAD 629987959529
BAD 629987959553
BAD 629990938337
BAD 629996995321
RANGE 620000000000 630000000000 PRIMES 368176446 BAD 3190
