BAD 710274775039
BAD 710280448723
BAD 710280448727
BAD 710280448729
BAD 710281355093
BAD 710373097663
BAD 710374805603
BAD 710168775037
BAD 710168945929
BAD 710168945933
BAD 710168946041
BAD 710168946043
BAD 710170616213
BAD 710173872703
BAD 710175195497
BAD 710004933439
BAD 710183534813
BAD 710006019197
BAD 710006019199
BAD 710006021269
BAD 710252198423
BAD 710253064343
BAD 710253064387
BAD 710253871343
BAD 710201824193
BAD 710256436553
BAD 710257094587
BAD 710259602461
BAD 710262204623
BAD 710262204629
BAD 710076398917
BAD 710193938101
BAD 710076398921
BAD 710076398923
BAD 710076398939
BAD 710018579227
BAD 710019330331
BAD 710266290007
BAD 710266290011
BAD 710266290043
BAD 710199412991
BAD 710081925703
BAD 710208915529
BAD 710208915547
BAD 710208915551
BAD 710208915553
BAD 710242975249
BAD 710346371771
BAD 710346371773
BAD 710346603959
BAD 710346603961
BAD 710302789003
BAD 710304957319
BAD 710305087759
BAD 710305087763
BAD 710212204369
BAD 710212595401
BAD 710084734049
BAD 710308591441
BAD 710149411357
BAD 710311404599
BAD 710311404601
BAD 710359044331
BAD 710152872773
BAD 710216578937
BAD 710348656441
BAD 710216966101
BAD 710314485481
BAD 710314485487
BAD 710095707163
BAD 710162744273
BAD 710164829419
BAD 710164829431
BAD 710130797483
BAD 710165306453
BAD 710165668427
BAD 710290521323
BAD 710368501771
BAD 710368501781
BAD 710368501783
BAD 710098882849
BAD 710098882853
BAD 710294562337
BAD 710055307849
BAD 710038017751
BAD 710038335161
BAD 710038335163
BAD 710058694259
BAD 710039723257
BAD 710060916121
BAD 710041453633
BAD 710041572283
BAD 710041572293
BAD 710041572299
BAD 710041572301
BAD 710218609297
BAD 710042328917
BAD 710388930211
BAD 710224259323
BAD 710047390007
BAD 710047640299
BAD 710233113119
BAD 710233165669
BAD 710234043053
BAD 710234464609
BAD 710326993933
BAD 710103506263
BAD 710108617223
BAD 710109835163
BAD 710111357653
BAD 710116909501
BAD 710403771563
BAD 710403771577
BAD 710404281217
BAD 710404281221
BAD 710404281289
BAD 710406192901
BAD 710415845101
BAD 710415845131
BAD 710416428353
BAD 710417403659
BAD 710429041657
BAD 710431181023
BAD 710512475269
BAD 710517719161
BAD 710588560711
BAD 710589412549
BAD 710519462203
BAD 710519462207
BAD 710519462209
BAD 710632425889
BAD 710632425901
BAD 710591896283
BAD 710739518213
BAD 710741120633
BAD 710694562913
BAD 710698523627
BAD 710698523629
BAD 710443234099
BAD 710445158161
BAD 710445417109
BAD 710445417139
BAD 710447973203
BAD 710451118459
BAD 710770062031
BAD 710770062053
BAD 710457124261
BAD 710457124277
BAD 710461366801
BAD 710544980087
BAD 710489895473
BAD 710491199251
BAD 710550795973
BAD 710469727411
BAD 710469727421
BAD 710469727423
BAD 710609225761
BAD 710618165183
BAD 710686987477
BAD 710523713573
BAD 710721847711
BAD 710524090609
BAD 710524090613
BAD 710526142493
BAD 710526142519
BAD 710574689687
BAD 710574689689
BAD 710654939653
BAD 710654939689
BAD 710654939693
BAD 710638907533
BAD 710638907549
BAD 710638907551
BAD 710535076763
BAD 710660315357
BAD 710660315359
BAD 710660315423
BAD 710583454481
BAD 710585112109
BAD 710644916867
BAD 710644916869
BAD 710647953053
BAD 710647953061
BAD 710558202443
BAD 710650777549
BAD 710650777553
BAD 710650807219
BAD 710650959947
BAD 710704797311
BAD 710563805299
BAD 710711754331
BAD 710567480369
BAD 710569484797
BAD 710715486601
BAD 710717276543
BAD 710720045083
BAD 710720839261
BAD 710720839267
BAD 710720839289
BAD 710720839291
BAD 710720839351
BAD 710720839363
BAD 710825271943
BAD 710833275773
BAD 710909202139
BAD 710909202173
BAD 710878094629
BAD 710913173519
BAD 710880209671
BAD 710880209681
BAD 710921256107
BAD 710948844713
BAD 710840016463
BAD 710923398313
BAD 710923398323
BAD 710854158829
BAD 710963885461
BAD 710855418739
BAD 710855418743
BAD 710855418769
BAD 710855418773
BAD 710855418787
BAD 710964510349
BAD 710964510353
BAD 710965776487
BAD 710965776491
BAD 710929474291
BAD 710967528079
BAD 710967940169
BAD 710967940171
BAD 710974056263
BAD 710889226409
BAD 711043834313
BAD 711043834321
BAD 711043834327
BAD 711043834331
BAD 710895906503
BAD 710936895961
BAD 711052414883
BAD 711052414889
BAD 711059039123
BAD 711059039137
BAD 710896635811
BAD 710939078071
BAD 710897758741
BAD 710989766243
BAD 710898343147
BAD 711000163283
BAD 711065505281
BAD 711017584523
BAD 711017946679
BAD 711068276959
BAD 711023523439
BAD 711022880879
BAD 711022880881
BAD 711025783519
BAD 710859408953
BAD 711101216101
BAD 711083804269
BAD 711105150443
BAD 711086741509
BAD 711106838027
BAD 711112436093
BAD 711112436101
BAD 711112436107
BAD 711112436113
BAD 711112436129
BAD 711112436131
BAD 711191966011
BAD 711117786151
BAD 711175498729
BAD 711175498753
BAD 711199058113
BAD 711120772799
BAD 711143494823
BAD 711159699923
BAD 711148055491
BAD 711162908629
BAD 711162908647
BAD 711151208567
BAD 711151208569
BAD 711165094169
BAD 711153640667
BAD 711153640669
BAD 711167658059
BAD 711168895163
BAD 711168895201
BAD 711169680049
BAD 711208997509
BAD 711190170037
BAD 711190170049
BAD 711218016269
BAD 711218016277
BAD 711218444843
BAD 711223483819
BAD 711134375599
BAD 711136849531
BAD 711412232371
BAD 711423173509
BAD 711265441441
BAD 711277678273
BAD 711277678303
BAD 711277678313
BAD 711277840279
BAD 711273261619
BAD 711378621181
BAD 711253676533
BAD 711231278281
BAD 711231278299
BAD 711234045517
BAD 711365347247
BAD 711365347249
BAD 711371088187
BAD 711371088203
BAD 711371088209
BAD 711292748743
BAD 711295224481
BAD 711427830229
BAD 711427830233
BAD 711465555223
BAD 711298523869
BAD 711467495509
BAD 711467495513
BAD 711467547463
BAD 711467547481
BAD 711472260451
BAD 711472832383
BAD 711472832401
BAD 711347672281
BAD 711475292329
BAD 711441016151
BAD 711441073957
BAD 711353187001
BAD 711445046453
BAD 711445711943
BAD 711446944391
BAD 711446944393
BAD 711447832087
BAD 711312185821
BAD 711312267569
BAD 711312267571
BAD 711313867619
BAD 711457393481
BAD 711458288161
BAD 711597058103
BAD 711606761297
BAD 711498987559
BAD 711501216287
BAD 711501216289
BAD 711501216299
BAD 711501216301
BAD 711505204801
BAD 711508082123
BAD 711508082167
BAD 711476395139
BAD 711476395141
BAD 711480549161
BAD 711480549163
BAD 711519559999
BAD 711521856833
BAD 711521856889
BAD 711521856893
BAD 711521856901
BAD 711525867847
BAD 711545414641
BAD 711565242683
BAD 711553864759
BAD 711572698283
BAD 711577736383
BAD 711574033913
BAD 711581263669
BAD 711528812749
BAD 711528812783
BAD 711528812789
BAD 711586180517
BAD 711586180519
BAD 711537676573
BAD 711614959411
BAD 711614959457
BAD 711619548929
BAD 711619548931
BAD 711623482159
BAD 711637783169
BAD 711638468357
BAD 711638468363
BAD 711638468369
BAD 711638468371
BAD 711638468407
BAD 711641678413
BAD 711643123847
BAD 711665444599
BAD 711671096267
BAD 711675664123
BAD 711698196721
BAD 711699313711
BAD 711649184443
BAD 711653672843
BAD 711818682623
BAD 711731760667
BAD 711741541799
BAD 711744445991
BAD 711744446003
BAD 711761649889
BAD 711761649923
BAD 711766709131
BAD 711799847951
BAD 711686983129
BAD 711772849373
BAD 711804109013
BAD 711690541889
BAD 711774470321
BAD 711807014731
BAD 711807448637
BAD 711777786151
BAD 711810232253
BAD 711898235749
BAD 711745622491
BAD 711745622507
BAD 711902033069
BAD 711902033071
BAD 711746146831
BAD 711903759481
BAD 711909342821
BAD 711911051023
BAD 711755584457
BAD 711755584459
BAD 711759358493
BAD 711787263379
BAD 711863049127
BAD 711716013947
BAD 711716013949
BAD 711717428879
BAD 711717428881
BAD 711717934307
BAD 711717934309
BAD 711718862551
BAD 711867542929
BAD 711867542941
BAD 711868102741
BAD 711868286509
BAD 711870538879
BAD 711871451623
BAD 711873019111
BAD 711794097473
BAD 711844985143
BAD 711844985153
BAD 711853304959
BAD 711930868141
BAD 711857959459
BAD 711861772337
BAD 711861772339
BAD 711861914903
BAD 711861914923
BAD 711879385333
BAD 711879385339
BAD 711920589559
BAD 711922327999
BAD 711922328003
BAD 712000492201
BAD 712000492207
BAD 712000492211
BAD 712000492213
BAD 711887767783
BAD 711952051009
BAD 711895127519
BAD 711895127521
BAD 711964075861
BAD 711969243319
BAD 712018437527
BAD 712022572073
BAD 712047891077
BAD 712047891119
BAD 712051719031
BAD 712059786349
BAD 712043547121
BAD 712069794223
BAD 712070725283
BAD 712071159199
BAD 712071159203
BAD 712071159211
BAD 712073857921
BAD 712080967399
BAD 712078113907
BAD 712078113919
BAD 712083482317
BAD 712087890803
BAD 712087890859
BAD 712096836751
BAD 712114670447
BAD 712115575727
BAD 712118820019
BAD 712129468409
BAD 712129468411
BAD 712098934369
BAD 712098934373
BAD 712098934381
BAD 712105280323
BAD 712105280329
BAD 712133702809
BAD 712135458743
BAD 712135458757
BAD 712138105111
BAD 712138105117
BAD 712140940013
BAD 712140940019
BAD 712141134323
BAD 712141134349
BAD 712142338463
BAD 712143944423
BAD 712259969849
BAD 712259969851
BAD 712145626967
BAD 712193308963
BAD 712193308993
BAD 712315903463
BAD 712316565707
BAD 712321846477
BAD 712301655937
BAD 712306049239
BAD 712306782221
BAD 712306782223
BAD 712165793083
BAD 712165793093
BAD 712308002449
BAD 712308002453
BAD 712401935341
BAD 712402550417
BAD 712311416071
BAD 712338852727
BAD 712172831569
BAD 712314517009
BAD 712174547479
BAD 712344264119
BAD 712409673533
BAD 712344951631
BAD 712348127039
BAD 712414429613
BAD 712414429627
BAD 712414429631
BAD 712415006221
BAD 712415006227
BAD 712415006231
BAD 712384040903
BAD 712385053231
BAD 712387171487
BAD 712417780769
BAD 712417780771
BAD 712419841493
BAD 712419841501
BAD 712419841519
BAD 712451274173
BAD 712452749237
BAD 712454665457
BAD 712457367449
BAD 712457675299
BAD 712373937973
BAD 712376667089
BAD 712376667091
BAD 712443855533
BAD 712444995343
BAD 712209647003
BAD 712209647011
BAD 712445702209
BAD 712235280907
BAD 712475699807
BAD 712238347099
BAD 712239175957
BAD 712492335781
BAD 712479765427
BAD 712480655633
BAD 712480655641
BAD 712480945879
BAD 712243559941
BAD 712243559947
BAD 712244214991
BAD 712247494459
BAD 712219050937
BAD 712281892771
BAD 712224056881
BAD 712148423491
BAD 712148933803
BAD 712151635081
BAD 712288845517
BAD 712288845563
BAD 712291421929
BAD 712158069641
BAD 712158069643
BAD 712158069653
BAD 712295859181
BAD 712161833833
BAD 712164029543
BAD 712351423187
BAD 712351423193
BAD 712351423213
BAD 712268124661
BAD 712271758789
BAD 712357199633
BAD 712280799889
BAD 712363478011
BAD 712363478041
BAD 712364487643
BAD 712525470641
BAD 712525470649
BAD 712526946409
BAD 712527300613
BAD 712527376879
BAD 712529835991
BAD 712503441011
BAD 712506450847
BAD 712515594541
BAD 712539086899
BAD 712546630729
BAD 712548341107
BAD 712548341123
BAD 712549961311
BAD 712629179723
BAD 712631438093
BAD 712633782073
BAD 712633789859
BAD 712633963213
BAD 712633963219
BAD 712633963313
BAD 712596893579
BAD 712596893581
BAD 712596893587
BAD 712599682051
BAD 712600394071
BAD 712600394153
BAD 712560474203
BAD 712560474211
BAD 712701420373
BAD 712705239683
BAD 712709019683
BAD 712710367717
BAD 712725743819
BAD 712802477437
BAD 712729219897
BAD 712729219913
BAD 712714832707
BAD 712731361493
BAD 712717309103
BAD 712717597957
BAD 712717597961
BAD 712717597987
BAD 712807309913
BAD 712807309943
BAD 712812621949
BAD 712572033059
BAD 712840007833
BAD 712840007863
BAD 712854508843
BAD 712854508931
BAD 712854508937
BAD 712841175737
BAD 712855151311
BAD 712856297053
BAD 712843848481
BAD 712844814307
BAD 712844814313
BAD 712582802653
BAD 712865697701
BAD 712787319173
BAD 712787319191
BAD 712788549271
BAD 712753027801
BAD 712868459299
BAD 712880752057
BAD 712755304837
BAD 712755484759
BAD 712757777119
BAD 712757777131
BAD 712795908553
BAD 712795908563
BAD 712758841283
BAD 712763030899
BAD 712763030933
BAD 712820909483
BAD 712895958433
BAD 712830523631
BAD 712830523633
BAD 712834850809
BAD 712651904059
BAD 712744991753
BAD 712652592203
BAD 712652592209
BAD 712745341313
BAD 712747993429
BAD 712747993457
BAD 712747993459
BAD 712747993481
BAD 712747993483
BAD 712747993487
BAD 712604317627
BAD 712658883721
BAD 712607037691
BAD 712609963699
BAD 712668591601
BAD 712614877493
BAD 712616335009
BAD 712616335051
BAD 712907005639
BAD 712675919471
BAD 712675919477
BAD 712675919479
BAD 712645184989
BAD 712645791233
BAD 712647079541
BAD 712915506733
BAD 712677284681
BAD 712916212249
BAD 712677887171
BAD 712679011703
BAD 712679011729
BAD 712679011741
BAD 712679349401
BAD 712679349469
BAD 712648013899
BAD 712917008689
BAD 712936290523
BAD 712937198401
BAD 712938516571
BAD 712938516593
BAD 712938516601
BAD 712700348627
BAD 712965742913
BAD 712965742919
BAD 712965742921
BAD 712965742927
BAD 712966928963
BAD 712921788541
BAD 712921788547
BAD 712922303591
BAD 712922303593
BAD 712930217063
BAD 712930217071
BAD 712930217101
BAD 712930217107
BAD 712934350679
BAD 712935510719
BAD 712935606857
BAD 712969844023
BAD 712993706611
BAD 712993706617
BAD 713155300411
BAD 713063169719
BAD 713064267767
BAD 713064267803
BAD 713067624349
BAD 713068862941
BAD 713068863019
BAD 713147454857
BAD 713147851033
BAD 713041746083
BAD 713153232691
BAD 713153429957
BAD 713153429959
BAD 713209705633
BAD 713218963321
BAD 713219723693
BAD 713241562027
BAD 713244900127
BAD 713244900131
BAD 713244900133
BAD 713244900169
BAD 713252895079
BAD 713077114963
BAD 713077754429
BAD 713081250157
BAD 713082440407
BAD 713083405313
BAD 713223369193
BAD 713028146513
BAD 713227615351
BAD 713007852983
BAD 713007852989
BAD 713007853003
BAD 713007853007
BAD 713033569711
BAD 713034654823
BAD 713234876009
BAD 713234876017
BAD 713290814849
BAD 713290814851
BAD 713290814857
BAD 713019843301
BAD 713293988137
BAD 713295341431
BAD 713295753743
BAD 713339165999
BAD 713339166061
BAD 713299564013
BAD 713299753889
BAD 713348264171
BAD 713348590489
BAD 713348639603
BAD 713325299207
BAD 713325299249
BAD 713325299251
BAD 713325299261
BAD 713325299263
BAD 713325596387
BAD 713327427781
BAD 713266253789
BAD 713352397111
BAD 713330949533
BAD 713358055063
BAD 713337086881
BAD 713360687671
BAD 713361904729
BAD 713361953287
BAD 713366189209
BAD 713366189213
BAD 713369282077
BAD 713369282081
BAD 713126485343
BAD 713094818197
BAD 713130931003
BAD 713176926139
BAD 713109307993
BAD 713131998391
BAD 713190353587
BAD 713178663409
BAD 713133057787
BAD 713133057823
BAD 713136546511
BAD 713114897177
BAD 713114897179
BAD 713114897197
BAD 713118292643
BAD 713305462643
BAD 713384905447
BAD 713384905469
BAD 713311878269
BAD 713311878271
BAD 713272891999
BAD 713387407643
BAD 713388952993
BAD 713274568931
BAD 713274568933
BAD 713319241343
BAD 713283365941
BAD 713283365959
BAD 713390736871
BAD 713395814947
BAD 713395814953
BAD 713395814959
BAD 713395874393
BAD 713424304013
BAD 713426666881
BAD 713430239597
BAD 713430493837
BAD 713441420869
BAD 713445328789
BAD 713437305481
BAD 713437305487
BAD 713449036849
BAD 713411636281
BAD 713457100729
BAD 713420099957
BAD 713490493097
BAD 713490493099
BAD 713490493103
BAD 713493310267
BAD 713493310273
BAD 713497077233
BAD 713500090321
BAD 713505561793
BAD 713505561809
BAD 713475091807
BAD 713543808053
BAD 713543808059
BAD 713543808083
BAD 713545904941
BAD 713613717283
BAD 713613717293
BAD 713613717301
BAD 713616632447
BAD 713618794061
BAD 713527569319
BAD 713527569323
BAD 713574700849
BAD 713535128221
BAD 713578291991
BAD 713578835677
BAD 713578835681
BAD 713559658859
BAD 713581545583
BAD 713564262577
BAD 713564262623
BAD 713642824009
BAD 713644268983
BAD 713644268989
BAD 713646012473
BAD 713635609241
BAD 713635609243
BAD 713639790343
BAD 713591748559
BAD 713678588041
BAD 713678588059
BAD 713680124953
BAD 713681323489
BAD 713601327409
BAD 713682568021
BAD 713605845041
BAD 713605845061
BAD 713605845079
BAD 713605845083
BAD 713605845109
BAD 713684005313
BAD 713684005327
BAD 713684005339
BAD 713747720687
BAD 713747720689
BAD 713687116339
BAD 713509419589
BAD 713510205799
BAD 713512136803
BAD 713512136807
BAD 713517927347
BAD 713517927349
BAD 713693561143
BAD 713694188413
BAD 713694188419
BAD 713760353783
BAD 713787692419
BAD 713789266639
BAD 713719692619
BAD 713719692667
BAD 713763733253
BAD 713763733259
BAD 713763733261
BAD 713764418461
BAD 713764418467
BAD 713768814631
BAD 713770198249
BAD 713733959761
BAD 713736738439
BAD 713660289301
BAD 713668779143
BAD 713671151329
BAD 713843699047
BAD 713853718943
BAD 713832322759
BAD 713832515989
BAD 713832515993
BAD 713832516013
BAD 713876834599
BAD 713876834603
BAD 713878063897
BAD 713878063909
BAD 713878525279
BAD 713878607257
BAD 713880483751
BAD 713862654319
BAD 713862869063
BAD 713884760977
BAD 713813009453
BAD 713887365491
BAD 713887365493
BAD 713817714061
BAD 713818681361
BAD 713892814471
BAD 713892814517
BAD 713874117101
BAD 713895608353
BAD 713875128517
BAD 713898323603
BAD 713900827207
BAD 713905478281
BAD 713792426917
BAD 713795015371
BAD 713801213711
BAD 713807035507
BAD 713808172951
BAD 713913832673
BAD 713913832679
BAD 713950109023
BAD 713950109053
BAD 713955546643
BAD 713959621283
BAD 713962931509
BAD 713964442523
BAD 713993285063
BAD 713993664089
BAD 713993664091
BAD 713975743339
BAD 713975743343
BAD 714004676393
BAD 714005647429
BAD 714005647441
BAD 714005751247
BAD 714011869321
BAD 714011869327
BAD 714011869331
BAD 714016489663
BAD 714018493763
BAD 714023280083
BAD 713983136213
BAD 713988742939
BAD 713990596381
BAD 714060888287
BAD 714066391771
BAD 714050477531
BAD 714057538193
BAD 714058961269
BAD 714058961303
BAD 713931372157
BAD 713934605627
BAD 713935036891
BAD 713939628691
BAD 714027128407
BAD 714030095983
BAD 714030776731
BAD 714037489951
BAD 714038103593
BAD 714130751603
BAD 714130751611
BAD 714140939423
BAD 714142257557
BAD 714142257559
BAD 714101535523
BAD 714150102397
BAD 714161560919
BAD 714161560921
BAD 714161560951
BAD 714298809299
BAD 714299861179
BAD 714299861183
BAD 714281679337
BAD 714283829183
BAD 714212787061
BAD 714214351619
BAD 714214351621
BAD 714214351633
BAD 714167582437
BAD 714157764319
BAD 714287446141
BAD 714291581369
BAD 714291581371
BAD 714304424893
BAD 714304424903
BAD 714304424909
BAD 714218575363
BAD 714170422313
BAD 714307767011
BAD 714307767013
BAD 714079324271
BAD 714079324279
BAD 714080325503
BAD 714175194289
BAD 714175194301
BAD 714310685953
BAD 714180562441
BAD 714207610873
BAD 714207610877
BAD 714125396377
BAD 714207610901
BAD 714125396381
BAD 714208461487
BAD 714187878269
BAD 714091077467
BAD 714238272313
BAD 714242443763
BAD 714242443771
BAD 714272548349
BAD 714272548351
BAD 714275516303
BAD 714314611631
BAD 714321698107
BAD 714321698119
BAD 714362106127
BAD 714352571719
BAD 714381738467
BAD 714357221453
BAD 714357221471
BAD 714387292649
BAD 714387292651
BAD 714403654073
BAD 714421722271
BAD 714421722277
BAD 714421722283
BAD 714328722091
BAD 714405992227
BAD 714406182863
BAD 714406182871
BAD 714411386527
BAD 714429755731
BAD 714429881863
BAD 714437793893
BAD 714444771613
BAD 714447477253
BAD 714447764321
BAD 714447764323
BAD 714450493741
BAD 714454429399
BAD 714467519741
BAD 714469521889
BAD 714475232993
BAD 714476907379
BAD 714482956513
BAD 714494521099
BAD 714515785471
BAD 714707347901
BAD 714707347903
BAD 714535312373
BAD 714535518563
BAD 714647800913
BAD 714547209503
BAD 714525611573
BAD 714553841483
BAD 714656793091
BAD 714614927461
BAD 714614927473
BAD 714618952823
BAD 714618952867
BAD 714620269841
BAD 714620269843
BAD 714563381359
BAD 714567423001
BAD 714572071753
BAD 714573277367
BAD 714574946479
BAD 714631141247
BAD 714634158631
BAD 714640518833
BAD 714640518841
BAD 714640518863
BAD 714641308109
BAD 714641308111
BAD 714641308133
BAD 714644758459
BAD 714644758463
BAD 714580267403
BAD 714583097387
BAD 714585731051
BAD 714585731053
BAD 714592683533
BAD 714714539743
BAD 714716772493
BAD 714681567731
BAD 714503944621
BAD 714504144481
BAD 714684929251
BAD 714685246001
BAD 714685246003
BAD 714753161723
BAD 714753161753
BAD 714753255019
BAD 714692877659
BAD 714692877683
BAD 714756315373
BAD 714731811113
BAD 714757510879
BAD 714757510903
BAD 714696871321
BAD 714696871423
BAD 714511482299
BAD 714737335463
BAD 714764193841
BAD 714764193851
BAD 714764193853
BAD 714738144079
BAD 714738144089
BAD 714738144091
BAD 714746441821
BAD 714746441867
BAD 714747349271
BAD 714747349273
BAD 714775819477
BAD 714775819519
BAD 714775819523
BAD 714825766027
BAD 714804201481
BAD 714778851091
BAD 714830411753
BAD 714808880567
BAD 714810016651
BAD 714670799917
BAD 714670799939
BAD 714670799993
BAD 714671764171
BAD 714784597453
BAD 714845582309
BAD 714792393023
BAD 714601904603
BAD 714601904609
BAD 714601904617
BAD 714612280097
BAD 714612280099
BAD 714612280121
BAD 714897449479
BAD 714869355757
BAD 714855777199
BAD 714863941447
BAD 714922718491
BAD 714922718533
BAD 714922718539
BAD 714922902541
BAD 714971476673
BAD 714927573539
BAD 714927573541
BAD 714928170511
BAD 714949468043
BAD 714941826967
BAD 714952051427
BAD 714946118449
BAD 714946118461
BAD 714953843993
BAD 714953843999
BAD 714986496331
BAD 714994616213
BAD 714995298631
BAD 714995298637
BAD 714995298659
BAD 715013767739
BAD 715013767753
BAD 715013767757
BAD 715013767759
BAD 715013767763
BAD 714904203719
BAD 714904203721
BAD 714905651113
BAD 714906148111
BAD 715017307369
BAD 715017307373
BAD 715022199889
BAD 715022371081
BAD 715022371093
BAD 715022968301
BAD 715022968321
BAD 715024905323
BAD 714915241177
BAD 715028249569
BAD 715030081847
BAD 715030081849
BAD 715030852973
BAD 715041635123
BAD 715043313763
BAD 715048350241
BAD 715048633141
BAD 715048633147
BAD 715257429097
BAD 715257429101
BAD 715260759139
BAD 715261110709
BAD 715265492191
BAD 715265492197
BAD 715267511921
BAD 715096267517
BAD 715096267519
BAD 715097808377
BAD 715097808379
BAD 715097808391
BAD 715338654497
BAD 715050832219
BAD 715050832231
BAD 715370143729
BAD 715353094307
BAD 715335059731
BAD 715335059743
BAD 715335059753
BAD 715355490313
BAD 715379797981
BAD 715388498897
BAD 715383447739
BAD 715384277107
BAD 715064177701
BAD 715364079511
BAD 715364927341
BAD 715364927353
BAD 715364927377
BAD 715364927383
BAD 715365730283
BAD 715399418843
BAD 715109874169
BAD 715067464759
BAD 715072137193
BAD 715117475101
BAD 715078035409
BAD 715078035421
BAD 715125058381
BAD 715125058399
BAD 715126154513
BAD 715207793843
BAD 715151784383
BAD 715168436473
BAD 715168436483
BAD 715154310823
BAD 715173898667
BAD 715173898669
BAD 715158995731
BAD 715162623113
BAD 715180253483
BAD 715183710191
BAD 715183710193
BAD 715183710211
BAD 715166870927
BAD 715183710217
BAD 715183710223
BAD 715285995713
BAD 715287357619
BAD 715289738791
BAD 715289738819
BAD 715184376691
BAD 715145957023
BAD 715145957027
BAD 715234648223
BAD 715147232383
BAD 715436721773
BAD 715235954443
BAD 715149274843
BAD 715149274849
BAD 715439561101
BAD 715442712073
BAD 715239543581
BAD 715239543583
BAD 715239543587
BAD 715239543589
BAD 715242099311
BAD 715450047799
BAD 715450199903
BAD 715450199911
BAD 715272165431
BAD 715272165473
BAD 715272165479
BAD 715272165481
BAD 715275032081
BAD 715275032083
BAD 715279667693
BAD 715282630823
BAD 715282630831
BAD 715284297293
BAD 715317430169
BAD 715317430171
BAD 715421380799
BAD 715421380801
BAD 715423432279
BAD 715423432289
BAD 715426710433
BAD 715426710437
BAD 715428692569
BAD 715431641809
BAD 715433362003
BAD 715456015537
BAD 715457984671
BAD 715461862067
BAD 715461862069
BAD 715461862081
BAD 715408000343
BAD 715412433209
BAD 715415721379
BAD 715471163993
BAD 715472571103
BAD 715479726151
BAD 715479726197
BAD 715510617337
BAD 715510617343
BAD 715510670789
BAD 715512742079
BAD 715512742081
BAD 715516694989
BAD 715516694993
BAD 715572752071
BAD 715572752077
BAD 715579416157
BAD 715582066387
BAD 715490653127
BAD 715596786677
BAD 715596937829
BAD 715600615133
BAD 715520455417
BAD 715521513689
BAD 715558723963
BAD 715558723967
BAD 715564512667
BAD 715526936219
BAD 715532686189
BAD 715609359649
BAD 715609359653
BAD 715612851077
BAD 715613213323
BAD 715613762483
BAD 715613762543
BAD 715614819547
BAD 715614819559
BAD 715540178693
BAD 715542617773
BAD 715543513073
BAD 715645713599
BAD 715648486459
BAD 715628839759
BAD 715823370307
BAD 715823370373
BAD 715790476007
BAD 715792146841
BAD 715833741677
BAD 715796947433
BAD 715842294877
BAD 715800678433
BAD 715800678457
BAD 715691448443
BAD 715758623627
BAD 715723439693
BAD 715694977969
BAD 715694977973
BAD 715698413047
BAD 715854776083
BAD 715854776089
BAD 715762706447
BAD 715763503271
BAD 715763503283
BAD 715763946661
BAD 715726333033
BAD 715726333043
BAD 715726627963
BAD 715726627981
BAD 715855344467
BAD 715855344469
BAD 715855344473
BAD 715855344481
BAD 715855344517
BAD 715810158163
BAD 715816119173
BAD 715816119181
BAD 715816562647
BAD 715816562653
BAD 715706598427
BAD 715706598473
BAD 715785029419
BAD 715656259789
BAD 715656259793
BAD 715787619121
BAD 715712779013
BAD 715658765779
BAD 715717506121
BAD 715666166689
BAD 715670562071
BAD 715670562073
BAD 715676566873
BAD 715676620543
BAD 715676620559
BAD 715676620601
BAD 715681568453
BAD 715685579491
BAD 715876428151
BAD 715877639047
BAD 715877639051
BAD 715877639053
BAD 715877852101
BAD 715888350613
BAD 715888350623
BAD 715908889819
BAD 715908889823
BAD 715893691057
BAD 715912093517
BAD 715916979433
BAD 715945846159
BAD 715948099519
BAD 715934470649
BAD 715957430603
BAD 715961038867
BAD 715965385643
BAD 715965385649
BAD 715965385651
BAD 715968047681
BAD 715970825431
BAD 715982193559
BAD 715990555249
BAD 715990986107
BAD 715996088267
BAD 715996088287
BAD 716000821691
BAD 716000821693
BAD 716002227701
BAD 716002227709
BAD 716002821109
BAD 716002821113
BAD 716144148493
BAD 716145198323
BAD 716159617549
BAD 716159617553
BAD 716160524479
BAD 716160524483
BAD 716108311927
BAD 716025606271
BAD 716165481443
BAD 716114807153
BAD 716154756991
BAD 716028913189
BAD 716118306587
BAD 716118306593
BAD 716118464381
BAD 716118464387
BAD 716118464389
BAD 716118464423
BAD 716132659819
BAD 716132659831
BAD 716032359737
BAD 716032359751
BAD 716032359761
BAD 716032663477
BAD 716094071789
BAD 716121253823
BAD 716136774061
BAD 716044246081
BAD 716057210887
BAD 716101948909
BAD 716059459939
BAD 716076413033
BAD 716076413057
BAD 716050402789
BAD 716050402817
BAD 716050402819
BAD 716050402831
BAD 716054497429
BAD 716054892253
BAD 716054892257
BAD 716242257649
BAD 716056537639
BAD 716056537649
BAD 716056537657
BAD 716072159377
BAD 716072159389
BAD 716089244873
BAD 716250704971
BAD 716252949169
BAD 716252949173
BAD 716253053233
BAD 716253053237
BAD 716253053239
BAD 716253053249
BAD 716253053251
BAD 716191635623
BAD 716229620629
BAD 716229620633
BAD 716231261957
BAD 716231261959
BAD 716195997289
BAD 716198404543
BAD 716203648441
BAD 716187532961
BAD 716189386519
BAD 716234103217
BAD 716234103223
BAD 716208230677
BAD 716208607951
BAD 716264274569
BAD 716264274571
BAD 716266264723
BAD 716266264729
BAD 716268494959
BAD 716218903523
BAD 716218903537
BAD 716274547741
BAD 716279563471
BAD 716329666573
BAD 716330873413
BAD 716340173299
BAD 716340173303
BAD 716341248463
BAD 716308389427
BAD 716294266889
BAD 716313881593
BAD 716313881597
BAD 716300384101
BAD 716315448169
BAD 716318003053
BAD 716306768963
BAD 716306768971
BAD 716443902931
BAD 716445970637
BAD 716560289509
BAD 716560289513
BAD 716561862749
BAD 716564876347
BAD 716457699833
BAD 716459007239
BAD 716391240769
BAD 716391590269
BAD 716602348937
BAD 716602348939
BAD 716602754003
BAD 716602754011
BAD 716602754251
BAD 716604169573
BAD 716604169577
BAD 716605528469
BAD 716605528487
BAD 716578142719
BAD 716578142723
BAD 716614133227
BAD 716585654513
BAD 716468864161
BAD 716616725683
BAD 716587384111
BAD 716618048933
BAD 716587602593
BAD 716620827019
BAD 716620827023
BAD 716515700671
BAD 716631037949
BAD 716631037951
BAD 716516397923
BAD 716516397929
BAD 716631583963
BAD 716622828749
BAD 716622828751
BAD 716633340361
BAD 716633751451
BAD 716636430833
BAD 716636430841
BAD 716525352679
BAD 716642091559
BAD 716642091593
BAD 716678410141
BAD 716653454983
BAD 716685626851
BAD 716654917697
BAD 716654917703
BAD 716654917789
BAD 716656241843
BAD 716690426563
BAD 716660382733
BAD 716711447971
BAD 716745212569
BAD 716745212593
BAD 716746479949
BAD 716732345491
BAD 716738169559
BAD 716738169577
BAD 716401747123
BAD 716755519657
BAD 716404755323
BAD 716407982131
BAD 716725452211
BAD 716412412063
BAD 716412852187
BAD 716412852193
BAD 716531269231
BAD 716534169721
BAD 716534169731
BAD 716547406313
BAD 716537533429
BAD 716476773073
BAD 716476773079
BAD 716476773083
BAD 716540844533
BAD 716480901053
BAD 716423936233
BAD 716432815333
BAD 716696438963
BAD 716700299309
BAD 716700299311
BAD 716705601449
BAD 716665232483
BAD 716676918319
BAD 716676918323
BAD 716676918343
BAD 716763858859
BAD 716764984433
BAD 716767696529
BAD 716770516003
BAD 716772518461
BAD 716772522181
BAD 716772522187
BAD 716783473997
BAD 716774700293
BAD 716776390321
BAD 716788533931
BAD 716794896199
BAD 716798100079
BAD 716801818729
BAD 716804708597
BAD 716809520003
BAD 716848294831
BAD 716851351703
BAD 716851351717
BAD 717085588291
BAD 717085902191
BAD 717086338547
BAD 717150792301
BAD 717155084743
BAD 717092194843
BAD 717092194859
BAD 717092194867
BAD 717095954623
BAD 716941038643
BAD 716833619869
BAD 716833619881
BAD 716833953701
BAD 716834846213
BAD 716835880549
BAD 717064403647
BAD 716838605569
BAD 716838605573
BAD 717131814769
BAD 717131814913
BAD 717137027183
BAD 717074233891
BAD 717077051881
BAD 717143596097
BAD 717143596111
BAD 717047736043
BAD 717047736049
BAD 717048724993
BAD 717050458939
BAD 717051223621
BAD 717055072073
BAD 716998578577
BAD 716998578581
BAD 717060313657
BAD 717010387253
BAD 717010387259
BAD 717010387271
BAD 716913955453
BAD 717012401089
BAD 716970633751
BAD 716919305693
BAD 716825185133
BAD 716826735773
BAD 716826735829
BAD 716863362913
BAD 717031905329
BAD 716864826721
BAD 716927887217
BAD 716927887219
BAD 716927887223
BAD 716866989079
BAD 716867262101
BAD 716867262103
BAD 717017247301
BAD 717037831057
BAD 717037831061
BAD 717039168151
BAD 717039168169
BAD 716874275083
BAD 716874275087
BAD 716879361283
BAD 716879361287
BAD 716879361293
BAD 717022629341
BAD 717040863481
BAD 717043523797
BAD 717043523803
BAD 717043523813
BAD 716878125023
BAD 716882802347
BAD 716911990369
BAD 716911990373
BAD 716982473593
BAD 716993394967
BAD 717165392453
BAD 717168562997
BAD 717181978489
BAD 717181978493
BAD 717181978531
BAD 717182799887
BAD 717182799889
BAD 717186302389
BAD 717215377667
BAD 717225574801
BAD 717229302931
BAD 717229302943
BAD 717237836899
BAD 717242497613
BAD 717242497627
BAD 717242967577
BAD 717245172913
BAD 717245210573
BAD 717245210581
BAD 717245904769
BAD 717245904773
BAD 717245904779
BAD 717256952653
BAD 717256952663
BAD 717262041443
BAD 717262041449
BAD 717262041451
BAD 717263094707
BAD 717263795119
BAD 717263795123
BAD 717275124079
BAD 717335226019
BAD 717345711961
BAD 717347059489
BAD 717347059493
BAD 717322380589
BAD 717322959739
BAD 717200344043
BAD 717200344057
BAD 717330455773
BAD 717330455783
BAD 717330455791
BAD 717330455797
BAD 717210483161
BAD 717483881599
BAD 717483881603
BAD 717412055323
BAD 717414310189
BAD 717415000777
BAD 717489113911
BAD 717494991931
BAD 717495003847
BAD 717495003851
BAD 717282975743
BAD 717286464991
BAD 717286992529
BAD 717298932293
BAD 717298932299
BAD 717585299971
BAD 717585300013
BAD 717299707219
BAD 717586949423
BAD 717302502113
BAD 717593295557
BAD 717593295563
BAD 717595268867
BAD 717595268869
BAD 717304915177
BAD 717304915181
BAD 717304915183
BAD 717307589783
BAD 717443658913
BAD 717310866413
BAD 717310866421
BAD 717310866457
BAD 717467688323
BAD 717454273213
BAD 717367499137
BAD 717350435981
BAD 717350435983
BAD 717372438661
BAD 717383644973
BAD 717383644979
BAD 717383645039
BAD 717465070687
BAD 717465436999
BAD 717354815467
BAD 717356202113
BAD 717389641777
BAD 717357450281
BAD 717357450307
BAD 717358802333
BAD 717393929899
BAD 717394174751
BAD 717565283419
BAD 717565283423
BAD 717565283509
BAD 717565283527
BAD 717565283531
BAD 717605470369
BAD 717621700409
BAD 717622808993
BAD 717622808999
BAD 717629916193
BAD 717629916197
BAD 717503309297
BAD 717525506339
BAD 717509100107
BAD 717509100109
BAD 717528130523
BAD 717634310951
BAD 717637474039
BAD 717513820637
BAD 717649754779
BAD 717416156299
BAD 717651970811
BAD 717651970813
BAD 717651970837
BAD 717651970853
BAD 717547228561
BAD 717422358713
BAD 717654577547
BAD 717659434493
BAD 717427138433
BAD 717427452253
BAD 717427452257
BAD 717664361993
BAD 717432252253
BAD 717670531471
BAD 717676650043
BAD 717681822553
BAD 717681822563
BAD 717683429893
BAD 717684415631
BAD 717684415633
BAD 717689683037
BAD 717689854991
BAD 717689854993
BAD 717691813693
BAD 717691813697
BAD 717739668511
BAD 717745934813
BAD 717745934821
BAD 717750710869
BAD 717779023639
BAD 717752482093
BAD 717759594859
BAD 717760939769
BAD 717762782509
BAD 717767718179
BAD 717767718181
BAD 717727115123
BAD 717728563973
BAD 717732653933
BAD 717732654083
BAD 717822757591
BAD 717822757811
BAD 717829492253
BAD 717806758793
BAD 717863713649
BAD 717864589213
BAD 717800753231
BAD 717869526739
BAD 717816794713
BAD 717816794731
BAD 717874471891
BAD 717890773777
BAD 717880829993
BAD 717880830031
BAD 717897431903
BAD 717900055157
BAD 717987548581
BAD 717991255469
BAD 717991255489
BAD 717937004803
BAD 717998945893
BAD 717943441151
BAD 717943441153
BAD 717947061709
BAD 717947061739
BAD 717947308943
BAD 717951244357
BAD 717951778157
BAD 717849246577
BAD 718003157819
BAD 718003157821
BAD 718004245591
BAD 718008148237
BAD 718008148243
BAD 718050892913
BAD 718012258597
BAD 718012258609
BAD 718012258619
BAD 718016832007
BAD 717906032449
BAD 717906386999
BAD 717906387001
BAD 717913438531
BAD 717913438537
BAD 717913532671
BAD 717915039469
BAD 717915039473
BAD 717915163673
BAD 717915163711
BAD 718054286003
BAD 718059479461
BAD 718090275139
BAD 718090275143
BAD 718090275151
BAD 718060233287
BAD 718060233313
BAD 718091264269
BAD 718062217673
BAD 718093098139
BAD 718094457037
BAD 717973148219
BAD 718067048779
BAD 718099711403
BAD 718099711429
BAD 717978157783
BAD 718029050393
BAD 718033381207
BAD 717962205721
BAD 717963215707
BAD 717963215771
BAD 717963215773
BAD 718239022489
BAD 718239022493
BAD 718243341247
BAD 718251328967
BAD 718251328969
BAD 718252399957
BAD 718188703517
BAD 718190991481
BAD 718191423133
BAD 718200310847
BAD 718202695279
BAD 718203668621
BAD 718203668627
BAD 718203668629
BAD 718273609511
BAD 718265812471
BAD 718265812477
BAD 718265812483
BAD 718274848829
BAD 718274848831
BAD 718276442251
BAD 718276442269
BAD 718269976483
BAD 718269976519
BAD 718281332089
BAD 718118870621
BAD 718346975651
BAD 718346975653
BAD 718354741859
BAD 718354927483
BAD 718354927487
BAD 718360935169
BAD 718121915831
BAD 718121915843
BAD 718124949743
BAD 718367185189
BAD 718126638623
BAD 718126638641
BAD 718126638643
BAD 718126802047
BAD 718126954733
BAD 718370384243
BAD 718131023317
BAD 718131570287
BAD 718131570293
BAD 718138536187
BAD 718142126599
BAD 718152826711
BAD 718323296599
BAD 718323684109
BAD 718325231093
BAD 718329815509
BAD 718329815513
BAD 718208290057
BAD 718331674703
BAD 718210729279
BAD 718336673671
BAD 718158679831
BAD 718221023521
BAD 718228760113
BAD 718228760153
BAD 718290945301
BAD 718296000581
BAD 718296000607
BAD 718304199343
BAD 718383840113
BAD 718174186931
BAD 718389649403
BAD 718404862463
BAD 718406495063
BAD 718407490343
BAD 718408072073
BAD 718307569027
BAD 718309632739
BAD 718309632743
BAD 718309853179
BAD 718506086047
BAD 718506248309
BAD 718506248311
BAD 718511890433
BAD 718511890441
BAD 718540594747
BAD 718520814391
BAD 718547985391
BAD 718551879533
BAD 718553296789
BAD 718553296793
BAD 718555293823
BAD 718531058911
BAD 718536339187
BAD 718536339193
BAD 718592795059
BAD 718573992077
BAD 718573992079
BAD 718574464039
BAD 718574464043
BAD 718575130391
BAD 718575130393
BAD 718575130397
BAD 718576490063
BAD 718583916961
BAD 718605933823
BAD 718493448391
BAD 718493448397
BAD 718494423653
BAD 718496124739
BAD 718496124743
BAD 718498370861
BAD 718499957963
BAD 718460883379
BAD 718465724029
BAD 718478884873
BAD 718480294843
BAD 718480335563
BAD 718483680703
BAD 718484553221
BAD 718484553223
BAD 718484553229
BAD 718484553247
BAD 718484553289
BAD 718611313073
BAD 718614497543
BAD 718614497551
BAD 718617743509
BAD 718617743513
BAD 718627741493
BAD 718685027849
BAD 718685771207
BAD 718635916013
BAD 718637239729
BAD 718690084951
BAD 718559255903
BAD 718562535967
BAD 718571538983
BAD 718725279143
BAD 718728639289
BAD 718734155179
BAD 718735503461
BAD 718740621629
BAD 718928899411
BAD 718928899417
BAD 718929045223
BAD 718845078323
BAD 718845971033
BAD 718930262299
BAD 718932773311
BAD 718933401469
BAD 718851145981
BAD 718851145997
BAD 718657264153
BAD 718657264163
BAD 718856547833
BAD 718924335739
BAD 718924335743
BAD 718925167351
BAD 718925167369
BAD 718925167381
BAD 718662181021
BAD 718883157907
BAD 718883157931
BAD 718890939443
BAD 718890939449
BAD 718890939451
BAD 718891588403
BAD 718641510001
BAD 718650832961
BAD 718651914271
BAD 718708996169
BAD 718708996171
BAD 718709398919
BAD 718709398921
BAD 718715700623
BAD 718760651551
BAD 718763820829
BAD 718763820833
BAD 718763820847
BAD 718769339929
BAD 718769339933
BAD 718769482759
BAD 718770189343
BAD 718770189349
BAD 718770708353
BAD 718741235533
BAD 718741235543
BAD 718705325599
BAD 718744335241
BAD 718747452823
BAD 718752194767
BAD 718946506807
BAD 718949998399
BAD 718952346841
BAD 718956090011
BAD 719027279717
BAD 719027279723
BAD 719027279731
BAD 719027279753
BAD 719026094971
BAD 718782121873
BAD 719035263913
BAD 719039045539
BAD 719040172157
BAD 718792678469
BAD 718793643583
BAD 718793643587
BAD 718795973773
BAD 718795973783
BAD 718795973789
BAD 718804654441
BAD 718901239429
BAD 719049254603
BAD 719049254611
BAD 719049698293
BAD 718906180219
BAD 719053779233
BAD 718906880179
BAD 718826131447
BAD 718827437161
BAD 718827979717
BAD 718828020829
BAD 718829720551
BAD 718829720561
BAD 718829720563
BAD 718834254053
BAD 718835285689
BAD 719064096043
BAD 719064096103
BAD 719064096109
BAD 718836921053
BAD 719067367321
BAD 719067367339
BAD 719067367349
BAD 719069473051
BAD 718809389873
BAD 718962354017
BAD 718962354023
BAD 718963833703
BAD 719093897213
BAD 718969913789
BAD 718969913791
BAD 718973123779
BAD 718973123783
BAD 719102865473
BAD 719115579443
BAD 719117077517
BAD 719117077519
BAD 719107951579
BAD 719089014269
BAD 719089014271
BAD 719137110323
BAD 719138617583
BAD 718976733073
BAD 718872198493
BAD 718872198497
BAD 718983608983
BAD 718874855473
BAD 719145004223
BAD 719146031309
BAD 719146031311
BAD 719158892701
BAD 719164451749
BAD 719164451779
BAD 719165480521
BAD 719167202233
BAD 718995898813
BAD 718997705249
BAD 719000698159
BAD 719000919421
BAD 719002225861
BAD 719002225873
BAD 719007858721
BAD 719257736083
BAD 719347723373
BAD 719352230101
BAD 719353909801
BAD 719354318719
BAD 719355667117
BAD 719389757813
BAD 719393947303
BAD 719393947313
BAD 719284037467
BAD 719284037471
BAD 719371785773
BAD 719371785809
BAD 719374677929
BAD 719196939413
BAD 719198689249
BAD 719200066667
BAD 719447921917
BAD 719447921921
BAD 719447921923
BAD 719447921939
BAD 719448184253
BAD 719206763753
BAD 719207918461
BAD 719209151279
BAD 719209151281
BAD 719210106133
BAD 719210106137
BAD 719435226593
BAD 719435226721
BAD 719458617313
BAD 719460626113
BAD 719460626123
BAD 719461040681
BAD 719438997007
BAD 719488045753
BAD 719488045763
BAD 719229822193
BAD 719229822247
BAD 719237863507
BAD 719241156793
BAD 719180095351
BAD 719295041693
BAD 719295041701
BAD 719216488189
BAD 719190054211
BAD 719221373749
BAD 719221448677
BAD 719224286783
BAD 719224286821
BAD 719310813191
BAD 719338522211
BAD 719338522213
BAD 719340254993
BAD 719341499567
BAD 719341499573
BAD 719341499581
BAD 719311863383
BAD 719311863397
BAD 719311863409
BAD 719318776919
BAD 719318776921
BAD 719321154121
BAD 719323540519
BAD 719463775021
BAD 719471252221
BAD 719471252251
BAD 719471252257
BAD 719472547973
BAD 719472548033
BAD 719472548051
BAD 719473525643
BAD 719473741489
BAD 719474024963
BAD 719478860851
BAD 719269629389
BAD 719269629391
BAD 719271228857
BAD 719271228859
BAD 719272578749
BAD 719272578751
BAD 719580498971
BAD 719503663457
BAD 719503663493
BAD 719503663499
BAD 719573298461
BAD 719573298463
BAD 719510079073
BAD 719510404793
BAD 719510404801
BAD 719414753933
BAD 719519978179
BAD 719519983801
BAD 719519983807
BAD 719602265521
BAD 719602265533
BAD 719602265537
BAD 719611096741
BAD 719625691297
BAD 719626410073
BAD 719630913877
BAD 719635287451
BAD 719636055053
BAD 719646131489
BAD 719547480887
BAD 719552258093
BAD 719687451619
BAD 719698799647
BAD 719695213009
BAD 719707574903
BAD 719529827777
BAD 719728660583
BAD 719728660589
BAD 719729640131
BAD 719530269229
BAD 719530269233
BAD 719530399823
BAD 719542884563
BAD 719542884569
BAD 719545229873
BAD 719781187973
BAD 719781187987
BAD 719785737373
BAD 719785737383
BAD 719786310083
BAD 719786310091
BAD 719786310259
BAD 719786310263
BAD 719786310311
BAD 719789619581
BAD 719789619583
BAD 719792560871
BAD 719792560873
BAD 719793373619
BAD 719793433147
BAD 719793433153
BAD 719796303101
BAD 719796303103
BAD 719796303139
BAD 719796534649
BAD 719874468893
BAD 719880685729
BAD 719880685739
BAD 719880854743
BAD 719880854747
BAD 719880854753
BAD 719881593121
BAD 719881593133
BAD 719857531103
BAD 719730973141
BAD 719737888789
BAD 719739845857
BAD 719740802633
BAD 719740835563
BAD 719971982101
BAD 719664579631
BAD 719670258641
BAD 719671342997
BAD 719977005871
BAD 719978017879
BAD 719978017883
BAD 719673390259
BAD 719808946039
BAD 719810379271
BAD 719810379293
BAD 719649526117
BAD 719677163203
BAD 719985700999
BAD 719985775577
BAD 719991829987
BAD 719663203297
BAD 719903660813
BAD 719905487071
BAD 719906846233
BAD 719906846237
BAD 719844129517
BAD 719847466549
BAD 719847466553
BAD 719847466561
BAD 719847466567
BAD 719752415167
BAD 719753228011
BAD 719756871709
BAD 719761930159
BAD 719768620607
BAD 719768620609
BAD 719822771461
BAD 719824939927
BAD 719772831409
BAD 719775021529
BAD 719775021551
BAD 719829367373
BAD 719830544911
BAD 719776416319
BAD 719830544921
BAD 719778560833
BAD 719935853899
BAD 719936687167
BAD 719959388723
BAD 719897419693
BAD 719962001749
BAD 719962001753
BAD 719922411203
BAD 719922411209
BAD 719922411211
BAD 719925761719
BAD 719930563921
BAD 719930563939
BAD 719930563943
RANGE 710000000000 720000000000 PRIMES 366347328 BAD 2456
