BAD 780036935729
BAD 780036935731
BAD 780036935737
BAD 780038959013
BAD 780038959019
BAD 780038959039
BAD 780038959043
BAD 780038959057
BAD 780038959061
BAD 780039735557
BAD 780318975031
BAD 780322726307
BAD 780323901509
BAD 780239037901
BAD 780239942711
BAD 780241386391
BAD 780258721811
BAD 780258721813
BAD 780247010161
BAD 780263631299
BAD 780298497361
BAD 780298497367
BAD 780150969919
BAD 780150969931
BAD 780307838449
BAD 780310030193
BAD 780267672739
BAD 780267672757
BAD 780267672763
BAD 780268277731
BAD 780312201953
BAD 780314782861
BAD 780315135143
BAD 780274469113
BAD 780283742899
BAD 780365107919
BAD 780204717217
BAD 780366798997
BAD 780206088601
BAD 780206088611
BAD 780376346663
BAD 780376346699
BAD 780186850549
BAD 780124306279
BAD 780124306363
BAD 780124667747
BAD 780384558319
BAD 780129469913
BAD 780153059209
BAD 780131411239
BAD 780131411243
BAD 780161840203
BAD 780172253071
BAD 780175825159
BAD 780176389943
BAD 780176389963
BAD 780178625987
BAD 780179665753
BAD 780087762301
BAD 780338890073
BAD 780339890129
BAD 780069185023
BAD 780031861333
BAD 780002524423
BAD 780003656899
BAD 780003656903
BAD 780004525483
BAD 780004525523
BAD 780004525529
BAD 780008590897
BAD 780351958657
BAD 780351958663
BAD 780351958669
BAD 780011171699
BAD 780013068563
BAD 780016739413
BAD 780385951591
BAD 780385951603
BAD 780051225329
BAD 780051225337
BAD 780223795933
BAD 780056115203
BAD 780056115211
BAD 780226942073
BAD 780233938303
BAD 780233938331
BAD 780423906139
BAD 780423906203
BAD 780423906211
BAD 780407080837
BAD 780428699837
BAD 780428699839
BAD 780470775457
BAD 780429391549
BAD 780471499021
BAD 780489298669
BAD 780490631623
BAD 780490631633
BAD 780490631639
BAD 780457714147
BAD 780475598911
BAD 780500923693
BAD 780500923703
BAD 780500923729
BAD 780436396357
BAD 780520640527
BAD 780447226459
BAD 780516331657
BAD 780450942377
BAD 780450942379
BAD 780538843769
BAD 780564000283
BAD 780667224721
BAD 780572306083
BAD 780670140827
BAD 780670140829
BAD 780574670153
BAD 780581212429
BAD 780583172129
BAD 780583172141
BAD 780583172143
BAD 780646155229
BAD 780621527813
BAD 780631754153
BAD 780632310869
BAD 780632310877
BAD 780632310889
BAD 780632310893
BAD 780634933069
BAD 780634933073
BAD 780634933079
BAD 780634933081
BAD 780828309211
BAD 780875658217
BAD 780878027543
BAD 780878027549
BAD 780878027551
BAD 780878027561
BAD 780878027563
BAD 780698611073
BAD 780700649513
BAD 780676112219
BAD 780676112221
BAD 780738447823
BAD 780738447829
BAD 780738784117
BAD 780738784123
BAD 780759557131
BAD 780889966609
BAD 780890310301
BAD 780890310307
BAD 780890310311
BAD 780890310313
BAD 780721425203
BAD 780686871187
BAD 780908532251
BAD 780908532253
BAD 780763316401
BAD 780813891049
BAD 780817062173
BAD 780817062187
BAD 780912757771
BAD 780912757817
BAD 780912757819
BAD 780912757853
BAD 780854110853
BAD 780903073417
BAD 780769018223
BAD 780769018229
BAD 780769018231
BAD 780751761443
BAD 780866172589
BAD 780709605289
BAD 780709605301
BAD 780710667091
BAD 780732492139
BAD 780871580561
BAD 780871580563
BAD 780871580569
BAD 780737974343
BAD 780798577837
BAD 780798577841
BAD 780802810289
BAD 780780846883
BAD 780780846893
BAD 780780846919
BAD 780974559571
BAD 780974559593
BAD 780950820623
BAD 780954823093
BAD 781142320043
BAD 781143283073
BAD 780958052653
BAD 781150452653
BAD 781152840623
BAD 781152840631
BAD 781193863783
BAD 781198924819
BAD 781198924823
BAD 780969878683
BAD 780969878687
BAD 780969878707
BAD 781078483903
BAD 781169290999
BAD 781169291003
BAD 781079976059
BAD 781084405637
BAD 781085303429
BAD 781085303431
BAD 781087820063
BAD 781087957319
BAD 781181080853
BAD 781181080859
BAD 781271145443
BAD 781107881321
BAD 781243199993
BAD 781112161493
BAD 781112161499
BAD 781248831833
BAD 781114723703
BAD 781114723709
BAD 781255475953
BAD 780992668889
BAD 780992668891
BAD 780993070961
BAD 780993710971
BAD 780997993189
BAD 781024857443
BAD 781026091039
BAD 781026091051
BAD 781009088161
BAD 781009088179
BAD 781009088183
BAD 781010807509
BAD 781012043797
BAD 781012243043
BAD 781014104263
BAD 781014104267
BAD 781037759377
BAD 781016558393
BAD 781019741267
BAD 781019741269
BAD 781021538911
BAD 781058074213
BAD 781043999683
BAD 781060586819
BAD 781060586863
BAD 781046054287
BAD 781064342941
BAD 781065997409
BAD 781285183373
BAD 781285183387
BAD 781287591613
BAD 781287591619
BAD 781093001281
BAD 781093001323
BAD 781102731631
BAD 781103877989
BAD 781103877991
BAD 781293575857
BAD 781299538249
BAD 781300655809
BAD 781300655827
BAD 781310275177
BAD 781302574277
BAD 781302574279
BAD 781307126443
BAD 781324728959
BAD 781129712017
BAD 781129712021
BAD 781129712023
BAD 781134714743
BAD 781328111731
BAD 781328111849
BAD 781328111917
BAD 781330813729
BAD 781334516971
BAD 781355437883
BAD 781364217863
BAD 781365569993
BAD 781377392893
BAD 781387686119
BAD 781390725517
BAD 781427445991
BAD 781429268359
BAD 781430212489
BAD 781433435389
BAD 781477369769
BAD 781440833293
BAD 781567849177
BAD 781570759159
BAD 781446141143
BAD 781447561163
BAD 781511852753
BAD 781513807013
BAD 781450599757
BAD 781495919999
BAD 781577051939
BAD 781520261749
BAD 781394443483
BAD 781395891061
BAD 781419137363
BAD 781424754067
BAD 781424754073
BAD 781527950873
BAD 781536475309
BAD 781536988667
BAD 781536988669
BAD 781542917593
BAD 781602422983
BAD 781554413641
BAD 781556494861
BAD 781582314241
BAD 781590209171
BAD 781590209173
BAD 781785671629
BAD 781788573847
BAD 781788573851
BAD 781793590763
BAD 781795413901
BAD 781798963501
BAD 781762867793
BAD 781762867819
BAD 781807600463
BAD 781808014411
BAD 781808014459
BAD 781769836129
BAD 781810752223
BAD 781811792071
BAD 781854704357
BAD 781855207267
BAD 781855207271
BAD 781864444687
BAD 781839327397
BAD 781839327443
BAD 781812581521
BAD 781745373823
BAD 781890235463
BAD 781747999159
BAD 781819336139
BAD 781819336141
BAD 781819336153
BAD 781819336157
BAD 781819336159
BAD 781754399207
BAD 781755100969
BAD 781625420383
BAD 781625420393
BAD 781663705619
BAD 781636833413
BAD 781636833421
BAD 781734731299
BAD 781913235911
BAD 781926922631
BAD 781927110203
BAD 781928323663
BAD 781949786819
BAD 781936831703
BAD 781952527339
BAD 781940810341
BAD 781942416049
BAD 781688568391
BAD 781958413163
BAD 781689036613
BAD 781945808179
BAD 781945808183
BAD 781990524719
BAD 781993631479
BAD 781993631483
BAD 781999743533
BAD 781999743559
BAD 782002988423
BAD 781700416339
BAD 781700416351
BAD 782008572013
BAD 782008572017
BAD 782008572019
BAD 781644516193
BAD 781650071971
BAD 781654549399
BAD 781658792749
BAD 781658792753
BAD 782024764097
BAD 782047416361
BAD 782050462211
BAD 782051870087
BAD 782151228953
BAD 782151228959
BAD 782151228961
BAD 782151228967
BAD 782151228973
BAD 782154080509
BAD 782154080531
BAD 782154095111
BAD 782154095119
BAD 782130919079
BAD 782130919081
BAD 782161648459
BAD 782163271133
BAD 782118308821
BAD 782101635467
BAD 782101635473
BAD 782101635479
BAD 782101635481
BAD 782065990733
BAD 782065990819
BAD 782108388079
BAD 782074598059
BAD 782079514343
BAD 782187451223
BAD 782189545213
BAD 782196853909
BAD 782196853913
BAD 782238114743
BAD 782239072999
BAD 782239073003
BAD 782239708541
BAD 782239708543
BAD 782165513713
BAD 782303020183
BAD 782304680041
BAD 782169227789
BAD 782369911777
BAD 782309069551
BAD 782309069557
BAD 782282285027
BAD 782282285047
BAD 782282285089
BAD 782332420943
BAD 782332420949
BAD 782332420951
BAD 782282859487
BAD 782284789441
BAD 782338450171
BAD 782175072487
BAD 782390298167
BAD 782390298169
BAD 782391035663
BAD 782391035669
BAD 782391035677
BAD 782345105029
BAD 782345105053
BAD 782345105057
BAD 782217558547
BAD 782259755743
BAD 782269592033
BAD 782402956969
BAD 782200248331
BAD 782276385841
BAD 782202834277
BAD 782412330811
BAD 782214504439
BAD 782214504473
BAD 782320191241
BAD 782324073913
BAD 782328604711
BAD 782450889391
BAD 782465101051
BAD 782471297063
BAD 782474348533
BAD 782479922527
BAD 782479922533
BAD 782479922537
BAD 782479922551
BAD 782481560089
BAD 782482785811
BAD 782519071519
BAD 782505282407
BAD 782483258071
BAD 782485041619
BAD 782485041623
BAD 782507937649
BAD 782540707607
BAD 782540707609
BAD 782529254399
BAD 782529254401
BAD 782546722511
BAD 782546722513
BAD 782546722519
BAD 782546722523
BAD 782566126801
BAD 782495511619
BAD 782495761583
BAD 782497871737
BAD 782570836031
BAD 782579945183
BAD 782620120021
BAD 782621269357
BAD 782604652199
BAD 782604652201
BAD 782609175661
BAD 782609175683
BAD 782632873859
BAD 782632873861
BAD 782632873873
BAD 782632873877
BAD 782632873879
BAD 782643836137
BAD 782643836167
BAD 782705237273
BAD 782709544651
BAD 782709544663
BAD 782756107447
BAD 782658860831
BAD 782659849843
BAD 782665505857
BAD 782665505861
BAD 782665505863
BAD 782666881001
BAD 782667264629
BAD 782805821207
BAD 782805821209
BAD 782811856159
BAD 782813053129
BAD 782813053147
BAD 782814739247
BAD 782835743581
BAD 782843753533
BAD 782843753543
BAD 782844518909
BAD 782849238403
BAD 782850220069
BAD 782587790953
BAD 782587790969
BAD 782588875829
BAD 782959589677
BAD 782905145599
BAD 782872313191
BAD 782946254813
BAD 782946254819
BAD 782946254821
BAD 782950404451
BAD 782921639611
BAD 782852785217
BAD 782852785219
BAD 782852785223
BAD 782922683597
BAD 782889038677
BAD 782931639533
BAD 782934792071
BAD 782866282717
BAD 782866282721
BAD 782866282727
BAD 782866282729
BAD 782866282733
BAD 782866282747
BAD 782976106531
BAD 782976106567
BAD 782976304613
BAD 782977703483
BAD 782977703489
BAD 782977703491
BAD 782979987583
BAD 782742093101
BAD 782742093103
BAD 782676451853
BAD 782679583729
BAD 782685722603
BAD 782745599707
BAD 782745599711
BAD 782745599749
BAD 782746098889
BAD 782692907299
BAD 782692907303
BAD 782692907309
BAD 782692907323
BAD 782692907327
BAD 782692907329
BAD 782692907333
BAD 782692907341
BAD 782698064039
BAD 782698064089
BAD 782990522267
BAD 782996517911
BAD 782996517913
BAD 782998111397
BAD 783021880411
BAD 783023077829
BAD 783023077831
BAD 782823201737
BAD 782823201739
BAD 783004857379
BAD 782824052429
BAD 782824052431
BAD 783032816617
BAD 783032816669
BAD 783010194839
BAD 783010194847
BAD 783010926941
BAD 783014612357
BAD 783014612371
BAD 782719353289
BAD 783040520083
BAD 783040520089
BAD 783044472409
BAD 782724492773
BAD 782726415701
BAD 782726415703
BAD 783052801231
BAD 783055568993
BAD 782769690277
BAD 782769690281
BAD 783071787413
BAD 783083285869
BAD 783084901507
BAD 783084901519
BAD 783085895453
BAD 783085895461
BAD 782779265297
BAD 782783371147
BAD 782791607369
BAD 782791607371
BAD 782792159041
BAD 783121425607
BAD 782801618947
BAD 783104871649
BAD 783091176053
BAD 783112714471
BAD 783102869069
BAD 783102869071
BAD 783102869077
BAD 783181380661
BAD 783183081529
BAD 783221475167
BAD 783221475181
BAD 783196513609
BAD 783196513621
BAD 783196606279
BAD 783224995013
BAD 783164689651
BAD 783202653019
BAD 783231874829
BAD 783231874837
BAD 783206384423
BAD 783210423949
BAD 783238639373
BAD 783240822499
BAD 783241943293
BAD 783215448019
BAD 783215448023
BAD 783245983171
BAD 783250620833
BAD 783250620847
BAD 783250620857
BAD 783250620923
BAD 783250620931
BAD 783251818319
BAD 783147963803
BAD 783501840113
BAD 783505249909
BAD 783505249913
BAD 783482463199
BAD 783560203273
BAD 783560203277
BAD 783290945153
BAD 783292300981
BAD 783568413223
BAD 783568413227
BAD 783296491981
BAD 783298659361
BAD 783299747701
BAD 783304059079
BAD 783364199479
BAD 783370096723
BAD 783644791003
BAD 783644791009
BAD 783338560063
BAD 783338630509
BAD 783647969333
BAD 783272145311
BAD 783405616237
BAD 783446291687
BAD 783446291689
BAD 783451757357
BAD 783451757359
BAD 783281282477
BAD 783281282479
BAD 783509489473
BAD 783513229351
BAD 783513229357
BAD 783515471941
BAD 783629494553
BAD 783631184213
BAD 783635738597
BAD 783383684683
BAD 783613637951
BAD 783613637953
BAD 783385233109
BAD 783307989601
BAD 783388774061
BAD 783592723229
BAD 783592723231
BAD 783599392333
BAD 783312315559
BAD 783599392363
BAD 783549560749
BAD 783549560753
BAD 783428680849
BAD 783677259863
BAD 783684376009
BAD 783667351343
BAD 783668917151
BAD 783668917153
BAD 783696326251
BAD 783698453479
BAD 783698453497
BAD 783699312569
BAD 783714605503
BAD 783720769589
BAD 783720769591
BAD 783848709493
BAD 783848777993
BAD 783848778001
BAD 783829292023
BAD 783829292027
BAD 783851065687
BAD 783851395981
BAD 783853268911
BAD 783853268917
BAD 783855363727
BAD 783898826209
BAD 783903338693
BAD 783908514247
BAD 783908514251
BAD 783908514253
BAD 783908853353
BAD 783908853361
BAD 783927337181
BAD 783927337183
BAD 783930162877
BAD 783930162893
BAD 783932483911
BAD 783738329071
BAD 783738329081
BAD 783738329083
BAD 783934687699
BAD 783959765629
BAD 783960615079
BAD 783960615091
BAD 783963788837
BAD 783973440799
BAD 784063646747
BAD 784064183663
BAD 784065061711
BAD 784065450131
BAD 783813288413
BAD 783813288443
BAD 784070972627
BAD 783780767369
BAD 784073618143
BAD 784073618147
BAD 784073618149
BAD 784014989917
BAD 784015860283
BAD 783786085801
BAD 783786085829
BAD 783787051591
BAD 783790527983
BAD 783790527991
BAD 783790527997
BAD 784031461417
BAD 784032600677
BAD 784032600679
BAD 784035274681
BAD 783798771827
BAD 783798771829
BAD 784039248781
BAD 783883720141
BAD 783884182733
BAD 783870556753
BAD 784042545439
BAD 784042545443
BAD 784042545493
BAD 783763400053
BAD 783764945333
BAD 783772604333
BAD 783915565289
BAD 783915565291
BAD 783916505261
BAD 783916826633
BAD 784005851813
BAD 784005851821
BAD 784006120873
BAD 784049778991
BAD 784049778997
BAD 784049779001
BAD 784049779003
BAD 783946072901
BAD 784059223027
BAD 784059223033
BAD 783957718567
BAD 783958655849
BAD 784080039229
BAD 784090463509
BAD 784090463521
BAD 784091707691
BAD 784098198979
BAD 784103124067
BAD 784103124073
BAD 784105569917
BAD 784178725849
BAD 784145156803
BAD 784145156807
BAD 784184118853
BAD 784213196593
BAD 784216088743
BAD 784216088749
BAD 784153185989
BAD 784222778189
BAD 784222778191
BAD 784201987427
BAD 784204059491
BAD 784204711111
BAD 784139389219
BAD 784139389223
BAD 784170227131
BAD 784380250583
BAD 784295664643
BAD 784295664653
BAD 784298493809
BAD 784313487613
BAD 784304894851
BAD 784320194011
BAD 784279480889
BAD 784279480891
BAD 784326903181
BAD 784327736867
BAD 784327736869
BAD 784236244721
BAD 784236244723
BAD 784240044199
BAD 784242599639
BAD 784242599641
BAD 784247534881
BAD 784248127577
BAD 784248802261
BAD 784365577987
BAD 784370501779
BAD 784337923553
BAD 784412851619
BAD 784415282789
BAD 784260823403
BAD 784421519293
BAD 784356333443
BAD 784361343751
BAD 784404019129
BAD 784404019151
BAD 784404019153
BAD 784412169601
BAD 784583147921
BAD 784583147923
BAD 784450929643
BAD 784559087329
BAD 784567357043
BAD 784569912067
BAD 784456386383
BAD 784594245761
BAD 784594245763
BAD 784575099109
BAD 784599946531
BAD 784461035951
BAD 784616638891
BAD 784579709153
BAD 784579709159
BAD 784619843671
BAD 784606425697
BAD 784472468753
BAD 784437577043
BAD 784624204841
BAD 784624204843
BAD 784610439317
BAD 784610439323
BAD 784613031203
BAD 784486654327
BAD 784628381113
BAD 784628381123
BAD 784475684297
BAD 784475684299
BAD 784475684303
BAD 784628541577
BAD 784479175099
BAD 784500679307
BAD 784500679309
BAD 784494602981
BAD 784494602993
BAD 784494994643
BAD 784506654797
BAD 784507007743
BAD 784507506637
BAD 784507506641
BAD 784507506661
BAD 784517960731
BAD 784697690839
BAD 784700576987
BAD 784702993237
BAD 784749697327
BAD 784755405073
BAD 784782130861
BAD 784759690513
BAD 784785368803
BAD 784764083039
BAD 784764083041
BAD 784789390669
BAD 784789521499
BAD 784793585383
BAD 784793976443
BAD 784793976457
BAD 784796802613
BAD 784530983909
BAD 784530983911
BAD 784532229023
BAD 784640766059
BAD 784640766061
BAD 784643279389
BAD 784685843077
BAD 784733947177
BAD 784733947181
BAD 784733947183
BAD 784733947189
BAD 784695871727
BAD 784669117123
BAD 784738966811
BAD 784738966813
BAD 784660853701
BAD 784661604217
BAD 784661630033
BAD 784661630047
BAD 784677735769
BAD 784717981519
BAD 784723463003
BAD 784775894207
BAD 784776520531
BAD 784780293469
BAD 784780293481
BAD 784800799271
BAD 784800799273
BAD 784816798169
BAD 784916781949
BAD 784922691689
BAD 784922691691
BAD 784805244623
BAD 784805244631
BAD 784807191601
BAD 784932446657
BAD 784932446659
BAD 784932446737
BAD 784812066953
BAD 784828690013
BAD 784828925161
BAD 784813854767
BAD 784831369367
BAD 784855101869
BAD 784855101871
BAD 784855437859
BAD 784855437869
BAD 784855437871
BAD 784863934667
BAD 784863934669
BAD 785026554173
BAD 785026554187
BAD 785030627837
BAD 785030627839
BAD 785055316219
BAD 785063644333
BAD 785047167523
BAD 785047167529
BAD 785067615659
BAD 785088374947
BAD 785080061341
BAD 785080061347
BAD 785092282003
BAD 785092282027
BAD 785092282033
BAD 785092282069
BAD 785100010337
BAD 785100010339
BAD 785100010349
BAD 785100010351
BAD 785136500783
BAD 785142532463
BAD 785142598771
BAD 785146402303
BAD 785146402307
BAD 785146402309
BAD 785146402333
BAD 784869091471
BAD 784869091477
BAD 784869091481
BAD 784869091483
BAD 785187513139
BAD 785154324973
BAD 784873832867
BAD 785104932121
BAD 785104932133
BAD 785106170243
BAD 784880146823
BAD 784880146837
BAD 784912375729
BAD 784912375733
BAD 785124270349
BAD 785127582301
BAD 785132208691
BAD 785132208697
BAD 785132348369
BAD 784948984021
BAD 785286549079
BAD 785286549083
BAD 785288645161
BAD 785288645191
BAD 785292828269
BAD 785292828293
BAD 785201457097
BAD 785295772021
BAD 785321840753
BAD 785321840761
BAD 785301018989
BAD 785268770029
BAD 785326620721
BAD 785326620751
BAD 785326620781
BAD 785353634203
BAD 785353634213
BAD 785274421993
BAD 785329872623
BAD 785329872631
BAD 785277104267
BAD 785329872643
BAD 785213592091
BAD 785279361143
BAD 785358201631
BAD 785341697909
BAD 785341697911
BAD 785333876419
BAD 785231142937
BAD 785231587373
BAD 785283925123
BAD 785283925141
BAD 785216170399
BAD 785216170411
BAD 785232137119
BAD 785368685989
BAD 785309374117
BAD 785347959091
BAD 785316480901
BAD 785389510051
BAD 785399610901
BAD 785369868113
BAD 785369868119
BAD 785369868121
BAD 785369868133
BAD 785374122629
BAD 785420643443
BAD 785425864319
BAD 785433184321
BAD 785460179563
BAD 785460179573
BAD 785552426723
BAD 785469015031
BAD 785443178693
BAD 785448316573
BAD 785448316579
BAD 785452370191
BAD 785527918913
BAD 785535684653
BAD 785262702031
BAD 785245820563
BAD 785486392403
BAD 785487617113
BAD 785492642569
BAD 785494057727
BAD 785494585571
BAD 785494585573
BAD 785497602167
BAD 785497602187
BAD 785502283561
BAD 785502700849
BAD 785502755251
BAD 785753702593
BAD 785753702597
BAD 785753702599
BAD 785591604211
BAD 785641062179
BAD 785641062181
BAD 785641062187
BAD 785642610889
BAD 785643049523
BAD 785644747087
BAD 785644747091
BAD 785644747093
BAD 785644747099
BAD 785644747103
BAD 785647412273
BAD 785650352423
BAD 785555912527
BAD 785509320691
BAD 785509320697
BAD 785558261233
BAD 785755813343
BAD 785622570053
BAD 785654520181
BAD 785416375853
BAD 785711383103
BAD 785712228661
BAD 785634791197
BAD 785635555403
BAD 785718479737
BAD 785576837333
BAD 785666692673
BAD 785670401491
BAD 785605202101
BAD 785586410473
BAD 785586724921
BAD 785606803379
BAD 785606803381
BAD 785606803393
BAD 785687884591
BAD 785693839573
BAD 785695501477
BAD 785698099763
BAD 785725259749
BAD 785727369373
BAD 785727369377
BAD 785727369379
BAD 785728514017
BAD 785728514027
BAD 785728514029
BAD 785728514033
BAD 785728514041
BAD 785728514047
BAD 785733924991
BAD 785686628693
BAD 785687113261
BAD 785773274963
BAD 785773274971
BAD 785773274977
BAD 785781563407
BAD 785793789049
BAD 785793789059
BAD 785793789061
BAD 785796076393
BAD 785834979779
BAD 785834979781
BAD 785834979791
BAD 785834979793
BAD 785836651603
BAD 785836651609
BAD 785860078483
BAD 785860849343
BAD 785861656319
BAD 785868627023
BAD 785817094357
BAD 785843553857
BAD 785843553863
BAD 785846091497
BAD 785880077243
BAD 785881572283
BAD 785881997783
BAD 785885948641
BAD 785926275403
BAD 785926275413
BAD 785928079151
BAD 786007633429
BAD 786010211743
BAD 785935090613
BAD 785937352693
BAD 786015325063
BAD 785939272277
BAD 785943242549
BAD 785943242551
BAD 785943242569
BAD 785943242573
BAD 785950589719
BAD 785954965157
BAD 785955249179
BAD 785955249203
BAD 785897043829
BAD 785900268961
BAD 785900268971
BAD 785902900571
BAD 785960374127
BAD 786086651513
BAD 785964201601
BAD 786048944209
BAD 786068426887
BAD 786147766381
BAD 786153119051
BAD 786124397887
BAD 786161589607
BAD 786126177469
BAD 786164379391
BAD 786165270619
BAD 786179420207
BAD 786179420209
BAD 786134739589
BAD 786183618697
BAD 786184427947
BAD 786187634581
BAD 786213001373
BAD 786213400667
BAD 786213400669
BAD 785909629517
BAD 785986539757
BAD 785921204899
BAD 786192961733
BAD 786194973391
BAD 786196420703
BAD 786199029929
BAD 786259000097
BAD 786259000099
BAD 786259172203
BAD 786023620981
BAD 786243447923
BAD 786027938093
BAD 786027938123
BAD 786265043581
BAD 786265043587
BAD 786091499117
BAD 786091499119
BAD 786091499131
BAD 786236488633
BAD 786269815633
BAD 786269815637
BAD 786239915707
BAD 786239915711
BAD 786283944361
BAD 786286881113
BAD 786299739961
BAD 786299906851
BAD 786300974003
BAD 786314017283
BAD 786307368269
BAD 786307368271
BAD 786325582447
BAD 786327698159
BAD 786327698161
BAD 786327853193
BAD 786431809817
BAD 786431809819
BAD 786439104349
BAD 786440378389
BAD 786358744643
BAD 786362101253
BAD 786460249147
BAD 786460249151
BAD 786460249153
BAD 786460249163
BAD 786381792083
BAD 786381792089
BAD 786393267817
BAD 786393267841
BAD 786468262649
BAD 786468808733
BAD 786468808739
BAD 786458287579
BAD 786458287583
BAD 786475117163
BAD 786407207023
BAD 786407207029
BAD 786407207059
BAD 786407207063
BAD 786477262763
BAD 786477262771
BAD 786479180833
BAD 786596606753
BAD 786612083539
BAD 786613262387
BAD 786613262389
BAD 786615993479
BAD 786503609011
BAD 786503609041
BAD 786503609083
BAD 786617324897
BAD 786506161853
BAD 786605396119
BAD 786605396123
BAD 786605396131
BAD 786605396141
BAD 786517709641
BAD 786622447483
BAD 786622447487
BAD 786622447489
BAD 786579513149
BAD 786579513151
BAD 786523503499
BAD 786523503503
BAD 786625762673
BAD 786586384613
BAD 786588948811
BAD 786342493463
BAD 786629857973
BAD 786355979329
BAD 786641892503
BAD 786357784873
BAD 786415637537
BAD 786424001071
BAD 786532803181
BAD 786698926763
BAD 786575530879
BAD 786645063751
BAD 786731975303
BAD 786737603803
BAD 786737603863
BAD 786737603867
BAD 786550546163
BAD 786550546193
BAD 786661367383
BAD 786552885907
BAD 786552885919
BAD 786556730389
BAD 786657092341
BAD 786669830593
BAD 786659883577
BAD 786681416161
BAD 786764286089
BAD 786764786573
BAD 786764786579
BAD 786764786581
BAD 786780864871
BAD 786781957069
BAD 786800408113
BAD 786784979557
BAD 786784979567
BAD 786769592003
BAD 786786748543
BAD 786801636197
BAD 786801636199
BAD 786788349961
BAD 786804598253
BAD 786790545493
BAD 786790545503
BAD 786793799161
BAD 786807651769
BAD 786807651793
BAD 786821454691
BAD 786825297361
BAD 786832718863
BAD 786848475323
BAD 786850178209
BAD 786835320679
BAD 786851709109
BAD 786844052461
BAD 786860402423
BAD 786930761741
BAD 786942263761
BAD 786862589483
BAD 786864415879
BAD 787050534943
BAD 786919488703
BAD 787055754193
BAD 786925069943
BAD 786926692987
BAD 786926692991
BAD 786901565609
BAD 787062622223
BAD 786904690939
BAD 786905094097
BAD 786971467903
BAD 786905094109
BAD 786905094113
BAD 786905094121
BAD 786905094127
BAD 786905132869
BAD 786905132873
BAD 786908436179
BAD 786908919383
BAD 786908919403
BAD 786908919409
BAD 786976762219
BAD 786976762279
BAD 786887096167
BAD 786890571619
BAD 787042472063
BAD 787204457701
BAD 787206471691
BAD 787139311603
BAD 787156538359
BAD 787255468907
BAD 787255468913
BAD 787238173963
BAD 787160047489
BAD 787146222787
BAD 787260376387
BAD 787260376393
BAD 787219182823
BAD 787161060799
BAD 787220741627
BAD 787179849823
BAD 787179849829
BAD 787180108951
BAD 787187958421
BAD 787242347777
BAD 787242347779
BAD 787190371789
BAD 787190861323
BAD 786983639083
BAD 787245415309
BAD 787245415321
BAD 787245415339
BAD 787246473329
BAD 787246473331
BAD 786984348463
BAD 786985690789
BAD 787016172829
BAD 787020869389
BAD 786997636741
BAD 787063725649
BAD 787063725653
BAD 787063725661
BAD 787026799249
BAD 787065089387
BAD 787065089389
BAD 787002908843
BAD 787071731707
BAD 787010626873
BAD 787012492463
BAD 787077653017
BAD 787078783651
BAD 787115968279
BAD 787118243099
BAD 787118243101
BAD 787120416263
BAD 787302766763
BAD 787305634649
BAD 787305634651
BAD 787305634657
BAD 787370396671
BAD 787290948649
BAD 787292058691
BAD 787292058697
BAD 787292058733
BAD 787292058737
BAD 787292058739
BAD 787292058743
BAD 787292058757
BAD 787277831971
BAD 787378776781
BAD 787379711009
BAD 787381401347
BAD 787381401349
BAD 787381401451
BAD 787319723111
BAD 787323068491
BAD 787325002903
BAD 787325002913
BAD 787356938521
BAD 787384462951
BAD 787387985569
BAD 787390213301
BAD 787390213303
BAD 787475813153
BAD 787475813161
BAD 787493333609
BAD 787493333611
BAD 787437600119
BAD 787437600121
BAD 787437600139
BAD 787440640927
BAD 787516941647
BAD 787516941649
BAD 787443078119
BAD 787443078143
BAD 787443078161
BAD 787519010989
BAD 787520384971
BAD 787520384977
BAD 787520384983
BAD 787521719057
BAD 787527629393
BAD 787455957419
BAD 787531457953
BAD 787546109093
BAD 787462837703
BAD 787462874137
BAD 787462874147
BAD 787634433983
BAD 787639124257
BAD 787649272393
BAD 787649655649
BAD 787731346783
BAD 787703392943
BAD 787704345619
BAD 787772599379
BAD 787779164701
BAD 787513086889
BAD 787784006651
BAD 787685046613
BAD 787552573499
BAD 787552573501
BAD 787740403981
BAD 787557861809
BAD 787557861823
BAD 787563338131
BAD 787563338203
BAD 787757728633
BAD 787763206981
BAD 787763206987
BAD 787763207003
BAD 787674986981
BAD 787674986983
BAD 787764201409
BAD 787683555817
BAD 787794692081
BAD 787577492839
BAD 787577492843
BAD 787578785561
BAD 787578785563
BAD 787799734703
BAD 787583168077
BAD 787804896107
BAD 787806262153
BAD 787806262157
BAD 787812527611
BAD 787813996559
BAD 787813996561
BAD 787886061427
BAD 787817455643
BAD 787888930121
BAD 787888930123
BAD 787889640823
BAD 787893881821
BAD 787400966029
BAD 787822643107
BAD 787824666637
BAD 787403627303
BAD 787900079657
BAD 787906257041
BAD 787906257043
BAD 787908035633
BAD 787834468789
BAD 787620731089
BAD 787869551743
BAD 787869551783
BAD 787869551789
BAD 787869611677
BAD 787869611681
BAD 787870584077
BAD 787870584079
BAD 787622969069
BAD 787880391923
BAD 787625981143
BAD 787625981147
BAD 787883854579
BAD 787587879061
BAD 787656872393
BAD 787656872399
BAD 787834998829
BAD 787834998833
BAD 787593736231
BAD 787661181193
BAD 787922768797
BAD 787922902267
BAD 787922997629
BAD 787929496043
BAD 787929496049
BAD 787929496051
BAD 787929496069
BAD 787929496073
BAD 787605308299
BAD 787606055459
BAD 787606055461
BAD 787607188141
BAD 787607188163
BAD 787611968233
BAD 787611968239
BAD 787611968249
BAD 787611968251
BAD 787936099109
BAD 787950622321
BAD 787982447563
BAD 787952789929
BAD 787965403937
BAD 787965403943
BAD 787965586957
BAD 788003937101
BAD 788003937103
BAD 788003937109
BAD 788003937121
BAD 788003990251
BAD 788071539643
BAD 788071539653
BAD 788074766159
BAD 788074766161
BAD 788074766207
BAD 788074766209
BAD 788061129649
BAD 788062055323
BAD 788013027913
BAD 788013508441
BAD 788020705553
BAD 788020705573
BAD 788020705579
BAD 788020705583
BAD 788020705657
BAD 788021827343
BAD 788077704863
BAD 788064967289
BAD 788087797253
BAD 788094285283
BAD 788101720591
BAD 788122132649
BAD 788122132657
BAD 788123077543
BAD 788123077579
BAD 788135422973
BAD 788135423011
BAD 788135423017
BAD 788160072709
BAD 788048584369
BAD 788209967693
BAD 788175118153
BAD 788290572319
BAD 788290572323
BAD 788290866001
BAD 788290866007
BAD 788141037479
BAD 788361310579
BAD 788361310603
BAD 788186059169
BAD 788299200901
BAD 788299200917
BAD 788299200919
BAD 788367306583
BAD 788367306589
BAD 788367306593
BAD 788314753847
BAD 787996655921
BAD 787996655923
BAD 788338299901
BAD 788343849067
BAD 788343849079
BAD 788352839671
BAD 788230603141
BAD 788375764291
BAD 788379646603
BAD 788379700837
BAD 788379700841
BAD 788408095621
BAD 788408343803
BAD 788387517721
BAD 788387517733
BAD 788387790109
BAD 788414321633
BAD 788414321711
BAD 788414321713
BAD 788414321753
BAD 788440238723
BAD 788440238753
BAD 788105568223
BAD 788115112717
BAD 788115112723
BAD 788115112727
BAD 788115367103
BAD 788119882591
BAD 788258593021
BAD 788263989791
BAD 788243781079
BAD 788248831561
BAD 788325942671
BAD 788325942673
BAD 788326568633
BAD 788332836143
BAD 788467079843
BAD 788494111711
BAD 788584914983
BAD 788584914989
BAD 788584914991
BAD 788502548513
BAD 788588077873
BAD 788511312403
BAD 788542898197
BAD 788542898201
BAD 788542898203
BAD 788546358643
BAD 788524124659
BAD 788617153073
BAD 788617153081
BAD 788532380899
BAD 788532710369
BAD 788537106079
BAD 788537106083
BAD 788626192369
BAD 788629748329
BAD 788629748341
BAD 788629772461
BAD 788633061961
BAD 788666888593
BAD 788667854347
BAD 788639398049
BAD 788639398051
BAD 788670215033
BAD 788795753699
BAD 788795753701
BAD 788692895593
BAD 788695116427
BAD 788803817453
BAD 788803817479
BAD 788804485663
BAD 788642173223
BAD 788644536839
BAD 788646406663
BAD 788646406673
BAD 788648171501
BAD 788648171503
BAD 788559887179
BAD 788560492387
BAD 788654301979
BAD 788745022031
BAD 788745022033
BAD 788745022049
BAD 788708289923
BAD 788749027067
BAD 788749027069
BAD 788568929273
BAD 788768870221
BAD 788714642593
BAD 788726810203
BAD 788773070401
BAD 788729721173
BAD 788729814679
BAD 788729814683
BAD 788732220863
BAD 788739274027
BAD 788739274031
BAD 788739274033
BAD 788739319321
BAD 788739319331
BAD 788591965639
BAD 788591965649
BAD 788841908149
BAD 788843837003
BAD 788845716979
BAD 788867642149
BAD 788779925519
BAD 788855638033
BAD 788676752377
BAD 788682270227
BAD 788682400951
BAD 788685802447
BAD 788685802451
BAD 788878683529
BAD 788878683533
BAD 788822015213
BAD 788689223479
BAD 788883370537
BAD 788834142883
BAD 788834142893
BAD 788891464381
BAD 788838267769
BAD 788893732873
BAD 788901443599
BAD 788909122601
BAD 788913078353
BAD 788946203951
BAD 788963219843
BAD 788967359003
BAD 788969677487
BAD 788996690623
BAD 788999473351
BAD 788999473357
BAD 789006381259
BAD 789008156803
BAD 789009109183
BAD 789094028557
BAD 789094028561
BAD 789094028563
BAD 789094772437
BAD 789031708277
BAD 789035305013
BAD 788976261979
BAD 788978650351
BAD 788985571951
BAD 788989506763
BAD 788990588669
BAD 788990856527
BAD 788990856541
BAD 788991294503
BAD 789125689909
BAD 789125689921
BAD 789262758727
BAD 789262758731
BAD 789262758733
BAD 789015929881
BAD 789264870539
BAD 789264870547
BAD 789266554889
BAD 789266554891
BAD 789266554897
BAD 789266805827
BAD 789266805829
BAD 789022498687
BAD 789270628283
BAD 788929652327
BAD 788929993097
BAD 788929993099
BAD 788931166027
BAD 789275821819
BAD 788941651171
BAD 789298014443
BAD 789303030379
BAD 789304938293
BAD 789317611183
BAD 789322953493
BAD 789322953499
BAD 789149674897
BAD 789149674909
BAD 789326209807
BAD 789063291683
BAD 789064702927
BAD 789150599777
BAD 789150599779
BAD 789153079601
BAD 789068789473
BAD 789154276531
BAD 789081156067
BAD 789081156079
BAD 789081156089
BAD 789081156091
BAD 789156736369
BAD 789074181143
BAD 789074201023
BAD 789074201029
BAD 789074201039
BAD 789087380911
BAD 789130792111
BAD 789091244873
BAD 789366044783
BAD 789379014143
BAD 789369454343
BAD 789369454351
BAD 789371890459
BAD 789407136409
BAD 789409263767
BAD 789250583761
BAD 789250583767
BAD 789251855437
BAD 789253693289
BAD 789257173643
BAD 789164201257
BAD 789164201279
BAD 789164201281
BAD 789169473667
BAD 789169473671
BAD 789172202111
BAD 789173775977
BAD 789181727731
BAD 789191230057
BAD 789206041801
BAD 789206041807
BAD 789206041823
BAD 789206041829
BAD 789472672007
BAD 789472672013
BAD 789227614081
BAD 789413408279
BAD 789281127143
BAD 789419336633
BAD 789421315157
BAD 789421315159
BAD 789422790707
BAD 789424095323
BAD 789424885283
BAD 789424885289
BAD 789424885297
BAD 789428095013
BAD 789530310733
BAD 789429118913
BAD 789429723829
BAD 789542179927
BAD 789545160893
BAD 789564466877
BAD 789564466891
BAD 789568622551
BAD 789573661673
BAD 789574178719
BAD 789497228983
BAD 789497228987
BAD 789500075569
BAD 789508556899
BAD 789512611103
BAD 789449838559
BAD 789668213599
BAD 789650511077
BAD 789650511079
BAD 789687383917
BAD 789687383921
BAD 789687383923
BAD 789656021093
BAD 789693522353
BAD 789696339437
BAD 789696339457
BAD 789696339461
BAD 789696339463
BAD 789696339469
BAD 789730123759
BAD 789730411201
BAD 789514036943
BAD 789520644053
BAD 789520644061
BAD 789520644067
BAD 789999750031
BAD 789999750041
BAD 789526078667
BAD 789589092769
BAD 789546771623
BAD 789549697633
BAD 789555287603
BAD 789558037201
BAD 789600480679
BAD 789739096087
BAD 789740074667
BAD 789743469863
BAD 789743469871
BAD 789785560379
BAD 789785560381
BAD 789785560393
BAD 789788180431
BAD 789789631207
BAD 789793962803
BAD 789793962809
BAD 789793962829
BAD 789752997437
BAD 789752997443
BAD 789756987871
BAD 789856481441
BAD 789856481443
BAD 789492308543
BAD 789863282759
BAD 789706529933
BAD 789707264917
BAD 789710448151
BAD 789710448157
BAD 789710448161
BAD 789712245481
BAD 789896170199
BAD 789897050641
BAD 789807289577
BAD 789814322881
BAD 789917955527
BAD 789917955529
BAD 789917955569
BAD 789873378353
BAD 789972085393
BAD 789972085403
BAD 789984350899
BAD 789975164911
BAD 789875624311
BAD 789932318443
BAD 789932318447
BAD 789932318449
BAD 789979729619
BAD 789979729621
BAD 789988838987
BAD 789981747029
BAD 789877540747
BAD 789994095323
BAD 789879381449
BAD 789879381451
BAD 789996630827
BAD 789996630889
BAD 789996630953
BAD 789880808383
BAD 789950179771
BAD 789950556167
BAD 789950556169
BAD 789950556173
BAD 789956046079
BAD 789963657023
BAD 789963657031
BAD 789963657037
BAD 789963657053
BAD 789965631667
BAD 789819754909
BAD 789824346403
BAD 789828474443
BAD 789828821303
BAD 789837495143
BAD 789840306841
BAD 789908399389
BAD 789908399393
BAD 789846103307
BAD 789846103309
RANGE 780000000000 790000000000 PRIMES 365097387 BAD 1981
