BAD 900137008819
BAD 900146200973
BAD 900374210971
BAD 900377569477
BAD 900378907177
BAD 900273356153
BAD 900275150513
BAD 900167298307
BAD 900327338627
BAD 900327338629
BAD 900327338641
BAD 900386072689
BAD 900390039239
BAD 900256181579
BAD 900399136603
BAD 900399136607
BAD 900113997751
BAD 900035566891
BAD 900036379903
BAD 900036379909
BAD 900038437189
BAD 900176459573
BAD 900069338041
BAD 900069338057
BAD 900070313341
BAD 900004991471
BAD 900079618523
BAD 900361349663
BAD 900361349669
BAD 900296819143
BAD 900240685391
BAD 900127337653
BAD 900244125247
BAD 900301022149
BAD 900301650571
BAD 900245194699
BAD 900406106759
BAD 900415741531
BAD 900415741541
BAD 900424276093
BAD 900424276111
BAD 900229080931
BAD 900230583773
BAD 900311524139
BAD 900311524141
BAD 900087042797
BAD 900470125427
BAD 900473583019
BAD 900094406303
BAD 900097338193
BAD 900097338211
BAD 900441149353
BAD 900493877221
BAD 900504636961
BAD 900459030733
BAD 900505935331
BAD 900505935337
BAD 900507004853
BAD 900511237331
BAD 900511237333
BAD 900468845513
BAD 900469680443
BAD 900519871073
BAD 900617469137
BAD 900617469139
BAD 900543178411
BAD 900553943881
BAD 900757844743
BAD 900757844747
BAD 900761172137
BAD 900761172139
BAD 900846192611
BAD 900846192613
BAD 900846470999
BAD 900772863509
BAD 900772863511
BAD 900772863541
BAD 900764758921
BAD 900560549587
BAD 900851549483
BAD 900775403329
BAD 900894639419
BAD 900927761431
BAD 900929411071
BAD 900895157273
BAD 900874360117
BAD 900908105623
BAD 900564465589
BAD 900877568233
BAD 900877568243
BAD 900878257567
BAD 900878257571
BAD 900878257583
BAD 900591111619
BAD 900938410639
BAD 900938410643
BAD 900888038053
BAD 900922625891
BAD 900922625971
BAD 900867636377
BAD 900601259903
BAD 900722976017
BAD 900722976019
BAD 900675732269
BAD 900679849193
BAD 900688740001
BAD 900682694123
BAD 900683843603
BAD 900731532109
BAD 900643794781
BAD 900648898879
BAD 900623204839
BAD 900573898463
BAD 900634126193
BAD 900636668213
BAD 900636857077
BAD 900578886313
BAD 900583474369
BAD 900711262933
BAD 900792061619
BAD 900747027391
BAD 900747027407
BAD 900750556313
BAD 900798477983
BAD 900950645747
BAD 900952077139
BAD 900952749127
BAD 900965335729
BAD 900965335733
BAD 900965335741
BAD 900965335747
BAD 901057652947
BAD 901043954827
BAD 901045591949
BAD 901128812149
BAD 901071173971
BAD 901149161851
BAD 900980152673
BAD 901193871341
BAD 901193871343
BAD 901090626313
BAD 901197839573
BAD 901007612003
BAD 901008373513
BAD 901199734283
BAD 901199734291
BAD 901033072033
BAD 901020074077
BAD 901020074089
BAD 901020074099
BAD 900992547701
BAD 900992547703
BAD 901275393547
BAD 901275393569
BAD 901286944141
BAD 901288151353
BAD 901288151371
BAD 901288151389
BAD 901230386207
BAD 901243536997
BAD 901243537039
BAD 901243537043
BAD 901347273241
BAD 901348477669
BAD 901316329777
BAD 901261309813
BAD 901318661051
BAD 901297960009
BAD 901298869091
BAD 901223278237
BAD 901326687229
BAD 901340821103
BAD 901341126463
BAD 901341126473
BAD 901364135689
BAD 901420022123
BAD 901543832263
BAD 901543832269
BAD 901543832279
BAD 901547404421
BAD 901547404423
BAD 901549168423
BAD 901549168511
BAD 901401783589
BAD 901452172549
BAD 901494665363
BAD 901498759027
BAD 901511365679
BAD 901511365681
BAD 901511365687
BAD 901576621051
BAD 901516707787
BAD 901529293603
BAD 901522162987
BAD 901522748047
BAD 901426952563
BAD 901429886243
BAD 901477723831
BAD 901433055203
BAD 901433055233
BAD 901483308799
BAD 901483308809
BAD 901436504671
BAD 901436504677
BAD 901582061753
BAD 901591153163
BAD 901591899293
BAD 901593707501
BAD 901473715853
BAD 901474268713
BAD 901661346379
BAD 901612482713
BAD 901624256873
BAD 901695156413
BAD 901699676407
BAD 901699676419
BAD 901685702417
BAD 901685702419
BAD 901654514729
BAD 901654514731
BAD 901654514737
BAD 901718350609
BAD 901718350613
BAD 901718419087
BAD 901658786257
BAD 901723485823
BAD 901723485863
BAD 901726045189
BAD 901898120843
BAD 901929825061
BAD 901907569523
BAD 901929188851
BAD 901939905641
BAD 901774555757
BAD 902016449473
BAD 902025778447
BAD 901753896629
BAD 901753896649
BAD 901753896653
BAD 901788918973
BAD 901966304093
BAD 901966304119
BAD 901967628307
BAD 901967628311
BAD 901967628313
BAD 901970549813
BAD 901962817523
BAD 901798041743
BAD 901803754807
BAD 901811797643
BAD 901862679829
BAD 901864012261
BAD 901864183711
BAD 901864183813
BAD 901864183823
BAD 901868334293
BAD 901872832897
BAD 901876523237
BAD 901990103831
BAD 901997960713
BAD 902147860643
BAD 902148778513
BAD 902159947541
BAD 902161226893
BAD 902161226899
BAD 902161226909
BAD 902161226929
BAD 902107552459
BAD 902218910339
BAD 902218910347
BAD 902227630373
BAD 902147465897
BAD 902242455089
BAD 902252014309
BAD 902256873103
BAD 902032232561
BAD 902037169973
BAD 902184859453
BAD 902323955723
BAD 902323955737
BAD 902329562383
BAD 902329562389
BAD 902304043103
BAD 902056624283
BAD 902079444337
BAD 902344011991
BAD 902344727101
BAD 902345560819
BAD 902114230153
BAD 902091950731
BAD 902096456423
BAD 902198498119
BAD 902207012521
BAD 902208581851
BAD 902212061731
BAD 902521157359
BAD 902434389349
BAD 902472502303
BAD 902436124903
BAD 902438144297
BAD 902476574633
BAD 902448604483
BAD 902465580917
BAD 902483242117
BAD 902561333423
BAD 902561333497
BAD 902562451303
BAD 902562451313
BAD 902565916459
BAD 902422032137
BAD 902431502971
BAD 902385300169
BAD 902394006653
BAD 902652494767
BAD 902652494771
BAD 902652494773
BAD 902583959063
BAD 902660007107
BAD 902566918087
BAD 902577558319
BAD 902580626099
BAD 902669964199
BAD 902683770941
BAD 902683770943
BAD 902683770949
BAD 902607233621
BAD 902755541357
BAD 902757533417
BAD 902764496639
BAD 902764496659
BAD 902773633921
BAD 902773633933
BAD 902773633943
BAD 902782124183
BAD 902782124239
BAD 902782124243
BAD 902782124249
BAD 902618503177
BAD 902619373343
BAD 902624454679
BAD 902624454733
BAD 902624454779
BAD 902624598209
BAD 902785922669
BAD 902785922671
BAD 902795816243
BAD 902795816309
BAD 902795816311
BAD 902689588561
BAD 902697194857
BAD 902697194897
BAD 902727322919
BAD 902727322921
BAD 902712362711
BAD 902715371263
BAD 902802334141
BAD 902802334151
BAD 902802334153
BAD 902809276829
BAD 902815674823
BAD 902815674829
BAD 902815674833
BAD 902815674853
BAD 902815674857
BAD 902864604559
BAD 902864604563
BAD 902922358651
BAD 902823770369
BAD 902823770371
BAD 902823770383
BAD 902823770389
BAD 902933871353
BAD 902877221173
BAD 902957413313
BAD 902957413321
BAD 902961359761
BAD 902962201807
BAD 902963617117
BAD 902968113053
BAD 902968113059
BAD 902944335427
BAD 902944335431
BAD 902946783001
BAD 902980986031
BAD 902993323891
BAD 903137345713
BAD 903137345717
BAD 903130917487
BAD 903212631401
BAD 903212631403
BAD 903219250303
BAD 903219250309
BAD 903219250313
BAD 903219250357
BAD 903225968431
BAD 903226957337
BAD 903243136099
BAD 903244259531
BAD 903247938259
BAD 903247938269
BAD 903009696031
BAD 903009696037
BAD 903011992667
BAD 903011992669
BAD 903078552473
BAD 903107337661
BAD 903086777519
BAD 903086777521
BAD 903118840009
BAD 903098658283
BAD 903098658307
BAD 903306170983
BAD 903306170993
BAD 903321692597
BAD 903350785471
BAD 903161510131
BAD 903329747581
BAD 903329747597
BAD 903329747599
BAD 903329747603
BAD 903330966233
BAD 903332082773
BAD 903332639347
BAD 903333594979
BAD 903336819821
BAD 903172421513
BAD 903187030891
BAD 903187030897
BAD 903040299653
BAD 903040465007
BAD 903040465009
BAD 903042316157
BAD 903042316159
BAD 903051197537
BAD 903051462503
BAD 903051687961
BAD 903188326219
BAD 903188326237
BAD 903191912899
BAD 903195294979
BAD 903358080959
BAD 903199693177
BAD 903414455527
BAD 903203828633
BAD 903203828641
BAD 903421474199
BAD 903421474201
BAD 903473763649
BAD 903473763659
BAD 903427299743
BAD 903482733323
BAD 903460203829
BAD 903463410901
BAD 903463410911
BAD 903465367817
BAD 903465367823
BAD 903468792991
BAD 903391958113
BAD 903399378293
BAD 903405402541
BAD 903439862461
BAD 903551028629
BAD 903575780123
BAD 903713245891
BAD 903600946373
BAD 903600946379
BAD 903601527131
BAD 903601527149
BAD 903724113067
BAD 903570463463
BAD 903775109249
BAD 903780894721
BAD 903780894727
BAD 903780894739
BAD 903780894743
BAD 903780894773
BAD 903780894781
BAD 903780894811
BAD 903780894817
BAD 903816049351
BAD 903816049373
BAD 903820866041
BAD 903820866043
BAD 903886383949
BAD 903886383979
BAD 903899455973
BAD 903869400803
BAD 903872740879
BAD 903872740891
BAD 903838459481
BAD 903916224857
BAD 903760968457
BAD 903762802027
BAD 903762802031
BAD 903762802043
BAD 903936978031
BAD 903768515191
BAD 903750527893
BAD 903797685689
BAD 903805216463
BAD 903806828179
BAD 903724646647
BAD 903735337613
BAD 904004029993
BAD 904004029997
BAD 903982312463
BAD 904067504881
BAD 904054286183
BAD 904054286189
BAD 904055965643
BAD 904068831949
BAD 904095027991
BAD 904161230143
BAD 904161230149
BAD 904161230153
BAD 903943612553
BAD 904106458117
BAD 903946266809
BAD 904141380323
BAD 904142608927
BAD 904151317943
BAD 904160334173
BAD 903959233501
BAD 903959233511
BAD 904180649947
BAD 904180649951
BAD 904186433971
BAD 904186434001
BAD 904186434007
BAD 904213567289
BAD 904225877861
BAD 904225877879
BAD 904225877881
BAD 904014498941
BAD 904014498943
BAD 904028571769
BAD 904028571773
BAD 904029825683
BAD 904029825709
BAD 904016386423
BAD 904034271199
BAD 904039616869
BAD 904080331423
BAD 904082697677
BAD 904235421293
BAD 904405260307
BAD 904405260431
BAD 904406650811
BAD 904406650813
BAD 904282633291
BAD 904432830989
BAD 904453198577
BAD 904438266181
BAD 904439593139
BAD 904439593201
BAD 904456983959
BAD 904456983961
BAD 904456983973
BAD 904456983977
BAD 904456983979
BAD 904462451617
BAD 904462451621
BAD 904462451623
BAD 904477613639
BAD 904292176283
BAD 904530067669
BAD 904542766693
BAD 904308482911
BAD 904309473817
BAD 904346899993
BAD 904346900011
BAD 904358596657
BAD 904315639427
BAD 904315639429
BAD 904375186553
BAD 904319126891
BAD 904322335043
BAD 904584115553
BAD 904570519189
BAD 904579774471
BAD 904499742743
BAD 904503541313
BAD 904505869439
BAD 904505869441
BAD 904507707547
BAD 904614014033
BAD 904614014041
BAD 904619118331
BAD 904619941657
BAD 904626233243
BAD 904603815889
BAD 904603815923
BAD 904611536209
BAD 904673079223
BAD 904392600907
BAD 904394459933
BAD 904634266891
BAD 904634639333
BAD 904637011237
BAD 904681971839
BAD 904682082263
BAD 904685573903
BAD 904774166929
BAD 904648337507
BAD 904650356053
BAD 904650356069
BAD 904651711849
BAD 904651711853
BAD 904781701997
BAD 904746443089
BAD 904747489013
BAD 904811273939
BAD 904811273941
BAD 904798201457
BAD 904699141363
BAD 904703365271
BAD 904703365273
BAD 904703450647
BAD 904829210507
BAD 904708146337
BAD 904849317613
BAD 904867026031
BAD 904855949209
BAD 904871206879
BAD 904750538243
BAD 904753915159
BAD 904755420427
BAD 904757572393
BAD 904901681927
BAD 904842451259
BAD 904763072617
BAD 904912172611
BAD 904912172627
BAD 904918940153
BAD 904912172629
BAD 904933940429
BAD 904933940431
BAD 904889693989
BAD 905079485743
BAD 905082329813
BAD 905088772087
BAD 905093831029
BAD 905093831039
BAD 905155249657
BAD 905155435619
BAD 905155435631
BAD 905156967853
BAD 905013414637
BAD 905157856103
BAD 905159081329
BAD 905161223803
BAD 905163894731
BAD 905171671423
BAD 905194226837
BAD 905058322643
BAD 905033870963
BAD 905035369163
BAD 905234087323
BAD 905234087333
BAD 905040102469
BAD 905234327441
BAD 905371071877
BAD 905371071883
BAD 905371071887
BAD 905104227289
BAD 905377118839
BAD 905377118851
BAD 905114445511
BAD 905114445523
BAD 905048748511
BAD 905206373873
BAD 905206373893
BAD 905206373899
BAD 905209286963
BAD 905213786699
BAD 905213786731
BAD 905301739897
BAD 905302849021
BAD 905306033179
BAD 905326267073
BAD 905328219151
BAD 905329104707
BAD 905329104709
BAD 905275552043
BAD 905289892313
BAD 905277073913
BAD 905293352179
BAD 905295080959
BAD 905295580549
BAD 905298185741
BAD 905403570991
BAD 905403571003
BAD 905405384239
BAD 905405384243
BAD 905405384263
BAD 905405384347
BAD 905405384357
BAD 905284756157
BAD 905406785233
BAD 905409840173
BAD 905411978543
BAD 905264954417
BAD 905267971849
BAD 905460728401
BAD 905386924943
BAD 905386924963
BAD 905538362821
BAD 905488619747
BAD 905477201581
BAD 905528940023
BAD 905528940031
BAD 905545654891
BAD 905545815379
BAD 905533989259
BAD 905482055581
BAD 905556432427
BAD 905565547603
BAD 905565547613
BAD 905566426811
BAD 905566426813
BAD 905435914231
BAD 905435914237
BAD 905435914241
BAD 905441184163
BAD 905441184169
BAD 905442284647
BAD 905445615259
BAD 905593091917
BAD 905614304957
BAD 905600103539
BAD 905600103547
BAD 905573924939
BAD 905577677749
BAD 905657334019
BAD 905663739697
BAD 905665809133
BAD 905855777707
BAD 905855777713
BAD 905876477089
BAD 905876477123
BAD 905861286053
BAD 905871520717
BAD 905849683513
BAD 905789536801
BAD 905794950527
BAD 905854746917
BAD 905796019333
BAD 905634129427
BAD 905798621153
BAD 905635389067
BAD 905801756023
BAD 905816295961
BAD 905704997849
BAD 905704997851
BAD 905706489041
BAD 905990347403
BAD 905990347411
BAD 905710657997
BAD 905994123193
BAD 905988796133
BAD 905998233037
BAD 906000064609
BAD 905716789099
BAD 905924292341
BAD 905924292389
BAD 905937295663
BAD 905937295667
BAD 905916329887
BAD 905921847113
BAD 906013195211
BAD 906016749887
BAD 905758928033
BAD 905758928083
BAD 905889795823
BAD 905892281821
BAD 905766784031
BAD 905895458207
BAD 905895458233
BAD 905897036131
BAD 905963548771
BAD 905964155647
BAD 905786404073
BAD 905786737657
BAD 905786737663
BAD 905939173091
BAD 905939173093
BAD 906156523193
BAD 906084561797
BAD 906084561799
BAD 906084561803
BAD 906134806453
BAD 906134806483
BAD 906138048019
BAD 906072278893
BAD 906101086993
BAD 906217233323
BAD 906034756853
BAD 906108064913
BAD 906166474597
BAD 906171588737
BAD 906318214133
BAD 906320721773
BAD 906323030863
BAD 906323430601
BAD 906323430619
BAD 906324730109
BAD 906324730111
BAD 906467621239
BAD 906507263603
BAD 906507919309
BAD 906425854261
BAD 906425854267
BAD 906434142673
BAD 906437962357
BAD 906483143633
BAD 906492149443
BAD 906492348059
BAD 906492348061
BAD 906266901187
BAD 906266901191
BAD 906266901193
BAD 906271924889
BAD 906271924891
BAD 906272159803
BAD 906228510589
BAD 906228510601
BAD 906305591281
BAD 906510382577
BAD 906510382579
BAD 906536876471
BAD 906536876473
BAD 906517705679
BAD 906520805569
BAD 906522453703
BAD 906276339841
BAD 906248025041
BAD 906248025049
BAD 906286474997
BAD 906286474999
BAD 906287013953
BAD 906287013959
BAD 906288208027
BAD 906384511229
BAD 906394945711
BAD 906610564813
BAD 906343343561
BAD 906343343573
BAD 906616596133
BAD 906399745267
BAD 906401124227
BAD 906401124229
BAD 906339034933
BAD 906350312281
BAD 906403919207
BAD 906403919209
BAD 906354311251
BAD 906549214189
BAD 906553339949
BAD 906553339957
BAD 906694188823
BAD 906694534133
BAD 906665111567
BAD 906721917473
BAD 906559659053
BAD 906632038157
BAD 906634717067
BAD 906634717069
BAD 906634717073
BAD 906634717081
BAD 906635469503
BAD 906635651681
BAD 906635651683
BAD 906635651687
BAD 906637672573
BAD 906639698687
BAD 906639698689
BAD 906639698693
BAD 906586653937
BAD 906586831763
BAD 906589170679
BAD 906589170691
BAD 906609370253
BAD 906561146053
BAD 906561146059
BAD 906566329037
BAD 906572205439
BAD 906572205443
BAD 906572420329
BAD 906572420333
BAD 906750391793
BAD 906750391801
BAD 906756292627
BAD 906683972209
BAD 906683972213
BAD 906803787203
BAD 906803787229
BAD 906763496209
BAD 906769702231
BAD 906897327601
BAD 906772186261
BAD 906899424149
BAD 906778799473
BAD 906778799497
BAD 906778799501
BAD 906785214443
BAD 906785214451
BAD 906964423591
BAD 906791517301
BAD 907047327257
BAD 907047327259
BAD 906974237899
BAD 907013586653
BAD 906811958029
BAD 907062928921
BAD 907026621383
BAD 906817909489
BAD 906817909493
BAD 906819502669
BAD 907035810181
BAD 907036278923
BAD 907036278931
BAD 907006469693
BAD 907038365231
BAD 907008897083
BAD 907009170721
BAD 906845623861
BAD 906848573363
BAD 906860234569
BAD 906867748123
BAD 907118877703
BAD 907121468699
BAD 907127611241
BAD 906940743487
BAD 906940743491
BAD 907129348843
BAD 906940743493
BAD 907129348847
BAD 907129348849
BAD 906884114303
BAD 906888805411
BAD 906890164729
BAD 907167362753
BAD 906916758529
BAD 906916758533
BAD 906918841589
BAD 906918841613
BAD 906919272811
BAD 907176681421
BAD 907178907823
BAD 907178907841
BAD 907199152679
BAD 907199152681
BAD 907074162719
BAD 907074162721
BAD 907079125993
BAD 907094799553
BAD 907301024353
BAD 907301180521
BAD 907307332553
BAD 907307742181
BAD 907250924779
BAD 907250924791
BAD 907252428169
BAD 907254540079
BAD 907254540083
BAD 907254540103
BAD 907254540121
BAD 907254540167
BAD 907254540169
BAD 907277861461
BAD 907279155691
BAD 907279457741
BAD 907279457743
BAD 907286965369
BAD 907149174403
BAD 907149761293
BAD 907149761299
BAD 907157536693
BAD 907157536699
BAD 907157808259
BAD 907157808353
BAD 907227256433
BAD 907227256447
BAD 907351297007
BAD 907351297009
BAD 907351297033
BAD 907351297057
BAD 907351297063
BAD 907476557263
BAD 907478765131
BAD 907482219619
BAD 907399727093
BAD 907399727123
BAD 907410000257
BAD 907392628633
BAD 907398387523
BAD 907515097171
BAD 907518018499
BAD 907520267149
BAD 907440646927
BAD 907443384823
BAD 907636426139
BAD 907636426163
BAD 907602594193
BAD 907603601603
BAD 907604251457
BAD 907604251459
BAD 907604251493
BAD 907590665131
BAD 907644393769
BAD 907644393787
BAD 907644393791
BAD 907644393793
BAD 907593556253
BAD 907646630993
BAD 907614884881
BAD 907614884887
BAD 907614884893
BAD 907655672071
BAD 907665522389
BAD 907665522391
BAD 907665522397
BAD 907553427889
BAD 907490842757
BAD 907490842759
BAD 907490842763
BAD 907837216051
BAD 907776197947
BAD 907826122913
BAD 907831953113
BAD 907752867523
BAD 907763135693
BAD 907765167823
BAD 907808899981
BAD 907808899999
BAD 907808900003
BAD 907766464621
BAD 907814857171
BAD 907814857177
BAD 907573774139
BAD 907574735033
BAD 907574956823
BAD 907817804903
BAD 907685463121
BAD 907578988123
BAD 907861214551
BAD 907863757183
BAD 907868329343
BAD 907736990143
BAD 907739843797
BAD 907739843837
BAD 907739843839
BAD 907742456903
BAD 907922085443
BAD 907933609321
BAD 907885335859
BAD 907933987249
BAD 907933987253
BAD 907944186647
BAD 907944186649
BAD 907905942599
BAD 907948305211
BAD 907948305223
BAD 907948305227
BAD 907916949637
BAD 907675083421
BAD 907678359793
BAD 907678359803
BAD 907678359901
BAD 907972611391
BAD 907981022639
BAD 908055705559
BAD 908055705563
BAD 908080683487
BAD 907884989581
BAD 908091768593
BAD 908095690573
BAD 908095690577
BAD 908000802581
BAD 908126643631
BAD 908132467877
BAD 908132467883
BAD 908132467897
BAD 908132467903
BAD 908134651133
BAD 908134651891
BAD 908139565981
BAD 908328171481
BAD 908288699293
BAD 908290260743
BAD 908150972411
BAD 908150972413
BAD 908150972483
BAD 908150972489
BAD 908331751651
BAD 908309689759
BAD 908294409481
BAD 908336023681
BAD 908336023687
BAD 908313818063
BAD 908300399581
BAD 908042870131
BAD 908171201779
BAD 908160188347
BAD 908160188371
BAD 908160188381
BAD 908183157071
BAD 908183157073
BAD 908407953773
BAD 908185915673
BAD 908186890621
BAD 908418022163
BAD 908393624363
BAD 908404075517
BAD 908404075519
BAD 908404339291
BAD 908404339309
BAD 908404339313
BAD 908404339321
BAD 908216091763
BAD 908367239209
BAD 908369090389
BAD 908369090393
BAD 908369090399
BAD 908369090401
BAD 908345777653
BAD 908345964277
BAD 908352270571
BAD 908352270577
BAD 908352815093
BAD 908225359973
BAD 908225359981
BAD 908456520199
BAD 908465281813
BAD 908373895621
BAD 908423053739
BAD 908424995683
BAD 908495703001
BAD 908497782791
BAD 908497782793
BAD 908573912033
BAD 908555549203
BAD 908589847381
BAD 908529403979
BAD 908529403981
BAD 908530737473
BAD 908659967273
BAD 908668129981
BAD 908624843911
BAD 908628070477
BAD 908628070481
BAD 908606053231
BAD 908629470533
BAD 908715652763
BAD 908718318173
BAD 908633538559
BAD 908730731773
BAD 908646124433
BAD 908769162421
BAD 908769162437
BAD 908769338951
BAD 908695190009
BAD 908770579477
BAD 908698930523
BAD 908474608583
BAD 908474608609
BAD 908478224293
BAD 908478224323
BAD 908827646053
BAD 908828123257
BAD 908610386731
BAD 908618027087
BAD 908814974519
BAD 908823348361
BAD 908823348373
BAD 908793389899
BAD 908798056703
BAD 908798056729
BAD 908799798149
BAD 908854149139
BAD 908854149143
BAD 908856419677
BAD 908805401341
BAD 908805569239
BAD 908881524311
BAD 908872759153
BAD 908910634613
BAD 908975336141
BAD 908919893353
BAD 908905905631
BAD 908922336271
BAD 908980526863
BAD 908987684323
BAD 908987684327
BAD 908987684329
BAD 909013268227
BAD 909013268231
BAD 909013268237
BAD 909020984413
BAD 909078950743
BAD 909078950753
BAD 909078950761
BAD 909079168807
BAD 909088619213
BAD 908950812751
BAD 908957710447
BAD 909114685579
BAD 909114835171
BAD 909126464683
BAD 909103439291
BAD 909103439323
BAD 909103439327
BAD 909103439329
BAD 909103439333
BAD 909068904739
BAD 909068904743
BAD 909069190411
BAD 909069190417
BAD 909069190429
BAD 909069190433
BAD 909211762493
BAD 909226050793
BAD 909131433383
BAD 909131433391
BAD 909131433401
BAD 909131433403
BAD 909267145403
BAD 909269233157
BAD 909179378153
BAD 909192142073
BAD 909195522293
BAD 909196678189
BAD 909196678199
BAD 909198494569
BAD 909198494573
BAD 909299421323
BAD 909348006001
BAD 909349219277
BAD 909349219279
BAD 909349219283
BAD 909330032179
BAD 909330032183
BAD 909355718923
BAD 909355718927
BAD 909358339517
BAD 909358928609
BAD 909360517679
BAD 909387137951
BAD 909387137963
BAD 909389342993
BAD 909344190661
BAD 909396181657
BAD 909251544367
BAD 909256457299
BAD 909501832639
BAD 909450774377
BAD 909548813333
BAD 909548813339
BAD 909548813347
BAD 909548813351
BAD 909550920023
BAD 909550920043
BAD 909474902813
BAD 909520561591
BAD 909533557771
BAD 909285855061
BAD 909285855067
BAD 909287804783
BAD 909287804813
BAD 909290247641
BAD 909290247653
BAD 909233274613
BAD 909233401387
BAD 909236906219
BAD 909236956367
BAD 909237823733
BAD 909590218351
BAD 909596027243
BAD 909431732827
BAD 909441298489
BAD 909445501691
BAD 909445501693
BAD 909445501697
BAD 909445501703
BAD 909618698803
BAD 909618698819
BAD 909618698873
BAD 909621957271
BAD 909628197721
BAD 909566999113
BAD 909566999119
BAD 909575459119
BAD 909600913163
BAD 909600913183
BAD 909579682831
BAD 909605936719
BAD 909608005651
BAD 909608005673
BAD 909609640447
BAD 909609640453
BAD 909658095029
BAD 909658095037
BAD 909658095041
BAD 909658095043
BAD 909703031971
BAD 909712132013
BAD 909675321011
BAD 909675321013
BAD 909753122717
BAD 909753122723
BAD 909753122749
BAD 909753122753
BAD 909757691587
BAD 909679498829
BAD 909679498831
BAD 909679498841
BAD 909724085453
BAD 909729028939
BAD 909856450213
BAD 909683774941
BAD 909683774963
BAD 909956115931
BAD 909695098601
BAD 909695098603
BAD 909769113769
BAD 909646640143
BAD 909646640153
BAD 909646640159
BAD 909836808473
BAD 909817786259
BAD 909795264799
BAD 909909118411
BAD 909826069081
BAD 909826069091
BAD 909826069093
BAD 909889232983
BAD 909807196897
BAD 909974294491
BAD 909974294497
BAD 909978266863
BAD 909923732251
BAD 909923732257
BAD 909923732261
BAD 909941332571
BAD 909943803619
BAD 909943803623
RANGE 900000000000 910000000000 PRIMES 363228814 BAD 1346
