BAD 740034785887
BAD 740045398307
BAD 740045398321
BAD 740151051889
BAD 740152406443
BAD 740323635083
BAD 740353291087
BAD 740068578883
BAD 740331846413
BAD 740164751617
BAD 740077492621
BAD 740078761043
BAD 740285613863
BAD 740365175881
BAD 740125623053
BAD 740237835979
BAD 740237835983
BAD 740238838127
BAD 740081719123
BAD 740241715417
BAD 740132140807
BAD 740132773381
BAD 740133557089
BAD 740101422043
BAD 740295965029
BAD 740295965033
BAD 740250930721
BAD 740251357213
BAD 740299301113
BAD 740299301117
BAD 740299301123
BAD 740273138351
BAD 740299301153
BAD 740109689183
BAD 740258775623
BAD 740279273317
BAD 740279333929
BAD 740116194383
BAD 740281176143
BAD 740264815051
BAD 740281953337
BAD 740052916543
BAD 740061113293
BAD 740061113299
BAD 740061113303
BAD 740139869191
BAD 740139869197
BAD 740139869201
BAD 740170598707
BAD 740085129211
BAD 740176585381
BAD 740177692493
BAD 740090063263
BAD 740090063269
BAD 740090441843
BAD 740090441869
BAD 740090441873
BAD 740091508159
BAD 740180913623
BAD 740180913671
BAD 740180913691
BAD 740095321039
BAD 740100365051
BAD 740100365063
BAD 740100365077
BAD 740376466429
BAD 740376466439
BAD 740376466441
BAD 740384345093
BAD 740192653411
BAD 740210158463
BAD 740001545929
BAD 740001545939
BAD 740345169581
BAD 740006809057
BAD 740006809063
BAD 740232801991
BAD 740013237673
BAD 740233555669
BAD 740234812637
BAD 740022841111
BAD 740023993571
BAD 740023993573
BAD 740025258293
BAD 740027406373
BAD 740507063173
BAD 740447030207
BAD 740447030209
BAD 740523803797
BAD 740527287893
BAD 740516952559
BAD 740516952653
BAD 740516952661
BAD 740516952667
BAD 740518155799
BAD 740518155803
BAD 740456734489
BAD 740533871771
BAD 740533871773
BAD 740460564743
BAD 740685288293
BAD 740576367877
BAD 740580356833
BAD 740580356837
BAD 740467008199
BAD 740602845487
BAD 740602845509
BAD 740602845511
BAD 740487634577
BAD 740487634583
BAD 740487634589
BAD 740487634591
BAD 740487634597
BAD 740467434151
BAD 740469231133
BAD 740469643621
BAD 740497281721
BAD 740634361829
BAD 740471532089
BAD 740471532091
BAD 740471659339
BAD 740476760743
BAD 740478131311
BAD 740725477879
BAD 740725725809
BAD 740725725811
BAD 740725867883
BAD 740727595757
BAD 740610058313
BAD 740610058351
BAD 740614839317
BAD 740616005429
BAD 740616005431
BAD 740658607207
BAD 740661293447
BAD 740661293453
BAD 740648057519
BAD 740648057521
BAD 740555906491
BAD 740669659063
BAD 740670360893
BAD 740406087229
BAD 740708301217
BAD 740743437829
BAD 740410975061
BAD 740410975063
BAD 740410975067
BAD 740410975069
BAD 740416375717
BAD 740711847877
BAD 740689692403
BAD 740689692409
BAD 740689692451
BAD 740716432241
BAD 740716432243
BAD 740716432249
BAD 740696120111
BAD 740696120113
BAD 740702771587
BAD 740797124863
BAD 740797124867
BAD 740797124869
BAD 740800630313
BAD 740802443299
BAD 740775631913
BAD 740783430769
BAD 740787860543
BAD 740769611363
BAD 740812919839
BAD 740815996819
BAD 740815996831
BAD 740943387031
BAD 740944368011
BAD 740944368013
BAD 740947050163
BAD 740947050167
BAD 740947050169
BAD 740856476923
BAD 740856476947
BAD 740952227971
BAD 740829146749
BAD 740829146753
BAD 740830252483
BAD 740860946363
BAD 740833852069
BAD 740918589611
BAD 740837166109
BAD 740866301603
BAD 740869870837
BAD 740925600707
BAD 740931385849
BAD 741204801587
BAD 741204801593
BAD 740938883071
BAD 740890534081
BAD 741043384033
BAD 741044249719
BAD 740894762459
BAD 741051602663
BAD 740900101703
BAD 740900101709
BAD 740900101717
BAD 740903396803
BAD 740876766983
BAD 740883690473
BAD 740883921373
BAD 740883921377
BAD 740974346999
BAD 741023846317
BAD 740984234233
BAD 740957532299
BAD 741039974431
BAD 741057085771
BAD 740963589013
BAD 740963717911
BAD 740963717917
BAD 740968955093
BAD 741063514459
BAD 741063514523
BAD 741063673543
BAD 741064981253
BAD 740998284619
BAD 740998585627
BAD 740998585631
BAD 741003424033
BAD 741003424037
BAD 741003424039
BAD 741003424043
BAD 741003512749
BAD 741073450223
BAD 741141478013
BAD 741008140583
BAD 741090693269
BAD 741090693271
BAD 741109305983
BAD 741011911823
BAD 741112777987
BAD 741112777991
BAD 741103523581
BAD 741117898639
BAD 741117898643
BAD 741023004613
BAD 741160538021
BAD 741160538023
BAD 741216241789
BAD 741164155219
BAD 741164155223
BAD 741124922053
BAD 741124922071
BAD 741218138911
BAD 741128309899
BAD 741128309903
BAD 741128309927
BAD 741171054601
BAD 741186234829
BAD 741129588781
BAD 741129922349
BAD 741129922363
BAD 741131160331
BAD 741082178987
BAD 741173052593
BAD 741084133649
BAD 741084133651
BAD 741087219751
BAD 741087838651
BAD 741090347047
BAD 741138467627
BAD 741139365313
BAD 741139365319
BAD 741258822067
BAD 741264491147
BAD 741225184969
BAD 741268979987
BAD 741268979989
BAD 741268979993
BAD 741268980007
BAD 741268980013
BAD 741232515091
BAD 741232515097
BAD 741232515113
BAD 741232515139
BAD 741232515143
BAD 741232515151
BAD 741234359233
BAD 741238552633
BAD 741275946473
BAD 741275946479
BAD 741276975911
BAD 741276975937
BAD 741276975941
BAD 741281083801
BAD 741288568991
BAD 741288825481
BAD 741316160447
BAD 741328706341
BAD 741302995597
BAD 741324135733
BAD 741324135743
BAD 741308563561
BAD 741337257803
BAD 741365075131
BAD 741369713179
BAD 741370952989
BAD 741372292621
BAD 741372292627
BAD 741344035997
BAD 741344485897
BAD 741375339631
BAD 741346794079
BAD 741346794091
BAD 741355794299
BAD 741355794301
BAD 741444083357
BAD 741449193743
BAD 741454371043
BAD 741454371067
BAD 741383778307
BAD 741386401471
BAD 741386401477
BAD 741387052027
BAD 741387052031
BAD 741459724177
BAD 741459724183
BAD 741411858833
BAD 741464714281
BAD 741469013303
BAD 741399059419
BAD 741399059507
BAD 741403567081
BAD 741543933071
BAD 741553480321
BAD 741553480333
BAD 741563744851
BAD 741569038591
BAD 741570245263
BAD 741570245267
BAD 741532120673
BAD 741510515309
BAD 741510515311
BAD 741510515321
BAD 741579891617
BAD 741579891623
BAD 741581700953
BAD 741518842913
BAD 741518842919
BAD 741518842921
BAD 741611727601
BAD 741519479089
BAD 741519479093
BAD 741519479101
BAD 741629435303
BAD 741521870293
BAD 741521870303
BAD 741521870311
BAD 741521870317
BAD 741601102399
BAD 741615358333
BAD 741522837863
BAD 741631575511
BAD 741587528629
BAD 741587528639
BAD 741587528641
BAD 741525866881
BAD 741589687747
BAD 741620641513
BAD 741634758511
BAD 741606577099
BAD 741622369291
BAD 741636193003
BAD 741636193007
BAD 741623851211
BAD 741664763761
BAD 741664763767
BAD 741641071631
BAD 741668650039
BAD 741668650043
BAD 741668650049
BAD 741651604423
BAD 741651604427
BAD 741679534789
BAD 741683684701
BAD 741656705971
BAD 741699486677
BAD 741733964143
BAD 741702790693
BAD 741702790711
BAD 741703582783
BAD 741703582793
BAD 741703582799
BAD 741707305303
BAD 741765568003
BAD 741765568009
BAD 741765568013
BAD 741766441277
BAD 741766441279
BAD 741766441337
BAD 741768954811
BAD 741781244291
BAD 741781244293
BAD 741781244389
BAD 741781244401
BAD 741791811421
BAD 741791811427
BAD 741792804299
BAD 741792804301
BAD 741758347277
BAD 741759373427
BAD 741759373429
BAD 741864431663
BAD 741869081453
BAD 741869153821
BAD 741874813091
BAD 741874813093
BAD 741817149803
BAD 741846087401
BAD 741846087403
BAD 741846087407
BAD 741804277441
BAD 741850743317
BAD 741810410927
BAD 741852851203
BAD 741852902137
BAD 741855898591
BAD 741855898603
BAD 741834960877
BAD 741840524927
BAD 741841478813
BAD 741880599293
BAD 741891101227
BAD 741893015317
BAD 741894349159
BAD 741946963741
BAD 741946963757
BAD 741946963759
BAD 741946963763
BAD 741957682957
BAD 741962373391
BAD 741924602723
BAD 741925138993
BAD 741897527881
BAD 741935207033
BAD 741935250337
BAD 741938441929
BAD 742065782771
BAD 742066820933
BAD 741908707829
BAD 741908707831
BAD 742072497277
BAD 742072497289
BAD 742072497293
BAD 742014628183
BAD 742016482429
BAD 742016567063
BAD 741970047619
BAD 742022567281
BAD 741974741243
BAD 741975060919
BAD 742028170867
BAD 742030653229
BAD 742164399983
BAD 742167028349
BAD 742167028381
BAD 742035843511
BAD 742173524033
BAD 742115634863
BAD 742117634779
BAD 742050291817
BAD 742135899377
BAD 742138994761
BAD 742059721211
BAD 742141062763
BAD 742060014911
BAD 742099889603
BAD 742061629219
BAD 742061629223
BAD 742063420369
BAD 742105126253
BAD 742255874023
BAD 742107304727
BAD 742107304733
BAD 742107799561
BAD 742111053059
BAD 742262789479
BAD 742215237979
BAD 742215237983
BAD 742266540199
BAD 742274704219
BAD 742274704231
BAD 742285159877
BAD 742285159879
BAD 742285586599
BAD 742287087263
BAD 742288597121
BAD 742288967699
BAD 742288967701
BAD 742295484739
BAD 742295484751
BAD 742229397061
BAD 742204188991
BAD 742242932749
BAD 742244157779
BAD 742150820503
BAD 742150820507
BAD 742150820513
BAD 742182374671
BAD 742211915957
BAD 742211915959
BAD 742212854363
BAD 742212854381
BAD 742212854389
BAD 742213134529
BAD 742154829121
BAD 742157191063
BAD 742192292911
BAD 742192292917
BAD 742195639453
BAD 742317694423
BAD 742317694429
BAD 742305147223
BAD 742331670439
BAD 742314400229
BAD 742366406501
BAD 742366406503
BAD 742366406513
BAD 742351211347
BAD 742351987081
BAD 742341245299
BAD 742341245311
BAD 742401929473
BAD 742402695809
BAD 742402695823
BAD 742403415709
BAD 742403415713
BAD 742396909783
BAD 742347533453
BAD 742407394711
BAD 742347795197
BAD 742409128697
BAD 742449828413
BAD 742455356659
BAD 742455356677
BAD 742440480181
BAD 742464216803
BAD 742522634899
BAD 742447559069
BAD 742502875879
BAD 742422942127
BAD 742422942133
BAD 742422942137
BAD 742422942139
BAD 742422942143
BAD 742422942169
BAD 742422942181
BAD 742495213651
BAD 742577421083
BAD 742554705601
BAD 742554705617
BAD 742554705619
BAD 742583199937
BAD 742563046493
BAD 742566500111
BAD 742566500113
BAD 742566500119
BAD 742605588737
BAD 742467797053
BAD 742467797059
BAD 742533585203
BAD 742471221229
BAD 742535722451
BAD 742535722477
BAD 742535722483
BAD 742535722493
BAD 742535722499
BAD 742535722501
BAD 742535722507
BAD 742543226363
BAD 742638348037
BAD 742639967899
BAD 742639967903
BAD 742670164399
BAD 742673914819
BAD 742587456497
BAD 742592741857
BAD 742687733171
BAD 742687733173
BAD 742687733191
BAD 742629491423
BAD 742629491431
BAD 742631599909
BAD 742697492111
BAD 742697492203
BAD 742697492213
BAD 742699708339
BAD 742700704787
BAD 742700704789
BAD 742720597757
BAD 742721486359
BAD 742729774681
BAD 742729774693
BAD 742732654109
BAD 742738580557
BAD 742742470343
BAD 742807652963
BAD 742812215029
BAD 742712278067
BAD 742885740241
BAD 742885847453
BAD 742887321511
BAD 742846999757
BAD 742846999759
BAD 742910053777
BAD 742850751131
BAD 742850751133
BAD 742850751143
BAD 742914438619
BAD 742914438631
BAD 742894690949
BAD 742918262017
BAD 742900478041
BAD 742900478051
BAD 742900478053
BAD 742964769103
BAD 742964769109
BAD 742965186181
BAD 742965186199
BAD 742965186203
BAD 743058463801
BAD 743067150971
BAD 743072788609
BAD 743074373071
BAD 743074373081
BAD 743074373101
BAD 742991843329
BAD 743014931377
BAD 743016480001
BAD 743079659227
BAD 742787884261
BAD 742997792671
BAD 742972472551
BAD 742790195149
BAD 742790195153
BAD 743089868707
BAD 742976667317
BAD 742976667319
BAD 742791907163
BAD 743041878323
BAD 743042015719
BAD 743042877799
BAD 743042877803
BAD 742853356771
BAD 742853356781
BAD 742856999419
BAD 742862304313
BAD 742870176241
BAD 742864075999
BAD 742753222751
BAD 742753222753
BAD 742753222759
BAD 742872654967
BAD 742761370499
BAD 742761503719
BAD 742761503723
BAD 742882931299
BAD 742931884663
BAD 742933424041
BAD 743108068907
BAD 743108068909
BAD 743108068921
BAD 743114324191
BAD 743130378103
BAD 743149308547
BAD 743134249709
BAD 743178080753
BAD 743178418709
BAD 743178418711
BAD 743182735289
BAD 743198365409
BAD 743198365411
BAD 743198365423
BAD 743199190313
BAD 743199190319
BAD 743199190333
BAD 743199190337
BAD 743203275827
BAD 743226206329
BAD 743207188891
BAD 743230718003
BAD 743214180277
BAD 743215503703
BAD 743232913651
BAD 743235650093
BAD 743235650099
BAD 743235650117
BAD 743235650119
BAD 743235650123
BAD 743272774763
BAD 743278840321
BAD 743154964471
BAD 743164026277
BAD 743164389349
BAD 743261814697
BAD 743240799823
BAD 743290233611
BAD 743290233613
BAD 743290531229
BAD 743290531231
BAD 743291259259
BAD 743473214153
BAD 743473673809
BAD 743465332319
BAD 743465332321
BAD 743465332343
BAD 743486137921
BAD 743304444991
BAD 743305021729
BAD 743488668907
BAD 743325170059
BAD 743327329609
BAD 743529101467
BAD 743327683081
BAD 743422041653
BAD 743508793147
BAD 743508793151
BAD 743531362073
BAD 743531362129
BAD 743306145931
BAD 743513370583
BAD 743514352883
BAD 743309424323
BAD 743333408689
BAD 743517894787
BAD 743311071121
BAD 743334160537
BAD 743519342063
BAD 743312629313
BAD 743312629337
BAD 743313232561
BAD 743313232579
BAD 743548819067
BAD 743422803313
BAD 743379179533
BAD 743380984403
BAD 743425649017
BAD 743345995501
BAD 743498230243
BAD 743498365583
BAD 743498365591
BAD 743438807653
BAD 743442632021
BAD 743442632047
BAD 743450884039
BAD 743450884051
BAD 743574796949
BAD 743574796957
BAD 743574796973
BAD 743574796981
BAD 743561592989
BAD 743563380121
BAD 743579456443
BAD 743566552483
BAD 743582237197
BAD 743570783411
BAD 743584156727
BAD 743612088523
BAD 743612088529
BAD 743618474419
BAD 743598517253
BAD 743629447471
BAD 743641108411
BAD 743645487511
BAD 743649865921
BAD 743861731819
BAD 743978835683
BAD 743978835689
BAD 743870103533
BAD 743979740953
BAD 743984298703
BAD 743984696083
BAD 743984696087
BAD 743961376069
BAD 743961376073
BAD 743961827839
BAD 744013098259
BAD 743963503643
BAD 743667604129
BAD 743667604133
BAD 743667604187
BAD 743667604189
BAD 743989669277
BAD 743989669279
BAD 744019184827
BAD 743969354153
BAD 743973498979
BAD 744025243361
BAD 743779470151
BAD 743779670681
BAD 743783275393
BAD 743783275397
BAD 743783275399
BAD 743994617677
BAD 744003547321
BAD 744003547327
BAD 744028507217
BAD 744032917261
BAD 743832201829
BAD 744037925899
BAD 744037925909
BAD 744038247859
BAD 744038247863
BAD 743875695061
BAD 743842296343
BAD 743761189063
BAD 743761367551
BAD 743843106913
BAD 743843106931
BAD 743798514233
BAD 743798950799
BAD 743798950801
BAD 743798950813
BAD 743881256149
BAD 743766873389
BAD 743766873391
BAD 743766873403
BAD 743766873407
BAD 743766873413
BAD 743742155509
BAD 743742155521
BAD 743887468663
BAD 743887468669
BAD 743803790831
BAD 743807012783
BAD 743807012833
BAD 743856119663
BAD 743927066251
BAD 743938289249
BAD 743938289251
BAD 743896370611
BAD 743896370617
BAD 743898929327
BAD 743905090657
BAD 743905090661
BAD 743729523217
BAD 743729523227
BAD 743730795583
BAD 743734089193
BAD 743734089199
BAD 743736355619
BAD 743714121259
BAD 743714121263
BAD 743682772099
BAD 743682772103
BAD 743917216253
BAD 743917216351
BAD 743925484937
BAD 743819823793
BAD 744058477609
BAD 744068353607
BAD 744122620783
BAD 744145590917
BAD 744145590919
BAD 744145862641
BAD 744147152083
BAD 744147152093
BAD 744148002847
BAD 744150039151
BAD 744151755973
BAD 744151756039
BAD 744131088013
BAD 744160703987
BAD 744160703989
BAD 744173003957
BAD 744138316381
BAD 744139465039
BAD 744182583101
BAD 744095136173
BAD 744095584753
BAD 744095896493
BAD 744101066707
BAD 744102485761
BAD 744106553279
BAD 744196331149
BAD 744196331173
BAD 744201975403
BAD 744201975409
BAD 744203570441
BAD 744203570443
BAD 744207899551
BAD 744207899557
BAD 744246099871
BAD 744246231931
BAD 744316546703
BAD 744300082327
BAD 744300082333
BAD 744300082343
BAD 744228009703
BAD 744228009709
BAD 744228009713
BAD 744331317593
BAD 744324082223
BAD 744325141837
BAD 744233700409
BAD 744241765261
BAD 744407353631
BAD 744407353633
BAD 744270748073
BAD 744272681539
BAD 744276703321
BAD 744276703327
BAD 744276703343
BAD 744441409913
BAD 744441409937
BAD 744441409939
BAD 744442701083
BAD 744443670961
BAD 744443776639
BAD 744285032527
BAD 744285032537
BAD 744285032539
BAD 744345952643
BAD 744347321633
BAD 744293952889
BAD 744350308643
BAD 744350308651
BAD 744418586819
BAD 744420744343
BAD 744356586937
BAD 744463363181
BAD 744463363183
BAD 744363918187
BAD 744517632379
BAD 744520359241
BAD 744530643071
BAD 744368830951
BAD 744524799023
BAD 744498193199
BAD 744486284653
BAD 744543288173
BAD 744489860189
BAD 744546508261
BAD 744546508267
BAD 744551937229
BAD 744509887801
BAD 744376938947
BAD 744565698691
BAD 744567970259
BAD 744567970261
BAD 744446519549
BAD 744452417227
BAD 744452417243
BAD 744458916121
BAD 744458916127
BAD 744458916143
BAD 744460901809
BAD 744582129023
BAD 744583265389
BAD 744589098247
BAD 744677841937
BAD 744678459859
BAD 744679799789
BAD 744679799791
BAD 744616162501
BAD 744616162519
BAD 744616162523
BAD 744616162531
BAD 744707943181
BAD 744618151073
BAD 744734374441
BAD 744681955789
BAD 744736780427
BAD 744736780429
BAD 744716226013
BAD 744740450011
BAD 744622873453
BAD 744742054117
BAD 744625714883
BAD 744625895113
BAD 744641511563
BAD 744641511577
BAD 744691822603
BAD 744693563389
BAD 744724979197
BAD 744725209343
BAD 744648847223
BAD 744648847231
BAD 744663521011
BAD 744769439473
BAD 744769439483
BAD 744939157223
BAD 744769911037
BAD 744771816499
BAD 744945216583
BAD 744948690061
BAD 744778869763
BAD 744778869773
BAD 744857066053
BAD 744857066059
BAD 744969051923
BAD 744971764091
BAD 744971764093
BAD 744840711583
BAD 744840711613
BAD 744841093177
BAD 744950851837
BAD 744844724069
BAD 744844724077
BAD 744845600959
BAD 744919848041
BAD 744923832143
BAD 744959862337
BAD 744959862343
BAD 744959862347
BAD 744959862349
BAD 744959862377
BAD 744959862379
BAD 744894362629
BAD 744804938719
BAD 744815490413
BAD 744997289843
BAD 744997289857
BAD 744821253443
BAD 744821253497
BAD 744821253499
BAD 744831007013
BAD 745000082473
BAD 745002702337
BAD 744911150299
BAD 744911150311
BAD 745005893719
BAD 745006710491
BAD 745006710493
BAD 745006710593
BAD 744913772929
BAD 744913772963
BAD 744787755227
BAD 744787755233
BAD 744791856121
BAD 745067257399
BAD 745067257447
BAD 745068482087
BAD 745068482089
BAD 745068482101
BAD 745069334509
BAD 745069536383
BAD 745259390453
BAD 745262267779
BAD 745074611891
BAD 745152761537
BAD 745152761539
BAD 745133844331
BAD 745133844337
BAD 745133844347
BAD 745134628463
BAD 745139073661
BAD 745159233743
BAD 745140685433
BAD 745140685441
BAD 745160441849
BAD 745160441869
BAD 745144847921
BAD 745144847933
BAD 745145300219
BAD 745284060293
BAD 745243725271
BAD 745148734793
BAD 745245068443
BAD 745245068453
BAD 745228335367
BAD 745247999059
BAD 745247999063
BAD 745247999071
BAD 745248844313
BAD 745174967231
BAD 745174967233
BAD 745175942977
BAD 745179397223
BAD 745032812429
BAD 745032812431
BAD 745120672771
BAD 745120672819
BAD 745053668179
BAD 745091116697
BAD 745056398041
BAD 745058616343
BAD 745058616347
BAD 745058616349
BAD 745060526489
BAD 745060526491
BAD 745060526521
BAD 745098014293
BAD 745099879681
BAD 745100158619
BAD 745040607691
BAD 745040607709
BAD 745194789949
BAD 745194789953
BAD 745199760947
BAD 745386687751
BAD 745389376819
BAD 745396385683
BAD 745398821873
BAD 745305572213
BAD 745312452991
BAD 745294124041
BAD 745294670207
BAD 745295788441
BAD 745341667303
BAD 745341690923
BAD 745342671823
BAD 745371336011
BAD 745371336013
BAD 745404130519
BAD 745372956499
BAD 745407771013
BAD 745375046209
BAD 745349535241
BAD 745414173293
BAD 745380823501
BAD 745417542061
BAD 745417819087
BAD 745417819093
BAD 745320571343
BAD 745320571351
BAD 745320810739
BAD 745321310101
BAD 745322332103
BAD 745324435231
BAD 745358036263
BAD 745363518101
BAD 745363518103
BAD 745331158057
BAD 745365688453
BAD 745554842297
BAD 745558543577
BAD 745558543579
BAD 745558543591
BAD 745558543603
BAD 745431547909
BAD 745560593539
BAD 745560593543
BAD 745560593573
BAD 745432441687
BAD 745563161579
BAD 745564115839
BAD 745567863301
BAD 745567863307
BAD 745567863377
BAD 745567863379
BAD 745489115563
BAD 745489115573
BAD 745489696117
BAD 745522269691
BAD 745509160141
BAD 745509495569
BAD 745501509307
BAD 745532765431
BAD 745515981757
BAD 745517820473
BAD 745471399943
BAD 745536477937
BAD 745473906833
BAD 745473906841
BAD 745474985039
BAD 745474985041
BAD 745475620583
BAD 745438150493
BAD 745538072497
BAD 745538072501
BAD 745542546911
BAD 745542546913
BAD 745549839509
BAD 745549839511
BAD 745454798203
BAD 745456686439
BAD 745459959019
BAD 745462405123
BAD 745605703789
BAD 745605703793
BAD 745654299631
BAD 745654670503
BAD 745654670507
BAD 745464710461
BAD 745606789399
BAD 745607066899
BAD 745607066923
BAD 745607066959
BAD 745607066977
BAD 745467596221
BAD 745612641289
BAD 745612641307
BAD 745665291029
BAD 745665291031
BAD 745665291037
BAD 745667766133
BAD 745618786111
BAD 745584470647
BAD 745596164101
BAD 745639126249
BAD 745601201419
BAD 745603075891
BAD 745603075909
BAD 745603075913
BAD 745603117013
BAD 745650220163
BAD 745650220171
BAD 745650220177
BAD 745690042729
BAD 745690042733
BAD 745624913029
BAD 745694490689
BAD 745627667711
BAD 745631067217
BAD 745700610143
BAD 745841030299
BAD 745841030303
BAD 745842848243
BAD 745855329577
BAD 745855329581
BAD 745856791987
BAD 745853164073
BAD 745864779593
BAD 745864779599
BAD 745865136139
BAD 745866799891
BAD 745881417301
BAD 745895832791
BAD 745895832793
BAD 745883089849
BAD 745899211459
BAD 745886059117
BAD 745919099539
BAD 745919099543
BAD 745939371871
BAD 745940277143
BAD 745940277151
BAD 745941223273
BAD 745941223283
BAD 745951407743
BAD 745952136337
BAD 745743175873
BAD 745745953181
BAD 745745953189
BAD 745745953193
BAD 745746140107
BAD 745712096749
BAD 745767228931
BAD 745769897317
BAD 746026305851
BAD 746029092229
BAD 746029092241
BAD 745981519147
BAD 745959346109
BAD 745962498637
BAD 745812928463
BAD 745967587283
BAD 746077313351
BAD 746077313353
BAD 746077849723
BAD 745814463703
BAD 745814463707
BAD 745814835833
BAD 745970593033
BAD 745970593037
BAD 746064121213
BAD 745798509593
BAD 745798509601
BAD 746066886647
BAD 746066886661
BAD 746070137089
BAD 746006519933
BAD 746086658641
BAD 746086658659
BAD 746007630757
BAD 746089700569
BAD 746089700579
BAD 746089700581
BAD 746089700593
BAD 746089700627
BAD 746013096137
BAD 746013096139
BAD 746019181829
BAD 746042204123
BAD 746045995861
BAD 746055590359
BAD 746174760707
BAD 746175794347
BAD 746175794359
BAD 746181250547
BAD 746181250553
BAD 746226211699
BAD 746216433439
BAD 746229271357
BAD 746191125209
BAD 746146673509
BAD 746198011463
BAD 746199050659
BAD 746240346121
BAD 746240346127
BAD 746240809423
BAD 746244926393
BAD 746251586413
BAD 746254249591
BAD 746157733183
BAD 746157733201
BAD 746165871643
BAD 746311635133
BAD 746167198373
BAD 746262143387
BAD 746262143399
BAD 746262143401
BAD 746320861147
BAD 746320861163
BAD 746271192923
BAD 746278524787
BAD 746281878011
BAD 746286144581
BAD 746095600583
BAD 746105095993
BAD 746493261053
BAD 746293925023
BAD 746293925029
BAD 746530074757
BAD 746530074769
BAD 746532450623
BAD 746537261321
BAD 746538823883
BAD 746481862967
BAD 746481862969
BAD 746615317873
BAD 746615317891
BAD 746615472653
BAD 746482516421
BAD 746593934263
BAD 746587491389
BAD 746483902907
BAD 746588684383
BAD 746428351069
BAD 746428351073
BAD 746428495669
BAD 746624453119
BAD 746624453123
BAD 746303328721
BAD 746604187699
BAD 746460145853
BAD 746346992917
BAD 746460882319
BAD 746460882367
BAD 746348553809
BAD 746349857359
BAD 746349904247
BAD 746440895749
BAD 746464931987
BAD 746354658131
BAD 746354760169
BAD 746467930997
BAD 746467931003
BAD 746357503123
BAD 746469649493
BAD 746469649507
BAD 746358897943
BAD 746358897953
BAD 746445939037
BAD 746408172403
BAD 746447724193
BAD 746447724199
BAD 746475312431
BAD 746475312433
BAD 746364787891
BAD 746366259449
BAD 746366259451
BAD 746366259493
BAD 746459212427
BAD 746333157863
BAD 746334065767
BAD 746338436033
BAD 746338436047
BAD 746376796103
BAD 746412421021
BAD 746412421067
BAD 746651797259
BAD 746651973679
BAD 746653368883
BAD 746655655723
BAD 746658599867
BAD 746658599873
BAD 746658692719
BAD 746687985259
BAD 746639237503
BAD 746640246307
BAD 746642542447
BAD 746661931709
BAD 746661931711
BAD 746662015837
BAD 746669809219
BAD 746746584769
BAD 746746584809
BAD 746746584811
BAD 746747785853
BAD 746747785921
BAD 746747800187
BAD 746747800189
BAD 746747800193
BAD 746747800207
BAD 746751642811
BAD 746752136243
BAD 746756635291
BAD 746756635301
BAD 746758968253
BAD 746796831841
BAD 746800519547
BAD 746800519601
BAD 746801638153
BAD 746731734877
BAD 746805726259
BAD 746805726263
BAD 746740915541
BAD 746740915549
BAD 746763390433
BAD 746765056909
BAD 746742549841
BAD 746695465567
BAD 746771115011
BAD 746771544829
BAD 746701381669
BAD 746917033469
BAD 746917033493
BAD 746815401727
BAD 746815401743
BAD 746919450349
BAD 746923927891
BAD 746924498011
BAD 746716881541
BAD 746718033311
BAD 746708267843
BAD 746709369839
BAD 746709369841
BAD 746837760143
BAD 746838341437
BAD 746838341521
BAD 746928970111
BAD 746725084433
BAD 746929294021
BAD 746727030979
BAD 746727030991
BAD 746843513267
BAD 746981173339
BAD 746981820947
BAD 746853398563
BAD 746853398597
BAD 746988264577
BAD 746856127789
BAD 746856127793
BAD 746993119933
BAD 746881288189
BAD 746881288193
BAD 746885192063
BAD 746887337197
BAD 746887496059
BAD 746887496063
BAD 746973712553
BAD 746973712559
BAD 746973712561
BAD 747031826173
BAD 747031826179
BAD 747033442697
BAD 747033442699
BAD 747033442703
BAD 746892643073
BAD 747034241087
BAD 747034241089
BAD 747034241119
BAD 747034241123
BAD 747034717879
BAD 746893835059
BAD 746893835063
BAD 747035556581
BAD 747035556583
BAD 747035556643
BAD 747035556661
BAD 747036510799
BAD 747037199663
BAD 747040082717
BAD 747040446463
BAD 746896739093
BAD 746997124277
BAD 746907859729
BAD 746911790567
BAD 746873298011
BAD 747017982569
BAD 747019748693
BAD 747022493197
BAD 747024760091
BAD 747024760093
BAD 747064459403
BAD 747072789773
BAD 747058737349
BAD 747097388447
BAD 747100082893
BAD 747080760791
BAD 747102482479
BAD 747082513543
BAD 747083988787
BAD 747086702993
BAD 747086703001
BAD 747088538899
BAD 747300601057
BAD 747242894269
BAD 747242894287
BAD 747171317323
BAD 747314486299
BAD 747172531789
BAD 747172531793
BAD 747172531799
BAD 747172531801
BAD 747176101717
BAD 747367439419
BAD 747209279573
BAD 747209279611
BAD 747212111083
BAD 747212111089
BAD 747212111099
BAD 747212111101
BAD 747450001939
BAD 747450001943
BAD 747160439807
BAD 747161163521
BAD 747454304977
BAD 747462244013
BAD 747463376797
BAD 747359964361
BAD 747359964367
BAD 747362962867
BAD 747362997089
BAD 747362997091
BAD 747363955279
BAD 747389550373
BAD 747267208033
BAD 747397783403
BAD 747398721493
BAD 747398721497
BAD 747398721499
BAD 747273378991
BAD 747273780109
BAD 747323342873
BAD 747138429421
BAD 747401199121
BAD 747402273923
BAD 747330011839
BAD 747331437263
BAD 747331548211
BAD 747336941149
BAD 747338975533
BAD 747340244557
BAD 747340244617
BAD 747146919427
BAD 747342902041
BAD 747345402497
BAD 747345402499
BAD 747289975879
BAD 747293092219
BAD 747293092223
BAD 747414916091
BAD 747414916093
BAD 747414955103
BAD 747415317829
BAD 747296497903
BAD 747297283027
BAD 747115260923
BAD 747417730523
BAD 747121107617
BAD 747121107619
BAD 747124688593
BAD 747428441833
BAD 747126784643
BAD 747127930343
BAD 747127930363
BAD 747491560913
BAD 747491560951
BAD 747128816359
BAD 747468267053
BAD 747468267067
BAD 747474726301
BAD 747479185741
BAD 747480735653
BAD 747525259603
BAD 747550855489
BAD 747550855501
BAD 747550855523
BAD 747508950833
BAD 747585741719
BAD 747557686793
BAD 747557686831
BAD 747557686879
BAD 747558730103
BAD 747588490213
BAD 747533568253
BAD 747589102517
BAD 747599359099
BAD 747546546647
BAD 747604833823
BAD 747605079349
BAD 747605079359
BAD 747548292529
BAD 747606923369
BAD 747610779401
BAD 747610779403
BAD 747613292317
BAD 747567825859
BAD 747617954233
BAD 747623955697
BAD 747625736089
BAD 747625736093
BAD 747626833883
BAD 747627250861
BAD 747874123783
BAD 747881322821
BAD 747881322823
BAD 747759229223
BAD 747760254907
BAD 747767605063
BAD 747988579579
BAD 747806930933
BAD 747807040231
BAD 747744964073
BAD 747991807127
BAD 747960642511
BAD 747836700229
BAD 747836700301
BAD 747917127323
BAD 747748898917
BAD 747750999329
BAD 747750999343
BAD 747750999431
BAD 747750999433
BAD 747750999439
BAD 747817071931
BAD 747817071949
BAD 747817770991
BAD 747817771003
BAD 747687740419
BAD 747687740431
BAD 747844665571
BAD 747768352741
BAD 747673750283
BAD 747673750393
BAD 747674125493
BAD 747690827551
BAD 748023821329
BAD 747941281831
BAD 747942142177
BAD 747943749871
BAD 748028825171
BAD 747694969951
BAD 747679963243
BAD 747679963249
BAD 747682119901
BAD 747830889919
BAD 747830889961
BAD 747775673093
BAD 747775673107
BAD 747726039031
BAD 747726039043
BAD 747657035317
BAD 747657457831
BAD 747659129293
BAD 747833324963
BAD 747638849081
BAD 747638849173
BAD 747700329487
BAD 747778653379
BAD 747778653383
BAD 747834582563
BAD 747661331779
BAD 747662340311
BAD 747662506193
BAD 747780366337
BAD 747641324621
BAD 747641324623
BAD 747641324629
BAD 747731828821
BAD 747731828827
BAD 747641949503
BAD 747800843149
BAD 747860294693
BAD 747867219739
BAD 747891769633
BAD 747891769637
BAD 747891769711
BAD 747928887037
BAD 747893345611
BAD 747893345687
BAD 747893382017
BAD 747896109293
BAD 748040108737
BAD 748052558683
BAD 748240339817
BAD 748240339843
BAD 748244809237
BAD 748244809241
BAD 748244809243
BAD 748250926733
BAD 748254059929
BAD 748056654313
BAD 748062150053
BAD 748062150067
BAD 748065579383
BAD 748390310119
BAD 748345393517
BAD 748104192023
BAD 748104192049
BAD 748104895553
BAD 748350747953
BAD 748086904199
BAD 748086904207
BAD 748305438347
BAD 748116604189
BAD 748116604199
BAD 748116604201
BAD 748116604219
BAD 748400164123
BAD 748400164159
BAD 748400164163
BAD 748310506483
BAD 748310506487
BAD 748401744829
BAD 748093584743
BAD 748324398013
BAD 748098984223
BAD 748098984229
BAD 748101788153
BAD 748260085109
BAD 748328435467
BAD 748328435471
BAD 748330102259
BAD 748264475279
BAD 748264475281
BAD 748264475303
BAD 748264475317
BAD 748264475327
BAD 748266785341
BAD 748274480509
BAD 748270129933
BAD 748336808393
BAD 748288294979
BAD 748288294981
BAD 748293957247
BAD 748424854147
BAD 748301707063
BAD 748156295437
BAD 748434820691
BAD 748373414069
BAD 748373414071
BAD 748378660957
BAD 748407723299
BAD 748407723319
BAD 748357680853
BAD 748413111163
BAD 748371229033
BAD 748371229043
BAD 748187364487
BAD 748190066111
BAD 748143642383
BAD 748224457231
BAD 748225060613
BAD 748227018037
BAD 748146126493
BAD 748146419203
BAD 748146419243
BAD 748122868201
BAD 748070172943
BAD 748212957421
BAD 748170867533
BAD 748216533193
BAD 748075101289
BAD 748444028623
BAD 748444402621
BAD 748220195413
BAD 748220195431
BAD 748446562561
BAD 748135717663
BAD 748446562573
BAD 748135717673
BAD 748446562583
BAD 748080066511
BAD 748178060017
BAD 748178060053
BAD 748178060059
BAD 748178488111
BAD 748178488153
BAD 748083032659
BAD 748083032663
BAD 748083413461
BAD 748452978151
BAD 748452978157
BAD 748453238321
BAD 748185583213
BAD 748461025471
BAD 748461025489
BAD 748461025493
BAD 748461697703
BAD 748522984043
BAD 748524440579
BAD 748524440581
BAD 748489012307
BAD 748489012309
BAD 748489012321
BAD 748489012333
BAD 748489012339
BAD 748489012343
BAD 748660772183
BAD 748660772207
BAD 748666759081
BAD 748624798487
BAD 748624798489
BAD 748642170239
BAD 748643736223
BAD 748630087897
BAD 748743597607
BAD 748743597619
BAD 748727611789
BAD 748671486637
BAD 748671486643
BAD 748673412679
BAD 748731380183
BAD 748731380191
BAD 748676114203
BAD 748843669603
BAD 748698413311
BAD 748698413389
BAD 748846151377
BAD 748846264027
BAD 748617273073
BAD 748751249599
BAD 748847356363
BAD 748813368707
BAD 748850754739
BAD 748816827001
BAD 748816827007
BAD 748739288513
BAD 748792656721
BAD 748824898111
BAD 748548421393
BAD 748710595813
BAD 748824205531
BAD 748798412513
BAD 748824687979
BAD 748824687983
BAD 748824687991
BAD 748550794657
BAD 748552070731
BAD 748552527589
BAD 748552527601
BAD 748830945959
BAD 748805896523
BAD 748716865313
BAD 748686377147
BAD 748686867403
BAD 748494676823
BAD 748555339489
BAD 748779894521
BAD 748779894523
BAD 748779894529
BAD 748555695289
BAD 748784755577
BAD 748784755633
BAD 748785736339
BAD 748497743701
BAD 748595182477
BAD 748597534889
BAD 748597534891
BAD 748600368253
BAD 748600907311
BAD 748507798403
BAD 748508169847
BAD 748563925301
BAD 748563925303
BAD 748565195569
BAD 748579021459
BAD 748579434079
BAD 748565941043
BAD 748566049939
BAD 748566608137
BAD 748571822143
BAD 748586666227
BAD 748586666231
BAD 748518185911
BAD 748518185977
BAD 748521793241
BAD 748863422423
BAD 748870766603
BAD 748870858339
BAD 748870858343
BAD 748873130021
BAD 748873130077
BAD 748875437071
BAD 748877130481
BAD 748889831329
BAD 748999361707
BAD 749003571409
BAD 749003571413
BAD 749007414121
BAD 749007414217
BAD 748932088873
BAD 748916792279
BAD 748938787703
BAD 748938787711
BAD 748938787717
BAD 748920422737
BAD 748923948743
BAD 749047822921
BAD 749047822933
BAD 749144983319
BAD 749144983369
BAD 749144983373
BAD 749145630599
BAD 749054498393
BAD 749150726407
BAD 749151125491
BAD 749151125497
BAD 749151125717
BAD 749057682367
BAD 749135204143
BAD 749138586529
BAD 749016825787
BAD 749141557673
BAD 749017612939
BAD 749142551627
BAD 749142551629
BAD 748972745449
BAD 749063400433
BAD 749159229823
BAD 749159229827
BAD 749159229883
BAD 749066713783
BAD 749066713789
BAD 749066713799
BAD 749067518141
BAD 749099568499
BAD 749099568509
BAD 749067832717
BAD 749167333879
BAD 749072852197
BAD 749074111249
BAD 749170196059
BAD 749090167103
BAD 749179117571
BAD 749179117573
BAD 749179466059
BAD 749181349823
BAD 749181442549
BAD 749181442553
BAD 749181442561
BAD 749181442609
BAD 749278583567
BAD 749278583569
BAD 749182937149
BAD 749281844041
BAD 749188397959
BAD 749291181439
BAD 749291656517
BAD 749192294603
BAD 749193172649
BAD 749213023973
BAD 749215663187
BAD 749199021803
BAD 749199322129
BAD 749219629343
BAD 749220741901
BAD 749221011677
BAD 749221011697
BAD 749221011701
BAD 749221011703
BAD 749221039969
BAD 749204801777
BAD 749204801803
BAD 749206160639
BAD 749224841213
BAD 749228522597
BAD 749228522599
BAD 749241069817
BAD 749111347597
BAD 748989471427
BAD 748989471431
BAD 749247422023
BAD 749255346251
BAD 749257599703
BAD 749258517677
BAD 749258517691
BAD 749259129349
BAD 749276572643
BAD 749276728703
BAD 749276728709
BAD 749305100953
BAD 749311679833
BAD 749305761889
BAD 749307946997
BAD 749307946999
BAD 749308152731
BAD 749308936693
BAD 749320002661
BAD 749320002667
BAD 749321690501
BAD 749321690503
BAD 749335962841
BAD 749335962847
BAD 749369900473
BAD 749372392331
BAD 749372392333
BAD 749373814433
BAD 749349038183
BAD 749377987093
BAD 749377987097
BAD 749377987103
BAD 749360406517
BAD 749360406523
BAD 749429673301
BAD 749437379149
BAD 749437379161
BAD 749399730559
BAD 749399730571
BAD 749381260729
BAD 749381399251
BAD 749382512191
BAD 749384271091
BAD 749538219191
BAD 749538219193
BAD 749544204193
BAD 749446082327
BAD 749452958803
BAD 749464741073
BAD 749464741079
BAD 749497348447
BAD 749473667431
BAD 749489452043
BAD 749489914853
BAD 749526643531
BAD 749526643553
BAD 749528309779
BAD 749556342919
BAD 749559097717
BAD 749630004451
BAD 749685031897
BAD 749686322773
BAD 749686322789
BAD 749688334847
BAD 749692210391
BAD 749693359483
BAD 749696406871
BAD 749667191269
BAD 749667738461
BAD 749669188153
BAD 749592966071
BAD 749672014397
BAD 749672982517
BAD 749672982533
BAD 749673866219
BAD 749673866243
BAD 749673866371
BAD 749701218223
BAD 749719557949
BAD 749705730901
BAD 749578209581
BAD 749711737997
BAD 749712898447
BAD 749597908069
BAD 749610508169
BAD 749610508181
BAD 749610508183
BAD 749610508187
BAD 749610508189
BAD 749647774481
BAD 749734059383
BAD 749635427383
BAD 749635845919
BAD 749749837411
BAD 749740082293
BAD 749642026283
BAD 749767625381
BAD 749767625389
BAD 749770341391
BAD 749771589719
BAD 749818665023
BAD 749818665031
BAD 749819132873
BAD 749825444189
BAD 749825444191
BAD 749825828369
BAD 749825828371
BAD 749825828393
BAD 749814372457
BAD 749844452509
BAD 749933454253
BAD 749933454271
BAD 749941512973
BAD 749890966399
BAD 749892060023
BAD 749987344583
BAD 749787890987
BAD 749787890989
BAD 749787890993
BAD 749924914073
BAD 749925008029
BAD 749925008033
BAD 749794652059
BAD 749992707727
BAD 749992788631
BAD 749992788659
BAD 749993052199
BAD 749993970541
BAD 749995197487
BAD 749969503729
BAD 749848592929
BAD 749972866561
BAD 749972866567
BAD 749972866571
BAD 749972866579
BAD 749974466653
BAD 749963664077
BAD 749868515329
BAD 749868637079
BAD 749868637081
BAD 749877415019
RANGE 740000000000 750000000000 PRIMES 365820592 BAD 2121
