BAD 820335952463
BAD 820336275769
BAD 820337681731
BAD 820355152333
BAD 820355152339
BAD 820356756113
BAD 820356756119
BAD 820304752703
BAD 820360724903
BAD 820310968033
BAD 820310968039
BAD 820311492379
BAD 820311492389
BAD 820311492391
BAD 820311492397
BAD 820368255493
BAD 820368481099
BAD 820368481103
BAD 820368807383
BAD 820316329123
BAD 820316528393
BAD 820324146937
BAD 820324926961
BAD 820296424489
BAD 820297650989
BAD 820215979081
BAD 820215979087
BAD 820217477509
BAD 820090113841
BAD 820092459143
BAD 820092972197
BAD 820020581671
BAD 820024135561
BAD 820054439233
BAD 820125032669
BAD 820126250269
BAD 820126250287
BAD 820057451909
BAD 820057451911
BAD 820127667043
BAD 820129052299
BAD 820058424583
BAD 820058424613
BAD 820153920673
BAD 820153920689
BAD 820177990327
BAD 820178568073
BAD 820165908829
BAD 820165908833
BAD 820167004109
BAD 820185675191
BAD 820187230283
BAD 820192131553
BAD 820192713853
BAD 820197659881
BAD 820197659887
BAD 820148366539
BAD 820149333613
BAD 820082038409
BAD 820082038411
BAD 820398129647
BAD 820401105803
BAD 820401105833
BAD 820401105841
BAD 820401105883
BAD 820038946523
BAD 820370197337
BAD 820226226439
BAD 820385382457
BAD 820385382461
BAD 820240446989
BAD 820240574539
BAD 820249458143
BAD 820423501169
BAD 820423501171
BAD 820429867409
BAD 820429867417
BAD 820486754539
BAD 820486754551
BAD 820439275531
BAD 820456682029
BAD 820511084059
BAD 820461390913
BAD 820481250367
BAD 820481250397
BAD 820481250401
BAD 820481250403
BAD 820481250409
BAD 820530847249
BAD 820531894207
BAD 820532187499
BAD 820538650783
BAD 820538650793
BAD 820538650829
BAD 820538650831
BAD 820543346299
BAD 820543346303
BAD 820549119751
BAD 820604690231
BAD 820604690233
BAD 820604892959
BAD 820608360241
BAD 820558517297
BAD 820558517299
BAD 820558790713
BAD 820558790717
BAD 820559019619
BAD 820559032723
BAD 820565484293
BAD 820565484307
BAD 820589652769
BAD 820595749307
BAD 820578306337
BAD 820582918523
BAD 820603588439
BAD 820654625983
BAD 820655706757
BAD 820666670011
BAD 820699405483
BAD 820685886767
BAD 820685886781
BAD 820685886793
BAD 820810589387
BAD 820892640541
BAD 820824170549
BAD 820818352513
BAD 820772562923
BAD 820912765747
BAD 820912765753
BAD 820914019843
BAD 820916089661
BAD 820916089663
BAD 820833291203
BAD 820918576987
BAD 820903365109
BAD 820835723737
BAD 820921047929
BAD 820921048001
BAD 820778957629
BAD 820778957641
BAD 820873306801
BAD 820874181317
BAD 820874181319
BAD 820738568329
BAD 820879813009
BAD 820839070489
BAD 820842443303
BAD 820842900883
BAD 820741011091
BAD 820787627293
BAD 820887079559
BAD 820887079561
BAD 820850987003
BAD 820854673861
BAD 820708229521
BAD 820760486701
BAD 820933315549
BAD 820747664591
BAD 820747664593
BAD 820762111361
BAD 820762111373
BAD 820762111381
BAD 820762111387
BAD 820935832879
BAD 820753534703
BAD 820731937873
BAD 820734533419
BAD 820797441083
BAD 820940903401
BAD 820940903407
BAD 820940903423
BAD 820995217807
BAD 820995217811
BAD 820997065963
BAD 821042986339
BAD 821042986343
BAD 821042986349
BAD 821051919241
BAD 820980158953
BAD 821011958219
BAD 821019926569
BAD 821068305571
BAD 821072704961
BAD 821090522453
BAD 821090522467
BAD 821094012863
BAD 821102947999
BAD 821152244153
BAD 821132987743
BAD 821166077869
BAD 821166077887
BAD 821166077891
BAD 821166224777
BAD 821166224779
BAD 821134355551
BAD 821168110369
BAD 821136507353
BAD 821138364001
BAD 821210065967
BAD 821210065969
BAD 821248384939
BAD 821248384949
BAD 821248384951
BAD 821248385107
BAD 821248860841
BAD 821232139711
BAD 821232139729
BAD 821232139733
BAD 821232288983
BAD 821232289013
BAD 821232289021
BAD 821203382303
BAD 821256707149
BAD 821204270413
BAD 821241118787
BAD 821241118793
BAD 821086346723
BAD 821087825353
BAD 821087825359
BAD 821293566647
BAD 821300343491
BAD 821300785171
BAD 821305185287
BAD 821305185289
BAD 821325578041
BAD 821327598263
BAD 821329658663
BAD 821191159433
BAD 821284387681
BAD 821336443493
BAD 821318437399
BAD 821322914249
BAD 821265858247
BAD 821357119127
BAD 821357119129
BAD 821357119133
BAD 821392650863
BAD 821392650959
BAD 821392650961
BAD 821543814757
BAD 821543814761
BAD 821383330409
BAD 821386171531
BAD 821386171537
BAD 821386171553
BAD 821426510173
BAD 821409035663
BAD 821361891043
BAD 821364515899
BAD 821450001667
BAD 821436302933
BAD 821371673431
BAD 821374128943
BAD 821411875909
BAD 821488275203
BAD 821412892133
BAD 821488656713
BAD 821415294289
BAD 821415294299
BAD 821415294331
BAD 821416993763
BAD 821498285521
BAD 821594873123
BAD 821594873173
BAD 821501557111
BAD 821501557183
BAD 821502039097
BAD 821597687821
BAD 821424285637
BAD 821507288101
BAD 821513129497
BAD 821607404281
BAD 821520880471
BAD 821564128421
BAD 821564128423
BAD 821521791367
BAD 821521791371
BAD 821521791373
BAD 821524464533
BAD 821462907127
BAD 821462907151
BAD 821462907157
BAD 821462907163
BAD 821526230537
BAD 821526230543
BAD 821470121449
BAD 821582336387
BAD 821582336389
BAD 821584650479
BAD 821584650493
BAD 821584650499
BAD 821700832651
BAD 821615213077
BAD 821704819783
BAD 821708430091
BAD 821618857219
BAD 821623225309
BAD 821623225327
BAD 821623225333
BAD 821624514121
BAD 821661331937
BAD 821661331943
BAD 821661332021
BAD 821627476157
BAD 821664410893
BAD 821676279607
BAD 821730917879
BAD 821730917881
BAD 821898581479
BAD 821863571161
BAD 821863571173
BAD 821867467439
BAD 821867467441
BAD 821867467451
BAD 821867467453
BAD 821805368317
BAD 821870154211
BAD 821996975543
BAD 821997598703
BAD 821997598711
BAD 821872769101
BAD 822001069391
BAD 821711697839
BAD 821715735409
BAD 821715735413
BAD 821715735431
BAD 821715735433
BAD 821715735437
BAD 821715735439
BAD 821715735443
BAD 822011381381
BAD 822011381383
BAD 821963437283
BAD 821963734171
BAD 821647168519
BAD 821727269359
BAD 821727533629
BAD 821856396727
BAD 821856484277
BAD 821925368843
BAD 821925368851
BAD 821925368857
BAD 821926892177
BAD 821654668039
BAD 821746064567
BAD 821746252429
BAD 821660764553
BAD 821763741619
BAD 821764265617
BAD 821829868133
BAD 821882437381
BAD 821812338577
BAD 821792339917
BAD 821817321751
BAD 821818373113
BAD 821824606699
BAD 821824606703
BAD 822015299977
BAD 822018701149
BAD 822029357729
BAD 822029357731
BAD 821943344377
BAD 821943344401
BAD 821943344407
BAD 821943344413
BAD 822069329833
BAD 822069329839
BAD 822031647121
BAD 822072471091
BAD 822075469531
BAD 822075469541
BAD 822038119549
BAD 822040164943
BAD 822040164947
BAD 822040164949
BAD 822046076063
BAD 822056070889
BAD 822056070893
BAD 822062877217
BAD 822082252081
BAD 822089659201
BAD 822094674319
BAD 822156840419
BAD 822214250003
BAD 822214250017
BAD 822214250027
BAD 822214250029
BAD 822188043013
BAD 822192641671
BAD 822099336013
BAD 822171614821
BAD 822171614833
BAD 822171614843
BAD 822179168777
BAD 822179168779
BAD 822109181969
BAD 822391219109
BAD 822138389011
BAD 822142871183
BAD 822142871203
BAD 822146766781
BAD 822146766787
BAD 822266313083
BAD 822267396833
BAD 822269026231
BAD 822273556073
BAD 822284946841
BAD 822284946853
BAD 822276595351
BAD 822431121623
BAD 822252418093
BAD 822257375377
BAD 822257375383
BAD 822257375389
BAD 822258232673
BAD 822317915273
BAD 822371307193
BAD 822320569613
BAD 822300181133
BAD 822325750657
BAD 822325750663
BAD 822399846661
BAD 822399846689
BAD 822399846691
BAD 822406794617
BAD 822307154761
BAD 822380360887
BAD 822310412621
BAD 822334884229
BAD 822342365989
BAD 822342365993
BAD 822520462321
BAD 822522080377
BAD 822526219919
BAD 822224810221
BAD 822529903681
BAD 822553022807
BAD 822553022813
BAD 822530627383
BAD 822503587589
BAD 822503587597
BAD 822503587601
BAD 822503587603
BAD 822554646391
BAD 822507878173
BAD 822513271219
BAD 822584563583
BAD 822588296449
BAD 822535915853
BAD 822537253313
BAD 822541388993
BAD 822573017089
BAD 822578310949
BAD 822578916923
BAD 822581000363
BAD 822437802773
BAD 822437802799
BAD 822440697361
BAD 822440697373
BAD 822445516447
BAD 822446871293
BAD 822689467577
BAD 822689467583
BAD 822449675449
BAD 822486159613
BAD 822616572527
BAD 822616572529
BAD 822616572541
BAD 822496388521
BAD 822466385341
BAD 822475363109
BAD 822475363111
BAD 822475363123
BAD 822856681531
BAD 822703397671
BAD 822476637869
BAD 822476637893
BAD 822859859453
BAD 822477469459
BAD 822769355173
BAD 822867716753
BAD 822775249711
BAD 822776325323
BAD 822777057299
BAD 822777057301
BAD 822777060767
BAD 822777060769
BAD 822777060773
BAD 822778846283
BAD 822716626661
BAD 822716626663
BAD 822784610341
BAD 822667883971
BAD 822726915443
BAD 822727887893
BAD 822836606281
BAD 822641602933
BAD 822734563439
BAD 822843167243
BAD 822843167249
BAD 822896971979
BAD 822896971997
BAD 822649516333
BAD 822928510447
BAD 822928510451
BAD 822849770513
BAD 822850763323
BAD 822875600257
BAD 822875600263
BAD 822876555289
BAD 822905439137
BAD 822907085633
BAD 822909355223
BAD 822909355231
BAD 822909563551
BAD 822911914103
BAD 822911914109
BAD 822656741537
BAD 822663711157
BAD 822958854709
BAD 822958854713
BAD 822958854719
BAD 822958854721
BAD 822751766041
BAD 822751766047
BAD 822760830679
BAD 822763766857
BAD 822764585623
BAD 822786537437
BAD 822786537439
BAD 822796673903
BAD 822796673911
BAD 822799209593
BAD 822799825171
BAD 822739775633
BAD 822739775657
BAD 822739775659
BAD 822743654023
BAD 822745787771
BAD 822803201707
BAD 822945107899
BAD 822749023871
BAD 822826427573
BAD 822834309559
BAD 823037416219
BAD 823049509423
BAD 823050344167
BAD 823224130921
BAD 823224131003
BAD 823171217303
BAD 823171295159
BAD 823171295161
BAD 823229963441
BAD 823229963443
BAD 823236309283
BAD 823176130927
BAD 823157126059
BAD 823157163919
BAD 823157163923
BAD 823181822887
BAD 823207467109
BAD 822992296081
BAD 823212730103
BAD 823169930797
BAD 823262091503
BAD 823001443903
BAD 823265735273
BAD 823265735297
BAD 823265735309
BAD 823265735311
BAD 823288905643
BAD 823299402019
BAD 823329216449
BAD 823073032099
BAD 823076383781
BAD 823076718103
BAD 823077280247
BAD 823077280253
BAD 823085011673
BAD 823095947021
BAD 823095947029
BAD 823133384179
BAD 823148732467
BAD 823136682271
BAD 823309031551
BAD 823311019579
BAD 823246603471
BAD 823319305909
BAD 823273816447
BAD 823276500187
BAD 823109875411
BAD 823109875417
BAD 823111647739
BAD 823111647767
BAD 823112722183
BAD 823113345563
BAD 823283778949
BAD 823283778959
BAD 823287108337
BAD 823021747487
BAD 823021747489
BAD 823023698999
BAD 823027983859
BAD 823060827229
BAD 823061930149
BAD 823063057849
BAD 823063057853
BAD 823428785453
BAD 823429757317
BAD 823429757321
BAD 823349522887
BAD 823486296517
BAD 823486377713
BAD 823455799519
BAD 823455799561
BAD 823353679433
BAD 823468133987
BAD 823468133989
BAD 823468134061
BAD 823468134067
BAD 823196449321
BAD 823469768371
BAD 823526657153
BAD 823537125317
BAD 823537125319
BAD 823363370689
BAD 823365341167
BAD 823365341177
BAD 823365341179
BAD 823365749641
BAD 823366649893
BAD 823543818569
BAD 823543818571
BAD 823543818577
BAD 823545077569
BAD 823546990103
BAD 823546990111
BAD 823406467501
BAD 823408146731
BAD 823408146733
BAD 823511219647
BAD 823511219653
BAD 823514296903
BAD 823417988423
BAD 823418771113
BAD 823522748221
BAD 823560350071
BAD 823593680213
BAD 823593732593
BAD 823595130847
BAD 823572063781
BAD 823600122817
BAD 823600330829
BAD 823573620269
BAD 823573620271
BAD 823650940703
BAD 823621385933
BAD 823376161969
BAD 823496274641
BAD 823498097731
BAD 823499102149
BAD 823499102161
BAD 823745311043
BAD 823799654851
BAD 823754373373
BAD 823801824211
BAD 823801824217
BAD 823779182231
BAD 823768166899
BAD 823772526439
BAD 823876422101
BAD 823911392047
BAD 823917631039
BAD 823685151139
BAD 823843181017
BAD 823853413781
BAD 823892500973
BAD 823711122271
BAD 823814977003
BAD 823814977009
BAD 823729572353
BAD 824025182119
BAD 823737617639
BAD 823737617641
BAD 823820933503
BAD 823821590239
BAD 823981300469
BAD 823983164177
BAD 823983164219
BAD 823834265963
BAD 823989003559
BAD 823839200399
BAD 823866455333
BAD 824030377133
BAD 823867500811
BAD 823994646931
BAD 823994646961
BAD 824033232203
BAD 824033232233
BAD 823999124261
BAD 824000000371
BAD 824047338223
BAD 824042789569
BAD 823873307381
BAD 824098652281
BAD 824100343711
BAD 824101956001
BAD 824104488601
BAD 824106848431
BAD 824106848449
BAD 824168148697
BAD 824169879373
BAD 824172264527
BAD 824172264529
BAD 824128731077
BAD 824152712269
BAD 824137248793
BAD 824155416949
BAD 824157215813
BAD 824111799151
BAD 824111799157
BAD 824178956483
BAD 824183509627
BAD 824193036893
BAD 824077132877
BAD 824077132883
BAD 824084389789
BAD 824092143257
BAD 824233673177
BAD 824233673183
BAD 824213707283
BAD 824239370839
BAD 824283051989
BAD 824287255703
BAD 824287255879
BAD 824290576763
BAD 824292826309
BAD 824257755259
BAD 824257755263
BAD 824414650967
BAD 824313707663
BAD 824322556171
BAD 824484341071
BAD 824431301231
BAD 824431484717
BAD 824431484719
BAD 824431484731
BAD 824436684833
BAD 824498950217
BAD 824297664233
BAD 824297952949
BAD 824298268639
BAD 824298268643
BAD 824506728217
BAD 824304603149
BAD 824304603151
BAD 824508094103
BAD 824512597847
BAD 824512597849
BAD 824398585669
BAD 824516995451
BAD 824360698171
BAD 824405387737
BAD 824405387747
BAD 824405387749
BAD 824406499073
BAD 824408301889
BAD 824362388581
BAD 824549178533
BAD 824549178547
BAD 824368792549
BAD 824369125067
BAD 824369125087
BAD 824553762649
BAD 824556503671
BAD 824556503689
BAD 824542557389
BAD 824371295443
BAD 824375813747
BAD 824375813749
BAD 824375813753
BAD 824262159691
BAD 824264858239
BAD 824331867481
BAD 824621406703
BAD 824628757387
BAD 824633862551
BAD 824635882099
BAD 824638827799
BAD 824642648083
BAD 824642648113
BAD 824642648119
BAD 824642648131
BAD 824646185249
BAD 824584230203
BAD 824585621947
BAD 824591482921
BAD 824591482937
BAD 824596649017
BAD 824596649021
BAD 824648371279
BAD 824732451121
BAD 824737798967
BAD 824737798981
BAD 824789960479
BAD 824669640049
BAD 824669640061
BAD 824681297771
BAD 824681297773
BAD 824682424627
BAD 824682424633
BAD 824678242813
BAD 824678942947
BAD 824802099203
BAD 824804347343
BAD 824805590803
BAD 824883751723
BAD 824808748261
BAD 824808748273
BAD 824808748277
BAD 824808748279
BAD 824808748303
BAD 824887646147
BAD 824850192269
BAD 824850192311
BAD 824904698509
BAD 824908001611
BAD 824863476079
BAD 824984676821
BAD 824984676823
BAD 825001842653
BAD 824997449281
BAD 825011094343
BAD 825015396263
BAD 824817992783
BAD 824817992797
BAD 824817992863
BAD 824818765291
BAD 824820648097
BAD 824750221649
BAD 824750221651
BAD 824750361007
BAD 824704053083
BAD 824704053133
BAD 824704053163
BAD 824704053167
BAD 824704053169
BAD 824757234967
BAD 824758285763
BAD 824847329311
BAD 824779489693
BAD 824780981839
BAD 824924582413
BAD 824937233849
BAD 824948907781
BAD 824714701199
BAD 825016606439
BAD 825016606441
BAD 824719276583
BAD 825031643269
BAD 825031643279
BAD 824957588261
BAD 824967072287
BAD 824967072289
BAD 824967072299
BAD 824967072301
BAD 824963296043
BAD 824963296049
BAD 824963296051
BAD 824965047773
BAD 824965553873
BAD 824980368403
BAD 825069064373
BAD 825151894381
BAD 825127299109
BAD 825127299121
BAD 825129104123
BAD 825129104131
BAD 825156971131
BAD 825156971159
BAD 825156971161
BAD 825035242849
BAD 825035242853
BAD 825169870081
BAD 825169870087
BAD 825169870093
BAD 825177265643
BAD 825177265651
BAD 825177442519
BAD 825092307469
BAD 825092307503
BAD 825107109521
BAD 825107109529
BAD 825048545029
BAD 825146785429
BAD 825146785433
BAD 825114670889
BAD 825150467657
BAD 825196673263
BAD 825213339889
BAD 825053692493
BAD 825061646821
BAD 825255465121
BAD 825255465127
BAD 825322349167
BAD 825239987753
BAD 825244759411
BAD 825265233341
BAD 825265233349
BAD 825246026173
BAD 825246065363
BAD 825349911163
BAD 825305279077
BAD 825310194733
BAD 825317390803
BAD 825445653073
BAD 825448675319
BAD 825448675321
BAD 825451010623
BAD 825352343047
BAD 825352343051
BAD 825355867249
BAD 825396869719
BAD 825396869723
BAD 825421445741
BAD 825453952579
BAD 825453952591
BAD 825453952597
BAD 825456355909
BAD 825406461521
BAD 825493244117
BAD 825493244119
BAD 825408069491
BAD 825410151121
BAD 825468640729
BAD 825544758637
BAD 825544758659
BAD 825546532183
BAD 825513602831
BAD 825501015463
BAD 825501826579
BAD 825480799067
BAD 825480799069
BAD 825481797131
BAD 825626563049
BAD 825626563051
BAD 825628725709
BAD 825721778053
BAD 825721972157
BAD 825726132229
BAD 825726132233
BAD 825726132269
BAD 825726228653
BAD 825565131199
BAD 825565491833
BAD 825592094227
BAD 825525216221
BAD 825525216223
BAD 825525554629
BAD 825603806791
BAD 825687773699
BAD 825670758643
BAD 825618540457
BAD 825699607553
BAD 825663713933
BAD 825705873143
BAD 825705873151
BAD 825705873163
BAD 825706564219
BAD 825707649079
BAD 825707649083
BAD 825669294091
BAD 825639157237
BAD 825670615193
BAD 825715470353
BAD 825755373683
BAD 825755373691
BAD 825755373697
BAD 825644191249
BAD 825644191261
BAD 825719013629
BAD 825758856583
BAD 825758856589
BAD 825760127243
BAD 825650122289
BAD 825650122291
BAD 825770806493
BAD 825770806507
BAD 825770806517
BAD 825770806519
BAD 825804993721
BAD 825773755187
BAD 825774763469
BAD 825780296773
BAD 825780296779
BAD 825746504641
BAD 825747417967
BAD 825747418009
BAD 825751733243
BAD 825754081309
BAD 825880213553
BAD 825889733899
BAD 825890641039
BAD 825893527729
BAD 825893527777
BAD 825974897161
BAD 825981660643
BAD 825981660649
BAD 825982347173
BAD 825983984359
BAD 825983984363
BAD 825987827867
BAD 825987827869
BAD 825962445683
BAD 825793439357
BAD 826040486993
BAD 826040487001
BAD 826040487007
BAD 825799378013
BAD 825801384059
BAD 825801384061
BAD 826048020101
BAD 826049701879
BAD 826050342589
BAD 826054608833
BAD 826054608839
BAD 825864327319
BAD 826142762807
BAD 825867373657
BAD 826145568263
BAD 825842322443
BAD 825842322449
BAD 825846145829
BAD 825920431519
BAD 825921092707
BAD 825921116983
BAD 826028622019
BAD 826028622037
BAD 826028622077
BAD 826028622079
BAD 825931217789
BAD 825931217791
BAD 826014572297
BAD 826014572303
BAD 826014572333
BAD 826164890071
BAD 826015425649
BAD 826018759441
BAD 826020271567
BAD 826020876019
BAD 826169916521
BAD 826177581527
BAD 826177581529
BAD 826184293063
BAD 826185601651
BAD 825954194599
BAD 825954194633
BAD 826210339819
BAD 826217236583
BAD 826217236591
BAD 825995922709
BAD 825995922721
BAD 825995922727
BAD 826245698029
BAD 826245698107
BAD 826253763557
BAD 826081884811
BAD 826070807897
BAD 826070807899
BAD 826070807983
BAD 826070807987
BAD 826117148123
BAD 826129877917
BAD 826129877921
BAD 826136648671
BAD 826093658303
BAD 826093658339
BAD 826103076629
BAD 826373226299
BAD 826332988241
BAD 826204386691
BAD 826447681643
BAD 826449524233
BAD 826460837773
BAD 826460837777
BAD 826462438663
BAD 826462438667
BAD 826474416083
BAD 826497215123
BAD 826508674427
BAD 826508674463
BAD 826509726197
BAD 826515211139
BAD 826515211141
BAD 826519058257
BAD 826524223093
BAD 826343608261
BAD 826662522211
BAD 826671756121
BAD 826671756139
BAD 826680849227
BAD 826680849229
BAD 826680891007
BAD 826683088669
BAD 826683088681
BAD 826683088691
BAD 826685890969
BAD 826685891011
BAD 826687065409
BAD 826691238127
BAD 826692473333
BAD 826693729471
BAD 826702938707
BAD 826708217813
BAD 826427402893
BAD 826434761333
BAD 826550066833
BAD 826550469139
BAD 826555343659
BAD 826479298313
BAD 826479298327
BAD 826483969159
BAD 826483969163
BAD 826488520111
BAD 826570538897
BAD 826595973893
BAD 826608119269
BAD 826608119273
BAD 826608305641
BAD 826608618653
BAD 826581300583
BAD 826589087473
BAD 826590099193
BAD 826590099199
BAD 826590099211
BAD 826277206241
BAD 826277206243
BAD 826629844951
BAD 826593112531
BAD 826593112537
BAD 826593112549
BAD 826632857683
BAD 826730906933
BAD 826640035723
BAD 826319478463
BAD 826321566089
BAD 826784578259
BAD 826744777883
BAD 826746374761
BAD 826750925941
BAD 826799024581
BAD 826799024591
BAD 826753686721
BAD 826756656751
BAD 826764785071
BAD 826765297177
BAD 826765297181
BAD 826398581453
BAD 826406122369
BAD 826407326377
BAD 826407326387
BAD 826407326389
BAD 826414919063
BAD 826414919069
BAD 826414919107
BAD 826414919111
BAD 826713616607
BAD 826713616609
BAD 826718774653
BAD 826719656183
BAD 826721128561
BAD 826726149583
BAD 826836669863
BAD 826836669877
BAD 826873249483
BAD 826842565729
BAD 826814483413
BAD 826814483587
BAD 826814925593
BAD 826817523229
BAD 826825399069
BAD 826825399117
BAD 827047538899
BAD 827050016251
BAD 827050170647
BAD 827114512997
BAD 827114512999
BAD 827114513021
BAD 827121196313
BAD 827148588073
BAD 827148870307
BAD 827148870343
BAD 827151956791
BAD 827108291431
BAD 826852481971
BAD 827139719779
BAD 826860842503
BAD 826917629053
BAD 827066626039
BAD 826922166593
BAD 826922166619
BAD 826922543827
BAD 826922762719
BAD 826922762723
BAD 826926683731
BAD 826896083627
BAD 826968091219
BAD 826972563337
BAD 826908232609
BAD 826908232621
BAD 827002904489
BAD 827231095777
BAD 827231513261
BAD 827231513263
BAD 827231513287
BAD 827011374421
BAD 827011374439
BAD 826947499817
BAD 826947499823
BAD 827012544377
BAD 827012544443
BAD 827012544451
BAD 827080349119
BAD 827220771743
BAD 826939601953
BAD 826940932093
BAD 826956696803
BAD 826956696829
BAD 826956696833
BAD 827085892313
BAD 827249282161
BAD 827246535989
BAD 827031143857
BAD 827017415933
BAD 827037028343
BAD 826981623499
BAD 826983752149
BAD 827026666283
BAD 827046244987
BAD 827194564463
BAD 827197425023
BAD 827198102789
BAD 827198102791
BAD 827200594271
BAD 827200594273
BAD 827201687881
BAD 827302134991
BAD 827302135001
BAD 827302135003
BAD 827207933777
BAD 827207933779
BAD 827211833009
BAD 827211833011
BAD 827212391333
BAD 827287305883
BAD 827287305893
BAD 827287305899
BAD 827293630571
BAD 827293630573
BAD 827320903639
BAD 827320903711
BAD 827322172933
BAD 827366673499
BAD 827371052551
BAD 827372730383
BAD 827330080393
BAD 827330080397
BAD 827375842171
BAD 827333817361
BAD 827376837211
BAD 827340985069
BAD 827346264683
BAD 827267011267
BAD 827408877923
BAD 827269044263
BAD 827410215017
BAD 827410215019
BAD 827271352889
BAD 827271352891
BAD 827280929933
BAD 827485114403
BAD 827534001769
BAD 827534001773
BAD 827538693061
BAD 827545458841
BAD 827360454673
BAD 827362276241
BAD 827362276243
BAD 827362276249
BAD 827383889279
BAD 827393978431
BAD 827397734183
BAD 827500608973
BAD 827500608983
BAD 827500608997
BAD 827504575333
BAD 827512128431
BAD 827514372079
BAD 827739361753
BAD 827691120163
BAD 827419593283
BAD 827706136163
BAD 827663105543
BAD 827696116579
BAD 827696469167
BAD 827696469169
BAD 827711030789
BAD 827425025821
BAD 827425025827
BAD 827434436821
BAD 827726374259
BAD 827726606573
BAD 827732538961
BAD 827732538977
BAD 827733892633
BAD 827733892637
BAD 827630730077
BAD 827449404667
BAD 827453250731
BAD 827453250733
BAD 827461046249
BAD 827464226101
BAD 827473989731
BAD 827476325413
BAD 827476325419
BAD 827605772783
BAD 827480054311
BAD 827480461823
BAD 827480461837
BAD 827584314853
BAD 827551949603
BAD 827587526329
BAD 827555716963
BAD 827558352679
BAD 827520431161
BAD 827520713869
BAD 827520776923
BAD 827521384223
BAD 827597525773
BAD 827522871317
BAD 827522871319
BAD 827522871323
BAD 827638942981
BAD 827530100581
BAD 827675962699
BAD 827675962703
BAD 827815889011
BAD 827785430767
BAD 827786301049
BAD 827786301053
BAD 827786495203
BAD 827786744893
BAD 827798100413
BAD 827858615821
BAD 827860558823
BAD 827862874847
BAD 827753109683
BAD 827761294859
BAD 827761294861
BAD 827775186781
BAD 827870943091
BAD 827903619911
BAD 827875962559
BAD 827905841317
BAD 827957853301
BAD 827919358459
BAD 827922168361
BAD 827896801817
BAD 827896801819
BAD 827922720221
BAD 827922720223
BAD 827915586461
BAD 827820717029
BAD 827829890683
BAD 827836024891
BAD 827844301393
BAD 827936703557
BAD 827936703589
BAD 827942376269
BAD 827942376271
BAD 827944867753
BAD 827944867759
BAD 828172977581
BAD 828172977587
BAD 828172977589
BAD 827974958539
BAD 828144574009
BAD 828146001547
BAD 828189764821
BAD 828193480691
BAD 828193869341
BAD 828193869343
BAD 828018617887
BAD 828019055713
BAD 828032618993
BAD 828120634603
BAD 828120634613
BAD 828125328367
BAD 828306816737
BAD 828306816739
BAD 828296304601
BAD 828096218731
BAD 828096218737
BAD 828296836753
BAD 828298771903
BAD 828258760319
BAD 828258760321
BAD 828100321163
BAD 828100321219
BAD 828239541893
BAD 828073695973
BAD 828073695983
BAD 828054529429
BAD 828055756027
BAD 828055756037
BAD 828055756039
BAD 828055808549
BAD 828055808551
BAD 828059665493
BAD 828083804423
BAD 828085159621
BAD 828085195591
BAD 828086556961
BAD 828086556967
BAD 828065459107
BAD 828158670413
BAD 828052615633
BAD 828339696103
BAD 828340695493
BAD 828341968793
BAD 828345609979
BAD 828351200569
BAD 828351200581
BAD 828351200641
BAD 828351470503
BAD 828351470509
BAD 828204153703
BAD 828209836151
BAD 828322666049
BAD 828322666051
BAD 828324898811
BAD 828324898813
BAD 828415516777
BAD 828415672999
BAD 828415673017
BAD 828415673021
BAD 828330348301
BAD 828404079649
BAD 828404079653
BAD 828336835033
BAD 828336835037
BAD 828221752231
BAD 828227154901
BAD 828447240169
BAD 828450263177
BAD 828234576277
BAD 828234576283
BAD 828234576289
BAD 828234576293
BAD 828374247829
BAD 828374247889
BAD 828374247893
BAD 828369186661
BAD 828371518967
BAD 828426961183
BAD 828433526653
BAD 828455955799
BAD 828457565347
BAD 828525137761
BAD 828526089421
BAD 828461939363
BAD 828535143299
BAD 828465710029
BAD 828465710041
BAD 828470380043
BAD 828470380069
BAD 828576626573
BAD 828581162141
BAD 828581162161
BAD 828591928751
BAD 828591928753
BAD 828595329917
BAD 828744290467
BAD 828744290477
BAD 828507146983
BAD 828507146989
BAD 828753555293
BAD 828753555299
BAD 828732527353
BAD 828511551493
BAD 828511551499
BAD 828511551503
BAD 828511551509
BAD 828513719153
BAD 828738859219
BAD 828738859231
BAD 828777194983
BAD 828779456831
BAD 828779456833
BAD 828779456837
BAD 828779456839
BAD 828779456929
BAD 828779456933
BAD 828779456941
BAD 828779456951
BAD 828779456963
BAD 828779456993
BAD 828779457001
BAD 828561545689
BAD 828790623007
BAD 828566179813
BAD 828566179817
BAD 828573060197
BAD 828573060199
BAD 828633705271
BAD 828641296943
BAD 828828270857
BAD 828835600913
BAD 828674251267
BAD 828657379663
BAD 828677788537
BAD 828661511581
BAD 828661546301
BAD 828661546303
BAD 828685023643
BAD 828685023653
BAD 828667620419
BAD 828667620421
BAD 828689708831
BAD 828668025331
BAD 828668914259
BAD 828672683627
BAD 828763072061
BAD 828763072063
BAD 828763072069
BAD 828765332561
BAD 828771438841
BAD 828927349057
BAD 828931010539
BAD 828938136293
BAD 828863097353
BAD 828863097367
BAD 828869864087
BAD 828869864089
BAD 828869864113
BAD 828871015081
BAD 828871015087
BAD 828871015103
BAD 828947482981
BAD 828950545837
BAD 828958040881
BAD 828958040893
BAD 828798577703
BAD 828801112141
BAD 828878156971
BAD 828878157031
BAD 828879556969
BAD 828888718807
BAD 828888718811
BAD 828888718813
BAD 829001910343
BAD 829004856397
BAD 828894915733
BAD 828901185661
BAD 828911583397
BAD 829011155993
BAD 828923835083
BAD 829013497267
BAD 828923835101
BAD 828923835169
BAD 828852185393
BAD 829064768621
BAD 829067662363
BAD 829069380229
BAD 829069380233
BAD 829069784663
BAD 829070199877
BAD 829112378821
BAD 829114816459
BAD 829115788877
BAD 829197284959
BAD 829228284799
BAD 829228284889
BAD 829228284901
BAD 829029393923
BAD 828967784053
BAD 828967784063
BAD 828969724189
BAD 828970459013
BAD 828978081229
BAD 828978081241
BAD 828979190929
BAD 828979190933
BAD 828979190951
BAD 828979190953
BAD 828979190959
BAD 828982724959
BAD 829312112243
BAD 829312112261
BAD 829315090091
BAD 829319865469
BAD 829319865481
BAD 829320347747
BAD 829320347749
BAD 829320857809
BAD 829326326989
BAD 829081010209
BAD 829375545179
BAD 829375545181
BAD 829403036017
BAD 829406983987
BAD 829090325519
BAD 829090325521
BAD 829090325527
BAD 829410817139
BAD 829092967931
BAD 829215626489
BAD 829215626557
BAD 829439576113
BAD 829220113543
BAD 829441741351
BAD 829127346683
BAD 829168436983
BAD 829168436989
BAD 829169952229
BAD 829144296319
BAD 829145255027
BAD 829172075759
BAD 829172075761
BAD 829172075801
BAD 829172075803
BAD 829153446421
BAD 829157265661
BAD 829157265667
BAD 829448236391
BAD 829458301327
BAD 829459348163
BAD 829461623129
BAD 829380297169
BAD 829380297173
BAD 829382509411
BAD 829480364459
BAD 829480739491
BAD 829273846403
BAD 829274020591
BAD 829274020613
BAD 829274474401
BAD 829491835699
BAD 829276519523
BAD 829492917443
BAD 829492917481
BAD 829303999103
BAD 829303999109
BAD 829311155929
BAD 829356910457
BAD 829340725351
BAD 829340725357
BAD 829549173001
BAD 829557308551
BAD 829559828527
BAD 829560478193
BAD 829605041663
BAD 829585845799
BAD 829585845811
BAD 829585845821
BAD 829501566919
BAD 829529846063
BAD 829532394083
BAD 829651346333
BAD 829655249083
BAD 829655249089
BAD 829519194499
BAD 829519414921
BAD 829661254351
BAD 829523162989
BAD 829526152031
BAD 829526152033
BAD 829529440153
BAD 829765407631
BAD 829836087433
BAD 829845217153
BAD 829845217169
BAD 829845217171
BAD 829826277799
BAD 829907913631
BAD 829907913643
BAD 829907913647
BAD 829907913649
BAD 829735956263
BAD 829738363471
BAD 829739565859
BAD 829742068523
BAD 829742068579
BAD 829742068583
BAD 829618552759
BAD 829618635823
BAD 829744124423
BAD 829664759611
BAD 829665186949
BAD 829622966287
BAD 829626225599
BAD 829626225601
BAD 829629566119
BAD 829677340013
BAD 829932222739
BAD 829932222751
BAD 829918911473
BAD 829919860799
BAD 829919860801
BAD 829921076737
BAD 829935903889
BAD 829935903967
BAD 829935903989
BAD 829935903991
BAD 829939396487
BAD 829949495209
BAD 829949495213
BAD 829949868563
BAD 829942603859
BAD 829782407437
BAD 829784759899
BAD 829790643793
BAD 829863726859
BAD 829863726863
BAD 829714871449
BAD 829882313489
BAD 829892253713
BAD 829727686171
BAD 829631838493
BAD 829640743291
BAD 829640743307
BAD 829747779319
BAD 829747779323
BAD 829747779331
BAD 829749842081
BAD 829749842083
BAD 829871110049
BAD 829871110051
BAD 829709334767
BAD 829709334787
BAD 829710340471
BAD 829710340477
BAD 829873424533
BAD 829711517359
BAD 829974252893
BAD 829974280501
BAD 829800892253
BAD 829803131303
BAD 829805076983
BAD 829694218447
BAD 829694218453
BAD 829988742277
BAD 829998808943
RANGE 820000000000 830000000000 PRIMES 364445911 BAD 1753
