BAD 860074996003
BAD 860078783911
BAD 860078783917
BAD 860264358307
BAD 860264358313
BAD 860134681537
BAD 860092101109
BAD 860097288031
BAD 860142022513
BAD 860105848711
BAD 860297184503
BAD 860109500863
BAD 860175239851
BAD 860112566063
BAD 860126000311
BAD 860126000317
BAD 860128113259
BAD 860128113263
BAD 860389928423
BAD 860391841937
BAD 860395665589
BAD 860269697327
BAD 860269914487
BAD 860361384199
BAD 860361384203
BAD 860272870579
BAD 860275343537
BAD 860275343539
BAD 860346950377
BAD 860309518843
BAD 860309574079
BAD 860322575989
BAD 860322575999
BAD 860238881713
BAD 860220029177
BAD 860245179359
BAD 860245179361
BAD 860246197627
BAD 860220451339
BAD 860249154181
BAD 860226273773
BAD 860226273793
BAD 860226273799
BAD 860226273821
BAD 860207658703
BAD 860210568913
BAD 860234559103
BAD 860217260531
BAD 860217260533
BAD 860217260537
BAD 860217260543
BAD 860538587707
BAD 860550273767
BAD 860550273769
BAD 860552691293
BAD 860441981059
BAD 860443829933
BAD 860444690593
BAD 860444690603
BAD 860449571029
BAD 860449861889
BAD 860449861891
BAD 860449861913
BAD 860452665739
BAD 860452665749
BAD 860556035863
BAD 860559799793
BAD 860560841149
BAD 860561337637
BAD 860561337641
BAD 860456292929
BAD 860456292931
BAD 860458992301
BAD 860566671667
BAD 860587571359
BAD 860602379113
BAD 860489819369
BAD 860493804463
BAD 860637666631
BAD 860503286459
BAD 860639750629
BAD 860640157651
BAD 860607997441
BAD 860641180339
BAD 860610810547
BAD 860611609717
BAD 860615697661
BAD 860652701683
BAD 860665359601
BAD 860666372221
BAD 860670341563
BAD 860743609387
BAD 860751764491
BAD 860751764497
BAD 860704916299
BAD 860720437667
BAD 860720437669
BAD 860733524603
BAD 860733524611
BAD 860737482599
BAD 860737482601
BAD 860737482623
BAD 860503768879
BAD 860524978381
BAD 860528344399
BAD 860782279127
BAD 860782279129
BAD 860782279141
BAD 860782279171
BAD 860678249149
BAD 860782495831
BAD 860699421259
BAD 860700710609
BAD 860823673219
BAD 860824071031
BAD 860824071043
BAD 860824285837
BAD 860512271491
BAD 860628983017
BAD 860628983021
BAD 860629782811
BAD 860795089423
BAD 860764999921
BAD 860821464287
BAD 860821464289
BAD 860768612153
BAD 860768612159
BAD 860768612161
BAD 860768612167
BAD 860768702971
BAD 860802294983
BAD 860803538227
BAD 860836582951
BAD 860804323591
BAD 860880115709
BAD 860925820723
BAD 860925820751
BAD 860925820753
BAD 860927407807
BAD 860933881463
BAD 860935395919
BAD 860956673749
BAD 860957870363
BAD 860957870369
BAD 860957870371
BAD 860973251573
BAD 860976506557
BAD 860969178571
BAD 860995811899
BAD 860988455399
BAD 861004482421
BAD 861004482427
BAD 861011686547
BAD 861191786251
BAD 861191786281
BAD 861201380203
BAD 861206977639
BAD 860950677599
BAD 860950677607
BAD 861143241997
BAD 861143242027
BAD 860909634503
BAD 860913278179
BAD 860913278191
BAD 860920289903
BAD 861077053609
BAD 861078384227
BAD 861079984381
BAD 861026985971
BAD 861029591203
BAD 861033940771
BAD 861245945701
BAD 861247019029
BAD 861247019033
BAD 861090087083
BAD 861251136379
BAD 861251136433
BAD 861251136443
BAD 861261833569
BAD 861261833573
BAD 861265437691
BAD 861272445793
BAD 861232333903
BAD 861097059443
BAD 861238976977
BAD 861107013737
BAD 861107013751
BAD 861107013757
BAD 861289078303
BAD 861060092177
BAD 861060092213
BAD 861060640907
BAD 861061069447
BAD 861314472803
BAD 861315688213
BAD 861317793563
BAD 861213081373
BAD 861216471697
BAD 861221916439
BAD 861222426089
BAD 861222426091
BAD 861158318497
BAD 861339897403
BAD 861339897427
BAD 861339897433
BAD 861339897437
BAD 861041477581
BAD 861041477603
BAD 861044302163
BAD 861051322433
BAD 861053996119
BAD 861053996123
BAD 861361625599
BAD 861116078261
BAD 861364452679
BAD 861366303461
BAD 861366303463
BAD 861366303467
BAD 861118902323
BAD 861367375441
BAD 861373496303
BAD 861373496309
BAD 861423321397
BAD 861188090029
BAD 861375740143
BAD 861399777881
BAD 861401503247
BAD 861401503253
BAD 861347920921
BAD 861351663671
BAD 861357290569
BAD 861506946493
BAD 861430478609
BAD 861430478611
BAD 861435162871
BAD 861435460997
BAD 861447673967
BAD 861447673969
BAD 861447673973
BAD 861448748689
BAD 861448748791
BAD 861438819979
BAD 861517391701
BAD 861517391717
BAD 861517391719
BAD 861526780613
BAD 861532834039
BAD 861538676863
BAD 861626422381
BAD 861627167581
BAD 861644909207
BAD 861730896493
BAD 861651201947
BAD 861546043549
BAD 861657804277
BAD 861759525587
BAD 861566140093
BAD 861573845879
BAD 861602722111
BAD 861603876317
BAD 861604057243
BAD 861712562377
BAD 861462125039
BAD 861479995381
BAD 861779000323
BAD 861786845503
BAD 861787915477
BAD 861793642163
BAD 861765595519
BAD 861775980853
BAD 861661143439
BAD 861669349169
BAD 861669349171
BAD 861880835603
BAD 861881673539
BAD 861695257307
BAD 861695257309
BAD 861884592421
BAD 861637551017
BAD 861795738511
BAD 861710884981
BAD 861812813269
BAD 861813174151
BAD 861814194457
BAD 861814194469
BAD 861814194473
BAD 861851674447
BAD 861896775071
BAD 861896775073
BAD 861900867727
BAD 861948340013
BAD 861913311829
BAD 861949694407
BAD 861949694413
BAD 861949694423
BAD 861917867299
BAD 861917867303
BAD 861955491049
BAD 861955491053
BAD 861956341357
BAD 861942616453
BAD 861925314421
BAD 861927556531
BAD 861981933803
BAD 861983452073
BAD 861993205573
BAD 861993205583
BAD 861993205597
BAD 861862297969
BAD 861864766649
BAD 861867746849
BAD 861867746851
BAD 862133833597
BAD 862133833601
BAD 862191343219
BAD 862137808013
BAD 862197765607
BAD 862144300891
BAD 861976210499
BAD 861976751393
BAD 862289951071
BAD 862289951077
BAD 862335894139
BAD 862021912679
BAD 862021912681
BAD 862299893641
BAD 862300211527
BAD 862314451729
BAD 862353005471
BAD 862353005473
BAD 862353005483
BAD 862165764337
BAD 862357994489
BAD 862169075423
BAD 862170914749
BAD 862170914753
BAD 862173995821
BAD 862179802459
BAD 862179802501
BAD 862180222261
BAD 862033469513
BAD 862033469519
BAD 862033697281
BAD 862066291459
BAD 862066291477
BAD 862073556109
BAD 862060879117
BAD 862216768759
BAD 862216768771
BAD 862216775479
BAD 862209963163
BAD 862230399967
BAD 862390337143
BAD 862396735007
BAD 862396735009
BAD 862232184973
BAD 862235980849
BAD 862236970663
BAD 862248882863
BAD 862255573801
BAD 862255573807
BAD 862405313753
BAD 862406868893
BAD 862407513899
BAD 862407513901
BAD 862408093039
BAD 862428755161
BAD 862429988419
BAD 862467799483
BAD 862467799493
BAD 862501204897
BAD 862513468213
BAD 862526232613
BAD 862545973249
BAD 862548260027
BAD 862433037923
BAD 862446220133
BAD 862446220147
BAD 862446220151
BAD 862775980609
BAD 862775980643
BAD 862783052941
BAD 862804956137
BAD 862806359221
BAD 862808149309
BAD 862822369009
BAD 862823813287
BAD 862828185103
BAD 862830145733
BAD 862461022711
BAD 862672020493
BAD 862672020499
BAD 862608043211
BAD 862608043223
BAD 862677014333
BAD 862696781809
BAD 862854622699
BAD 862856412799
BAD 862864076639
BAD 862864076651
BAD 862870629037
BAD 862870629041
BAD 862870629043
BAD 862872409837
BAD 862754801773
BAD 862851303163
BAD 862851303169
BAD 862877724649
BAD 862877724781
BAD 862757603209
BAD 862645135717
BAD 862761031949
BAD 862618548991
BAD 862735375687
BAD 862735375693
BAD 862736487307
BAD 862736487313
BAD 862741173649
BAD 862627732339
BAD 862749065993
BAD 862581850733
BAD 862582738909
BAD 862702629913
BAD 862946693857
BAD 862950549523
BAD 862728865133
BAD 862704868471
BAD 862706840777
BAD 862732622099
BAD 862711212829
BAD 862714504163
BAD 862956811489
BAD 862956811501
BAD 862957892663
BAD 862957892689
BAD 862970102971
BAD 862970102977
BAD 862968880223
BAD 862968880237
BAD 862921534781
BAD 862921534789
BAD 862933821487
BAD 862990711153
BAD 862994022139
BAD 862998312691
BAD 862998312697
BAD 863061472991
BAD 863061472993
BAD 863068030079
BAD 863068030081
BAD 863087079593
BAD 863087079601
BAD 863088948749
BAD 863011296181
BAD 863011979023
BAD 863018106817
BAD 863098179379
BAD 863019861667
BAD 863370389839
BAD 863074114327
BAD 863079075233
BAD 863307601081
BAD 863307601087
BAD 863189510527
BAD 863189510531
BAD 863189510569
BAD 863316906323
BAD 863195781031
BAD 863195781037
BAD 863199203003
BAD 863255185943
BAD 863255185951
BAD 863255185963
BAD 863257892659
BAD 863260438477
BAD 863261913193
BAD 863270492713
BAD 863295313723
BAD 863295313733
BAD 863295313739
BAD 863221322219
BAD 863221322221
BAD 863303043067
BAD 863303408213
BAD 863304153307
BAD 863232675343
BAD 863232675353
BAD 863232675359
BAD 863182716203
BAD 863346670663
BAD 863026929803
BAD 863240948573
BAD 863351123003
BAD 863031544751
BAD 863353240543
BAD 863353240549
BAD 863353240553
BAD 863284879729
BAD 863284879733
BAD 863033159341
BAD 863382724489
BAD 863385869911
BAD 863217826201
BAD 863109000997
BAD 863109001003
BAD 863111942579
BAD 863111942603
BAD 863116542319
BAD 863116542331
BAD 863116542383
BAD 863120479489
BAD 863120479493
BAD 863121113149
BAD 863122012477
BAD 863128533739
BAD 863136409789
BAD 863399513329
BAD 863400907099
BAD 863421465523
BAD 863445393301
BAD 863445432697
BAD 863445432701
BAD 863445432713
BAD 863540332637
BAD 863540332639
BAD 863524454509
BAD 863524454521
BAD 863545637917
BAD 863534420621
BAD 863498343143
BAD 863500206119
BAD 863516625893
BAD 863489331259
BAD 863427235261
BAD 863435185783
BAD 863775057293
BAD 863784436609
BAD 863787519253
BAD 863787519263
BAD 863787519269
BAD 863790601393
BAD 863790601411
BAD 863790601417
BAD 863746281833
BAD 863747471359
BAD 863747471417
BAD 863747471423
BAD 863747793949
BAD 863752460359
BAD 863752460413
BAD 863752460419
BAD 863593132433
BAD 863792300851
BAD 863627147927
BAD 863573956247
BAD 863573956249
BAD 863573956253
BAD 863576510383
BAD 863581038979
BAD 863584324433
BAD 863584324439
BAD 863679057313
BAD 863669403563
BAD 863759327153
BAD 863686582909
BAD 863765956399
BAD 863767340519
BAD 863767340533
BAD 863767340539
BAD 863767340543
BAD 863612250019
BAD 863736169333
BAD 863615073791
BAD 863615073793
BAD 863619144617
BAD 863619144623
BAD 863640691159
BAD 863640691163
BAD 863640691169
BAD 863640691171
BAD 863825636657
BAD 863825636659
BAD 863865217573
BAD 863872271833
BAD 863874098309
BAD 863844928363
BAD 863854182601
BAD 863994620497
BAD 863994620513
BAD 863995261501
BAD 863904308359
BAD 863943415873
BAD 864003192727
BAD 864003192733
BAD 864004711993
BAD 863952779219
BAD 863882204687
BAD 863883499279
BAD 863983763543
BAD 863888147821
BAD 863970696671
BAD 863970696683
BAD 863970696691
BAD 863972980379
BAD 863911365563
BAD 863928183499
BAD 863928676081
BAD 863930856293
BAD 863930856301
BAD 863934819623
BAD 863934819637
BAD 863934819653
BAD 864241124569
BAD 864039241999
BAD 864180125077
BAD 864061158517
BAD 864052487219
BAD 864052487261
BAD 864188276977
BAD 864188276989
BAD 864066424687
BAD 864131802943
BAD 864083452321
BAD 864085049603
BAD 864090937519
BAD 864091581677
BAD 864091581679
BAD 864146500051
BAD 864147087949
BAD 864149455457
BAD 864149455459
BAD 864150361057
BAD 864151733881
BAD 864253827407
BAD 864257041387
BAD 864257041391
BAD 864257041393
BAD 864257041397
BAD 864257041399
BAD 864286936111
BAD 864312410851
BAD 864308859653
BAD 864308859803
BAD 864308859809
BAD 864308859811
BAD 864355404973
BAD 864292710947
BAD 864294629971
BAD 864112890481
BAD 864322487863
BAD 864322487911
BAD 864272897861
BAD 864123061531
BAD 864125111089
BAD 864125111093
BAD 864125111099
BAD 864200881937
BAD 864200881939
BAD 864206310073
BAD 864211714879
BAD 864216242111
BAD 864383593399
BAD 864424093339
BAD 864425949719
BAD 864425949721
BAD 864396860059
BAD 864405803887
BAD 864408929851
BAD 864430116559
BAD 864496662247
BAD 864452339419
BAD 864452339423
BAD 864455437283
BAD 864455437289
BAD 864455437291
BAD 864501570497
BAD 864462235003
BAD 864462235009
BAD 864482427191
BAD 864482427203
BAD 864482427217
BAD 864509187511
BAD 864473037931
BAD 864473037937
BAD 864475323643
BAD 864477866489
BAD 864528545401
BAD 864529062643
BAD 864529385047
BAD 864659696507
BAD 864603774889
BAD 864611143351
BAD 864589245769
BAD 864538036289
BAD 864538036291
BAD 864538036409
BAD 864614027843
BAD 864541830983
BAD 864618732227
BAD 864622551061
BAD 864553328153
BAD 864555861353
BAD 864627903683
BAD 864643311989
BAD 864643311991
BAD 864644120903
BAD 864767268751
BAD 864698824049
BAD 864698824051
BAD 864698824063
BAD 864698824069
BAD 864698824111
BAD 864711591119
BAD 864798521731
BAD 864798521737
BAD 864681551009
BAD 864681686707
BAD 864683791201
BAD 864683877803
BAD 864569505143
BAD 864569505157
BAD 864694460059
BAD 864758297413
BAD 864760458721
BAD 864762224881
BAD 864716751053
BAD 864720081913
BAD 864720309857
BAD 864720309863
BAD 864722449649
BAD 864722449651
BAD 864744397813
BAD 864885788257
BAD 864850146319
BAD 864854826887
BAD 864854826923
BAD 864858458281
BAD 864940646083
BAD 864941172817
BAD 864869898559
BAD 864955324501
BAD 864860174753
BAD 864918260449
BAD 864961777081
BAD 864873960091
BAD 864873960103
BAD 864965636683
BAD 864965636687
BAD 864878323129
BAD 864924923183
BAD 864906252809
BAD 864931895623
BAD 864931895627
BAD 864931895629
BAD 864980092111
BAD 864983222617
BAD 864983222641
BAD 864983873297
BAD 865022217967
BAD 865022217979
BAD 864984673379
BAD 864984673381
BAD 865027501621
BAD 864991828859
BAD 864991828861
BAD 864997648483
BAD 865053098671
BAD 865054968299
BAD 865054968301
BAD 865063455989
BAD 865047170437
BAD 865048595023
BAD 865048595027
BAD 865048595029
BAD 865190749391
BAD 865190749393
BAD 865200135649
BAD 865000855687
BAD 865004306291
BAD 865004306293
BAD 865004306297
BAD 865013361539
BAD 865013361599
BAD 865013361601
BAD 865014509003
BAD 865243485193
BAD 865171518901
BAD 865171518907
BAD 865159091117
BAD 865159091119
BAD 865159091123
BAD 865146805463
BAD 865117466687
BAD 865083917119
BAD 865083917123
BAD 865084819631
BAD 865128300541
BAD 865131159007
BAD 865133077883
BAD 865202133031
BAD 865257902507
BAD 865258341683
BAD 865258341691
BAD 865259171873
BAD 865268021473
BAD 865271404763
BAD 865273929473
BAD 865321393949
BAD 865321394057
BAD 865321394059
BAD 865219486429
BAD 865220301443
BAD 865222378487
BAD 865429236953
BAD 865296759689
BAD 865360981591
BAD 865389855503
BAD 865440319369
BAD 865392014239
BAD 865392014243
BAD 865392014257
BAD 865392014269
BAD 865392014287
BAD 865445969581
BAD 865394472113
BAD 865394472133
BAD 865395460949
BAD 865395460957
BAD 865404309683
BAD 865344540299
BAD 865344540301
BAD 865344540317
BAD 865472654171
BAD 865472654191
BAD 865406841529
BAD 865412300243
BAD 865415460779
BAD 865415460781
BAD 865415460799
BAD 865371944809
BAD 865372826333
BAD 865373406349
BAD 865464111949
BAD 865464111961
BAD 865466339743
BAD 865379422381
BAD 865493147447
BAD 865499618507
BAD 865510700797
BAD 865510700807
BAD 865510700809
BAD 865516933133
BAD 865516933147
BAD 865516960423
BAD 865516960433
BAD 865524288179
BAD 865538139889
BAD 865547896141
BAD 865658324659
BAD 865665927901
BAD 865570658101
BAD 865640511529
BAD 865642831891
BAD 865608803779
BAD 865608803819
BAD 865608803821
BAD 865643791171
BAD 865609520131
BAD 865611284233
BAD 865645521977
BAD 865772797853
BAD 865648575563
BAD 865649516581
BAD 865777896637
BAD 865780809373
BAD 865780809379
BAD 865783610191
BAD 865588359871
BAD 865831809863
BAD 865832983357
BAD 865812947873
BAD 865792258943
BAD 865821129181
BAD 865706297153
BAD 865801648997
BAD 865801649003
BAD 865711554373
BAD 865717772209
BAD 865718428943
BAD 865763957803
BAD 865768193021
BAD 865750158293
BAD 865750158347
BAD 865754505197
BAD 865754505199
BAD 865839851621
BAD 865839851663
BAD 865883178803
BAD 865884728963
BAD 865885188403
BAD 865886626729
BAD 865621257511
BAD 865628400151
BAD 865867083811
BAD 865893283193
BAD 865915107619
BAD 866142449959
BAD 866148392959
BAD 865961635873
BAD 865961635901
BAD 865961635909
BAD 865965289933
BAD 866154133409
BAD 865969397009
BAD 865969397011
BAD 865972452089
BAD 865972452091
BAD 865972452097
BAD 866043746131
BAD 866044932089
BAD 866044932091
BAD 866055390943
BAD 866060762627
BAD 866060762629
BAD 866090930443
BAD 866090930447
BAD 866090930449
BAD 866091534109
BAD 865922795497
BAD 866097954349
BAD 866097954353
BAD 866159902171
BAD 866162596477
BAD 866104177069
BAD 866168823901
BAD 866080818833
BAD 866080818839
BAD 866126901001
BAD 866126901007
BAD 866087509531
BAD 865933569469
BAD 865936073183
BAD 865938584023
BAD 865938584033
BAD 866014918633
BAD 866022864533
BAD 866005349333
BAD 866005349479
BAD 865973291779
BAD 865973291803
BAD 865976325469
BAD 866244830723
BAD 866244830729
BAD 866205976117
BAD 866029343929
BAD 866252676713
BAD 866259123811
BAD 866108732183
BAD 866121368551
BAD 866121368557
BAD 866283564043
BAD 866178105361
BAD 866178268531
BAD 866287713989
BAD 866188418903
BAD 866378269891
BAD 866378565229
BAD 866218387093
BAD 866221492163
BAD 866361297023
BAD 866293394311
BAD 866443617989
BAD 866301055861
BAD 866302549043
BAD 866302549051
BAD 866334062021
BAD 866334062023
BAD 866341381127
BAD 866341381211
BAD 866432729321
BAD 866230412101
BAD 866236363819
BAD 866410384219
BAD 866402043379
BAD 866403249163
BAD 866408446681
BAD 866408446703
BAD 866408446711
BAD 866417814967
BAD 866420221999
BAD 866420222011
BAD 866425275017
BAD 866425275019
BAD 866425275029
BAD 866425275031
BAD 866313796531
BAD 866313796561
BAD 866318784413
BAD 866320988311
BAD 866474913869
BAD 866480540581
BAD 866480540587
BAD 866598627743
BAD 866598627749
BAD 866600476397
BAD 866607414863
BAD 866609503171
BAD 866562277583
BAD 866667673369
BAD 866667673381
BAD 866674609651
BAD 866549698691
BAD 866678984489
BAD 866678984491
BAD 866679325951
BAD 866679325969
BAD 866679326017
BAD 866681565751
BAD 866551440563
BAD 866684549153
BAD 866556345383
BAD 866556345401
BAD 866556345409
BAD 866557567217
BAD 866693311543
BAD 866693311579
BAD 866837100197
BAD 866613956191
BAD 866713132189
BAD 866713132193
BAD 866774447137
BAD 866718248597
BAD 866814568729
BAD 866819331061
BAD 866819331073
BAD 866626513399
BAD 866740809307
BAD 866628747541
BAD 866631407401
BAD 866631407507
BAD 866707618333
BAD 866707618349
BAD 866758209049
BAD 866507419139
BAD 866533781401
BAD 866533781419
BAD 866537320973
BAD 866537321063
BAD 866645367571
BAD 866582899943
BAD 866591537683
BAD 866897945423
BAD 866879756657
BAD 866894714407
BAD 866933179711
BAD 866937776297
BAD 866937776303
BAD 866938410661
BAD 866938410893
BAD 866970278351
BAD 866942955107
BAD 866942955113
BAD 866942955119
BAD 866942955121
BAD 866973118943
BAD 867037073437
BAD 867039618631
BAD 867040851713
BAD 867041649557
BAD 867041649559
BAD 867041649563
BAD 866996328533
BAD 866996328571
BAD 867000031123
BAD 866914499293
BAD 866922347443
BAD 866924609393
BAD 867111264263
BAD 867111264311
BAD 867016303277
BAD 866862275039
BAD 867023303989
BAD 867073827049
BAD 867095937413
BAD 866947317331
BAD 867154178851
BAD 867160463047
BAD 867116919307
BAD 867116919311
BAD 867116919313
BAD 866951142067
BAD 867134909761
BAD 867134909779
BAD 867134909783
BAD 866953430531
BAD 866953430533
BAD 867124301479
BAD 867129174781
BAD 867129916693
BAD 867129916699
BAD 867253254053
BAD 867261783151
BAD 867223249777
BAD 867224577353
BAD 867230434397
BAD 867164001167
BAD 867166434949
BAD 867167410201
BAD 867208357621
BAD 867176282177
BAD 867176282179
BAD 867176407819
BAD 867177693139
BAD 867177693143
BAD 867194374471
BAD 867180019907
BAD 867267981823
BAD 867318516637
BAD 867318574279
BAD 867321941119
BAD 867416753971
BAD 867416753977
BAD 867416932643
BAD 867283031513
BAD 867284906659
BAD 867284906671
BAD 867285473603
BAD 867333502843
BAD 867334845823
BAD 867334845827
BAD 867334845829
BAD 867334845833
BAD 867334845841
BAD 867429327287
BAD 867293002757
BAD 867343405037
BAD 867343405039
BAD 867296173369
BAD 867377239153
BAD 867407986717
BAD 867350026033
BAD 867351912379
BAD 867352457347
BAD 867352457351
BAD 867352457353
BAD 867356765773
BAD 867468363233
BAD 867458559223
BAD 867525410209
BAD 867539562083
BAD 867539562119
BAD 867528381179
BAD 867531462827
BAD 867464042843
BAD 867464042849
BAD 867464042857
BAD 867548405411
BAD 867548405419
BAD 867504451921
BAD 867578658211
BAD 867578658229
BAD 867583225849
BAD 867559135657
BAD 867562956217
BAD 867802360519
BAD 867802626893
BAD 867744348733
BAD 867744602009
BAD 867747747341
BAD 867747747343
BAD 867715279441
BAD 867715524499
BAD 867715524503
BAD 867799710181
BAD 867799710203
BAD 867761840053
BAD 867831435019
BAD 867699043307
BAD 867652627381
BAD 867655727843
BAD 867658952449
BAD 867592265437
BAD 867592265443
BAD 867592469063
BAD 867665822467
BAD 867599501581
BAD 867601136119
BAD 867853671583
BAD 867853671593
BAD 867931413343
BAD 867906825707
BAD 867912374821
BAD 867935799893
BAD 867935799911
BAD 867935799917
BAD 867937054279
BAD 867943066229
BAD 867943066231
BAD 867947188631
BAD 867950141761
BAD 867950141767
BAD 867950375087
BAD 867951877159
BAD 867951877171
BAD 867951877201
BAD 867951877223
BAD 867673598333
BAD 867881184173
BAD 867881184187
BAD 867882612371
BAD 867848436649
BAD 867965927929
BAD 867968100073
BAD 868121276821
BAD 868129633207
BAD 868132552957
BAD 868006585339
BAD 868105754969
BAD 868106543543
BAD 868107731243
BAD 868107731251
BAD 868023151153
BAD 868023151157
BAD 868023151187
BAD 868026980903
BAD 868117217531
BAD 868117217551
BAD 868117217557
BAD 868034001301
BAD 868048615003
BAD 868090152389
BAD 868051035923
BAD 868101487081
BAD 868101869449
BAD 868101869483
BAD 868101869491
BAD 868060076101
BAD 868061021963
BAD 868142132453
BAD 868063703723
BAD 868146153079
BAD 868146153139
BAD 868146153169
BAD 867997134491
BAD 867997134503
BAD 868205650381
BAD 868212438733
BAD 868253640563
BAD 868253640577
BAD 868223205019
BAD 868227257603
BAD 868193871343
BAD 868193871353
BAD 868378035407
BAD 868378035409
BAD 868384077227
BAD 868384077229
BAD 868384077233
BAD 868157175733
BAD 868386344431
BAD 868386702829
BAD 868176015493
BAD 868176015503
BAD 868176015719
BAD 868316281673
BAD 868162094809
BAD 868162094819
BAD 868320395483
BAD 868320395497
BAD 868321343089
BAD 868321343093
BAD 868169743237
BAD 868186473083
BAD 868186473151
BAD 868427859619
BAD 868427859623
BAD 868432171051
BAD 868434984971
BAD 868434984973
BAD 868406411911
BAD 868396831097
BAD 868417732921
BAD 868450681237
BAD 868482880277
BAD 868342736783
BAD 868345776451
BAD 868354292821
BAD 868333836191
BAD 868516427813
BAD 868525385461
BAD 868525385471
BAD 868525385473
BAD 868547619923
BAD 868551427231
BAD 868552963819
BAD 868552963823
BAD 868554175301
BAD 868554175303
BAD 868554175319
BAD 868554919951
BAD 868531226131
BAD 868532786353
BAD 868532786369
BAD 868532786371
BAD 868574830789
BAD 868575292399
BAD 868674203209
BAD 868674203213
BAD 868584774859
BAD 868684828933
BAD 868615842139
BAD 868621920077
BAD 868590925471
BAD 868791744791
BAD 868791744803
BAD 868799078933
BAD 868802450491
BAD 868779494551
BAD 868779494563
BAD 868813699241
BAD 868828696789
BAD 868823972719
BAD 868823972743
BAD 868823972749
BAD 868832907277
BAD 868832907289
BAD 868834788511
BAD 868834788517
BAD 868562295313
BAD 868562295317
BAD 868562295319
BAD 868643993363
BAD 868643993369
BAD 868646387201
BAD 868646387251
BAD 868876150477
BAD 868878738031
BAD 868658838967
BAD 868663770133
BAD 868663789139
BAD 868668208951
BAD 868668208981
BAD 868668208987
BAD 868713991193
BAD 868713991199
BAD 868715787119
BAD 868693108379
BAD 868724114917
BAD 868701588773
BAD 868701625879
BAD 868925894633
BAD 868918763569
BAD 868924026653
BAD 868924026689
BAD 868942538281
BAD 868945420741
BAD 868960311601
BAD 868960311607
BAD 868960992173
BAD 868992912191
BAD 868996124473
BAD 868996124483
BAD 868970674769
BAD 868972791529
BAD 869002683557
BAD 869002683559
BAD 869005305383
BAD 869005521649
BAD 869005521653
BAD 869005521679
BAD 869007240887
BAD 869007240889
BAD 869051569411
BAD 869051569417
BAD 869051843029
BAD 869058197573
BAD 868861154353
BAD 869032677581
BAD 869037446443
BAD 868874647897
BAD 868874647943
BAD 869097586073
BAD 869097586079
BAD 869097586081
BAD 869097586111
BAD 869097748163
BAD 869097748171
BAD 869088697817
BAD 869102121817
BAD 869138312899
BAD 869142463351
BAD 868905882893
BAD 868907158313
BAD 869178448219
BAD 869180075263
BAD 869180832529
BAD 869185845679
BAD 869193782609
BAD 869221113043
BAD 869221113049
BAD 869311773103
BAD 869315709113
BAD 869316439973
BAD 869317493887
BAD 869325275579
BAD 869332571287
BAD 869335366813
BAD 869327922391
BAD 869339290163
BAD 869166454259
BAD 869302115881
BAD 869173062739
BAD 869173062743
BAD 869352963211
BAD 869357657747
BAD 869202367073
BAD 869203207673
BAD 869249590717
BAD 869371922933
BAD 869371922953
BAD 869253002087
BAD 869259667597
BAD 869259868387
BAD 869398278193
BAD 869398530283
BAD 869398989553
BAD 869398989559
BAD 869400115303
BAD 869400115313
BAD 869403193453
BAD 869404419683
BAD 869381067917
BAD 869433257677
BAD 869433257681
BAD 869433257683
BAD 869385243203
BAD 869385915967
BAD 869385954211
BAD 869387333497
BAD 869483278463
BAD 869483470117
BAD 869442282139
BAD 869464702819
BAD 869393245031
BAD 869393865737
BAD 869489022023
BAD 869467767929
BAD 869468834329
BAD 869474035699
BAD 869478874249
BAD 869450240839
BAD 869413490483
BAD 869419488733
BAD 869421597383
BAD 869421597403
BAD 869526650063
BAD 869561380789
BAD 869572531871
BAD 869589404423
BAD 869597104429
BAD 869611680389
BAD 869611680391
BAD 869625648323
BAD 869676710107
BAD 869678175901
BAD 869694435469
BAD 869694435473
BAD 869496785351
BAD 869496941431
BAD 869498836021
BAD 869757912403
BAD 869757912409
BAD 869530459493
BAD 869538301283
BAD 869767884289
BAD 869921270377
BAD 869927583541
BAD 869984056321
BAD 869993259131
BAD 869993259133
BAD 869995958191
BAD 869997025399
BAD 869997025411
BAD 869998353727
BAD 869651115589
BAD 869868684809
BAD 869868740417
BAD 869838161539
BAD 869840335811
BAD 869840335823
BAD 869844114103
BAD 869844114109
BAD 869846889257
BAD 869781936949
BAD 869795726263
BAD 869795726273
BAD 869795726281
BAD 869886729707
BAD 869886729709
BAD 869850100081
BAD 869851305283
BAD 869798809391
BAD 869891436133
BAD 869821595693
BAD 869804547019
BAD 869827569043
BAD 869829704059
BAD 869829704063
BAD 869830265939
BAD 869830688417
BAD 869956369967
BAD 869814142517
BAD 869899793783
BAD 869907366641
BAD 869907366649
BAD 869705867843
BAD 869706328531
BAD 869936341973
BAD 869939044757
BAD 869939044759
BAD 869939044787
BAD 869939044789
BAD 869939733473
BAD 869945505763
RANGE 860000000000 870000000000 PRIMES 363815350 BAD 1524
