BAD 580052634781
BAD 580201526633
BAD 580235656501
BAD 580103174509
BAD 580336416113
BAD 580204643041
BAD 580104195751
BAD 580104267451
BAD 580358346583
BAD 580206826819
BAD 580239673903
BAD 580374516023
BAD 580108566511
BAD 580108566529
BAD 580108566533
BAD 580108566539
BAD 580108566551
BAD 580062152357
BAD 580062152359
BAD 580364615533
BAD 580065963941
BAD 580065963943
BAD 580245980273
BAD 580366667929
BAD 580366778377
BAD 580367585747
BAD 580248900727
BAD 580248900739
BAD 580348609447
BAD 580251202649
BAD 580251202651
BAD 580384395863
BAD 580321674901
BAD 580326422623
BAD 580329645691
BAD 580329645719
BAD 580331570303
BAD 580331570341
BAD 580119150343
BAD 580033573003
BAD 580152628411
BAD 580035144053
BAD 580035510811
BAD 580126470151
BAD 580154763143
BAD 580126686317
BAD 580126686319
BAD 580126686343
BAD 580154895611
BAD 580154895613
BAD 580155457853
BAD 580039393543
BAD 580130338111
BAD 580130425403
BAD 580130509169
BAD 580188945001
BAD 580041813607
BAD 580160164981
BAD 580043789503
BAD 580043789509
BAD 580043789513
BAD 580134043903
BAD 580191044359
BAD 580134043913
BAD 580087207363
BAD 580193317079
BAD 580165262113
BAD 580165262153
BAD 580193846699
BAD 580089508787
BAD 580089508813
BAD 580090898749
BAD 580091888053
BAD 580092002977
BAD 580198937873
BAD 580049673761
BAD 580023958121
BAD 580023958123
BAD 580031759929
BAD 580032727103
BAD 580173151163
BAD 580176642863
BAD 580220846369
BAD 580220846371
BAD 580180874347
BAD 580180874389
BAD 580004285197
BAD 580222906693
BAD 580291739827
BAD 580006564849
BAD 580006564853
BAD 580254021443
BAD 580309136611
BAD 580296380669
BAD 580296512423
BAD 580068207503
BAD 580068221597
BAD 580068221599
BAD 580386645721
BAD 580386645767
BAD 580312291787
BAD 580312291789
BAD 580387535137
BAD 580298315749
BAD 580010801521
BAD 580010801527
BAD 580388532349
BAD 580388802467
BAD 580313087443
BAD 580013811149
BAD 580013811151
BAD 580014344293
BAD 580233634831
BAD 580073756303
BAD 580316861521
BAD 580316983349
BAD 580317314329
BAD 580317314333
BAD 580278604757
BAD 580278604777
BAD 580078133717
BAD 580080738841
BAD 580083785339
BAD 580083785341
BAD 580402273103
BAD 580140784541
BAD 580140784543
BAD 580140784547
BAD 580140784549
BAD 580140784583
BAD 580143396673
BAD 580143396683
BAD 580146848327
BAD 580473559979
BAD 580473560011
BAD 580473560021
BAD 580521489287
BAD 580480259543
BAD 580417941049
BAD 580482332587
BAD 580526019191
BAD 580483297217
BAD 580503828623
BAD 580503828649
BAD 580504594129
BAD 580529490649
BAD 580529496397
BAD 580530782659
BAD 580508936443
BAD 580509123199
BAD 580509123203
BAD 580509123253
BAD 580419559243
BAD 580419559249
BAD 580419559277
BAD 580423017709
BAD 580424512673
BAD 580424512691
BAD 580424512693
BAD 580425589171
BAD 580428294049
BAD 580428333269
BAD 580429308229
BAD 580517109127
BAD 580432049689
BAD 580518706613
BAD 580518706619
BAD 580518706637
BAD 580518706639
BAD 580518706643
BAD 580462174441
BAD 580468161673
BAD 580487265647
BAD 580487265649
BAD 580487511829
BAD 580500353141
BAD 580500353143
BAD 580436379013
BAD 580502770069
BAD 580503296839
BAD 580503296851
BAD 580438812623
BAD 580554335219
BAD 580589845081
BAD 580442365213
BAD 580591723099
BAD 580558173977
BAD 580558623823
BAD 580559955383
BAD 580559955397
BAD 580559975803
BAD 580562200103
BAD 580595804869
BAD 580595804881
BAD 580599873661
BAD 580599873709
BAD 580605652183
BAD 580605652189
BAD 580613547571
BAD 580615655453
BAD 580620263947
BAD 580537480643
BAD 580537480687
BAD 580537850213
BAD 580543985123
BAD 580546000739
BAD 580546000747
BAD 580549180933
BAD 580551096137
BAD 580625931007
BAD 580625992897
BAD 580778446643
BAD 580625992913
BAD 580779296347
BAD 580780985359
BAD 580784675543
BAD 580784675567
BAD 580784675573
BAD 580785889043
BAD 580786810291
BAD 580786810309
BAD 580786810313
BAD 580639050889
BAD 580639050899
BAD 580641868343
BAD 580641868351
BAD 580642095601
BAD 580646519773
BAD 580646519777
BAD 580646519779
BAD 580652706743
BAD 580791461333
BAD 580792492939
BAD 580794990379
BAD 580796544661
BAD 580796841061
BAD 580797153757
BAD 580804962841
BAD 580662184709
BAD 580570666877
BAD 580571568173
BAD 580579240807
BAD 580579240819
BAD 580579240823
BAD 580688247157
BAD 580583119313
BAD 580689959869
BAD 580585681469
BAD 580585681607
BAD 580585681609
BAD 580693355387
BAD 580743152191
BAD 580694378423
BAD 580694378431
BAD 580694943329
BAD 580746602861
BAD 580749799163
BAD 580671131791
BAD 580758772723
BAD 580758813031
BAD 580701380293
BAD 580751470087
BAD 580751488679
BAD 580753370867
BAD 580753673741
BAD 580753673743
BAD 580675276343
BAD 580675276351
BAD 580760505053
BAD 580675838227
BAD 580763066903
BAD 580681061293
BAD 580681137559
BAD 580681149571
BAD 580682558083
BAD 580767780893
BAD 580767780899
BAD 580769455991
BAD 580769455993
BAD 580683323303
BAD 580685550383
BAD 580705572373
BAD 580709702567
BAD 580709702569
BAD 580712969593
BAD 580712969597
BAD 580712969621
BAD 580712969623
BAD 580714304581
BAD 580714304587
BAD 580717739521
BAD 580722955313
BAD 580722967309
BAD 580722967313
BAD 580723027823
BAD 580723027861
BAD 580723979491
BAD 580725961853
BAD 580729504969
BAD 580729712419
BAD 580734925123
BAD 580735052609
BAD 580735052617
BAD 580822710053
BAD 580824174349
BAD 580824174367
BAD 580824174409
BAD 580830343913
BAD 580832431987
BAD 580839680167
BAD 580839680171
BAD 580839680173
BAD 580842207733
BAD 580847233097
BAD 580849823353
BAD 580849823377
BAD 580815619159
BAD 580817613319
BAD 580820119643
BAD 580874724181
BAD 580876591349
BAD 580877295991
BAD 580890420713
BAD 580878687313
BAD 580878687317
BAD 580881415291
BAD 580881415297
BAD 580881415351
BAD 580895451013
BAD 580895451023
BAD 580896253939
BAD 580899764689
BAD 580899764693
BAD 580904531993
BAD 580855874213
BAD 580856906813
BAD 580858955251
BAD 580859266751
BAD 580935690589
BAD 580935690593
BAD 580941909929
BAD 580941910013
BAD 580860110071
BAD 580935806461
BAD 580943315671
BAD 580943315699
BAD 580938783119
BAD 580938783121
BAD 580863352843
BAD 580944089503
BAD 580944089507
BAD 580863893431
BAD 580863893437
BAD 580863893443
BAD 580944884029
BAD 580865348879
BAD 580865348881
BAD 580865348957
BAD 580867231229
BAD 580947605683
BAD 580907624887
BAD 580868653373
BAD 580868653381
BAD 580908255559
BAD 580908255563
BAD 580908611453
BAD 580949153699
BAD 580949912611
BAD 580949912689
BAD 580911112427
BAD 581006687587
BAD 581008046263
BAD 580957331923
BAD 580957513051
BAD 580957513057
BAD 580958511829
BAD 580973230921
BAD 580973230933
BAD 580918528537
BAD 580918528591
BAD 580918528607
BAD 580918528609
BAD 580919822339
BAD 580919822341
BAD 580960612831
BAD 580961640811
BAD 580974208153
BAD 580962215719
BAD 580962215723
BAD 580975086023
BAD 580975086031
BAD 580921868243
BAD 581015929733
BAD 580965781789
BAD 580965781793
BAD 580993901899
BAD 580993901903
BAD 581020828879
BAD 581020875763
BAD 581020875769
BAD 580997195399
BAD 580997618273
BAD 580999884233
BAD 581000527441
BAD 581001870173
BAD 581002927831
BAD 581002927837
BAD 581031494657
BAD 581031494683
BAD 581031494699
BAD 581032048369
BAD 581035452253
BAD 581035452259
BAD 581035906193
BAD 581057977609
BAD 581072726951
BAD 581072726953
BAD 581073360533
BAD 581045895439
BAD 581049668263
BAD 581049762331
BAD 581055111407
BAD 581055111409
BAD 581165737793
BAD 581165994631
BAD 581143090537
BAD 581143144537
BAD 581144130961
BAD 581109351569
BAD 581110100243
BAD 581095810807
BAD 581171755387
BAD 581099108683
BAD 581100120361
BAD 581150159809
BAD 581115599923
BAD 581115599929
BAD 581101024639
BAD 581105231911
BAD 581120225831
BAD 581121889963
BAD 581191368113
BAD 581192614489
BAD 581192614493
BAD 581125808453
BAD 581129123077
BAD 581200020133
BAD 581200956871
BAD 581201293609
BAD 581138922593
BAD 581177824369
BAD 581177824373
BAD 581179899809
BAD 581179902983
BAD 581184512333
BAD 581187977077
BAD 581189021117
BAD 581228518441
BAD 581228518447
BAD 581228669543
BAD 581229261607
BAD 581229958459
BAD 581234400323
BAD 581235642899
BAD 581235642901
BAD 581242567547
BAD 581240410369
BAD 581241324583
BAD 581246728693
BAD 581248721749
BAD 581250118963
BAD 581264026549
BAD 581264263667
BAD 581258068267
BAD 581268788861
BAD 581268788887
BAD 581268788899
BAD 581272208557
BAD 581216294383
BAD 581216294401
BAD 581217057913
BAD 581218383191
BAD 581223861199
BAD 581276886811
BAD 581276886823
BAD 581282751241
BAD 581305859269
BAD 581305859273
BAD 581287507741
BAD 581287507793
BAD 581306690869
BAD 581288704501
BAD 581381692337
BAD 581389237129
BAD 581389237133
BAD 581394847783
BAD 581343280603
BAD 581343280631
BAD 581343857977
BAD 581343857981
BAD 581348117993
BAD 581350859363
BAD 581405208203
BAD 581351761247
BAD 581433232819
BAD 581435893333
BAD 581437808389
BAD 581442169969
BAD 581442170107
BAD 581360025391
BAD 581312475781
BAD 581444072149
BAD 581444768761
BAD 581445490039
BAD 581445490081
BAD 581315415113
BAD 581450484001
BAD 581418804019
BAD 581452640647
BAD 581328382001
BAD 581328382003
BAD 581328382021
BAD 581420271457
BAD 581454259171
BAD 581422663897
BAD 581422663909
BAD 581456546023
BAD 581458514183
BAD 581458514191
BAD 581458514201
BAD 581321936947
BAD 581321936977
BAD 581321936981
BAD 581321936983
BAD 581373948187
BAD 581373948191
BAD 581375292833
BAD 581339597603
BAD 581339597611
BAD 581340578479
BAD 581340719941
BAD 581459707337
BAD 581461713073
BAD 581462100139
BAD 581465298263
BAD 581496134183
BAD 581499276473
BAD 581503117303
BAD 581503895527
BAD 581477187931
BAD 581477648833
BAD 581478684079
BAD 581479428941
BAD 581576200649
BAD 581576200651
BAD 581576200657
BAD 581576200669
BAD 581576200679
BAD 581482748321
BAD 581482748323
BAD 581484552953
BAD 581486906423
BAD 581487629887
BAD 581487792251
BAD 581487792253
BAD 581487792269
BAD 581487792271
BAD 581488584511
BAD 581492088539
BAD 581529094283
BAD 581618380747
BAD 581618380751
BAD 581619095657
BAD 581539582489
BAD 581619095663
BAD 581619095671
BAD 581544403697
BAD 581544403751
BAD 581544403753
BAD 581544749977
BAD 581624782357
BAD 581549076103
BAD 581558670643
BAD 581512692463
BAD 581594356669
BAD 581649468053
BAD 581650566823
BAD 581651305331
BAD 581515521373
BAD 581653895279
BAD 581653895281
BAD 581653895287
BAD 581602657723
BAD 581522861197
BAD 581604160117
BAD 581604160121
BAD 581604160127
BAD 581604160129
BAD 581604160133
BAD 581604160139
BAD 581523939203
BAD 581523939209
BAD 581523939211
BAD 581609940763
BAD 581526166621
BAD 581661830291
BAD 581632042097
BAD 581632042099
BAD 581634165971
BAD 581636801443
BAD 581643898663
BAD 581673085393
BAD 581673085397
BAD 581675888581
BAD 581675888641
BAD 581695588619
BAD 581699935189
BAD 581703183169
BAD 581705176397
BAD 581705176399
BAD 581707843603
BAD 581707843609
BAD 581707843627
BAD 581707843631
BAD 581807183011
BAD 581809784221
BAD 581680882537
BAD 581681889793
BAD 581732271559
BAD 581685427097
BAD 581732967511
BAD 581761958123
BAD 581686590013
BAD 581815355161
BAD 581762071217
BAD 581745300343
BAD 581745300347
BAD 581745300349
BAD 581762443849
BAD 581747165341
BAD 581741056837
BAD 581748429833
BAD 581742189577
BAD 581717618491
BAD 581782790867
BAD 581691705487
BAD 581750008199
BAD 581691774269
BAD 581691774271
BAD 581820373831
BAD 581820373837
BAD 581820373843
BAD 581820373933
BAD 581750794049
BAD 581784035549
BAD 581784035551
BAD 581765507993
BAD 581720085631
BAD 581720085637
BAD 581693124211
BAD 581720249093
BAD 581720249107
BAD 581765677159
BAD 581822762779
BAD 581767034911
BAD 581722144111
BAD 581823968879
BAD 581823968881
BAD 581723572877
BAD 581723572879
BAD 581724108577
BAD 581725577947
BAD 581770163837
BAD 581770163839
BAD 581826602719
BAD 581826602723
BAD 581772306457
BAD 581793192527
BAD 581793192529
BAD 581757827603
BAD 581794973449
BAD 581794973453
BAD 581776222463
BAD 581776222471
BAD 581777185309
BAD 581760007681
BAD 581777876039
BAD 581777876041
BAD 581846483333
BAD 581849618003
BAD 581849618011
BAD 581852034091
BAD 581860426897
BAD 581861095603
BAD 581828817853
BAD 581828817943
BAD 581829536293
BAD 581845462573
BAD 581845462579
BAD 581863008833
BAD 581863008841
BAD 581863985239
BAD 581866851901
BAD 581912956043
BAD 581916984533
BAD 581916984559
BAD 581918463901
BAD 581919493483
BAD 581919493501
BAD 581919992047
BAD 581923409513
BAD 581930783617
BAD 581931857677
BAD 581932106747
BAD 581932106753
BAD 581932210441
BAD 581932374713
BAD 581932577881
BAD 581932957219
BAD 581936946713
BAD 581966079859
BAD 581942101093
BAD 581942101099
BAD 581942468713
BAD 581942571191
BAD 581942571193
BAD 581967511403
BAD 581897715109
BAD 581898181307
BAD 581898181309
BAD 581898181313
BAD 581899150871
BAD 581900379563
BAD 581901051923
BAD 581970548023
BAD 581901920881
BAD 581889176719
BAD 581889176807
BAD 581978783779
BAD 581978783783
BAD 581910709931
BAD 581910709943
BAD 581895203657
BAD 581895203683
BAD 582015183091
BAD 582015525043
BAD 581998206109
BAD 581998431863
BAD 582023004259
BAD 582023004263
BAD 582023004293
BAD 581947672001
BAD 581947672003
BAD 582027670561
BAD 581948164417
BAD 582028675313
BAD 582028675321
BAD 582008230049
BAD 582009288811
BAD 582009288829
BAD 582011649397
BAD 582011797613
BAD 581952674011
BAD 581952674021
BAD 581953420879
BAD 581953469521
BAD 581956718279
BAD 581956718281
BAD 582012804319
BAD 581959802393
BAD 581960168879
BAD 581962010857
BAD 581962365331
BAD 581986590271
BAD 582034155293
BAD 581991014743
BAD 582036201289
BAD 582036201293
BAD 582036234139
BAD 582036825157
BAD 582048313111
BAD 581993801513
BAD 582070604723
BAD 582071831881
BAD 582072754673
BAD 582055025269
BAD 582055025273
BAD 582055025291
BAD 582057836963
BAD 582057836977
BAD 582057836989
BAD 582057836993
BAD 582079924249
BAD 582087411589
BAD 582087411601
BAD 582100057951
BAD 582106993471
BAD 582108071521
BAD 582216987503
BAD 582217482677
BAD 582118143949
BAD 582118143953
BAD 582119360239
BAD 582220659743
BAD 582182262367
BAD 582182262373
BAD 582182262377
BAD 582182262439
BAD 582182262443
BAD 582182262449
BAD 582182262451
BAD 582135185089
BAD 582123032867
BAD 582185416999
BAD 582147931327
BAD 582148490647
BAD 582187113491
BAD 582187113493
BAD 582188413999
BAD 582188414009
BAD 582188414011
BAD 582188718271
BAD 582143200843
BAD 582143200853
BAD 582190206023
BAD 582151029773
BAD 582192249641
BAD 582146242967
BAD 582153074599
BAD 582153253063
BAD 582156517619
BAD 582156517627
BAD 582158214413
BAD 582178310899
BAD 582179425981
BAD 582179425987
BAD 582180955549
BAD 582208545013
BAD 582210708271
BAD 582210816799
BAD 582234935551
BAD 582242216623
BAD 582257932913
BAD 582262165813
BAD 582262165817
BAD 582262165819
BAD 582270272431
BAD 582264245939
BAD 582264245971
BAD 582264246001
BAD 582264246007
BAD 582264246019
BAD 582281995051
BAD 582282099409
BAD 582292797773
BAD 582292970813
BAD 582297329881
BAD 582297329893
BAD 582297329903
BAD 582297329927
BAD 582297329959
BAD 582297352337
BAD 582297352339
BAD 582297941959
BAD 582324810449
BAD 582324810451
BAD 582324810469
BAD 582325476713
BAD 582327143843
BAD 582328197733
BAD 582328400161
BAD 582402669703
BAD 582403199761
BAD 582405372427
BAD 582413630371
BAD 582339855113
BAD 582370894673
BAD 582344086411
BAD 582373486969
BAD 582373486973
BAD 582470611847
BAD 582299322863
BAD 582300307159
BAD 582300307163
BAD 582475251151
BAD 582475693201
BAD 582476986337
BAD 582476986339
BAD 582303425183
BAD 582303425189
BAD 582381170311
BAD 582381403309
BAD 582381403327
BAD 582304860149
BAD 582481602433
BAD 582306335341
BAD 582349448243
BAD 582356725253
BAD 582356725277
BAD 582314131691
BAD 582358896193
BAD 582420799003
BAD 582450050233
BAD 582386468693
BAD 582451032313
BAD 582423422393
BAD 582423422401
BAD 582423422411
BAD 582433028357
BAD 582426528059
BAD 582390492919
BAD 582390492923
BAD 582457251367
BAD 582391271359
BAD 582391271369
BAD 582457695403
BAD 582394513951
BAD 582395218529
BAD 582462450107
BAD 582462450109
BAD 582398297993
BAD 582465546973
BAD 582399128693
BAD 582399128723
BAD 582505208521
BAD 582505208557
BAD 582505637743
BAD 582507210949
BAD 582507210953
BAD 582509062721
BAD 582514976051
BAD 582514976053
BAD 582684898823
BAD 582686204777
BAD 582686204783
BAD 582689486173
BAD 582689486177
BAD 582689486179
BAD 582689486189
BAD 582672099649
BAD 582672967957
BAD 582673407301
BAD 582673407319
BAD 582673407343
BAD 582673407353
BAD 582692228617
BAD 582676522339
BAD 582676711831
BAD 582676711873
BAD 582576256841
BAD 582576256853
BAD 582576256859
BAD 582576256861
BAD 582677095597
BAD 582695378149
BAD 582695808649
BAD 582523874357
BAD 582523874363
BAD 582586949977
BAD 582587068759
BAD 582587068771
BAD 582525299311
BAD 582536150197
BAD 582680730571
BAD 582582407711
BAD 582582407713
BAD 582540435739
BAD 582540470431
BAD 582592744847
BAD 582592744849
BAD 582592744859
BAD 582592744861
BAD 582682178929
BAD 582682178933
BAD 582542654119
BAD 582542654123
BAD 582542989187
BAD 582596157887
BAD 582596157889
BAD 582545677433
BAD 582545705477
BAD 582545705479
BAD 582599028379
BAD 582599028391
BAD 582548409019
BAD 582600462449
BAD 582608419669
BAD 582609061613
BAD 582609337021
BAD 582609337039
BAD 582612735721
BAD 582612735737
BAD 582612735739
BAD 582616331677
BAD 582619269901
BAD 582623849447
BAD 582623849449
BAD 582623849453
BAD 582624353041
BAD 582625224373
BAD 582625224421
BAD 582635067719
BAD 582636943087
BAD 582636943099
BAD 582638547847
BAD 582552907393
BAD 582552907397
BAD 582552907399
BAD 582640405703
BAD 582641536921
BAD 582557356373
BAD 582707590667
BAD 582707590669
BAD 582709726561
BAD 582648195529
BAD 582648409339
BAD 582714933503
BAD 582715885621
BAD 582723819571
BAD 582653297729
BAD 582653297731
BAD 582754075591
BAD 582657131213
BAD 582756727411
BAD 582756727417
BAD 582811574441
BAD 582659600071
BAD 582659600077
BAD 582662248813
BAD 582733236511
BAD 582815119591
BAD 582815920133
BAD 582815920177
BAD 582815920189
BAD 582765583759
BAD 582769507891
BAD 582737819941
BAD 582744238861
BAD 582744238873
BAD 582746078953
BAD 582750669481
BAD 582751380229
BAD 582854018317
BAD 582854018321
BAD 582854018323
BAD 582854018371
BAD 582854290069
BAD 582903188563
BAD 582904884503
BAD 582907345459
BAD 582910606939
BAD 582911568521
BAD 582787061749
BAD 582787618129
BAD 582915420643
BAD 582790319249
BAD 582797697649
BAD 582869391967
BAD 582820906711
BAD 582872317231
BAD 582822610697
BAD 582823737383
BAD 582874316863
BAD 582824732747
BAD 582825289063
BAD 582894668987
BAD 582901447217
BAD 582833569883
BAD 582881525167
BAD 582881997079
BAD 582882801541
BAD 582883741831
BAD 582883741837
BAD 582883741849
BAD 582847781977
BAD 582938686621
BAD 582939595163
BAD 582939595169
BAD 582939595171
BAD 582939595177
BAD 582940440661
BAD 582943928663
BAD 582947855839
BAD 582948921367
BAD 582948921397
BAD 583004094271
BAD 582971963401
BAD 582950125409
BAD 582950125411
BAD 582974447459
BAD 582974447467
BAD 582974447477
BAD 582974447479
BAD 582921460453
BAD 582921460487
BAD 582980136847
BAD 582981883853
BAD 582953848073
BAD 582929432753
BAD 582984849233
BAD 582984849253
BAD 583022329349
BAD 582957520973
BAD 583027402759
BAD 583030067749
BAD 583030169881
BAD 583033984033
BAD 582965503867
BAD 583035682157
BAD 582987151577
BAD 582987863543
BAD 582987863567
BAD 582996614917
BAD 582996699301
BAD 583039274903
BAD 583039274911
BAD 583039274933
BAD 583040027599
BAD 583040027623
BAD 583040027627
BAD 583040027629
BAD 583040812303
BAD 583040812331
BAD 583041497057
BAD 583041589549
BAD 583041589553
BAD 583043913929
BAD 583043913931
BAD 583043913937
BAD 583043913941
BAD 583043913943
BAD 583052484887
BAD 583101353399
BAD 583101353407
BAD 583123760899
BAD 583126100533
BAD 583108064687
BAD 583108064689
BAD 583072569743
BAD 583109813309
BAD 583109813311
BAD 583128417803
BAD 583073837161
BAD 583130086949
BAD 583131249773
BAD 583131249781
BAD 583132334149
BAD 583132924009
BAD 583132924021
BAD 583135187801
BAD 583118566411
BAD 583085169349
BAD 583085169367
BAD 583085169371
BAD 583155550897
BAD 583155550903
BAD 583155550907
BAD 583155550909
BAD 583155938093
BAD 583157487613
BAD 583057241101
BAD 583158422323
BAD 583061288129
BAD 583061288167
BAD 583061288171
BAD 583061288177
BAD 583061288179
BAD 583061288191
BAD 583164848507
BAD 583164848509
BAD 583168677053
BAD 583204576553
BAD 583189582141
BAD 583206721501
BAD 583206721583
BAD 583190987857
BAD 583208835691
BAD 583211995159
BAD 583194562967
BAD 583194562969
BAD 583218019309
BAD 583195063879
BAD 583195063883
BAD 583219160369
BAD 583219160371
BAD 583219221523
BAD 583221081473
BAD 583221081479
BAD 583221081481
BAD 583197344927
BAD 583197344929
BAD 583197344971
BAD 583198244359
BAD 583200348197
BAD 583201282933
BAD 583201282949
BAD 583201825573
BAD 583202296231
BAD 583171230899
BAD 583173729113
BAD 583178123519
BAD 583183338407
BAD 583139835983
BAD 583139835997
BAD 583139836007
BAD 583139836009
BAD 583223421799
BAD 583225627219
BAD 583225627223
BAD 583144306231
BAD 583145496559
BAD 583233150961
BAD 583233150967
BAD 583233318583
BAD 583234793131
BAD 583234793149
BAD 583234793161
BAD 583315268843
BAD 583315268863
BAD 583316560819
BAD 583298220013
BAD 583298220019
BAD 583299229111
BAD 583302967531
BAD 583243150459
BAD 583243150463
BAD 583276751069
BAD 583246220173
BAD 583247609179
BAD 583248563771
BAD 583248563773
BAD 583249153073
BAD 583281336439
BAD 583281777863
BAD 583250262043
BAD 583252159891
BAD 583256805049
BAD 583258703779
BAD 583260629893
BAD 583264557613
BAD 583264557619
BAD 583264557643
BAD 583266658109
BAD 583362882049
BAD 583363339829
BAD 583363339831
BAD 583365464629
BAD 583375067987
BAD 583379518763
BAD 583380239933
BAD 583380239941
BAD 583380239947
BAD 583380407173
BAD 583380407191
BAD 583380407209
BAD 583381047569
BAD 583383286819
BAD 583385523739
BAD 583386647471
BAD 583390503001
BAD 583390855681
BAD 583463844109
BAD 583463844113
BAD 583392522217
BAD 583345330849
BAD 583412274779
BAD 583412274787
BAD 583346179153
BAD 583398184079
BAD 583323370381
BAD 583415461589
BAD 583323983413
BAD 583323983423
BAD 583324089083
BAD 583324089097
BAD 583400134193
BAD 583471471801
BAD 583349419843
BAD 583324287781
BAD 583324287787
BAD 583349775559
BAD 583324542503
BAD 583401854821
BAD 583351435027
BAD 583328830373
BAD 583328941133
BAD 583421493379
BAD 583421493383
BAD 583332701059
BAD 583335197801
BAD 583335197803
BAD 583337499991
BAD 583337529349
BAD 583337529353
BAD 583449732713
BAD 583423151303
BAD 583455184139
BAD 583455184141
BAD 583427793527
BAD 583541096293
BAD 583542630067
BAD 583544165843
BAD 583544165863
BAD 583544523283
BAD 583492107307
BAD 583434629473
BAD 583495370561
BAD 583495370567
BAD 583495370569
BAD 583548750583
BAD 583438678247
BAD 583554503773
BAD 583554503783
BAD 583554503797
BAD 583502328823
BAD 583502328841
BAD 583505500693
BAD 583505500723
BAD 583505500727
BAD 583505500729
BAD 583505500733
BAD 583576736893
BAD 583577590669
BAD 583578827263
BAD 583584440377
BAD 583584440401
BAD 583584440407
BAD 583584440423
BAD 583587301069
BAD 583508821013
BAD 583511109413
BAD 583591051957
BAD 583514215457
BAD 583514215483
BAD 583596305659
BAD 583518183613
BAD 583518183617
BAD 583518183623
BAD 583518183649
BAD 583600312937
BAD 583603101673
BAD 583603101691
BAD 583603901173
BAD 583630542991
BAD 583632289481
BAD 583632289483
BAD 583478809621
BAD 583478809651
BAD 583483256749
BAD 583483606369
BAD 583556845387
BAD 583523330917
BAD 583523330993
BAD 583526431297
BAD 583563820849
BAD 583563820859
BAD 583532698459
BAD 583569828143
BAD 583571612881
BAD 583571612903
BAD 583571612917
BAD 583609583509
BAD 583610587237
BAD 583610587249
BAD 583610587253
BAD 583612333669
BAD 583612333673
BAD 583618354903
BAD 583620754699
BAD 583642667497
BAD 583642667501
BAD 583643148409
BAD 583643976683
BAD 583657736251
BAD 583660091561
BAD 583660091563
BAD 583660091569
BAD 583660091579
BAD 583674918037
BAD 583674918041
BAD 583662990769
BAD 583663677307
BAD 583665089671
BAD 583677224419
BAD 583680048719
BAD 583680048733
BAD 583668906559
BAD 583680048751
BAD 583680278431
BAD 583680278443
BAD 583669637279
BAD 583669637281
BAD 583699164757
BAD 583704536567
BAD 583716308437
BAD 583726726157
BAD 583726726159
BAD 583742101343
BAD 583742977729
BAD 583759147981
BAD 583760216659
BAD 583761895553
BAD 583746896233
BAD 583746913249
BAD 583747185673
BAD 583747185677
BAD 583748379503
BAD 583831626211
BAD 583754501227
BAD 583838040899
BAD 583838040901
BAD 583838040911
BAD 583838040913
BAD 583758079813
BAD 583879808671
BAD 583808579449
BAD 583775299123
BAD 583894301663
BAD 583775299147
BAD 583777043959
BAD 583777044073
BAD 583777044079
BAD 583778665153
BAD 583811894851
BAD 583898524411
BAD 583899375049
BAD 583899375053
BAD 583813543939
BAD 583900891957
BAD 583900891961
BAD 583900891963
BAD 583902176881
BAD 583902176917
BAD 583786703303
BAD 583904790527
BAD 583904790529
BAD 583904790533
BAD 583789080971
BAD 583907373773
BAD 583907373887
BAD 583818646193
BAD 583818646199
BAD 583801001893
BAD 583944183023
BAD 583944183037
BAD 583944795397
BAD 583948330621
BAD 583959908963
BAD 583959908971
BAD 583844647471
BAD 583960700209
BAD 583847105333
BAD 583964017069
BAD 583964017093
BAD 583964104813
BAD 583853223013
BAD 583853223113
BAD 583853367421
BAD 583856657399
BAD 583856657401
BAD 583859257703
BAD 583957050049
BAD 583861432909
BAD 583974650641
BAD 583868376283
BAD 583874513749
BAD 583874513753
BAD 583910415401
BAD 583913393123
BAD 583913851379
BAD 583914349483
BAD 583914349517
BAD 583994353013
BAD 583995791131
BAD 583984484893
BAD 583996731299
BAD 583996731301
BAD 584034980041
BAD 584036634641
BAD 584038834237
BAD 584038913881
BAD 583992374363
BAD 584041822747
BAD 584041822759
BAD 584005655941
BAD 584011911547
BAD 584015090423
BAD 584015090429
BAD 584015090431
BAD 584015090437
BAD 584021874949
BAD 584023663591
BAD 583927199431
BAD 583927657501
BAD 583929360953
BAD 584076990103
BAD 584078920363
BAD 584083504243
BAD 584083896611
BAD 584085646433
BAD 584086529161
BAD 584089764977
BAD 584090237729
BAD 584044888447
BAD 584045373031
BAD 584051819473
BAD 584051987653
BAD 584051987657
BAD 584061625547
BAD 584052655651
BAD 584054998669
BAD 584070851621
BAD 584072425403
BAD 584076450499
BAD 584114826721
BAD 584119295761
BAD 584119387681
BAD 584097738473
BAD 584097738493
BAD 584097738509
BAD 584097830557
BAD 584097830581
BAD 584101472557
BAD 584102576933
BAD 584128888103
BAD 584131953547
BAD 584133000349
BAD 584136345101
BAD 584139189407
BAD 584139189409
BAD 584139365039
BAD 584165247571
BAD 584166795913
BAD 584170637989
BAD 584170638001
BAD 584170938413
BAD 584177407873
BAD 584197891939
BAD 584230584481
BAD 584203469783
BAD 584234339057
BAD 584234339063
BAD 584235452513
BAD 584210324083
BAD 584210324107
BAD 584210324123
BAD 584210324129
BAD 584242543681
BAD 584243703541
BAD 584306911523
BAD 584306911553
BAD 584315100079
BAD 584311202809
BAD 584311202837
BAD 584179032817
BAD 584147646499
BAD 584148615781
BAD 584182510831
BAD 584184207479
BAD 584187736291
BAD 584154298969
BAD 584156912413
BAD 584156912431
BAD 584190081499
BAD 584159315513
BAD 584159315521
BAD 584211491267
BAD 584211970513
BAD 584218445513
BAD 584218619381
BAD 584262051203
BAD 584262051257
BAD 584222753669
BAD 584222753671
BAD 584263156469
BAD 584263156471
BAD 584248154033
BAD 584248977619
BAD 584251763749
BAD 584254240201
BAD 584282407669
BAD 584283734851
BAD 584329690531
BAD 584286227533
BAD 584286227597
BAD 584286227599
BAD 584286227611
BAD 584333494777
BAD 584333728009
BAD 584333728019
BAD 584333728021
BAD 584337519407
BAD 584341274641
BAD 584348109979
BAD 584348819827
BAD 584348819833
BAD 584348819849
BAD 584348819851
BAD 584348819863
BAD 584348819869
BAD 584350212967
BAD 584350679981
BAD 584350679989
BAD 584350680007
BAD 584382133271
BAD 584382133273
BAD 584383654741
BAD 584362855987
BAD 584362856003
BAD 584385334669
BAD 584364170591
BAD 584364170603
BAD 584387367301
BAD 584366440459
BAD 584390335153
BAD 584390335163
BAD 584390499569
BAD 584368451123
BAD 584400194579
BAD 584392625071
BAD 584395511683
BAD 584354464789
BAD 584373045181
BAD 584405271773
BAD 584373561077
BAD 584433218561
BAD 584433218563
BAD 584356029793
BAD 584376492263
BAD 584433570073
BAD 584356386799
BAD 584356985777
BAD 584356985783
BAD 584356985791
BAD 584377962323
BAD 584377962331
BAD 584434242211
BAD 584410351549
BAD 584359421813
BAD 584359627673
BAD 584359627729
BAD 584359627823
BAD 584436493829
BAD 584436493831
BAD 584361855997
BAD 584440574071
BAD 584440574077
BAD 584416155907
BAD 584416155923
BAD 584418008653
BAD 584446440871
BAD 584446440887
BAD 584446440889
BAD 584446757053
BAD 584422215997
BAD 584426282291
BAD 584455447343
BAD 584486521249
BAD 584486585069
BAD 584489000671
BAD 584532504349
BAD 584532504383
BAD 584534562023
BAD 584536983889
BAD 584538505319
BAD 584538505321
BAD 584538505339
BAD 584538505361
BAD 584538505363
BAD 584538505379
BAD 584468622713
BAD 584545700521
BAD 584545700593
BAD 584545700597
BAD 584473714277
BAD 584476622479
BAD 584476622489
BAD 584476622491
BAD 584496703397
BAD 584498751379
BAD 584498751383
BAD 584500118711
BAD 584507494639
BAD 584507494643
BAD 584507494673
BAD 584509065037
BAD 584510017249
BAD 584511450503
BAD 584512737899
BAD 584512737901
BAD 584514318781
BAD 584515621457
BAD 584521476689
BAD 584522146363
BAD 584522146399
BAD 584522541311
BAD 584522541313
BAD 584523887419
BAD 584550650711
BAD 584550650713
BAD 584550895483
BAD 584556628171
BAD 584565857839
BAD 584565857851
BAD 584580470737
BAD 584573871383
BAD 584584824233
BAD 584577468367
BAD 584577468389
BAD 584578440673
BAD 584578440679
BAD 584622426709
BAD 584625355843
BAD 584665270271
BAD 584665270283
BAD 584666650231
BAD 584667617797
BAD 584669406689
BAD 584669406691
BAD 584672112659
BAD 584672535877
BAD 584597207071
BAD 584674646783
BAD 584601277597
BAD 584675421203
BAD 584677421947
BAD 584605297753
BAD 584607073601
BAD 584610196831
BAD 584649937951
BAD 584654431117
BAD 584654893313
BAD 584654893331
BAD 584656548629
BAD 584656548631
BAD 584682750107
BAD 584682750109
BAD 584661497899
BAD 584661497909
BAD 584661497911
BAD 584684957543
BAD 584663112263
BAD 584685939559
BAD 584686204111
BAD 584799455971
BAD 584802092983
BAD 584690633393
BAD 584690633399
BAD 584690633419
BAD 584807892731
BAD 584807892733
BAD 584694737261
BAD 584698073989
BAD 584698074019
BAD 584813514683
BAD 584814061009
BAD 584733028207
BAD 584733028213
BAD 584734291621
BAD 584734291819
BAD 584734997761
BAD 584703609811
BAD 584706236129
BAD 584706236131
BAD 584706236137
BAD 584743142317
BAD 584713763807
BAD 584744202041
BAD 584746275247
BAD 584746275251
BAD 584863700137
BAD 584817380029
BAD 584818104601
BAD 584820928561
BAD 584822715121
BAD 584750572531
BAD 584824384279
BAD 584631758341
BAD 584631758353
BAD 584768946053
BAD 584632624673
BAD 584633119327
BAD 584634112033
BAD 584754008093
BAD 584754008099
BAD 584754008101
BAD 584754388819
BAD 584755179023
BAD 584773637543
BAD 584773637551
BAD 584773637557
BAD 584773637561
BAD 584773637563
BAD 584830952749
BAD 584830952753
BAD 584639798731
BAD 584776557593
BAD 584776557601
BAD 584761529603
BAD 584833304879
BAD 584646604589
BAD 584842938319
BAD 584847584977
BAD 584717157601
BAD 584718074953
BAD 584718074957
BAD 584718074959
BAD 584718394459
BAD 584728329049
BAD 584786423539
BAD 584790568597
BAD 584790568603
BAD 584795305673
BAD 584888248663
BAD 584898163471
BAD 584898163489
BAD 584915971589
BAD 584915971597
BAD 584916449603
BAD 584916449617
BAD 584916528211
BAD 584917085033
BAD 584917110319
BAD 584919051517
BAD 584921530541
BAD 584923358417
BAD 584923510799
BAD 584872788793
BAD 584872788869
BAD 584880957533
BAD 584902630889
BAD 584902630891
BAD 584902780991
BAD 584904221431
BAD 584905282747
BAD 584905282771
BAD 584905743683
BAD 584939997679
BAD 584939997683
BAD 584939997689
BAD 584942272841
BAD 584942272843
BAD 584943254999
BAD 584943255007
BAD 584912919281
BAD 584949991957
BAD 584958828631
BAD 584960595077
BAD 584960595083
BAD 584995059721
BAD 584997702959
BAD 584997702967
BAD 584999197249
BAD 585002580319
BAD 585005108273
BAD 585005331217
BAD 584975716943
BAD 584976714767
BAD 584976714769
BAD 584977089469
BAD 584980003513
BAD 584980648481
BAD 585137147347
BAD 585068724871
BAD 585069348911
BAD 585141356483
BAD 585141356491
BAD 585141356497
BAD 585084529373
BAD 585141585619
BAD 585218127293
BAD 585088022749
BAD 585220981613
BAD 585072203197
BAD 585072203291
BAD 585074028047
BAD 585223589213
BAD 585076022563
BAD 585095797063
BAD 585095797079
BAD 585035482177
BAD 585035482183
BAD 585035742271
BAD 585035742721
BAD 585026875429
BAD 585228436847
BAD 585228436853
BAD 585039831853
BAD 585230901293
BAD 585040984963
BAD 585040984967
BAD 585040984973
BAD 585040984987
BAD 585080520187
BAD 585032241421
BAD 585032241439
BAD 585044965139
BAD 585055233253
BAD 585057784589
BAD 585059893843
BAD 585059893853
BAD 585100431049
BAD 585100431053
BAD 585063346121
BAD 585063346123
BAD 585108486133
BAD 585189388477
BAD 585190399631
BAD 585190399693
BAD 585190399763
BAD 585190399769
BAD 585112783579
BAD 585112783583
BAD 585112783637
BAD 585112783639
BAD 585159924829
BAD 585167839741
BAD 585118576927
BAD 585169165463
BAD 585169165481
BAD 585195872453
BAD 585202653731
BAD 585202653733
BAD 585123699989
BAD 585123699991
BAD 585175597057
BAD 585175597063
BAD 585175597067
BAD 585126247687
BAD 585175597073
BAD 585210135649
BAD 585128290823
BAD 585178620053
BAD 585235102261
BAD 585237621013
BAD 585240010963
BAD 585247056619
BAD 585254056703
BAD 585258150403
BAD 585285058793
BAD 585262322609
BAD 585262322611
BAD 585265760383
BAD 585292335503
BAD 585292540309
BAD 585270576623
BAD 585302520953
BAD 585303498629
BAD 585303498631
BAD 585336592003
BAD 585338157433
BAD 585311314519
BAD 585311314531
BAD 585311314537
BAD 585311314541
BAD 585345639979
BAD 585347324521
BAD 585347661617
BAD 585322039039
BAD 585322920829
BAD 585329555207
BAD 585330405353
BAD 585331382849
BAD 585331382851
BAD 585331382887
BAD 585332175601
BAD 585333466591
BAD 585333466607
BAD 585333466609
BAD 585333793853
BAD 585333868159
BAD 585357305213
BAD 585363932773
BAD 585364495291
BAD 585366287453
BAD 585374780213
BAD 585374780219
BAD 585374780227
BAD 585374780231
BAD 585374780233
BAD 585378386617
BAD 585378606751
BAD 585379071007
BAD 585381450593
BAD 585382493791
BAD 585383136937
BAD 585386554811
BAD 585386554813
BAD 585388027927
BAD 585388584113
BAD 585389619439
BAD 585389619443
BAD 585389619469
BAD 585390042179
BAD 585390797011
BAD 585390797093
BAD 585397303333
BAD 585398070853
BAD 585398070857
BAD 585398070979
BAD 585399388271
BAD 585399885181
BAD 585413855759
BAD 585413962187
BAD 585413962193
BAD 585469762411
BAD 585471723803
BAD 585481288627
BAD 585482355173
BAD 585485902037
BAD 585513120349
BAD 585558856969
BAD 585558856973
BAD 585558856979
BAD 585559075583
BAD 585515752441
BAD 585560740091
BAD 585562416623
BAD 585563188043
BAD 585565363849
BAD 585565363853
BAD 585567133171
BAD 585704312659
BAD 585704312663
BAD 585705291443
BAD 585705291473
BAD 585705747569
BAD 585705747577
BAD 585707989387
BAD 585708131033
BAD 585714070429
BAD 585486416549
BAD 585486416551
BAD 585714318547
BAD 585715156813
BAD 585419558753
BAD 585490296511
BAD 585490296571
BAD 585421317223
BAD 585491900183
BAD 585720350561
BAD 585720350563
BAD 585494568299
BAD 585494568301
BAD 585494568311
BAD 585494568313
BAD 585426125161
BAD 585496227559
BAD 585496251953
BAD 585429849941
BAD 585625900633
BAD 585429849943
BAD 585430611869
BAD 585430611877
BAD 585430611907
BAD 585628635289
BAD 585629444737
BAD 585631338791
BAD 585433971223
BAD 585433971233
BAD 585633449993
BAD 585500775443
BAD 585500775449
BAD 585500775451
BAD 585634537823
BAD 585635451847
BAD 585635451851
BAD 585635451853
BAD 585636075769
BAD 585721504733
BAD 585721504747
BAD 585721504751
BAD 585520864627
BAD 585724648799
BAD 585724648801
BAD 585571027343
BAD 585525748699
BAD 585525748723
BAD 585728143787
BAD 585529857487
BAD 585728143789
BAD 585587623763
BAD 585530274353
BAD 585688514797
BAD 585533532817
BAD 585535293073
BAD 585535293151
BAD 585535293157
BAD 585619763321
BAD 585584883517
BAD 585594917143
BAD 585585807503
BAD 585586761803
BAD 585695026339
BAD 585696238471
BAD 585699602503
BAD 585700544551
BAD 585680507393
BAD 585437449609
BAD 585437449633
BAD 585602751143
BAD 585683226683
BAD 585440075663
BAD 585441422947
BAD 585441422963
BAD 585686145337
BAD 585449092777
BAD 585637774021
BAD 585639102077
BAD 585639102079
BAD 585640476103
BAD 585643476931
BAD 585645587749
BAD 585645600613
BAD 585645600619
BAD 585653443327
BAD 585453867253
BAD 585454805701
BAD 585454812499
BAD 585536528041
BAD 585664398433
BAD 585540114871
BAD 585540114881
BAD 585540114883
BAD 585547311137
BAD 585550690189
BAD 585751964933
BAD 585752352421
BAD 585757477219
BAD 585758413531
BAD 585766309949
BAD 585766309951
BAD 585774095723
BAD 585776714993
BAD 585779920129
BAD 585779920133
BAD 585779920183
BAD 585779920189
BAD 585780535819
BAD 585780686233
BAD 585780686237
BAD 585788359847
BAD 585788359867
BAD 585788359873
BAD 585789924409
BAD 585789924413
BAD 585792580463
BAD 585792580469
BAD 585793447433
BAD 585785379407
BAD 585795980689
BAD 585795980713
BAD 585795980719
BAD 585795980723
BAD 585787021231
BAD 585787178183
BAD 585800120239
BAD 585806703817
BAD 585813788611
BAD 585816724541
BAD 585842035637
BAD 585844992289
BAD 585845546599
BAD 585848521373
BAD 585849561469
BAD 585856323211
BAD 585856706093
BAD 585856706191
BAD 585862773973
BAD 585865206743
BAD 585832773223
BAD 585833513653
BAD 585833513677
BAD 585836224403
BAD 585996526403
BAD 585996526411
BAD 585910480553
BAD 585912067309
BAD 585913222429
BAD 585913784539
BAD 585922615441
BAD 585917497877
BAD 585919677803
BAD 585921899617
BAD 585931399489
BAD 585872584981
BAD 585872806133
BAD 585873975419
BAD 585874509071
BAD 585874509083
BAD 585876314627
BAD 585876314629
BAD 585878660573
BAD 585878660579
BAD 585881697017
BAD 585883134743
BAD 585883134761
BAD 585883134763
BAD 585885008363
BAD 586008249529
BAD 586009347151
BAD 586047565997
BAD 585964218481
BAD 585964419283
BAD 586010823493
BAD 585887336897
BAD 585890389009
BAD 585890389013
BAD 585890389033
BAD 585891628811
BAD 585891628813
BAD 586016324093
BAD 585891691351
BAD 585947300881
BAD 585971829691
BAD 585982270519
BAD 585986388859
BAD 585988278871
BAD 586180245919
BAD 586180245923
BAD 586182987083
BAD 586182987101
BAD 586185651803
BAD 586185950621
BAD 586187479223
BAD 586188980327
BAD 586188980329
BAD 586195364603
BAD 586143167153
BAD 586202216917
BAD 586143334771
BAD 586203371723
BAD 586204492613
BAD 586147743977
BAD 586154317117
BAD 586154573009
BAD 586155322579
BAD 586107169759
BAD 586061801719
BAD 586064029777
BAD 586064029783
BAD 586064029787
BAD 586067215771
BAD 586068114451
BAD 586069305937
BAD 586069306013
BAD 586069306033
BAD 586069306049
BAD 586069306051
BAD 586069306057
BAD 586069306061
BAD 586069306063
BAD 586069760839
BAD 586117081909
BAD 586117082017
BAD 586129183909
BAD 586129183933
BAD 586093952473
BAD 586131857567
BAD 586086188599
BAD 586131946237
BAD 586132715881
BAD 586096355863
BAD 586133320789
BAD 586133544487
BAD 586098154891
BAD 586024523059
BAD 586025808721
BAD 586025808733
BAD 586103066603
BAD 586103066623
BAD 586103066629
BAD 586103066701
BAD 586103066707
BAD 586103137597
BAD 586103137603
BAD 586138734319
BAD 586139982203
BAD 586139982229
BAD 586028868833
BAD 586030817951
BAD 586030877989
BAD 586031519377
BAD 586032801187
BAD 586032801199
BAD 586032801203
BAD 586037553487
BAD 586157895377
BAD 586161916331
BAD 586161916343
BAD 586162050923
BAD 586165123909
BAD 586241437723
BAD 586241437729
BAD 586241437741
BAD 586247323141
BAD 586251621679
BAD 586256591593
BAD 586225149751
BAD 586229085053
BAD 586235606459
BAD 586235606461
BAD 586235606483
BAD 586235606491
BAD 586237898867
BAD 586239032443
BAD 586239032447
BAD 586239104933
BAD 586310027993
BAD 586311855733
BAD 586312034513
BAD 586312315453
BAD 586323318961
BAD 586213064053
BAD 586213064057
BAD 586213520999
BAD 586213521001
BAD 586219866847
BAD 586275896911
BAD 586276527373
BAD 586276527379
BAD 586276527383
BAD 586277187739
BAD 586278202639
BAD 586429913941
BAD 586432060667
BAD 586432783319
BAD 586433504023
BAD 586435205063
BAD 586436683043
BAD 586436683051
BAD 586282804883
BAD 586283279389
BAD 586283279399
BAD 586439460379
BAD 586286569399
BAD 586442157173
BAD 586289452843
BAD 586289452849
BAD 586290789397
BAD 586336077493
BAD 586337395181
BAD 586337395183
BAD 586339559023
BAD 586339559027
BAD 586274589599
BAD 586274589601
BAD 586291917067
BAD 586408939537
BAD 586408939541
BAD 586378805941
BAD 586359741431
BAD 586359741433
BAD 586392647303
BAD 586295602973
BAD 586394209519
BAD 586394209523
BAD 586362205543
BAD 586296911191
BAD 586296911203
BAD 586296911209
BAD 586297312969
BAD 586297312973
BAD 586383573913
BAD 586362984313
BAD 586396004807
BAD 586385173819
BAD 586302125701
BAD 586302125713
BAD 586302125719
BAD 586302125741
BAD 586413292279
BAD 586305848179
BAD 586477137293
BAD 586402741007
BAD 586402741009
BAD 586416733549
BAD 586404920083
BAD 586354449853
BAD 586407636361
BAD 586356789611
BAD 586357345643
BAD 586357345649
BAD 586487939641
BAD 586488589391
BAD 586488589397
BAD 586488589439
BAD 586488589441
BAD 586488589457
BAD 586488589459
BAD 586488589471
BAD 586452552799
BAD 586453070351
BAD 586453070353
BAD 586490349463
BAD 586454556713
BAD 586456752403
BAD 586465568267
BAD 586465568281
BAD 586473491183
BAD 586493312189
BAD 586493312191
BAD 586495507649
BAD 586495507651
BAD 586617161863
BAD 586617161869
BAD 586617161881
BAD 586617161887
BAD 586617161891
BAD 586617161903
BAD 586527374453
BAD 586504652089
BAD 586504652093
BAD 586504822723
BAD 586504822727
BAD 586504822733
BAD 586529391241
BAD 586507358477
BAD 586507358483
BAD 586507715887
BAD 586579076987
BAD 586579076989
BAD 586541153797
BAD 586542310933
BAD 586586045467
BAD 586512271231
BAD 586512271237
BAD 586514216933
BAD 586515383023
BAD 586515383039
BAD 586590330923
BAD 586544433851
BAD 586519143643
BAD 586572845827
BAD 586519797121
BAD 586573182721
BAD 586573182751
BAD 586521563431
BAD 586521563477
BAD 586521563479
BAD 586575075019
BAD 586575488441
BAD 586575488453
BAD 586593749957
BAD 586599606601
BAD 586600201441
BAD 586604670863
BAD 586604976593
BAD 586604976599
BAD 586605352483
BAD 586606982503
BAD 586609320301
BAD 586609378841
BAD 586629748217
BAD 586629748219
BAD 586629748223
BAD 586629748231
BAD 586630887173
BAD 586635990403
BAD 586635990407
BAD 586638328051
BAD 586639921187
BAD 586716534227
BAD 586716534233
BAD 586718365813
BAD 586718365817
BAD 586718654251
BAD 586692150241
BAD 586692254809
BAD 586693655311
BAD 586829272067
BAD 586865757263
BAD 586646656867
BAD 586646656873
BAD 586646656877
BAD 586869394493
BAD 586834521373
BAD 586835633689
BAD 586648774501
BAD 586648774507
BAD 586874765401
BAD 586878618661
BAD 586728384467
BAD 586728384469
BAD 586655649829
BAD 586656499277
BAD 586656499279
BAD 586656499301
BAD 586656499313
BAD 586657131979
BAD 586657475653
BAD 586736994601
BAD 586738746809
BAD 586660354381
BAD 586660354393
BAD 586742282947
BAD 586743972349
BAD 586795006103
BAD 586702002871
BAD 586702002949
BAD 586762729573
BAD 586762729607
BAD 586798677083
BAD 586704986243
BAD 586704986249
BAD 586704986251
BAD 586663119409
BAD 586663572653
BAD 586663572659
BAD 586663960097
BAD 586802293291
BAD 586803408799
BAD 586778801803
BAD 586803707143
BAD 586846600883
BAD 586846916171
BAD 586846916191
BAD 586846916197
BAD 586708433581
BAD 586708433587
BAD 586780801213
BAD 586849836919
BAD 586710417833
BAD 586807372213
BAD 586807372219
BAD 586773101203
BAD 586773531167
BAD 586773929899
BAD 586773929941
BAD 586773929953
BAD 586810583173
BAD 586773929957
BAD 586747309963
BAD 586747310003
BAD 586786931761
BAD 586786931767
BAD 586856603161
BAD 586880968733
BAD 586749255107
BAD 586790134069
BAD 586882690463
BAD 586791294391
BAD 586885141967
BAD 586885304773
BAD 586885304783
BAD 586676266643
BAD 586755780241
BAD 586889793283
BAD 586889793293
BAD 586889793299
BAD 586890943043
BAD 586890943049
BAD 586893361849
BAD 586980405983
BAD 586992168319
BAD 586992727429
BAD 586992727441
BAD 586964356193
BAD 586918966111
BAD 586934539043
BAD 586934702219
BAD 586935673277
BAD 586935673279
BAD 586938302567
BAD 586938302569
BAD 586925505059
BAD 586897095019
BAD 586898137853
BAD 586973969489
BAD 586928262391
BAD 586928262397
BAD 586899414601
BAD 586974949921
BAD 586975601749
BAD 586901304343
BAD 586901304359
BAD 586901304361
BAD 586940790781
BAD 586940790803
BAD 586978371323
BAD 586978634189
BAD 586909355453
BAD 586946061503
BAD 586946928259
BAD 586946928263
BAD 586948895191
BAD 586949948303
BAD 586949948309
BAD 586949948311
BAD 586951210133
BAD 586951210147
BAD 586951210151
BAD 586956222439
BAD 586956602173
BAD 586957480441
BAD 586960382693
BAD 587019179809
BAD 587021114233
BAD 587022456557
BAD 587029830287
BAD 587025461929
BAD 587026265347
BAD 587026293949
BAD 587026656961
BAD 587041296323
BAD 587044640843
BAD 587046379363
BAD 587046379369
BAD 587046379373
BAD 587080125589
BAD 587084056021
BAD 587086533223
BAD 587086533227
BAD 587092640261
BAD 587092640263
BAD 587116685891
BAD 587116685893
BAD 587116685963
BAD 587097225833
BAD 587097579443
BAD 587144484397
BAD 587101370143
BAD 587144515381
BAD 587144515387
BAD 587145744349
BAD 587127064543
BAD 587103617473
BAD 587103617491
BAD 587129986381
BAD 587068104677
BAD 587107727693
BAD 587108504581
BAD 587110389469
BAD 587053775597
BAD 587053775599
BAD 587053775621
BAD 587112659171
BAD 587054707979
BAD 587075097293
BAD 587060374141
BAD 587061272269
BAD 587061692017
BAD 587187058301
BAD 587187058321
BAD 587191139329
BAD 587191360633
BAD 587191360673
BAD 587191360687
BAD 587152405087
BAD 587154725299
BAD 587155204093
BAD 587165338033
BAD 587165338037
BAD 587168384849
BAD 587172208717
BAD 587172208723
BAD 587172208729
BAD 587161843951
BAD 587161844083
BAD 587176607341
BAD 587231139073
BAD 587177666533
BAD 587177666539
BAD 587232814879
BAD 587179445563
BAD 587179445569
BAD 587180138527
BAD 587239566323
BAD 587241603989
BAD 587202246997
BAD 587202247001
BAD 587202247003
BAD 587202247007
BAD 587217911911
BAD 587217911923
BAD 587203871593
BAD 587218968317
BAD 587218968319
BAD 587218968331
BAD 587223837619
BAD 587209884869
BAD 587227167001
BAD 587210853773
BAD 587211068383
BAD 587229388483
BAD 587254655213
BAD 587211710909
BAD 587211850133
BAD 587211850139
BAD 587211960079
BAD 587264688893
BAD 587256585379
BAD 587260768403
BAD 587281170199
BAD 587283384367
BAD 587283384383
BAD 587285473921
BAD 587285473927
BAD 587289050549
BAD 587292308287
BAD 587318401003
BAD 587318401013
BAD 587318401039
BAD 587323916029
BAD 587325103501
BAD 587349321523
BAD 587325721621
BAD 587350167979
BAD 587350167983
BAD 587306571821
BAD 587308535873
BAD 587308802071
BAD 587418010637
BAD 587418010639
BAD 587367004883
BAD 587420102287
BAD 587367884693
BAD 587368614929
BAD 587368614953
BAD 587434265063
BAD 587435163079
BAD 587435163083
BAD 587435163089
BAD 587427304193
BAD 587427304201
BAD 587382541159
BAD 587382541181
BAD 587382541183
BAD 587382541189
BAD 587382541199
BAD 587382541201
BAD 587427815603
BAD 587427815609
BAD 587427815633
BAD 587427815641
BAD 587438107853
BAD 587439041573
BAD 587372553961
BAD 587374615073
BAD 587374615081
BAD 587440608977
BAD 587377200133
BAD 587392363069
BAD 587444782579
BAD 587394721073
BAD 587409039109
BAD 587409039121
BAD 587409039169
BAD 587448903751
BAD 587333741011
BAD 587333741017
BAD 587344947713
BAD 587346030239
BAD 587468427977
BAD 587468427979
BAD 587469011659
BAD 587471698103
BAD 587472894901
BAD 587472894907
BAD 587473217557
BAD 587473217629
BAD 587473217633
BAD 587475531427
BAD 587475539689
BAD 587475852463
BAD 587492837017
BAD 587501247241
BAD 587480645909
BAD 587480645911
BAD 587494510201
BAD 587506438723
BAD 587516282063
BAD 587524847089
BAD 587524847101
BAD 587524847213
BAD 587526123187
BAD 587529592553
BAD 587531092913
BAD 587457099917
BAD 587457099919
BAD 587457121129
BAD 587457121133
BAD 587458482469
BAD 587458952947
BAD 587458952953
BAD 587463447421
BAD 587463822529
BAD 587554294703
BAD 587554473239
BAD 587570646763
BAD 587570646769
BAD 587564522191
BAD 587564593241
BAD 587603389931
BAD 587603977007
BAD 587603977013
BAD 587591432299
BAD 587591432303
BAD 587609866733
BAD 587593515811
BAD 587667306983
BAD 587636703293
BAD 587671745939
BAD 587671745993
BAD 587622614699
BAD 587622614701
BAD 587623000109
BAD 587644061899
BAD 587626893547
BAD 587626893551
BAD 587627977943
BAD 587679927907
BAD 587680039129
BAD 587649290101
BAD 587630436649
BAD 587654070053
BAD 587654070083
BAD 587666416399
BAD 587713109393
BAD 587716099717
BAD 587685168097
BAD 587696142091
BAD 587718452837
BAD 587718452843
BAD 587720810393
BAD 587727376681
BAD 587733770333
BAD 587738231263
BAD 587740751779
BAD 587745050941
BAD 587747698567
BAD 587803355333
BAD 587803355341
BAD 587803537693
BAD 587803537697
BAD 587819665673
BAD 587751457927
BAD 587821736563
BAD 587806856017
BAD 587806856023
BAD 587806856059
BAD 587822898587
BAD 587822898589
BAD 587825957923
BAD 587825957933
BAD 587825957941
BAD 587811695311
BAD 587829002237
BAD 587829002239
BAD 587829143081
BAD 587831568263
BAD 587831951677
BAD 587832054391
BAD 587832381593
BAD 587832429563
BAD 587761386323
BAD 587775827987
BAD 587835500101
BAD 587779178101
BAD 587779178113
BAD 587780484173
BAD 587780673023
BAD 587784774233
BAD 587784774271
BAD 587784491579
BAD 587841786241
BAD 587842396459
BAD 587788815091
BAD 587854355327
BAD 587854355329
BAD 587854355353
BAD 587860939681
BAD 587863827653
BAD 587890238753
BAD 587890238759
BAD 587892732773
BAD 587893221931
BAD 587877505231
BAD 587899982641
BAD 587885198689
BAD 587926783957
BAD 587927066201
BAD 587927066203
BAD 587904889829
BAD 587904889907
BAD 587928588229
BAD 587928588239
BAD 587941025603
BAD 587909494903
BAD 587970289961
BAD 587970289967
BAD 587970289969
BAD 587970289979
BAD 587971496779
BAD 587956015183
BAD 587956015193
BAD 587958267233
BAD 587959775597
BAD 587983508951
BAD 587983508953
BAD 588053356243
BAD 588036817201
BAD 588087577177
BAD 588059678749
BAD 588060052067
BAD 588039924271
BAD 587986604399
BAD 587986604407
BAD 587986618913
BAD 588042650341
BAD 588042650353
BAD 588043754449
BAD 587989182661
BAD 587989395949
BAD 587989395953
BAD 588044882479
BAD 588044972929
BAD 588044972953
BAD 588044972959
BAD 588094108039
BAD 588065920501
BAD 588045693947
BAD 588066416851
BAD 588045693953
BAD 588066416857
BAD 588066829543
BAD 587990904359
BAD 588004995679
BAD 588004995689
BAD 588004995691
BAD 588048870113
BAD 587993744711
BAD 588050045357
BAD 587994527993
BAD 588099982681
BAD 588010392181
BAD 588051842857
BAD 588101146807
BAD 588101146811
BAD 588101146813
BAD 588101146823
BAD 588052513793
BAD 588012945241
BAD 588016452229
BAD 588070094663
BAD 588076348879
BAD 588085779613
BAD 588033029707
BAD 588123242813
BAD 588123288653
BAD 588123288661
BAD 588125305861
BAD 588126329093
BAD 588126830393
BAD 588129652093
BAD 588132924601
BAD 588133161571
BAD 588106652153
BAD 588108422933
BAD 588108423013
BAD 588109233043
BAD 588109807111
BAD 588115061993
BAD 588255831601
BAD 588257303299
BAD 588258964301
BAD 588258964303
BAD 588258964309
BAD 588262411951
BAD 588265284533
BAD 588250861831
BAD 588250861837
BAD 588288007789
BAD 588288007807
BAD 588290765729
BAD 588290765731
BAD 588296452397
BAD 588296452399
BAD 588279474623
BAD 588279474641
BAD 588299818727
BAD 588300499081
BAD 588300620363
BAD 588283898393
BAD 588303443971
BAD 588137975861
BAD 588137975863
BAD 588137975869
BAD 588145517383
BAD 588146846527
BAD 588148009357
BAD 588151081927
BAD 588171819187
BAD 588152151361
BAD 588174629363
BAD 588176628023
BAD 588180004067
BAD 588180291409
BAD 588183426073
BAD 588183426079
BAD 588221927239
BAD 588221927243
BAD 588154074931
BAD 588186894319
BAD 588154516097
BAD 588154516099
BAD 588154881137
BAD 588225280319
BAD 588158865781
BAD 588161706577
BAD 588189320993
BAD 588230559677
BAD 588192886381
BAD 588165456589
BAD 588166034933
BAD 588166034941
BAD 588194754751
BAD 588234166643
BAD 588234166657
BAD 588168192281
BAD 588170432273
BAD 588170432303
BAD 588170432309
BAD 588358989109
BAD 588359838193
BAD 588365362909
BAD 588365362913
BAD 588374594989
BAD 588382639357
BAD 588386666303
BAD 588387692677
BAD 588423526477
BAD 588426180961
BAD 588426180967
BAD 588426180973
BAD 588426180983
BAD 588426576083
BAD 588426576091
BAD 588408310351
BAD 588408310363
BAD 588435258457
BAD 588435638851
BAD 588322950623
BAD 588435638963
BAD 588388694191
BAD 588414433643
BAD 588346332187
BAD 588346332191
BAD 588390327541
BAD 588391123241
BAD 588417074809
BAD 588446852759
BAD 588446852761
BAD 588447892693
BAD 588448471999
BAD 588351983903
BAD 588421481077
BAD 588354113929
BAD 588332813863
BAD 588332813867
BAD 588332813869
BAD 588332813881
BAD 588332933569
BAD 588451759037
BAD 588400004771
BAD 588335454017
BAD 588335569429
BAD 588401207057
BAD 588401207059
BAD 588401207083
BAD 588336561121
BAD 588402272093
BAD 588402272099
BAD 588402711359
BAD 588454893023
BAD 588454893041
BAD 588454893043
BAD 588454893049
BAD 588455372221
BAD 588455372227
BAD 588404081011
BAD 588404825381
BAD 588404825383
BAD 588305632531
BAD 588308533759
BAD 588309332603
BAD 588315437551
BAD 588315437557
BAD 588319939357
BAD 588320013839
BAD 588320740691
BAD 588460070273
BAD 588461103793
BAD 588464614363
BAD 588467502583
BAD 588467762851
BAD 588471326753
BAD 588473085463
BAD 588478912711
BAD 588479135039
BAD 588479217779
BAD 588479896493
BAD 588480586699
BAD 588482347351
BAD 588482347379
BAD 588482347381
BAD 588488405767
BAD 588511318741
BAD 588516163117
BAD 588516238963
BAD 588516447307
BAD 588489566303
BAD 588490816583
BAD 588522124921
BAD 588502837501
BAD 588502837511
BAD 588503338069
BAD 588503338169
BAD 588505973521
BAD 588505973527
BAD 588541589303
BAD 588543443443
BAD 588543443473
BAD 588543443479
BAD 588543443483
BAD 588548640949
BAD 588552116543
BAD 588552116549
BAD 588524534813
BAD 588524534821
BAD 588525083063
BAD 588525083071
BAD 588526794929
BAD 588526794931
BAD 588591350687
BAD 588591350689
BAD 588530285927
BAD 588530285929
BAD 588598805087
BAD 588598805089
BAD 588532584361
BAD 588532584373
BAD 588533648669
BAD 588538012339
BAD 588576175079
BAD 588576175081
BAD 588557650763
BAD 588557650787
BAD 588557650789
BAD 588692429077
BAD 588692429107
BAD 588692429111
BAD 588642426353
BAD 588585741811
BAD 588563111119
BAD 588644377583
BAD 588607996687
BAD 588607996751
BAD 588698491429
BAD 588587999401
BAD 588649253029
BAD 588701950289
BAD 588568153163
BAD 588568153177
BAD 588568153181
BAD 588652580407
BAD 588615618793
BAD 588653368789
BAD 588673927021
BAD 588654599569
BAD 588632034691
BAD 588617998489
BAD 588676326389
BAD 588676326391
BAD 588676326397
BAD 588676943917
BAD 588677201773
BAD 588636532853
BAD 588572972863
BAD 588680393557
BAD 588680393563
BAD 588681214861
BAD 588639238883
BAD 588682403689
BAD 588682403693
BAD 588639779269
BAD 588660017749
BAD 588660017753
BAD 588664431097
BAD 588670043041
BAD 588709155443
BAD 588710829467
BAD 588712204831
BAD 588716889793
BAD 588743593483
BAD 588743593523
BAD 588748482079
BAD 588748482083
BAD 588814116173
BAD 588814116203
BAD 588814116229
BAD 588814854259
BAD 588814854263
BAD 588815740699
BAD 588815740703
BAD 588816422221
BAD 588816422237
BAD 588816422239
BAD 588752119301
BAD 588752119357
BAD 588754685693
BAD 588755883563
BAD 588755883571
BAD 588822207877
BAD 588864654883
BAD 588864654893
BAD 588872380297
BAD 588780744143
BAD 588825868387
BAD 588826462793
BAD 588826947871
BAD 588786746971
BAD 588787106521
BAD 588787106527
BAD 588831364117
BAD 588831364129
BAD 588833274511
BAD 588789196153
BAD 588850158797
BAD 588855820313
BAD 588726623239
BAD 588761859053
BAD 588761859079
BAD 588764063131
BAD 588729866119
BAD 588765085907
BAD 588765085913
BAD 588792530047
BAD 588792530057
BAD 588792530059
BAD 588792530063
BAD 588792530069
BAD 588792530071
BAD 588792530077
BAD 588768190207
BAD 588768190211
BAD 588772213067
BAD 588772213069
BAD 588799489093
BAD 588799489097
BAD 588799489099
BAD 588773295713
BAD 588800244199
BAD 588804971207
BAD 588875191921
BAD 588876310909
BAD 588883156879
BAD 588891014087
BAD 588891014093
BAD 588929351503
BAD 588931001257
BAD 588934589437
BAD 588934589443
BAD 588947762803
BAD 588949502641
BAD 588949795507
BAD 588894400517
BAD 588894400519
BAD 588896001713
BAD 588902027809
BAD 588905030113
BAD 588905030117
BAD 588905030123
BAD 588905780833
BAD 589012254739
BAD 589013320393
BAD 589016161561
BAD 588909214111
BAD 589111856243
BAD 588909852571
BAD 589098609797
BAD 588910952743
BAD 588910952753
BAD 589114465339
BAD 589114465351
BAD 588910952761
BAD 589115272883
BAD 588972483413
BAD 588972483419
BAD 588912224189
BAD 588912224191
BAD 589099019479
BAD 589100929541
BAD 588975667393
BAD 589119693989
BAD 588918824623
BAD 588918824639
BAD 588919658339
BAD 588919658347
BAD 589106921813
BAD 589107099913
BAD 589109200913
BAD 589124297989
BAD 589028247739
BAD 589029161681
BAD 589031719729
BAD 589032873943
BAD 589032873959
BAD 589033951433
BAD 589036352731
BAD 589070298437
BAD 589073019287
BAD 589073019289
BAD 589074275243
BAD 589074275249
BAD 589082489797
BAD 589086840049
BAD 589086840053
BAD 588995246551
BAD 588995246557
BAD 588977295191
BAD 588977295527
BAD 588977830013
BAD 589005351247
BAD 589005829963
BAD 589046855107
BAD 589048204897
BAD 589050813193
BAD 588986028893
BAD 589051811533
BAD 589051811539
BAD 589051919471
BAD 589051919473
BAD 589051919479
BAD 589052825677
BAD 588988705223
BAD 589057300043
BAD 589129639759
BAD 589132308643
BAD 589132308649
BAD 589138289339
BAD 589138869481
BAD 589141964071
BAD 589152344009
BAD 589153179079
BAD 589157803291
BAD 589158860063
BAD 589159354891
BAD 589194117703
BAD 589194117709
BAD 589195439549
BAD 589211166233
BAD 589216786723
BAD 589216938493
BAD 589205389543
BAD 589205389547
BAD 589206923783
BAD 589209851177
BAD 589224012523
BAD 589247105287
BAD 589247166773
BAD 589253073133
BAD 589253073137
BAD 589253073139
BAD 589253073151
BAD 589255931779
BAD 589163692021
BAD 589165415149
BAD 589257098341
BAD 589257513049
BAD 589171196101
BAD 589184500823
BAD 589173224839
BAD 589184710999
BAD 589174583281
BAD 589174583287
BAD 589186564339
BAD 589176709897
BAD 589176709903
BAD 589176709907
BAD 589176709909
BAD 589176709921
BAD 589176816563
BAD 589189744163
BAD 589189744183
BAD 589229010313
BAD 589230024923
BAD 589326964003
BAD 589326964007
BAD 589326964013
BAD 589230398027
BAD 589230587069
BAD 589327996927
BAD 589231942763
BAD 589233551197
BAD 589237535519
BAD 589237535521
BAD 589261334689
BAD 589296633293
BAD 589298204041
BAD 589298204059
BAD 589241375759
BAD 589241375761
BAD 589241375777
BAD 589242533701
BAD 589242533707
BAD 589242533713
BAD 589242533753
BAD 589242533767
BAD 589243004809
BAD 589301797439
BAD 589301797451
BAD 589301797453
BAD 589268894623
BAD 589268894633
BAD 589268894639
BAD 589274416361
BAD 589276773661
BAD 589276773667
BAD 589276773671
BAD 589277064473
BAD 589289679799
BAD 589329320479
BAD 589333863257
BAD 589333863259
BAD 589333863271
BAD 589333863277
BAD 589335094483
BAD 589335094487
BAD 589335094489
BAD 589335964523
BAD 589337331439
BAD 589397417069
BAD 589397417071
BAD 589397651519
BAD 589417718389
BAD 589409022067
BAD 589420592869
BAD 589426249903
BAD 589426249913
BAD 589426249921
BAD 589426612007
BAD 589426612009
BAD 589426612013
BAD 589427421431
BAD 589427421433
BAD 589427669767
BAD 589427703521
BAD 589427703523
BAD 589427733007
BAD 589531085573
BAD 589531085579
BAD 589531085581
BAD 589534183111
BAD 589537189343
BAD 589538848163
BAD 589431005599
BAD 589433188621
BAD 589433596613
BAD 589433596621
BAD 589544421607
BAD 589544536771
BAD 589545255769
BAD 589545255773
BAD 589545862519
BAD 589545862523
BAD 589442390029
BAD 589444953961
BAD 589444953967
BAD 589351474981
BAD 589446292313
BAD 589447894501
BAD 589354061299
BAD 589449202987
BAD 589452590869
BAD 589359359467
BAD 589453184363
BAD 589365165817
BAD 589468541693
BAD 589468541707
BAD 589473098063
BAD 589386828143
BAD 589479372863
BAD 589480417483
BAD 589516457171
BAD 589481276063
BAD 589517390393
BAD 589517390419
BAD 589517390431
BAD 589519316083
BAD 589483854083
BAD 589488081509
BAD 589495183171
BAD 589502958001
BAD 589503316487
BAD 589503316489
BAD 589503316513
BAD 589507296691
BAD 589508183659
BAD 589510381399
BAD 589510381409
BAD 589510381417
BAD 589512018983
BAD 589512018989
BAD 589547062009
BAD 589549112311
BAD 589554784207
BAD 589557054127
BAD 589557054143
BAD 589647147893
BAD 589648406119
BAD 589649237909
BAD 589650560903
BAD 589652794463
BAD 589657585823
BAD 589658217613
BAD 589597151699
BAD 589597151701
BAD 589597151707
BAD 589698008597
BAD 589698779221
BAD 589699127267
BAD 589705013929
BAD 589606646483
BAD 589580865877
BAD 589705877753
BAD 589607403289
BAD 589585551409
BAD 589586850389
BAD 589713059827
BAD 589588205303
BAD 589588205309
BAD 589588205317
BAD 589588205341
BAD 589588205351
BAD 589588841861
BAD 589591511779
BAD 589591511783
BAD 589592467853
BAD 589619884687
BAD 589622963417
BAD 589629094913
BAD 589630266427
BAD 589667801773
BAD 589668588049
BAD 589668588053
BAD 589633130599
BAD 589633236649
BAD 589633236653
BAD 589634661971
BAD 589670710267
BAD 589636764973
BAD 589567364933
BAD 589569824219
BAD 589675253033
BAD 589731939803
BAD 589716600139
BAD 589677735139
BAD 589645261021
BAD 589733586457
BAD 589717247689
BAD 589679076841
BAD 589680215749
BAD 589680215753
BAD 589579377571
BAD 589688955241
BAD 589726976563
BAD 589726976569
BAD 589726976599
BAD 589726976603
BAD 589745972951
BAD 589745972953
BAD 589745972969
BAD 589764940679
BAD 589764940771
BAD 589764940783
BAD 589764940789
BAD 589768796543
BAD 589781092699
BAD 589747589089
BAD 589749975713
BAD 589754090293
BAD 589755559579
BAD 589755559583
BAD 589755559597
BAD 589755559607
BAD 589755559609
BAD 589755840991
BAD 589759206931
BAD 589762761719
BAD 589763394697
BAD 589802617709
BAD 589802617711
BAD 589804389247
BAD 589808390767
BAD 589810060093
BAD 589837570879
BAD 589837769471
BAD 589916575579
BAD 589916575583
BAD 589918149323
BAD 589918149329
BAD 589782291673
BAD 589886317003
BAD 589844917267
BAD 589844917271
BAD 589844917273
BAD 589844917283
BAD 589784308703
BAD 589847250221
BAD 589847827501
BAD 589925653279
BAD 589925653283
BAD 589925653297
BAD 589853009429
BAD 589893235097
BAD 589893965281
BAD 589791579547
BAD 589791971473
BAD 589791971479
BAD 589895828849
BAD 589900627471
BAD 589859528849
BAD 589859528851
BAD 589897733801
BAD 589797869761
BAD 589797869767
BAD 589797869783
BAD 589904343503
BAD 589904343527
BAD 589866363277
BAD 589866627953
BAD 589906285531
BAD 589869068273
BAD 589869068281
BAD 589821645911
BAD 589821645913
BAD 589823035981
BAD 589823885143
BAD 589823885149
BAD 589879064869
BAD 589880841133
BAD 589830038573
BAD 589830038593
BAD 589951699391
BAD 589951699459
BAD 589935342617
BAD 589965513233
BAD 589938612889
BAD 589939261441
BAD 589939261451
BAD 589939261453
BAD 589939261459
BAD 589942495319
BAD 589946797309
BAD 589946797313
BAD 589946802763
BAD 589947247349
BAD 589966809253
BAD 589966809259
BAD 589975338473
BAD 589990106753
BAD 589993049587
BAD 589993049599
BAD 589993049603
BAD 589993049609
BAD 589997397841
BAD 589997397863
BAD 589998613163
RANGE 580000000000 590000000000 PRIMES 369068558 BAD 3669
