BAD 530253528331
BAD 530185837369
BAD 530253528361
BAD 530154868603
BAD 530186930659
BAD 530186930677
BAD 530186930683
BAD 530154998251
BAD 530155014061
BAD 530155484539
BAD 530155484543
BAD 530155484549
BAD 530156435467
BAD 530023974031
BAD 530158846549
BAD 530160749149
BAD 530227427419
BAD 530027340473
BAD 530161610971
BAD 530302407619
BAD 530302407623
BAD 530162547053
BAD 530162547059
BAD 530229038413
BAD 530162975509
BAD 530162975513
BAD 530194234993
BAD 530229541111
BAD 530229541117
BAD 530163502837
BAD 530210243357
BAD 530306148649
BAD 530210243359
BAD 530165542631
BAD 530210243363
BAD 530306148653
BAD 530307074881
BAD 530033106793
BAD 530262944803
BAD 530309407429
BAD 530217606701
BAD 530217606703
BAD 530217606707
BAD 530268409309
BAD 530336604971
BAD 530340200671
BAD 530285715623
BAD 530340567353
BAD 530340567401
BAD 530340567403
BAD 530285820863
BAD 530285910971
BAD 530369949233
BAD 530328174091
BAD 530344890337
BAD 530292416959
BAD 530292416963
BAD 530329875443
BAD 530329875469
BAD 530329875511
BAD 530292895897
BAD 530123802629
BAD 530333283169
BAD 530374683053
BAD 530349037963
BAD 530123802631
BAD 530172275093
BAD 530102915689
BAD 530125125727
BAD 530351992879
BAD 530105862163
BAD 530107056793
BAD 530380501669
BAD 530107291429
BAD 530128569169
BAD 530128715093
BAD 530380858963
BAD 530177949073
BAD 530177949089
BAD 530178815473
BAD 530384150521
BAD 530113181371
BAD 530113838557
BAD 530386278979
BAD 530114972609
BAD 530089216427
BAD 530089216429
BAD 530000713499
BAD 530116792519
BAD 530090163587
BAD 530090163599
BAD 530090163601
BAD 530091339103
BAD 530068455809
BAD 530068455811
BAD 530068647991
BAD 530068648013
BAD 530068648037
BAD 530005210741
BAD 530052738931
BAD 530005454941
BAD 530005454947
BAD 530005454969
BAD 530005454971
BAD 530053185863
BAD 530054167739
BAD 530006313703
BAD 530069957077
BAD 530393056289
BAD 530095559599
BAD 530394548407
BAD 530059276343
BAD 530076006049
BAD 530060530067
BAD 530012226959
BAD 530237643853
BAD 530237643857
BAD 530237643877
BAD 530237787451
BAD 530400087859
BAD 530078440403
BAD 530240896441
BAD 530079261463
BAD 530065013813
BAD 530034021709
BAD 530241840829
BAD 530034611551
BAD 530034768353
BAD 530036380807
BAD 530036845469
BAD 530038305473
BAD 530246295893
BAD 530356877627
BAD 530356877629
BAD 530269507787
BAD 530269507913
BAD 530269507919
BAD 530269507921
BAD 530269507927
BAD 530359579861
BAD 530251145167
BAD 530361266453
BAD 530271821969
BAD 530271821971
BAD 530134465747
BAD 530362670323
BAD 530362670333
BAD 530362670339
BAD 530362670359
BAD 530362878013
BAD 530136757939
BAD 530136757999
BAD 530138168137
BAD 530138989889
BAD 530368688911
BAD 530141590063
BAD 530141590067
BAD 530279335613
BAD 530281149967
BAD 530142651593
BAD 530144151337
BAD 530284365599
BAD 530284365601
BAD 530147179207
BAD 530148831503
BAD 530148831523
BAD 530148831529
BAD 530148831533
BAD 530149874063
BAD 530150771693
BAD 530456437523
BAD 530458529941
BAD 530469952879
BAD 530422889443
BAD 530439839401
BAD 530439853313
BAD 530441260333
BAD 530441260487
BAD 530472238337
BAD 530425792709
BAD 530425792711
BAD 530465376247
BAD 530465376263
BAD 530506487761
BAD 530426937473
BAD 530428048429
BAD 530428048441
BAD 530428297969
BAD 530429534941
BAD 530451527183
BAD 530473778579
BAD 530473778581
BAD 530514740243
BAD 530478073057
BAD 530432484793
BAD 530432645929
BAD 530432694109
BAD 530517229013
BAD 530518820483
BAD 530518821593
BAD 530481486263
BAD 530481905389
BAD 530487337091
BAD 530485290373
BAD 530493073639
BAD 530494514663
BAD 530496618739
BAD 530497752331
BAD 530497925149
BAD 530498437003
BAD 530790423913
BAD 530793597163
BAD 530795969161
BAD 530800081027
BAD 530801522453
BAD 530403263311
BAD 530408490431
BAD 530804252743
BAD 530804252753
BAD 530410158001
BAD 530415659243
BAD 530418396383
BAD 530570627659
BAD 530570731451
BAD 530571014273
BAD 530774860873
BAD 530774860937
BAD 530774860939
BAD 530756229919
BAD 530576972311
BAD 530577135901
BAD 530740103869
BAD 530740103917
BAD 530537368187
BAD 530537368189
BAD 530781498773
BAD 530537925193
BAD 530537925209
BAD 530537925217
BAD 530537925221
BAD 530537925223
BAD 530581317047
BAD 530782016021
BAD 530581535513
BAD 530581904989
BAD 530538254431
BAD 530760781493
BAD 530760948803
BAD 530783947207
BAD 530784587947
BAD 530584258931
BAD 530584258933
BAD 530585043773
BAD 530787504031
BAD 530542767631
BAD 530767610369
BAD 530767610371
BAD 530767610377
BAD 530767610381
BAD 530586082547
BAD 530586082549
BAD 530746977169
BAD 530768201501
BAD 530768201503
BAD 530768201507
BAD 530522895083
BAD 530545227397
BAD 530545227403
BAD 530608299271
BAD 530769242897
BAD 530769242903
BAD 530547677227
BAD 530750393347
BAD 530750393353
BAD 530587935379
BAD 530549093981
BAD 530549093983
BAD 530613859991
BAD 530688137503
BAD 530688137537
BAD 530688137561
BAD 530531146331
BAD 530531702303
BAD 530623845937
BAD 530597039837
BAD 530597039839
BAD 530645512949
BAD 530677104953
BAD 530705271673
BAD 530677709167
BAD 530629459939
BAD 530629459963
BAD 530629459993
BAD 530647535833
BAD 530647535843
BAD 530647535849
BAD 530647535851
BAD 530707369867
BAD 530629661333
BAD 530601543379
BAD 530708405243
BAD 530708405419
BAD 530630765737
BAD 530681052203
BAD 530602661089
BAD 530696475709
BAD 530696475713
BAD 530681627269
BAD 530709565843
BAD 530603779283
BAD 530603779291
BAD 530709811531
BAD 530709811549
BAD 530710361143
BAD 530633580167
BAD 530711271593
BAD 530651704579
BAD 530651704603
BAD 530685040681
BAD 530651719699
BAD 530711567131
BAD 530687519851
BAD 530687519863
BAD 530701816993
BAD 530702144701
BAD 530662135163
BAD 530716662467
BAD 530716662473
BAD 530717995127
BAD 530717995153
BAD 530720428919
BAD 530720428921
BAD 530724583757
BAD 530725229779
BAD 530726654767
BAD 530728274413
BAD 530729031997
BAD 530729032003
BAD 530730404929
BAD 530731412543
BAD 530731498579
BAD 530556311513
BAD 530556415877
BAD 530732595649
BAD 530559920659
BAD 530559920663
BAD 530736265099
BAD 530736683041
BAD 530561796473
BAD 530568066023
BAD 530570263403
BAD 530808151429
BAD 530808151457
BAD 530808151459
BAD 530810857021
BAD 530812517143
BAD 530812517153
BAD 530814441281
BAD 530814441293
BAD 530839449263
BAD 530839449271
BAD 530839541663
BAD 530818190197
BAD 530842315063
BAD 530855763799
BAD 530857846039
BAD 530859151637
BAD 530844072103
BAD 530861137273
BAD 530865608789
BAD 530865608813
BAD 530866086733
BAD 530824544959
BAD 530848731451
BAD 530867103467
BAD 530867103469
BAD 530828556241
BAD 530829183559
BAD 530853037801
BAD 530829540919
BAD 530829540937
BAD 530871155359
BAD 530830594051
BAD 530833851841
BAD 530902120673
BAD 530902129957
BAD 530902129963
BAD 530835137359
BAD 530837179153
BAD 530904714427
BAD 530872457123
BAD 530872896857
BAD 530872896859
BAD 530877834533
BAD 530877834593
BAD 530879163961
BAD 530881169359
BAD 530881169369
BAD 530885484457
BAD 530885484461
BAD 530886381343
BAD 530922841727
BAD 531058244963
BAD 531058244971
BAD 531059182343
BAD 531059182763
BAD 531061615969
BAD 531061920563
BAD 531061920569
BAD 531061920577
BAD 531062439689
BAD 531063356287
BAD 531063356293
BAD 531063356311
BAD 531063356323
BAD 531063869393
BAD 530956937393
BAD 531065164787
BAD 531066384713
BAD 531066384733
BAD 531066384743
BAD 531067218481
BAD 531070602079
BAD 531070602091
BAD 530960945041
BAD 530961751447
BAD 531023621437
BAD 531023621441
BAD 531023621449
BAD 531023621467
BAD 531023621473
BAD 531175153231
BAD 531024741031
BAD 531176179141
BAD 531176179153
BAD 530941589161
BAD 531177677441
BAD 531026667559
BAD 531179272133
BAD 531179272249
BAD 530974473649
BAD 531162797071
BAD 531163387093
BAD 530948754233
BAD 530948754241
BAD 530948754283
BAD 530948754289
BAD 530948754367
BAD 530948754383
BAD 531182979683
BAD 531033042653
BAD 531033243707
BAD 531184236421
BAD 531033243709
BAD 531033310499
BAD 531033310501
BAD 531033553097
BAD 530951049859
BAD 530951049877
BAD 531149615881
BAD 531186836953
BAD 531166052063
BAD 531167104453
BAD 531167104463
BAD 530979489583
BAD 530953821289
BAD 530953821301
BAD 531037935563
BAD 531037935601
BAD 530980468591
BAD 531151336699
BAD 531189847943
BAD 530992865791
BAD 530993228167
BAD 531152360749
BAD 530982298043
BAD 530906618029
BAD 530906618161
BAD 531040124431
BAD 531006881047
BAD 531172987153
BAD 531155557489
BAD 531174119269
BAD 531155564309
BAD 530998303861
BAD 530910503989
BAD 531000295963
BAD 530911456133
BAD 531041614603
BAD 530913110449
BAD 531003914789
BAD 531043751681
BAD 531004659013
BAD 530917116803
BAD 531045948623
BAD 531016661801
BAD 531016661803
BAD 531191831347
BAD 531192449009
BAD 531192449017
BAD 531018241001
BAD 531018241003
BAD 531050309467
BAD 531051442829
BAD 531111080113
BAD 531111080119
BAD 531077036003
BAD 531200314189
BAD 531200314193
BAD 531093323149
BAD 531200925757
BAD 531093656209
BAD 531093656239
BAD 531201986113
BAD 531094266019
BAD 531094266023
BAD 531203201107
BAD 531080539501
BAD 531080539513
BAD 531080539519
BAD 531084183247
BAD 531098654309
BAD 531098654311
BAD 531225340049
BAD 531120950561
BAD 531225627749
BAD 531225868801
BAD 531226784947
BAD 531122583961
BAD 531104201633
BAD 531293665933
BAD 531276547303
BAD 531296379421
BAD 531296379473
BAD 531296787739
BAD 531296787743
BAD 531280045643
BAD 531280045663
BAD 531238382581
BAD 531287728813
BAD 531258808631
BAD 531261667051
BAD 531271786063
BAD 531274714963
BAD 531274714967
BAD 531274714969
BAD 531274714979
BAD 531274714981
BAD 531274714987
BAD 531244110233
BAD 531250013269
BAD 531258164299
BAD 531319347961
BAD 531319347973
BAD 531319348003
BAD 531321189859
BAD 531321598163
BAD 531325332767
BAD 531339235753
BAD 531340013203
BAD 531340013213
BAD 531340176937
BAD 531340245871
BAD 531340982831
BAD 531629094487
BAD 531462305623
BAD 531515472419
BAD 531515630749
BAD 531515630753
BAD 531516790267
BAD 531463856299
BAD 531463856303
BAD 531631754281
BAD 531653825623
BAD 531618042383
BAD 531468008509
BAD 531619304683
BAD 531470217121
BAD 531621725513
BAD 531635694001
BAD 531472253933
BAD 531658484239
BAD 531658484243
BAD 531519034699
BAD 531472865893
BAD 531472865923
BAD 531623962973
BAD 531624668041
BAD 531625539461
BAD 531625539463
BAD 531521342069
BAD 531521342071
BAD 531521784979
BAD 531638447287
BAD 531638447293
BAD 531526336433
BAD 531643446001
BAD 531344510551
BAD 531348995041
BAD 531348995071
BAD 531349665817
BAD 531351820411
BAD 531352970609
BAD 531534114781
BAD 531364124597
BAD 531352970611
BAD 531443093903
BAD 531443619041
BAD 531355472807
BAD 531585460891
BAD 531445625881
BAD 531699140449
BAD 531699635851
BAD 531377722643
BAD 531378143209
BAD 531702614801
BAD 531702614803
BAD 531539977093
BAD 531539977103
BAD 531703175701
BAD 531596089909
BAD 531703407979
BAD 531703963211
BAD 531703963213
BAD 531449619277
BAD 531597180227
BAD 531542254099
BAD 531591404821
BAD 531542636227
BAD 531542636231
BAD 531380917321
BAD 531451396969
BAD 531495111607
BAD 531707324443
BAD 531707324527
BAD 531452448619
BAD 531452448721
BAD 531452448743
BAD 531453845509
BAD 531496374473
BAD 531372376519
BAD 531660988373
BAD 531601990547
BAD 531384317281
BAD 531456303683
BAD 531662725079
BAD 531662725081
BAD 531662944979
BAD 531603481403
BAD 531663452407
BAD 531499210793
BAD 531499459121
BAD 531499459123
BAD 531385229029
BAD 531458385979
BAD 531395698943
BAD 531387789773
BAD 531573601081
BAD 531573601087
BAD 531573601109
BAD 531573909793
BAD 531608044511
BAD 531574263449
BAD 531398276243
BAD 531398276257
BAD 531390276341
BAD 531390276359
BAD 531669004583
BAD 531575185681
BAD 531669588661
BAD 531576359239
BAD 531576359243
BAD 531577051571
BAD 531577051573
BAD 531610519883
BAD 531544375183
BAD 531544375189
BAD 531432889913
BAD 531505828969
BAD 531434773403
BAD 531434773409
BAD 531434773411
BAD 531400577599
BAD 531435183473
BAD 531546727891
BAD 531507533903
BAD 531676146019
BAD 531676146031
BAD 531403280423
BAD 531547516163
BAD 531404526437
BAD 531404526439
BAD 531439459783
BAD 531441534181
BAD 531441534193
BAD 531557607739
BAD 531677829677
BAD 531677829679
BAD 531677829689
BAD 531677829691
BAD 531678262639
BAD 531689378611
BAD 531480994951
BAD 531487649789
BAD 531492484531
BAD 531413295379
BAD 531413295383
BAD 531712843561
BAD 531416043017
BAD 531715065809
BAD 531715065811
BAD 531418587649
BAD 531418587653
BAD 531718632127
BAD 531722751101
BAD 531722751103
BAD 531423430477
BAD 531424812781
BAD 531730335091
BAD 531738034073
BAD 531738034081
BAD 531743785151
BAD 531744387173
BAD 531815122681
BAD 531764916049
BAD 531766981687
BAD 531769699457
BAD 531770110567
BAD 531771642067
BAD 531772495231
BAD 531825179029
BAD 531826083293
BAD 531826083323
BAD 531777557203
BAD 531795880831
BAD 531796334959
BAD 531796335023
BAD 531745791439
BAD 531745791443
BAD 531745843861
BAD 531745911589
BAD 531801296599
BAD 531801855527
BAD 531801855569
BAD 531801855623
BAD 531747897749
BAD 531748260353
BAD 531749109391
BAD 531749109407
BAD 531749109413
BAD 531749109421
BAD 531749203571
BAD 531749203597
BAD 531805048199
BAD 531805048231
BAD 531752929039
BAD 531811815103
BAD 531811815107
BAD 531811815109
BAD 531755145151
BAD 531759171497
BAD 531759171499
BAD 531759342397
BAD 531759789529
BAD 531759789541
BAD 531760314289
BAD 531760394201
BAD 531760394203
BAD 532065936617
BAD 532065936637
BAD 532065936643
BAD 532067400247
BAD 532069134161
BAD 532069134169
BAD 532069134173
BAD 531779021153
BAD 531779021177
BAD 532071266911
BAD 531781158079
BAD 531781888201
BAD 532113994429
BAD 531783043973
BAD 532073688019
BAD 532114329379
BAD 532079424263
BAD 532114910869
BAD 531790776431
BAD 532120742963
BAD 531794111509
BAD 532124434823
BAD 532081260583
BAD 531967549441
BAD 532084028479
BAD 531900681259
BAD 531931191107
BAD 531981542063
BAD 531981542069
BAD 531981542077
BAD 531981542093
BAD 532085441653
BAD 532088506463
BAD 531975105229
BAD 532050998663
BAD 531987135167
BAD 531987135191
BAD 531975728833
BAD 531975728839
BAD 532091156339
BAD 532091156353
BAD 532033885111
BAD 531935678453
BAD 531988443211
BAD 531976986007
BAD 532034992283
BAD 532093252153
BAD 532054749067
BAD 532034992297
BAD 531990320053
BAD 532093252157
BAD 532034992303
BAD 532034992309
BAD 532016702003
BAD 531938668981
BAD 532055914603
BAD 532055914613
BAD 531938756651
BAD 531991809991
BAD 532018585817
BAD 531992809939
BAD 532057682287
BAD 532019010983
BAD 532037409863
BAD 531911486867
BAD 531911486903
BAD 532020679627
BAD 532060013137
BAD 532060013141
BAD 532060013143
BAD 532060013167
BAD 532060013179
BAD 532060013231
BAD 532022181931
BAD 532024099241
BAD 532043823617
BAD 532027780439
BAD 532027780441
BAD 532029000361
BAD 532029886111
BAD 532029886127
BAD 531864090529
BAD 532000022119
BAD 532000727663
BAD 532002159763
BAD 532002360679
BAD 532006239503
BAD 531846730319
BAD 531846730321
BAD 531846730333
BAD 531846730339
BAD 531869688547
BAD 531869688551
BAD 532007672243
BAD 531848755099
BAD 531848755103
BAD 531848796139
BAD 531925162051
BAD 531850001359
BAD 531850001363
BAD 532009078813
BAD 531949111469
BAD 531949111471
BAD 531873229189
BAD 532097312563
BAD 531852719197
BAD 531929185091
BAD 531853017071
BAD 532098512521
BAD 532098512527
BAD 532011088831
BAD 531951456293
BAD 531875747773
BAD 532099373581
BAD 532099373593
BAD 532099373599
BAD 531952945591
BAD 531952945603
BAD 531876868363
BAD 531877135651
BAD 532100632639
BAD 532100632753
BAD 531877459259
BAD 531877459261
BAD 531956371789
BAD 531859313179
BAD 531959091383
BAD 531959454671
BAD 531959454673
BAD 532106306629
BAD 531881120143
BAD 531881320051
BAD 532113452303
BAD 531883289183
BAD 531831361123
BAD 531889791289
BAD 531837689059
BAD 531837689063
BAD 531838628683
BAD 531838628693
BAD 531838628701
BAD 531840552457
BAD 531893027401
BAD 531841538419
BAD 531843173689
BAD 532132552801
BAD 532132552811
BAD 532134681889
BAD 532134875771
BAD 532134875773
BAD 532141366951
BAD 532165388603
BAD 532165755241
BAD 532168452163
BAD 532198965941
BAD 532199165447
BAD 532178629219
BAD 532178629223
BAD 532179344267
BAD 532179344341
BAD 532204267373
BAD 532207421731
BAD 532209296923
BAD 532147630187
BAD 532155650371
BAD 532155960781
BAD 532156543669
BAD 532156543673
BAD 532159601599
BAD 532160053921
BAD 532182486973
BAD 532182848363
BAD 532416820787
BAD 532188268849
BAD 532382929399
BAD 532250814961
BAD 532190554433
BAD 532191467131
BAD 532192783051
BAD 532192812791
BAD 532425714559
BAD 532425714563
BAD 532194480277
BAD 532387651619
BAD 532256657143
BAD 532196778863
BAD 532306536997
BAD 532257303517
BAD 532306654751
BAD 532306654753
BAD 532306983067
BAD 532431766411
BAD 532431766421
BAD 532261929533
BAD 532261929559
BAD 532261929569
BAD 532261929571
BAD 532395842249
BAD 532264726207
BAD 532264726267
BAD 532264726271
BAD 532215330323
BAD 532219228763
BAD 532225776529
BAD 532229356411
BAD 532399670749
BAD 532399670753
BAD 532401001843
BAD 532401575239
BAD 532401575243
BAD 532401575249
BAD 532410227207
BAD 532433133161
BAD 532433133163
BAD 532449711023
BAD 532450720993
BAD 532450721003
BAD 532451700173
BAD 532413194023
BAD 532413194029
BAD 532413364999
BAD 532413365051
BAD 532413365053
BAD 532454951323
BAD 532441911193
BAD 532461448133
BAD 532316784179
BAD 532317388189
BAD 532234459051
BAD 532236760987
BAD 532321317653
BAD 532321317659
BAD 532321317707
BAD 532534053871
BAD 532237435889
BAD 532493050981
BAD 532493790083
BAD 532323281167
BAD 532282592761
BAD 532536573703
BAD 532282592771
BAD 532536573707
BAD 532282592773
BAD 532240118843
BAD 532240118887
BAD 532325608403
BAD 532325608417
BAD 532325608421
BAD 532325608429
BAD 532241244947
BAD 532241244949
BAD 532496865911
BAD 532369903193
BAD 532285888333
BAD 532285888339
BAD 532286092771
BAD 532329044749
BAD 532374330833
BAD 532244599193
BAD 532475961643
BAD 532499628281
BAD 532244599223
BAD 532499628307
BAD 532290227473
BAD 532290227477
BAD 532266722759
BAD 532266722761
BAD 532477529513
BAD 532477532611
BAD 532246309051
BAD 532246309057
BAD 532246309061
BAD 532477826191
BAD 532349746021
BAD 532268347931
BAD 532349880347
BAD 532377011431
BAD 532548448087
BAD 532350349591
BAD 532269884299
BAD 532269884323
BAD 532351669279
BAD 532503980557
BAD 532481424977
BAD 532295321707
BAD 532295321713
BAD 532295321717
BAD 532295321749
BAD 532295321759
BAD 532380282173
BAD 532504742411
BAD 532271916469
BAD 532271916479
BAD 532271916481
BAD 532271916487
BAD 532337165821
BAD 532505430971
BAD 532353407063
BAD 532338206977
BAD 532382274173
BAD 532356452783
BAD 532357081519
BAD 532357081523
BAD 532275811069
BAD 532275811073
BAD 532276098997
BAD 532514343931
BAD 532514343937
BAD 532347562111
BAD 532348080769
BAD 532348080773
BAD 532348081019
BAD 532348081021
BAD 532364208991
BAD 532516873033
BAD 532521900109
BAD 532521900121
BAD 532532607473
BAD 532532607511
BAD 532568843929
BAD 532568844019
BAD 532574021899
BAD 532577455393
BAD 532577850107
BAD 532550706593
BAD 532553257403
BAD 532554092929
BAD 532638197521
BAD 532638197527
BAD 532638197537
BAD 532641787729
BAD 532653904381
BAD 532654424453
BAD 532681010903
BAD 532681010933
BAD 532646233843
BAD 532646233859
BAD 532682927683
BAD 532657533103
BAD 532659399619
BAD 532659851263
BAD 532659851267
BAD 532660968163
BAD 532628310737
BAD 532628688101
BAD 532628688103
BAD 532629010399
BAD 532629922387
BAD 532631827853
BAD 532631827867
BAD 532587851143
BAD 532588504997
BAD 532588939433
BAD 532804643101
BAD 532804887163
BAD 532804887169
BAD 532591780219
BAD 532591780223
BAD 532592144171
BAD 532592144173
BAD 532808075749
BAD 532808695381
BAD 532596422663
BAD 532809621209
BAD 532809630823
BAD 532809630827
BAD 532687217879
BAD 532601188211
BAD 532691162287
BAD 532813904383
BAD 532694134703
BAD 532815576179
BAD 532815576199
BAD 532607972131
BAD 532697380373
BAD 532818356281
BAD 532818356297
BAD 532818356311
BAD 532700621213
BAD 532896841993
BAD 532896842011
BAD 532615647049
BAD 532899041063
BAD 532735983979
BAD 532753927939
BAD 532753927943
BAD 532754376719
BAD 532738084709
BAD 532755832283
BAD 532755832289
BAD 532755832291
BAD 532756194151
BAD 532728445999
BAD 532728446057
BAD 532728446059
BAD 532921447073
BAD 532921447081
BAD 532921447087
BAD 532921447171
BAD 532738975739
BAD 532756903499
BAD 532740651281
BAD 532740651283
BAD 532922742739
BAD 532922742743
BAD 532922742749
BAD 532922806981
BAD 532760919091
BAD 532730540539
BAD 532741297013
BAD 532731807929
BAD 532731807931
BAD 532743460681
BAD 532743460687
BAD 532743761533
BAD 532743761549
BAD 532743761551
BAD 532925650633
BAD 532925650637
BAD 532925650639
BAD 532925650643
BAD 532925904461
BAD 532925904463
BAD 532767783241
BAD 532928696681
BAD 532928696683
BAD 532748325383
BAD 532930820959
BAD 532931281093
BAD 532701682651
BAD 532821827411
BAD 532823352049
BAD 532823352067
BAD 532837837429
BAD 532705815263
BAD 532837877293
BAD 532854669467
BAD 532839988609
BAD 532854669469
BAD 532771097543
BAD 532839988643
BAD 532854669481
BAD 532854669497
BAD 532856861819
BAD 532856861821
BAD 532856861827
BAD 532830090083
BAD 532773283309
BAD 532773283333
BAD 532831317937
BAD 532774487429
BAD 532774487431
BAD 532843689383
BAD 532777162369
BAD 532834805143
BAD 532778790253
BAD 532847023223
BAD 532847023237
BAD 532847179013
BAD 532849249199
BAD 532849249201
BAD 532798628233
BAD 532850446789
BAD 532850446819
BAD 532873039409
BAD 532873039411
BAD 532873819043
BAD 532874156431
BAD 532876441739
BAD 532881938779
BAD 532882272683
BAD 532882799651
BAD 532882799653
BAD 532938696601
BAD 532945968019
BAD 532946602651
BAD 532947967723
BAD 532947967729
BAD 532948781581
BAD 532949840671
BAD 532951373939
BAD 532951786903
BAD 532952786347
BAD 532952786363
BAD 532952858869
BAD 532904697361
BAD 532905649277
BAD 532905649279
BAD 532956222263
BAD 532957895903
BAD 532957895917
BAD 532908535099
BAD 532960549619
BAD 532960549621
BAD 532960574491
BAD 532960574501
BAD 532961704843
BAD 532966282841
BAD 532966282913
BAD 532917722873
BAD 532918952017
BAD 532971809243
BAD 532971937793
BAD 532983776063
BAD 532986005353
BAD 532986005389
BAD 532988693417
BAD 532993139617
BAD 532993899931
BAD 532996800047
BAD 532996800079
BAD 533006147629
BAD 533006147633
BAD 533006147647
BAD 533011697377
BAD 533016881743
BAD 533030796479
BAD 533030796481
BAD 533034514319
BAD 533034514321
BAD 533034514351
BAD 533034514357
BAD 533072021837
BAD 533072021843
BAD 533074891213
BAD 533076244973
BAD 533077392667
BAD 533077392671
BAD 533079755191
BAD 533082366511
BAD 533085535943
BAD 533088462211
BAD 533092594129
BAD 533366875213
BAD 533094751337
BAD 533094751339
BAD 533368092953
BAD 533098988713
BAD 533104329557
BAD 533104329559
BAD 533057073979
BAD 533040216031
BAD 533040216043
BAD 533062585609
BAD 533062585613
BAD 533041328431
BAD 533041328447
BAD 533041328461
BAD 533063879701
BAD 533063879707
BAD 533115002899
BAD 533044309009
BAD 533115654829
BAD 533116582013
BAD 533116582043
BAD 533116582049
BAD 533116582051
BAD 533066295023
BAD 533045667703
BAD 533045667719
BAD 533045667733
BAD 533045839891
BAD 533118581117
BAD 533120245477
BAD 533120245481
BAD 533123892233
BAD 533123936381
BAD 533123936383
BAD 533126667289
BAD 533278859389
BAD 533279046827
BAD 533279046829
BAD 533129299541
BAD 533129299543
BAD 533279884937
BAD 533204911843
BAD 533130976771
BAD 533205463289
BAD 533138153881
BAD 533138166179
BAD 533138166181
BAD 533138166193
BAD 533207146237
BAD 533207146243
BAD 533140076197
BAD 533133382087
BAD 533284463059
BAD 533141805011
BAD 533141805013
BAD 533211256483
BAD 533211256489
BAD 533211256499
BAD 533260539631
BAD 533142263113
BAD 533286132199
BAD 533286148379
BAD 533212683413
BAD 533263201637
BAD 533330567713
BAD 533330567723
BAD 533215569703
BAD 533215569721
BAD 533215569727
BAD 533332297543
BAD 533332434671
BAD 533332434673
BAD 533332434751
BAD 533332890859
BAD 533193040871
BAD 533193040873
BAD 533148796577
BAD 533266492183
BAD 533154625169
BAD 533155014719
BAD 533219932591
BAD 533155553747
BAD 533155553767
BAD 533155763159
BAD 533151349793
BAD 533151349799
BAD 533152916633
BAD 533152916671
BAD 533196904007
BAD 533153515801
BAD 533271154231
BAD 533197677563
BAD 533340286013
BAD 533340286021
BAD 533340286027
BAD 533161357879
BAD 533171038747
BAD 533171038903
BAD 533171038909
BAD 533171148751
BAD 533345277169
BAD 533202036877
BAD 533202898489
BAD 533204127739
BAD 533165849341
BAD 533293796689
BAD 533166885289
BAD 533166913273
BAD 533166913277
BAD 533166994343
BAD 533166994351
BAD 533295346819
BAD 533295768487
BAD 533308696517
BAD 533296554949
BAD 533308696519
BAD 533296554953
BAD 533296554961
BAD 533296767023
BAD 533296767083
BAD 533297493247
BAD 533297493283
BAD 533297493307
BAD 533309535383
BAD 533298583471
BAD 533179675891
BAD 533179675901
BAD 533180204813
BAD 533181383239
BAD 533170647409
BAD 533236678003
BAD 533303724749
BAD 533315200291
BAD 533316234181
BAD 533317040791
BAD 533245408823
BAD 533247438067
BAD 533320721047
BAD 533248102159
BAD 533372971783
BAD 533374485467
BAD 533374485571
BAD 533252006713
BAD 533252006723
BAD 533377722841
BAD 533253632161
BAD 533378183761
BAD 533387060083
BAD 533406137377
BAD 533407945381
BAD 533408623939
BAD 533409801167
BAD 533426872943
BAD 533411296303
BAD 533428909063
BAD 533428909067
BAD 533428909073
BAD 533412678859
BAD 533412678863
BAD 533429874247
BAD 533429874251
BAD 533429874253
BAD 533414662057
BAD 533431756147
BAD 533418264667
BAD 533420406349
BAD 533438820613
BAD 533438985553
BAD 533438985557
BAD 533438985559
BAD 533438985589
BAD 533438985593
BAD 533394075349
BAD 533394746933
BAD 533398165219
BAD 533439365161
BAD 533441516981
BAD 533445889973
BAD 533451656827
BAD 533451656833
BAD 533452405621
BAD 533455756199
BAD 533455756201
BAD 533457440573
BAD 533464066561
BAD 533465456401
BAD 533466441191
BAD 533466773377
BAD 533468031883
BAD 533470649993
BAD 533709985873
BAD 533709985877
BAD 533711419313
BAD 533711539313
BAD 533714785831
BAD 533716981817
BAD 533718159097
BAD 533718307789
BAD 533718307799
BAD 533718307841
BAD 533777645003
BAD 533778068701
BAD 533791690049
BAD 533791690051
BAD 533791690057
BAD 533721065303
BAD 533809248631
BAD 533779876283
BAD 533722484041
BAD 533781470011
BAD 533782325641
BAD 533782415741
BAD 533782415743
BAD 533797088887
BAD 533571929899
BAD 533571929911
BAD 533590929917
BAD 533802312983
BAD 533788628693
BAD 533789609029
BAD 533819989861
BAD 533789796739
BAD 533804128567
BAD 533804252699
BAD 533804252701
BAD 533791553731
BAD 533822372599
BAD 533807628587
BAD 533807628589
BAD 533825088361
BAD 533825088397
BAD 533604867259
BAD 533605385413
BAD 533605385437
BAD 533606057869
BAD 533625927811
BAD 533573797343
BAD 533573797363
BAD 533626907399
BAD 533626907419
BAD 533627465989
BAD 533627465993
BAD 533760944683
BAD 533760944687
BAD 533675026153
BAD 533578227019
BAD 533527032601
BAD 533763840671
BAD 533678775887
BAD 533764672477
BAD 533765956133
BAD 533493173221
BAD 533633144063
BAD 533493823103
BAD 533633505913
BAD 533767229717
BAD 533767229719
BAD 533767229731
BAD 533533083091
BAD 533768854543
BAD 533768854547
BAD 533769119879
BAD 533769119881
BAD 533769672983
BAD 533684500639
BAD 533587039003
BAD 533742670777
BAD 533496713027
BAD 533770722523
BAD 533536967273
BAD 533587039009
BAD 533685528227
BAD 533608774057
BAD 533608774073
BAD 533691329867
BAD 533691329869
BAD 533686991273
BAD 533588436833
BAD 533687237569
BAD 533687237579
BAD 533687237581
BAD 533687237591
BAD 533687237593
BAD 533610191999
BAD 533610803519
BAD 533610803521
BAD 533692760933
BAD 533610986371
BAD 533589727171
BAD 533611191119
BAD 533611191121
BAD 533690322203
BAD 533690322223
BAD 533693063633
BAD 533693063641
BAD 533746539803
BAD 533501877787
BAD 533501877793
BAD 533747667667
BAD 533550002873
BAD 533748203761
BAD 533748900439
BAD 533645924963
BAD 533645924983
BAD 533657712677
BAD 533504761381
BAD 533474033101
BAD 533552625517
BAD 533552625521
BAD 533552625523
BAD 533553304513
BAD 533614881287
BAD 533614881301
BAD 533699021551
BAD 533699021563
BAD 533476446991
BAD 533699805563
BAD 533754096353
BAD 533754096361
BAD 533703824483
BAD 533667225577
BAD 533704596263
BAD 533618699633
BAD 533620436693
BAD 533484341111
BAD 533484341113
BAD 533672357089
BAD 533672357093
BAD 533672862913
BAD 533672862917
BAD 533486699201
BAD 533486699203
BAD 533486699209
BAD 533488635961
BAD 533489133337
BAD 533506496813
BAD 533513412811
BAD 533515538693
BAD 533517517411
BAD 533518975903
BAD 533519346317
BAD 533519796253
BAD 533728859431
BAD 533731953067
BAD 533735560591
BAD 533838684019
BAD 533838684023
BAD 533739138397
BAD 533845677133
BAD 533849778971
BAD 533857111849
BAD 533860170007
BAD 533875029923
BAD 533910700963
BAD 533910700969
BAD 533910701021
BAD 533912161073
BAD 533928687893
BAD 533928687913
BAD 533929145303
BAD 533952361069
BAD 533952361073
BAD 533930189963
BAD 533893129597
BAD 533893279237
BAD 533955037963
BAD 533893766191
BAD 533933753267
BAD 533933753273
BAD 533934095243
BAD 533934202189
BAD 533919314611
BAD 533919509393
BAD 533919509401
BAD 533919509413
BAD 533935547269
BAD 533935547281
BAD 533894952511
BAD 533957860769
BAD 533897689363
BAD 533897830819
BAD 533920984327
BAD 533920984369
BAD 533901052669
BAD 533901052673
BAD 533939221603
BAD 533939221609
BAD 533939221639
BAD 533901913561
BAD 533902097191
BAD 533963819287
BAD 533964069521
BAD 533925593521
BAD 533967937687
BAD 533968951861
BAD 533906542033
BAD 533971044337
BAD 533971044379
BAD 533972600611
BAD 533972600617
BAD 533880445159
BAD 533880445169
BAD 533881977073
BAD 534045079039
BAD 534045079093
BAD 534045079097
BAD 533886321893
BAD 534026750713
BAD 534026750779
BAD 534147209119
BAD 534147771449
BAD 534027668789
BAD 534027668791
BAD 533890184533
BAD 534052726489
BAD 533891878021
BAD 534012050783
BAD 534053117009
BAD 534153555863
BAD 534154146403
BAD 533993799869
BAD 533993799893
BAD 533993799901
BAD 534155902309
BAD 534033513919
BAD 534165986623
BAD 534165986639
BAD 534165986647
BAD 533994728063
BAD 534014408677
BAD 534229300741
BAD 533996579521
BAD 534230047471
BAD 534056646931
BAD 533997523783
BAD 533997895993
BAD 534036755953
BAD 534057185869
BAD 533998603687
BAD 533998669093
BAD 534016965563
BAD 534020181481
BAD 534020514827
BAD 534020514829
BAD 534005266747
BAD 534128199421
BAD 534023130247
BAD 534006498397
BAD 534006498407
BAD 534240035981
BAD 534131627873
BAD 534131627881
BAD 534026208649
BAD 534131991529
BAD 534026518799
BAD 534026518801
BAD 534061376033
BAD 534061376039
BAD 534061376041
BAD 534100161263
BAD 534180582653
BAD 534135752629
BAD 534064219867
BAD 534064219873
BAD 534101899697
BAD 534101899699
BAD 534138355837
BAD 534116885761
BAD 534183279821
BAD 534183279823
BAD 534183279827
BAD 534183279829
BAD 534117488491
BAD 534140334863
BAD 534184461599
BAD 534070621013
BAD 534120091007
BAD 534222418993
BAD 534222419011
BAD 534121048733
BAD 534121048753
BAD 534121048759
BAD 534121048763
BAD 534187086677
BAD 534187086679
BAD 534227276257
BAD 534191500789
BAD 534194094337
BAD 534194094361
BAD 534077135873
BAD 534077135881
BAD 534082453999
BAD 533980435099
BAD 533984445349
BAD 534086278819
BAD 534086278879
BAD 534089195083
BAD 533987921003
BAD 533987921041
BAD 534090041509
BAD 534092694931
BAD 534196403863
BAD 534208254721
BAD 534249205187
BAD 534250935919
BAD 534251047357
BAD 534262920833
BAD 534262920859
BAD 534272606977
BAD 534272606981
BAD 534272746663
BAD 534272746831
BAD 534274865689
BAD 534274865693
BAD 534278004193
BAD 534278004209
BAD 534334595287
BAD 534334595293
BAD 534335902603
BAD 534279820793
BAD 534279820817
BAD 534280536481
BAD 534280536487
BAD 534280536497
BAD 534280536499
BAD 534280536511
BAD 534339348737
BAD 534340204403
BAD 534342308453
BAD 534294192143
BAD 534294266509
BAD 534294537817
BAD 534313769399
BAD 534314325331
BAD 534315566273
BAD 534320284111
BAD 534320845169
BAD 534322668739
BAD 534326263103
BAD 534326655959
BAD 534467158499
BAD 534467158501
BAD 534467158507
BAD 534615394349
BAD 534615394351
BAD 534618321871
BAD 534619231351
BAD 534471808763
BAD 534620132407
BAD 534620267003
BAD 534621594181
BAD 534474273413
BAD 534474273427
BAD 534622921051
BAD 534623900599
BAD 534475974023
BAD 534475974031
BAD 534477028223
BAD 534477028429
BAD 534629035819
BAD 534629035823
BAD 534378435191
BAD 534350054153
BAD 534351680183
BAD 534351680189
BAD 534304506293
BAD 534352960579
BAD 534305371183
BAD 534305371231
BAD 534305371241
BAD 534379769191
BAD 534384105473
BAD 534583785487
BAD 534385170841
BAD 534585272281
BAD 534484379963
BAD 534589438193
BAD 534599522179
BAD 534391563379
BAD 534391563389
BAD 534593063539
BAD 534488194319
BAD 534414253733
BAD 534414398317
BAD 534394185067
BAD 534394185113
BAD 534596838673
BAD 534596838679
BAD 534596838709
BAD 534415861561
BAD 534491317211
BAD 534416372407
BAD 534416372411
BAD 534495455047
BAD 534495455051
BAD 534495514141
BAD 534429469507
BAD 534606941783
BAD 534427098287
BAD 534434747333
BAD 534611805001
BAD 534613194853
BAD 534613194859
BAD 534440761333
BAD 534440761339
BAD 534442214071
BAD 534547465321
BAD 534533541541
BAD 534496379423
BAD 534536078387
BAD 534536078389
BAD 534496854253
BAD 534536996327
BAD 534537111271
BAD 534519177967
BAD 534519287779
BAD 534519783377
BAD 534519783379
BAD 534398545633
BAD 534521075203
BAD 534521223799
BAD 534556293391
BAD 534522479863
BAD 534564160747
BAD 534564497273
BAD 534400603351
BAD 534565038949
BAD 534557933183
BAD 534541625857
BAD 534565621283
BAD 534565621313
BAD 534525834643
BAD 534559396381
BAD 534401953861
BAD 534401953873
BAD 534401953879
BAD 534560802499
BAD 534561824681
BAD 534561824683
BAD 534528680989
BAD 534528680993
BAD 534563108221
BAD 534543690787
BAD 534502103803
BAD 534567899753
BAD 534567899759
BAD 534545121349
BAD 534545482951
BAD 534545482957
BAD 534569691023
BAD 534569691037
BAD 534569691049
BAD 534569691053
BAD 534504683963
BAD 534665116837
BAD 534665847061
BAD 534448028273
BAD 534410948767
BAD 534645298193
BAD 534508394263
BAD 534508481081
BAD 534508481083
BAD 534509982767
BAD 534509982817
BAD 534670566593
BAD 534671303581
BAD 534511163003
BAD 534511710647
BAD 534672833491
BAD 534672833521
BAD 534579218917
BAD 534455874193
BAD 534456828281
BAD 534456828293
BAD 534456835249
BAD 534457349527
BAD 534679530673
BAD 534679863983
BAD 534649922033
BAD 534651450959
BAD 534651450961
BAD 534651450973
BAD 534651450979
BAD 534652249177
BAD 534658907989
BAD 534660689767
BAD 534660782827
BAD 534698321303
BAD 534699191821
BAD 534700838641
BAD 534701433503
BAD 534703846163
BAD 534704303437
BAD 534705387901
BAD 534708638543
BAD 534708772369
BAD 534709775087
BAD 534712768801
BAD 534713673553
BAD 534713673563
BAD 534714181541
BAD 534714181543
BAD 534714181549
BAD 534714181553
BAD 534731192063
BAD 534735616159
BAD 534766682011
BAD 534767398133
BAD 534740648593
BAD 534742910791
BAD 534742910809
BAD 534773992969
BAD 534773992981
BAD 534745253773
BAD 534775729681
BAD 534746694607
BAD 534746694611
BAD 534746694613
BAD 534746694617
BAD 534746694619
BAD 534777327083
BAD 534751480297
BAD 534780376453
BAD 534755913883
BAD 534757053823
BAD 534757135273
BAD 534681133183
BAD 534690941033
BAD 534690941039
BAD 534690941041
BAD 534695362723
BAD 534696756199
BAD 534718510961
BAD 534723796933
BAD 534724055029
BAD 534726197693
BAD 534799545109
BAD 534799545113
BAD 534799545127
BAD 534729799073
BAD 534729877673
BAD 534730137661
BAD 534730137673
BAD 534781768133
BAD 534781768141
BAD 534782447239
BAD 534806949949
BAD 534806949953
BAD 534785003161
BAD 534788396809
BAD 534788396819
BAD 534788396827
BAD 534789560243
BAD 534814720357
BAD 534875000783
BAD 534877904191
BAD 534877904221
BAD 534879364321
BAD 534797571499
BAD 534881189729
BAD 535067466949
BAD 535068687653
BAD 535068687709
BAD 535068687721
BAD 534850574131
BAD 535072056091
BAD 535035498947
BAD 535035538073
BAD 535036817621
BAD 535036817629
BAD 535074057967
BAD 534853242181
BAD 535038608449
BAD 535038608453
BAD 534853607347
BAD 535040964331
BAD 535077437053
BAD 535078082257
BAD 535078082261
BAD 535080922973
BAD 535081979989
BAD 535082239067
BAD 535082239073
BAD 535082469721
BAD 535082469739
BAD 535082469743
BAD 535082469751
BAD 534865314889
BAD 534901252703
BAD 534834952111
BAD 534902033101
BAD 534902033167
BAD 534904241671
BAD 534885035141
BAD 534885183341
BAD 534905569753
BAD 534886206251
BAD 534844346767
BAD 535051988201
BAD 535052266387
BAD 534909971221
BAD 534909971227
BAD 534909971273
BAD 534890075243
BAD 534890184281
BAD 534890535043
BAD 534912235841
BAD 534892975367
BAD 534966077777
BAD 534892975369
BAD 534966201199
BAD 534893360893
BAD 534893375479
BAD 534893375483
BAD 534893375509
BAD 535060653167
BAD 535061744389
BAD 534971622313
BAD 534971754913
BAD 534937455473
BAD 534937455491
BAD 534952229701
BAD 534952341503
BAD 534952341509
BAD 534952591451
BAD 534938713447
BAD 535000388183
BAD 535003123537
BAD 534943493113
BAD 534987202661
BAD 534987202663
BAD 534987202681
BAD 534987330503
BAD 534987330509
BAD 534987330511
BAD 535004248591
BAD 535004675797
BAD 534988631299
BAD 534989385761
BAD 534982457551
BAD 534990159677
BAD 534990159679
BAD 535007015581
BAD 535007513333
BAD 535007587039
BAD 535007587043
BAD 535008062689
BAD 535008384181
BAD 535008384187
BAD 535008489443
BAD 535008489451
BAD 534822443173
BAD 535009936451
BAD 534824508773
BAD 534824508781
BAD 534824508787
BAD 534964635551
BAD 534964635553
BAD 535011497887
BAD 534917552251
BAD 535014242041
BAD 534922116049
BAD 534927763327
BAD 534927763339
BAD 534928328617
BAD 535022640679
BAD 535023870629
BAD 535023870631
BAD 535026849803
BAD 535027932221
BAD 535083772897
BAD 535088165761
BAD 535091873539
BAD 535091873543
BAD 535094586317
BAD 535094586319
BAD 535097556769
BAD 535103954269
BAD 535099749391
BAD 535105965859
BAD 535108895443
BAD 535108895449
BAD 535108971721
BAD 535111382683
BAD 535111957733
BAD 535113379903
BAD 535113379907
BAD 535113379909
BAD 535115621149
BAD 535115621153
BAD 535118794313
BAD 535121040533
BAD 535142609431
BAD 535142609437
BAD 535122614041
BAD 535122747059
BAD 535122747073
BAD 535123942471
BAD 535123942477
BAD 535125147317
BAD 535147277309
BAD 535147277311
BAD 535148191691
BAD 535148191763
BAD 535149876343
BAD 535150436563
BAD 535150436567
BAD 535128422273
BAD 535151776531
BAD 535152229567
BAD 535221689941
BAD 535158587239
BAD 535168891681
BAD 535159742063
BAD 535227880219
BAD 535172959033
BAD 535172959037
BAD 535176371857
BAD 535180890889
BAD 535181589307
BAD 535182362453
BAD 535182362461
BAD 535204873883
BAD 535239297871
BAD 535240799021
BAD 535210893001
BAD 535210893047
BAD 535184695481
BAD 535184695483
BAD 535246395199
BAD 535185363313
BAD 535186056001
BAD 535247060941
BAD 535212322807
BAD 535187562197
BAD 535187562199
BAD 535196225539
BAD 535216893571
BAD 535199064563
BAD 535199583817
BAD 535200240613
BAD 535252395121
BAD 535253084189
BAD 535253658949
BAD 535318721893
BAD 535321807253
BAD 535260444799
BAD 535323628481
BAD 535264078211
BAD 535264078213
BAD 535265844167
BAD 535331925439
BAD 535436712623
BAD 535436712631
BAD 535436712637
BAD 535436712641
BAD 535436712661
BAD 535334000249
BAD 535274104249
BAD 535334000251
BAD 535437100687
BAD 535443142813
BAD 535443142823
BAD 535443142831
BAD 535278503363
BAD 535279143041
BAD 535279143043
BAD 535279143211
BAD 535280622353
BAD 535371987109
BAD 535371987113
BAD 535450060433
BAD 535450896769
BAD 535335305489
BAD 535336940773
BAD 535336940783
BAD 535340851373
BAD 535340851379
BAD 535343275433
BAD 535284940669
BAD 535345199509
BAD 535388276723
BAD 535289052071
BAD 535289052091
BAD 535475551577
BAD 535476444431
BAD 535392480757
BAD 535454716639
BAD 535479801203
BAD 535293616189
BAD 535293800957
BAD 535293800959
BAD 535293800963
BAD 535480880587
BAD 535456442887
BAD 535404228539
BAD 535404228571
BAD 535456752931
BAD 535405277453
BAD 535483798519
BAD 535483798537
BAD 535483812343
BAD 535306498093
BAD 535306498099
BAD 535306498109
BAD 535485719737
BAD 535424103499
BAD 535424103503
BAD 535409666003
BAD 535464350671
BAD 535464350683
BAD 535314313361
BAD 535467178073
BAD 535314713069
BAD 535314713071
BAD 535415307901
BAD 535416059467
BAD 535416059471
BAD 535316510023
BAD 535359138277
BAD 535359138341
BAD 535359138343
BAD 535359243743
BAD 535360236973
BAD 535360236977
BAD 535360236979
BAD 535365011353
BAD 535366592153
BAD 535366592161
BAD 535366730543
BAD 535511493901
BAD 535513215833
BAD 535517813153
BAD 535518647239
BAD 535489746137
BAD 535489746139
BAD 535491017533
BAD 535494547439
BAD 535497948751
BAD 535501221197
BAD 535572639619
BAD 535574943053
BAD 535554056881
BAD 535554056897
BAD 535576018829
BAD 535576342921
BAD 535556846353
BAD 535556846359
BAD 535580283169
BAD 535558996543
BAD 535559941019
BAD 535583233111
BAD 535585399159
BAD 535586252401
BAD 535619630747
BAD 535538018131
BAD 535546003471
BAD 535548606743
BAD 535548689231
BAD 535548689233
BAD 535550170097
BAD 535550894453
BAD 535550894471
BAD 535552560337
BAD 535586910493
BAD 535526834911
BAD 535527403927
BAD 535527785209
BAD 535527897769
BAD 535591817083
BAD 535591817087
BAD 535531022137
BAD 535594538153
BAD 535596495173
BAD 535596668933
BAD 535597051141
BAD 535598155801
BAD 535598155811
BAD 535536479941
BAD 535602954233
BAD 535625327483
BAD 535628699407
BAD 535628699413
BAD 535630567807
BAD 535634869507
BAD 535635685433
BAD 535635685441
BAD 535636028273
BAD 535636106633
BAD 535636106657
BAD 535636106659
BAD 535636106693
BAD 535636106737
BAD 535637353513
BAD 535639037683
BAD 535639722791
BAD 535639722797
BAD 535641066067
BAD 535641066071
BAD 535641066073
BAD 535847015089
BAD 535847395883
BAD 535848200057
BAD 535848200059
BAD 535848200081
BAD 535850631881
BAD 535651615043
BAD 535688346119
BAD 535654762501
BAD 535688346121
BAD 535688346143
BAD 535822907071
BAD 535655704799
BAD 535689121427
BAD 535824330737
BAD 535824330739
BAD 535658562809
BAD 535658562811
BAD 535659381913
BAD 535758109889
BAD 535758109891
BAD 535661427023
BAD 535662185347
BAD 535759978777
BAD 535760951461
BAD 535828348901
BAD 535828348903
BAD 535828348907
BAD 535672076791
BAD 535762393667
BAD 535762393669
BAD 535665392029
BAD 535725878173
BAD 535672516679
BAD 535672516681
BAD 535763093251
BAD 535764380197
BAD 535765053451
BAD 535765624469
BAD 535765624487
BAD 535765624489
BAD 535765831933
BAD 535669048507
BAD 535669338403
BAD 535669338409
BAD 535710640211
BAD 535767720469
BAD 535767720473
BAD 535768106879
BAD 535833375767
BAD 535833375787
BAD 535833375793
BAD 535768635599
BAD 535833966029
BAD 535677435847
BAD 535677435857
BAD 535677435859
BAD 535677435863
BAD 535677435871
BAD 535713248269
BAD 535791138661
BAD 535733453377
BAD 535770777679
BAD 535770777691
BAD 535714323059
BAD 535714323061
BAD 535714833083
BAD 535734742951
BAD 535697910751
BAD 535793528551
BAD 535793693723
BAD 535681546769
BAD 535772848703
BAD 535681949083
BAD 535681949087
BAD 535681949093
BAD 535681949123
BAD 535718142413
BAD 535737676501
BAD 535737805919
BAD 535737805921
BAD 535737805927
BAD 535737805937
BAD 535702497461
BAD 535702497467
BAD 535702497469
BAD 535702497481
BAD 535720665679
BAD 535685069093
BAD 535800611267
BAD 535805025997
BAD 535802854687
BAD 535803105479
BAD 535811294749
BAD 535811294761
BAD 535742119733
BAD 535742119739
BAD 535742119777
BAD 535813536241
BAD 535814247841
BAD 535814247889
BAD 535814247893
BAD 535860354019
BAD 535860354023
BAD 535816587289
BAD 535889037767
BAD 535861559161
BAD 535861559197
BAD 535862634793
BAD 535818977977
BAD 535818977983
BAD 535746415327
BAD 535746415331
BAD 535746415333
BAD 535864170203
BAD 535864732483
BAD 535864906219
BAD 535820419033
BAD 535867491773
BAD 535867491923
BAD 535867491931
BAD 535869088493
BAD 535752878863
BAD 535898750213
BAD 535900277851
BAD 535877209883
BAD 535878710707
BAD 535881314159
BAD 535881314161
BAD 535883380579
BAD 535888099849
BAD 535888099853
BAD 535888099861
BAD 535888568051
BAD 535888568053
BAD 535888610783
BAD 535888610797
BAD 535906288097
BAD 535906288111
BAD 535906288123
BAD 535906288139
BAD 535907867359
BAD 535911954241
BAD 535914395869
BAD 535914598889
BAD 535918538899
BAD 535921098379
BAD 535956051781
BAD 535956051791
BAD 535956851891
BAD 535956851893
BAD 535964618173
BAD 535971355981
BAD 535971355987
BAD 535971355993
BAD 535971618857
BAD 535971618859
BAD 535971618863
BAD 535946636543
BAD 535948156339
BAD 535948156351
BAD 535954798703
BAD 535954798711
BAD 535972954793
BAD 535972954799
BAD 535972954801
BAD 535923643547
BAD 535975331767
BAD 535928981389
BAD 535985228761
BAD 535985284553
BAD 535933081753
BAD 535934044253
BAD 535936278653
BAD 535989457589
BAD 535989457621
BAD 535937396843
BAD 535937396849
BAD 535937396851
BAD 535937396857
BAD 535992182129
BAD 536006666681
BAD 536006666683
BAD 536006666693
BAD 536006666707
BAD 535994296241
BAD 535994296249
BAD 535995660799
BAD 535995660821
BAD 535995660829
BAD 535995660833
BAD 536017001809
BAD 536017001813
BAD 536001135289
BAD 536005398451
BAD 536026035617
BAD 536026662511
BAD 536027994647
BAD 536029382423
BAD 536032441183
BAD 536032441187
BAD 536032441229
BAD 536033706431
BAD 536033706433
BAD 536035960129
BAD 536035960133
BAD 536035960147
BAD 536071638001
BAD 536042815549
BAD 536043910043
BAD 536048755127
BAD 536048755129
BAD 536048755147
BAD 536049279191
BAD 536175411353
BAD 536051659553
BAD 536052365573
BAD 536178907357
BAD 536180175143
BAD 536054883493
BAD 536054883503
BAD 536054883509
BAD 536180664707
BAD 536180664709
BAD 536055595951
BAD 536277270259
BAD 536182472411
BAD 536278755073
BAD 536279688983
BAD 536279689039
BAD 536282050699
BAD 536288591843
BAD 536290747283
BAD 536076235511
BAD 536076235523
BAD 536076235529
BAD 536076235531
BAD 536159839603
BAD 536080349911
BAD 536081115083
BAD 536141107001
BAD 536141107003
BAD 536142291991
BAD 536142292001
BAD 536142292003
BAD 536142813781
BAD 536084082077
BAD 536144315449
BAD 536145109037
BAD 536145109039
BAD 536145109043
BAD 536145109051
BAD 536199672013
BAD 536146158181
BAD 536125701427
BAD 536125701431
BAD 536147297359
BAD 536147297363
BAD 536147297369
BAD 536202020821
BAD 536166653731
BAD 536148550477
BAD 536148550481
BAD 536203846553
BAD 536258326217
BAD 536205853913
BAD 536091874963
BAD 536092588777
BAD 536207069701
BAD 536207069707
BAD 536130122071
BAD 536093251559
BAD 536093393107
BAD 536093812453
BAD 536260962641
BAD 536131462487
BAD 536131462523
BAD 536131670233
BAD 536132315029
BAD 536171538127
BAD 536263436507
BAD 536263436509
BAD 536263436521
BAD 536096441641
BAD 536108756549
BAD 536108756551
BAD 536264520817
BAD 536264520823
BAD 536264520839
BAD 536097378097
BAD 536097378107
BAD 536097378109
BAD 536099184293
BAD 536112166741
BAD 536112917203
BAD 536112917209
BAD 536270742019
BAD 536270742023
BAD 536271203239
BAD 536271203243
BAD 536114779231
BAD 536225002237
BAD 536274446993
BAD 536274447031
BAD 536105949019
BAD 536105949023
BAD 536118732067
BAD 536119317233
BAD 536119317241
BAD 536119317247
BAD 536212313411
BAD 536120855329
BAD 536213723167
BAD 536213723173
BAD 536293199903
BAD 536123644649
BAD 536123644657
BAD 536123644669
BAD 536123644673
BAD 536215652747
BAD 536297760121
BAD 536299437623
BAD 536221093873
BAD 536304928543
BAD 536305097803
BAD 536306942351
BAD 536307300359
BAD 536253890429
BAD 536253890437
BAD 536253890461
BAD 536253890477
BAD 536308568659
BAD 536313516923
BAD 536316753527
BAD 536316753529
BAD 536317671847
BAD 536320847693
BAD 536320847701
BAD 536320847707
BAD 536322775103
BAD 536325465779
BAD 536328030863
BAD 536328171109
BAD 536332194247
BAD 536339831039
BAD 536340750661
BAD 536340750667
BAD 536341089769
BAD 536341176919
BAD 536341176923
BAD 536341176929
BAD 536361198511
BAD 536361198517
BAD 536361198521
BAD 536361198523
BAD 536361242533
BAD 536376782827
BAD 536377031383
BAD 536377031389
BAD 536377031401
BAD 536364115381
BAD 536364115387
BAD 536364115393
BAD 536364115403
BAD 536380520803
BAD 536382031547
BAD 536382031561
BAD 536343335251
BAD 536383214249
BAD 536343812161
BAD 536383214251
BAD 536383214281
BAD 536385400693
BAD 536370738679
BAD 536350898227
BAD 536354596387
BAD 536358432131
BAD 536358432133
BAD 536420680189
BAD 536420680193
BAD 536423080247
BAD 536403099251
BAD 536404473211
BAD 536404473221
BAD 536404473223
BAD 536462032727
BAD 536463405199
BAD 536463405209
BAD 536463405211
BAD 536464840217
BAD 536467885039
BAD 536467885043
BAD 536467885049
BAD 536470746841
BAD 536472264511
BAD 536496400763
BAD 536496400771
BAD 536497147253
BAD 536498173909
BAD 536445417307
BAD 536447304781
BAD 536478384443
BAD 536478725641
BAD 536478852991
BAD 536478979499
BAD 536478979501
BAD 536503808329
BAD 536480120807
BAD 536480120809
BAD 536453412049
BAD 536455065871
BAD 536455110319
BAD 536455152383
BAD 536455152413
BAD 536508626429
BAD 536508626431
BAD 536508626453
BAD 536485894463
BAD 536486330671
BAD 536486583433
BAD 536457416189
BAD 536457416191
BAD 536490024859
BAD 536491524923
BAD 536695258751
BAD 536695258753
BAD 536433487043
BAD 536702257243
BAD 536702257253
BAD 536438649563
BAD 536704000559
BAD 536704744427
BAD 536715716083
BAD 536715716099
BAD 536715716101
BAD 536512586867
BAD 536512586873
BAD 536512943437
BAD 536512943443
BAD 536614401133
BAD 536513187347
BAD 536513187349
BAD 536513561579
BAD 536616004489
BAD 536721360551
BAD 536516321953
BAD 536617962637
BAD 536617962649
BAD 536594560501
BAD 536594560517
BAD 536724327823
BAD 536725775629
BAD 536547495637
BAD 536547495641
BAD 536547495643
BAD 536521515989
BAD 536521515991
BAD 536521515997
BAD 536662133881
BAD 536662133893
BAD 536598026417
BAD 536598196207
BAD 536598196229
BAD 536598196231
BAD 536598196237
BAD 536598196283
BAD 536683410353
BAD 536551385857
BAD 536551385861
BAD 536551385863
BAD 536551385879
BAD 536598869869
BAD 536552430451
BAD 536600040737
BAD 536625649019
BAD 536649113879
BAD 536649113881
BAD 536649113899
BAD 536649293987
BAD 536649293989
BAD 536649598831
BAD 536649598841
BAD 536602485161
BAD 536602485163
BAD 536555275999
BAD 536688851423
BAD 536689724507
BAD 536689724509
BAD 536689724513
BAD 536606301397
BAD 536669163749
BAD 536606301409
BAD 536573751919
BAD 536691600173
BAD 536608657139
BAD 536608657141
BAD 536558818501
BAD 536558818507
BAD 536575160383
BAD 536575160389
BAD 536575277753
BAD 536656206349
BAD 536656206353
BAD 536660513903
BAD 536526940163
BAD 536635871377
BAD 536637580337
BAD 536579792603
BAD 536582178427
BAD 536584129621
BAD 536586433787
BAD 536586433793
BAD 536586433871
BAD 536586433879
BAD 536586629959
BAD 536586629983
BAD 536589409483
BAD 536734733033
BAD 536734836031
BAD 536739062813
BAD 536741216873
BAD 536744748583
BAD 536744748587
BAD 536746371859
BAD 536782495399
BAD 536749117603
BAD 536749117607
BAD 536749645417
BAD 536789352863
BAD 536760416041
BAD 536762260303
BAD 536766689383
BAD 536768119651
BAD 536768428789
BAD 536770054283
BAD 536770054297
BAD 536770213897
BAD 536777635469
BAD 536796852353
BAD 536797953499
BAD 536798669483
BAD 536798669573
BAD 536799820103
BAD 536813116373
BAD 536815240603
BAD 536815833179
BAD 536815833181
BAD 536824365211
BAD 536824701613
BAD 536824701617
BAD 536824701619
BAD 536824920601
BAD 536824920607
BAD 536883269497
BAD 536883269501
BAD 536892150037
BAD 536912449561
BAD 536913171673
BAD 536914905259
BAD 536915431277
BAD 536921918779
BAD 536937836221
BAD 536938014233
BAD 536938160617
BAD 536928499043
BAD 536928499049
BAD 536928578861
BAD 536928578863
BAD 536928578869
BAD 536928578873
BAD 536928579017
BAD 536835670643
BAD 536836204231
BAD 536836218077
BAD 536838244883
BAD 536838244939
BAD 536838484687
BAD 536838536281
BAD 536843970571
BAD 536843970589
BAD 536979613711
BAD 536843970601
BAD 536844091219
BAD 536972374639
BAD 536972374643
BAD 536973764449
BAD 536973764491
BAD 536985132421
BAD 537013771831
BAD 537013771843
BAD 536976112861
BAD 536976153457
BAD 536987595073
BAD 536977320211
BAD 536977320227
BAD 536977320233
BAD 537050868649
BAD 536990360059
BAD 536990476327
BAD 536979191341
BAD 536991672289
BAD 537000132443
BAD 537019826723
BAD 536994831323
BAD 537004975583
BAD 537004975589
BAD 537005112463
BAD 537005112467
BAD 537022093301
BAD 537022093303
BAD 537055962803
BAD 537023322149
BAD 537023322151
BAD 537057063953
BAD 537024668041
BAD 537031507121
BAD 537031507123
BAD 537012758767
BAD 537060621143
BAD 537060621157
BAD 537033234323
BAD 537060807433
BAD 537064595623
BAD 537100334237
BAD 537029581909
BAD 537068048423
BAD 537104303543
BAD 537104978513
BAD 537073383961
BAD 537073383967
BAD 537040717831
BAD 537040717853
BAD 537041114699
BAD 537107245159
BAD 537108109037
BAD 537108109039
BAD 536905102861
BAD 537043032299
BAD 537043032301
BAD 537131249233
BAD 536911381861
BAD 537078225389
BAD 536849771209
BAD 537111502397
BAD 537078225391
BAD 536849771221
BAD 537111502399
BAD 536911947917
BAD 537131752757
BAD 537044700329
BAD 537044700331
BAD 537044819683
BAD 537044819693
BAD 536850451477
BAD 536850451481
BAD 536850451483
BAD 536950468463
BAD 536871389963
BAD 536871389969
BAD 537079956169
BAD 537079956173
BAD 537079956197
BAD 537079956199
BAD 537079956209
BAD 537079956211
BAD 536871785323
BAD 536851263583
BAD 536851263587
BAD 536851263589
BAD 536851263593
BAD 537134578709
BAD 537134578711
BAD 537135198563
BAD 536875531001
BAD 536954400691
BAD 537137117383
BAD 537137737501
BAD 536955536809
BAD 536956015867
BAD 537080390909
BAD 537139934003
BAD 537139934011
BAD 537083176027
BAD 536861724653
BAD 536861724661
BAD 536961202913
BAD 537143363761
BAD 537143363767
BAD 537145944397
BAD 537115285009
BAD 537094317931
BAD 537129284693
BAD 537199966133
BAD 537164176621
BAD 537202760959
BAD 537167145107
BAD 537167478649
BAD 537207066731
BAD 537207066733
BAD 537207415819
BAD 537170753629
BAD 537170753633
BAD 537170753641
BAD 537210849353
BAD 537211505947
BAD 537211505959
BAD 537211505983
BAD 537148600063
BAD 537148959569
BAD 537153058111
BAD 537155903863
BAD 537156730403
BAD 537156730421
BAD 537156730423
BAD 537158226403
BAD 537231054929
BAD 537231054931
BAD 537244414519
BAD 537245115443
BAD 537245558587
BAD 537245558599
BAD 537245558611
BAD 537185871643
BAD 537186711367
BAD 537248669509
BAD 537248669513
BAD 537192965741
BAD 537255251279
BAD 537256896181
BAD 537259075643
BAD 537216103343
BAD 537217832693
BAD 537219299899
BAD 537223390709
BAD 537223696151
BAD 537223696153
BAD 537228247187
BAD 537228247189
BAD 537230790743
BAD 537230790751
BAD 537365490803
BAD 537365490833
BAD 537366394291
BAD 537366394307
BAD 537366394309
BAD 537368095937
BAD 537318002867
BAD 537318002869
BAD 537318002873
BAD 537318537661
BAD 537373161139
BAD 537377453623
BAD 537325843477
BAD 537381138953
BAD 537330008993
BAD 537330009037
BAD 537382097173
BAD 537391115089
BAD 537391738747
BAD 537267416143
BAD 537267871669
BAD 537533867119
BAD 537299040293
BAD 537299125849
BAD 537437413663
BAD 537437413753
BAD 537303397783
BAD 537303397793
BAD 537395293417
BAD 537399542191
BAD 537438377743
BAD 537303943201
BAD 537539182553
BAD 537540287831
BAD 537518019781
BAD 537397232303
BAD 537306604427
BAD 537451064497
BAD 537398003983
BAD 537417266699
BAD 537417266707
BAD 537417266713
BAD 537417266731
BAD 537307028543
BAD 537307323043
BAD 537453739777
BAD 537310208167
BAD 537310208173
BAD 537273904733
BAD 537525623963
BAD 537457398893
BAD 537333724111
BAD 537425698367
BAD 537425698373
BAD 537448966163
BAD 537334116751
BAD 537410872657
BAD 537411648581
BAD 537411648583
BAD 537411648593
BAD 537459154129
BAD 537459420209
BAD 537430029229
BAD 537430029233
BAD 537335071753
BAD 537430348711
BAD 537430348717
BAD 537414452513
BAD 537463104859
BAD 537431069603
BAD 537280378031
BAD 537286474279
BAD 537286474289
BAD 537464928709
BAD 537286843579
BAD 537281088481
BAD 537337681429
BAD 537281225749
BAD 537281225753
BAD 537281225759
BAD 537337981403
BAD 537337981409
BAD 537337981417
BAD 537289982473
BAD 537339517711
BAD 537340069993
BAD 537292952869
BAD 537293842637
BAD 537293842639
BAD 537293842651
BAD 537344580197
BAD 537345134749
BAD 537297482077
BAD 537297482089
BAD 537347331643
BAD 537357298301
BAD 537484206079
BAD 537485139287
BAD 537485139293
BAD 537552882247
BAD 537554585873
BAD 537489149443
BAD 537363055147
BAD 537489162841
BAD 537489377629
BAD 537489727483
BAD 537556745581
BAD 537364343563
BAD 537558828973
BAD 537558861043
BAD 537559017019
BAD 537559017091
BAD 537559017097
BAD 537559017187
BAD 537494842321
BAD 537494842337
BAD 537494842343
BAD 537560557951
BAD 537560557957
BAD 537497661497
BAD 537563887859
BAD 537563887897
BAD 537563887901
BAD 537563887909
BAD 537563887921
BAD 537467756857
BAD 537565812373
BAD 537565812383
BAD 537565812389
BAD 537565812391
BAD 537565812397
BAD 537470561363
BAD 537476672021
BAD 537479659369
BAD 537479659373
BAD 537480642583
BAD 537503931337
BAD 537508399789
BAD 537510675083
BAD 537511085417
BAD 537513002483
BAD 537586477027
BAD 537586477037
BAD 537586477039
BAD 537587293381
BAD 537591964201
BAD 537594953723
BAD 537595010569
BAD 537598177703
BAD 537598177709
BAD 537598177717
BAD 537599603939
BAD 537599603941
BAD 537638096251
BAD 537640681187
BAD 537640681189
BAD 537640892179
BAD 537641185667
BAD 537641185673
BAD 537641493289
BAD 537641736559
BAD 537642041161
BAD 537643613561
BAD 537643808573
BAD 537644739413
BAD 537646323569
BAD 537604252187
BAD 537604252189
BAD 537579742099
BAD 537579742111
BAD 537614517091
BAD 537616114591
BAD 537620035501
BAD 537620633761
BAD 537621128311
BAD 537621128357
BAD 537624940739
BAD 537668047229
BAD 537668416199
BAD 537668416237
BAD 537668416253
BAD 537668416261
BAD 537672953011
BAD 537673863473
BAD 537675141533
BAD 537675141547
BAD 537675413399
BAD 537679894393
BAD 537679894403
BAD 537680949607
BAD 537657410893
BAD 537658561849
BAD 537660474313
BAD 537661980469
BAD 537661980473
BAD 537662385413
BAD 537925123583
BAD 537925123591
BAD 537925916791
BAD 537839533817
BAD 537839533823
BAD 537930463867
BAD 537898789867
BAD 537899897177
BAD 537899897179
BAD 537900691597
BAD 537901452989
BAD 537933872621
BAD 537934195363
BAD 537847165907
BAD 537850260601
BAD 537850260653
BAD 537785163133
BAD 537973425383
BAD 537973425389
BAD 537973425391
BAD 537791126407
BAD 537793678897
BAD 537978734603
BAD 537980720243
BAD 537980882821
BAD 537983438747
BAD 537983438749
BAD 537983438753
BAD 537685008407
BAD 537685008409
BAD 537685164019
BAD 537685649821
BAD 537685734923
BAD 537687037031
BAD 537687037033
BAD 537687037037
BAD 537687037039
BAD 537693508553
BAD 537853457279
BAD 538002796943
BAD 538002796949
BAD 537854364301
BAD 538003526119
BAD 538004015503
BAD 537855514769
BAD 537855514771
BAD 538004316397
BAD 537858002419
BAD 537858469879
BAD 538007324059
BAD 537697179181
BAD 537860815603
BAD 537860834083
BAD 538009097869
BAD 537700608743
BAD 538011074933
BAD 538011075181
BAD 537903902101
BAD 537903902111
BAD 537903902113
BAD 537866071987
BAD 537866072021
BAD 537866072089
BAD 537822157553
BAD 537906003181
BAD 537871503319
BAD 537871503373
BAD 537937886599
BAD 537871503391
BAD 537737114503
BAD 537953019493
BAD 537938591621
BAD 537938591623
BAD 537907673573
BAD 537907673599
BAD 537737777653
BAD 537910038221
BAD 537874418051
BAD 537911584643
BAD 537911846341
BAD 537911846357
BAD 537828661093
BAD 537752023517
BAD 537752023519
BAD 537741919621
BAD 537712765159
BAD 537713569763
BAD 537713569769
BAD 537913775071
BAD 537715180909
BAD 537753631913
BAD 537945227161
BAD 537803207849
BAD 537754235281
BAD 537745466429
BAD 537832379813
BAD 537804803231
BAD 537804803233
BAD 537747381473
BAD 537964200773
BAD 537964259953
BAD 537964259957
BAD 537757935203
BAD 537757957159
BAD 537965425681
BAD 537950381827
BAD 537758380177
BAD 537966382973
BAD 537885208429
BAD 537885208433
BAD 537759414421
BAD 537759414541
BAD 537759414593
BAD 537951656713
BAD 537968106811
BAD 537968226811
BAD 537968253859
BAD 537968886701
BAD 537810782617
BAD 537729216083
BAD 537730145431
BAD 537813440237
BAD 537815779531
BAD 537815779537
BAD 537815786273
BAD 537766918321
BAD 537766918333
BAD 537766918343
BAD 537773453821
BAD 537774328129
BAD 537777572797
BAD 537777572803
BAD 537778714247
BAD 537782774173
BAD 537782774183
BAD 537782774213
BAD 537782774219
BAD 537988607371
BAD 537992496079
BAD 537994290817
BAD 537997976587
BAD 538023026183
BAD 538024786729
BAD 538030215979
BAD 538030622161
BAD 538030622167
BAD 538031693207
BAD 538031699683
BAD 538031699719
BAD 538032061019
BAD 538033819459
BAD 538035728999
BAD 538035729001
BAD 538040845193
BAD 538047748501
BAD 538049672617
BAD 538057496929
BAD 538063407913
BAD 538065718373
BAD 538071407633
BAD 538076372773
BAD 538076793889
BAD 538076793893
BAD 538079356303
BAD 538120496509
BAD 538120496513
BAD 538120817687
BAD 538121644499
BAD 538121644513
BAD 538122898189
BAD 538123160149
BAD 538123467001
BAD 538125471229
BAD 538126299133
BAD 538088280403
BAD 538145656133
BAD 538149352277
BAD 538101832291
BAD 538101832327
BAD 538102155889
BAD 538102155893
BAD 538102155901
BAD 538111718723
BAD 538323437303
BAD 538112833319
BAD 538326638581
BAD 538327185811
BAD 538116601831
BAD 538117081823
BAD 538117388639
BAD 538118075743
BAD 538118864761
BAD 538118967163
BAD 538331196961
BAD 538332750983
BAD 538333869989
BAD 538333869991
BAD 538336161229
BAD 538227113597
BAD 538228646743
BAD 538228646749
BAD 538229334833
BAD 538229334871
BAD 538230384833
BAD 538234703971
BAD 538207485061
BAD 538210625521
BAD 538212869407
BAD 538218182659
BAD 538154969861
BAD 538156776361
BAD 538158909499
BAD 538158909503
BAD 538161652927
BAD 538161827393
BAD 538162447663
BAD 538163476703
BAD 538165082393
BAD 538255819967
BAD 538390900471
BAD 538260475933
BAD 538260475937
BAD 538261385399
BAD 538425622759
BAD 538425622771
BAD 538425622831
BAD 538425622877
BAD 538425622879
BAD 538425622883
BAD 538425622921
BAD 538425622927
BAD 538426611823
BAD 538262453273
BAD 538262453291
BAD 538262453293
BAD 538292260171
BAD 538275777199
BAD 538307128789
BAD 538188572881
BAD 538278080761
BAD 538278080797
BAD 538372718509
BAD 538343198321
BAD 538343325217
BAD 538343325229
BAD 538308138397
BAD 538308138413
BAD 538343786417
BAD 538295472167
BAD 538280022499
BAD 538343786419
BAD 538373696431
BAD 538295472173
BAD 538434409703
BAD 538295814653
BAD 538452078173
BAD 538452078181
BAD 538344940907
BAD 538344940909
BAD 538404030029
BAD 538404030037
BAD 538375109981
BAD 538345265329
BAD 538296085367
BAD 538296085373
BAD 538191138259
BAD 538309819793
BAD 538435801411
BAD 538182826339
BAD 538436099791
BAD 538436099797
BAD 538243816897
BAD 538243816973
BAD 538438045429
BAD 538284483749
BAD 538379696909
BAD 538379696923
BAD 538287194329
BAD 538301104933
BAD 538301228173
BAD 538382410051
BAD 538382536997
BAD 538198588883
BAD 538249251643
BAD 538249251647
BAD 538249251649
BAD 538249943537
BAD 538355602669
BAD 538355836099
BAD 538202129071
BAD 538202129089
BAD 538415445433
BAD 538415445473
BAD 538386985771
BAD 538386985867
BAD 538387557451
BAD 538203752239
BAD 538203752257
BAD 538358803921
BAD 538358803933
BAD 538358803951
BAD 538418112709
BAD 538360433047
BAD 538420616737
BAD 538421866447
BAD 538363771321
BAD 538364410613
BAD 538370469863
BAD 538497579563
BAD 538497867767
BAD 538497867769
BAD 538497867773
BAD 538501702621
BAD 538465403401
BAD 538465859203
BAD 538465859207
BAD 538465859209
BAD 538465859213
BAD 538466338973
BAD 538504795123
BAD 538504795133
BAD 538505044643
BAD 538467799223
BAD 538469829949
BAD 538471642913
BAD 538472428499
BAD 538472428561
BAD 538472784683
BAD 538472977253
BAD 538472977261
BAD 538472977267
BAD 538473962759
BAD 538473962773
BAD 538473962783
BAD 538475151653
BAD 538477506379
BAD 538477506383
BAD 538523776261
BAD 538524820753
BAD 538528405967
BAD 538528405969
BAD 538531340359
BAD 538535091181
BAD 538537104163
BAD 538537430023
BAD 538574975971
BAD 538574975977
BAD 538574975989
BAD 538574975993
BAD 538574975999
BAD 538574976001
BAD 538580335877
BAD 538580335879
BAD 538580335883
BAD 538584413473
BAD 538585115963
BAD 538507446823
BAD 538510290949
BAD 538511312173
BAD 538512821711
BAD 538512821713
BAD 538542749099
BAD 538543463119
BAD 538543463123
BAD 538514331427
BAD 538514331437
BAD 538515726739
BAD 538517393693
BAD 538519368859
BAD 538545473117
BAD 538545473119
BAD 538550086219
BAD 538550086223
BAD 538550660243
BAD 538522512823
BAD 538678996663
BAD 538682423143
BAD 538556531869
BAD 538558441133
BAD 538559434471
BAD 538560624013
BAD 538568235781
BAD 538568235787
BAD 538642661213
BAD 538600285523
BAD 538646467781
BAD 538646467783
BAD 538740974633
BAD 538601383987
BAD 538726159483
BAD 538726159487
BAD 538825685219
BAD 538726159493
BAD 538825685221
BAD 538726159529
BAD 538826496361
BAD 538826520937
BAD 538692562861
BAD 538747560863
BAD 538827364643
BAD 538747639253
BAD 538747897553
BAD 538828963573
BAD 538695105761
BAD 538695105763
BAD 538695105769
BAD 538829540419
BAD 538830258893
BAD 538750512037
BAD 538750587997
BAD 538656529363
BAD 538604497841
BAD 538604497843
BAD 538604982691
BAD 538727233357
BAD 538727589139
BAD 538728764221
BAD 538731431363
BAD 538731605051
BAD 538731605053
BAD 538702263427
BAD 538703408459
BAD 538703408483
BAD 538733319643
BAD 538733319647
BAD 538704867601
BAD 538704867607
BAD 538735883929
BAD 538738184993
BAD 538738537613
BAD 538739621603
BAD 538658467987
BAD 538659671413
BAD 538659946081
BAD 538661327947
BAD 538662117247
BAD 538662117271
BAD 538662117277
BAD 538716851143
BAD 538719680761
BAD 538859425843
BAD 538859545883
BAD 538669509349
BAD 538669509353
BAD 538669509361
BAD 538672846601
BAD 538672846603
BAD 538672846619
BAD 538862972203
BAD 538864930217
BAD 538791936817
BAD 538868067019
BAD 538796028811
BAD 538869671869
BAD 538796933761
BAD 538796933771
BAD 538799694661
BAD 538875169433
BAD 538878676223
BAD 538878769073
BAD 538880231177
BAD 538842311773
BAD 538884537203
BAD 538884537211
BAD 538884652681
BAD 538845465283
BAD 538845465287
BAD 538845465289
BAD 538846351103
BAD 538774696573
BAD 538889368231
BAD 538890040571
BAD 538890040573
BAD 538890040583
BAD 538890040589
BAD 538851503191
BAD 538614395629
BAD 538614395633
BAD 538761093823
BAD 538891744693
BAD 538891744697
BAD 538856678837
BAD 538856678839
BAD 538617558559
BAD 538764264187
BAD 538764264191
BAD 538764264193
BAD 538620237293
BAD 538858088467
BAD 538783450273
BAD 538858177883
BAD 538621114861
BAD 538622492717
BAD 538622492719
BAD 538812623513
BAD 538812623521
BAD 538789825421
BAD 538814294329
BAD 538771077479
BAD 538821400963
BAD 538824190981
BAD 538824190987
BAD 538628012179
BAD 538630928039
BAD 538630928041
BAD 538632846643
BAD 538893320941
BAD 538634241829
BAD 538634455157
BAD 538634455159
BAD 538634455267
BAD 538635341269
BAD 538894802507
BAD 538636448513
BAD 538895533039
BAD 538896830033
BAD 538905155863
BAD 538905155869
BAD 538905452557
BAD 538907127071
BAD 538907127079
BAD 538907401489
BAD 538908098671
BAD 538918324817
BAD 538918324831
BAD 538918995133
BAD 538919568017
BAD 538919568023
BAD 538920248641
BAD 538920248651
BAD 538920248653
BAD 538920449633
BAD 538923037531
BAD 538923037577
BAD 538924816669
BAD 538924816673
BAD 538928003963
BAD 538929153409
BAD 538959525443
BAD 538959922223
BAD 538959922253
BAD 538961124623
BAD 538961124629
BAD 538963830499
BAD 538964768159
BAD 538964768161
BAD 538967507983
BAD 538968258097
BAD 538968707609
BAD 538968707611
BAD 538970105567
BAD 538971404443
BAD 538971404527
BAD 538979280769
BAD 538981624483
BAD 538981624487
BAD 538982569009
BAD 538984543319
BAD 538986999619
BAD 538987810279
BAD 538987810289
BAD 538987875697
BAD 538988031601
BAD 538989909203
BAD 538942394443
BAD 538942394449
BAD 538942394453
BAD 538949159269
BAD 538951225249
BAD 538954003309
BAD 538955843719
BAD 538958271781
BAD 538958271799
BAD 538958271829
BAD 538958271833
BAD 538999558021
BAD 538999558043
BAD 539005451903
BAD 539005451951
BAD 539005451953
BAD 539008651589
BAD 539077915723
BAD 539077915729
BAD 539077990279
BAD 539080888873
BAD 539081950793
BAD 539082782341
BAD 539149169821
BAD 539084143501
BAD 539084857561
BAD 539152392943
BAD 539092350593
BAD 539029922911
BAD 539030254589
BAD 539030254591
BAD 539030254597
BAD 539030254601
BAD 539030254603
BAD 539032871233
BAD 539157279457
BAD 539010632659
BAD 539010632663
BAD 539010756847
BAD 539012421169
BAD 539012421173
BAD 539036172919
BAD 539036172923
BAD 539036567917
BAD 539036567921
BAD 539036567929
BAD 539036567933
BAD 539095260167
BAD 539095522183
BAD 539095522187
BAD 539097074099
BAD 539097074101
BAD 539040887701
BAD 539041822183
BAD 539041822201
BAD 539042856829
BAD 539102748661
BAD 539112993457
BAD 539180612507
BAD 539180612513
BAD 539180805571
BAD 539115863453
BAD 539115863459
BAD 539109445759
BAD 539181559817
BAD 539181559823
BAD 539109731761
BAD 539116734049
BAD 539116734053
BAD 539119889701
BAD 539185554601
BAD 539122029377
BAD 539188867703
BAD 539189938501
BAD 539129692207
BAD 539130187049
BAD 539130187051
BAD 539192011249
BAD 539132298713
BAD 539139606601
BAD 539140874047
BAD 539143084609
BAD 539298176797
BAD 539298176801
BAD 539298176803
BAD 539262373129
BAD 539262373147
BAD 539265866201
BAD 539265866203
BAD 539265932563
BAD 539265932567
BAD 539265932573
BAD 539300950501
BAD 539065731563
BAD 539065843097
BAD 539065843103
BAD 539065843123
BAD 539065843133
BAD 539065843307
BAD 539266956859
BAD 539301906827
BAD 539301906841
BAD 539067128777
BAD 539068930597
BAD 539270538383
BAD 539270796667
BAD 539072100293
BAD 539211415753
BAD 539211415763
BAD 539213475413
BAD 539073793777
BAD 539213881579
BAD 539074722217
BAD 539195121937
BAD 539195121943
BAD 539195121953
BAD 539195122013
BAD 539195122019
BAD 539195122021
BAD 539219787149
BAD 539219787151
BAD 539196250081
BAD 539221068413
BAD 539223880981
BAD 539054743159
BAD 539199133303
BAD 539168954329
BAD 539168954333
BAD 539225933921
BAD 539201383909
BAD 539201383921
BAD 539201383927
BAD 539201435743
BAD 539171025241
BAD 539206698187
BAD 539247324457
BAD 539235231727
BAD 539208081901
BAD 539248582321
BAD 539279986351
BAD 539279986373
BAD 539280534059
BAD 539280534061
BAD 539312414671
BAD 539258356069
BAD 539258356081
BAD 539314852639
BAD 539243837557
BAD 539243837569
BAD 539259727873
BAD 539316130217
BAD 539316130219
BAD 539322036619
BAD 539292177427
BAD 539328144083
BAD 539328144109
BAD 539333443793
BAD 539337329809
BAD 539337329813
BAD 539338340713
BAD 539341261609
BAD 539341261651
BAD 539344149151
BAD 539344149167
BAD 539351909981
BAD 539354098973
BAD 539354098981
BAD 539357328709
BAD 539359128041
BAD 539361454493
BAD 539361704671
BAD 539366793409
BAD 539367732523
BAD 539371874303
BAD 539372393341
BAD 539372393347
BAD 539372785333
BAD 539373270047
BAD 539373270049
BAD 539385252751
BAD 539432420221
BAD 539387889463
BAD 539388864601
BAD 539436316763
BAD 539438365399
BAD 539438516741
BAD 539393199281
BAD 539393199283
BAD 539393199287
BAD 539393330743
BAD 539393330747
BAD 539442516859
BAD 539442516863
BAD 539464898183
BAD 539464898191
BAD 539464898197
BAD 539465392321
BAD 539465392327
BAD 539465392331
BAD 539466029203
BAD 539466029209
BAD 539466029213
BAD 539466887303
BAD 539403160343
BAD 539405547313
BAD 539405547319
BAD 539472990619
BAD 539472990673
BAD 539474871079
BAD 539474871083
BAD 539474871101
BAD 539479045783
BAD 539414296037
BAD 539414296039
BAD 539414789063
BAD 539496309637
BAD 539496309641
BAD 539496309643
BAD 539502580583
BAD 539570334623
BAD 539570334637
BAD 539552965117
BAD 539552965123
BAD 539506009879
BAD 539506009883
BAD 539506009891
BAD 539506961641
BAD 539506961647
BAD 539479786613
BAD 539479786619
BAD 539479786621
BAD 539479786633
BAD 539480369023
BAD 539480371057
BAD 539481163079
BAD 539573551403
BAD 539573551417
BAD 539482031677
BAD 539721268579
BAD 539557368653
BAD 539557427753
BAD 539557785649
BAD 539557785653
BAD 539557785671
BAD 539557785673
BAD 539485445069
BAD 539487069523
BAD 539487185143
BAD 539487185161
BAD 539487185173
BAD 539487185183
BAD 539578413769
BAD 539562442999
BAD 539493653581
BAD 539736530401
BAD 539736530453
BAD 539736530483
BAD 539448445447
BAD 539739677251
BAD 539739677263
BAD 539739989029
BAD 539739989053
BAD 539452046537
BAD 539452046543
BAD 539454537287
BAD 539454537289
BAD 539744141627
BAD 539456544919
BAD 539456544923
BAD 539456544943
BAD 539519278171
BAD 539746469921
BAD 539746469923
BAD 539746469939
BAD 539539764787
BAD 539539764793
BAD 539541378931
BAD 539541378949
BAD 539541378953
BAD 539541378967
BAD 539542294279
BAD 539525969539
BAD 539525969551
BAD 539526025699
BAD 539999642783
BAD 539648388901
BAD 539654931419
BAD 539654931421
BAD 539617321643
BAD 539599026613
BAD 539656347913
BAD 539619423089
BAD 539681599279
BAD 539681774003
BAD 539658329461
BAD 539622064141
BAD 539659638481
BAD 539622411847
BAD 539660589799
BAD 539622963083
BAD 539685928543
BAD 539607329887
BAD 539607329927
BAD 539607329929
BAD 539607329941
BAD 539607329959
BAD 539627563303
BAD 539627563309
BAD 539627563313
BAD 539611040251
BAD 539695542413
BAD 539630810461
BAD 539630810513
BAD 539631545941
BAD 539582637179
BAD 539698379191
BAD 539698379201
BAD 539698379203
BAD 539702475083
BAD 539585980333
BAD 539585980343
BAD 539585980361
BAD 539664414151
BAD 539669713969
BAD 539707142461
BAD 539707142467
BAD 539640580421
BAD 539641510883
BAD 539671596439
BAD 539642819609
BAD 539673414769
BAD 539673414773
BAD 539673414793
BAD 539677295389
BAD 539749735951
BAD 539751684361
BAD 539752155511
BAD 539752727303
BAD 539753987309
BAD 539753987317
BAD 539758727161
BAD 539758911203
BAD 539758911233
BAD 539759290799
BAD 539759290801
BAD 539760836003
BAD 539761566893
BAD 539763718891
BAD 539765982731
BAD 539765982733
BAD 539769241951
BAD 539769932491
BAD 539770329047
BAD 539784381281
BAD 539788498583
BAD 539790338729
BAD 539790338743
BAD 539790616517
BAD 539791970197
BAD 539792986207
BAD 539796919973
BAD 539799089933
BAD 539800951931
BAD 539800951933
BAD 539806032691
BAD 539806680653
BAD 539810403793
BAD 539949720553
BAD 539949720559
BAD 539952108439
BAD 539953392691
BAD 539868875839
BAD 539868875851
BAD 539848758313
BAD 539956561943
BAD 539817421193
BAD 539968658809
BAD 539958432599
BAD 539871634331
BAD 539871634333
BAD 539871634339
BAD 539871634343
BAD 539872252459
BAD 539852715617
BAD 539820324749
BAD 539820324751
BAD 539820324773
BAD 539971723073
BAD 539899425721
BAD 539833355693
BAD 539972209061
BAD 539854674773
BAD 539854895873
BAD 539881935739
BAD 539974696609
BAD 539901690833
BAD 539875250029
BAD 539962095779
BAD 539962095781
BAD 539857050539
BAD 539857050541
BAD 539962434127
BAD 539857148029
BAD 539857409249
BAD 539857409251
BAD 539857409263
BAD 539857409269
BAD 539962958503
BAD 539837809051
BAD 539877667687
BAD 539877667699
BAD 539979165283
BAD 539885871313
BAD 539889282949
BAD 539843736353
BAD 539890708249
BAD 539890729613
BAD 539846290211
BAD 539846290213
BAD 539893617577
BAD 539846525063
BAD 539846950381
BAD 539914589113
BAD 539987155517
BAD 539897596369
BAD 539916380149
BAD 539916380167
BAD 539934638827
BAD 539934638869
BAD 539898178891
BAD 539898402247
BAD 539917467319
BAD 539918545823
BAD 539991551003
BAD 539919152977
BAD 539993107133
BAD 539940576223
BAD 539995651133
BAD 539995651141
BAD 539941176059
BAD 539996334487
BAD 539923010371
BAD 539941693633
BAD 539941835359
BAD 539941835369
BAD 539941835371
BAD 539997285733
BAD 539944435469
BAD 539948227303
BAD 539930410507
BAD 539932015939
RANGE 530000000000 540000000000 PRIMES 370299189 BAD 4353
