BAD 980256177077
BAD 980259180749
BAD 980259180751
BAD 980259180757
BAD 980259180781
BAD 980042001871
BAD 980294116331
BAD 980141390213
BAD 980271356929
BAD 980311248823
BAD 980314715437
BAD 980314875739
BAD 980314875751
BAD 980360139683
BAD 980360139701
BAD 980072441171
BAD 980076603439
BAD 980076603619
BAD 980369239337
BAD 980189568607
BAD 980194876253
BAD 980012130059
BAD 980012130061
BAD 980014217813
BAD 980015960953
BAD 980015961179
BAD 980386230367
BAD 980390924011
BAD 980017767359
BAD 980220955627
BAD 980020748537
BAD 980158037059
BAD 980124983983
BAD 980205147331
BAD 980224783253
BAD 980128003807
BAD 980128003819
BAD 980128003823
BAD 980164470907
BAD 980233756361
BAD 980101001063
BAD 980111477021
BAD 980111477089
BAD 980112746623
BAD 980112746629
BAD 980112746633
BAD 980113051573
BAD 980096791721
BAD 980099833109
BAD 980436232121
BAD 980438262163
BAD 980444151019
BAD 980444151023
BAD 980409776893
BAD 980451376693
BAD 980451376699
BAD 980452380709
BAD 980462964683
BAD 980465281057
BAD 980507340451
BAD 980421886681
BAD 980425459163
BAD 980425578169
BAD 980490089363
BAD 980495568229
BAD 980540181199
BAD 980544773333
BAD 980588071051
BAD 980592729943
BAD 980914048721
BAD 980914593203
BAD 980914593209
BAD 980834358481
BAD 980915719447
BAD 980791925683
BAD 980573315279
BAD 980842830839
BAD 980842830841
BAD 980801092177
BAD 980801092189
BAD 980849930329
BAD 980899671859
BAD 980899671863
BAD 980657873521
BAD 980902674061
BAD 980902674079
BAD 980902883599
BAD 980923928273
BAD 980904969533
BAD 980584193933
BAD 980925698773
BAD 980678980649
BAD 980622500371
BAD 980625317263
BAD 980625489971
BAD 980625489973
BAD 980626666021
BAD 980732605891
BAD 980639983831
BAD 980639983837
BAD 980647727663
BAD 980652728953
BAD 980653759181
BAD 980758433593
BAD 980709325591
BAD 980709325597
BAD 980712958307
BAD 980768408251
BAD 980942819429
BAD 980942819431
BAD 980947747753
BAD 980952395903
BAD 981018551287
BAD 981064142987
BAD 981124170953
BAD 981294240503
BAD 981000114023
BAD 981179482609
BAD 981179482637
BAD 981303922931
BAD 981303922933
BAD 981031461139
BAD 981031461169
BAD 981031461173
BAD 981184643281
BAD 981184643287
BAD 981037205153
BAD 981038836381
BAD 981079095593
BAD 981082723609
BAD 981082723613
BAD 981089411171
BAD 981216639947
BAD 981219542467
BAD 981223242113
BAD 981110723051
BAD 981110723053
BAD 981265651711
BAD 980976692551
BAD 980978531261
BAD 981097948723
BAD 981097948729
BAD 981097948739
BAD 981097948741
BAD 980981354029
BAD 980981354033
BAD 980983929857
BAD 980983929859
BAD 980988014569
BAD 981106208611
BAD 981150571103
BAD 981319328729
BAD 981320274383
BAD 981320274397
BAD 981226740589
BAD 981279866891
BAD 981279866893
BAD 981329934517
BAD 981329934527
BAD 981333824693
BAD 981232696429
BAD 981337352509
BAD 981337352521
BAD 981288200749
BAD 981235451969
BAD 981235451971
BAD 981413899789
BAD 981413899801
BAD 981416383639
BAD 981416383643
BAD 981394421947
BAD 981397953743
BAD 981452001643
BAD 981452001653
BAD 981456302447
BAD 981456608729
BAD 981456608731
BAD 981459400547
BAD 981459400561
BAD 981493524997
BAD 981493525057
BAD 981495103313
BAD 981485588119
BAD 981502204393
BAD 981502204399
BAD 981370136339
BAD 981523359683
BAD 981553099753
BAD 981553099801
BAD 981553099867
BAD 981602427181
BAD 981602427187
BAD 981602427191
BAD 981602427193
BAD 981606253013
BAD 981606372749
BAD 981606372751
BAD 981609090391
BAD 981617908133
BAD 981589069207
BAD 981589499029
BAD 981590259709
BAD 981626244931
BAD 981626244941
BAD 981626244943
BAD 981781865263
BAD 981792318103
BAD 981794604319
BAD 981794604331
BAD 981868321673
BAD 981768067759
BAD 981818962777
BAD 981845844649
BAD 981847112479
BAD 981890961973
BAD 981855785069
BAD 981856644653
BAD 981856644661
BAD 981857619983
BAD 981627815041
BAD 981750675089
BAD 981750675091
BAD 981644196619
BAD 981646666657
BAD 981643804157
BAD 981643804159
BAD 981659919791
BAD 981717904681
BAD 981897072061
BAD 981897072077
BAD 981672806251
BAD 981908309959
BAD 981935155997
BAD 981937086527
BAD 981927389941
BAD 982007655337
BAD 981982060909
BAD 981982060919
BAD 981982060921
BAD 982017718973
BAD 982032689401
BAD 981987189343
BAD 981987189361
BAD 982038182863
BAD 982108304101
BAD 982084920031
BAD 982075093361
BAD 982075093381
BAD 982075093387
BAD 982077823277
BAD 982078591693
BAD 982078591699
BAD 982089304813
BAD 982089304817
BAD 982091011283
BAD 982091011339
BAD 982151460643
BAD 982145183993
BAD 982162173511
BAD 982202124523
BAD 982305759839
BAD 982204104257
BAD 982207250281
BAD 982207250333
BAD 982283557133
BAD 982285620161
BAD 982286882741
BAD 982286882749
BAD 982295252881
BAD 982295252891
BAD 982295252893
BAD 982219439783
BAD 982229026351
BAD 982248253759
BAD 982232758597
BAD 982233566813
BAD 982469253223
BAD 982501582009
BAD 982469797171
BAD 982469797181
BAD 982472717911
BAD 982472717917
BAD 982240635631
BAD 982240635637
BAD 982240635641
BAD 982458769793
BAD 982482834121
BAD 982482834127
BAD 982482883133
BAD 982513593629
BAD 982513593631
BAD 982491850121
BAD 982491850127
BAD 982491850129
BAD 982492269971
BAD 982515595937
BAD 982431221963
BAD 982535023429
BAD 982521690193
BAD 982174053331
BAD 982528203229
BAD 982562059471
BAD 982531573237
BAD 982562059477
BAD 982180542743
BAD 982180542751
BAD 982373890343
BAD 982373890499
BAD 982373890501
BAD 982374762233
BAD 982266336917
BAD 982379757253
BAD 982379757263
BAD 982357789247
BAD 982357789249
BAD 982433956649
BAD 982394820271
BAD 982404167683
BAD 982404167687
BAD 982438751603
BAD 982440199093
BAD 982576000759
BAD 982576503767
BAD 982579225477
BAD 982582986199
BAD 982657586693
BAD 982703623493
BAD 982686149453
BAD 982686149461
BAD 982691912831
BAD 982609502893
BAD 982609502947
BAD 982801241599
BAD 982612545799
BAD 982612545883
BAD 982757512279
BAD 982757512283
BAD 982778059883
BAD 982779486281
BAD 982907588407
BAD 982907588413
BAD 982907588417
BAD 982907588419
BAD 982907588423
BAD 982907588437
BAD 982818862111
BAD 982642677649
BAD 982643010571
BAD 982875217223
BAD 982875217237
BAD 982875217241
BAD 982877213183
BAD 982838467453
BAD 982647261859
BAD 982647261863
BAD 982812423631
BAD 982881264583
BAD 982813774223
BAD 982649807611
BAD 982844627497
BAD 982844627509
BAD 982941528979
BAD 982941528983
BAD 982851084269
BAD 982926722653
BAD 982926722689
BAD 982926722693
BAD 982952893849
BAD 982952893859
BAD 982953765203
BAD 982676283167
BAD 983023005661
BAD 983023698233
BAD 983028552841
BAD 983032426403
BAD 982979318291
BAD 982979835823
BAD 983039235427
BAD 983056994203
BAD 983052167963
BAD 983139620977
BAD 983141335381
BAD 983105099693
BAD 983110131931
BAD 983115433823
BAD 983119894333
BAD 983100614513
BAD 982991221633
BAD 982992062473
BAD 982992062477
BAD 983121876211
BAD 983121876229
BAD 983130434579
BAD 983130434581
BAD 983176755961
BAD 983208235021
BAD 983216985379
BAD 983216985383
BAD 983191738489
BAD 983195300947
BAD 983195300953
BAD 983196038659
BAD 983196038663
BAD 983314782431
BAD 983331066323
BAD 983302878451
BAD 983241345683
BAD 983243147407
BAD 983243147413
BAD 983243147431
BAD 983493065509
BAD 983409429601
BAD 983410608709
BAD 983413027651
BAD 983161079827
BAD 983340213707
BAD 983340679487
BAD 983340679513
BAD 983467602263
BAD 983471581307
BAD 983471603911
BAD 983471603987
BAD 983354983393
BAD 983399407271
BAD 983399407273
BAD 983399407313
BAD 983388034561
BAD 983388034567
BAD 983388034571
BAD 983443140319
BAD 983443713139
BAD 983512360147
BAD 983436516091
BAD 983479248727
BAD 983479248733
BAD 983484091963
BAD 983484091969
BAD 983484091973
BAD 983484091981
BAD 983255362651
BAD 983261179393
BAD 983638580017
BAD 983680603291
BAD 983863278679
BAD 983688199693
BAD 983718266033
BAD 983857861957
BAD 983857861969
BAD 983872919191
BAD 983703296399
BAD 983551924753
BAD 983560031393
BAD 983584665533
BAD 983590310641
BAD 983727704671
BAD 983732604443
BAD 983807160719
BAD 983742035671
BAD 983746959541
BAD 983809142011
BAD 983811374023
BAD 983812050509
BAD 983812050511
BAD 983913245041
BAD 983815123793
BAD 983918732393
BAD 983918732411
BAD 983919189167
BAD 983919974963
BAD 983920748311
BAD 983921117833
BAD 983822769389
BAD 983823286861
BAD 983823293119
BAD 983881979497
BAD 983884557493
BAD 983904872633
BAD 983949730921
BAD 983949883073
BAD 983979835591
BAD 984032068069
BAD 984038483371
BAD 984017722847
BAD 984049658699
BAD 984049658701
BAD 984220560643
BAD 984251216329
BAD 984229080119
BAD 984094321339
BAD 984097859131
BAD 984102775351
BAD 984116007481
BAD 984116007509
BAD 984104627423
BAD 984104627437
BAD 984131028079
BAD 984180168977
BAD 984119270089
BAD 984119516131
BAD 984448376467
BAD 984380851087
BAD 984362605253
BAD 984456931753
BAD 984457616257
BAD 984370470443
BAD 984390859493
BAD 984392895133
BAD 984432233261
BAD 984433681463
BAD 984427052993
BAD 984167276723
BAD 984066769531
BAD 984066769627
BAD 984495900407
BAD 984346148603
BAD 984346148623
BAD 984311847241
BAD 984344487901
BAD 984604146257
BAD 984702403253
BAD 984696224269
BAD 984654471523
BAD 984654471527
BAD 984660976973
BAD 984662440921
BAD 984662440939
BAD 984819690823
BAD 984819690863
BAD 984819690949
BAD 984506500361
BAD 984506500363
BAD 984758330753
BAD 984758330821
BAD 984835289219
BAD 984594030403
BAD 984522764359
BAD 984618368947
BAD 984548397163
BAD 984548397169
BAD 984723862327
BAD 984555532721
BAD 984570845473
BAD 984570845483
BAD 984626351249
BAD 984641126303
BAD 984768111323
BAD 984768111331
BAD 984773335043
BAD 984887315603
BAD 984917828107
BAD 984897222277
BAD 984734057137
BAD 984928289999
BAD 984928290001
BAD 984848734637
BAD 984848734643
BAD 984848734657
BAD 984910241479
BAD 984791480657
BAD 984914083987
BAD 984914083991
BAD 984876656821
BAD 984935198899
BAD 984935198903
BAD 984935198911
BAD 984937532933
BAD 984797386487
BAD 984959804611
BAD 984959804617
BAD 984858250787
BAD 984963967081
BAD 984862176173
BAD 984971545807
BAD 984987637499
BAD 984987637523
BAD 984987637531
BAD 984989346713
BAD 984989772007
BAD 984989787281
BAD 984989787283
BAD 984989787289
BAD 984989787293
BAD 985017423991
BAD 985017423997
BAD 985034949617
BAD 985034949641
BAD 985034949653
BAD 985041314503
BAD 985051219577
BAD 985000326053
BAD 985012555369
BAD 985013120197
BAD 985013120213
BAD 985016179463
BAD 985104038227
BAD 985104038231
BAD 985131550357
BAD 985158244493
BAD 985115564269
BAD 985115564317
BAD 985141417063
BAD 985141417067
BAD 985141417069
BAD 985149419887
BAD 985149419893
BAD 985149419897
BAD 985149419899
BAD 985149419929
BAD 985382271761
BAD 985250895949
BAD 985250895953
BAD 985250895961
BAD 985383283369
BAD 985336899893
BAD 985337336471
BAD 985388082719
BAD 985409174987
BAD 985409174989
BAD 985409781991
BAD 985409782043
BAD 985409782051
BAD 985170316267
BAD 985450629781
BAD 985272531181
BAD 985277075213
BAD 985204624771
BAD 985204756819
BAD 985226452843
BAD 985314584603
BAD 985357405133
BAD 985435136383
BAD 985367534731
BAD 985368450263
BAD 985608929191
BAD 985620228031
BAD 985571194609
BAD 985571194613
BAD 985623618911
BAD 985623618913
BAD 985462505569
BAD 985462505579
BAD 985462505581
BAD 985635676351
BAD 985674118777
BAD 985660717441
BAD 985663133869
BAD 985468250317
BAD 985643298859
BAD 985643298863
BAD 985670198501
BAD 985670198503
BAD 985481268007
BAD 985488378949
BAD 985721541953
BAD 985555431053
BAD 985555431061
BAD 985728241321
BAD 985508586991
BAD 985733233643
BAD 985524966499
BAD 985539760999
BAD 985534477043
BAD 985534477073
BAD 985534477079
BAD 985553103559
BAD 985700475757
BAD 985700475769
BAD 985700878313
BAD 985927146961
BAD 985931508773
BAD 985970215903
BAD 985895340713
BAD 985809152927
BAD 985809152929
BAD 985904520709
BAD 985986594059
BAD 985986594067
BAD 985987310857
BAD 985789144673
BAD 985795256717
BAD 985795256731
BAD 985771733437
BAD 985772769769
BAD 985772769851
BAD 985772769853
BAD 985775176459
BAD 985778218441
BAD 985780431787
BAD 985780431793
BAD 985738740713
BAD 985741145443
BAD 985742152363
BAD 985744820569
BAD 985744820573
BAD 985906338359
BAD 985752904793
BAD 985915861703
BAD 985915861727
BAD 985919391361
BAD 985919391367
BAD 985919391371
BAD 985757198627
BAD 985855181557
BAD 985761868127
BAD 985761868141
BAD 986000628163
BAD 986000628211
BAD 986003634089
BAD 986003634103
BAD 986037755629
BAD 986017687591
BAD 986017687597
BAD 986021093839
BAD 986059513891
BAD 986049265283
BAD 986077294511
BAD 986098486579
BAD 986259661801
BAD 986270397113
BAD 986130827551
BAD 986225578007
BAD 986134598671
BAD 986135151371
BAD 986135151373
BAD 986236810579
BAD 986175750541
BAD 986215109731
BAD 986215109741
BAD 986215109743
BAD 986217937667
BAD 986217937669
BAD 986217937673
BAD 986221468681
BAD 986284182973
BAD 986113113709
BAD 986167156463
BAD 986169242257
BAD 986172693983
BAD 986172693991
BAD 986294544427
BAD 986295525169
BAD 986306908351
BAD 986427579889
BAD 986467110169
BAD 986403119213
BAD 986473799771
BAD 986481860753
BAD 986481860759
BAD 986481860761
BAD 986481860773
BAD 986482876219
BAD 986490040513
BAD 986446416317
BAD 986389706063
BAD 986503290193
BAD 986327633323
BAD 986339481103
BAD 986368555219
BAD 986372319649
BAD 986373942241
BAD 986373942259
BAD 986373942263
BAD 986532564401
BAD 986532564403
BAD 986560501063
BAD 986558455549
BAD 986535671179
BAD 986569779757
BAD 986594072509
BAD 986594072521
BAD 986591106469
BAD 986591106481
BAD 986591106491
BAD 986599960459
BAD 986636977681
BAD 986611628677
BAD 986618428349
BAD 986618428351
BAD 986523602413
BAD 986726239973
BAD 986679531553
BAD 986705256623
BAD 986761682243
BAD 986759138069
BAD 986769901567
BAD 986772198121
BAD 986732221771
BAD 986732221793
BAD 986799099883
BAD 986799979637
BAD 986799979639
BAD 986644930351
BAD 986664611161
BAD 986664611167
BAD 986980265273
BAD 986948173973
BAD 986670975083
BAD 986847107221
BAD 986671324789
BAD 986780717371
BAD 986912584901
BAD 986988485869
BAD 986997044851
BAD 986959258699
BAD 986999764721
BAD 986995287233
BAD 986930077981
BAD 986924522431
BAD 986926681571
BAD 986935285711
BAD 986935861469
BAD 986936523029
BAD 986936523031
BAD 986936523211
BAD 986939644513
BAD 987024071851
BAD 987029129389
BAD 987029129419
BAD 987029129423
BAD 987030596581
BAD 987035210411
BAD 987039474913
BAD 987039474919
BAD 986815826839
BAD 987042550141
BAD 987042550147
BAD 987042550159
BAD 987042550163
BAD 986817277291
BAD 986867844553
BAD 986867844563
BAD 986901615143
BAD 986903430869
BAD 986903430871
BAD 987049052333
BAD 987058920629
BAD 987059667833
BAD 986880766909
BAD 986890820063
BAD 986891484479
BAD 987068987941
BAD 987073920463
BAD 987074303881
BAD 987205624331
BAD 987217092391
BAD 987217092397
BAD 987212822851
BAD 987212822867
BAD 987212822873
BAD 987100936291
BAD 987343990783
BAD 987319675763
BAD 987109717001
BAD 987109717003
BAD 987109717021
BAD 987329507431
BAD 987329507449
BAD 987110764141
BAD 987112991443
BAD 987437441603
BAD 987440162461
BAD 987284995483
BAD 987287459311
BAD 987290067949
BAD 987271428067
BAD 987277382423
BAD 987150682481
BAD 987311498051
BAD 987311498053
BAD 987159180823
BAD 987159180827
BAD 987159180829
BAD 987159180841
BAD 987382409423
BAD 987382409441
BAD 987382409443
BAD 987382409449
BAD 987395225239
BAD 987395225263
BAD 987182806223
BAD 987398679361
BAD 987190766813
BAD 987190766833
BAD 987419733763
BAD 987406744433
BAD 987408451069
BAD 987453192223
BAD 987455808473
BAD 987465473413
BAD 987500194171
BAD 987509674007
BAD 987553924477
BAD 987553924481
BAD 987554039651
BAD 987554039653
BAD 987557750261
BAD 987563121451
BAD 987491210491
BAD 987491210509
BAD 987491210513
BAD 987491210521
BAD 987601554271
BAD 987601554293
BAD 987612270067
BAD 987659916013
BAD 987474917371
BAD 987590151211
BAD 987599527267
BAD 987698108633
BAD 987699867823
BAD 987631280749
BAD 987792889739
BAD 987794893543
BAD 987717776629
BAD 987721142929
BAD 987721143049
BAD 987733077803
BAD 987644797639
BAD 987644797687
BAD 987648519541
BAD 987832954819
BAD 987740674471
BAD 987740674477
BAD 987749160677
BAD 987749160691
BAD 987749160721
BAD 987709057373
BAD 987835914521
BAD 987835914523
BAD 987667449833
BAD 987667449841
BAD 987667449893
BAD 987676600289
BAD 987676600291
BAD 987676862567
BAD 987853165969
BAD 987678526039
BAD 987771278731
BAD 987863769547
BAD 987863769553
BAD 987936866569
BAD 987936866573
BAD 987865258351
BAD 987865258357
BAD 987865258363
BAD 987890362507
BAD 987890362513
BAD 987890362523
BAD 987893586811
BAD 987956783357
BAD 987964450223
BAD 987965657743
BAD 988003028513
BAD 987982849703
BAD 988026743003
BAD 988029881417
BAD 988030016263
BAD 988033929943
BAD 988038914251
BAD 988108599353
BAD 988364016091
BAD 988053259129
BAD 988367050249
BAD 988367851327
BAD 988381709533
BAD 988381709551
BAD 988311989527
BAD 988208947357
BAD 988213933607
BAD 988390935083
BAD 988299360931
BAD 988401439063
BAD 988401439073
BAD 988273726733
BAD 988279392103
BAD 988077430523
BAD 988282573637
BAD 988282573639
BAD 988282573657
BAD 988282573661
BAD 988282573667
BAD 988282573669
BAD 988079923549
BAD 988245997399
BAD 988245997411
BAD 988245997439
BAD 988245997441
BAD 988224720803
BAD 988227128563
BAD 988151629363
BAD 988263696323
BAD 988264201039
BAD 988425528991
BAD 988269568463
BAD 988190447207
BAD 988190447221
BAD 988435268113
BAD 988438309321
BAD 988438309333
BAD 988417432213
BAD 988417432217
BAD 988517802511
BAD 988520890639
BAD 988453587799
BAD 988574419097
BAD 988574419099
BAD 988574419103
BAD 988522890109
BAD 988625547409
BAD 988594183711
BAD 988594183721
BAD 988594183723
BAD 988595809261
BAD 988635251711
BAD 988635251713
BAD 988635251743
BAD 988635251749
BAD 988638618061
BAD 988692040013
BAD 988692040223
BAD 988692040229
BAD 988698379831
BAD 988474678003
BAD 988461230077
BAD 988495031773
BAD 988502326193
BAD 988617654859
BAD 988617654863
BAD 988659657683
BAD 988621848323
BAD 988665164857
BAD 988667634653
BAD 988667791633
BAD 988673783291
BAD 988857094493
BAD 988708839931
BAD 988686670903
BAD 988687890863
BAD 988798771201
BAD 988800741169
BAD 988801586369
BAD 988801586371
BAD 988875325429
BAD 988875325433
BAD 988816507859
BAD 988875735923
BAD 988912695643
BAD 988728469639
BAD 988927524181
BAD 988891012541
BAD 988898577791
BAD 988732955239
BAD 988920303269
BAD 988920303271
BAD 988760311859
BAD 988903163981
BAD 988975154737
BAD 988975154749
BAD 988975154753
BAD 988941800117
BAD 988770177289
BAD 988753777981
BAD 988980362353
BAD 988756591013
BAD 988789221317
BAD 988789221319
BAD 988865618539
BAD 989013153449
BAD 989013153451
BAD 989013153463
BAD 989082023341
BAD 989086275143
BAD 989052321793
BAD 989064355637
BAD 989064355639
BAD 989064355651
BAD 989098335541
BAD 989066989513
BAD 989108500073
BAD 989070389213
BAD 989179107031
BAD 989180393239
BAD 989265850073
BAD 989236345147
BAD 989274560401
BAD 989348099107
BAD 989352156853
BAD 989354831089
BAD 989354831093
BAD 989148993617
BAD 989174965981
BAD 989176472527
BAD 989158633457
BAD 989159414359
BAD 989159414363
BAD 989339587739
BAD 989339587741
BAD 989340645001
BAD 989376705839
BAD 989376705841
BAD 989433670861
BAD 989405477783
BAD 989436719129
BAD 989437506397
BAD 989126963743
BAD 989126963761
BAD 989132021687
BAD 989134301741
BAD 989301345229
BAD 989141739379
BAD 989289736273
BAD 989293816783
BAD 989314240273
BAD 989316887773
BAD 989324837737
BAD 989449348211
BAD 989449348213
BAD 989449348219
BAD 989454497701
BAD 989392904627
BAD 989392904629
BAD 989591118181
BAD 989520142483
BAD 989520142487
BAD 989520142489
BAD 989568958253
BAD 989576765941
BAD 989600635217
BAD 989604311063
BAD 989611487077
BAD 989611487083
BAD 989611517833
BAD 989612632559
BAD 989631000833
BAD 989643480841
BAD 989698381051
BAD 989698381057
BAD 989504161493
BAD 989506256593
BAD 989708736581
BAD 989721430573
BAD 989722548869
BAD 989722548907
BAD 989740227109
BAD 989840621633
BAD 989842392883
BAD 989824926929
BAD 989824926931
BAD 989768077043
BAD 989771678873
BAD 989772648841
BAD 989851164257
BAD 989851164259
BAD 989857452653
BAD 989869284973
BAD 989869284979
BAD 989760972073
BAD 989878244483
BAD 989952040969
BAD 989958821573
BAD 989959615009
BAD 989960884021
BAD 989960884027
BAD 989960884039
BAD 989936988179
BAD 989936988181
BAD 989884339357
BAD 989884339361
BAD 989886249991
BAD 989945904889
BAD 989899523633
BAD 989969961833
BAD 989969961847
BAD 989970437947
BAD 989909879533
BAD 989909879537
RANGE 980000000000 990000000000 PRIMES 362113161 BAD 1176
