BAD 520151298019
BAD 520388449853
BAD 520390273103
BAD 520390273111
BAD 520390273121
BAD 520153387393
BAD 520087095293
BAD 520189812617
BAD 520189812619
BAD 520018204963
BAD 520087696391
BAD 520087952851
BAD 520155893783
BAD 520190991121
BAD 520190991127
BAD 520190991157
BAD 520392631247
BAD 520157566231
BAD 520192946047
BAD 520291818811
BAD 520291997507
BAD 520193956703
BAD 520395016181
BAD 520006224487
BAD 520398968659
BAD 520399801609
BAD 520199181517
BAD 520199691383
BAD 520028633071
BAD 520009126433
BAD 520009366763
BAD 520201135639
BAD 520402105687
BAD 520099569623
BAD 520030189853
BAD 520030189859
BAD 520163552947
BAD 520031823559
BAD 520298085523
BAD 520164838751
BAD 520165006831
BAD 520165398611
BAD 520299538303
BAD 520013690947
BAD 520013690957
BAD 520166354893
BAD 520166354899
BAD 520014023483
BAD 520016165659
BAD 520354166483
BAD 520355602189
BAD 520168417631
BAD 520168417633
BAD 520253396617
BAD 520319236433
BAD 520319661619
BAD 520361089559
BAD 520361089561
BAD 520268482771
BAD 520170700831
BAD 520254383743
BAD 520361702911
BAD 520270394893
BAD 520270394899
BAD 520363078201
BAD 520172974823
BAD 520172984911
BAD 520173761881
BAD 520218671573
BAD 520323797923
BAD 520069110007
BAD 520069745453
BAD 520176822169
BAD 520275428611
BAD 520326093923
BAD 520259530061
BAD 520326176857
BAD 520326176861
BAD 520326176863
BAD 520326262891
BAD 520177478759
BAD 520177478761
BAD 520368169081
BAD 520368169091
BAD 520368559771
BAD 520327571461
BAD 520327571473
BAD 520222613611
BAD 520222613681
BAD 520222613683
BAD 520223276627
BAD 520277986681
BAD 520072102883
BAD 520223850599
BAD 520341343201
BAD 520263333767
BAD 520263333769
BAD 520263333773
BAD 520225196053
BAD 520225196059
BAD 520225196069
BAD 520073657221
BAD 520280294629
BAD 520280294647
BAD 520280294659
BAD 520280294663
BAD 520264787041
BAD 520074160919
BAD 520266169571
BAD 520266169573
BAD 520183659101
BAD 520228051043
BAD 520228051051
BAD 520267481317
BAD 520267481341
BAD 520267481351
BAD 520184516923
BAD 520284153173
BAD 520229652851
BAD 520229652853
BAD 520229652871
BAD 520076998789
BAD 520080330113
BAD 520081078943
BAD 520081779053
BAD 520371082103
BAD 520204125121
BAD 520372852693
BAD 520205444203
BAD 520205668253
BAD 520205668261
BAD 520374734227
BAD 520376135897
BAD 520376135899
BAD 520104252061
BAD 520376413523
BAD 520302177853
BAD 520302186263
BAD 520207807583
BAD 520208445121
BAD 520304483791
BAD 520107934321
BAD 520107934337
BAD 520034039263
BAD 520211292599
BAD 520035441803
BAD 520035441811
BAD 520384096933
BAD 520384096957
BAD 520384295597
BAD 520310547403
BAD 520117567327
BAD 520312173487
BAD 520041127951
BAD 520217113943
BAD 520314791303
BAD 520046712061
BAD 520125826277
BAD 520125826279
BAD 520126339171
BAD 520127289469
BAD 520127356643
BAD 520050038051
BAD 520128026501
BAD 520130806339
BAD 520236345553
BAD 520236345557
BAD 520244302819
BAD 520244512873
BAD 520244512877
BAD 520244512913
BAD 520245815113
BAD 520245815123
BAD 520250621183
BAD 520135775297
BAD 520137864391
BAD 520137864443
BAD 520137864451
BAD 520139250487
BAD 520141919663
BAD 520144177853
BAD 520052349941
BAD 520144887113
BAD 520144887169
BAD 520144887193
BAD 520146452207
BAD 520054595149
BAD 520054595153
BAD 520054595167
BAD 520057900781
BAD 520057900783
BAD 520065095161
BAD 520423937401
BAD 520426053421
BAD 520426116421
BAD 520426116481
BAD 520472712343
BAD 520472712379
BAD 520428685187
BAD 520430249917
BAD 520430308459
BAD 520430642287
BAD 520477143679
BAD 520434136153
BAD 520434136163
BAD 520434136199
BAD 520434362339
BAD 520434362341
BAD 520436324453
BAD 520438547669
BAD 520439717599
BAD 520440104641
BAD 520440104647
BAD 520441849727
BAD 520441849729
BAD 520486720399
BAD 520486720433
BAD 520442824849
BAD 520443566117
BAD 520443566119
BAD 520482595291
BAD 520482595313
BAD 520483644523
BAD 520483644563
BAD 520483644613
BAD 520483644619
BAD 520490568293
BAD 520490713153
BAD 520491862637
BAD 520492746803
BAD 520492746871
BAD 520492746877
BAD 520493298973
BAD 520493298979
BAD 520493397331
BAD 520446405559
BAD 520446739733
BAD 520446739763
BAD 520446739777
BAD 520520757583
BAD 520524444421
BAD 520524444431
BAD 520450994893
BAD 520526117791
BAD 520605229273
BAD 520452906403
BAD 520526992651
BAD 520606583513
BAD 520606583521
BAD 520606583533
BAD 520606583537
BAD 520528493923
BAD 520528493929
BAD 520528646717
BAD 520528646719
BAD 520530352273
BAD 520610840093
BAD 520530837797
BAD 520611723871
BAD 520611921301
BAD 520611921307
BAD 520611921317
BAD 520532649127
BAD 520534416907
BAD 520534476983
BAD 520535734339
BAD 520618940731
BAD 520619279003
BAD 520756399687
BAD 520760681281
BAD 520766788127
BAD 520403579569
BAD 520407621893
BAD 520407787477
BAD 520455477847
BAD 520408721353
BAD 520456126181
BAD 520456126187
BAD 520460622131
BAD 520460622179
BAD 520460622181
BAD 520460622191
BAD 520689453563
BAD 520689453569
BAD 520689798347
BAD 520689798353
BAD 520504660853
BAD 520693443503
BAD 520465896893
BAD 520465896901
BAD 520695628933
BAD 520467125909
BAD 520467125911
BAD 520512351719
BAD 520512351721
BAD 520512469039
BAD 520512928153
BAD 520512928157
BAD 520698620711
BAD 520699271137
BAD 520575502219
BAD 520575776491
BAD 520558724689
BAD 520621237789
BAD 520418155669
BAD 520418155729
BAD 520558739639
BAD 520558739651
BAD 520558739653
BAD 520701809959
BAD 520701809963
BAD 520418424469
BAD 520559103517
BAD 520514851819
BAD 520622658277
BAD 520515529381
BAD 520515529423
BAD 520560164321
BAD 520560164323
BAD 520560164339
BAD 520560449993
BAD 520515933313
BAD 520515933317
BAD 520587662789
BAD 520588624823
BAD 520564675207
BAD 520627452731
BAD 520627452733
BAD 520565078197
BAD 520565078203
BAD 520565293309
BAD 520589716123
BAD 520545502349
BAD 520581138229
BAD 520590654853
BAD 520567529903
BAD 520631465791
BAD 520673294927
BAD 520673294929
BAD 520673294941
BAD 520632452287
BAD 520549931507
BAD 520550214559
BAD 520550214563
BAD 520593579241
BAD 520593579287
BAD 520675453279
BAD 520634736697
BAD 520634736709
BAD 520551722659
BAD 520722274691
BAD 520722274693
BAD 520722274711
BAD 520722274729
BAD 520722274733
BAD 520722402127
BAD 520723340237
BAD 520723340239
BAD 520723340243
BAD 520597473007
BAD 520679557271
BAD 520679557273
BAD 520724774839
BAD 520680795871
BAD 520726016221
BAD 520726527481
BAD 520726527487
BAD 520682514379
BAD 520682849461
BAD 520639990051
BAD 520683460621
BAD 520683460643
BAD 520640458843
BAD 520640458853
BAD 520640458883
BAD 520602427759
BAD 520731659117
BAD 520732125527
BAD 520732125541
BAD 520735151003
BAD 520644751183
BAD 520644751189
BAD 520646057941
BAD 520647309769
BAD 520647309773
BAD 520737657221
BAD 520648628371
BAD 520650858863
BAD 520651888027
BAD 520653774469
BAD 520773474751
BAD 520773988783
BAD 520705147411
BAD 520795263983
BAD 520706680213
BAD 520796458159
BAD 520796458163
BAD 520796458181
BAD 520796458183
BAD 520796670851
BAD 520796670859
BAD 520796670869
BAD 520796670871
BAD 520707785083
BAD 520707785089
BAD 520707785093
BAD 520708778351
BAD 520708778353
BAD 520708778357
BAD 520783732501
BAD 520783732507
BAD 520709603537
BAD 520709603539
BAD 520709603657
BAD 520709905763
BAD 520800094369
BAD 520802427043
BAD 520713081257
BAD 520713876877
BAD 520804720129
BAD 520716533927
BAD 520716533929
BAD 520739592209
BAD 520739592211
BAD 520659661241
BAD 520745909261
BAD 520745909263
BAD 520745909273
BAD 520748100601
BAD 520750619203
BAD 520750619209
BAD 520752013633
BAD 520809215299
BAD 520810451099
BAD 520810451101
BAD 520810451107
BAD 520810872061
BAD 520815871327
BAD 520831991003
BAD 520831991011
BAD 520833030871
BAD 520833655733
BAD 520818752693
BAD 520834270393
BAD 520835470163
BAD 520839180419
BAD 520835956049
BAD 520835956051
BAD 520836820489
BAD 520836820499
BAD 520836820501
BAD 520836820507
BAD 520873188623
BAD 520874213669
BAD 520874668619
BAD 520846335907
BAD 520874668621
BAD 520874668627
BAD 520851472093
BAD 520880189813
BAD 520852732513
BAD 520899902011
BAD 520880393389
BAD 520854404527
BAD 520883388331
BAD 520885480447
BAD 520855694561
BAD 520855694563
BAD 520859781991
BAD 520871133829
BAD 520871133833
BAD 520871133841
BAD 520911460133
BAD 520913794703
BAD 520921337641
BAD 520921337647
BAD 520921995631
BAD 521160576511
BAD 521164272481
BAD 521166755071
BAD 521166755077
BAD 521173779829
BAD 521144732519
BAD 520942239487
BAD 521057749829
BAD 521057838949
BAD 520943120749
BAD 520944062929
BAD 520945115029
BAD 521150066557
BAD 521150066561
BAD 520990393951
BAD 521061856129
BAD 520973288519
BAD 520991535091
BAD 520974540643
BAD 520974540649
BAD 520974540659
BAD 520948403449
BAD 520948403453
BAD 520948421611
BAD 521065173359
BAD 521065173361
BAD 520994021153
BAD 521065651471
BAD 521066097841
BAD 520950715429
BAD 520977210289
BAD 521154893183
BAD 521008041061
BAD 521008041163
BAD 521008041173
BAD 520953763777
BAD 521008566217
BAD 521156737741
BAD 521156737757
BAD 520983342023
BAD 520983833113
BAD 521012008843
BAD 521025322487
BAD 520924143241
BAD 520924465351
BAD 520925300117
BAD 521015975483
BAD 521027269883
BAD 521027711951
BAD 521028459407
BAD 521028459409
BAD 521028459421
BAD 521028459473
BAD 521018040373
BAD 521021018827
BAD 521021629279
BAD 521021629283
BAD 521021629301
BAD 521021629313
BAD 520932753521
BAD 521036592931
BAD 520934475343
BAD 520934475349
BAD 520934475353
BAD 520934475367
BAD 520934475379
BAD 521038270351
BAD 520935850997
BAD 521039522819
BAD 520937046943
BAD 521090616149
BAD 521090672629
BAD 521090672633
BAD 521094695929
BAD 521095180121
BAD 521041637371
BAD 521044458139
BAD 521086904609
BAD 521087169989
BAD 521089254877
BAD 521055102319
BAD 521055225739
BAD 521174776883
BAD 521174776891
BAD 521177183983
BAD 521127272047
BAD 521120063693
BAD 521203502359
BAD 521203502363
BAD 521181487807
BAD 521129179939
BAD 521183742487
BAD 521130102049
BAD 521185367383
BAD 521185367393
BAD 521185367399
BAD 521133444583
BAD 520960410203
BAD 520961464609
BAD 521186766211
BAD 520961963791
BAD 521137044739
BAD 521138030671
BAD 520967505203
BAD 520971111559
BAD 520971384691
BAD 521259076073
BAD 521259076141
BAD 521259076147
BAD 521260461473
BAD 521261430743
BAD 521268106699
BAD 521268106703
BAD 521269528369
BAD 521269549501
BAD 521269549523
BAD 521271600439
BAD 521245534021
BAD 521245534027
BAD 521248088453
BAD 521252024641
BAD 521275665263
BAD 521254655189
BAD 521254655191
BAD 521255053259
BAD 521256296881
BAD 521257729337
BAD 521257729339
BAD 521226354367
BAD 521226650341
BAD 521227071503
BAD 521211586871
BAD 521211586873
BAD 521287203053
BAD 521229081271
BAD 521229081277
BAD 521213751791
BAD 521213751811
BAD 521213751827
BAD 521213751829
BAD 521290360211
BAD 521232263879
BAD 521232263887
BAD 521217169309
BAD 521217914587
BAD 521218456013
BAD 521219604187
BAD 521222374711
BAD 521323551703
BAD 521324888263
BAD 521324888267
BAD 521324888269
BAD 521324888281
BAD 521292398167
BAD 521292398177
BAD 521301448201
BAD 521301584761
BAD 521325849139
BAD 521327010419
BAD 521336065933
BAD 521351765401
BAD 521340544801
BAD 521355260479
BAD 521356193063
BAD 521358536359
BAD 521358536371
BAD 521392680121
BAD 521393500223
BAD 521361460799
BAD 521361460801
BAD 521396370919
BAD 521396370923
BAD 521396370953
BAD 521454093463
BAD 521454140861
BAD 521454140863
BAD 521454140869
BAD 521454478141
BAD 521454478151
BAD 521363682121
BAD 521363682127
BAD 521397896179
BAD 521398464053
BAD 521399797561
BAD 521400875161
BAD 521400875209
BAD 521458283449
BAD 521369878583
BAD 521471840317
BAD 521410856311
BAD 521369878591
BAD 521471840321
BAD 521410856321
BAD 521427263977
BAD 521427263989
BAD 521427263993
BAD 521427263999
BAD 521472586673
BAD 521472586681
BAD 521472597091
BAD 521428237241
BAD 521459130529
BAD 521371340603
BAD 521413011677
BAD 521372236459
BAD 521474512087
BAD 521373159121
BAD 521475375571
BAD 521373739409
BAD 521374536317
BAD 521416925693
BAD 521416925707
BAD 521408284723
BAD 521417192579
BAD 521418338173
BAD 521419537399
BAD 521421152543
BAD 521422771081
BAD 521440997747
BAD 521424058669
BAD 521424058691
BAD 521424058693
BAD 521424058703
BAD 521424774583
BAD 521424774601
BAD 521424774613
BAD 521424774617
BAD 521425855609
BAD 521594225401
BAD 521477048737
BAD 521530045189
BAD 521493709837
BAD 521479037977
BAD 521479037987
BAD 521479038001
BAD 521561881963
BAD 521479420853
BAD 521479420859
BAD 521479420873
BAD 521597441933
BAD 521598168677
BAD 521598168683
BAD 521532692089
BAD 521600149673
BAD 521534515883
BAD 521534797111
BAD 521600673739
BAD 521535154289
BAD 521535154291
BAD 521535647239
BAD 521536488673
BAD 521536488713
BAD 521537463313
BAD 521537463319
BAD 521537463323
BAD 521501527853
BAD 521545405061
BAD 521545405063
BAD 521486342207
BAD 521502593543
BAD 521570817289
BAD 521512868119
BAD 521504046803
BAD 521571162473
BAD 521512958963
BAD 521504282137
BAD 521607562363
BAD 521387830627
BAD 521387830631
BAD 521513652139
BAD 521389037761
BAD 521491355293
BAD 521551394057
BAD 521551394059
BAD 521506932589
BAD 521506932593
BAD 521516268827
BAD 521517040591
BAD 521576704381
BAD 521508015739
BAD 521508222073
BAD 521553368393
BAD 521559785119
BAD 521577308347
BAD 521581147741
BAD 521581147753
BAD 521581509209
BAD 521581897387
BAD 521581897391
BAD 521581897393
BAD 521582183989
BAD 521582184023
BAD 521583862021
BAD 521583924647
BAD 521583924649
BAD 521611250863
BAD 521611250879
BAD 521585542613
BAD 521585542637
BAD 521586343259
BAD 521586343261
BAD 521614835683
BAD 521616414769
BAD 521616414773
BAD 521616414779
BAD 521616414799
BAD 521617086103
BAD 521592636139
BAD 521617086113
BAD 521592636143
BAD 521592636151
BAD 521617549433
BAD 521593296503
BAD 521593296517
BAD 521593528307
BAD 521619132427
BAD 521619132439
BAD 521619401923
BAD 521619401929
BAD 521623198643
BAD 521623198651
BAD 521623308991
BAD 521625480713
BAD 521626140773
BAD 521685218731
BAD 521685218737
BAD 521685218749
BAD 521685928969
BAD 521685950257
BAD 521653984681
BAD 521693618449
BAD 521693618491
BAD 521662252697
BAD 521667272897
BAD 521667272899
BAD 521667272911
BAD 521669020183
BAD 521672169743
BAD 521672169751
BAD 521673081451
BAD 521674711199
BAD 521675410561
BAD 521675418841
BAD 521676185893
BAD 521632267771
BAD 521638006823
BAD 521638741823
BAD 521639965729
BAD 521639965733
BAD 521639965771
BAD 521640013753
BAD 521640303721
BAD 521696576783
BAD 521697244921
BAD 521699735273
BAD 521702963461
BAD 521704313551
BAD 521707344677
BAD 521707344679
BAD 521709781501
BAD 521709781511
BAD 521714406859
BAD 521719981283
BAD 521725066339
BAD 521746887037
BAD 521749458983
BAD 521750061593
BAD 521752737307
BAD 521729992897
BAD 521734419727
BAD 521735694877
BAD 521759542793
BAD 521759589233
BAD 521759589251
BAD 521737399789
BAD 521738369989
BAD 521761420373
BAD 521739619153
BAD 521741781511
BAD 521742653513
BAD 521743928737
BAD 521900004419
BAD 521900004421
BAD 521900004427
BAD 521908058723
BAD 521908485677
BAD 521908485689
BAD 521812684213
BAD 521816350093
BAD 521816350109
BAD 521816350129
BAD 521816763049
BAD 521765342429
BAD 521765342431
BAD 521780570041
BAD 521784223783
BAD 521784223799
BAD 521770364329
BAD 521784223801
BAD 521770364333
BAD 521770364347
BAD 521770364351
BAD 521829059971
BAD 521825487671
BAD 521826951211
BAD 521827469897
BAD 521980833893
BAD 521981273263
BAD 521828220019
BAD 521801000059
BAD 521802623963
BAD 521802623971
BAD 521836111129
BAD 521776967917
BAD 521804463541
BAD 521984632417
BAD 521787514531
BAD 521787879631
BAD 521787879637
BAD 521788025123
BAD 521788025137
BAD 521788066369
BAD 521788066381
BAD 521985907609
BAD 521808373729
BAD 521808373733
BAD 521843158283
BAD 521810555423
BAD 521811453739
BAD 521811453743
BAD 521811453973
BAD 521854200577
BAD 521854360843
BAD 521854360847
BAD 521854360849
BAD 521793440101
BAD 521793859843
BAD 521793859849
BAD 521794162501
BAD 521794162543
BAD 521991848759
BAD 521991848761
BAD 521994824209
BAD 521994824213
BAD 521996232889
BAD 521996232893
BAD 521914045847
BAD 521914046057
BAD 521914317863
BAD 521914870201
BAD 521914870207
BAD 521964699143
BAD 521964699169
BAD 521929617787
BAD 521932377973
BAD 521932377991
BAD 521934617903
BAD 521934617909
BAD 521935184821
BAD 521924790461
BAD 521924790487
BAD 521924790493
BAD 521864039233
BAD 521975493359
BAD 521975592529
BAD 521865581977
BAD 521936794499
BAD 521936794501
BAD 521948280361
BAD 521948378993
BAD 521927925901
BAD 521938333649
BAD 521978080829
BAD 521978780303
BAD 522047523337
BAD 522047523353
BAD 522047523391
BAD 521939601893
BAD 521939923993
BAD 521939924003
BAD 521979702329
BAD 522049314751
BAD 521941041313
BAD 522050662759
BAD 522016260091
BAD 522051772223
BAD 521872382833
BAD 521957500711
BAD 522052234973
BAD 521999203471
BAD 521872382839
BAD 521942691887
BAD 521872382851
BAD 521872382873
BAD 521942691889
BAD 521942691901
BAD 521872979297
BAD 521873002111
BAD 521873002117
BAD 521880245129
BAD 521959596427
BAD 522036794371
BAD 521944646693
BAD 522001698193
BAD 521881702549
BAD 522022230713
BAD 522022230727
BAD 522022230739
BAD 521883571787
BAD 521883693113
BAD 521883693127
BAD 522022938361
BAD 522023103299
BAD 521877175553
BAD 522005176039
BAD 522006174359
BAD 522006174379
BAD 522006174383
BAD 522006174397
BAD 521887629443
BAD 522042213919
BAD 521889464917
BAD 522027366109
BAD 521891260939
BAD 521892307273
BAD 521892307283
BAD 521892307303
BAD 522011024123
BAD 521892464663
BAD 522067820513
BAD 522069255629
BAD 522076677349
BAD 522082544077
BAD 522084032861
BAD 522084032863
BAD 522085013809
BAD 522090177131
BAD 522091512119
BAD 522091512121
BAD 522091512127
BAD 522091985873
BAD 522119149051
BAD 522123461989
BAD 522128619253
BAD 522149098901
BAD 522149098903
BAD 522150678097
BAD 522156624071
BAD 522168787897
BAD 522159449887
BAD 522159449891
BAD 522159449893
BAD 522160564511
BAD 522163518361
BAD 522163518367
BAD 522177072691
BAD 522177095281
BAD 522177221843
BAD 522177221849
BAD 522399434303
BAD 522402085223
BAD 522402085291
BAD 522386889991
BAD 522409257317
BAD 522484218791
BAD 522484218793
BAD 522485002163
BAD 522412862743
BAD 522414584063
BAD 522388450169
BAD 522395664541
BAD 522395664547
BAD 522395664551
BAD 522396740633
BAD 522452915947
BAD 522454154171
BAD 522454154177
BAD 522454154179
BAD 522454154191
BAD 522464574959
BAD 522464574967
BAD 522416932357
BAD 522416932363
BAD 522419188793
BAD 522232670347
BAD 522258639911
BAD 522258639913
BAD 522423952741
BAD 522259175257
BAD 522259175261
BAD 522423993073
BAD 522259633627
BAD 522259633631
BAD 522259633633
BAD 522424767937
BAD 522424767947
BAD 522424767967
BAD 522237925217
BAD 522237925219
BAD 522237925249
BAD 522238101787
BAD 522132502379
BAD 522182280833
BAD 522426374333
BAD 522426374339
BAD 522426374341
BAD 522132916717
BAD 522133527833
BAD 522440413073
BAD 522185954687
BAD 522478768321
BAD 522240743821
BAD 522263829649
BAD 522185954701
BAD 522430117291
BAD 522185954711
BAD 522185954713
BAD 522185954723
BAD 522430658713
BAD 522241268753
BAD 522243765091
BAD 522243765103
BAD 522442821031
BAD 522442821059
BAD 522135616711
BAD 522443135521
BAD 522135737353
BAD 522135737359
BAD 522135988609
BAD 522189781111
BAD 522481873933
BAD 522481873937
BAD 522482361007
BAD 522482511071
BAD 522137387363
BAD 522482900993
BAD 522482901001
BAD 522482901053
BAD 522288176281
BAD 522289952461
BAD 522290446103
BAD 522290446109
BAD 522291450869
BAD 522291450871
BAD 522144557299
BAD 522146508523
BAD 522146838877
BAD 522146838881
BAD 522146838883
BAD 522294697051
BAD 522352026799
BAD 522354469771
BAD 522354717613
BAD 522367077377
BAD 522217561237
BAD 522319299091
BAD 522319299097
BAD 522368936839
BAD 522368936849
BAD 522368936851
BAD 522358453633
BAD 522370338043
BAD 522370338047
BAD 522359049103
BAD 522332359511
BAD 522332359519
BAD 522321832327
BAD 522265654453
BAD 522224102017
BAD 522265654457
BAD 522307622383
BAD 522265654459
BAD 522307622387
BAD 522307622393
BAD 522372481721
BAD 522224300903
BAD 522336039487
BAD 522224494339
BAD 522224494343
BAD 522363412201
BAD 522336990683
BAD 522198203731
BAD 522520180447
BAD 522311611051
BAD 522313051769
BAD 522377561857
BAD 522229476019
BAD 522229476023
BAD 522271788769
BAD 522341904197
BAD 522341904199
BAD 522201440953
BAD 522201440977
BAD 522523608379
BAD 522343325093
BAD 522203523263
BAD 522203523277
BAD 522276173623
BAD 522205767613
BAD 522205767617
BAD 522526963891
BAD 522207285289
BAD 522207285293
BAD 522278552737
BAD 522347187631
BAD 522347187689
BAD 522211828003
BAD 522213592577
BAD 522213592583
BAD 522213592601
BAD 522214104571
BAD 522508595839
BAD 522533694121
BAD 522534652139
BAD 522534652141
BAD 522535575811
BAD 522537272773
BAD 522537823429
BAD 522567273061
BAD 522542678023
BAD 522567893833
BAD 522568773599
BAD 522569246041
BAD 522569532497
BAD 522569746487
BAD 522569754131
BAD 522545281373
BAD 522546572239
BAD 522546708241
BAD 522547824373
BAD 522573063679
BAD 522573771647
BAD 522573771649
BAD 522573771653
BAD 522575156659
BAD 522575156713
BAD 522576176543
BAD 522576740731
BAD 522576740747
BAD 522580039027
BAD 522582471601
BAD 522583492861
BAD 522554591197
BAD 522557772871
BAD 522560925923
BAD 522564727801
BAD 522564727807
BAD 522564727873
BAD 522565016749
BAD 522601123729
BAD 522601123753
BAD 522602053073
BAD 522609301789
BAD 522612958339
BAD 522588267791
BAD 522588267793
BAD 522588267811
BAD 522588267823
BAD 522615252673
BAD 522616617533
BAD 522588998383
BAD 522588998401
BAD 522595192891
BAD 522597930623
BAD 522597930643
BAD 522665035583
BAD 522902476913
BAD 522903504821
BAD 522905069657
BAD 522905511553
BAD 522906272363
BAD 522908117933
BAD 522908243153
BAD 522911598667
BAD 522618340823
BAD 522914408179
BAD 522916467263
BAD 522886921171
BAD 522624345227
BAD 522624345247
BAD 522626120987
BAD 522891769261
BAD 522896381473
BAD 522898433977
BAD 522899242403
BAD 522901043003
BAD 522901043023
BAD 522902247047
BAD 522919680007
BAD 522921312241
BAD 522925379083
BAD 522925379113
BAD 522927375083
BAD 522927710191
BAD 522928266247
BAD 522735434371
BAD 522818898751
BAD 522736732387
BAD 522736732393
BAD 522820491737
BAD 522740288813
BAD 522822359341
BAD 522873887467
BAD 522741227329
BAD 522741943331
BAD 522877416871
BAD 522752163523
BAD 522743608973
BAD 522744043841
BAD 522878973623
BAD 522826620193
BAD 522635029843
BAD 522754609711
BAD 522746066239
BAD 522746066243
BAD 522828604271
BAD 522828604273
BAD 522668793443
BAD 522757441511
BAD 522669687541
BAD 522757441519
BAD 522757441523
BAD 522749699629
BAD 522687844579
BAD 522706520761
BAD 522750585023
BAD 522707811649
BAD 522707811653
BAD 522641103211
BAD 522762470119
BAD 522710004077
BAD 522710004079
BAD 522674328373
BAD 522762995779
BAD 522762995879
BAD 522711451411
BAD 522644355581
BAD 522644355589
BAD 522645218213
BAD 522645512761
BAD 522712588127
BAD 522712588129
BAD 522712588133
BAD 522696821539
BAD 522767418781
BAD 522767963243
BAD 522767963269
BAD 522767963273
BAD 522786240593
BAD 522698301953
BAD 522698301971
BAD 522698301973
BAD 522698301977
BAD 522716742923
BAD 522716742929
BAD 522716742931
BAD 522700145167
BAD 522649347379
BAD 522854371583
BAD 522855306817
BAD 522771710641
BAD 522771710647
BAD 522771865951
BAD 522836802529
BAD 522790280281
BAD 522790971893
BAD 522773186743
BAD 522683936329
BAD 522773894501
BAD 522773894507
BAD 522773894509
BAD 522858512993
BAD 522722046053
BAD 522793927009
BAD 522793927013
BAD 522776072677
BAD 522805509313
BAD 522859983169
BAD 522807022909
BAD 522796228949
BAD 522796228951
BAD 522724580333
BAD 522724580351
BAD 522724580353
BAD 522843592867
BAD 522797459423
BAD 522797459453
BAD 522797459467
BAD 522808858423
BAD 522798536839
BAD 522798753247
BAD 522798753251
BAD 522845301929
BAD 522727293217
BAD 522780621439
BAD 522780621443
BAD 522845842979
BAD 522810173521
BAD 522728664937
BAD 522847237699
BAD 522847662163
BAD 522812635819
BAD 522815251711
BAD 522955795913
BAD 522956417573
BAD 522960089303
BAD 522960231097
BAD 522960231121
BAD 522962538829
BAD 522967069901
BAD 522967188721
BAD 522970497571
BAD 522971527643
BAD 522975079189
BAD 522980020993
BAD 522983522077
BAD 522983550967
BAD 522983551039
BAD 522983551043
BAD 522983565133
BAD 522983565173
BAD 522983565179
BAD 522937970507
BAD 522937970509
BAD 522943750759
BAD 522946584169
BAD 522946584179
BAD 522948552773
BAD 522948727013
BAD 522948903319
BAD 522951358399
BAD 522951358417
BAD 522951367049
BAD 522951367051
BAD 522951367063
BAD 523003184173
BAD 522992930569
BAD 522992930573
BAD 523005365383
BAD 522993729061
BAD 522993729067
BAD 523008450247
BAD 523008450253
BAD 523008450257
BAD 523008450259
BAD 522997527539
BAD 522997527541
BAD 522999198109
BAD 523002397807
BAD 523002397811
BAD 523011101191
BAD 523011517643
BAD 523034675131
BAD 523035497911
BAD 523035497969
BAD 523017754201
BAD 523055307683
BAD 523057084399
BAD 523058894419
BAD 523061683699
BAD 523061683721
BAD 523065311347
BAD 523065720409
BAD 523067238163
BAD 523068635261
BAD 523068635263
BAD 523092503737
BAD 523096854829
BAD 523097010481
BAD 523103236861
BAD 523320445477
BAD 523038234161
BAD 523038234163
BAD 523321479683
BAD 523074732503
BAD 523078939687
BAD 523043772301
BAD 523079620003
BAD 523079620009
BAD 523080493811
BAD 523080493813
BAD 523080573413
BAD 523045633531
BAD 523050702413
BAD 523050848039
BAD 523188027007
BAD 523206718849
BAD 523258963063
BAD 523258963411
BAD 523207565393
BAD 523163010793
BAD 523164055097
BAD 523208805631
BAD 523209695347
BAD 523263810383
BAD 523263810451
BAD 523168220093
BAD 523168514273
BAD 523247342393
BAD 523267772707
BAD 523267772711
BAD 523247875693
BAD 523247875699
BAD 523222916789
BAD 523222916791
BAD 523181255197
BAD 523181833807
BAD 523270661833
BAD 523249451359
BAD 523249451363
BAD 523249636099
BAD 523113674273
BAD 523201798219
BAD 523203200987
BAD 523115012059
BAD 523115012153
BAD 523185027623
BAD 523253069039
BAD 523253166563
BAD 523253544773
BAD 523117333441
BAD 523186943063
BAD 523124925139
BAD 523125160801
BAD 523229434667
BAD 523229434669
BAD 523140075643
BAD 523140075649
BAD 523229894507
BAD 523271758531
BAD 523272065999
BAD 523272066001
BAD 523272066043
BAD 523272066047
BAD 523131107467
BAD 523274324633
BAD 523274324653
BAD 523131986021
BAD 523131986023
BAD 523131986033
BAD 523234323239
BAD 523275927859
BAD 523237027531
BAD 523136674199
BAD 523136674201
BAD 523136674213
BAD 523136674217
BAD 523147523581
BAD 523282254193
BAD 523283153903
BAD 523283153917
BAD 523290186031
BAD 523149120031
BAD 523291870459
BAD 523291870463
BAD 523151227447
BAD 523152334319
BAD 523152334321
BAD 523294888397
BAD 523294888399
BAD 523297840243
BAD 523301712097
BAD 523322136109
BAD 523304490523
BAD 523325831243
BAD 523329496783
BAD 523336265701
BAD 523358012563
BAD 523361318713
BAD 523361318717
BAD 523361318719
BAD 523361318741
BAD 523361318743
BAD 523361318747
BAD 523361318749
BAD 523361318791
BAD 523362125527
BAD 523362655429
BAD 523363708561
BAD 523370273843
BAD 523370273863
BAD 523370273963
BAD 523370273989
BAD 523370939761
BAD 523375749629
BAD 523381787293
BAD 523381890307
BAD 523381890337
BAD 523382451883
BAD 523382451913
BAD 523382451971
BAD 523382451989
BAD 523384064911
BAD 523384927217
BAD 523387817231
BAD 523387817233
BAD 523339675519
BAD 523340426353
BAD 523341890089
BAD 523341890101
BAD 523341890177
BAD 523343424749
BAD 523344849233
BAD 523344849253
BAD 523344849257
BAD 523344849259
BAD 523352469833
BAD 523352469841
BAD 523353151309
BAD 523355271053
BAD 523391639803
BAD 523395480389
BAD 523395480401
BAD 523395480403
BAD 523395480407
BAD 523395480409
BAD 523396129759
BAD 523406130991
BAD 523396998479
BAD 523398200363
BAD 523400358937
BAD 523409876533
BAD 523401084541
BAD 523401084553
BAD 523401084559
BAD 523414625627
BAD 523414625633
BAD 523414625639
BAD 523429606523
BAD 523403913139
BAD 523433160241
BAD 523433160277
BAD 523436297737
BAD 523436477483
BAD 523438579463
BAD 523438579471
BAD 523444412389
BAD 523452040219
BAD 523455288779
BAD 523455288781
BAD 523455288803
BAD 523459374211
BAD 523464022819
BAD 523466738833
BAD 523466738843
BAD 523467289099
BAD 523472403589
BAD 523472867503
BAD 523472867509
BAD 523472867513
BAD 523741442821
BAD 523743686077
BAD 523743785567
BAD 523744155973
BAD 523475472413
BAD 523475472439
BAD 523478750243
BAD 523478750251
BAD 523478750257
BAD 523478750261
BAD 523750153579
BAD 523753313593
BAD 523757366149
BAD 523757581231
BAD 523486055893
BAD 523486055959
BAD 523493111447
BAD 523495396891
BAD 523496439619
BAD 523496439623
BAD 523497502589
BAD 523499162639
BAD 523499397647
BAD 523625641307
BAD 523503200617
BAD 523508584463
BAD 523508651063
BAD 523508651069
BAD 523626686399
BAD 523524737119
BAD 523575240173
BAD 523524737123
BAD 523557415951
BAD 523627844591
BAD 523504768471
BAD 523509957433
BAD 523505325727
BAD 523628993159
BAD 523526987089
BAD 523658072789
BAD 523658072809
BAD 523658072813
BAD 523560326857
BAD 523659083377
BAD 523724738189
BAD 523724738191
BAD 523542515329
BAD 523542515339
BAD 523542515341
BAD 523724900521
BAD 523659552541
BAD 523691842207
BAD 523691842253
BAD 523676827753
BAD 523676827771
BAD 523594985857
BAD 523594985861
BAD 523692498557
BAD 523692498559
BAD 523543506631
BAD 523529503207
BAD 523543581893
BAD 523634361647
BAD 523693747573
BAD 523544290583
BAD 523679026853
BAD 523679026859
BAD 523679026861
BAD 523580245697
BAD 523694770609
BAD 523635659137
BAD 523635659143
BAD 523695159023
BAD 523636048339
BAD 523636048343
BAD 523531567739
BAD 523531567751
BAD 523531567753
BAD 523662198281
BAD 523565150959
BAD 523641264061
BAD 523715899909
BAD 523715899913
BAD 523680362371
BAD 523680362377
BAD 523696367941
BAD 523546417957
BAD 523546417963
BAD 523546417967
BAD 523546417969
BAD 523697077139
BAD 523641976381
BAD 523732621343
BAD 523664038243
BAD 523641976387
BAD 523732621441
BAD 523546417973
BAD 523641976391
BAD 523697077147
BAD 523719036593
BAD 523582717003
BAD 523602726679
BAD 523642110811
BAD 523719372511
BAD 523684837883
BAD 523697766853
BAD 523720480579
BAD 523604095577
BAD 523604095579
BAD 523604155103
BAD 523571377411
BAD 523698800533
BAD 523665470983
BAD 523665470987
BAD 523605351083
BAD 523687969139
BAD 523585837829
BAD 523585837837
BAD 523689364217
BAD 523735489657
BAD 523551574789
BAD 523702839607
BAD 523736519659
BAD 523648423877
BAD 523588985503
BAD 523588985509
BAD 523552838093
BAD 523552838117
BAD 523552838119
BAD 523737816947
BAD 523737816949
BAD 523553543059
BAD 523671264211
BAD 523650261223
BAD 523650261227
BAD 523650261229
BAD 523650459727
BAD 523650459743
BAD 523650459749
BAD 523650459751
BAD 523554754189
BAD 523554754193
BAD 523740053413
BAD 523673214523
BAD 523707307493
BAD 523707573689
BAD 523707573691
BAD 523654026307
BAD 523609119181
BAD 523611728093
BAD 523613709691
BAD 523619457623
BAD 523621645873
BAD 523762344451
BAD 523767134281
BAD 523767134287
BAD 523771545601
BAD 523771950979
BAD 523772328083
BAD 523812220669
BAD 523813668023
BAD 523813668127
BAD 523813668139
BAD 523813668143
BAD 523776972899
BAD 523777220693
BAD 523777457251
BAD 523823058281
BAD 523823088301
BAD 523823232353
BAD 523781266871
BAD 523781266873
BAD 523823549033
BAD 523787770903
BAD 523788657649
BAD 523788720953
BAD 523793289067
BAD 523793415661
BAD 523793415667
BAD 523795746889
BAD 523795746893
BAD 523795746899
BAD 523796470291
BAD 523796470303
BAD 523826410259
BAD 523826410279
BAD 523827816529
BAD 523801056283
BAD 523837806007
BAD 523837806439
BAD 523837890637
BAD 523838044141
BAD 523838044159
BAD 523838775469
BAD 523840107799
BAD 523808414693
BAD 523842042721
BAD 523842042743
BAD 523848359003
BAD 523848616693
BAD 523849594363
BAD 523852526737
BAD 524111546747
BAD 524111801281
BAD 524114745683
BAD 524116188067
BAD 524117181073
BAD 524125652917
BAD 524125652923
BAD 524128235437
BAD 524135477993
BAD 524136640253
BAD 524137942429
BAD 524140147913
BAD 524141382463
BAD 524141382473
BAD 524142797291
BAD 523896175073
BAD 523926466081
BAD 524079528701
BAD 524079528703
BAD 523875629477
BAD 524080170643
BAD 523878552233
BAD 524082068791
BAD 524094740671
BAD 523904245507
BAD 523904245519
BAD 523904245523
BAD 523879435153
BAD 523879435249
BAD 524096398439
BAD 524096642843
BAD 524029851311
BAD 524029851313
BAD 524029851337
BAD 524029851349
BAD 524029851353
BAD 524029887793
BAD 523906413229
BAD 523907151337
BAD 523907170783
BAD 524030469211
BAD 524098180387
BAD 523907752339
BAD 524098976143
BAD 524098976147
BAD 524098976153
BAD 524099890033
BAD 524085314941
BAD 523885194901
BAD 523885194947
BAD 523885194949
BAD 523885194953
BAD 523885194983
BAD 524086066223
BAD 524086575121
BAD 524088667231
BAD 523976642477
BAD 523976642479
BAD 524036808479
BAD 524036808481
BAD 524036808497
BAD 524036808499
BAD 523940895703
BAD 523941829711
BAD 523891542641
BAD 523941829717
BAD 523941857381
BAD 524092994393
BAD 524039457079
BAD 524039457091
BAD 523981113077
BAD 523981961149
BAD 523981961159
BAD 523981961161
BAD 524040816883
BAD 524164961587
BAD 523984193449
BAD 524165805043
BAD 524165819479
BAD 524062412791
BAD 524062412803
BAD 524062432753
BAD 524062432763
BAD 524062432771
BAD 524062432781
BAD 524062432783
BAD 524062432787
BAD 523985070517
BAD 524167847089
BAD 524065000973
BAD 524065000981
BAD 524168516359
BAD 524065403837
BAD 524065403839
BAD 523912047751
BAD 524067826739
BAD 524173421437
BAD 524174113861
BAD 523991547559
BAD 524013763183
BAD 523914791641
BAD 524069556083
BAD 524014424797
BAD 523942830673
BAD 523943032709
BAD 524177318747
BAD 524177318767
BAD 524177318779
BAD 524177318893
BAD 524017436303
BAD 523999365871
BAD 523919045071
BAD 523919045081
BAD 523919612857
BAD 524018473123
BAD 524018473133
BAD 524001697741
BAD 523921840963
BAD 524075739667
BAD 523925170807
BAD 523951069409
BAD 523951069441
BAD 524147642509
BAD 523925831927
BAD 524024614969
BAD 524024614973
BAD 524148036397
BAD 524148048121
BAD 524050634143
BAD 524076767791
BAD 524007039139
BAD 524050634153
BAD 524149721021
BAD 524150574691
BAD 524150574697
BAD 523962025681
BAD 523955647727
BAD 523955647729
BAD 524155417501
BAD 524155417507
BAD 524155417519
BAD 524156217469
BAD 524248347671
BAD 523972989233
BAD 524249559143
BAD 524249559157
BAD 524249707733
BAD 524228706401
BAD 524228706403
BAD 524230711267
BAD 524231135123
BAD 524254998233
BAD 524255309161
BAD 524256399307
BAD 524234819309
BAD 524236497871
BAD 524243930887
BAD 524244613621
BAD 524178920467
BAD 524181016861
BAD 524184894529
BAD 524184894533
BAD 524195661991
BAD 524187373673
BAD 524187373693
BAD 524190123263
BAD 524190123271
BAD 524190123277
BAD 524190364993
BAD 524199159479
BAD 524199159481
BAD 524200519621
BAD 524212529723
BAD 524224213399
BAD 524226336121
BAD 524226805499
BAD 524262749999
BAD 524265113329
BAD 524266323743
BAD 524269802093
BAD 524271182629
BAD 524273522243
BAD 524274635281
BAD 524274635299
BAD 524277949781
BAD 524279937199
BAD 524280646111
BAD 524281845959
BAD 524281845961
BAD 524285916181
BAD 524285916257
BAD 524292648343
BAD 524293512031
BAD 524293512037
BAD 524295192607
BAD 524295192613
BAD 524295222181
BAD 524295827791
BAD 524296014421
BAD 524298086731
BAD 524298870779
BAD 524302546871
BAD 524302546883
BAD 524304448037
BAD 524304448039
BAD 524309014517
BAD 524309014519
BAD 524584643761
BAD 524588266651
BAD 524589456757
BAD 524593297939
BAD 524648961281
BAD 524650563623
BAD 524651862677
BAD 524316211541
BAD 524316211543
BAD 524316211597
BAD 524655196889
BAD 524655346151
BAD 524655346153
BAD 524655346157
BAD 524320568713
BAD 524321151323
BAD 524322252317
BAD 524322252319
BAD 524660125373
BAD 524660620249
BAD 524661719089
BAD 524325317693
BAD 524325890287
BAD 524631550951
BAD 524635458733
BAD 524637067231
BAD 524482891769
BAD 524482891771
BAD 524484160919
BAD 524484410479
BAD 524486873797
BAD 524486873873
BAD 524329712381
BAD 524329712383
BAD 524619892369
BAD 524622305329
BAD 524623754827
BAD 524623794371
BAD 524334482003
BAD 524334654169
BAD 524334738163
BAD 524413365589
BAD 524335981207
BAD 524491972981
BAD 524599883999
BAD 524626297267
BAD 524416380043
BAD 524599884001
BAD 524416655941
BAD 524626780999
BAD 524416812919
BAD 524493300293
BAD 524493300299
BAD 524418022801
BAD 524494815253
BAD 524495188691
BAD 524495899399
BAD 524338317103
BAD 524338317109
BAD 524607971233
BAD 524423165573
BAD 524423165587
BAD 524423456033
BAD 524537648797
BAD 524537648801
BAD 524537648809
BAD 524538900577
BAD 524538900593
BAD 524538900637
BAD 524539500241
BAD 524424715741
BAD 524425464653
BAD 524425710103
BAD 524397032191
BAD 524610651083
BAD 524610651091
BAD 524398082489
BAD 524403259771
BAD 524387909233
BAD 524387909237
BAD 524387909239
BAD 524388004873
BAD 524389548679
BAD 524389625729
BAD 524389625731
BAD 524391899461
BAD 524520093893
BAD 524466692791
BAD 524466692807
BAD 524466692809
BAD 524524186469
BAD 524524186471
BAD 524468383939
BAD 524469974629
BAD 524527492991
BAD 524527624561
BAD 524527624571
BAD 524527624573
BAD 524527624661
BAD 524528475943
BAD 524364955943
BAD 524365581637
BAD 524365581643
BAD 524348097409
BAD 524349582011
BAD 524475367237
BAD 524369780171
BAD 524497712033
BAD 524497712051
BAD 524354009299
BAD 524564735083
BAD 524499762653
BAD 524354127007
BAD 524500146563
BAD 524500146571
BAD 524547113837
BAD 524501664569
BAD 524501664571
BAD 524356680073
BAD 524356856227
BAD 524548846463
BAD 524429497483
BAD 524429497489
BAD 524549459011
BAD 524549459053
BAD 524429877421
BAD 524551241821
BAD 524431787461
BAD 524571917827
BAD 524434595819
BAD 524434595821
BAD 524508412039
BAD 524509124753
BAD 524557061603
BAD 524509179653
BAD 524446254187
BAD 524511179813
BAD 524559654559
BAD 524448094141
BAD 524559654571
BAD 524448094153
BAD 524560427033
BAD 524512733939
BAD 524451422353
BAD 524458059431
BAD 524460045601
BAD 524664395581
BAD 524665828261
BAD 524667728161
BAD 524667728171
BAD 524667728173
BAD 524667728177
BAD 524679541423
BAD 524679729863
BAD 524679729883
BAD 524682058777
BAD 524689640809
BAD 524689795549
BAD 524691765133
BAD 524696340607
BAD 524696340611
BAD 524698021391
BAD 524698021399
BAD 524699523833
BAD 524699523877
BAD 524708714953
BAD 524708714963
BAD 524708714969
BAD 524709392209
BAD 524709392213
BAD 524711947861
BAD 524714158867
BAD 524714158879
BAD 524714468149
BAD 524714468153
BAD 524714748559
BAD 524714748563
BAD 524715154193
BAD 524718908071
BAD 524720894389
BAD 524727299303
BAD 524727572507
BAD 524727572513
BAD 524728068841
BAD 524730723323
BAD 524767013401
BAD 524778204421
BAD 524780284663
BAD 524780284673
BAD 524865906361
BAD 524835680933
BAD 524835859843
BAD 524835859861
BAD 524871303941
BAD 524835859883
BAD 524871798653
BAD 524837025577
BAD 524875368793
BAD 524875501751
BAD 524876229247
BAD 524876498467
BAD 524879163631
BAD 524879163637
BAD 524841422299
BAD 524732006077
BAD 524732575909
BAD 524846337109
BAD 524737002091
BAD 524737513423
BAD 524737513427
BAD 524737513429
BAD 524741545831
BAD 524742139709
BAD 524747128219
BAD 524747128237
BAD 525033818513
BAD 525035361979
BAD 525037777307
BAD 525037777309
BAD 525039950753
BAD 525042030631
BAD 525044922343
BAD 524750164009
BAD 524750164013
BAD 524750641007
BAD 524750641013
BAD 524755866473
BAD 524756567233
BAD 524756600521
BAD 524756600527
BAD 524756600629
BAD 524756600633
BAD 524757069703
BAD 524782888051
BAD 524783386433
BAD 524786322199
BAD 524762366269
BAD 524762366273
BAD 524788944931
BAD 524763531473
BAD 524791251797
BAD 524791251799
BAD 524791251811
BAD 524795245369
BAD 524796193657
BAD 524796193723
BAD 524797522343
BAD 524848899167
BAD 524848899173
BAD 524849450093
BAD 524850128273
BAD 524853792949
BAD 525052222913
BAD 524855171083
BAD 524857358639
BAD 524857857263
BAD 524860214449
BAD 524860214453
BAD 524801731567
BAD 524863232087
BAD 524826509573
BAD 524826509609
BAD 524826509611
BAD 524885946349
BAD 524808598511
BAD 524808598513
BAD 524932814999
BAD 525065307803
BAD 524889540523
BAD 524889808379
BAD 524889808381
BAD 524968153169
BAD 524968153189
BAD 524811512839
BAD 524811512843
BAD 525019780603
BAD 525019780613
BAD 524812187597
BAD 524970065357
BAD 525020633197
BAD 524895078251
BAD 524938704139
BAD 524971133719
BAD 524971425233
BAD 524896481597
BAD 525022364003
BAD 524940196073
BAD 524897067859
BAD 524897688683
BAD 524940907973
BAD 524973628063
BAD 525023876593
BAD 524974486919
BAD 524974486921
BAD 524974855579
BAD 524974855597
BAD 524974855633
BAD 525026070029
BAD 525026070031
BAD 524951125553
BAD 525000043079
BAD 525000043097
BAD 525001156087
BAD 525001156091
BAD 524953167737
BAD 524978234119
BAD 525001872223
BAD 524954015669
BAD 524954015671
BAD 525002339243
BAD 525002532751
BAD 524947334221
BAD 524980432373
BAD 524980730203
BAD 525004585817
BAD 524948883133
BAD 524957678153
BAD 524957678159
BAD 524986031113
BAD 524986031123
BAD 524986872143
BAD 524986872149
BAD 524908588801
BAD 524908919929
BAD 524908919933
BAD 524908919939
BAD 524988398173
BAD 524988398411
BAD 524988398413
BAD 524920012517
BAD 524988857089
BAD 524988857093
BAD 524910094493
BAD 524989397209
BAD 524989397213
BAD 524921217463
BAD 525010902203
BAD 525010902209
BAD 524911276069
BAD 524912845313
BAD 524994210187
BAD 524927194193
BAD 524931100469
BAD 524931100471
BAD 524997652189
BAD 524997659971
BAD 525068509891
BAD 525079994129
BAD 525080038883
BAD 525080038891
BAD 525080038913
BAD 525080038927
BAD 525081516809
BAD 525081516811
BAD 525081516821
BAD 525081516823
BAD 525082426291
BAD 525083563759
BAD 525089278321
BAD 525089278339
BAD 525093176299
BAD 525093176303
BAD 525098082991
BAD 525098340989
BAD 525098341021
BAD 525099807649
BAD 525099807653
BAD 525103103429
BAD 525103103431
BAD 525117496471
BAD 525106292287
BAD 525106292297
BAD 525106292299
BAD 525106292309
BAD 525122474609
BAD 525106292311
BAD 525106292317
BAD 525108438823
BAD 525108438839
BAD 525108438913
BAD 525108606109
BAD 525111043399
BAD 525111043463
BAD 525112396201
BAD 525112396231
BAD 525112396243
BAD 525115840313
BAD 525138506663
BAD 525138811303
BAD 525140902849
BAD 525140902859
BAD 525140902861
BAD 525142466411
BAD 525142466413
BAD 525149277283
BAD 525149277287
BAD 525149917939
BAD 525175757461
BAD 525150817351
BAD 525152743711
BAD 525156631081
BAD 525157152473
BAD 525164954519
BAD 525164954521
BAD 525164954569
BAD 525166510207
BAD 525166510223
BAD 525185944279
BAD 525193191469
BAD 525193191473
BAD 525194500993
BAD 525194500997
BAD 525475698833
BAD 525477604139
BAD 525477604147
BAD 525478543801
BAD 525339009989
BAD 525339009991
BAD 525345469111
BAD 525346777729
BAD 525234724711
BAD 525235112873
BAD 525351252163
BAD 525351252169
BAD 525218635597
BAD 525222178909
BAD 525251254163
BAD 525224717783
BAD 525227392759
BAD 525227564843
BAD 525227740117
BAD 525229327531
BAD 525229327541
BAD 525285089699
BAD 525204370321
BAD 525285089701
BAD 525285880901
BAD 525233817629
BAD 525233817631
BAD 525293248567
BAD 525293414929
BAD 525214601243
BAD 525447938263
BAD 525388903267
BAD 525450172411
BAD 525450172417
BAD 525389209759
BAD 525389587897
BAD 525390305863
BAD 525390751463
BAD 525421717459
BAD 525421717463
BAD 525487669099
BAD 525302807167
BAD 525302807189
BAD 525253130797
BAD 525268944883
BAD 525393782609
BAD 525393782611
BAD 525269550563
BAD 525269550593
BAD 525373854893
BAD 525395630167
BAD 525395630171
BAD 525306153469
BAD 525395630173
BAD 525492854129
BAD 525492854153
BAD 525492854167
BAD 525307047271
BAD 525402916939
BAD 525402916943
BAD 525307488593
BAD 525257524313
BAD 525375915209
BAD 525403489867
BAD 525308236223
BAD 525403745903
BAD 525428622949
BAD 525495781009
BAD 525405488501
BAD 525405488527
BAD 525429713071
BAD 525453950743
BAD 525453950761
BAD 525429815203
BAD 525378485861
BAD 525310189979
BAD 525310189981
BAD 525261005839
BAD 525379145783
BAD 525276175703
BAD 525319282771
BAD 525312208963
BAD 525312208969
BAD 525498552833
BAD 525278175841
BAD 525278616937
BAD 525278616983
BAD 525278616991
BAD 525409657417
BAD 525520191697
BAD 525279652243
BAD 525279864553
BAD 525314639063
BAD 525382499053
BAD 525382499077
BAD 525521125373
BAD 525521125379
BAD 525322645129
BAD 525322645193
BAD 525322645201
BAD 525280933069
BAD 525502479487
BAD 525502479499
BAD 525412284127
BAD 525502910873
BAD 525317190997
BAD 525460104571
BAD 525385148557
BAD 525283014041
BAD 525283014043
BAD 525524473283
BAD 525267941017
BAD 525415548131
BAD 525415882171
BAD 525526450027
BAD 525463661353
BAD 525463661357
BAD 525418063679
BAD 525418063699
BAD 525329977061
BAD 525329977063
BAD 525329977079
BAD 525357633617
BAD 525331534823
BAD 525359143513
BAD 525334472813
BAD 525362994323
BAD 525532372759
BAD 525534657469
BAD 525505473499
BAD 525505906903
BAD 525505907039
BAD 525505907041
BAD 525507871673
BAD 525507871753
BAD 525508260349
BAD 525515603003
BAD 525515895941
BAD 525515895943
BAD 525515895959
BAD 525515895967
BAD 525515895979
BAD 525515995891
BAD 525554487611
BAD 525562002773
BAD 525564926927
BAD 525564926933
BAD 525565259257
BAD 525568007317
BAD 525568007323
BAD 525573646337
BAD 525576843949
BAD 525579486589
BAD 525580607611
BAD 525580864849
BAD 525582744619
BAD 525582744637
BAD 525584370769
BAD 525537487217
BAD 525537487219
BAD 525551026381
BAD 525589570393
BAD 525593494849
BAD 525597379927
BAD 525597930331
BAD 525597930359
BAD 525598436969
BAD 525606316243
BAD 525606316247
BAD 525606316253
BAD 525615555061
BAD 525615555079
BAD 525617577031
BAD 525618864007
BAD 525618905963
BAD 525721033111
BAD 525721055683
BAD 525721055687
BAD 525721055689
BAD 525724205351
BAD 525724205353
BAD 525724336273
BAD 525725466001
BAD 525841243639
BAD 525727441643
BAD 525727441649
BAD 525727441651
BAD 525929896259
BAD 525929896279
BAD 525929896309
BAD 525930887413
BAD 525849281371
BAD 525934593307
BAD 525850974589
BAD 525850974599
BAD 525850974601
BAD 525735669413
BAD 525935831227
BAD 525852434719
BAD 525852434753
BAD 525852434759
BAD 525852434761
BAD 525907242743
BAD 525907257619
BAD 525907574011
BAD 525916283483
BAD 525658597117
BAD 525662884081
BAD 525620590093
BAD 525665027297
BAD 525665027299
BAD 525665750899
BAD 525665990581
BAD 525623631097
BAD 525623773001
BAD 525625035263
BAD 525669367337
BAD 525637191319
BAD 525636471491
BAD 525636471499
BAD 525639231713
BAD 525644103043
BAD 525647150803
BAD 525648047017
BAD 525648047027
BAD 525804926303
BAD 525805356029
BAD 525805356031
BAD 525788213851
BAD 525809893013
BAD 525809893027
BAD 525811388741
BAD 525811388743
BAD 525799257323
BAD 525799257329
BAD 525799257331
BAD 525688286161
BAD 525743165443
BAD 525743165471
BAD 525743602303
BAD 525875618533
BAD 525876302911
BAD 525876302927
BAD 525876302929
BAD 525802043873
BAD 525690141577
BAD 525690141583
BAD 525830445863
BAD 525830445871
BAD 525830445887
BAD 525830445893
BAD 525691095583
BAD 525890221099
BAD 525832087933
BAD 525748192331
BAD 525693271273
BAD 525694027501
BAD 525674970979
BAD 525695748857
BAD 525695748859
BAD 525862522841
BAD 525696620167
BAD 525863334553
BAD 525820943839
BAD 525754301927
BAD 525697734293
BAD 525754301929
BAD 525864768707
BAD 525864768719
BAD 525864768721
BAD 525864768727
BAD 525864768733
BAD 525864768739
BAD 525680153239
BAD 525900408899
BAD 525885239027
BAD 525885239029
BAD 525885388627
BAD 525866480179
BAD 525866814689
BAD 525866814691
BAD 525866814703
BAD 525868342099
BAD 525771582883
BAD 525771582901
BAD 525706442693
BAD 525708822281
BAD 525708822283
BAD 525776347867
BAD 525711262763
BAD 525713464207
BAD 525781352417
BAD 525715744909
BAD 525782922499
BAD 525782922503
BAD 525755077193
BAD 525719164591
BAD 525719164601
BAD 525719164603
BAD 525720956317
BAD 525720956333
BAD 525760285543
BAD 525760285549
BAD 525760285553
BAD 525762799217
BAD 525764339299
BAD 525764983111
BAD 525769314899
BAD 525769314901
BAD 525770716921
BAD 525943498189
BAD 525944228791
BAD 525948552407
BAD 525950060663
BAD 525956890619
BAD 525956890621
BAD 525973129463
BAD 525951810133
BAD 525958173283
BAD 525974891861
BAD 525974891863
BAD 525954594667
BAD 525975673973
BAD 525964086469
BAD 525976814269
BAD 525976814371
BAD 525966462953
BAD 525955476149
BAD 525955476187
BAD 525968444413
BAD 525970068269
BAD 525970068271
BAD 525971434741
BAD 525971434789
BAD 525971434799
BAD 525971434801
BAD 525981094049
BAD 525981173593
BAD 525983065193
BAD 525988641427
BAD 526006939357
BAD 526006939361
BAD 526010629387
BAD 526017233879
BAD 526017233881
BAD 525990886349
BAD 526000906309
BAD 526002290579
BAD 526003952989
BAD 526003952993
BAD 526041619177
BAD 526041989513
BAD 526073685383
BAD 526075114237
BAD 526075114241
BAD 526046606093
BAD 526047040777
BAD 526047809393
BAD 526047969347
BAD 526047969353
BAD 526058674459
BAD 526048198097
BAD 526080127103
BAD 526080127109
BAD 526080581023
BAD 526080581029
BAD 526052881073
BAD 526053589987
BAD 526053589993
BAD 526083169009
BAD 526083169013
BAD 526083169019
BAD 526083169021
BAD 526083952621
BAD 526067852593
BAD 526088048723
BAD 526088530939
BAD 526088530951
BAD 526112452583
BAD 526113469643
BAD 526121029883
BAD 526029438691
BAD 526032585823
BAD 526032585863
BAD 526137215141
BAD 526137215143
BAD 526036644283
BAD 526038259183
BAD 526096548541
BAD 526096548557
BAD 526096548559
BAD 526096548647
BAD 526098386293
BAD 526098386311
BAD 526100548489
BAD 526258847137
BAD 526192291531
BAD 526261044013
BAD 526261044019
BAD 526261044031
BAD 526336355659
BAD 526336355663
BAD 526336355669
BAD 526265860963
BAD 526198245421
BAD 526198245431
BAD 526198749553
BAD 526159001453
BAD 526199390477
BAD 526338113333
BAD 526160043259
BAD 526175328473
BAD 526175985677
BAD 526270223183
BAD 526163207389
BAD 526272708289
BAD 526312352417
BAD 526181105003
BAD 526181920217
BAD 526183641569
BAD 526314569653
BAD 526316113249
BAD 526316113261
BAD 526186100543
BAD 526186100551
BAD 526187158201
BAD 526233159379
BAD 526319326399
BAD 526190762921
BAD 526320614467
BAD 526236164341
BAD 526173270509
BAD 526238443127
BAD 526324623767
BAD 526241003699
BAD 526276208779
BAD 526277473039
BAD 526277852209
BAD 526280537873
BAD 526143323843
BAD 526143323857
BAD 526143323861
BAD 526143323863
BAD 526145841877
BAD 526213682851
BAD 526288103989
BAD 526288103993
BAD 526288104011
BAD 526289105143
BAD 526289105149
BAD 526290690923
BAD 526218445843
BAD 526149634291
BAD 526221128417
BAD 526154199169
BAD 526154199173
BAD 526249261651
BAD 526252723343
BAD 526402615579
BAD 526254019283
BAD 526257778603
BAD 526297249171
BAD 526297249183
BAD 526298719403
BAD 526299756193
BAD 526299756197
BAD 526305401779
BAD 526361757451
BAD 526366486033
BAD 526371658363
BAD 526372078069
BAD 526372078081
BAD 526375523647
BAD 526383480677
BAD 526409220277
BAD 526385387513
BAD 526385387519
BAD 526427521289
BAD 526427521313
BAD 526387294813
BAD 526387308019
BAD 526429119683
BAD 526429119691
BAD 526387932053
BAD 526412317489
BAD 526390190311
BAD 526390664357
BAD 526390664363
BAD 526344689971
BAD 526344949381
BAD 526344949399
BAD 526417745999
BAD 526418234233
BAD 526349769937
BAD 526351808371
BAD 526352072479
BAD 526352123083
BAD 526352123093
BAD 526352419133
BAD 526352419139
BAD 526352419141
BAD 526352419189
BAD 526352607569
BAD 526353523601
BAD 526353523603
BAD 526461220823
BAD 526461750769
BAD 526357818499
BAD 526467836593
BAD 526468352413
BAD 526469059073
BAD 526469059079
BAD 526469478397
BAD 526472824531
BAD 526473666227
BAD 526448250481
BAD 526452921781
BAD 526456457101
BAD 526477578889
BAD 526527006017
BAD 526527070943
BAD 526486055521
BAD 526486332067
BAD 526486460581
BAD 526488261857
BAD 526491261031
BAD 526494048527
BAD 526494073519
BAD 526494073529
BAD 526494073531
BAD 526533305099
BAD 526533305101
BAD 526533785431
BAD 526533785447
BAD 526533855319
BAD 526534194467
BAD 526534194469
BAD 526534423319
BAD 526534423321
BAD 526534423357
BAD 526496641771
BAD 526535754533
BAD 526498346329
BAD 526498346333
BAD 526539009121
BAD 526540219531
BAD 526540219537
BAD 526540688783
BAD 526505121271
BAD 526505659117
BAD 526516126379
BAD 526519887427
BAD 526610406199
BAD 526616185661
BAD 526616557399
BAD 526618343443
BAD 526560656653
BAD 526560656683
BAD 526618761901
BAD 526563730969
BAD 526577474099
BAD 526567458737
BAD 526578730673
BAD 526578730721
BAD 526570142633
BAD 526578730723
BAD 526578730751
BAD 526628612171
BAD 526579352447
BAD 526579352449
BAD 526571142913
BAD 526571643853
BAD 526571643901
BAD 526575762199
BAD 526586551093
BAD 526587197243
BAD 526587197249
BAD 526593898561
BAD 526594727213
BAD 526597644553
BAD 526597644569
BAD 526597644571
BAD 526597644577
BAD 526591437613
BAD 526647670823
BAD 526601234779
BAD 526602039133
BAD 526602039151
BAD 526602039157
BAD 526602350299
BAD 526602677039
BAD 526605387613
BAD 526605387667
BAD 526605387673
BAD 526652535427
BAD 526653172237
BAD 526606631921
BAD 526606631923
BAD 526606631927
BAD 526607044861
BAD 526654395613
BAD 526654395671
BAD 526654395677
BAD 526654395679
BAD 526655665531
BAD 526655665537
BAD 526656415039
BAD 526609924039
BAD 526657451689
BAD 526657451699
BAD 526657451701
BAD 526657451743
BAD 526736030809
BAD 526736830771
BAD 526736830783
BAD 526737218339
BAD 526738252987
BAD 526741749769
BAD 526713516947
BAD 526713516949
BAD 526715632243
BAD 526716076613
BAD 526716076619
BAD 526716076637
BAD 526719498499
BAD 526724468219
BAD 526724779351
BAD 526725750209
BAD 526725750211
BAD 526725750217
BAD 526725750227
BAD 526725816347
BAD 526725816349
BAD 526660605847
BAD 526662629189
BAD 526667305001
BAD 526667668013
BAD 526667668027
BAD 526667780503
BAD 526671738713
BAD 526677136637
BAD 526677136639
BAD 526553843219
BAD 526554138073
BAD 526554138079
BAD 526554138083
BAD 526757591051
BAD 526555656833
BAD 526680908491
BAD 526697534689
BAD 526685574301
BAD 526814606743
BAD 526795703053
BAD 526700726483
BAD 526796452979
BAD 526796452981
BAD 526689694549
BAD 526705060883
BAD 526705459573
BAD 526705459597
BAD 526693231943
BAD 526816541341
BAD 526818375091
BAD 526803487549
BAD 526804202399
BAD 526821524573
BAD 526821703459
BAD 526824845731
BAD 526806013483
BAD 526806942143
BAD 526828264933
BAD 526828264939
BAD 526808990683
BAD 526808990699
BAD 526809563747
BAD 526830836563
BAD 526834408433
BAD 526840353181
BAD 526844408291
BAD 526895686223
BAD 526895686253
BAD 526895730169
BAD 526895730173
BAD 526895897713
BAD 526895897719
BAD 526899896543
BAD 526781361103
BAD 526781394833
BAD 526781394883
BAD 526902864427
BAD 526782285319
BAD 526904118913
BAD 526904118919
BAD 526904466149
BAD 526904466157
BAD 526908159097
BAD 526908159101
BAD 526908159103
BAD 526908859249
BAD 526908859273
BAD 526908859339
BAD 526910066281
BAD 526910445979
BAD 526910445983
BAD 526910446039
BAD 526910446043
BAD 526773675167
BAD 526911265759
BAD 526911796577
BAD 526794512401
BAD 526882705429
BAD 526882705441
BAD 526884110899
BAD 526888485121
BAD 526888624159
BAD 526895243999
BAD 526923319099
BAD 526926963833
BAD 526929475223
BAD 526929475229
BAD 526929475231
BAD 526846809221
BAD 526847753759
BAD 526847753791
BAD 526851755197
BAD 526851755201
BAD 526851755203
BAD 526934466133
BAD 526934475737
BAD 526934475757
BAD 526934475763
BAD 526851789493
BAD 526852002409
BAD 526852002449
BAD 526852002451
BAD 526935228641
BAD 526854848893
BAD 526856296147
BAD 526938187357
BAD 526938187361
BAD 526857901357
BAD 526939927489
BAD 526941566873
BAD 526863418537
BAD 526863418541
BAD 526861685887
BAD 526863524353
BAD 526866697769
BAD 526866697771
BAD 526872541627
BAD 526873397431
BAD 527013676531
BAD 527013676543
BAD 526979611063
BAD 526980815377
BAD 527016218263
BAD 526981098901
BAD 526981098937
BAD 527016673943
BAD 527016673949
BAD 527016673951
BAD 527016673973
BAD 527016673987
BAD 527016674017
BAD 526982118337
BAD 526982290469
BAD 526953785023
BAD 526953785027
BAD 526953785053
BAD 527019795193
BAD 527021756771
BAD 527021756773
BAD 527021756777
BAD 527021893639
BAD 526958465723
BAD 526986548009
BAD 526958465731
BAD 526986548017
BAD 526987600483
BAD 526987600493
BAD 526987600501
BAD 526987839743
BAD 526987839757
BAD 526990177081
BAD 527033026279
BAD 527033026283
BAD 526964057251
BAD 527036490091
BAD 526966910971
BAD 526966910989
BAD 527037577817
BAD 527037577819
BAD 527037577823
BAD 527038373791
BAD 526969174201
BAD 526969251427
BAD 527039858089
BAD 527039858099
BAD 527039858101
BAD 526997903197
BAD 527041554607
BAD 526999298851
BAD 527000802019
BAD 527001414637
BAD 527001414661
BAD 527045469667
BAD 526975707823
BAD 526975707827
BAD 527047302589
BAD 527045651399
BAD 526975903133
BAD 526975923473
BAD 526976906647
BAD 527049126859
BAD 527049126871
BAD 527003683733
BAD 527052605719
BAD 527056108091
BAD 527056108093
BAD 527010930799
BAD 527058862637
BAD 527058862639
BAD 527058862643
BAD 527061464359
BAD 527061464383
BAD 527061464393
BAD 527063027333
BAD 527083283413
BAD 527083466323
BAD 527083959319
BAD 527085442591
BAD 527085442627
BAD 527085442669
BAD 527085442693
BAD 527085442703
BAD 527097610159
BAD 527085873263
BAD 527113593497
BAD 527113593499
BAD 527114084611
BAD 527114858929
BAD 527116423411
BAD 527100613547
BAD 527100613549
BAD 527100613553
BAD 527100613561
BAD 527182217941
BAD 527184427741
BAD 527122084459
BAD 527064065863
BAD 527186613661
BAD 527186613673
BAD 527186613697
BAD 527186613703
BAD 527186808173
BAD 527108850077
BAD 527108850089
BAD 527124887713
BAD 527065589263
BAD 527065589279
BAD 527090177641
BAD 527090409089
BAD 527090886433
BAD 527191208183
BAD 527191255189
BAD 527191255193
BAD 527071508809
BAD 527192454599
BAD 527192454601
BAD 527093708269
BAD 527074559971
BAD 527195798513
BAD 527075889199
BAD 527075889203
BAD 527096054491
BAD 527096054593
BAD 527078618873
BAD 527132429149
BAD 527135383823
BAD 527137725913
BAD 527150787953
BAD 527141177543
BAD 527152506767
BAD 527152506773
BAD 527152506781
BAD 527152506787
BAD 527164680143
BAD 527144094469
BAD 527144094473
BAD 527144995411
BAD 527156775217
BAD 527167712723
BAD 527159083247
BAD 527159083249
BAD 527159285501
BAD 527159285503
BAD 527162108911
BAD 527173973483
BAD 527231575163
BAD 527231595817
BAD 527232380399
BAD 527232380401
BAD 527232380413
BAD 527237253947
BAD 527239368589
BAD 527197465819
BAD 527198936449
BAD 527200000451
BAD 527214334043
BAD 527214334051
BAD 527299368587
BAD 527219799397
BAD 527301243661
BAD 527283621989
BAD 527220987617
BAD 527220987619
BAD 527303205791
BAD 527222948753
BAD 527315299633
BAD 527212877813
BAD 527265486443
BAD 527265486457
BAD 527305873279
BAD 527318763919
BAD 527318763931
BAD 527289748231
BAD 527227390661
BAD 527227390663
BAD 527267348353
BAD 527227967621
BAD 527267507449
BAD 527228392939
BAD 527320617457
BAD 527320617463
BAD 527268233441
BAD 527310393151
BAD 527323759531
BAD 527311279219
BAD 527295293353
BAD 527311766983
BAD 527311766987
BAD 527271652157
BAD 527271652181
BAD 527271652183
BAD 527271652199
BAD 527325968399
BAD 527325968401
BAD 527329859281
BAD 527274836873
BAD 527249962321
BAD 527275797119
BAD 527276410277
BAD 527276410301
BAD 527251199381
BAD 527251199383
BAD 527251492939
BAD 527277537503
BAD 527278041071
BAD 527279675971
BAD 527279838541
BAD 527280210571
BAD 527256516841
BAD 527256862549
BAD 527256889519
BAD 527263047097
BAD 527333637757
BAD 527333637769
BAD 527333637773
BAD 527334498059
BAD 527339799199
BAD 527341846337
BAD 527341846363
BAD 527343735073
BAD 527343951061
BAD 527370973291
BAD 527432329691
BAD 527432329693
BAD 527433882097
BAD 527433882103
BAD 527433882113
BAD 527403800569
BAD 527403800587
BAD 527403800591
BAD 527418354979
BAD 527378181271
BAD 527435647553
BAD 527419252643
BAD 527435804011
BAD 527378796827
BAD 527378796829
BAD 527406150941
BAD 527380095889
BAD 527381650309
BAD 527449891789
BAD 527423259751
BAD 527423259757
BAD 527412249139
BAD 527453551663
BAD 527412579679
BAD 527412579709
BAD 527426466713
BAD 527454616651
BAD 527454616657
BAD 527429061223
BAD 527461292053
BAD 527464808333
BAD 527464808341
BAD 527465061181
BAD 527349866447
BAD 527350567957
BAD 527355673027
BAD 527364674957
BAD 527364674959
BAD 527364674971
BAD 527388042193
BAD 527388042197
BAD 527388042199
BAD 527534842033
BAD 527518217923
BAD 527518217929
BAD 527485024163
BAD 527519878993
BAD 527551128173
BAD 527537731463
BAD 527521456747
BAD 527552607353
BAD 527553471083
BAD 527553677747
BAD 527553677753
BAD 527522425399
BAD 527522979553
BAD 527555470159
BAD 527555470171
BAD 527555470177
BAD 527541135739
BAD 527556084019
BAD 527556084023
BAD 527542090681
BAD 527542090687
BAD 527543036809
BAD 527543430983
BAD 527543431007
BAD 527492689159
BAD 527492689201
BAD 527570523773
BAD 527559472777
BAD 527496700189
BAD 527578587931
BAD 527500246753
BAD 527500246759
BAD 527500472441
BAD 527500472453
BAD 527501371643
BAD 527502331687
BAD 527502331693
BAD 527504070143
BAD 527504424413
BAD 527504931367
BAD 527584235963
BAD 527589495949
BAD 527589495977
BAD 527515413083
BAD 527589736621
BAD 527589965723
BAD 527594650243
BAD 527594650249
BAD 527597530391
BAD 527597530393
BAD 527597530477
BAD 527599357211
BAD 527599357213
BAD 527599357249
BAD 527599357261
BAD 527467363229
BAD 527467363231
BAD 527470168039
BAD 527475826921
BAD 527477808631
BAD 527480622751
BAD 527481646921
BAD 527600249389
BAD 527604263821
BAD 527607392281
BAD 527607573263
BAD 527634166517
BAD 527652668209
BAD 527652668219
BAD 527652668227
BAD 527617894763
BAD 527657445713
BAD 527637959183
BAD 527670130349
BAD 527622516467
BAD 527622516469
BAD 527622736733
BAD 527717640683
BAD 527717640689
BAD 527640972431
BAD 527718003833
BAD 527718003853
BAD 527718003947
BAD 527718003949
BAD 527718305311
BAD 527718305333
BAD 527718305341
BAD 527660608261
BAD 527624640211
BAD 527674523573
BAD 527660674159
BAD 527660674171
BAD 527702052433
BAD 527702052499
BAD 527702052509
BAD 527702052511
BAD 527702052517
BAD 527703116881
BAD 527647165327
BAD 527663072753
BAD 527663072779
BAD 527678232511
BAD 527678232517
BAD 527664019951
BAD 527664019963
BAD 527649032063
BAD 527664784981
BAD 527726178773
BAD 527726204987
BAD 527726204989
BAD 527679861259
BAD 527679937297
BAD 527650215151
BAD 527681256967
BAD 527681256979
BAD 527681256983
BAD 527630427061
BAD 527630464741
BAD 527665456399
BAD 527707543283
BAD 527665456403
BAD 527665456411
BAD 527665456429
BAD 527665456433
BAD 527631993089
BAD 527708727211
BAD 527733886021
BAD 527733886027
BAD 527690618383
BAD 527699374343
BAD 527699374351
BAD 527770210711
BAD 527770210727
BAD 527770210753
BAD 527770559279
BAD 527771407243
BAD 527819534173
BAD 527736307607
BAD 527736307633
BAD 527737254767
BAD 527737254769
BAD 527737254773
BAD 527823133007
BAD 527823133009
BAD 527737759193
BAD 527737759201
BAD 527737759207
BAD 527778218659
BAD 527778218663
BAD 527788164061
BAD 527740545511
BAD 527826446773
BAD 527826446911
BAD 527826446921
BAD 527788462351
BAD 527788462367
BAD 527789240689
BAD 527828104313
BAD 527828609797
BAD 527828772077
BAD 527790049387
BAD 527742037817
BAD 527742037819
BAD 527790280421
BAD 527781050059
BAD 527782560979
BAD 527783585359
BAD 527783585363
BAD 527783585377
BAD 527783585383
BAD 527783692451
BAD 527783692453
BAD 527783692487
BAD 527783692567
BAD 527783692573
BAD 527832116533
BAD 527832192809
BAD 527749530547
BAD 527749530559
BAD 527799612661
BAD 527799612679
BAD 527799952961
BAD 527799952963
BAD 527861920939
BAD 527861920951
BAD 527865863761
BAD 527865863809
BAD 527867105419
BAD 527751281933
BAD 527846911939
BAD 527763054829
BAD 527847593831
BAD 527806397627
BAD 527806961911
BAD 527807029369
BAD 527809752739
BAD 527809752751
BAD 527816582353
BAD 527902869859
BAD 527902869883
BAD 527902869889
BAD 527907268649
BAD 527909066693
BAD 527888970619
BAD 527894061223
BAD 527894117617
BAD 527894117629
BAD 527894117633
BAD 527900360111
BAD 527900360131
BAD 527901207443
BAD 527871772139
BAD 527872400371
BAD 527872400387
BAD 527872547869
BAD 527872787753
BAD 527875365349
BAD 527880011657
BAD 527884922251
BAD 527986162351
BAD 527963101453
BAD 527987941003
BAD 527994131369
BAD 527996594549
BAD 527997048473
BAD 528004400393
BAD 528005231197
BAD 527941271911
BAD 527941271917
BAD 528006961597
BAD 528106581923
BAD 528106880167
BAD 528106880173
BAD 528036691999
BAD 528008063431
BAD 528008093609
BAD 528008093611
BAD 528019783463
BAD 527973286343
BAD 527973286349
BAD 527973286367
BAD 527973286369
BAD 527973286391
BAD 528037752191
BAD 528021327773
BAD 528039915413
BAD 527947213763
BAD 528111411073
BAD 528111411083
BAD 528040730647
BAD 528040730753
BAD 528041877563
BAD 528113300513
BAD 528044134573
BAD 528115322401
BAD 528045142789
BAD 528046778377
BAD 528028893421
BAD 528118227157
BAD 527977130423
BAD 527977745083
BAD 528118808323
BAD 528118808333
BAD 528032483791
BAD 528051940523
BAD 528051940531
BAD 528188353249
BAD 528058794301
BAD 528058794313
BAD 528058794317
BAD 527928033443
BAD 527928033467
BAD 528191876143
BAD 528193693217
BAD 528193693219
BAD 527933913979
BAD 528064528531
BAD 528065064781
BAD 528065161079
BAD 528065161081
BAD 528195693967
BAD 528066641077
BAD 528196902173
BAD 528069048737
BAD 528069048739
BAD 528069048743
BAD 528120204701
BAD 528120204707
BAD 528120204709
BAD 528120204727
BAD 528124438493
BAD 528124987163
BAD 528129599653
BAD 528134277739
BAD 528134277743
BAD 528078534353
BAD 528136334003
BAD 528081596431
BAD 528081729367
BAD 528081729377
BAD 528081729379
BAD 528082511401
BAD 528172115539
BAD 528089923477
BAD 528089923483
BAD 528089923489
BAD 528085091701
BAD 528141991723
BAD 528142156207
BAD 528142156211
BAD 528142156231
BAD 528093018473
BAD 528207428863
BAD 528145009187
BAD 528178011401
BAD 528178011407
BAD 528178011409
BAD 528222738353
BAD 528222738359
BAD 528222738361
BAD 528157367209
BAD 528179409829
BAD 528098224483
BAD 528159246533
BAD 528225527959
BAD 528225527971
BAD 528148562113
BAD 528148562119
BAD 528212296093
BAD 528150063409
BAD 528183109403
BAD 528150063499
BAD 528150063503
BAD 528150063509
BAD 528183252169
BAD 528183252353
BAD 528164223373
BAD 528212923883
BAD 528213166157
BAD 528213981541
BAD 528185983441
BAD 528185983447
BAD 528152658533
BAD 528215701067
BAD 528168001259
BAD 528168001261
BAD 528234890431
BAD 528234890437
BAD 528234890453
BAD 528216944209
BAD 528236307143
BAD 528236891443
BAD 528245753929
BAD 528247859663
BAD 528247859669
BAD 528248944879
BAD 528253188193
BAD 528257714311
BAD 528278015669
BAD 528278479793
BAD 528280596979
BAD 528280596983
BAD 528285206881
BAD 528289728521
BAD 528289728523
BAD 528289728529
BAD 528292774157
BAD 528292774159
BAD 528298889869
BAD 528298946059
BAD 528305752673
BAD 528306741527
BAD 528342046783
BAD 528342046787
BAD 528342046789
BAD 528307530761
BAD 528343722799
BAD 528309628373
BAD 528310246411
BAD 528346308043
BAD 528346308073
BAD 528311200507
BAD 528311200511
BAD 528311200519
BAD 528347003167
BAD 528349228879
BAD 528313671713
BAD 528350018701
BAD 528314866831
BAD 528315069617
BAD 528315069619
BAD 528351210329
BAD 528352052399
BAD 528352052401
BAD 528353743553
BAD 528353743601
BAD 528317288833
BAD 528317288839
BAD 528475959391
BAD 528476180933
BAD 528476180951
BAD 528476180959
BAD 528476180963
BAD 528480344059
BAD 528481203337
BAD 528407904613
BAD 528373489081
BAD 528642624773
BAD 528374231039
BAD 528374231041
BAD 528643372501
BAD 528643792891
BAD 528377204101
BAD 528377484463
BAD 528413096929
BAD 528381645139
BAD 528381663233
BAD 528393358729
BAD 528393358733
BAD 528394096583
BAD 528660666689
BAD 528613217779
BAD 528512058127
BAD 528384081109
BAD 528324045647
BAD 528384081143
BAD 528394096591
BAD 528422146411
BAD 528384081151
BAD 528651163153
BAD 528660673043
BAD 528324445613
BAD 528613797293
BAD 528394816699
BAD 528614390153
BAD 528614390179
BAD 528395458177
BAD 528395458181
BAD 528560658937
BAD 528396579143
BAD 528396579173
BAD 528574717873
BAD 528616239799
BAD 528616239803
BAD 528326257507
BAD 528562782277
BAD 528562782281
BAD 528562782283
BAD 528562782287
BAD 528562782289
BAD 528562782299
BAD 528563270243
BAD 528563270251
BAD 528463470427
BAD 528463470433
BAD 528463470443
BAD 528463713733
BAD 528564314359
BAD 528540926239
BAD 528665478013
BAD 528665478023
BAD 528665478037
BAD 528577752151
BAD 528541925503
BAD 528565682137
BAD 528566648749
BAD 528330600841
BAD 528330878239
BAD 528623200967
BAD 528623200969
BAD 528625143751
BAD 528544300733
BAD 528626304529
BAD 528444380183
BAD 528570274081
BAD 528570274087
BAD 528545446547
BAD 528582780997
BAD 528582781009
BAD 528545703421
BAD 528671632303
BAD 528671632309
BAD 528671632343
BAD 528445685513
BAD 528627870499
BAD 528627870503
BAD 528572079703
BAD 528492190741
BAD 528492190747
BAD 528628544987
BAD 528470702411
BAD 528470702413
BAD 528628822333
BAD 528525255901
BAD 528525255977
BAD 528548090201
BAD 528585744499
BAD 528548842247
BAD 528548842249
BAD 528586389439
BAD 528586389449
BAD 528586389451
BAD 528495333833
BAD 528450696743
BAD 528451030579
BAD 528452086171
BAD 528551222267
BAD 528452795729
BAD 528425179133
BAD 528589194307
BAD 528530413519
BAD 528530517343
BAD 528633574429
BAD 528530956771
BAD 528530956783
BAD 528589852501
BAD 528589852513
BAD 528589852517
BAD 528497813089
BAD 528497813093
BAD 528426397021
BAD 528426397033
BAD 528426397039
BAD 528426397063
BAD 528531392203
BAD 528532377031
BAD 528427794091
BAD 528428335363
BAD 528499957703
BAD 528534816323
BAD 528534816331
BAD 528636959593
BAD 528430049941
BAD 528637384321
BAD 528637384357
BAD 528501275611
BAD 528535940831
BAD 528535940833
BAD 528535940839
BAD 528639811813
BAD 528639811831
BAD 528432796403
BAD 528503758907
BAD 528433144933
BAD 528433144937
BAD 528435987889
BAD 528435987913
BAD 528435987917
BAD 528437070563
BAD 528367741549
BAD 528367741553
BAD 528369065117
BAD 528369065123
BAD 528590037439
BAD 528591049477
BAD 528592102393
BAD 528592102397
BAD 528597448189
BAD 528597448207
BAD 528602261431
BAD 528603726667
BAD 528606130237
BAD 528606473467
BAD 528606473477
BAD 528676903793
BAD 528677770813
BAD 528677812153
BAD 528686015203
BAD 528691602353
BAD 528693010061
BAD 528693010063
BAD 528694063697
BAD 528697058671
BAD 528700797451
BAD 528700918159
BAD 528701676491
BAD 528725640481
BAD 528704479477
BAD 528704479493
BAD 528731672671
BAD 528707175791
BAD 528707175793
BAD 528737420693
BAD 528737420711
BAD 528737420713
BAD 528740442829
BAD 528740442833
BAD 529009621883
BAD 529009621891
BAD 529009621897
BAD 529045867333
BAD 529045867393
BAD 529045867411
BAD 529045867423
BAD 529010983747
BAD 529012262791
BAD 529047605819
BAD 528859741393
BAD 528860842519
BAD 528861382373
BAD 529052676473
BAD 529017402533
BAD 529017402539
BAD 529017402541
BAD 529017402547
BAD 529019577733
BAD 529055278421
BAD 529055668343
BAD 528930290011
BAD 529024569893
BAD 529059677777
BAD 529059677779
BAD 529025000461
BAD 529025000467
BAD 529025000473
BAD 528792174413
BAD 528933643387
BAD 528795316411
BAD 528940833097
BAD 528942107951
BAD 528870288563
BAD 528870288581
BAD 528805272323
BAD 528805423093
BAD 528806216479
BAD 528806216483
BAD 528873317131
BAD 528874802429
BAD 528742950649
BAD 528752038033
BAD 528752839159
BAD 528762814519
BAD 529059718219
BAD 529059718223
BAD 529059718237
BAD 529059718241
BAD 529059900337
BAD 528710234483
BAD 529061198363
BAD 529062344303
BAD 529062344309
BAD 529062344311
BAD 529062344359
BAD 529062344383
BAD 529062344387
BAD 529062344389
BAD 529062907081
BAD 528713698031
BAD 528714177191
BAD 528714177193
BAD 528892100431
BAD 529069471397
BAD 528994742543
BAD 528717521209
BAD 528995464483
BAD 528899802799
BAD 529072527923
BAD 529072871009
BAD 528719618393
BAD 528997064251
BAD 528997064263
BAD 528903953003
BAD 528723348563
BAD 528906013319
BAD 528723579743
BAD 528775164391
BAD 528775164403
BAD 528776282959
BAD 528776622623
BAD 528776622629
BAD 528776622631
BAD 529036482001
BAD 529004825093
BAD 528908213377
BAD 528777430583
BAD 528843363413
BAD 528843595639
BAD 529041214357
BAD 529041366589
BAD 529041366593
BAD 528780049849
BAD 528780137843
BAD 528811592783
BAD 528811592789
BAD 528811592791
BAD 528846539077
BAD 528846539083
BAD 528846539113
BAD 528846539119
BAD 528825134557
BAD 528784335649
BAD 528848413837
BAD 528827691919
BAD 528850335257
BAD 528829406117
BAD 528829406123
BAD 528829406143
BAD 528788647099
BAD 528963739159
BAD 528882653161
BAD 528966076369
BAD 528856450693
BAD 528856450697
BAD 528856450699
BAD 528883858501
BAD 528835169663
BAD 528976083751
BAD 528968479649
BAD 528968479651
BAD 528887777017
BAD 528824178191
BAD 528824227111
BAD 528824227117
BAD 528986222971
BAD 528987063617
BAD 528987063653
BAD 528987667367
BAD 528989897483
BAD 528991482181
BAD 528992053069
BAD 528946880857
BAD 528947443021
BAD 528954382249
BAD 528954382279
BAD 528956859139
BAD 528956859143
BAD 528956859149
BAD 528956859163
BAD 528956859187
BAD 528956859217
BAD 528908713693
BAD 528958856563
BAD 528913626049
BAD 528914974699
BAD 528914974703
BAD 528916391141
BAD 528917068837
BAD 528917068843
BAD 529076872081
BAD 529076872087
BAD 529078215839
BAD 529079449831
BAD 529079449861
BAD 529081748747
BAD 529083012013
BAD 529083012019
BAD 529087380559
BAD 529088222633
BAD 529094242883
BAD 529094662309
BAD 529095001283
BAD 529096094383
BAD 529096094399
BAD 529100060611
BAD 529100060617
BAD 529100060623
BAD 529100060627
BAD 529100060641
BAD 529111076381
BAD 529111076383
BAD 529111076387
BAD 529111076393
BAD 529111076411
BAD 529111076413
BAD 529113595561
BAD 529102241519
BAD 529102241669
BAD 529119134353
BAD 529104817547
BAD 529122903487
BAD 529122903493
BAD 529122960869
BAD 529122960871
BAD 529124334721
BAD 529126513507
BAD 529194199657
BAD 529194199661
BAD 529194199663
BAD 529148576753
BAD 529197065107
BAD 529149345301
BAD 529152675841
BAD 529204431113
BAD 529206327289
BAD 529207822579
BAD 529155296273
BAD 529209893413
BAD 529209893417
BAD 529209893419
BAD 529179343439
BAD 529180616071
BAD 529180616143
BAD 529181201203
BAD 529183132913
BAD 529186846303
BAD 529188179173
BAD 529192412689
BAD 529193243123
BAD 529130240413
BAD 529133533889
BAD 529133533891
BAD 529139667241
BAD 529140840049
BAD 529142846191
BAD 529412454983
BAD 529416474263
BAD 529419418837
BAD 529420792853
BAD 529424981963
BAD 529427224343
BAD 529427340007
BAD 529427552737
BAD 529427986411
BAD 529216659007
BAD 529221080603
BAD 529221802883
BAD 529221802897
BAD 529222512547
BAD 529222512551
BAD 529224089843
BAD 529224089861
BAD 529228088009
BAD 529230098653
BAD 529296897859
BAD 529280093371
BAD 529262024593
BAD 529262024597
BAD 529400303363
BAD 529345289677
BAD 529262648749
BAD 529262648821
BAD 529262648833
BAD 529262708123
BAD 529330757209
BAD 529331427019
BAD 529281764603
BAD 529402229327
BAD 529300528853
BAD 529232937853
BAD 529403583089
BAD 529403583091
BAD 529250844443
BAD 529234367161
BAD 529369414193
BAD 529348253881
BAD 529333198963
BAD 529266918163
BAD 529348253893
BAD 529348253897
BAD 529348253899
BAD 529267067867
BAD 529267067869
BAD 529234945573
BAD 529387287983
BAD 529334642899
BAD 529387705213
BAD 529387826153
BAD 529387826167
BAD 529268726563
BAD 529350231901
BAD 529371624391
BAD 529306153633
BAD 529306153637
BAD 529236810919
BAD 529236810923
BAD 529236810929
BAD 529236810931
BAD 529390133203
BAD 529431098579
BAD 529307984173
BAD 529286884339
BAD 529286884349
BAD 529286884351
BAD 529238724769
BAD 529338087391
BAD 529338280231
BAD 529338280241
BAD 529308817237
BAD 529404421453
BAD 529287345803
BAD 529254000773
BAD 529288290511
BAD 529393670963
BAD 529241228969
BAD 529433219863
BAD 529433219867
BAD 529433219869
BAD 529377818393
BAD 529288611001
BAD 529434078073
BAD 529255707391
BAD 529255854251
BAD 529243527391
BAD 529344754747
BAD 529318411729
BAD 529318411733
BAD 529462458467
BAD 529462458487
BAD 529260347599
BAD 529441268207
BAD 529326885187
BAD 529444325387
BAD 529445428441
BAD 529164097883
BAD 529164097921
BAD 529164097927
BAD 529165066481
BAD 529480710503
BAD 529481882249
BAD 529168174921
BAD 529168174943
BAD 529483493183
BAD 529483493191
BAD 529487514013
BAD 529487514019
BAD 529446601823
BAD 529174289737
BAD 529489812893
BAD 529494168263
BAD 529457032063
BAD 529457032067
BAD 529457032079
BAD 529457283101
BAD 529457283109
BAD 529568702659
BAD 529548777731
BAD 529550851321
BAD 529576118527
BAD 529576118531
BAD 529579031629
BAD 529579031633
BAD 529559567143
BAD 529529918839
BAD 529537051621
BAD 529540690793
BAD 529496340983
BAD 529499426341
BAD 529499426353
BAD 529500473743
BAD 529501834601
BAD 529504933213
BAD 529504933219
BAD 529505799773
BAD 529505799787
BAD 529505799791
BAD 529511861899
BAD 529512654221
BAD 529581104933
BAD 529514310323
BAD 529515196201
BAD 529583299873
BAD 529583299877
BAD 529583299879
BAD 529583445793
BAD 529583497549
BAD 529520540099
BAD 529520540119
BAD 529520540123
BAD 529520609911
BAD 529524925591
BAD 529524925607
BAD 529524925609
BAD 529525794211
BAD 529525863721
BAD 529594195079
BAD 529596390949
BAD 529529227333
BAD 529529227361
BAD 529529227363
BAD 529529227373
BAD 529597317329
BAD 529600359931
BAD 529606424569
BAD 529608474701
BAD 529608660299
BAD 529612354253
BAD 529612354267
BAD 529612354291
BAD 529613215619
BAD 529999551031
BAD 529766321551
BAD 529751289611
BAD 529751727443
BAD 529769994707
BAD 529769994709
BAD 529753657711
BAD 529754880113
BAD 529689105503
BAD 529776080557
BAD 529776080563
BAD 529776080573
BAD 529776470833
BAD 529776470837
BAD 529691030839
BAD 529691228497
BAD 529759892449
BAD 529778366743
BAD 529778366749
BAD 529877454277
BAD 529694130109
BAD 529879876333
BAD 529697030717
BAD 529697030719
BAD 529648353181
BAD 529649862673
BAD 529630611589
BAD 529632610069
BAD 529632610081
BAD 529633082987
BAD 529633082989
BAD 529656052369
BAD 529656052381
BAD 529731167443
BAD 529635787579
BAD 529614313153
BAD 529885179503
BAD 529885179511
BAD 529885284689
BAD 529617050033
BAD 529886545103
BAD 529886545109
BAD 529660311293
BAD 529639502999
BAD 529660311307
BAD 529660428553
BAD 529831947923
BAD 529660770467
BAD 529660770469
BAD 529641019849
BAD 529833696211
BAD 529662013739
BAD 529888974337
BAD 529888974341
BAD 529834459433
BAD 529641916123
BAD 529641916129
BAD 529662410399
BAD 529662410401
BAD 529642179377
BAD 529622298871
BAD 529644379151
BAD 529644379171
BAD 529644379177
BAD 529644379193
BAD 529644415381
BAD 529645730923
BAD 529838916413
BAD 529625129483
BAD 529625755973
BAD 529625755979
BAD 529626290447
BAD 529626290449
BAD 529743195229
BAD 529816760887
BAD 529627230529
BAD 529817164579
BAD 529842212831
BAD 529842212833
BAD 529843907083
BAD 529850682169
BAD 529850682173
BAD 529850682181
BAD 529850991949
BAD 529853335751
BAD 529853391127
BAD 529797968701
BAD 529797968719
BAD 529782125869
BAD 529854435961
BAD 529854435967
BAD 529854668911
BAD 529826300933
BAD 529783732469
BAD 529783732483
BAD 529800571099
BAD 529784904511
BAD 529831089569
BAD 529790594923
BAD 529864379987
BAD 529793396749
BAD 529793957269
BAD 529794053101
BAD 529797764689
BAD 529715558657
BAD 529664016173
BAD 529717179619
BAD 529717179623
BAD 529665637643
BAD 529720576607
BAD 529720576613
BAD 529703181457
BAD 529704147239
BAD 529704147241
BAD 529704527357
BAD 529723868209
BAD 529723868221
BAD 529723868239
BAD 529723868243
BAD 529673718151
BAD 529675604371
BAD 529713290027
BAD 529713290033
BAD 529679800379
BAD 529679800381
BAD 529916006611
BAD 529917010177
BAD 529922281381
BAD 529925375713
BAD 529929294247
BAD 529900855279
BAD 529901867863
BAD 529904673761
BAD 529904673763
BAD 529904673773
BAD 529904674207
BAD 529905947827
BAD 529907767733
BAD 529968022501
BAD 529975845109
BAD 529952499709
BAD 529976606087
BAD 529976606099
BAD 529976606101
BAD 529953236663
BAD 529953236671
BAD 529977616447
BAD 529977636563
BAD 529977636571
BAD 529955378297
BAD 529955378299
BAD 529979829023
BAD 529956154067
BAD 529956154069
BAD 529960597007
BAD 529985381207
BAD 529985381209
BAD 529963242439
BAD 529963894367
BAD 529989877309
BAD 529932505079
BAD 529933195703
BAD 529934221867
BAD 529934221871
BAD 529993403671
BAD 529936317377
BAD 529996119241
BAD 529937787791
BAD 529937787793
BAD 529937787851
BAD 529937787853
BAD 529937807951
BAD 529937807953
BAD 529940505559
BAD 529940505569
BAD 529940505571
BAD 529940505617
BAD 529942216151
BAD 529942216157
BAD 529942216159
BAD 529942216213
RANGE 520000000000 530000000000 PRIMES 370557302 BAD 4626
