BAD 560118076187
BAD 560118338959
BAD 560118338993
BAD 560118339037
BAD 560105098853
BAD 560252395783
BAD 560068329649
BAD 560068329659
BAD 560105404619
BAD 560105454487
BAD 560304798737
BAD 560070213503
BAD 560305646629
BAD 560256969793
BAD 560072789629
BAD 560072915221
BAD 560386779473
BAD 560073289429
BAD 560340816089
BAD 560109637193
BAD 560074063999
BAD 560388363583
BAD 560388363589
BAD 560388483653
BAD 560075068309
BAD 560075068313
BAD 560075068373
BAD 560111151499
BAD 560111151571
BAD 560111151577
BAD 560342248423
BAD 560342248429
BAD 560260137763
BAD 560310807767
BAD 560310807779
BAD 560310807781
BAD 560113573897
BAD 560261324267
BAD 560261324269
BAD 560261448259
BAD 560077833677
BAD 560114663827
BAD 560079697939
BAD 560079697943
BAD 560263152509
BAD 560263152511
BAD 560392944079
BAD 560263492793
BAD 560263492801
BAD 560123093113
BAD 560264183863
BAD 560264183873
BAD 560316268543
BAD 560265406097
BAD 560346111679
BAD 560397065873
BAD 560397065959
BAD 560126758703
BAD 560347140277
BAD 560347140281
BAD 560128961551
BAD 560400771061
BAD 560400771079
BAD 560131719949
BAD 560203128061
BAD 560218587703
BAD 560218587727
BAD 560207598961
BAD 560134994813
BAD 560224558433
BAD 560212782223
BAD 560225051933
BAD 560225051941
BAD 560137241929
BAD 560137241933
BAD 560215371119
BAD 560138357393
BAD 560138357399
BAD 560355853283
BAD 560218056859
BAD 560141536399
BAD 560141579303
BAD 560359686683
BAD 560359775099
BAD 560156244757
BAD 560231627393
BAD 560231647543
BAD 560157034699
BAD 560233313971
BAD 560233488637
BAD 560363552207
BAD 560363552209
BAD 560363552213
BAD 560364250181
BAD 560159957587
BAD 560159957593
BAD 560159957611
BAD 560160364307
BAD 560325096691
BAD 560165943343
BAD 560328392809
BAD 560328392821
BAD 560329807663
BAD 560329807669
BAD 560332263319
BAD 560333545669
BAD 560334375851
BAD 560237299291
BAD 560237299309
BAD 560237299313
BAD 560237299319
BAD 560085068393
BAD 560017093981
BAD 560018286781
BAD 560090478133
BAD 560090478139
BAD 560091046051
BAD 560020827757
BAD 560249934733
BAD 560270445851
BAD 560270445853
BAD 560369689609
BAD 560369689613
BAD 560369689619
BAD 560271111107
BAD 560271111109
BAD 560272116409
BAD 560025967153
BAD 560025967159
BAD 560099916059
BAD 560374275793
BAD 560374683997
BAD 560374684003
BAD 560374684007
BAD 560374684013
BAD 560374684021
BAD 560050990711
BAD 560028304223
BAD 560028304237
BAD 560029013153
BAD 560375505931
BAD 560277915271
BAD 560052346471
BAD 560278445093
BAD 560281873493
BAD 560281873499
BAD 560057242697
BAD 560057242699
BAD 560057402393
BAD 560057402423
BAD 560057402431
BAD 560380103263
BAD 560057402441
BAD 560284191169
BAD 560380103267
BAD 560380562033
BAD 560286114889
BAD 560286114893
BAD 560036860793
BAD 560287580953
BAD 560287580959
BAD 560039117929
BAD 560039117933
BAD 560289738473
BAD 560168228281
BAD 560168228299
BAD 560169892781
BAD 560184974663
BAD 560003246183
BAD 560045775409
BAD 560045775413
BAD 560045775427
BAD 560173654823
BAD 560295179869
BAD 560174778283
BAD 560174778287
BAD 560175617887
BAD 560188760011
BAD 560176730963
BAD 560296803533
BAD 560007199933
BAD 560177590849
BAD 560177590853
BAD 560177599427
BAD 560177599441
BAD 560177599447
BAD 560298636323
BAD 560192057387
BAD 560192057389
BAD 560192057393
BAD 560192057401
BAD 560192526841
BAD 560192526853
BAD 560181329819
BAD 560181329821
BAD 560010310493
BAD 560010310513
BAD 560010310523
BAD 560010310529
BAD 560195656697
BAD 560184380453
BAD 560199685523
BAD 560199685567
BAD 560443901513
BAD 560444745331
BAD 560445330397
BAD 560445879341
BAD 560456766091
BAD 560457076703
BAD 560460879331
BAD 560464306027
BAD 560419816829
BAD 560419816837
BAD 560464349251
BAD 560410086151
BAD 560467163183
BAD 560423235529
BAD 560414131171
BAD 560426332033
BAD 560426332043
BAD 560429413507
BAD 560430111323
BAD 560508995663
BAD 560435564477
BAD 560435601373
BAD 560435601391
BAD 560435601403
BAD 560519032093
BAD 560519032103
BAD 560519032109
BAD 560519032111
BAD 560470986353
BAD 560477539183
BAD 560478682223
BAD 560483970887
BAD 560483970889
BAD 560483970919
BAD 560483970929
BAD 560483970931
BAD 560486184173
BAD 560486184199
BAD 560604472489
BAD 560605089901
BAD 560605089907
BAD 560605089917
BAD 560605089923
BAD 560610508069
BAD 560522478097
BAD 560522478101
BAD 560522842367
BAD 560555992369
BAD 560538333473
BAD 560541043193
BAD 560558996593
BAD 560558996597
BAD 560542077133
BAD 560542077211
BAD 560542077217
BAD 560542282621
BAD 560591104583
BAD 560591104657
BAD 560491970693
BAD 560543696929
BAD 560494981961
BAD 560531372813
BAD 560496242569
BAD 560566274657
BAD 560566274659
BAD 560566274663
BAD 560534778283
BAD 560499538693
BAD 560551498561
BAD 560551498567
BAD 560551498583
BAD 560551498589
BAD 560599016863
BAD 560599016881
BAD 560502599843
BAD 560502599849
BAD 560603929013
BAD 560573220139
BAD 560573220143
BAD 560573220149
BAD 560574090553
BAD 560575698031
BAD 560577192467
BAD 560577192481
BAD 560579414431
BAD 560710191367
BAD 560710191373
BAD 560712330257
BAD 560712330259
BAD 560712330281
BAD 560671545449
BAD 560671568377
BAD 560679038141
BAD 560679038149
BAD 560679230261
BAD 560679230263
BAD 560679230291
BAD 560679232031
BAD 560679232033
BAD 560682346537
BAD 560683340993
BAD 560683341037
BAD 560684500171
BAD 560684500177
BAD 560692306481
BAD 560692306483
BAD 560788653223
BAD 560703804313
BAD 560659266523
BAD 560659489681
BAD 560794482967
BAD 560794482973
BAD 560796250921
BAD 560637996869
BAD 560665036703
BAD 560638435859
BAD 560775814253
BAD 560666610463
BAD 560667287497
BAD 560667287503
BAD 560667532973
BAD 560669188447
BAD 560780530567
BAD 560780530601
BAD 560780530603
BAD 560728551443
BAD 560671001623
BAD 560804530703
BAD 560804530739
BAD 560781000929
BAD 560804530747
BAD 560781000931
BAD 560649228121
BAD 560732641481
BAD 560732641487
BAD 560732641489
BAD 560650902571
BAD 560651259761
BAD 560788082809
BAD 560737553317
BAD 560737553323
BAD 560630288773
BAD 560630719367
BAD 560631325861
BAD 560757965143
BAD 560758058723
BAD 560766914867
BAD 560768345419
BAD 560768712037
BAD 560739796021
BAD 560739958349
BAD 560739958351
BAD 560741841433
BAD 560742557959
BAD 560751733501
BAD 560754134761
BAD 560805595099
BAD 560809843523
BAD 560810894653
BAD 560829097159
BAD 560829097163
BAD 560835869977
BAD 560819914183
BAD 560841045797
BAD 560842661179
BAD 560843433487
BAD 560856074213
BAD 560892608599
BAD 560857857671
BAD 560857857673
BAD 560894409349
BAD 560852778403
BAD 560861247313
BAD 560855516527
BAD 560863094027
BAD 560903016587
BAD 560864988919
BAD 560864988947
BAD 560904246781
BAD 560904246923
BAD 560904246971
BAD 560866517033
BAD 560905388077
BAD 560867388527
BAD 560867633899
BAD 560869591069
BAD 560939894551
BAD 560961629573
BAD 560941030921
BAD 560965258523
BAD 560924543761
BAD 560925489277
BAD 560965902193
BAD 560930195989
BAD 560973204691
BAD 560990871473
BAD 560974148429
BAD 561008245403
BAD 561008973199
BAD 560994272011
BAD 560935126831
BAD 560996070181
BAD 561013018949
BAD 561016142189
BAD 561016142191
BAD 560939142037
BAD 560983379531
BAD 560983379533
BAD 561017092423
BAD 560950838389
BAD 560984779591
BAD 561018430207
BAD 561018430211
BAD 561018430213
BAD 561018430283
BAD 561018430303
BAD 561018795203
BAD 561018878191
BAD 560985853937
BAD 561002335373
BAD 560985914119
BAD 560988506909
BAD 560884620893
BAD 560888627303
BAD 561158191943
BAD 561164113891
BAD 561170629973
BAD 561173892599
BAD 561029044679
BAD 561029044699
BAD 561029044711
BAD 561036333391
BAD 561065789611
BAD 561070808593
BAD 561070808603
BAD 561070808611
BAD 561176192153
BAD 561116022031
BAD 561116022043
BAD 561116022053
BAD 561116022113
BAD 561118233887
BAD 561118233889
BAD 561118414291
BAD 561121305233
BAD 561123278633
BAD 561185815579
BAD 561186595787
BAD 561186595789
BAD 561186595793
BAD 561190473931
BAD 561190473953
BAD 561125448791
BAD 561126561143
BAD 561093866659
BAD 561094406711
BAD 561094406713
BAD 561094406723
BAD 561094509343
BAD 561097108961
BAD 561086723929
BAD 561088762009
BAD 561198964853
BAD 561198964861
BAD 561199062973
BAD 561199133623
BAD 561199133639
BAD 561106953739
BAD 561200141477
BAD 561200415781
BAD 561045959641
BAD 561046621879
BAD 561145709563
BAD 561148229911
BAD 561148382713
BAD 561150370129
BAD 561150370141
BAD 561151513763
BAD 561151627321
BAD 561154990793
BAD 561154990829
BAD 561154990831
BAD 561243573421
BAD 561265706641
BAD 561265706647
BAD 561252476479
BAD 561253052963
BAD 561253304923
BAD 561257211023
BAD 561258162407
BAD 561272830477
BAD 561272830493
BAD 561231673207
BAD 561231673217
BAD 561208947031
BAD 561208947037
BAD 561208947083
BAD 561211521529
BAD 561238987609
BAD 561238987613
BAD 561217411721
BAD 561275798231
BAD 561275798233
BAD 561222845257
BAD 561223293947
BAD 561223788277
BAD 561280652089
BAD 561280862873
BAD 561280862911
BAD 561282575561
BAD 561282575563
BAD 561285796349
BAD 561287934331
BAD 561288137101
BAD 561296084809
BAD 561296084813
BAD 561300126263
BAD 561300126329
BAD 561300895931
BAD 561303692737
BAD 561307023379
BAD 561308130367
BAD 561308130377
BAD 561308130469
BAD 561308130473
BAD 561376808539
BAD 561376808543
BAD 561377754677
BAD 561379572931
BAD 561309500243
BAD 561309500251
BAD 561381602113
BAD 561381602123
BAD 561310221281
BAD 561383312579
BAD 561383334233
BAD 561383334247
BAD 561330145501
BAD 561385333037
BAD 561385333039
BAD 561312904133
BAD 561315849617
BAD 561335355179
BAD 561335355181
BAD 561335786663
BAD 561346003831
BAD 561348539963
BAD 561318411083
BAD 561340505519
BAD 561340505521
BAD 561394556777
BAD 561390374921
BAD 561322205441
BAD 561322205443
BAD 561322205453
BAD 561392274593
BAD 561358556281
BAD 561322827749
BAD 561324217067
BAD 561401245841
BAD 561401245843
BAD 561401477267
BAD 561401477269
BAD 561401674321
BAD 561401851039
BAD 561362770313
BAD 561365403107
BAD 561365558003
BAD 561368850283
BAD 561368850299
BAD 561409677847
BAD 561409677911
BAD 561368946773
BAD 561434135293
BAD 561435553999
BAD 561435554003
BAD 561435554011
BAD 561435890243
BAD 561437452399
BAD 561372297721
BAD 561372553237
BAD 561422045377
BAD 561422045389
BAD 561423707993
BAD 561466642609
BAD 561466642621
BAD 561468610051
BAD 561472419623
BAD 561473863087
BAD 561474383467
BAD 561476293061
BAD 561551902361
BAD 561551902363
BAD 561450090479
BAD 561560770559
BAD 561560770567
BAD 561451770367
BAD 561454369561
BAD 561455485763
BAD 561510909529
BAD 561510909541
BAD 561569516237
BAD 561569516239
BAD 561569793023
BAD 561570151789
BAD 561512712157
BAD 561515703923
BAD 561495967237
BAD 561533075339
BAD 561497761787
BAD 561497761789
BAD 561497761793
BAD 561518470423
BAD 561518470427
BAD 561498562511
BAD 561498562523
BAD 561498562579
BAD 561520840093
BAD 561520840103
BAD 561499952009
BAD 561499952011
BAD 561537292051
BAD 561500960341
BAD 561500960351
BAD 561500960353
BAD 561524384599
BAD 561524384611
BAD 561525446633
BAD 561525446653
BAD 561479348929
BAD 561479348933
BAD 561479348959
BAD 561480251881
BAD 561482635081
BAD 561483249823
BAD 561489955391
BAD 561489955393
BAD 561594568373
BAD 561596990011
BAD 561597014359
BAD 561598228403
BAD 561602298379
BAD 561602461039
BAD 561584764483
BAD 561584851909
BAD 561587010269
BAD 561607118959
BAD 561589673003
BAD 561592436843
BAD 561648585263
BAD 561648585271
BAD 561678049729
BAD 561614283977
BAD 561614283983
BAD 561614283991
BAD 561614546851
BAD 561615674497
BAD 561685838083
BAD 561686708629
BAD 561618035273
BAD 561619283591
BAD 561666426179
BAD 561621806099
BAD 561621806101
BAD 561667771433
BAD 561667886581
BAD 561694202957
BAD 561694202959
BAD 561669699979
BAD 561626170423
BAD 561637251223
BAD 561638055073
BAD 561640560673
BAD 561704283013
BAD 561705530569
BAD 561767705507
BAD 561767705509
BAD 561771683071
BAD 561772990819
BAD 561773211367
BAD 561730742063
BAD 561715862693
BAD 561716077103
BAD 561733351567
BAD 561717804653
BAD 561736004677
BAD 561778558729
BAD 561740241989
BAD 561740241991
BAD 561746922721
BAD 561781582343
BAD 561743315993
BAD 561782765057
BAD 561782765059
BAD 561752450689
BAD 561753341801
BAD 561753341803
BAD 561787391729
BAD 561787391731
BAD 561830375681
BAD 561830375683
BAD 561833280431
BAD 561794865241
BAD 561794865251
BAD 561794865253
BAD 561807284179
BAD 561760921849
BAD 561809562571
BAD 561809562577
BAD 561813816871
BAD 561841546423
BAD 561818238277
BAD 561818238281
BAD 561819038281
BAD 561820258739
BAD 561845034293
BAD 561824990611
BAD 561845758099
BAD 561853234379
BAD 561853234381
BAD 561854647129
BAD 561985432517
BAD 561859995997
BAD 561860656639
BAD 561987041809
BAD 561987041813
BAD 561987159571
BAD 561966384167
BAD 561966384181
BAD 561896530067
BAD 561970836451
BAD 561913890739
BAD 561897538591
BAD 561899234027
BAD 561917004083
BAD 561917004091
BAD 561902701643
BAD 561902868773
BAD 561902868853
BAD 561902868859
BAD 561902868869
BAD 561902868871
BAD 561976643009
BAD 561903882689
BAD 561903882691
BAD 561863392567
BAD 561863392579
BAD 561906033937
BAD 561864893831
BAD 561866467597
BAD 562005989459
BAD 561866467601
BAD 561866467607
BAD 561926051891
BAD 561926051893
BAD 561926051899
BAD 561927836917
BAD 562011414511
BAD 561870965647
BAD 561872022227
BAD 561888938903
BAD 561888938909
BAD 561889292207
BAD 561889292213
BAD 561889482079
BAD 561889482083
BAD 561942509803
BAD 561942794813
BAD 561892058269
BAD 561950941709
BAD 561950941711
BAD 562037724067
BAD 562066495141
BAD 562067815193
BAD 562080815437
BAD 562080815441
BAD 562071275347
BAD 562047342847
BAD 562047342859
BAD 562048151347
BAD 562017097283
BAD 562017097297
BAD 562017097309
BAD 562049876057
BAD 562017803119
BAD 562020062479
BAD 562020062531
BAD 562053720341
BAD 562053720343
BAD 562021552823
BAD 562055806903
BAD 562055806919
BAD 562025069719
BAD 562098015769
BAD 562098193639
BAD 562098515533
BAD 562099199093
BAD 562100714977
BAD 562103964577
BAD 562103964623
BAD 562103964637
BAD 562104440783
BAD 562105408093
BAD 562108139077
BAD 562108139083
BAD 562131806333
BAD 562134269789
BAD 562134269791
BAD 562134269797
BAD 562134510293
BAD 562134626239
BAD 562116790463
BAD 562134626243
BAD 562116790471
BAD 562118289617
BAD 562120837171
BAD 562121900203
BAD 562236506497
BAD 562130626507
BAD 562130626523
BAD 562245657451
BAD 562247466791
BAD 562247466799
BAD 562145287831
BAD 562145287861
BAD 562146242041
BAD 562149947903
BAD 562150921477
BAD 562151547767
BAD 562155603091
BAD 562155983303
BAD 562156274237
BAD 562156274257
BAD 562156274263
BAD 562156274269
BAD 562164980423
BAD 562165156913
BAD 562165222159
BAD 562199087893
BAD 562167089641
BAD 562187419753
BAD 562159605493
BAD 562159605499
BAD 562159605503
BAD 562170852601
BAD 562170852613
BAD 562160709983
BAD 562160710051
BAD 562171976761
BAD 562174002899
BAD 562200151043
BAD 562200151099
BAD 562200727987
BAD 562192444213
BAD 562192444217
BAD 562192444223
BAD 562204261613
BAD 562193321623
BAD 562180454783
BAD 562194151489
BAD 562205743823
BAD 562195266623
BAD 562195266629
BAD 562211107121
BAD 562213318489
BAD 562215092149
BAD 562219105687
BAD 562219105703
BAD 562223428469
BAD 562223428471
BAD 562223498203
BAD 562350421211
BAD 562351806883
BAD 562351959751
BAD 562356813803
BAD 562357106197
BAD 562361650049
BAD 562361650051
BAD 562361650079
BAD 562362717179
BAD 562362717181
BAD 562362717187
BAD 562364174893
BAD 562251300137
BAD 562251300139
BAD 562254618283
BAD 562255843579
BAD 562382937661
BAD 562404573559
BAD 562404662867
BAD 562383282859
BAD 562383678193
BAD 562316750509
BAD 562258095131
BAD 562411708433
BAD 562411823927
BAD 562411823929
BAD 562411823933
BAD 562412070043
BAD 562412070047
BAD 562320996491
BAD 562320996493
BAD 562263620819
BAD 562263909679
BAD 562391331451
BAD 562324834307
BAD 562299171409
BAD 562394745713
BAD 562299947149
BAD 562395970627
BAD 562328030963
BAD 562328030969
BAD 562398150427
BAD 562398573379
BAD 562398573397
BAD 562398573403
BAD 562303875719
BAD 562305374773
BAD 562306139191
BAD 562308172609
BAD 562371293993
BAD 562310550773
BAD 562310607863
BAD 562310607893
BAD 562310652061
BAD 562332208447
BAD 562312358291
BAD 562312358303
BAD 562337395601
BAD 562337395603
BAD 562381096867
BAD 562339712749
BAD 562283034571
BAD 562283034581
BAD 562283034589
BAD 562284277237
BAD 562343756399
BAD 562344028567
BAD 562344028573
BAD 562347542257
BAD 562348107263
BAD 562288499099
BAD 562291483291
BAD 562292965783
BAD 562292965789
BAD 562294504033
BAD 562294504043
BAD 562268143181
BAD 562269991909
BAD 562272265021
BAD 562473023569
BAD 562487933477
BAD 562479639389
BAD 562479639391
BAD 562480146953
BAD 562480548743
BAD 562481436961
BAD 562482308851
BAD 562493991307
BAD 562494978709
BAD 562417856479
BAD 562417856501
BAD 562417856503
BAD 562502762771
BAD 562502762777
BAD 562504605787
BAD 562504605799
BAD 562436746283
BAD 562436907787
BAD 562510412047
BAD 562511057281
BAD 562443062149
BAD 562444218517
BAD 562448709547
BAD 562429812677
BAD 562429812683
BAD 562430350171
BAD 562430350177
BAD 562455213347
BAD 562455213349
BAD 562456546753
BAD 562460352577
BAD 562461961253
BAD 562536937741
BAD 562536937747
BAD 562536937759
BAD 562536937763
BAD 562538267453
BAD 562538267461
BAD 562539247937
BAD 562552500919
BAD 562561428763
BAD 562561428773
BAD 562562367239
BAD 562603157737
BAD 562616345933
BAD 562616676001
BAD 562569611143
BAD 562569611147
BAD 562570360843
BAD 562570360853
BAD 562570628479
BAD 562577538697
BAD 562578826189
BAD 562580925737
BAD 562523436131
BAD 562523436133
BAD 562617562061
BAD 562583248291
BAD 562589136689
BAD 562589136691
BAD 562620600491
BAD 562591640209
BAD 562591780427
BAD 562591780441
BAD 562592670853
BAD 562594511561
BAD 562594511587
BAD 562626064733
BAD 562626255601
BAD 562532303677
BAD 562595634221
BAD 562627853863
BAD 562627853873
BAD 562596884221
BAD 562629172087
BAD 562597159853
BAD 562597159871
BAD 562597159879
BAD 562599270749
BAD 562631552173
BAD 562599966199
BAD 562632936169
BAD 562633361911
BAD 562669242403
BAD 562669414763
BAD 562670182387
BAD 562675841729
BAD 562675841731
BAD 562675841737
BAD 562676514559
BAD 562676514563
BAD 562677730309
BAD 562638484951
BAD 562640017607
BAD 562640017609
BAD 562640017613
BAD 562640017637
BAD 562768256027
BAD 562768256033
BAD 562770650971
BAD 562770650989
BAD 562773639229
BAD 562646890153
BAD 562647173251
BAD 562776337639
BAD 562781393033
BAD 562781393047
BAD 562781445943
BAD 562654395773
BAD 562654449067
BAD 562656624331
BAD 562656624337
BAD 562735921933
BAD 562735921939
BAD 562735921963
BAD 562735921973
BAD 562736650849
BAD 562785441611
BAD 562739577949
BAD 562785973339
BAD 562662477331
BAD 562751560171
BAD 562751560213
BAD 562663468069
BAD 562753103161
BAD 562753103251
BAD 562718597101
BAD 562754628679
BAD 562743655249
BAD 562666066583
BAD 562719683923
BAD 562756298233
BAD 562756298261
BAD 562791192893
BAD 562745240069
BAD 562745317703
BAD 562745470543
BAD 562745470549
BAD 562745470561
BAD 562759640609
BAD 562794307987
BAD 562794951113
BAD 562795104559
BAD 562765006651
BAD 562726439089
BAD 562765391501
BAD 562765391509
BAD 562798315507
BAD 562727853299
BAD 562727853301
BAD 562729746053
BAD 562730449591
BAD 562706826727
BAD 562706826733
BAD 562714517081
BAD 562714517083
BAD 562715706757
BAD 562715706769
BAD 562716616753
BAD 562685159693
BAD 562689431303
BAD 562807764317
BAD 562807764319
BAD 562813366169
BAD 562695368681
BAD 562696330019
BAD 562699930823
BAD 562700783677
BAD 562818858053
BAD 562836306611
BAD 562836306631
BAD 562839133081
BAD 562839133099
BAD 562840364431
BAD 562826088613
BAD 562826088619
BAD 562829002559
BAD 562830969199
BAD 562831568371
BAD 562868964533
BAD 562871453971
BAD 562871454017
BAD 562871454043
BAD 562874068223
BAD 562874068231
BAD 562876741463
BAD 562883799263
BAD 562884813541
BAD 562923622883
BAD 562923622889
BAD 562923818057
BAD 562923818059
BAD 562923818063
BAD 562924006793
BAD 562852813669
BAD 562852813673
BAD 562887234211
BAD 562888745879
BAD 562931580949
BAD 562932051901
BAD 562933106377
BAD 562933106399
BAD 562933106401
BAD 562899988921
BAD 562899988927
BAD 562906034633
BAD 562864703833
BAD 562864703839
BAD 562865966759
BAD 562910285347
BAD 562867664431
BAD 562868099093
BAD 562917597149
BAD 562955267629
BAD 562956855977
BAD 562956855983
BAD 562958154853
BAD 562960798073
BAD 562962851557
BAD 562937994617
BAD 562937994643
BAD 562947638639
BAD 562948311143
BAD 562949289769
BAD 562949289781
BAD 562950076697
BAD 562950076699
BAD 562973219843
BAD 562975086943
BAD 562975850911
BAD 563023317889
BAD 563024731757
BAD 562980521533
BAD 562983661547
BAD 562983661549
BAD 562983661553
BAD 563028206033
BAD 562987111213
BAD 562987954273
BAD 562988358869
BAD 562988358871
BAD 562988929067
BAD 562988929081
BAD 563031795503
BAD 563033225773
BAD 563033225837
BAD 562990866211
BAD 563071138453
BAD 563071138457
BAD 563073318781
BAD 563075542039
BAD 562997881703
BAD 562999528841
BAD 563081245789
BAD 563086816867
BAD 563086816871
BAD 563003253073
BAD 563003253077
BAD 563003253079
BAD 563003253083
BAD 563209551623
BAD 563209551629
BAD 563210938841
BAD 563212744693
BAD 563214211531
BAD 563009457233
BAD 563009457247
BAD 563009457277
BAD 563214811837
BAD 563214811849
BAD 563215683103
BAD 563012211353
BAD 563013339241
BAD 563217477709
BAD 563015812787
BAD 563037483587
BAD 563016222749
BAD 563037734723
BAD 563037734731
BAD 563018813993
BAD 563018813999
BAD 563041636967
BAD 563046177877
BAD 563088376913
BAD 563047876427
BAD 563047876429
BAD 563047876439
BAD 563047876441
BAD 563091686077
BAD 563091686119
BAD 563091686123
BAD 563098979761
BAD 563098979767
BAD 563156350357
BAD 563100294193
BAD 563100294199
BAD 563149367597
BAD 563158464709
BAD 563159826311
BAD 563152796491
BAD 563161713409
BAD 563166581017
BAD 563166581041
BAD 563105882923
BAD 563168963419
BAD 563173715303
BAD 563173715309
BAD 563189764607
BAD 563189764609
BAD 563190707867
BAD 563175124339
BAD 563191542323
BAD 563117015333
BAD 563117015359
BAD 563192660599
BAD 563178636001
BAD 563178930283
BAD 563179428767
BAD 563179428769
BAD 563195143297
BAD 563195366917
BAD 563195366963
BAD 563201111791
BAD 563060132563
BAD 563123347001
BAD 563202683447
BAD 563202683453
BAD 563126223659
BAD 563126223661
BAD 563065005751
BAD 563129327903
BAD 563130531833
BAD 563067002419
BAD 563067002423
BAD 563067402481
BAD 563068305001
BAD 563135093821
BAD 563135518927
BAD 563136617957
BAD 563136617959
BAD 563069991391
BAD 563239674817
BAD 563239674821
BAD 563246730173
BAD 563248785049
BAD 563274030841
BAD 563281790933
BAD 563281951279
BAD 563281951307
BAD 563283949561
BAD 563283949567
BAD 563283949603
BAD 563284142249
BAD 563284142251
BAD 563286161239
BAD 563311937921
BAD 563225994497
BAD 563312750477
BAD 563312750479
BAD 563315415517
BAD 563231841871
BAD 563231900333
BAD 563232020737
BAD 563339476409
BAD 563293558943
BAD 563293558951
BAD 563257521721
BAD 563347450793
BAD 563302605841
BAD 563303730013
BAD 563304214751
BAD 563324868559
BAD 563324868563
BAD 563324868583
BAD 563325213631
BAD 563267132039
BAD 563267132041
BAD 563267132101
BAD 563267132123
BAD 563326308739
BAD 563333794489
BAD 563336677049
BAD 563336677051
BAD 563336677087
BAD 563439876151
BAD 563444547319
BAD 563444547331
BAD 563445213223
BAD 563445213229
BAD 563447607953
BAD 563542672969
BAD 563544754673
BAD 563544754679
BAD 563544754681
BAD 563545941121
BAD 563426535979
BAD 563426535983
BAD 563428169071
BAD 563428182287
BAD 563548566859
BAD 563548566863
BAD 563548566871
BAD 563457640033
BAD 563457640043
BAD 563433092371
BAD 563549310721
BAD 563549310743
BAD 563460497581
BAD 563437545997
BAD 563369625283
BAD 563377076071
BAD 563464797169
BAD 563377469569
BAD 563506817759
BAD 563506817761
BAD 563506817779
BAD 563507134373
BAD 563507134433
BAD 563507134441
BAD 563555550127
BAD 563468672113
BAD 563381100277
BAD 563391869609
BAD 563391869611
BAD 563393278159
BAD 563385857077
BAD 563385857081
BAD 563385857101
BAD 563394356153
BAD 563472805603
BAD 563472805793
BAD 563398918321
BAD 563521508489
BAD 563521508509
BAD 563521508533
BAD 563402896621
BAD 563402896633
BAD 563407338493
BAD 563495146759
BAD 563495154589
BAD 563410815199
BAD 563499188191
BAD 563500065707
BAD 563477758741
BAD 563479345727
BAD 563418890711
BAD 563419703003
BAD 563419996813
BAD 563419996819
BAD 563420035127
BAD 563482839757
BAD 563482839761
BAD 563482839763
BAD 563484223943
BAD 563485626947
BAD 563563353193
BAD 563563353203
BAD 563566513981
BAD 563608695277
BAD 563591510453
BAD 563591510467
BAD 563591510473
BAD 563574852391
BAD 563574852397
BAD 563577130043
BAD 563527839907
BAD 563577753601
BAD 563529010103
BAD 563617471267
BAD 563580461911
BAD 563580461923
BAD 563580461929
BAD 563580461933
BAD 563598704971
BAD 563600755979
BAD 563600755981
BAD 563620878571
BAD 563620878581
BAD 563601325187
BAD 563601717677
BAD 563601717683
BAD 563601717691
BAD 563537197261
BAD 563538948451
BAD 563658574343
BAD 563659959529
BAD 563659959547
BAD 563693953727
BAD 563693953729
BAD 563696369783
BAD 563624344733
BAD 563624344771
BAD 563701711691
BAD 563701711693
BAD 563701711697
BAD 563624356111
BAD 563625139919
BAD 563625139939
BAD 563704814899
BAD 563671305103
BAD 563704920313
BAD 563704920319
BAD 563674568731
BAD 563630876257
BAD 563631342083
BAD 563631342089
BAD 563709824011
BAD 563682731713
BAD 563682731719
BAD 563682731723
BAD 563682731749
BAD 563684352463
BAD 563684352467
BAD 563714737979
BAD 563717612041
BAD 563717612047
BAD 563717612053
BAD 563717688013
BAD 563641064647
BAD 563641064663
BAD 563641064669
BAD 563641064671
BAD 563641064687
BAD 563641064689
BAD 563648513993
BAD 563651327443
BAD 563651327489
BAD 563724806341
BAD 563727007853
BAD 563727007951
BAD 563728064671
BAD 563730847453
BAD 563743450819
BAD 563732949259
BAD 563732949281
BAD 563750617789
BAD 563751601313
BAD 563751601319
BAD 563751601321
BAD 563753749733
BAD 563753749739
BAD 563756165057
BAD 563756165059
BAD 563756793571
BAD 563756793581
BAD 563757204481
BAD 563827854643
BAD 563827934653
BAD 563827934669
BAD 563828207671
BAD 563809875383
BAD 563811131029
BAD 563811629477
BAD 563813090899
BAD 563813090903
BAD 563813222701
BAD 563870116399
BAD 563871805843
BAD 563817178999
BAD 563818251013
BAD 563823364859
BAD 563823364861
BAD 563887295141
BAD 563887295143
BAD 563887295149
BAD 563926034731
BAD 563781835531
BAD 563944947899
BAD 563944947901
BAD 563929468189
BAD 563847308467
BAD 563892303593
BAD 563784987551
BAD 563948973173
BAD 563849630989
BAD 563951554063
BAD 563788857829
BAD 563790110119
BAD 563790110123
BAD 563790630587
BAD 563790630589
BAD 563791004263
BAD 563791004281
BAD 563936022737
BAD 563958826831
BAD 563851436459
BAD 563936022739
BAD 563851436461
BAD 563897313481
BAD 563767384373
BAD 563939954371
BAD 563976606779
BAD 563901091357
BAD 563978585077
BAD 563791833233
BAD 563792136893
BAD 563906181733
BAD 563906181743
BAD 563982474079
BAD 563982474091
BAD 563907034057
BAD 563907034063
BAD 563907034069
BAD 563794921321
BAD 563909049023
BAD 563909049037
BAD 563796394199
BAD 563796394223
BAD 563796394237
BAD 563798340601
BAD 563989068217
BAD 563989318253
BAD 563799181727
BAD 563989578883
BAD 563799234547
BAD 563799234553
BAD 563999448121
BAD 564000246209
BAD 564000987503
BAD 563912274313
BAD 564003759901
BAD 563914746457
BAD 563914746491
BAD 563916779483
BAD 563967525227
BAD 563967525229
BAD 563969302639
BAD 563969302643
BAD 563969617769
BAD 564015624259
BAD 564017020373
BAD 563976023887
BAD 564018651961
BAD 564025343347
BAD 564050153983
BAD 564054004609
BAD 564028204163
BAD 564030559243
BAD 564030559249
BAD 564032631739
BAD 564033257101
BAD 564033930091
BAD 564033930151
BAD 564033930157
BAD 564034664903
BAD 564034664909
BAD 564034664911
BAD 564060587063
BAD 564060587071
BAD 564061362719
BAD 564110898583
BAD 564110898587
BAD 564036931699
BAD 564118652453
BAD 564099623809
BAD 564100469437
BAD 564040561769
BAD 564040561771
BAD 564121436551
BAD 564071736961
BAD 564105836159
BAD 564077700547
BAD 564077700569
BAD 564087708007
BAD 564088003559
BAD 564088003561
BAD 564093359701
BAD 564093359749
BAD 564144354043
BAD 564144354047
BAD 564148406911
BAD 564148406929
BAD 564148406933
BAD 564148406989
BAD 564149035741
BAD 564149050219
BAD 564129709993
BAD 564158507849
BAD 564158507851
BAD 564136846201
BAD 564198013943
BAD 564200206079
BAD 564200206081
BAD 564200772743
BAD 564315181459
BAD 564296744681
BAD 564296744701
BAD 564316936879
BAD 564316936891
BAD 564316936901
BAD 564316936903
BAD 564297329093
BAD 564299318599
BAD 564299926193
BAD 564300873139
BAD 564300873151
BAD 564320909963
BAD 564412511857
BAD 564304150919
BAD 564323730431
BAD 564323730433
BAD 564323730437
BAD 564304515503
BAD 564419217449
BAD 564419217451
BAD 564419470369
BAD 564166749361
BAD 564166749383
BAD 564422808379
BAD 564170709031
BAD 564427791061
BAD 564176918663
BAD 564181595171
BAD 564345409807
BAD 564182750137
BAD 564184672061
BAD 564348770443
BAD 564187823701
BAD 564351075031
BAD 564189556433
BAD 564232378337
BAD 564232378363
BAD 564232378403
BAD 564211106527
BAD 564211106531
BAD 564211106573
BAD 564192269033
BAD 564234767233
BAD 564213903053
BAD 564193329809
BAD 564193329811
BAD 564193329829
BAD 564216128579
BAD 564245118743
BAD 564239201839
BAD 564217880987
BAD 564240808697
BAD 564240808723
BAD 564240808757
BAD 564240808759
BAD 564240808763
BAD 564359283619
BAD 564241848223
BAD 564284827019
BAD 564284827021
BAD 564284827031
BAD 564284827033
BAD 564361505797
BAD 564250064179
BAD 564250248949
BAD 564286895101
BAD 564286895143
BAD 564397365409
BAD 564254594311
BAD 564381486217
BAD 564381486233
BAD 564369980191
BAD 564399877051
BAD 564402027533
BAD 564336134129
BAD 564336134137
BAD 564373507549
BAD 564337172563
BAD 564386866669
BAD 564375088973
BAD 564375192617
BAD 564375192653
BAD 564375192659
BAD 564259474423
BAD 564387896801
BAD 564387896803
BAD 564388465441
BAD 564388465447
BAD 564388465451
BAD 564388465453
BAD 564388465457
BAD 564388802521
BAD 564260460877
BAD 564339073733
BAD 564261170311
BAD 564340895869
BAD 564395133493
BAD 564395368133
BAD 564344528453
BAD 564344528459
BAD 564344531147
BAD 564262447549
BAD 564265987981
BAD 564268764803
BAD 564270187603
BAD 564272428543
BAD 564274667239
BAD 564276523973
BAD 564499662679
BAD 564502849849
BAD 564502849853
BAD 564502849861
BAD 564503290433
BAD 564504074843
BAD 564504992813
BAD 564504992839
BAD 564482284297
BAD 564483695183
BAD 564487472231
BAD 564490673507
BAD 564447261901
BAD 564454066879
BAD 564519311233
BAD 564521087359
BAD 564528019733
BAD 564437811737
BAD 564437811739
BAD 564437992219
BAD 564437992253
BAD 564464732543
BAD 564464732551
BAD 564438747469
BAD 564438747473
BAD 564440929771
BAD 564441320341
BAD 564473037143
BAD 564535245683
BAD 564535914223
BAD 564536136739
BAD 564539390423
BAD 564541567243
BAD 564541940603
BAD 564551285131
BAD 564551285153
BAD 564552304123
BAD 564557902487
BAD 564581452261
BAD 564584195117
BAD 564585665519
BAD 564585665521
BAD 564585665533
BAD 564585665537
BAD 564589462651
BAD 564590120293
BAD 564590544589
BAD 564590544593
BAD 564591520579
BAD 564591520583
BAD 564727580897
BAD 564727580899
BAD 564727580903
BAD 564728783989
BAD 564730907779
BAD 564735290221
BAD 564650431453
BAD 564735626341
BAD 564685147699
BAD 564685147723
BAD 564737112649
BAD 564688550287
BAD 564655077251
BAD 564688550291
BAD 564688550303
BAD 564737618617
BAD 564625623073
BAD 564625623077
BAD 564670173107
BAD 564627590119
BAD 564627590123
BAD 564692557007
BAD 564741294661
BAD 564741294713
BAD 564697976543
BAD 564698337943
BAD 564698337967
BAD 564698337971
BAD 564742721219
BAD 564662469199
BAD 564700592933
BAD 564700805177
BAD 564747346459
BAD 564747346463
BAD 564704395397
BAD 564707220773
BAD 564766405163
BAD 564708189841
BAD 564709381403
BAD 564709908271
BAD 564709908289
BAD 564709908293
BAD 564712854241
BAD 564772477673
BAD 564713633093
BAD 564713823073
BAD 564776252671
BAD 564791510209
BAD 564791510243
BAD 564791674703
BAD 564793841167
BAD 564798194063
BAD 564837195887
BAD 564839627161
BAD 564867303509
BAD 564870782941
BAD 564817306121
BAD 564817306129
BAD 564817306133
BAD 564566084671
BAD 564876662143
BAD 564822719017
BAD 564570242189
BAD 564570242191
BAD 564571303633
BAD 564879745193
BAD 564571947013
BAD 564824129783
BAD 564598645469
BAD 564829074301
BAD 564829074307
BAD 564830111693
BAD 564830111717
BAD 564830368393
BAD 564605835889
BAD 564606486439
BAD 564606486443
BAD 564606981353
BAD 564608652229
BAD 564608652241
BAD 564610336561
BAD 564610794389
BAD 564748741811
BAD 564748741813
BAD 564851941627
BAD 564851941639
BAD 564852478471
BAD 564752355691
BAD 564855932983
BAD 564753828421
BAD 564754982191
BAD 564632313409
BAD 564758660387
BAD 564799402009
BAD 564799607311
BAD 564640390553
BAD 564640390571
BAD 564762710179
BAD 564762757777
BAD 564805573613
BAD 564805573621
BAD 564644849627
BAD 564806013571
BAD 564806013581
BAD 564808508149
BAD 564808508177
BAD 564808508179
BAD 564813782573
BAD 564885977839
BAD 564889030169
BAD 564890090509
BAD 564890721869
BAD 564893545757
BAD 564893545759
BAD 564893861269
BAD 564893861281
BAD 564895600363
BAD 564918460459
BAD 564924409187
BAD 564924409193
BAD 564925773221
BAD 564926678821
BAD 564953609713
BAD 564900358207
BAD 564903987601
BAD 564903987607
BAD 564958916113
BAD 564959135291
BAD 564905909671
BAD 564906079483
BAD 564965849221
BAD 564933916069
BAD 564933916073
BAD 564933916081
BAD 564933916097
BAD 564938514979
BAD 564938514983
BAD 564938814943
BAD 564943379353
BAD 564945659219
BAD 564945659221
BAD 564946190917
BAD 564949220161
BAD 565003267943
BAD 565012708921
BAD 565102952473
BAD 565122231407
BAD 565107976493
BAD 565123935713
BAD 565110874987
BAD 565111880033
BAD 565116403217
BAD 565116403219
BAD 565116403249
BAD 564966315031
BAD 565132175221
BAD 564968577083
BAD 564968577091
BAD 565132712383
BAD 565135465963
BAD 564971851139
BAD 564971851141
BAD 565137942463
BAD 565137942469
BAD 564973309129
BAD 564973309133
BAD 564973309157
BAD 565153731113
BAD 564975713459
BAD 564975713461
BAD 564978594839
BAD 564978594841
BAD 565164389899
BAD 565218546931
BAD 565164659699
BAD 565164659701
BAD 565165446931
BAD 565165446983
BAD 565220852243
BAD 565022391523
BAD 565223018033
BAD 565051415507
BAD 564983397773
BAD 565026436391
BAD 565072984981
BAD 565072985003
BAD 565084038929
BAD 565084038931
BAD 565084038949
BAD 565075498531
BAD 564988605221
BAD 565059996211
BAD 565032209993
BAD 565234078249
BAD 565032209999
BAD 565032922217
BAD 565032922219
BAD 564989711603
BAD 565088455571
BAD 564990510769
BAD 565089618733
BAD 564992283517
BAD 564994772843
BAD 564995882851
BAD 565093033093
BAD 565093033097
BAD 565093033103
BAD 564998849341
BAD 564998849353
BAD 565097356639
BAD 565040313443
BAD 565040313457
BAD 565185057413
BAD 565185645221
BAD 565189048663
BAD 565189048667
BAD 565189048673
BAD 565206264871
BAD 565206264877
BAD 565195043629
BAD 565197056701
BAD 565197056707
BAD 565199039413
BAD 565256741681
BAD 565258616453
BAD 565258616459
BAD 565261924109
BAD 565261924111
BAD 565262020493
BAD 565265241923
BAD 565265980277
BAD 565265980283
BAD 565267582021
BAD 565168550491
BAD 565168550497
BAD 565173320689
BAD 565181331233
BAD 565182424759
BAD 565235205463
BAD 565272660083
BAD 565236689933
BAD 565236689939
BAD 565238633107
BAD 565238633111
BAD 565238633119
BAD 565238810933
BAD 565276880677
BAD 565276880681
BAD 565276880683
BAD 565239968221
BAD 565278805219
BAD 565281299131
BAD 565244314867
BAD 565244314891
BAD 565246900489
BAD 565247379269
BAD 565249339493
BAD 565286058289
BAD 565288619353
BAD 565293075667
BAD 565293075673
BAD 565299223501
BAD 565299702983
BAD 565300918843
BAD 565323956473
BAD 565323956513
BAD 565323956521
BAD 565326721931
BAD 565330899323
BAD 565332944279
BAD 565333107223
BAD 565333769813
BAD 565333769821
BAD 565334738809
BAD 565334738821
BAD 565303700893
BAD 565310001533
BAD 565310238301
BAD 565310238307
BAD 565336803769
BAD 565338377663
BAD 565338774577
BAD 565338774589
BAD 565312589719
BAD 565316300713
BAD 565316300719
BAD 565316300723
BAD 565316300729
BAD 565317928883
BAD 565317928907
BAD 565346559619
BAD 565347017803
BAD 565347017813
BAD 565373650279
BAD 565373650291
BAD 565379185403
BAD 565384022743
BAD 565352920633
BAD 565353582401
BAD 565353582403
BAD 565353582407
BAD 565388857603
BAD 565388857609
BAD 565388857613
BAD 565389800123
BAD 565390215113
BAD 565363242439
BAD 565363242449
BAD 565363242461
BAD 565395984203
BAD 565366089697
BAD 565366089709
BAD 565402055873
BAD 565436809453
BAD 565436809459
BAD 565440447181
BAD 565440447191
BAD 565446652297
BAD 565446762091
BAD 565446931481
BAD 565447724381
BAD 565447724383
BAD 565447724389
BAD 565450237307
BAD 565450237309
BAD 565451635919
BAD 565451635921
BAD 565461055373
BAD 565462958791
BAD 565462958807
BAD 565426182721
BAD 565467791269
BAD 565428675781
BAD 565474410533
BAD 565474410547
BAD 565430866393
BAD 565433453777
BAD 565434444473
BAD 565479165263
BAD 565480216087
BAD 565484579987
BAD 565484579993
BAD 565485775879
BAD 565537718611
BAD 565486625657
BAD 565486625659
BAD 565402880797
BAD 565402880803
BAD 565489074433
BAD 565489074439
BAD 565489074443
BAD 565540851817
BAD 565540851823
BAD 565507251787
BAD 565556221159
BAD 565556964241
BAD 565406672869
BAD 565406672881
BAD 565545169843
BAD 565545169853
BAD 565545169859
BAD 565493724409
BAD 565493724413
BAD 565493911979
BAD 565493911981
BAD 565558715599
BAD 565524066463
BAD 565524652271
BAD 565408860983
BAD 565495410391
BAD 565495410397
BAD 565495410413
BAD 565513237889
BAD 565572914873
BAD 565411663213
BAD 565495410427
BAD 565526519413
BAD 565548438023
BAD 565411663231
BAD 565411909217
BAD 565411909219
BAD 565549199461
BAD 565412540767
BAD 565496820919
BAD 565639409911
BAD 565640310659
BAD 565640310661
BAD 565640310689
BAD 565640310691
BAD 565515778591
BAD 565577582281
BAD 565577582291
BAD 565577582293
BAD 565561478413
BAD 565577690831
BAD 565577690833
BAD 565577690837
BAD 565577808713
BAD 565530588683
BAD 565643479117
BAD 565531610767
BAD 565534389391
BAD 565582713967
BAD 565656487351
BAD 565534880723
BAD 565583408473
BAD 565648613743
BAD 565648613753
BAD 565657589723
BAD 565649191981
BAD 565660364917
BAD 565660365013
BAD 565661254793
BAD 565661254799
BAD 565661254801
BAD 565663915769
BAD 565664343721
BAD 565665685339
BAD 565670836153
BAD 565668268103
BAD 565672077679
BAD 565669715803
BAD 565673398193
BAD 565675931551
BAD 565608492289
BAD 565608492299
BAD 565608492301
BAD 565608651793
BAD 565684759733
BAD 565686793909
BAD 565686793913
BAD 565615361921
BAD 565615361923
BAD 565617910777
BAD 565589737171
BAD 565589737177
BAD 565592792599
BAD 565602402647
BAD 565602402649
BAD 565603436113
BAD 565704856373
BAD 565714953589
BAD 565714953623
BAD 565717712213
BAD 565758076073
BAD 565723780753
BAD 565760008123
BAD 565725667757
BAD 565729484273
BAD 565729557751
BAD 565729557773
BAD 565764792863
BAD 565767301013
BAD 565768487833
BAD 565768909103
BAD 565768909109
BAD 565736436781
BAD 565736436799
BAD 565736596771
BAD 565736596787
BAD 565736596793
BAD 565745589571
BAD 565746205657
BAD 565687876211
BAD 565748805781
BAD 565748984419
BAD 565749400861
BAD 565749400907
BAD 565691415323
BAD 565752626531
BAD 565752626533
BAD 565753021811
BAD 565695681337
BAD 565695681349
BAD 565695685403
BAD 565702362143
BAD 565702362167
BAD 565702940861
BAD 565702940863
BAD 565703342341
BAD 565703342359
BAD 565703342363
BAD 565703342371
BAD 565775558209
BAD 565780563851
BAD 565780806931
BAD 565786146077
BAD 565789144381
BAD 565789144387
BAD 565795979389
BAD 565798398931
BAD 565798837463
BAD 565800678853
BAD 565802671633
BAD 565802671673
BAD 565832282767
BAD 565839479551
BAD 565836410773
BAD 565844898601
BAD 565844898623
BAD 565845862763
BAD 565991646109
BAD 565991646113
BAD 565992330587
BAD 565992892999
BAD 565992893003
BAD 565993404061
BAD 566002257517
BAD 566002257521
BAD 566002257523
BAD 566002257529
BAD 566002257533
BAD 566003051693
BAD 566004232141
BAD 565855809929
BAD 565855809931
BAD 566005826431
BAD 565858939033
BAD 565860178823
BAD 565861552369
BAD 565862906671
BAD 565865274983
BAD 565809884209
BAD 565867456951
BAD 565907335823
BAD 565907335841
BAD 565889362327
BAD 565818560641
BAD 565890071333
BAD 566025389401
BAD 566026074631
BAD 566026104113
BAD 565891608869
BAD 565891608871
BAD 565959223483
BAD 565912560691
BAD 565913104073
BAD 566028201931
BAD 565914131243
BAD 565915428413
BAD 566074969819
BAD 565896017509
BAD 565896017513
BAD 565896374503
BAD 565896957707
BAD 565896957721
BAD 566030700271
BAD 565820691221
BAD 566077227743
BAD 565919308133
BAD 565963544987
BAD 565963544989
BAD 565963545013
BAD 565900240357
BAD 566044078651
BAD 566079504583
BAD 566079504587
BAD 565966307891
BAD 565926553351
BAD 566046188633
BAD 565966968841
BAD 566037247511
BAD 566037247513
BAD 566058135413
BAD 565968849079
BAD 565941659903
BAD 565969176037
BAD 565930151401
BAD 565930151407
BAD 565930151429
BAD 565942912279
BAD 565942912289
BAD 565942912291
BAD 566060672609
BAD 566051114219
BAD 566051114221
BAD 566085795349
BAD 566051559841
BAD 565944679343
BAD 565945337359
BAD 565945836593
BAD 565934004221
BAD 565946907481
BAD 566053785763
BAD 566064070081
BAD 565980998029
BAD 565935124141
BAD 566054981389
BAD 565982735543
BAD 565936780831
BAD 565936780837
BAD 565936780853
BAD 565936780867
BAD 565936780873
BAD 565984241939
BAD 565984241941
BAD 565986677041
BAD 565953765151
BAD 565875474533
BAD 566010994193
BAD 566013177953
BAD 565878815933
BAD 565878816031
BAD 566014545983
BAD 566014570003
BAD 566014570007
BAD 566015530789
BAD 565883222629
BAD 565883222657
BAD 565883222659
BAD 565884600961
BAD 565887040241
BAD 566090777393
BAD 566124762871
BAD 566125133477
BAD 566125133479
BAD 566125133537
BAD 566094266267
BAD 566132124907
BAD 566132313673
BAD 566095178227
BAD 566096452093
BAD 566136844439
BAD 566137025329
BAD 566098825847
BAD 566098825849
BAD 566139469901
BAD 566099429243
BAD 566099429251
BAD 566100114953
BAD 566110663973
BAD 566111671093
BAD 566113105729
BAD 566113105741
BAD 566114189843
BAD 566115657487
BAD 566208357653
BAD 566120639083
BAD 566120639087
BAD 566120639089
BAD 566141903101
BAD 566144582221
BAD 566144582231
BAD 566144582233
BAD 566215404851
BAD 566147310037
BAD 566147310041
BAD 566147310121
BAD 566217058439
BAD 566217058441
BAD 566174383813
BAD 566158140841
BAD 566174911223
BAD 566159352139
BAD 566220970439
BAD 566221459261
BAD 566153381797
BAD 566153381839
BAD 566180344531
BAD 566180593763
BAD 566180593777
BAD 566164674083
BAD 566186606911
BAD 566187713263
BAD 566187713269
BAD 566172716933
BAD 566172947807
BAD 566172947869
BAD 566189010901
BAD 566190460063
BAD 566192347187
BAD 566199978811
BAD 566201415271
BAD 566201415287
BAD 566201415289
BAD 566201415293
BAD 566226879209
BAD 566226928481
BAD 566226928483
BAD 566226928489
BAD 566226928523
BAD 566226928541
BAD 566226928543
BAD 566227815511
BAD 566229674587
BAD 566230153651
BAD 566233702277
BAD 566234187487
BAD 566238138721
BAD 566240166301
BAD 566240229917
BAD 566240787043
BAD 566277653203
BAD 566279458763
BAD 566283746957
BAD 566466519979
BAD 566243755243
BAD 566286756587
BAD 566287203143
BAD 566288004229
BAD 566248685693
BAD 566392476809
BAD 566293346929
BAD 566293346953
BAD 566265111491
BAD 566265111493
BAD 566361458869
BAD 566394727763
BAD 566296899589
BAD 566396792471
BAD 566396792473
BAD 566366250223
BAD 566398714397
BAD 566313989749
BAD 566313989753
BAD 566301161317
BAD 566301521563
BAD 566302773019
BAD 566302773053
BAD 566315742739
BAD 566315742763
BAD 566316836179
BAD 566371732463
BAD 566321286299
BAD 566321286301
BAD 566374648061
BAD 566406014987
BAD 566273462863
BAD 566406014989
BAD 566374934063
BAD 566449741831
BAD 566478745649
BAD 566478745673
BAD 566480309729
BAD 566452035733
BAD 566452035739
BAD 566484385837
BAD 566456819927
BAD 566486160241
BAD 566486886113
BAD 566487779119
BAD 566377779943
BAD 566378379337
BAD 566378379341
BAD 566378658059
BAD 566378658113
BAD 566379073457
BAD 566379073459
BAD 566379073471
BAD 566409564199
BAD 566435962681
BAD 566413571701
BAD 566437172479
BAD 566415138661
BAD 566420488441
BAD 566420488451
BAD 566420488453
BAD 566325587717
BAD 566325587719
BAD 566327800993
BAD 566327800999
BAD 566332585339
BAD 566332977761
BAD 566347157933
BAD 566337155273
BAD 566347565983
BAD 566350954937
BAD 566350954951
BAD 566350955063
BAD 566351307871
BAD 566351307877
BAD 566351307881
BAD 566351307883
BAD 566351307911
BAD 566351307913
BAD 566351307917
BAD 566355790621
BAD 566355790643
BAD 566355879343
BAD 566513738983
BAD 566516180939
BAD 566516180941
BAD 566516180947
BAD 566517433723
BAD 566499032299
BAD 566499032303
BAD 566582899549
BAD 566582899651
BAD 566522893093
BAD 566523298681
BAD 566584878863
BAD 566585318323
BAD 566524747253
BAD 566524747267
BAD 566588421829
BAD 566507541583
BAD 566508576677
BAD 566508576679
BAD 566594664149
BAD 566598846439
BAD 566605105747
BAD 566605105753
BAD 566605105757
BAD 566607216551
BAD 566607216613
BAD 566607231661
BAD 566613057781
BAD 566630664079
BAD 566631339431
BAD 566631339433
BAD 566615816827
BAD 566618348209
BAD 566634686413
BAD 566634686417
BAD 566634686419
BAD 566623140989
BAD 566623862729
BAD 566623862731
BAD 566549004127
BAD 566550466787
BAD 566550466789
BAD 566550710881
BAD 566553631913
BAD 566553631921
BAD 566556653951
BAD 566556653953
BAD 566557385903
BAD 566534437111
BAD 566536561013
BAD 566536887019
BAD 566538002881
BAD 566565010901
BAD 566566874683
BAD 566566874693
BAD 566572509863
BAD 566573574887
BAD 566574344513
BAD 566575422781
BAD 566746732711
BAD 566748498793
BAD 566748498803
BAD 566749161593
BAD 566749621853
BAD 566749621883
BAD 566752173901
BAD 566752173913
BAD 566753409661
BAD 566756894521
BAD 566863086931
BAD 566661069811
BAD 566661069817
BAD 566661069833
BAD 566647698203
BAD 566647698209
BAD 566694893761
BAD 566763036067
BAD 566767169581
BAD 566768795071
BAD 566736308689
BAD 566674338589
BAD 566674338599
BAD 566674455817
BAD 566674455827
BAD 566674455847
BAD 566726475709
BAD 566675853907
BAD 566778676993
BAD 566773519223
BAD 566741301193
BAD 566741405473
BAD 566741494313
BAD 566782504039
BAD 566776719181
BAD 566743107353
BAD 566743107367
BAD 566656238833
BAD 566878087277
BAD 566785289803
BAD 566878553629
BAD 566657450899
BAD 566705145709
BAD 566658580931
BAD 566658580933
BAD 566850046471
BAD 566850046481
BAD 566800410019
BAD 566800410023
BAD 566800410031
BAD 566708904481
BAD 566789214473
BAD 566789214479
BAD 566710843021
BAD 566791954219
BAD 566854421033
BAD 566808211667
BAD 566857486771
BAD 566858529241
BAD 566858529247
BAD 566886038269
BAD 566886038273
BAD 566890739101
BAD 566834633539
BAD 566892339121
BAD 566894352559
BAD 566814161101
BAD 566840774579
BAD 566840774581
BAD 566841661583
BAD 566841661591
BAD 566818052807
BAD 566818574923
BAD 566823741439
BAD 566932887007
BAD 566932887127
BAD 566935115843
BAD 566937716221
BAD 566937716227
BAD 566937716231
BAD 566937721331
BAD 566937721333
BAD 566937721351
BAD 566940054937
BAD 566940564797
BAD 566940564803
BAD 566940851041
BAD 566919326059
BAD 566919326063
BAD 566941867057
BAD 566943612421
BAD 566943612427
BAD 566991522079
BAD 566993301829
BAD 566994808043
BAD 567017111057
BAD 567018423877
BAD 567023409499
BAD 567023409503
BAD 566997887087
BAD 566997887089
BAD 566898180049
BAD 567026660069
BAD 567027218809
BAD 567028891003
BAD 567028891007
BAD 566947778633
BAD 566908153753
BAD 566948600347
BAD 567012202109
BAD 566951108599
BAD 566951108611
BAD 566951108617
BAD 566969462201
BAD 566969462203
BAD 566969462251
BAD 566970528769
BAD 566971900751
BAD 566958118009
BAD 566958118043
BAD 566975129299
BAD 566977563811
BAD 567031336219
BAD 567042497429
BAD 567065077783
BAD 567048017779
BAD 567073319341
BAD 567073563593
BAD 567073563601
BAD 567073563619
BAD 567076115453
BAD 567076115467
BAD 567076115471
BAD 567167518039
BAD 567168586487
BAD 567168586489
BAD 567168724597
BAD 567168724657
BAD 567168724673
BAD 567168724691
BAD 567168724693
BAD 567169973893
BAD 567173088949
BAD 567062994361
BAD 567177726769
BAD 567231315619
BAD 567231328931
BAD 567231328933
BAD 567232075733
BAD 567232075741
BAD 567179767951
BAD 567235867777
BAD 567238310047
BAD 567238310059
BAD 567238310063
BAD 567240259813
BAD 567242573011
BAD 567100571333
BAD 567100571357
BAD 567103460401
BAD 567246105563
BAD 567281845397
BAD 567281845399
BAD 567104279081
BAD 567104279083
BAD 567104279087
BAD 567253017187
BAD 567285533081
BAD 567107078149
BAD 567108898021
BAD 567117085891
BAD 567117085897
BAD 567117334087
BAD 567291184489
BAD 567117726503
BAD 567117726509
BAD 567259812677
BAD 567259812697
BAD 567119174359
BAD 567119754167
BAD 567119754169
BAD 567131399407
BAD 567120271279
BAD 567120271309
BAD 567218174407
BAD 567218303359
BAD 567079996583
BAD 567079996591
BAD 567121097423
BAD 567132379507
BAD 567132379511
BAD 567296774521
BAD 567133744703
BAD 567220913929
BAD 567220913933
BAD 567125650243
BAD 567221627249
BAD 567221627251
BAD 567126777431
BAD 567126777433
BAD 567126777439
BAD 567127045201
BAD 567150158371
BAD 567087456499
BAD 567127728499
BAD 567127728509
BAD 567127728511
BAD 567127750817
BAD 567152062441
BAD 567154654463
BAD 567154654471
BAD 567129636247
BAD 567092496161
BAD 567092496163
BAD 567092496181
BAD 567227743673
BAD 567227743703
BAD 567093683483
BAD 567229620019
BAD 567162716723
BAD 567268310153
BAD 567268437529
BAD 567272127833
BAD 567272127841
BAD 567277260983
BAD 567181073689
BAD 567200664413
BAD 567186183799
BAD 567325823599
BAD 567188294213
BAD 567329594459
BAD 567191011609
BAD 567191011613
BAD 567210645013
BAD 567382234457
BAD 567382234459
BAD 567385257233
BAD 567331665247
BAD 567331665253
BAD 567334601347
BAD 567334787543
BAD 567335151571
BAD 567335151577
BAD 567335151587
BAD 567335151589
BAD 567349026173
BAD 567399746281
BAD 567421570453
BAD 567367545401
BAD 567367545403
BAD 567350677193
BAD 567368825483
BAD 567423825743
BAD 567370126403
BAD 567393882673
BAD 567393882683
BAD 567394798309
BAD 567394921201
BAD 567341689393
BAD 567354283429
BAD 567427448209
BAD 567428264363
BAD 567428264467
BAD 567428264479
BAD 567343420337
BAD 567343420339
BAD 567344146429
BAD 567344146433
BAD 567344146441
BAD 567412705907
BAD 567412705921
BAD 567358693949
BAD 567379161751
BAD 567379195321
BAD 567381561893
BAD 567299783693
BAD 567300044627
BAD 567300044629
BAD 567300208073
BAD 567300350231
BAD 567300411347
BAD 567300723863
BAD 567304833607
BAD 567305777611
BAD 567312315139
BAD 567312596869
BAD 567436855357
BAD 567436855361
BAD 567441199123
BAD 567441199133
BAD 567441663077
BAD 567442370161
BAD 567444927877
BAD 567444928423
BAD 567447067463
BAD 567449456881
BAD 567452292443
BAD 567454606973
BAD 567457665451
BAD 567462709637
BAD 567464793781
BAD 567465176671
BAD 567482737817
BAD 567482737819
BAD 567482968099
BAD 567484535543
BAD 567485549551
BAD 567487302841
BAD 567487938397
BAD 567487938401
BAD 567487938403
BAD 567496201513
BAD 567498231583
BAD 567498231593
BAD 567510457711
BAD 567511723283
BAD 567513036199
BAD 567513875161
BAD 567669112859
BAD 567670410667
BAD 567468988579
BAD 567468988591
BAD 567468988613
BAD 567470940811
BAD 567676033849
BAD 567676159909
BAD 567678981973
BAD 567678981977
BAD 567678981979
BAD 567601495291
BAD 567601621511
BAD 567601621513
BAD 567566662853
BAD 567602046097
BAD 567602046103
BAD 567602046107
BAD 567553261183
BAD 567567808403
BAD 567604191629
BAD 567604191631
BAD 567567885097
BAD 567604558099
BAD 567608198393
BAD 567609144073
BAD 567610411409
BAD 567610411411
BAD 567557366737
BAD 567597950551
BAD 567597950561
BAD 567557710043
BAD 567614860453
BAD 567633887671
BAD 567633887677
BAD 567599717809
BAD 567599717813
BAD 567579645511
BAD 567581375741
BAD 567581375759
BAD 567581375761
BAD 567640461233
BAD 567641402269
BAD 567643148843
BAD 567645290593
BAD 567684052643
BAD 567645933583
BAD 567618508283
BAD 567653224693
BAD 567618672637
BAD 567648308453
BAD 567619917097
BAD 567619917103
BAD 567619917107
BAD 567689198003
BAD 567622562629
BAD 567548922797
BAD 567548922799
BAD 567660009677
BAD 567696768113
BAD 567628667429
BAD 567666514577
BAD 567666514579
BAD 567718052521
BAD 567718052527
BAD 567718079381
BAD 567718079387
BAD 567718079389
BAD 567718079393
BAD 567802458679
BAD 567521074993
BAD 567521232133
BAD 567808831703
BAD 567808831727
BAD 567725228879
BAD 567725228881
BAD 567726414961
BAD 567525301099
BAD 567525301103
BAD 567526347811
BAD 567811600163
BAD 567728251729
BAD 567728251733
BAD 567527587873
BAD 567527587877
BAD 567812448859
BAD 567812448877
BAD 567527777959
BAD 567812717323
BAD 567812773981
BAD 567529723261
BAD 567814714513
BAD 567815314111
BAD 567531153289
BAD 567531153307
BAD 567531153421
BAD 567816384323
BAD 567733399193
BAD 567733399249
BAD 567817164683
BAD 567704639017
BAD 567704639023
BAD 567709198583
BAD 567768415399
BAD 567717180473
BAD 567773470423
BAD 567774032099
BAD 567774032101
BAD 567779863649
BAD 567779872081
BAD 567762243337
BAD 567764263387
BAD 567783055289
BAD 567783055291
BAD 567783791657
BAD 567766864801
BAD 567766864813
BAD 567767614543
BAD 567785855737
BAD 567786647023
BAD 567786647033
BAD 567820658707
BAD 567742785223
BAD 567743584171
BAD 567743584237
BAD 567744220961
BAD 567744220963
BAD 567744220969
BAD 567744220973
BAD 567794312809
BAD 567823433509
BAD 567748002197
BAD 567748002203
BAD 567798847799
BAD 567749420593
BAD 567749420599
BAD 567749420603
BAD 567799684493
BAD 567750598489
BAD 567827569103
BAD 567828511387
BAD 567832074443
BAD 567833606003
BAD 567834428831
BAD 567834428839
BAD 567834428873
BAD 567834428879
BAD 567835486081
BAD 567835486091
BAD 567835486093
BAD 567840601129
BAD 567842156053
BAD 567843252023
BAD 567848073427
BAD 567849345409
BAD 567855294757
BAD 567867373399
BAD 567872267761
BAD 567874352659
BAD 567874352663
BAD 567879979027
BAD 567879979039
BAD 567880079243
BAD 567881210293
BAD 567883690579
BAD 568019556187
BAD 568019556191
BAD 568019556199
BAD 568021576957
BAD 568025411047
BAD 568025411053
BAD 568025411059
BAD 568025738603
BAD 568105943851
BAD 568107931561
BAD 568031291101
BAD 568031339809
BAD 568109587447
BAD 568110710273
BAD 568111364449
BAD 568035321991
BAD 568035322027
BAD 568035322031
BAD 567888700133
BAD 567888700193
BAD 567888700201
BAD 567888700207
BAD 567893700901
BAD 567894228439
BAD 567894228443
BAD 567895805723
BAD 567895805731
BAD 567897645257
BAD 567901935079
BAD 568004652713
BAD 567943517369
BAD 568006865989
BAD 568007200897
BAD 567957238307
BAD 567957238309
BAD 567987292729
BAD 568013595917
BAD 567950186569
BAD 567960708353
BAD 567988402369
BAD 568014964603
BAD 568122443563
BAD 567991309147
BAD 568122704993
BAD 567919965241
BAD 568125075409
BAD 567919965247
BAD 568125075503
BAD 568125299957
BAD 568125984823
BAD 567967593691
BAD 567968215657
BAD 567905195461
BAD 567905195597
BAD 568043686141
BAD 567907737091
BAD 567907737097
BAD 568045321369
BAD 568130475083
BAD 568130475091
BAD 568130475097
BAD 567909430103
BAD 568223746249
BAD 568223746253
BAD 567926335309
BAD 567926335321
BAD 568133027557
BAD 568133027573
BAD 568133027621
BAD 567911726491
BAD 568133450099
BAD 568225716361
BAD 568225716371
BAD 568225716391
BAD 568048866023
BAD 568048866037
BAD 567928002853
BAD 567928002857
BAD 568088763961
BAD 567928732507
BAD 567914839189
BAD 568135948999
BAD 568136721419
BAD 568229181301
BAD 568158715591
BAD 568158740231
BAD 567918130657
BAD 568093013441
BAD 568232193511
BAD 568232193527
BAD 567933610949
BAD 568232595241
BAD 568232595247
BAD 568232595257
BAD 568160221819
BAD 568160462461
BAD 568094480753
BAD 568162968631
BAD 568099257127
BAD 568099257541
BAD 568100518561
BAD 568166972851
BAD 568054936753
BAD 568100967859
BAD 568100967869
BAD 568184359231
BAD 568217148691
BAD 568072404983
BAD 568072405013
BAD 568072405031
BAD 568169687489
BAD 568169687513
BAD 568189348711
BAD 568218119813
BAD 568138669621
BAD 568138669627
BAD 568138669649
BAD 568140040837
BAD 568192754683
BAD 568192754687
BAD 568194354883
BAD 568195115549
BAD 568143142069
BAD 568081162741
BAD 568066370759
BAD 568066370761
BAD 568202641771
BAD 567973999279
BAD 567973999283
BAD 567973999289
BAD 567973999291
BAD 567973999297
BAD 567976294219
BAD 567978091693
BAD 567979224383
BAD 567982504013
BAD 567982504021
BAD 567983317621
BAD 567985802017
BAD 568262206027
BAD 568264653769
BAD 568264653773
BAD 568269336367
BAD 568239719713
BAD 568244167303
BAD 568251227699
BAD 568251227701
BAD 568271600509
BAD 568271600513
BAD 568271613859
BAD 568271613863
BAD 568271613883
BAD 568277358899
BAD 568288276051
BAD 568288276069
BAD 568296630533
BAD 568301196581
BAD 568344530713
BAD 568525234577
BAD 568352581523
BAD 568531806677
BAD 568531806679
BAD 568531806683
BAD 568533213239
BAD 568642069663
BAD 568642069711
BAD 568650836363
BAD 568653798709
BAD 568653798751
BAD 568656682687
BAD 568656682733
BAD 568477374397
BAD 568509452461
BAD 568510674631
BAD 568492389043
BAD 568512633769
BAD 568512636557
BAD 568512636563
BAD 568426419529
BAD 568514145391
BAD 568515794029
BAD 568374790051
BAD 568394883593
BAD 568517530507
BAD 568517530519
BAD 568486948163
BAD 568486948171
BAD 568487766653
BAD 568487766661
BAD 568487766667
BAD 568487766677
BAD 568487821579
BAD 568500171823
BAD 568433612347
BAD 568433905103
BAD 568559822731
BAD 568502599801
BAD 568358371043
BAD 568402056811
BAD 568436013701
BAD 568436013703
BAD 568360261939
BAD 568438222699
BAD 568385158643
BAD 568385158673
BAD 568385279269
BAD 568564109329
BAD 568387279781
BAD 568387279783
BAD 568387279787
BAD 568566250229
BAD 568366282507
BAD 568567923841
BAD 568568246251
BAD 568367550923
BAD 568367550929
BAD 568367550931
BAD 568370966671
BAD 568447804129
BAD 568322725361
BAD 568322725363
BAD 568417271809
BAD 568453156013
BAD 568325847707
BAD 568325847709
BAD 568325847721
BAD 568418028239
BAD 568418807029
BAD 568419931687
BAD 568420733939
BAD 568420733941
BAD 568590217763
BAD 568421095349
BAD 568421095351
BAD 568573167893
BAD 568330660673
BAD 568333156801
BAD 568576631419
BAD 568576631423
BAD 568608922991
BAD 568577571559
BAD 568610125009
BAD 568610327851
BAD 568539852953
BAD 568611565553
BAD 568458829283
BAD 568541450963
BAD 568337640373
BAD 568542564181
BAD 568542564193
BAD 568542564487
BAD 568542981473
BAD 568308480661
BAD 568602194617
BAD 568604092813
BAD 568618196059
BAD 568604820337
BAD 568464197141
BAD 568464197143
BAD 568619912299
BAD 568619912303
BAD 568659992273
BAD 568659992281
BAD 568659992287
BAD 568548551243
BAD 568587956159
BAD 568587956161
BAD 568314054089
BAD 568549616759
BAD 568661783401
BAD 568589264093
BAD 568551872531
BAD 568551872533
BAD 568551877997
BAD 568551878003
BAD 568552135339
BAD 568552135351
BAD 568623671123
BAD 568623671137
BAD 568667595079
BAD 568631960419
BAD 568673622191
BAD 568637079019
BAD 568637128153
BAD 568637128159
BAD 568674097373
BAD 568674097391
BAD 568674097393
BAD 568677432571
BAD 568679307121
BAD 568679307127
BAD 568681969861
BAD 568684056709
BAD 568684579097
BAD 568691251657
BAD 568691251663
BAD 568693692503
BAD 568694895469
BAD 568694895481
BAD 568694895493
BAD 568696005343
BAD 568696346123
BAD 568696346137
BAD 568698462263
BAD 568725781111
BAD 568716817807
BAD 568716817811
BAD 568717766053
BAD 568720641133
BAD 568740618571
BAD 568740621013
BAD 568740621023
BAD 568724041583
BAD 568746521443
BAD 568746521449
BAD 568749967831
BAD 568749967843
BAD 568749967847
BAD 568750043003
BAD 568753965179
BAD 568753965181
BAD 568877443307
BAD 568877799323
BAD 568878334247
BAD 568878334249
BAD 568878334253
BAD 568880988107
BAD 568897581349
BAD 568898175037
BAD 568909920331
BAD 568899529339
BAD 568899529343
BAD 568888399537
BAD 568889056139
BAD 569010920077
BAD 569012446217
BAD 569013060953
BAD 569014522511
BAD 568922597239
BAD 568923157909
BAD 569022521827
BAD 569025511721
BAD 569025511723
BAD 569025511727
BAD 569025511729
BAD 568777180903
BAD 568845343993
BAD 568845343999
BAD 568759475497
BAD 568759475593
BAD 568759475623
BAD 568760091721
BAD 568762201373
BAD 568779343523
BAD 568765034587
BAD 568781469401
BAD 568765410659
BAD 568765410667
BAD 568766895253
BAD 568769295223
BAD 568769295229
BAD 568769295233
BAD 568770010423
BAD 568855406719
BAD 568815378181
BAD 569027061451
BAD 569027061487
BAD 569042249663
BAD 569042249669
BAD 568795056199
BAD 568796679181
BAD 568802063261
BAD 568802729659
BAD 568804217407
BAD 568804217411
BAD 568804217413
BAD 568804217417
BAD 568804217419
BAD 568827469759
BAD 568827659689
BAD 568827659693
BAD 568829212909
BAD 568830164503
BAD 568831548269
BAD 568832801659
BAD 568836095761
BAD 568837143661
BAD 568837143671
BAD 568837143673
BAD 569060789939
BAD 568925621783
BAD 568839784069
BAD 568927028953
BAD 569046704077
BAD 568927896013
BAD 569064624949
BAD 569067122033
BAD 569067239471
BAD 569067239473
BAD 568944173579
BAD 568944173587
BAD 569052785633
BAD 568947344183
BAD 568938171601
BAD 569056009003
BAD 569056016723
BAD 568971964879
BAD 568949815219
BAD 568950190241
BAD 568950190243
BAD 568950190247
BAD 569058266533
BAD 569058266537
BAD 568987860691
BAD 568988613889
BAD 568954655641
BAD 568955513963
BAD 568990495823
BAD 569004170653
BAD 569086786159
BAD 569086786201
BAD 569094942001
BAD 569094942007
BAD 569102220443
BAD 569106422933
BAD 569107924579
BAD 569144936753
BAD 569144936761
BAD 569146762663
BAD 569119883599
BAD 569119883603
BAD 569120897209
BAD 569121345421
BAD 569121345427
BAD 569122407551
BAD 569150825303
BAD 569152092017
BAD 569152186303
BAD 569155583561
BAD 569156123057
BAD 569156123059
BAD 569156123069
BAD 569156123071
BAD 569156123089
BAD 569130493051
BAD 569139055861
BAD 569140292573
BAD 569141183629
BAD 569143416937
BAD 569194618339
BAD 569194624277
BAD 569194624279
BAD 569190832741
BAD 569204498381
BAD 569205773287
BAD 569205773291
BAD 569205773293
BAD 569206989943
BAD 569206989961
BAD 569208617911
BAD 569208980869
BAD 569263089331
BAD 569312059553
BAD 569263973233
BAD 569263973251
BAD 569263973293
BAD 569269757569
BAD 569322116443
BAD 569322116549
BAD 569322116551
BAD 569323142303
BAD 569323142327
BAD 569323142329
BAD 569274230117
BAD 569274374369
BAD 569274374371
BAD 569276692973
BAD 569294943463
BAD 569298486259
BAD 569298486271
BAD 569246361427
BAD 569299182601
BAD 569300732981
BAD 569300732983
BAD 569213033899
BAD 569251875827
BAD 569251876051
BAD 569253690319
BAD 569253690413
BAD 569254396441
BAD 569161878547
BAD 569257010669
BAD 569257010671
BAD 569309619521
BAD 569309619523
BAD 569257906433
BAD 569257906439
BAD 569226484261
BAD 569258877541
BAD 569259048451
BAD 569260995229
BAD 569173524901
BAD 569173797229
BAD 569176027351
BAD 569176027369
BAD 569176027373
BAD 569176751839
BAD 569231019131
BAD 569280932257
BAD 569239164113
BAD 569239164163
BAD 569240754619
BAD 569240754647
BAD 569240754653
BAD 569241720017
BAD 569419813691
BAD 569419813693
BAD 569421156181
BAD 569421204743
BAD 569421204749
BAD 569429099521
BAD 569428378291
BAD 569434127063
BAD 569335113499
BAD 569435427053
BAD 569336236267
BAD 569336461103
BAD 569336461129
BAD 569340092029
BAD 569439796127
BAD 569439796129
BAD 569479643069
BAD 569480396461
BAD 569442001663
BAD 569443730419
BAD 569482677461
BAD 569483744539
BAD 569490766333
BAD 569490766343
BAD 569395914827
BAD 569395914833
BAD 569495896763
BAD 569346374353
BAD 569346374357
BAD 569396716663
BAD 569498042599
BAD 569397172789
BAD 569397172793
BAD 569447284643
BAD 569447284669
BAD 569447768161
BAD 569498895877
BAD 569498895913
BAD 569447968189
BAD 569447968213
BAD 569447968223
BAD 569398454173
BAD 569499155191
BAD 569451092279
BAD 569402311637
BAD 569503366849
BAD 569503825003
BAD 569353908559
BAD 569353908569
BAD 569454134003
BAD 569454134033
BAD 569454134057
BAD 569506155697
BAD 569456349403
BAD 569458866583
BAD 569459211691
BAD 569360083289
BAD 569360083441
BAD 569461144561
BAD 569510104619
BAD 569510104621
BAD 569407073303
BAD 569473152503
BAD 569473313797
BAD 569475594073
BAD 569383627069
BAD 569383627073
BAD 569388220129
BAD 569388882793
BAD 569368520003
BAD 569368520033
BAD 569373609803
BAD 569514593849
BAD 569373705713
BAD 569373705727
BAD 569373705749
BAD 569373832081
BAD 569377711043
BAD 569518001341
BAD 569518001347
BAD 569521302001
BAD 569532454123
BAD 569533247897
BAD 569534598053
BAD 569538368923
BAD 569539013609
BAD 569539013611
BAD 569545427149
BAD 569546663303
BAD 569548883489
BAD 569553988943
BAD 569556390811
BAD 569562414529
BAD 569562414539
BAD 569597054743
BAD 569597054749
BAD 569582977261
BAD 569583542393
BAD 569585280001
BAD 569589486577
BAD 569594164303
BAD 569594164369
BAD 569594364293
BAD 569568594773
BAD 569570178223
BAD 569571684571
BAD 569616419599
BAD 569619480967
BAD 569623782647
BAD 569623782649
BAD 569623782677
BAD 569629744001
BAD 569629799681
BAD 569630082893
BAD 569682960713
BAD 569682960751
BAD 569684649439
BAD 569684649449
BAD 569684649451
BAD 569686206169
BAD 569686206181
BAD 569648133293
BAD 569689007663
BAD 569690511589
BAD 569654300357
BAD 569694224873
BAD 569656318817
BAD 569656717327
BAD 569719402519
BAD 569657178599
BAD 569722068143
BAD 569781721919
BAD 569634221267
BAD 569781721921
BAD 569662069549
BAD 569724465169
BAD 569634221269
BAD 569708313011
BAD 569635256173
BAD 569635398271
BAD 569668715431
BAD 569635967507
BAD 569709994681
BAD 569728412039
BAD 569728412041
BAD 569728753177
BAD 569728753183
BAD 569728753189
BAD 569638331417
BAD 569638331419
BAD 569670218759
BAD 569670699827
BAD 569670699919
BAD 569641192591
BAD 569643229973
BAD 569679185093
BAD 569679185113
BAD 569747581477
BAD 569771441557
BAD 569797708903
BAD 569779293179
BAD 569779293199
BAD 569779293203
BAD 569780607679
BAD 569757382721
BAD 569757382723
BAD 569758870061
BAD 569758870063
BAD 569760965177
BAD 569760965209
BAD 569734863119
BAD 569736847313
BAD 569744086861
BAD 569920288453
BAD 569920613533
BAD 569920613539
BAD 569920613543
BAD 569922043261
BAD 569922043267
BAD 569922942931
BAD 569922942937
BAD 569922942943
BAD 569923968727
BAD 569925766849
BAD 569927915119
BAD 569882982593
BAD 569816154757
BAD 569801821949
BAD 569801821951
BAD 569804405873
BAD 569821620289
BAD 569821620293
BAD 569806169083
BAD 569806169089
BAD 569806230527
BAD 569806230529
BAD 569890513589
BAD 569890513597
BAD 569890513601
BAD 569890513603
BAD 569825569433
BAD 569825569451
BAD 569825569459
BAD 569825569463
BAD 569811361099
BAD 569897884483
BAD 569897884487
BAD 569897884489
BAD 569813785861
BAD 569877662689
BAD 569877662693
BAD 569838500093
BAD 569838948421
BAD 569855332153
BAD 569855332159
BAD 569898593087
BAD 569898593093
BAD 569900733559
BAD 569901782249
BAD 569901782251
BAD 569860041577
BAD 569862089129
BAD 569903616053
BAD 569936207723
BAD 569936207741
BAD 569939647339
BAD 569912948519
BAD 569940550987
BAD 569941924681
BAD 569945238553
BAD 569945238557
BAD 569945238559
BAD 569945238563
BAD 569945238571
BAD 569955189079
BAD 569955189143
BAD 569955294619
BAD 569955652267
BAD 569957034323
BAD 569960287333
BAD 569964633617
BAD 569964633619
BAD 569965382491
BAD 569984744779
BAD 569984744789
BAD 569984744809
BAD 569968389721
BAD 569968389737
BAD 569968389743
BAD 569988349061
BAD 569988349069
BAD 569989141327
BAD 569993288147
BAD 569975669423
BAD 569975669429
BAD 569975669467
BAD 569996703097
RANGE 560000000000 570000000000 PRIMES 369544749 BAD 3890
