BAD 950305775833
BAD 950312058211
BAD 950312058233
BAD 950318526383
BAD 950318526403
BAD 950260006589
BAD 950260043813
BAD 950260043857
BAD 950263943659
BAD 950264606077
BAD 950265805913
BAD 950265805921
BAD 950236345687
BAD 950236345699
BAD 950155154791
BAD 950158613731
BAD 950159541907
BAD 950246967521
BAD 950057209951
BAD 950057209987
BAD 950057209999
BAD 950057210009
BAD 950207420179
BAD 950209499977
BAD 950062330949
BAD 950272172203
BAD 950038613089
BAD 950112438707
BAD 950169938063
BAD 950116478263
BAD 950138614219
BAD 950181308663
BAD 950140991257
BAD 950387458981
BAD 950148820661
BAD 950291991169
BAD 950374646971
BAD 950096275801
BAD 950032450373
BAD 950068753859
BAD 950073151561
BAD 950073151571
BAD 950076841691
BAD 950357175293
BAD 950198595607
BAD 950366211083
BAD 950342081701
BAD 950342352731
BAD 950351974433
BAD 950122695481
BAD 950333916053
BAD 950129625251
BAD 950402906239
BAD 950402906251
BAD 950405361013
BAD 950409419321
BAD 950409419357
BAD 950409419359
BAD 950410199551
BAD 950417968853
BAD 950436765631
BAD 950442217667
BAD 950443606043
BAD 950443606051
BAD 950451131977
BAD 950451131983
BAD 950451131999
BAD 950494271899
BAD 950468391253
BAD 950483066809
BAD 950512299599
BAD 950512299601
BAD 950524274989
BAD 950531950609
BAD 950532094723
BAD 950612561783
BAD 950612561803
BAD 950612561807
BAD 950612561809
BAD 950571477391
BAD 950561930281
BAD 950587379479
BAD 950595684133
BAD 950742058891
BAD 950742058897
BAD 950749981361
BAD 950749981373
BAD 950751509819
BAD 950751509821
BAD 950708487433
BAD 950670133297
BAD 950824495993
BAD 950824495997
BAD 950824496003
BAD 950824496033
BAD 950824566023
BAD 950824566031
BAD 950641109123
BAD 950681524519
BAD 950860257601
BAD 950813880397
BAD 950847025159
BAD 950690437729
BAD 950690437733
BAD 950821670179
BAD 950821670231
BAD 950850387269
BAD 950850387271
BAD 950692767263
BAD 950907309371
BAD 950915173913
BAD 950872890421
BAD 950903796923
BAD 950877191359
BAD 950877191377
BAD 950922568733
BAD 950880675091
BAD 950887933847
BAD 950703063493
BAD 950932063801
BAD 950760485303
BAD 950765414803
BAD 950768339303
BAD 950774558339
BAD 950774558341
BAD 950791639003
BAD 950791639019
BAD 950723540867
BAD 950723540869
BAD 950727679861
BAD 950784708373
BAD 950732162717
BAD 950732162719
BAD 950734737541
BAD 950956758463
BAD 950957741093
BAD 950957741159
BAD 950957741161
BAD 950957741179
BAD 950959175899
BAD 950961928151
BAD 950961928153
BAD 950961928157
BAD 950961928159
BAD 950952181441
BAD 950968468069
BAD 950968468081
BAD 951158336603
BAD 951076343461
BAD 951076343473
BAD 951079008703
BAD 951209291183
BAD 951079008707
BAD 951170512427
BAD 951170512429
BAD 951214016719
BAD 951013119409
BAD 951220903099
BAD 951110217419
BAD 951201020149
BAD 951226897501
BAD 951262352221
BAD 951262352237
BAD 951114988729
BAD 951115258969
BAD 951266704411
BAD 951266704429
BAD 951266704433
BAD 951117403837
BAD 951022269833
BAD 951071132509
BAD 951071132569
BAD 951071132573
BAD 951071132587
BAD 951071132591
BAD 951071132593
BAD 951145815673
BAD 951279683149
BAD 951279683153
BAD 951152473577
BAD 951152473597
BAD 951152473603
BAD 951152473613
BAD 951154181603
BAD 951284319317
BAD 951284319319
BAD 951314068009
BAD 951314068013
BAD 951314068043
BAD 951307922581
BAD 951187476439
BAD 951187476443
BAD 951323786999
BAD 951023930347
BAD 951023930359
BAD 951032386961
BAD 951032386963
BAD 951342324943
BAD 951036203723
BAD 951131217271
BAD 951131217277
BAD 951245481223
BAD 951245481227
BAD 951245481229
BAD 951347239621
BAD 951347618371
BAD 951135692959
BAD 951247269727
BAD 951257827969
BAD 951373191233
BAD 951332688083
BAD 951332688107
BAD 951332688109
BAD 951332688113
BAD 951332688121
BAD 951334026199
BAD 951340763059
BAD 951376933069
BAD 951382479967
BAD 951394277447
BAD 951394277453
BAD 951394277461
BAD 951427995769
BAD 951427995773
BAD 951398504431
BAD 951431612933
BAD 951431613001
BAD 951407470469
BAD 951407470471
BAD 951471349789
BAD 951505270957
BAD 951509454559
BAD 951522285419
BAD 951522285421
BAD 951562371869
BAD 951562371871
BAD 951558792857
BAD 951558792859
BAD 951459150283
BAD 951582243019
BAD 951582905521
BAD 951592149257
BAD 951592149259
BAD 951418717999
BAD 951424845089
BAD 951747920183
BAD 951649235743
BAD 951649235749
BAD 951655178011
BAD 951848126137
BAD 951688934899
BAD 951689739421
BAD 951630673223
BAD 951630889409
BAD 951630889411
BAD 951830244751
BAD 951830999423
BAD 951671456173
BAD 951897926899
BAD 951870533297
BAD 951860883691
BAD 951800272597
BAD 951800272601
BAD 951800272603
BAD 951800272607
BAD 951800272609
BAD 951800608351
BAD 951900556051
BAD 951876677249
BAD 951876677251
BAD 951903894871
BAD 951809244167
BAD 951844957463
BAD 951844957471
BAD 951710112919
BAD 951710112961
BAD 951710112967
BAD 951710112971
BAD 951721998307
BAD 951726918581
BAD 951771726583
BAD 951771726589
BAD 951785882167
BAD 951946439063
BAD 951948337441
BAD 951940882309
BAD 951942873281
BAD 951942873283
BAD 952042861381
BAD 952044478459
BAD 951990801127
BAD 951990801199
BAD 951990801241
BAD 951990801263
BAD 951963129863
BAD 951967803011
BAD 951967803013
BAD 951968527429
BAD 951971961383
BAD 952148702443
BAD 952148702447
BAD 952151643647
BAD 952151643649
BAD 952187354281
BAD 952187354291
BAD 951997936921
BAD 952195291909
BAD 952195291961
BAD 952099663883
BAD 952174865881
BAD 952004494321
BAD 952179428581
BAD 952271304263
BAD 952063818499
BAD 952286009789
BAD 952286009791
BAD 952286009797
BAD 952060885757
BAD 952060885759
BAD 952075064063
BAD 952079734609
BAD 952252774027
BAD 952233635533
BAD 952143263693
BAD 952203682363
BAD 952298785349
BAD 952298785351
BAD 952304313943
BAD 952307715679
BAD 952307715683
BAD 952310282179
BAD 952346061103
BAD 952346061113
BAD 952380083429
BAD 952442435911
BAD 952396342043
BAD 952396454047
BAD 952398962633
BAD 952398962639
BAD 952403583217
BAD 952416126769
BAD 952418879011
BAD 952420763071
BAD 952421986531
BAD 952424564899
BAD 952485925697
BAD 952486888963
BAD 952488182089
BAD 952495712159
BAD 952475222009
BAD 952475222011
BAD 952477726561
BAD 952477726567
BAD 952520840153
BAD 952520840171
BAD 952549844809
BAD 952503907703
BAD 952531041703
BAD 952508659457
BAD 952508659463
BAD 952608415543
BAD 952608415547
BAD 952639627663
BAD 952650085351
BAD 952551239077
BAD 952623281899
BAD 952627071181
BAD 952627260173
BAD 952629105541
BAD 952629190003
BAD 952789412797
BAD 952633676311
BAD 952633676341
BAD 952633676347
BAD 952795625101
BAD 952706105293
BAD 952709479069
BAD 952834668991
BAD 952714407653
BAD 952714407661
BAD 952655972857
BAD 952655972887
BAD 952664661833
BAD 952579324429
BAD 952579324519
BAD 952873237403
BAD 952873237409
BAD 952873237411
BAD 952586571799
BAD 952595856857
BAD 952693331333
BAD 952893066053
BAD 952893066067
BAD 952893953681
BAD 952893953689
BAD 952898957389
BAD 952900389271
BAD 952901229271
BAD 952925225437
BAD 952927019003
BAD 952935602573
BAD 952953080731
BAD 952769438171
BAD 952806449477
BAD 952806449479
BAD 952683541889
BAD 952683541891
BAD 952777086487
BAD 952781631983
BAD 952814529077
BAD 952814529097
BAD 952815995477
BAD 952815995479
BAD 952837918313
BAD 952853296741
BAD 952855746961
BAD 952947477751
BAD 952947477763
BAD 952947477767
BAD 952947477773
BAD 953055884009
BAD 953192263939
BAD 953192263943
BAD 953192263973
BAD 953273791039
BAD 953039020279
BAD 953040874663
BAD 953040929237
BAD 953041913311
BAD 953330280083
BAD 953330280113
BAD 953043374209
BAD 953331673241
BAD 953331673249
BAD 952997721241
BAD 953332850761
BAD 953100260327
BAD 953200177093
BAD 953283357919
BAD 953204172139
BAD 953003906759
BAD 953003906761
BAD 953371589773
BAD 953371589777
BAD 953371589809
BAD 953164845343
BAD 953011157407
BAD 953313281003
BAD 953141370067
BAD 953017979467
BAD 953019463247
BAD 953150439061
BAD 953150439071
BAD 953150439091
BAD 953217610049
BAD 953225922511
BAD 953075396113
BAD 953075396131
BAD 953075396137
BAD 953083179203
BAD 953083179211
BAD 953109161153
BAD 953084245643
BAD 953177801347
BAD 953177801351
BAD 953178219913
BAD 953178219919
BAD 953180648821
BAD 953180710849
BAD 953291720209
BAD 953302085017
BAD 953302085023
BAD 953378143579
BAD 953378143583
BAD 953385414229
BAD 953385414253
BAD 953385414257
BAD 953385414259
BAD 953385414263
BAD 953385414271
BAD 953403760207
BAD 953427120271
BAD 953697919303
BAD 953703265483
BAD 953547603103
BAD 953626179683
BAD 953626179689
BAD 953633889133
BAD 953633889139
BAD 953507820269
BAD 953493891319
BAD 953465094457
BAD 953498998819
BAD 953469290929
BAD 953469290933
BAD 953665481479
BAD 953418651973
BAD 953517702121
BAD 953517702133
BAD 953519353009
BAD 953519353013
BAD 953519353021
BAD 953672112319
BAD 953521391393
BAD 953521391399
BAD 953521391401
BAD 953594635093
BAD 953683963159
BAD 953683963163
BAD 953615533219
BAD 953453253083
BAD 953480152543
BAD 953621470141
BAD 953621470147
BAD 953780276641
BAD 953781057049
BAD 953781057079
BAD 953758582999
BAD 953758583051
BAD 953770213853
BAD 953773434661
BAD 953727510013
BAD 953655311633
BAD 953587431919
BAD 953587431949
BAD 953587431977
BAD 953587431983
BAD 953737945133
BAD 953590024099
BAD 953741799349
BAD 953792170733
BAD 953879269181
BAD 953890587737
BAD 953890587739
BAD 953890587743
BAD 953928536371
BAD 954013014709
BAD 953988510151
BAD 953931937813
BAD 953824682243
BAD 953824682249
BAD 954019947061
BAD 954019947079
BAD 953996777231
BAD 953996777233
BAD 953997335959
BAD 954039360619
BAD 954039360629
BAD 954040580029
BAD 954040580039
BAD 954040580041
BAD 954040580047
BAD 954042754061
BAD 953835397531
BAD 953838767059
BAD 953841255487
BAD 953841255511
BAD 953909209727
BAD 953912686703
BAD 953916682997
BAD 953922443611
BAD 953922443629
BAD 953922443633
BAD 953960320919
BAD 953960320921
BAD 953960320927
BAD 953960320931
BAD 953960320933
BAD 953850708469
BAD 953954157577
BAD 953954157593
BAD 953957507101
BAD 953857770499
BAD 953968654937
BAD 953971529551
BAD 953971867747
BAD 953972906123
BAD 954060830813
BAD 954066099121
BAD 954066099127
BAD 954066951631
BAD 954069640907
BAD 954069640919
BAD 954069640921
BAD 954052526393
BAD 954052526431
BAD 954059198473
BAD 954059198483
BAD 953861216981
BAD 954230080459
BAD 954231922627
BAD 954236206771
BAD 954280051609
BAD 954248290111
BAD 954298740623
BAD 954287243759
BAD 954287243761
BAD 954321426011
BAD 954321426013
BAD 954287707963
BAD 954326367289
BAD 954332273071
BAD 954339084241
BAD 954209171077
BAD 954209171081
BAD 954209171087
BAD 954165487739
BAD 954142634779
BAD 954142634791
BAD 954149909863
BAD 954122067511
BAD 954097678627
BAD 954097678673
BAD 954097678679
BAD 954184847233
BAD 954350636867
BAD 954351373319
BAD 954351373321
BAD 954352983071
BAD 954362209079
BAD 954362209081
BAD 954368824273
BAD 954371068957
BAD 954375784997
BAD 954416735431
BAD 954396992371
BAD 954427678951
BAD 954394839221
BAD 954411574379
BAD 954448606427
BAD 954459427013
BAD 954479716213
BAD 954482740073
BAD 954486440003
BAD 954683693659
BAD 954684465113
BAD 954593365031
BAD 954571487491
BAD 954598780433
BAD 954598780439
BAD 954598780441
BAD 954471033757
BAD 954759546049
BAD 954641892601
BAD 954520336339
BAD 954521199991
BAD 954521200489
BAD 954521947163
BAD 954556900783
BAD 954657169261
BAD 954703295327
BAD 954670239097
BAD 954670239101
BAD 954722911763
BAD 954743732029
BAD 954745540013
BAD 954815090443
BAD 954782708857
BAD 954771083947
BAD 954771083951
BAD 954771083953
BAD 954788138177
BAD 954788138179
BAD 954804828101
BAD 954872913893
BAD 954872913899
BAD 954823981697
BAD 954832640171
BAD 954832640173
BAD 954810617263
BAD 954794809723
BAD 954838856603
BAD 954842121083
BAD 954842121091
BAD 954842121097
BAD 954883597883
BAD 954886234741
BAD 954949459391
BAD 954949459393
BAD 954949459403
BAD 954949459411
BAD 954893740951
BAD 954899363227
BAD 954899363233
BAD 954956319959
BAD 954932794919
BAD 954916754257
BAD 954916754269
BAD 954945964201
BAD 954919407121
BAD 954966725311
BAD 954970284031
BAD 954931383323
BAD 954978732403
BAD 954862671001
BAD 954987127891
BAD 954987927601
BAD 955021618703
BAD 955025963897
BAD 955039310431
BAD 955202948813
BAD 955202948827
BAD 955202948831
BAD 955211855209
BAD 955287905707
BAD 955287905717
BAD 955335530899
BAD 955225091773
BAD 955225091783
BAD 955292363629
BAD 955300429939
BAD 955352341763
BAD 955274832803
BAD 955234445371
BAD 955276775953
BAD 955276775963
BAD 955278791353
BAD 955278791359
BAD 955127496923
BAD 955110224149
BAD 955111521083
BAD 955363117889
BAD 955363209217
BAD 955363209221
BAD 955320701077
BAD 955315032821
BAD 955315032823
BAD 955315032829
BAD 955315032863
BAD 955323502459
BAD 955317963529
BAD 955317963533
BAD 955317963539
BAD 955317963541
BAD 955317963571
BAD 955327888523
BAD 955329062407
BAD 955095328543
BAD 955099373849
BAD 955099373869
BAD 955099373873
BAD 955151836747
BAD 955151836753
BAD 955155453211
BAD 955155462277
BAD 955157422771
BAD 955157422781
BAD 955157422789
BAD 955158660803
BAD 955162036979
BAD 955162036981
BAD 955162036987
BAD 955163624999
BAD 955163625001
BAD 955136661503
BAD 955374828701
BAD 955374828703
BAD 955382261791
BAD 955382261797
BAD 955143496343
BAD 955143868603
BAD 955143868607
BAD 955260886973
BAD 955147286299
BAD 955147286311
BAD 955386378599
BAD 955474382477
BAD 955479400723
BAD 955450484311
BAD 955488300527
BAD 955488300539
BAD 955488300541
BAD 955488300553
BAD 955490875501
BAD 955456535641
BAD 955456535647
BAD 955460232599
BAD 955460232607
BAD 955460232611
BAD 955460232613
BAD 955461558413
BAD 955461858007
BAD 955499633321
BAD 955500982069
BAD 955638770197
BAD 955641109831
BAD 955642835053
BAD 955651110863
BAD 955653169453
BAD 955653169463
BAD 955509062707
BAD 955509062713
BAD 955561008859
BAD 955565071339
BAD 955565337091
BAD 955567830121
BAD 955540041433
BAD 955589934877
BAD 955548356437
BAD 955626198113
BAD 955626198119
BAD 955781488621
BAD 955634251009
BAD 955657752551
BAD 955696133479
BAD 955805968661
BAD 955663385779
BAD 955606014709
BAD 955740855877
BAD 955740921557
BAD 955740921559
BAD 955740921563
BAD 955818396037
BAD 955794894163
BAD 955758366911
BAD 955758366923
BAD 955758366929
BAD 955758366931
BAD 955758366947
BAD 955760811163
BAD 955760811167
BAD 955760811199
BAD 955675063907
BAD 955675063909
BAD 955675063913
BAD 955803897179
BAD 955803897193
BAD 955803897197
BAD 955803897199
BAD 955678993523
BAD 955734982207
BAD 955923120181
BAD 955925311753
BAD 955905625127
BAD 955905625141
BAD 955931798851
BAD 955933119263
BAD 955947087031
BAD 955917639907
BAD 955961368553
BAD 955920439889
BAD 955920439891
BAD 955886994373
BAD 955861449709
BAD 956108714929
BAD 956108714933
BAD 956111923121
BAD 956122282993
BAD 956106521527
BAD 956278425337
BAD 956291816581
BAD 956316761509
BAD 956291395313
BAD 956299627477
BAD 956251390151
BAD 956301939833
BAD 956301939847
BAD 956271805381
BAD 956307085039
BAD 955891472807
BAD 956160665443
BAD 956161675019
BAD 956164379311
BAD 955982186941
BAD 955983288473
BAD 956142981533
BAD 956019997133
BAD 956201599459
BAD 956082844193
BAD 956211604111
BAD 956401973419
BAD 956374415473
BAD 956402798881
BAD 956390550653
BAD 956390550721
BAD 956234075149
BAD 956139496399
BAD 956043290843
BAD 956047155143
BAD 956445368663
BAD 956448638851
BAD 956454890723
BAD 956329480133
BAD 956344465369
BAD 956346665951
BAD 956506628059
BAD 956507635009
BAD 956578946347
BAD 956579549941
BAD 956582480663
BAD 956582480677
BAD 956585859143
BAD 956512995169
BAD 956512995173
BAD 956562465799
BAD 956562465811
BAD 956570380427
BAD 956570380429
BAD 956570380433
BAD 956806948061
BAD 956806948193
BAD 956806948217
BAD 956806948219
BAD 956558144473
BAD 956558144483
BAD 956604535763
BAD 956604535769
BAD 956785070851
BAD 956711500631
BAD 956634841927
BAD 956532587713
BAD 956664732409
BAD 956667753593
BAD 956667982819
BAD 956816431667
BAD 956836207711
BAD 956616406411
BAD 956841656231
BAD 956825601653
BAD 956854674799
BAD 956854674803
BAD 956766186293
BAD 956755545523
BAD 956860044529
BAD 956732010083
BAD 956705752633
BAD 956732683759
BAD 956861427737
BAD 956707341983
BAD 956868183911
BAD 956882424167
BAD 956899677241
BAD 956901020923
BAD 956901020927
BAD 956901020953
BAD 956904044933
BAD 956906148553
BAD 956906148559
BAD 956911115273
BAD 956925810697
BAD 956926122343
BAD 956945019323
BAD 957078631283
BAD 956967264377
BAD 957281864723
BAD 957281864729
BAD 957281864731
BAD 957289958959
BAD 957289959001
BAD 957187680857
BAD 957187680859
BAD 957125448841
BAD 957297733061
BAD 957126859001
BAD 957192328051
BAD 957127203583
BAD 957146955983
BAD 957128892919
BAD 957106068749
BAD 957106068757
BAD 957170444207
BAD 957170444213
BAD 957091838701
BAD 957091838707
BAD 957216520493
BAD 957216520517
BAD 957216520553
BAD 957217148057
BAD 957217148059
BAD 957220055611
BAD 957220055663
BAD 957222601529
BAD 957254761933
BAD 957254761937
BAD 957266082827
BAD 957268420337
BAD 957268420349
BAD 956956320569
BAD 956956320571
BAD 957258684559
BAD 957258684563
BAD 957260162347
BAD 957260162377
BAD 957260162381
BAD 957279753383
BAD 957279753413
BAD 957210622661
BAD 957210622663
BAD 957210622777
BAD 957210907033
BAD 957210907039
BAD 957210907043
BAD 957054763607
BAD 957054763627
BAD 957054763681
BAD 957036378049
BAD 957298949881
BAD 957298949903
BAD 957305542343
BAD 957306850693
BAD 957354691523
BAD 957362696687
BAD 957405729437
BAD 957452845579
BAD 957458236073
BAD 957386156191
BAD 957386364989
BAD 957388466689
BAD 957421303973
BAD 957437991409
BAD 957430547011
BAD 957431686573
BAD 957398722669
BAD 957670683001
BAD 957670683007
BAD 957672895261
BAD 957725485459
BAD 957747467993
BAD 957686963089
BAD 957687692993
BAD 957497239427
BAD 957497239429
BAD 957765722281
BAD 957777830629
BAD 957783369427
BAD 957537932447
BAD 957543631217
BAD 957659947903
BAD 957604768619
BAD 957604768621
BAD 957506423431
BAD 957506462839
BAD 957508305773
BAD 957509065433
BAD 957611128657
BAD 957468581653
BAD 957468581659
BAD 957615368641
BAD 957470877073
BAD 957470877079
BAD 957645254779
BAD 957807026399
BAD 957807026401
BAD 957807475283
BAD 957628280159
BAD 957628280183
BAD 957599418553
BAD 957599418557
BAD 957599418563
BAD 957516327541
BAD 957516327577
BAD 957558962249
BAD 957811376681
BAD 957817520651
BAD 957819848207
BAD 957841482859
BAD 957844598177
BAD 957847264579
BAD 957826175573
BAD 957828612113
BAD 957828612149
BAD 957828612151
BAD 957828612173
BAD 957834225043
BAD 957716540029
BAD 957877217753
BAD 957877835251
BAD 957881299831
BAD 957890665561
BAD 957896053091
BAD 957896053097
BAD 957896053099
BAD 957896053259
BAD 957896053291
BAD 957789626839
BAD 957858981979
BAD 957858981991
BAD 957862576079
BAD 957862576081
BAD 957970999969
BAD 957973468877
BAD 957950918107
BAD 957982498217
BAD 957982498243
BAD 957982893253
BAD 957983239673
BAD 958120633903
BAD 958126589437
BAD 958062391343
BAD 958134009493
BAD 958068114743
BAD 958162634629
BAD 958169765671
BAD 958268335579
BAD 958307396611
BAD 958307396623
BAD 958317670901
BAD 958317670903
BAD 958104822853
BAD 958339183369
BAD 958143942421
BAD 958344679321
BAD 958345556449
BAD 958345556453
BAD 958149345941
BAD 958353411419
BAD 958331947429
BAD 958194892693
BAD 958046219243
BAD 958199855159
BAD 958199855161
BAD 957997974179
BAD 958212810431
BAD 958214556883
BAD 958214556889
BAD 958092465667
BAD 958094346527
BAD 958103114489
BAD 958103114491
BAD 958185119527
BAD 958074452389
BAD 958277523503
BAD 958374037441
BAD 958406768413
BAD 958406914547
BAD 958439109893
BAD 958411514447
BAD 958411514449
BAD 958452855911
BAD 958500567979
BAD 958504434721
BAD 958483722743
BAD 958488621949
BAD 958488621953
BAD 958465602151
BAD 958573202959
BAD 958573370413
BAD 958575798031
BAD 958535405987
BAD 958548652189
BAD 958558154131
BAD 958563129763
BAD 958568072269
BAD 958826653913
BAD 958815011359
BAD 958830981659
BAD 958830981679
BAD 958774783207
BAD 958774783313
BAD 958797624143
BAD 958803484427
BAD 958803484433
BAD 958803484469
BAD 958803484537
BAD 958841258951
BAD 958841258953
BAD 958841258957
BAD 958841258959
BAD 958774051271
BAD 958774051273
BAD 958774051283
BAD 958774051297
BAD 958508748091
BAD 958516749167
BAD 958516749173
BAD 958516749181
BAD 958516749209
BAD 958516749217
BAD 958520791279
BAD 958595212453
BAD 958595212459
BAD 958602676373
BAD 958605731003
BAD 958844988833
BAD 958846171733
BAD 958846344623
BAD 958711173089
BAD 958738229899
BAD 958738229909
BAD 958608421961
BAD 958608421963
BAD 958722227789
BAD 958722227791
BAD 958722227797
BAD 958634995819
BAD 958634995823
BAD 958614383333
BAD 958676485073
BAD 958928936963
BAD 958745347141
BAD 958910631881
BAD 958910631883
BAD 958910631893
BAD 958670418631
BAD 958914373189
BAD 958753277633
BAD 958753277663
BAD 958753277701
BAD 958756610573
BAD 958941652667
BAD 958703062981
BAD 958924645771
BAD 958705843499
BAD 958864322107
BAD 958876280111
BAD 958876280123
BAD 958876280147
BAD 958876280149
BAD 958879639657
BAD 958887604033
BAD 958887604069
BAD 958896330919
BAD 958896330923
BAD 958896349363
BAD 958907960089
BAD 958997930419
BAD 959002530601
BAD 959011868483
BAD 959011868497
BAD 959013778309
BAD 959034364999
BAD 958943065657
BAD 958946665841
BAD 958946665843
BAD 958946665847
BAD 959045843879
BAD 959046977137
BAD 959047816487
BAD 959083616473
BAD 959083616483
BAD 958975412453
BAD 958975412501
BAD 958975412513
BAD 959247606637
BAD 959095264027
BAD 959097000541
BAD 959257406759
BAD 959263622003
BAD 959118745061
BAD 959118745063
BAD 959124357091
BAD 959184945269
BAD 959185330309
BAD 959213205823
BAD 959215588073
BAD 959217469061
BAD 959310972481
BAD 959321944817
BAD 959379852649
BAD 959379852653
BAD 959323643737
BAD 959323643749
BAD 959323643753
BAD 959395885069
BAD 959368135819
BAD 959393731693
BAD 959436275687
BAD 959436275689
BAD 959445269899
BAD 959445269903
BAD 959445269921
BAD 959459957023
BAD 959421494509
BAD 959421494513
BAD 959332135403
BAD 959529769613
BAD 959534268113
BAD 959498071271
BAD 959498071283
BAD 959499382003
BAD 959228842237
BAD 959509723411
BAD 959509723439
BAD 959509723441
BAD 959238549679
BAD 959238976999
BAD 959160397213
BAD 959160397219
BAD 959146139299
BAD 959285974111
BAD 959285974117
BAD 959285974123
BAD 959198015341
BAD 959198015371
BAD 959154940741
BAD 959154940747
BAD 959155043381
BAD 959155043383
BAD 959487788663
BAD 959463352703
BAD 959466802831
BAD 959466802867
BAD 959470639373
BAD 959665681339
BAD 959665681367
BAD 959626640813
BAD 959680557239
BAD 959675726609
BAD 959653748203
BAD 959660580589
BAD 959521421363
BAD 959696323253
BAD 959563896469
BAD 959562753769
BAD 959562753781
BAD 959586816841
BAD 959575761181
BAD 959575761191
BAD 959592737911
BAD 959592737941
BAD 959592737959
BAD 959592737963
BAD 959596965889
BAD 959596965893
BAD 959601819287
BAD 959601819301
BAD 959604488111
BAD 959604488113
BAD 959604488119
BAD 959631868343
BAD 959611348393
BAD 959642859557
BAD 959642859559
BAD 959642859563
BAD 959800619893
BAD 959804065333
BAD 959806037539
BAD 959788983631
BAD 959807102873
BAD 959732136997
BAD 959741345083
BAD 959842505459
BAD 959898893599
BAD 959965878673
BAD 959869953863
BAD 959873502337
BAD 959881022963
BAD 959951538619
BAD 959959682663
BAD 959963487101
BAD 959849453543
BAD 959917889923
BAD 959819078063
BAD 959770578553
BAD 959772503623
BAD 959825368849
BAD 959825368867
BAD 959774850127
BAD 959774850137
BAD 959826678973
BAD 959759367937
BAD 959762006117
BAD 959763979351
RANGE 950000000000 960000000000 PRIMES 362516343 BAD 1353
