BAD 920388153823
BAD 920401255819
BAD 920282764433
BAD 920328911717
BAD 920328911731
BAD 920309011487
BAD 920361373277
BAD 920361373279
BAD 920312749297
BAD 920312749303
BAD 920365912111
BAD 920258874919
BAD 920258874923
BAD 920260903249
BAD 920246372063
BAD 920246372099
BAD 920152648561
BAD 920152648567
BAD 920153291923
BAD 920067161063
BAD 920071347361
BAD 920071347367
BAD 920071347409
BAD 920071347413
BAD 920075416373
BAD 920080710743
BAD 920034692569
BAD 920034692573
BAD 920034692581
BAD 920047514839
BAD 920047514843
BAD 920084888351
BAD 920084888353
BAD 920084888357
BAD 920137984169
BAD 920137984223
BAD 920140388119
BAD 920000207017
BAD 920000495693
BAD 920150800909
BAD 920097467017
BAD 920028713567
BAD 920028713573
BAD 920030777821
BAD 920030777833
BAD 920030777837
BAD 920032488787
BAD 920033531099
BAD 920033531101
BAD 920216972419
BAD 920346217187
BAD 920101125347
BAD 920169520223
BAD 920189252903
BAD 920111444117
BAD 920127507991
BAD 920127507997
BAD 920127508007
BAD 920227834237
BAD 920227834247
BAD 920227834249
BAD 920132744221
BAD 920414746157
BAD 920414746159
BAD 920490172463
BAD 920430019211
BAD 920430019213
BAD 920431793873
BAD 920495271473
BAD 920495271481
BAD 920498163467
BAD 920498163469
BAD 920498163493
BAD 920500124207
BAD 920500124209
BAD 920522507603
BAD 920532136507
BAD 920536601539
BAD 920539401181
BAD 920595968161
BAD 920595968167
BAD 920620934551
BAD 920658688003
BAD 920660569121
BAD 920660569123
BAD 920660569141
BAD 920617712197
BAD 920664343297
BAD 920669971541
BAD 920669971547
BAD 920822147369
BAD 920883043579
BAD 920883043589
BAD 920887641953
BAD 920887641959
BAD 920925016523
BAD 920889067591
BAD 920889067607
BAD 920900647759
BAD 920844521041
BAD 920837732663
BAD 920936771551
BAD 920936771569
BAD 920852032007
BAD 920939141557
BAD 920939141561
BAD 920939141569
BAD 920939141579
BAD 920939141581
BAD 920671718737
BAD 920671718741
BAD 920673978199
BAD 920674402981
BAD 920676417077
BAD 920676417079
BAD 920683758223
BAD 920725087141
BAD 920762985577
BAD 920762985581
BAD 920770854013
BAD 920770854019
BAD 920770854023
BAD 920699521481
BAD 920708304211
BAD 920791449031
BAD 920782009883
BAD 920961742537
BAD 920961742553
BAD 920788402661
BAD 920788402663
BAD 920990241473
BAD 921006180079
BAD 921015981779
BAD 920986857577
BAD 920988134483
BAD 920988931003
BAD 921041079103
BAD 921054391643
BAD 921029443567
BAD 921029730941
BAD 921029730949
BAD 921037903913
BAD 921037903921
BAD 921109474283
BAD 921109474289
BAD 921109474291
BAD 921109474297
BAD 921111263357
BAD 921114175477
BAD 921114175483
BAD 921132640859
BAD 921132640861
BAD 921076654039
BAD 921133958629
BAD 921136588849
BAD 921136588913
BAD 921157101343
BAD 921157101377
BAD 921157101379
BAD 921096452083
BAD 921165526613
BAD 921105439469
BAD 921105439477
BAD 921184654717
BAD 921191329603
BAD 921191329609
BAD 921191329613
BAD 921191329621
BAD 921194312183
BAD 921199990993
BAD 921199991003
BAD 921199991009
BAD 921201384253
BAD 921202107017
BAD 921202107019
BAD 921279471289
BAD 921279471293
BAD 921362025277
BAD 921362025289
BAD 921364241293
BAD 921208015843
BAD 921208015853
BAD 921208015859
BAD 921369203761
BAD 921369203767
BAD 921369203771
BAD 921373902389
BAD 921211583563
BAD 921215975689
BAD 921220326119
BAD 921220326121
BAD 921220326127
BAD 921221552551
BAD 921399189793
BAD 921402161863
BAD 921381658727
BAD 921261577573
BAD 921262146613
BAD 921244721809
BAD 921330301699
BAD 921330780919
BAD 921331099627
BAD 921247989619
BAD 921248799577
BAD 921414912211
BAD 921414912217
BAD 921414912227
BAD 921416845513
BAD 921416845579
BAD 921417318803
BAD 921341750821
BAD 921448030273
BAD 921341750827
BAD 921448030277
BAD 921341750831
BAD 921448030289
BAD 921448030291
BAD 921429358249
BAD 921429454333
BAD 921429454339
BAD 921429454343
BAD 921429554887
BAD 921429554893
BAD 921429554911
BAD 921467824493
BAD 921470279843
BAD 921473083639
BAD 921309651173
BAD 921537893629
BAD 921298071679
BAD 921298730783
BAD 921298730819
BAD 921298730827
BAD 921298730843
BAD 921298730851
BAD 921493461013
BAD 921483581047
BAD 921483581063
BAD 921500268743
BAD 921514403617
BAD 921592448239
BAD 921592448251
BAD 921622432543
BAD 921816407767
BAD 921819052183
BAD 921631146833
BAD 921631681441
BAD 921633418103
BAD 921827859233
BAD 921643815923
BAD 921984294563
BAD 921986584381
BAD 921986584391
BAD 921990920891
BAD 921991757263
BAD 921991839211
BAD 921993478727
BAD 921997398109
BAD 921683085319
BAD 922009153999
BAD 921962721521
BAD 921962721529
BAD 921691465129
BAD 921907298489
BAD 921907298491
BAD 921909187967
BAD 921791006333
BAD 921791006377
BAD 921696461201
BAD 921696461239
BAD 921705108563
BAD 921709941683
BAD 921844822361
BAD 921844822363
BAD 921669872971
BAD 921885486413
BAD 921672385573
BAD 921891030343
BAD 921891030349
BAD 921736816681
BAD 921913018927
BAD 921797225651
BAD 921797225653
BAD 921921316499
BAD 921921316501
BAD 921754087193
BAD 921754087207
BAD 921851285683
BAD 921852407513
BAD 921856627561
BAD 922038755713
BAD 922075055599
BAD 922148412937
BAD 922149127129
BAD 922164366091
BAD 922050680197
BAD 922142435567
BAD 922145646449
BAD 922145646451
BAD 922062153937
BAD 922062153949
BAD 922217647493
BAD 922217647513
BAD 922354777523
BAD 922362320449
BAD 922362320459
BAD 922362320461
BAD 922098728599
BAD 922182470269
BAD 922182470273
BAD 922182470393
BAD 922182470401
BAD 922106098429
BAD 922108510163
BAD 922113596827
BAD 922113596837
BAD 922113596839
BAD 922113596843
BAD 922283301871
BAD 922283301893
BAD 922432953721
BAD 922241728453
BAD 922380211471
BAD 922245447413
BAD 922246154131
BAD 922246154143
BAD 922272953911
BAD 922456317977
BAD 922456317983
BAD 922295927677
BAD 922461920693
BAD 922465446181
BAD 922312746059
BAD 922337155867
BAD 922337155871
BAD 922338016189
BAD 922338016219
BAD 922318912531
BAD 922256904389
BAD 922256904391
BAD 922256904451
BAD 922256904473
BAD 922393213909
BAD 922393213913
BAD 922258682677
BAD 922347347903
BAD 922324825447
BAD 922409024333
BAD 922489503127
BAD 922417774471
BAD 922419810293
BAD 922432082063
BAD 922509590423
BAD 922517331317
BAD 922517331319
BAD 922527007711
BAD 922570041871
BAD 922573481273
BAD 922577665183
BAD 922577665187
BAD 922582626541
BAD 922551795439
BAD 922557076981
BAD 922536316027
BAD 922536316063
BAD 922544073961
BAD 922589531491
BAD 922691964083
BAD 922696501739
BAD 922828022111
BAD 922828022113
BAD 922829292113
BAD 922832077969
BAD 922908037171
BAD 922878287959
BAD 922921355869
BAD 922944055123
BAD 922944055127
BAD 922946030627
BAD 922947080833
BAD 922947080837
BAD 922675449349
BAD 922677848431
BAD 922678370611
BAD 922622614253
BAD 922626429947
BAD 922701533599
BAD 922638404903
BAD 922645900139
BAD 922645900147
BAD 922649711957
BAD 922649711959
BAD 922720003273
BAD 922720003297
BAD 922722015253
BAD 922728078169
BAD 922893595501
BAD 922899018053
BAD 922756579309
BAD 922756579313
BAD 922756617313
BAD 922999125019
BAD 922999125031
BAD 922999612061
BAD 922999612063
BAD 922800416743
BAD 922769326403
BAD 922748726857
BAD 922748726863
BAD 922748782687
BAD 922748782699
BAD 922748782727
BAD 922985610919
BAD 923032328509
BAD 923032328513
BAD 923032328521
BAD 923032328527
BAD 923032328531
BAD 923087463923
BAD 923087463931
BAD 923059476139
BAD 923059476151
BAD 923059646261
BAD 923059646263
BAD 923068176959
BAD 923073298291
BAD 923104399117
BAD 923126058623
BAD 923077271483
BAD 923107842337
BAD 923130853319
BAD 923130853321
BAD 923132445563
BAD 923109999541
BAD 923115922943
BAD 923004016141
BAD 923155597229
BAD 923157670469
BAD 923157670471
BAD 923157920063
BAD 923157920081
BAD 923312819029
BAD 923159300317
BAD 923160596521
BAD 923317882159
BAD 923141520053
BAD 923172182593
BAD 923172182599
BAD 923143106729
BAD 923143106731
BAD 923143106737
BAD 923181820931
BAD 923181820933
BAD 923181820937
BAD 923289714379
BAD 923289714383
BAD 923214878743
BAD 923219205719
BAD 923219205721
BAD 923220592843
BAD 923303218639
BAD 923227868089
BAD 923229558803
BAD 923414463661
BAD 923203792607
BAD 923439489461
BAD 923439489463
BAD 923250009769
BAD 923453334283
BAD 923453334289
BAD 923455708429
BAD 923455708433
BAD 923494562083
BAD 923495000629
BAD 923495000633
BAD 923270146297
BAD 923270146321
BAD 923467919333
BAD 923503325903
BAD 923477322049
BAD 923479259839
BAD 923479316959
BAD 923480080813
BAD 923277000329
BAD 923277258349
BAD 923277258353
BAD 923533919723
BAD 923278614001
BAD 923535945023
BAD 923536910587
BAD 923536910617
BAD 923287257833
BAD 923356382233
BAD 923356382237
BAD 923356382239
BAD 923370037981
BAD 923325027931
BAD 923330592497
BAD 923340108641
BAD 923340108643
BAD 923343666043
BAD 923433381163
BAD 923433381181
BAD 923434196921
BAD 923434859549
BAD 923434859551
BAD 923434859563
BAD 923334010289
BAD 923334251837
BAD 923334251839
BAD 923334251843
BAD 923437061717
BAD 923437061719
BAD 923437061731
BAD 923347814047
BAD 923545775917
BAD 923548976813
BAD 923401582489
BAD 923555582087
BAD 923555582093
BAD 923555582101
BAD 923584104263
BAD 923590217003
BAD 923649464923
BAD 923521497967
BAD 923521497971
BAD 923521497973
BAD 923709598013
BAD 923745547693
BAD 923745547709
BAD 923747677093
BAD 923747677103
BAD 923754041789
BAD 923759990653
BAD 923762929589
BAD 923762929591
BAD 923764844929
BAD 923560466791
BAD 923765357329
BAD 923568329063
BAD 923568715309
BAD 923591214853
BAD 923591214857
BAD 923591214859
BAD 923596596653
BAD 923596596661
BAD 923659044443
BAD 923659589449
BAD 923802161437
BAD 923664658261
BAD 923808093653
BAD 923808093661
BAD 923808093679
BAD 923689439641
BAD 923919638029
BAD 923922157999
BAD 923944054843
BAD 923738011979
BAD 923738011981
BAD 923738011991
BAD 923965753547
BAD 923965753549
BAD 923965753553
BAD 923967937381
BAD 923967937439
BAD 923967937441
BAD 923968838203
BAD 923971590589
BAD 923976045919
BAD 923980387489
BAD 923980387493
BAD 923981769239
BAD 923981769241
BAD 923984157241
BAD 923984157263
BAD 923984157269
BAD 923985230659
BAD 923698437379
BAD 923827222321
BAD 923827222327
BAD 923778889069
BAD 923778889073
BAD 923778889081
BAD 923780115541
BAD 924028417357
BAD 923831684257
BAD 924030970637
BAD 924030970679
BAD 924030970697
BAD 923834037523
BAD 924036846533
BAD 923789773693
BAD 924015024481
BAD 924015024487
BAD 923789843693
BAD 923790064291
BAD 924017183357
BAD 924017183359
BAD 924017183363
BAD 923863470661
BAD 923863829437
BAD 924055489523
BAD 923871043261
BAD 923871043273
BAD 923877241699
BAD 923877241711
BAD 923877241909
BAD 923887788883
BAD 923994835711
BAD 923994835733
BAD 923994835747
BAD 923996811743
BAD 924002818493
BAD 924002818499
BAD 924005961421
BAD 923926410061
BAD 923894205761
BAD 923932312363
BAD 923936525881
BAD 923936701777
BAD 923908781423
BAD 924068417749
BAD 924068417761
BAD 924070857863
BAD 924070857869
BAD 924165736411
BAD 924171166283
BAD 924171166291
BAD 924195836959
BAD 924212755673
BAD 924218597453
BAD 924218597473
BAD 924205521559
BAD 924232439843
BAD 924242191501
BAD 924242191519
BAD 924242191531
BAD 924088834763
BAD 924091438343
BAD 924091438357
BAD 924108089923
BAD 924108240031
BAD 924154151849
BAD 924154151981
BAD 924154151983
BAD 924158619931
BAD 924291366023
BAD 924345064061
BAD 924345064063
BAD 924497517457
BAD 924497517469
BAD 924497517473
BAD 924498680003
BAD 924498680011
BAD 924184399921
BAD 924533458679
BAD 924535063597
BAD 924535063601
BAD 924535063603
BAD 924535063607
BAD 924535063609
BAD 924371299679
BAD 924371299681
BAD 924358952521
BAD 924361799797
BAD 924361799807
BAD 924361799813
BAD 924401697697
BAD 924401697707
BAD 924409390819
BAD 924409390831
BAD 924386363809
BAD 924449308129
BAD 924392085997
BAD 924392086021
BAD 924584942951
BAD 924438673877
BAD 924438673909
BAD 924484485269
BAD 924484485271
BAD 924484485277
BAD 924601942853
BAD 924485633843
BAD 924611406559
BAD 924647044823
BAD 924647044831
BAD 924688813651
BAD 924691803323
BAD 924693064861
BAD 924693064871
BAD 924693064873
BAD 924697298353
BAD 924615152341
BAD 924615152359
BAD 924615152371
BAD 924654702019
BAD 924654902209
BAD 924630107663
BAD 924744813871
BAD 924744813893
BAD 924801930497
BAD 924802174427
BAD 924802174433
BAD 924773641433
BAD 924774795677
BAD 924805326553
BAD 924841336633
BAD 924841336651
BAD 924781116037
BAD 924811121737
BAD 924811121753
BAD 924707679799
BAD 924707679803
BAD 924712945007
BAD 924906625319
BAD 924938988709
BAD 924938988713
BAD 925003536251
BAD 925003536253
BAD 925004001521
BAD 925011253493
BAD 925035929423
BAD 924754300523
BAD 924754300553
BAD 924785331083
BAD 924786716099
BAD 925048304539
BAD 924762539821
BAD 924854145451
BAD 924854145473
BAD 924923818163
BAD 924925602151
BAD 924926290973
BAD 924927988841
BAD 924927988867
BAD 924927988871
BAD 924928401619
BAD 924951356893
BAD 924954951799
BAD 924954951803
BAD 924968148781
BAD 924970429609
BAD 924972615829
BAD 924972615863
BAD 924977268499
BAD 924977268511
BAD 924824263021
BAD 924826864001
BAD 925099728031
BAD 924990861007
BAD 924830257789
BAD 924830281261
BAD 925137388129
BAD 925151886121
BAD 925152973201
BAD 925141950781
BAD 925144845727
BAD 925144845733
BAD 925150180429
BAD 925163678767
BAD 925163678783
BAD 925123522753
BAD 925123522789
BAD 925133159129
BAD 925133159131
BAD 925072501531
BAD 925077674933
BAD 925061880409
BAD 925178336701
BAD 925181279921
BAD 925181279923
BAD 925111929613
BAD 925183362707
BAD 925183362721
BAD 925186487909
BAD 925186487921
BAD 925293484909
BAD 925271972509
BAD 925278999839
BAD 925348492207
BAD 925331052329
BAD 925419689377
BAD 925422161371
BAD 925423931351
BAD 925426121687
BAD 925426121689
BAD 925437253343
BAD 925442728501
BAD 925442728549
BAD 925474741063
BAD 925474741069
BAD 925474741073
BAD 925451008343
BAD 925451795189
BAD 925484111443
BAD 925609416377
BAD 925612204277
BAD 925612204313
BAD 925614431363
BAD 925614431369
BAD 925616328619
BAD 925619437117
BAD 925619437121
BAD 925619437123
BAD 925642715617
BAD 925652710903
BAD 925652710907
BAD 925652710963
BAD 925652710967
BAD 925388357689
BAD 925394160991
BAD 925399095571
BAD 925402454413
BAD 925411874633
BAD 925411874687
BAD 925411874689
BAD 925360252703
BAD 925363154717
BAD 925363154719
BAD 925489322063
BAD 925380573181
BAD 925501502851
BAD 925654232093
BAD 925469068903
BAD 925469068907
BAD 925669162219
BAD 925590255949
BAD 925709275963
BAD 925709275969
BAD 925709275973
BAD 925533882467
BAD 925513530283
BAD 925715897237
BAD 925718079569
BAD 925718079571
BAD 925814636161
BAD 925814636167
BAD 925843001249
BAD 925843001261
BAD 925756748263
BAD 925850832913
BAD 925850832919
BAD 925850832923
BAD 925760841703
BAD 925823369189
BAD 925762529933
BAD 925762714381
BAD 925780180229
BAD 925780180231
BAD 925740183133
BAD 925780606241
BAD 925780606243
BAD 925834641593
BAD 925791319853
BAD 925748188643
BAD 925799501743
BAD 925799501747
BAD 925799501749
BAD 925856852761
BAD 925870210763
BAD 925689340889
BAD 925689909679
BAD 925689909689
BAD 925673053579
BAD 925673915843
BAD 925695099551
BAD 925699283419
BAD 925887113153
BAD 925888599683
BAD 925681745323
BAD 925889987023
BAD 925889987027
BAD 925893998779
BAD 925940212741
BAD 926029024213
BAD 925950212599
BAD 925955805743
BAD 926039360761
BAD 926039360767
BAD 926039360773
BAD 926013999739
BAD 925958448773
BAD 925958448791
BAD 925964757803
BAD 925971568463
BAD 926067659903
BAD 926067659911
BAD 926068387711
BAD 926069099093
BAD 925721700157
BAD 925724323501
BAD 925730908009
BAD 925932350867
BAD 925932350869
BAD 925909214779
BAD 926039953303
BAD 926039953313
BAD 926076190087
BAD 925922076019
BAD 925994103247
BAD 926084355617
BAD 926084355619
BAD 926084536831
BAD 926084536837
BAD 926084536841
BAD 926084536843
BAD 926084536849
BAD 926164102043
BAD 926167193143
BAD 926172205613
BAD 926146451543
BAD 926146451551
BAD 926213696887
BAD 926150949499
BAD 926152109503
BAD 926217295631
BAD 926153890313
BAD 926178486097
BAD 926180701997
BAD 926180702033
BAD 926238185527
BAD 926250950137
BAD 926205688931
BAD 926276367739
BAD 926276367743
BAD 926276367749
BAD 926287088561
BAD 926287088563
BAD 926343470293
BAD 926262364411
BAD 926263928839
BAD 926272156153
BAD 926303357701
BAD 926637487441
BAD 926394118549
BAD 926642820163
BAD 926543913511
BAD 926518136767
BAD 926545221883
BAD 926594637361
BAD 926596258283
BAD 926407262761
BAD 926592957643
BAD 926592957673
BAD 926576338771
BAD 926576338781
BAD 926576338783
BAD 926576338847
BAD 926527071593
BAD 926599735597
BAD 926533147159
BAD 926533147249
BAD 926533825871
BAD 926533825873
BAD 926615611153
BAD 926626705091
BAD 926626705093
BAD 926650898867
BAD 926650898869
BAD 926650898903
BAD 926654891759
BAD 926654891761
BAD 926689466477
BAD 926689466501
BAD 926689466503
BAD 926689466519
BAD 926694607093
BAD 926692325371
BAD 926692820323
BAD 926736182951
BAD 926736182959
BAD 926417232757
BAD 926745379129
BAD 926740303369
BAD 926740303439
BAD 926740303441
BAD 926387676287
BAD 926421940099
BAD 926446120771
BAD 926436275341
BAD 926448629867
BAD 926448629879
BAD 926448629881
BAD 926451833401
BAD 926453615783
BAD 926719827139
BAD 926783368129
BAD 926819070607
BAD 926825853469
BAD 926827216703
BAD 926904463703
BAD 926906875981
BAD 926908028831
BAD 927128007457
BAD 927004116559
BAD 926851859191
BAD 926853916003
BAD 926860473733
BAD 926860650829
BAD 926917802963
BAD 926917802971
BAD 926918054047
BAD 926918054053
BAD 927038535271
BAD 927131567293
BAD 927138028951
BAD 927073841189
BAD 927073841191
BAD 927075550243
BAD 926930341573
BAD 926975810087
BAD 926979197113
BAD 926991772429
BAD 926991772433
BAD 926991772439
BAD 927147714113
BAD 927048001157
BAD 927061010209
BAD 927089856047
BAD 927176928919
BAD 927099334883
BAD 927101703181
BAD 927026127893
BAD 927304077367
BAD 927305100251
BAD 927237130051
BAD 927237130249
BAD 927240944299
BAD 927242578747
BAD 927258503891
BAD 927269257613
BAD 927269257643
BAD 927272813359
BAD 927364143383
BAD 927364143421
BAD 927317735749
BAD 927317735753
BAD 927336794467
BAD 927339200659
BAD 927340715153
BAD 927419102641
BAD 927368871301
BAD 927406353943
BAD 927406353949
BAD 927408460753
BAD 927408460763
BAD 927408460777
BAD 927408460801
BAD 927409115993
BAD 927427674427
BAD 927427990997
BAD 927453642449
BAD 927469380023
BAD 927473654011
BAD 927473654021
BAD 927476454077
BAD 927433846393
BAD 927435791263
BAD 927481883483
BAD 927437126779
BAD 927447461011
BAD 927396448717
BAD 927611109017
BAD 927611109083
BAD 927613971929
BAD 927613971931
BAD 927615363329
BAD 927615363331
BAD 927489940697
BAD 927489940723
BAD 927634491533
BAD 927634491547
BAD 927493196263
BAD 927640091843
BAD 927643077923
BAD 927646422671
BAD 927646422673
BAD 927619499557
BAD 927650845487
BAD 927650845489
BAD 927655869197
BAD 927655869199
BAD 927628435823
BAD 927710946061
BAD 927711035203
BAD 927684173419
BAD 927666944233
BAD 927678924611
BAD 927692736479
BAD 927693970681
BAD 927696101273
BAD 927513466519
BAD 927564184529
BAD 927523755343
BAD 927523755349
BAD 927529782427
BAD 927529782433
BAD 927532603603
BAD 927532741361
BAD 927579074431
BAD 927587265259
BAD 927587265263
BAD 927589572709
BAD 927597783901
BAD 927756125809
BAD 927756125843
BAD 927737689451
BAD 927737689453
BAD 927737689457
BAD 927893761673
BAD 927820081141
BAD 927820081163
BAD 927768297559
BAD 927855549253
BAD 927857622469
BAD 927857622473
BAD 927840066451
BAD 927840066457
BAD 927806912443
BAD 927794352203
BAD 927794352209
BAD 927808228051
BAD 927844405963
BAD 927813994439
BAD 927813994453
BAD 927850020767
BAD 928001190673
BAD 927952678663
BAD 927952678669
BAD 927953450197
BAD 927958005721
BAD 927958005739
BAD 927958005743
BAD 927958005749
BAD 927960328501
BAD 927960328507
BAD 927961248391
BAD 927961248397
BAD 927935419441
BAD 928009532311
BAD 928013967863
BAD 928018212559
BAD 927871257109
BAD 927871257149
BAD 927871257151
BAD 927971142103
BAD 927881309297
BAD 927882428503
BAD 928135620199
BAD 927982037501
BAD 927982037503
BAD 927982037539
BAD 927982037551
BAD 928104672037
BAD 928104672043
BAD 928112413523
BAD 928057322293
BAD 928059221311
BAD 928062960557
BAD 928064159723
BAD 928064730773
BAD 928064730829
BAD 928086272693
BAD 928086272699
BAD 928091550571
BAD 928092450757
BAD 928019705887
BAD 928144049761
BAD 928170630769
BAD 928197194989
BAD 928283241817
BAD 928416346259
BAD 928416346261
BAD 928416850663
BAD 928361558779
BAD 928361901673
BAD 928338663773
BAD 928341330289
BAD 928343972333
BAD 928314804871
BAD 928321208329
BAD 928321208333
BAD 928321208359
BAD 928353231769
BAD 928353231781
BAD 928354309657
BAD 928354309667
BAD 928354309669
BAD 928239883943
BAD 928240422217
BAD 928430690413
BAD 928431611881
BAD 928435762999
BAD 928435763009
BAD 928436835163
BAD 928288810549
BAD 928291421531
BAD 928259818103
BAD 928210846489
BAD 928476345787
BAD 928477154333
BAD 928372764133
BAD 928484474237
BAD 928380847907
BAD 928380847909
BAD 928440020113
BAD 928440020117
BAD 928440020119
BAD 928447569481
BAD 928450460369
BAD 928676809913
BAD 928624946167
BAD 928460344913
BAD 928622789117
BAD 928652434823
BAD 928692163051
BAD 928692163057
BAD 928664391173
BAD 928470973291
BAD 928670842903
BAD 928701775877
BAD 928701775879
BAD 928705494449
BAD 928706420219
BAD 928706420221
BAD 928706420233
BAD 928561621133
BAD 928591355981
BAD 928591355983
BAD 928592014531
BAD 928592956727
BAD 928594002023
BAD 928571637247
BAD 928597242871
BAD 928525869407
BAD 928525869409
BAD 928495032391
BAD 928495032449
BAD 928495032461
BAD 928540797287
BAD 928540797293
BAD 928496927179
BAD 928549941523
BAD 928551889303
BAD 928537946293
BAD 928515863971
BAD 928810248871
BAD 928875857291
BAD 928817441059
BAD 928876588127
BAD 928886114063
BAD 928889045213
BAD 928891233911
BAD 928708576753
BAD 929002554589
BAD 929002554593
BAD 928743817249
BAD 928777241059
BAD 928777241153
BAD 928787442119
BAD 928787442139
BAD 928982632093
BAD 928983505103
BAD 928758284939
BAD 928758329911
BAD 928990105543
BAD 928990105553
BAD 928805540029
BAD 928898846059
BAD 928898846063
BAD 928761608851
BAD 928903683689
BAD 928903683691
BAD 928903683713
BAD 928728338143
BAD 928927775443
BAD 928949208511
BAD 928953418669
BAD 928828165303
BAD 928868563339
BAD 929012497519
BAD 929015427343
BAD 929015427349
BAD 929016817193
BAD 929021523907
BAD 929027504369
BAD 929027504371
BAD 929027504389
BAD 928960720789
BAD 929210797709
BAD 929211174259
BAD 929169157963
BAD 929245808333
BAD 929272891861
BAD 929272891871
BAD 929272891873
BAD 929096627143
BAD 929096627149
BAD 929096627153
BAD 929080444177
BAD 929313339113
BAD 929315205307
BAD 929322309023
BAD 929325163111
BAD 929069561947
BAD 929070662851
BAD 929070662857
BAD 929072961853
BAD 929076109823
BAD 929146428211
BAD 929179516049
BAD 929179516051
BAD 929205771913
BAD 929207219543
BAD 929231226971
BAD 929231878387
BAD 929231878429
BAD 929283137077
BAD 929283137087
BAD 929283137089
BAD 929283137093
BAD 929285621239
BAD 929293501483
BAD 929294396323
BAD 929294396341
BAD 929294396423
BAD 929294396431
BAD 929415300731
BAD 929415300733
BAD 929415300739
BAD 929421078529
BAD 929434053827
BAD 929434053829
BAD 929434053833
BAD 929423383969
BAD 929380198249
BAD 929384016439
BAD 929384016443
BAD 929335927649
BAD 929335927651
BAD 929335927657
BAD 929406538303
BAD 929455068629
BAD 929455068631
BAD 929362415269
BAD 929372494441
BAD 929375301739
BAD 929375301797
BAD 929375301821
BAD 929375301823
BAD 929480906203
BAD 929484750917
BAD 929484750919
BAD 929487673339
BAD 929499973279
BAD 929500359943
BAD 929546487853
BAD 929551967941
BAD 929551967947
BAD 929551967951
BAD 929571245269
BAD 929571245287
BAD 929575856899
BAD 929577552583
BAD 929545816009
BAD 929467551769
BAD 929764987313
BAD 929768896633
BAD 929758520189
BAD 929758520191
BAD 929716060543
BAD 929716060547
BAD 929716060549
BAD 929780629279
BAD 929722069723
BAD 929722560797
BAD 929722560799
BAD 929722560803
BAD 929724647561
BAD 929724647563
BAD 929724647569
BAD 929730315289
BAD 929699630903
BAD 929676088931
BAD 929648040833
BAD 929676088933
BAD 929648815037
BAD 929706148433
BAD 929681683561
BAD 929711404681
BAD 929660129501
BAD 929614364281
BAD 929614364311
BAD 929731711759
BAD 929731711763
BAD 929621352181
BAD 929621352223
BAD 929739166561
BAD 929739797269
BAD 929741858963
BAD 929626453381
BAD 929821889207
BAD 929823009781
BAD 929838205237
BAD 929842431601
BAD 929596571677
BAD 929602541389
BAD 929602981849
BAD 929952778519
BAD 929909581973
BAD 929909582029
BAD 929872614773
BAD 929881121803
BAD 929633289917
BAD 929633289919
BAD 929640791077
BAD 929800162309
BAD 929811532451
BAD 929811532453
BAD 929849423443
BAD 929849423449
BAD 929853101329
BAD 929856014383
BAD 929791032707
BAD 929791032713
BAD 929795016253
BAD 929988874583
BAD 929990887171
RANGE 920000000000 930000000000 PRIMES 362928363 BAD 1428
