BAD 480318787409
BAD 480253625567
BAD 480253625569
BAD 480322323683
BAD 480254660563
BAD 480037048189
BAD 480089865403
BAD 480156838397
BAD 480067965353
BAD 480261387187
BAD 480261387191
BAD 480069884011
BAD 480160567193
BAD 480071293883
BAD 480071307649
BAD 480161062499
BAD 480161062501
BAD 480167799971
BAD 480167799973
BAD 480327569269
BAD 480327569273
BAD 480327569279
BAD 480327569287
BAD 480327569321
BAD 480327569347
BAD 480265737829
BAD 480096629869
BAD 480097030123
BAD 480328653743
BAD 480165107077
BAD 480170964271
BAD 480358369739
BAD 480267921337
BAD 480358369741
BAD 480076123669
BAD 480076123673
BAD 480076123679
BAD 480076588939
BAD 480172328131
BAD 480172328137
BAD 480172328149
BAD 480172328161
BAD 480172328281
BAD 480172328287
BAD 480172328291
BAD 480334307839
BAD 480173233181
BAD 480360686317
BAD 480360686321
BAD 480361084373
BAD 480221830573
BAD 480222486781
BAD 480223709131
BAD 480223709137
BAD 480363180097
BAD 480363736621
BAD 480081635249
BAD 480081635251
BAD 480229479173
BAD 480083885227
BAD 480230067917
BAD 480368926399
BAD 480368926403
BAD 480230977007
BAD 480230977013
BAD 480230977021
BAD 480231281423
BAD 480231281449
BAD 480018733849
BAD 480019259513
BAD 480019783871
BAD 480019783879
BAD 480021619243
BAD 480022054669
BAD 480022512491
BAD 480022512493
BAD 480023316709
BAD 480023428219
BAD 480023428223
BAD 480026662069
BAD 480028043557
BAD 480028043581
BAD 480029238751
BAD 480029238757
BAD 480101404151
BAD 480285549619
BAD 480285549629
BAD 480285549631
BAD 480285549649
BAD 480102599057
BAD 480102599059
BAD 480303872143
BAD 480031343189
BAD 480031343191
BAD 480031343303
BAD 480294331103
BAD 480242742299
BAD 480242742307
BAD 480110083309
BAD 480275777843
BAD 480299491681
BAD 480311966359
BAD 480112543531
BAD 480112543543
BAD 480112637209
BAD 480301764661
BAD 480313752647
BAD 480246973313
BAD 480247058153
BAD 480247600123
BAD 480115045273
BAD 480116074013
BAD 480116961529
BAD 480250285937
BAD 480318473051
BAD 480318473053
BAD 480134394479
BAD 480134900683
BAD 480184902919
BAD 480184902931
BAD 480135065629
BAD 480135065633
BAD 480138071159
BAD 480139135081
BAD 480139590949
BAD 480119416417
BAD 480190886143
BAD 480207994843
BAD 480207994859
BAD 480120276347
BAD 480000980119
BAD 480192837547
BAD 480122457803
BAD 480340377289
BAD 480340377301
BAD 480195459463
BAD 480341128921
BAD 480341263511
BAD 480341263513
BAD 480342155807
BAD 480342155809
BAD 480342155833
BAD 480343206719
BAD 480125581519
BAD 480148373087
BAD 480148373093
BAD 480148373101
BAD 480148695337
BAD 480004933159
BAD 480199083913
BAD 480126420223
BAD 480126420247
BAD 480126420259
BAD 480149898797
BAD 480150047593
BAD 480217915231
BAD 480007213291
BAD 480128660813
BAD 480008170951
BAD 480349936909
BAD 480132487669
BAD 480133566811
BAD 480133566817
BAD 480014616019
BAD 480050428309
BAD 480053926139
BAD 480053926141
BAD 480053926153
BAD 480053926207
BAD 480056162813
BAD 480373177969
BAD 480059005373
BAD 480060903019
BAD 480060903029
BAD 480060903031
BAD 480377961341
BAD 480382502333
BAD 480382502339
BAD 480389364919
BAD 480390652639
BAD 480391890983
BAD 480394245647
BAD 480394245649
BAD 480396296129
BAD 480396308059
BAD 480401743501
BAD 480402251671
BAD 480437104073
BAD 480440404231
BAD 480490657111
BAD 480491090971
BAD 480491090993
BAD 480491194039
BAD 480503633839
BAD 480492114107
BAD 480504224971
BAD 480444322103
BAD 480444322117
BAD 480444322129
BAD 480494784001
BAD 480447496043
BAD 480458560531
BAD 480496883533
BAD 480497197679
BAD 480497197681
BAD 480497197793
BAD 480497482463
BAD 480509436529
BAD 480499187603
BAD 480461815157
BAD 480461815159
BAD 480470070071
BAD 480500051797
BAD 480513480259
BAD 480500051803
BAD 480470283653
BAD 480462961523
BAD 480463270949
BAD 480463270951
BAD 480502295327
BAD 480502295341
BAD 480502295347
BAD 480503153209
BAD 480516593393
BAD 480516593411
BAD 480516593467
BAD 480472807783
BAD 480517056233
BAD 480517720483
BAD 480466758841
BAD 480518126573
BAD 480466923593
BAD 480451274383
BAD 480451274399
BAD 480519208727
BAD 480519208733
BAD 480519298111
BAD 480519958433
BAD 480519958447
BAD 480467041343
BAD 480467041391
BAD 480527871391
BAD 480476331199
BAD 480420744241
BAD 480467041393
BAD 480420842669
BAD 480422018851
BAD 480422018873
BAD 480422274467
BAD 480422274469
BAD 480423298853
BAD 480480580513
BAD 480480580519
BAD 480480580523
BAD 480481136021
BAD 480427123651
BAD 480535032181
BAD 480535032203
BAD 480535032221
BAD 480535272769
BAD 480429472379
BAD 480538048183
BAD 480538048189
BAD 480540064733
BAD 480541677961
BAD 480542546273
BAD 480542976211
BAD 480542976241
BAD 480544221931
BAD 480795323167
BAD 480587489989
BAD 480587490013
BAD 480555235109
BAD 480570891607
BAD 480555235117
BAD 480570891611
BAD 480555235123
BAD 480570891613
BAD 480570891617
BAD 480570891623
BAD 480550480411
BAD 480571769581
BAD 480589290481
BAD 480797992387
BAD 480797992403
BAD 480797992417
BAD 480797992421
BAD 480557679883
BAD 480574389167
BAD 480574389187
BAD 480574774159
BAD 480574774187
BAD 480574774189
BAD 480799204763
BAD 480590821771
BAD 480577318913
BAD 480577318951
BAD 480577519729
BAD 480559702171
BAD 480801551957
BAD 480801580321
BAD 480802092739
BAD 480657869569
BAD 480407863891
BAD 480651908333
BAD 480580824727
BAD 480594576233
BAD 480803342389
BAD 480725097473
BAD 480725097581
BAD 480725097583
BAD 480725497027
BAD 480409314923
BAD 480409314929
BAD 480581830541
BAD 480581830543
BAD 480581830549
BAD 480581830559
BAD 480581830579
BAD 480581830591
BAD 480596182351
BAD 480582281687
BAD 480596399047
BAD 480804919513
BAD 480804919519
BAD 480804919523
BAD 480563440081
BAD 480563440087
BAD 480726366847
BAD 480621491797
BAD 480805281323
BAD 480597063953
BAD 480410479009
BAD 480661287529
BAD 480738899761
BAD 480622243219
BAD 480622243223
BAD 480598204091
BAD 480598992413
BAD 480412354771
BAD 480412739353
BAD 480412739357
BAD 480412739363
BAD 480599928301
BAD 480599928307
BAD 480599928329
BAD 480599928331
BAD 480414072739
BAD 480664691813
BAD 480625967719
BAD 480600630511
BAD 480600826561
BAD 480600826567
BAD 480772395307
BAD 480672347933
BAD 480666116393
BAD 480773083543
BAD 480773083579
BAD 480627318173
BAD 480627574123
BAD 480627574129
BAD 480602088493
BAD 480602272789
BAD 480744597589
BAD 480602564383
BAD 480667212989
BAD 480706197623
BAD 480706197637
BAD 480706197641
BAD 480706197659
BAD 480706197661
BAD 480706197677
BAD 480706197679
BAD 480745227757
BAD 480706751453
BAD 480745819417
BAD 480418639123
BAD 480569224853
BAD 480570007727
BAD 480708009293
BAD 480747708349
BAD 480632088829
BAD 480677814629
BAD 480737334073
BAD 480679776449
BAD 480752559877
BAD 480712705163
BAD 480713260301
BAD 480713260303
BAD 480682923043
BAD 480714636277
BAD 480715812727
BAD 480684307151
BAD 480782223457
BAD 480685774637
BAD 480687086639
BAD 480719100479
BAD 480719100481
BAD 480719296009
BAD 480719645513
BAD 480719645533
BAD 480785301911
BAD 480785513953
BAD 480785514007
BAD 480720076189
BAD 480785933003
BAD 480721143871
BAD 480788357831
BAD 480608732273
BAD 480615870473
BAD 480756885421
BAD 480756885451
BAD 480756885457
BAD 480756885467
BAD 480691545673
BAD 480691545679
BAD 480691545713
BAD 480692101963
BAD 480762138653
BAD 480763284653
BAD 480763980143
BAD 480702085261
BAD 480805673947
BAD 480838950379
BAD 480840083557
BAD 480841995061
BAD 480809972303
BAD 480843372311
BAD 480812455801
BAD 480873397007
BAD 480873397009
BAD 480873397013
BAD 480873873317
BAD 480873873323
BAD 480846399941
BAD 480846399953
BAD 480874543189
BAD 480817346393
BAD 480877492453
BAD 480877492463
BAD 480851851351
BAD 480852271811
BAD 480852655267
BAD 480880462973
BAD 480880462987
BAD 480821855251
BAD 480854256733
BAD 480854256737
BAD 480854256739
BAD 480883115269
BAD 480883115291
BAD 480885567163
BAD 480894236413
BAD 480894236419
BAD 480895072457
BAD 480895072459
BAD 480895072481
BAD 480897274001
BAD 480902411419
BAD 480903162067
BAD 480903162071
BAD 480824044913
BAD 480824044927
BAD 480826734893
BAD 480828185129
BAD 480830100301
BAD 480831983713
BAD 480909316973
BAD 480909728041
BAD 480911120527
BAD 480835610119
BAD 480835876531
BAD 480836532151
BAD 480837496273
BAD 480837635969
BAD 480837635977
BAD 480837991043
BAD 480990735437
BAD 480990735439
BAD 480990735443
BAD 480990980059
BAD 480990980069
BAD 480922052797
BAD 480999515963
BAD 481000033291
BAD 481000033309
BAD 480974776553
BAD 481191577219
BAD 480923323291
BAD 480977008441
BAD 480977403103
BAD 480924205133
BAD 480924205141
BAD 480978817069
BAD 480978817073
BAD 480926025499
BAD 480926025533
BAD 480926025557
BAD 481025718379
BAD 480958045313
BAD 481026019193
BAD 481040614321
BAD 480983236913
BAD 481040877773
BAD 481200727673
BAD 481200727681
BAD 480985136041
BAD 481028780069
BAD 480930922051
BAD 480930922057
BAD 481042573673
BAD 481043270803
BAD 481043270809
BAD 481108242499
BAD 480931683019
BAD 481202900671
BAD 480986828369
BAD 480963679351
BAD 480855729691
BAD 481009698593
BAD 481009847729
BAD 481204704839
BAD 481204704863
BAD 481204704889
BAD 481204704907
BAD 480934080181
BAD 481044939937
BAD 481044939943
BAD 480988982963
BAD 481029559183
BAD 481029565169
BAD 481205900179
BAD 481205900183
BAD 480935674717
BAD 481046438881
BAD 481113653291
BAD 480859643153
BAD 480968522273
BAD 481047076427
BAD 481047076429
BAD 480861005953
BAD 481115843849
BAD 481115843851
BAD 481048064663
BAD 481032503093
BAD 481032503099
BAD 481032503101
BAD 480971972449
BAD 480862317127
BAD 480862317163
BAD 480862317211
BAD 480862317217
BAD 481017163027
BAD 480864333823
BAD 481119166337
BAD 481119166343
BAD 480865124513
BAD 480865124527
BAD 480865124533
BAD 481051108309
BAD 480865486051
BAD 480866259857
BAD 480866259859
BAD 481021012663
BAD 481036113989
BAD 480867422603
BAD 480867422611
BAD 481022121263
BAD 481022602369
BAD 481022602373
BAD 481023088019
BAD 481038097301
BAD 481038097303
BAD 480868921219
BAD 481038097307
BAD 481038097327
BAD 481055033047
BAD 481055033077
BAD 481055033099
BAD 481078302899
BAD 481078302907
BAD 481078857769
BAD 481078857773
BAD 481078857781
BAD 481079392229
BAD 481079392231
BAD 481079392237
BAD 481080176341
BAD 481080176347
BAD 481082172601
BAD 481091580859
BAD 481091580863
BAD 481082435809
BAD 481083910441
BAD 481083910459
BAD 481093509731
BAD 481093509733
BAD 481093509739
BAD 481094232721
BAD 481094232727
BAD 481086628223
BAD 481087959293
BAD 481088129881
BAD 481096570127
BAD 481096570133
BAD 481157837543
BAD 481157837549
BAD 481157837551
BAD 481157837557
BAD 481157837569
BAD 481096701829
BAD 480944151323
BAD 481098514703
BAD 481098514733
BAD 481159622873
BAD 481178627521
BAD 481100592251
BAD 481100592253
BAD 481124355157
BAD 481124355161
BAD 481124355163
BAD 481066156013
BAD 481066340243
BAD 481180499747
BAD 481180499749
BAD 481066538149
BAD 480949190611
BAD 480949513027
BAD 481066759643
BAD 481067324461
BAD 481126961149
BAD 481126961153
BAD 481182571399
BAD 481182571403
BAD 481182571469
BAD 481104124583
BAD 481104124607
BAD 481104124609
BAD 481166437789
BAD 481166437793
BAD 481128577387
BAD 481128577393
BAD 481069681849
BAD 481069681853
BAD 480954300391
BAD 481131432193
BAD 481147833709
BAD 481169620387
BAD 481169620391
BAD 481133216413
BAD 481170908081
BAD 481170908089
BAD 481137675059
BAD 481137675061
BAD 481155372169
BAD 481156307161
BAD 481156307273
BAD 481157072509
BAD 481157475377
BAD 481247322313
BAD 481247699797
BAD 481250403737
BAD 481252407607
BAD 481252628867
BAD 481252628869
BAD 481228235933
BAD 481228235941
BAD 481228236133
BAD 481228889861
BAD 481255103911
BAD 481230163231
BAD 481231284803
BAD 481232266547
BAD 481232266549
BAD 481232266553
BAD 481232266561
BAD 481234226813
BAD 481237014829
BAD 481241239781
BAD 481241239783
BAD 481259875819
BAD 481259875823
BAD 481259875829
BAD 481259951881
BAD 481259994511
BAD 481259994529
BAD 481259994563
BAD 481265957891
BAD 481265957899
BAD 481265957903
BAD 481208093683
BAD 481268778931
BAD 481209273851
BAD 481270228099
BAD 481209392453
BAD 481270890829
BAD 481270890833
BAD 481210871269
BAD 481272176537
BAD 481212289093
BAD 481212289099
BAD 481214264227
BAD 481215117349
BAD 481216631549
BAD 481218532463
BAD 481218532489
BAD 481219632373
BAD 481224005593
BAD 481275528311
BAD 481275528319
BAD 481277373169
BAD 481278303581
BAD 481278303607
BAD 481279677511
BAD 481279867829
BAD 481280380627
BAD 481280477551
BAD 481280863913
BAD 481282666913
BAD 481284693413
BAD 481287779387
BAD 481289520083
BAD 481290878183
BAD 481290878221
BAD 481426435439
BAD 481426435447
BAD 481426435453
BAD 481427686043
BAD 481430043407
BAD 481529190601
BAD 481529190643
BAD 481529263783
BAD 481432819207
BAD 481327687663
BAD 481327808719
BAD 481440168137
BAD 481538579393
BAD 481538579419
BAD 481538792507
BAD 481538792509
BAD 481540220197
BAD 481540220269
BAD 481540220279
BAD 481540458697
BAD 481540458743
BAD 481336901293
BAD 481337137459
BAD 481541177347
BAD 481339153741
BAD 481339153753
BAD 481341171371
BAD 481295417479
BAD 481296785161
BAD 481299114409
BAD 481410813409
BAD 481411531957
BAD 481412443859
BAD 481412443861
BAD 481510164929
BAD 481510164931
BAD 481510742611
BAD 481510742623
BAD 481304900429
BAD 481304900431
BAD 481304900449
BAD 481304900467
BAD 481512876101
BAD 481308022219
BAD 481308478999
BAD 481419544181
BAD 481419544183
BAD 481363305889
BAD 481516034063
BAD 481516034071
BAD 481516442131
BAD 481516442137
BAD 481516486909
BAD 481424851559
BAD 481424851561
BAD 481368937463
BAD 481522314503
BAD 481375665833
BAD 481314419489
BAD 481314419491
BAD 481342358957
BAD 481342358963
BAD 481342359013
BAD 481315868051
BAD 481315868053
BAD 481343844199
BAD 481343844217
BAD 481317137857
BAD 481349124593
BAD 481351097629
BAD 481352762467
BAD 481392647719
BAD 481321333093
BAD 481321333099
BAD 481355374037
BAD 481355374039
BAD 481355374043
BAD 481355374081
BAD 481356294079
BAD 481358765423
BAD 481376569747
BAD 481376569759
BAD 481324727197
BAD 481324727263
BAD 481324727269
BAD 481400761993
BAD 481379434189
BAD 481402114519
BAD 481382970667
BAD 481404561083
BAD 481407019663
BAD 481407337267
BAD 481407337297
BAD 481477046129
BAD 481477046131
BAD 481598657213
BAD 481577887519
BAD 481577887523
BAD 481460535169
BAD 481460535197
BAD 481391329477
BAD 481391839783
BAD 481391839787
BAD 481600315771
BAD 481392152587
BAD 481461453569
BAD 481545201847
BAD 481462728113
BAD 481462728119
BAD 481481949989
BAD 481582569889
BAD 481546760713
BAD 481546760719
BAD 481547349743
BAD 481547349757
BAD 481465244353
BAD 481585432063
BAD 481585432067
BAD 481548425783
BAD 481606770473
BAD 481607121923
BAD 481447571071
BAD 481587645577
BAD 481487660701
BAD 481549920289
BAD 481550462443
BAD 481609363831
BAD 481591311037
BAD 481551804967
BAD 481551804973
BAD 481591599487
BAD 481591599499
BAD 481491148231
BAD 481491148241
BAD 481491148253
BAD 481491148261
BAD 481552437143
BAD 481469582221
BAD 481469582233
BAD 481593357151
BAD 481495521571
BAD 481452330679
BAD 481452330683
BAD 481452330727
BAD 481452330739
BAD 481452330743
BAD 481452923827
BAD 481496611987
BAD 481472193871
BAD 481453740379
BAD 481454385361
BAD 481499259979
BAD 481499690741
BAD 481499690743
BAD 481499690747
BAD 481456591873
BAD 481456591879
BAD 481456591883
BAD 481559452823
BAD 481503461449
BAD 481503650963
BAD 481503651011
BAD 481506923693
BAD 481560702697
BAD 481573655417
BAD 481573655419
BAD 481612180547
BAD 481612180549
BAD 481616752493
BAD 481621910281
BAD 481621910293
BAD 481623446179
BAD 481624170091
BAD 481624170121
BAD 481635333107
BAD 481636258627
BAD 481639134313
BAD 481641497809
BAD 481641918193
BAD 481646205113
BAD 481683936781
BAD 481683936787
BAD 481684314743
BAD 481689035209
BAD 481650715253
BAD 481650715267
BAD 481653054209
BAD 481663186283
BAD 481666665691
BAD 481671291473
BAD 481672820437
BAD 481675356797
BAD 481675356803
BAD 481676946133
BAD 481728511213
BAD 481730637001
BAD 481730637023
BAD 481730637029
BAD 481711798471
BAD 481711798481
BAD 481711798483
BAD 481733847937
BAD 481733847943
BAD 481712854253
BAD 481735624429
BAD 481736652937
BAD 481715871919
BAD 481715871929
BAD 481717204127
BAD 481739279773
BAD 481739279779
BAD 481739279783
BAD 481739818801
BAD 481743385339
BAD 481743385351
BAD 481762338023
BAD 481755431671
BAD 481756141403
BAD 481756318093
BAD 481757338003
BAD 481757338009
BAD 481760405479
BAD 481760405491
BAD 481697559961
BAD 481698836791
BAD 481771051283
BAD 481701302377
BAD 481701302387
BAD 481701302389
BAD 481701501331
BAD 481774260533
BAD 481774288553
BAD 481775563361
BAD 481775563363
BAD 481798146589
BAD 481798750067
BAD 481798750073
BAD 481704471769
BAD 481800493157
BAD 481800493159
BAD 481801893101
BAD 481802223829
BAD 481802223853
BAD 481706439343
BAD 481706439349
BAD 481804694113
BAD 481804694153
BAD 481707764119
BAD 481864038923
BAD 481864038941
BAD 481864038949
BAD 481805991421
BAD 481865276491
BAD 481709213911
BAD 481807207523
BAD 481866230473
BAD 481866757261
BAD 481809246229
BAD 481809246241
BAD 481809246263
BAD 481809248839
BAD 481869646277
BAD 481869646283
BAD 481869646303
BAD 481871365127
BAD 481871708309
BAD 481873113209
BAD 481833018743
BAD 481834227871
BAD 481875744743
BAD 481835134909
BAD 481835134919
BAD 481876146649
BAD 481876146659
BAD 481836369199
BAD 481836894481
BAD 481815443899
BAD 481815795509
BAD 481815795511
BAD 481842322513
BAD 481842322517
BAD 481842525953
BAD 481843095511
BAD 481843095523
BAD 481822965263
BAD 481825798499
BAD 481825798501
BAD 481825968961
BAD 481826110523
BAD 481828239719
BAD 481828239721
BAD 481913668981
BAD 481915887379
BAD 481917243029
BAD 481920216683
BAD 481922655943
BAD 481924147171
BAD 481924147183
BAD 481927277311
BAD 481963284857
BAD 481968721159
BAD 481968721163
BAD 481968721187
BAD 481888055843
BAD 481888055849
BAD 481888055851
BAD 481970987473
BAD 481970987483
BAD 481971942871
BAD 481889173127
BAD 481889802521
BAD 481889802523
BAD 481889802533
BAD 481889802539
BAD 481890385703
BAD 481947038959
BAD 481849575409
BAD 481898724661
BAD 481781184541
BAD 481781711561
BAD 481850248141
BAD 481850248151
BAD 481931030611
BAD 481952266309
BAD 481980292373
BAD 481980292379
BAD 481853464951
BAD 481853465047
BAD 481853465057
BAD 481853465059
BAD 481853465063
BAD 481953515657
BAD 481903737619
BAD 481903948349
BAD 481903948373
BAD 481935785369
BAD 481935785371
BAD 481983024277
BAD 482019341809
BAD 481789628167
BAD 481789628183
BAD 481789628209
BAD 481789628213
BAD 481983603623
BAD 481977338629
BAD 481955557339
BAD 481790645663
BAD 481791123361
BAD 481986218809
BAD 481859504387
BAD 481859504389
BAD 481859504419
BAD 481793134519
BAD 481793134531
BAD 481960814663
BAD 482023288519
BAD 482023403761
BAD 481941516703
BAD 481912061821
BAD 481941884449
BAD 481941884453
BAD 481944940031
BAD 481944940033
BAD 481944940063
BAD 482026711763
BAD 481990246613
BAD 481997393167
BAD 481998434371
BAD 481992744479
BAD 481992744481
BAD 482001074021
BAD 481993235263
BAD 481993235309
BAD 481993833427
BAD 482012187871
BAD 482031029813
BAD 482031604009
BAD 482033504353
BAD 482040714899
BAD 482040714901
BAD 482040714913
BAD 482044283621
BAD 482044283627
BAD 482044283629
BAD 482063758153
BAD 482065749947
BAD 482067882787
BAD 482068946479
BAD 482068946483
BAD 482070053713
BAD 482070712729
BAD 482073078049
BAD 482075180869
BAD 482077948909
BAD 482077948931
BAD 482080935121
BAD 482082001351
BAD 482083000339
BAD 482083028521
BAD 482083028533
BAD 482083841971
BAD 482086198313
BAD 482086198343
BAD 482050992893
BAD 482088049549
BAD 482089319611
BAD 482089319617
BAD 482056529047
BAD 482094071749
BAD 482062090933
BAD 482062455887
BAD 482164873471
BAD 482165683193
BAD 482168662477
BAD 482170253423
BAD 482171511361
BAD 482117237527
BAD 482118232163
BAD 482118232171
BAD 482118232177
BAD 482175861931
BAD 482176544053
BAD 482176682329
BAD 482121760999
BAD 482121761003
BAD 482178936623
BAD 482123474431
BAD 482179858253
BAD 482125936867
BAD 482127596029
BAD 482127596033
BAD 482127609671
BAD 482127609673
BAD 482127609679
BAD 482137896739
BAD 482137896743
BAD 482137896769
BAD 482138556593
BAD 482139175433
BAD 482142510407
BAD 482142888847
BAD 482216636311
BAD 482216636323
BAD 482146455523
BAD 482146455529
BAD 482157852343
BAD 482220257303
BAD 482221344029
BAD 482222246557
BAD 482164175393
BAD 482164175419
BAD 482187626971
BAD 482224007641
BAD 482372525171
BAD 482373690143
BAD 482373879541
BAD 482374598473
BAD 482191308127
BAD 482191608583
BAD 482385805043
BAD 482193330439
BAD 482193330449
BAD 482377858733
BAD 482230102793
BAD 482230102819
BAD 482193580579
BAD 482379014759
BAD 482387945269
BAD 482194712269
BAD 482380411657
BAD 482380411663
BAD 482195936363
BAD 482196072623
BAD 482381626513
BAD 482100057037
BAD 482390341501
BAD 482390491279
BAD 482101229531
BAD 482101229551
BAD 482393253943
BAD 482393253949
BAD 482394269251
BAD 482104067623
BAD 482199792103
BAD 482397891659
BAD 482397891667
BAD 482109257599
BAD 482109257603
BAD 482109365263
BAD 482112582293
BAD 482112582361
BAD 482208214693
BAD 482208545593
BAD 482212790701
BAD 482248724239
BAD 482256055693
BAD 482258807929
BAD 482433223939
BAD 482336283563
BAD 482336283577
BAD 482336283581
BAD 482337219083
BAD 482337649951
BAD 482435828167
BAD 482338580851
BAD 482338580861
BAD 482437857917
BAD 482437857919
BAD 482437857931
BAD 482439234001
BAD 482439234037
BAD 482439234049
BAD 482349478889
BAD 482399234539
BAD 482351344073
BAD 482445050587
BAD 482265559361
BAD 482403769703
BAD 482403769709
BAD 482403769711
BAD 482232213433
BAD 482356230683
BAD 482316452089
BAD 482448562639
BAD 482448562643
BAD 482406463051
BAD 482236113091
BAD 482408675057
BAD 482408675059
BAD 482238786331
BAD 482239034161
BAD 482322178159
BAD 482322606449
BAD 482322606457
BAD 482324250973
BAD 482324250983
BAD 482363144773
BAD 482363831959
BAD 482243094731
BAD 482243094733
BAD 482244873437
BAD 482303400289
BAD 482329270823
BAD 482329270831
BAD 482329462007
BAD 482329462009
BAD 482282567959
BAD 482282567971
BAD 482283403039
BAD 482248086667
BAD 482285562313
BAD 482286379979
BAD 482287012567
BAD 482287634359
BAD 482310657799
BAD 482310657809
BAD 482310657811
BAD 482310657853
BAD 482310657901
BAD 482311283599
BAD 482417727439
BAD 482417727457
BAD 482417727461
BAD 482290591529
BAD 482290591553
BAD 482290969781
BAD 482292979477
BAD 482292979481
BAD 482421095383
BAD 482421307019
BAD 482421307021
BAD 482422665763
BAD 482298428809
BAD 482424339413
BAD 482428625989
BAD 482450423933
BAD 482455076209
BAD 482455526947
BAD 482455526951
BAD 482455526953
BAD 482467276607
BAD 482467276609
BAD 482457943733
BAD 482463067501
BAD 482476143271
BAD 482476143277
BAD 482479661141
BAD 482486770819
BAD 482486770823
BAD 482492104093
BAD 482492104097
BAD 482496843727
BAD 482497502101
BAD 482498385937
BAD 482518398227
BAD 482528687419
BAD 482568951983
BAD 482568951989
BAD 482577295961
BAD 482578110503
BAD 482618017639
BAD 482581537481
BAD 482581537483
BAD 482583237623
BAD 482623378733
BAD 482623609201
BAD 482630382683
BAD 482500713533
BAD 482501078729
BAD 482506356599
BAD 482506356601
BAD 482651280301
BAD 482651280323
BAD 482514247181
BAD 482514247183
BAD 482536144523
BAD 482538100699
BAD 482604191131
BAD 482604191149
BAD 482604248377
BAD 482556776777
BAD 482655336593
BAD 482541002137
BAD 482541002143
BAD 482541003409
BAD 482541701723
BAD 482541701729
BAD 482541701731
BAD 482541875363
BAD 482561263141
BAD 482659945921
BAD 482659945927
BAD 482609910439
BAD 482563988393
BAD 482768527201
BAD 482545803923
BAD 482545806181
BAD 482565866249
BAD 482611021831
BAD 482770511459
BAD 482703346819
BAD 482771077381
BAD 482548261289
BAD 482548261291
BAD 482663153117
BAD 482663153183
BAD 482704105699
BAD 482663420669
BAD 482663420671
BAD 482771672567
BAD 482771672569
BAD 482771672573
BAD 482705205649
BAD 482664841853
BAD 482706618103
BAD 482788697861
BAD 482788697863
BAD 482667535463
BAD 482790052189
BAD 482712091723
BAD 482794188109
BAD 482794822277
BAD 482794822303
BAD 482714297971
BAD 482796084707
BAD 482796563377
BAD 482796563393
BAD 482796563401
BAD 482796563443
BAD 482797577089
BAD 482782524503
BAD 482782524509
BAD 482783156423
BAD 482783156431
BAD 482783156441
BAD 482717128891
BAD 482717128913
BAD 482802511271
BAD 482802511283
BAD 482803343401
BAD 482799652121
BAD 482799652123
BAD 482813919859
BAD 482814253001
BAD 482819595719
BAD 482819595721
BAD 482826927181
BAD 482826991849
BAD 482827207243
BAD 482827207249
BAD 482831087941
BAD 482831210431
BAD 482831210437
BAD 482832612677
BAD 482832612679
BAD 482832612683
BAD 482834630881
BAD 482670403133
BAD 482672634643
BAD 482672634649
BAD 482676179611
BAD 482676401003
BAD 482680511749
BAD 482586566369
BAD 482634455701
BAD 482589889451
BAD 482590723399
BAD 482636588351
BAD 482590797691
BAD 482594254553
BAD 482598536159
BAD 482735080931
BAD 482724075443
BAD 482685499279
BAD 482736232123
BAD 482739671023
BAD 482739671041
BAD 482739671047
BAD 482740491329
BAD 482730863207
BAD 482731001803
BAD 482731001807
BAD 482691360121
BAD 482741899141
BAD 482741899147
BAD 482752759343
BAD 482698618169
BAD 482698618183
BAD 482762708161
BAD 482762708167
BAD 482837780053
BAD 482837861507
BAD 482837861509
BAD 482839401503
BAD 482840100839
BAD 482767271461
BAD 482840261179
BAD 482840631677
BAD 482767743473
BAD 482767743481
BAD 482767743509
BAD 482841057563
BAD 482841057571
BAD 482854088603
BAD 482854443697
BAD 482854443703
BAD 482854443713
BAD 482856085123
BAD 482859127193
BAD 482859753073
BAD 482859903473
BAD 482860181863
BAD 482860181933
BAD 482860181939
BAD 482860181941
BAD 482866216433
BAD 482866216439
BAD 482866539457
BAD 482866539461
BAD 482866977907
BAD 482866977919
BAD 482869048813
BAD 482869048817
BAD 482869048819
BAD 482874756677
BAD 482876524687
BAD 482876524693
BAD 482876731037
BAD 482876731039
BAD 482878152443
BAD 482878455877
BAD 482878455881
BAD 482879571973
BAD 482880704767
BAD 482880704791
BAD 482882403589
BAD 482885866219
BAD 482887336003
BAD 482888386999
BAD 482888443927
BAD 482888443931
BAD 482889657637
BAD 482889657647
BAD 482895194297
BAD 482904358367
BAD 482904358369
BAD 482899025093
BAD 482906600087
BAD 482906600089
BAD 482906738273
BAD 482906738287
BAD 482910350423
BAD 482911344161
BAD 482912002303
BAD 482914057553
BAD 482939110021
BAD 482940116069
BAD 482940988393
BAD 482941603103
BAD 482941684139
BAD 482941718797
BAD 482952524953
BAD 482919517417
BAD 482919784201
BAD 482920375879
BAD 482921503193
BAD 482921503201
BAD 482921596583
BAD 483042115489
BAD 482923807763
BAD 482923807783
BAD 482923807789
BAD 482923807799
BAD 483042808159
BAD 483076049543
BAD 483042808163
BAD 483042808169
BAD 483077650487
BAD 483078214193
BAD 483078614521
BAD 483054055987
BAD 483055472929
BAD 483049028557
BAD 483049028687
BAD 483049028689
BAD 483050740771
BAD 482928010793
BAD 482928010801
BAD 483051759871
BAD 483086539513
BAD 483020909389
BAD 483022019749
BAD 483061374583
BAD 482932034639
BAD 483064238719
BAD 483027103903
BAD 483027361849
BAD 483027361853
BAD 483027361867
BAD 483027701341
BAD 483029207851
BAD 482957138371
BAD 482971306357
BAD 483068326739
BAD 482959178719
BAD 482959178731
BAD 482959289321
BAD 482972959163
BAD 482972959171
BAD 483035932213
BAD 483036007067
BAD 482975847293
BAD 482964594319
BAD 482964864821
BAD 482964864829
BAD 482965022951
BAD 482980144573
BAD 482980144579
BAD 483092569123
BAD 482981878679
BAD 482981878681
BAD 482983325947
BAD 483005774903
BAD 482985731623
BAD 483009284867
BAD 483009284869
BAD 483009284873
BAD 483125210809
BAD 483013696283
BAD 483013696289
BAD 483129692809
BAD 483129692813
BAD 483129784289
BAD 483014965039
BAD 482988661601
BAD 483131187821
BAD 483016768327
BAD 483106686499
BAD 483018604009
BAD 483107400773
BAD 483109777819
BAD 483109777823
BAD 483134321063
BAD 482999135207
BAD 483115083439
BAD 483001352243
BAD 483115791647
BAD 483115791649
BAD 483223651783
BAD 483224024641
BAD 483224299183
BAD 483224626483
BAD 483171618263
BAD 483227494759
BAD 483227963111
BAD 483231965011
BAD 483231965017
BAD 483137439427
BAD 483180391961
BAD 483234445583
BAD 483234582317
BAD 483234582343
BAD 483140879659
BAD 483186637163
BAD 483141479659
BAD 483144129583
BAD 483254935561
BAD 483144378169
BAD 483144378173
BAD 483144446689
BAD 483146648953
BAD 483257613383
BAD 483148382287
BAD 483148751807
BAD 483148751809
BAD 483148962691
BAD 483149388583
BAD 483261288343
BAD 483261288347
BAD 483150553133
BAD 483152987899
BAD 483152987903
BAD 483273325529
BAD 483273325531
BAD 483275525371
BAD 483268378279
BAD 483268646593
BAD 483277114319
BAD 483270022223
BAD 483240429823
BAD 483243602183
BAD 483245512069
BAD 483245512073
BAD 483285896321
BAD 483286941661
BAD 483204686227
BAD 483248643511
BAD 483249440803
BAD 483188502541
BAD 483189085237
BAD 483189085241
BAD 483189085243
BAD 483189085303
BAD 483251430139
BAD 483253308533
BAD 483253896529
BAD 483209669507
BAD 483209686831
BAD 483210806423
BAD 483155072843
BAD 483195393661
BAD 483195626131
BAD 483195626219
BAD 483195626237
BAD 483195626239
BAD 483195654943
BAD 483195654947
BAD 483196630403
BAD 483197211583
BAD 483157431847
BAD 483157431863
BAD 483214036771
BAD 483160076827
BAD 483217651729
BAD 483201507961
BAD 483201507967
BAD 483201507973
BAD 483201507977
BAD 483201507979
BAD 483201507983
BAD 483161526511
BAD 483162710581
BAD 483162710587
BAD 483163244177
BAD 483164214901
BAD 483165715639
BAD 483167376833
BAD 483168235523
BAD 483170237323
BAD 483308822527
BAD 483310301581
BAD 483310301587
BAD 483315980137
BAD 483316950713
BAD 483317316347
BAD 483318325703
BAD 483318325717
BAD 483319669237
BAD 483322016251
BAD 483324242603
BAD 483324457261
BAD 483324457267
BAD 483326220239
BAD 483326220241
BAD 483288715999
BAD 483326715737
BAD 483327348703
BAD 483291994417
BAD 483296779027
BAD 483297152977
BAD 483301507849
BAD 483333227417
BAD 483333479831
BAD 483333479833
BAD 483333479843
BAD 483333938141
BAD 483334441441
BAD 483334580189
BAD 483334580191
BAD 483363331223
BAD 483363930367
BAD 483368644403
BAD 483368732747
BAD 483390113903
BAD 483390722299
BAD 483390722303
BAD 483391202647
BAD 483406262413
BAD 483406262419
BAD 483409802539
BAD 483409802543
BAD 483410224643
BAD 483410224651
BAD 483399529477
BAD 483400295731
BAD 483400295743
BAD 483400692893
BAD 483400692899
BAD 483412534699
BAD 483413827343
BAD 483413827357
BAD 483413827373
BAD 483414900713
BAD 483416264041
BAD 483341989763
BAD 483341989769
BAD 483341989771
BAD 483418583971
BAD 483418825451
BAD 483345217501
BAD 483419213281
BAD 483493467707
BAD 483493644593
BAD 483493644619
BAD 483352971727
BAD 483353414521
BAD 483353414539
BAD 483495092461
BAD 483473865451
BAD 483473865463
BAD 483373200283
BAD 483477325823
BAD 483374817721
BAD 483507729493
BAD 483444886957
BAD 483444886961
BAD 483444886963
BAD 483509198873
BAD 483447088213
BAD 483447088217
BAD 483447088219
BAD 483447359981
BAD 483511006907
BAD 483481358141
BAD 483511364863
BAD 483456408569
BAD 483456408571
BAD 483451237403
BAD 483458516647
BAD 483514195081
BAD 483452156953
BAD 483452156959
BAD 483452156963
BAD 483452156969
BAD 483487160203
BAD 483518528573
BAD 483518528587
BAD 483518528593
BAD 483518528599
BAD 483380737859
BAD 483380798371
BAD 483380798377
BAD 483382100393
BAD 483522516353
BAD 483384860753
BAD 483522516359
BAD 483464833361
BAD 483522516361
BAD 483464833363
BAD 483464833367
BAD 483464833373
BAD 483423217289
BAD 483423217307
BAD 483423217309
BAD 483465355339
BAD 483424931839
BAD 483424931851
BAD 483425021243
BAD 483425021279
BAD 483466493527
BAD 483425288431
BAD 483425288473
BAD 483468718111
BAD 483427786001
BAD 483427786003
BAD 483427786007
BAD 483428065517
BAD 483530923727
BAD 483533069611
BAD 483435036767
BAD 483535879327
BAD 483535943269
BAD 483538733753
BAD 483538949171
BAD 483539990581
BAD 483539990653
BAD 483539990663
BAD 483596134081
BAD 483599340319
BAD 483599340331
BAD 483602339681
BAD 483602339683
BAD 483602339687
BAD 483603988013
BAD 483659265673
BAD 483659265679
BAD 483661373641
BAD 483661861369
BAD 483662541727
BAD 483667156613
BAD 483667534723
BAD 483667534733
BAD 483668134217
BAD 483668134219
BAD 483668134241
BAD 483669429109
BAD 483669883667
BAD 483610244569
BAD 483610244581
BAD 483614703217
BAD 483674562211
BAD 483620024299
BAD 483620261167
BAD 483620261213
BAD 483676286707
BAD 483676286713
BAD 483676286719
BAD 483620504903
BAD 483575954131
BAD 483579426493
BAD 483681558991
BAD 483681559033
BAD 483682754603
BAD 483632006827
BAD 483632006833
BAD 483585968947
BAD 483634110041
BAD 483588471893
BAD 483638499931
BAD 483638499943
BAD 483689255897
BAD 483689255899
BAD 483541774747
BAD 483640213897
BAD 483546421681
BAD 483546421691
BAD 483546421693
BAD 483546792973
BAD 483547781153
BAD 483642525523
BAD 483643592303
BAD 483551369303
BAD 483644911769
BAD 483557622413
BAD 483556542421
BAD 483648838159
BAD 483648838163
BAD 483559562881
BAD 483559685033
BAD 483560103571
BAD 483652111897
BAD 483652111903
BAD 483652111913
BAD 483653441129
BAD 483653705573
BAD 483564007207
BAD 483564007211
BAD 483568388557
BAD 483569657899
BAD 483569657903
BAD 483570793283
BAD 483570793291
BAD 483727132439
BAD 483728504491
BAD 483728504509
BAD 483728504513
BAD 483728688649
BAD 483729658679
BAD 483729658681
BAD 483737163673
BAD 483737163703
BAD 483710481571
BAD 483710481577
BAD 483738764233
BAD 483740100409
BAD 483716067361
BAD 483718191227
BAD 483697926071
BAD 483697926073
BAD 483697926079
BAD 483697926083
BAD 483697926091
BAD 483700700071
BAD 483705028333
BAD 483705340691
BAD 483741871687
BAD 483743726407
BAD 483743726419
BAD 483744329647
BAD 483746785163
BAD 483749192659
BAD 483750479881
BAD 483750479893
BAD 483751456283
BAD 483751456291
BAD 483751603277
BAD 483763846801
BAD 483781060967
BAD 483781060969
BAD 483781060981
BAD 483767288869
BAD 483767288911
BAD 483767288923
BAD 483767391799
BAD 483768924451
BAD 483784321327
BAD 483787570751
BAD 483787570753
BAD 483810572851
BAD 483810572857
BAD 483771738937
BAD 483772168619
BAD 483825026263
BAD 483844777711
BAD 483846486223
BAD 483846486229
BAD 483849614803
BAD 483854526703
BAD 483855294821
BAD 483855294833
BAD 483856462087
BAD 483857242837
BAD 483827400467
BAD 483829042561
BAD 483829042621
BAD 483834783101
BAD 483834783109
BAD 483909652861
BAD 483837048077
BAD 483837048083
BAD 483837048091
BAD 483837896959
BAD 483837896963
BAD 483840356851
BAD 483916969873
BAD 483892747253
BAD 483892747259
BAD 483892974743
BAD 483840759011
BAD 483918846317
BAD 483918846319
BAD 483792962399
BAD 483792962407
BAD 483795020389
BAD 483921381997
BAD 483797108413
BAD 483798772609
BAD 483924591133
BAD 483924591149
BAD 483924591151
BAD 483803057119
BAD 483803057123
BAD 483902354399
BAD 483803499811
BAD 483803499833
BAD 483903757969
BAD 483903757973
BAD 483805436867
BAD 483805436869
BAD 483905635571
BAD 483905635573
BAD 483908966179
BAD 483908976601
BAD 483876511907
BAD 483879240517
BAD 483880362037
BAD 483882840767
BAD 483882840769
BAD 483882840773
BAD 483882840781
BAD 483933830131
BAD 483933830141
BAD 483883250497
BAD 483883250509
BAD 483935559463
BAD 483935559473
BAD 483859480597
BAD 483859480603
BAD 483861750277
BAD 483889234331
BAD 483889234333
BAD 483889234403
BAD 483889234447
BAD 483891054953
BAD 483891436351
BAD 483891686183
BAD 483868219699
BAD 483868341511
BAD 483868341521
BAD 483868341533
BAD 483870332137
BAD 483871460851
BAD 483871460857
BAD 483874910161
BAD 483960370667
BAD 483960370669
BAD 483960924397
BAD 483963464563
BAD 483964146343
BAD 483967175479
BAD 483968485223
BAD 483969673531
BAD 483948153511
BAD 483972658727
BAD 483972658733
BAD 483973206653
BAD 483975557071
BAD 483957632201
BAD 483957632203
BAD 484027909933
BAD 484028610203
BAD 484028610217
BAD 484034297899
BAD 484035654943
BAD 483996494089
BAD 483996494101
BAD 483996494239
BAD 483997436003
BAD 484042590613
BAD 484042590617
BAD 483998656789
BAD 484002027757
BAD 484004534203
BAD 484005089039
BAD 484005089041
BAD 484044597473
BAD 484044748547
BAD 484044748549
BAD 484005808171
BAD 484045779337
BAD 484006953013
BAD 483982557613
BAD 483982605157
BAD 483982605163
BAD 483982912969
BAD 484009900981
BAD 483983521051
BAD 483983521069
BAD 484008336443
BAD 484008336451
BAD 484010210851
BAD 484010210857
BAD 484010210861
BAD 484010210863
BAD 484010210867
BAD 484010210869
BAD 483983871991
BAD 483983871997
BAD 484047775103
BAD 483984565073
BAD 483984669481
BAD 483984669499
BAD 483984669503
BAD 484011975877
BAD 484050586087
BAD 484064165413
BAD 483987301639
BAD 484050586091
BAD 484050586093
BAD 484050586099
BAD 483987301643
BAD 483987301669
BAD 483987301673
BAD 484015578379
BAD 484064663611
BAD 483987989743
BAD 483988182973
BAD 484051814881
BAD 484065025043
BAD 484052297671
BAD 484052297683
BAD 484052297693
BAD 484016990003
BAD 484053679709
BAD 484017963389
BAD 484017963391
BAD 484066613999
BAD 484066614001
BAD 483990839809
BAD 484068123533
BAD 484085320583
BAD 484111307081
BAD 484111307083
BAD 484021784971
BAD 484112547241
BAD 484024193777
BAD 484087983571
BAD 484059876589
BAD 484088588563
BAD 484088588567
BAD 484088588569
BAD 484089204359
BAD 484025723243
BAD 484114869787
BAD 484123626923
BAD 484125780953
BAD 484125780961
BAD 484125780967
BAD 484125780973
BAD 484129076729
BAD 484129076731
BAD 484131344267
BAD 484096137073
BAD 484138584011
BAD 484139399153
BAD 484139399173
BAD 484106765183
BAD 484143629951
BAD 484143629953
BAD 484145231293
BAD 484147023539
BAD 484147023541
BAD 484154561939
BAD 484154561941
BAD 484154561963
BAD 484157768587
BAD 484157861387
BAD 484157861389
BAD 484157861393
BAD 484196668603
BAD 484199227543
BAD 484202859409
BAD 484202859419
BAD 484162829873
BAD 484162912487
BAD 484162912489
BAD 484206329969
BAD 484211987839
BAD 484211987843
BAD 484212838273
BAD 484207264259
BAD 484209238061
BAD 484209238063
BAD 484167479281
BAD 484167479297
BAD 484210519657
BAD 484169049283
BAD 484220303467
BAD 484185046613
BAD 484185532561
BAD 484185532573
BAD 484185532583
BAD 484185623693
BAD 484221899281
BAD 484221899323
BAD 484221899327
BAD 484221899333
BAD 484171488679
BAD 484171488683
BAD 484188440143
BAD 484225121839
BAD 484225121843
BAD 484192639219
BAD 484228726921
BAD 484229681941
BAD 484239296393
BAD 484239423433
BAD 484279099891
BAD 484283481401
BAD 484283487937
BAD 484283502757
BAD 484295997139
BAD 484297151249
BAD 484297151251
BAD 484287468971
BAD 484287859541
BAD 484287859543
BAD 484288817273
BAD 484299464743
BAD 484289727973
BAD 484302223597
BAD 484303642649
BAD 484303642651
BAD 484245886351
BAD 484245886367
BAD 484245886373
BAD 484263537151
BAD 484263849623
BAD 484265748689
BAD 484265748691
BAD 484265748697
BAD 484331097751
BAD 484331097871
BAD 484331929061
BAD 484331929063
BAD 484270327327
BAD 484270327339
BAD 484270327349
BAD 484270327351
BAD 484251501247
BAD 484251714139
BAD 484251714143
BAD 484275542329
BAD 484276204441
BAD 484277703047
BAD 484255409879
BAD 484255409881
BAD 484255725433
BAD 484342479877
BAD 484342479883
BAD 484342479889
BAD 484257163219
BAD 484257977179
BAD 484257977191
BAD 484257977209
BAD 484257977213
BAD 484261238963
BAD 484311912257
BAD 484314262603
BAD 484316276369
BAD 484316276371
BAD 484321834193
BAD 484325126629
BAD 484325126633
BAD 484326606251
BAD 484326606263
BAD 484467393391
BAD 484467393413
BAD 484469436953
BAD 484497189443
BAD 484471077551
BAD 484471077553
BAD 484498201969
BAD 484498467683
BAD 484498467689
BAD 484472665253
BAD 484499731633
BAD 484473219187
BAD 484473219199
BAD 484473591871
BAD 484473591887
BAD 484473591893
BAD 484474711439
BAD 484476088339
BAD 484476090641
BAD 484502876873
BAD 484476090643
BAD 484476090649
BAD 484476222103
BAD 484476363673
BAD 484503369019
BAD 484503930061
BAD 484412664433
BAD 484382227229
BAD 484345304843
BAD 484345304851
BAD 484345433431
BAD 484418674979
BAD 484418674981
BAD 484385586983
BAD 484419980543
BAD 484348961297
BAD 484514281093
BAD 484514281099
BAD 484388006483
BAD 484350115429
BAD 484350470089
BAD 484515017957
BAD 484351316389
BAD 484516085659
BAD 484516085663
BAD 484516085671
BAD 484516242923
BAD 484390595153
BAD 484427278463
BAD 484427375297
BAD 484391676973
BAD 484431521911
BAD 484431559387
BAD 484431559393
BAD 484362937999
BAD 484361792963
BAD 484361918179
BAD 484397580413
BAD 484399551899
BAD 484399551901
BAD 484525708951
BAD 484525708973
BAD 484525708993
BAD 484525708999
BAD 484526288021
BAD 484526288023
BAD 484526562473
BAD 484530746603
BAD 484530746611
BAD 484438428217
BAD 484402819801
BAD 484439755913
BAD 484403324987
BAD 484403324989
BAD 484403325001
BAD 484441575353
BAD 484441575391
BAD 484441842097
BAD 484372307737
BAD 484445411941
BAD 484374020843
BAD 484374020849
BAD 484539689341
BAD 484541096173
BAD 484545352021
BAD 484480145341
BAD 484481366849
BAD 484481366851
BAD 484481627881
BAD 484481685361
BAD 484482013417
BAD 484483970317
BAD 484483970329
BAD 484484897539
BAD 484448039659
BAD 484448479457
BAD 484448840831
BAD 484448840833
BAD 484449027203
BAD 484450184371
BAD 484450184377
BAD 484493000689
BAD 484493000701
BAD 484457785463
BAD 484460395597
BAD 484597392751
BAD 484601175829
BAD 484601175833
BAD 484602416539
BAD 484602693193
BAD 484585186769
BAD 484664640731
BAD 484587916369
BAD 484665687091
BAD 484622213213
BAD 484622594993
BAD 484622932687
BAD 484590571459
BAD 484632410939
BAD 484624869251
BAD 484652854423
BAD 484652995381
BAD 484669723337
BAD 484669723339
BAD 484594686973
BAD 484655459831
BAD 484670867719
BAD 484655984119
BAD 484655984123
BAD 484658752693
BAD 484662828571
BAD 484662828577
BAD 484662828589
BAD 484662828593
BAD 484678896319
BAD 484698070741
BAD 484710602611
BAD 484710602659
BAD 484733310317
BAD 484737933023
BAD 484682479543
BAD 484556593657
BAD 484682479549
BAD 484683474739
BAD 484683474749
BAD 484683474757
BAD 484559452591
BAD 484740867229
BAD 484686702419
BAD 484686702421
BAD 484743528691
BAD 484743528701
BAD 484743966449
BAD 484743966451
BAD 484744821523
BAD 484746664333
BAD 484746664343
BAD 484747483163
BAD 484693895773
BAD 484693895809
BAD 484693895813
BAD 484693895821
BAD 484719336197
BAD 484719336203
BAD 484719912889
BAD 484721192821
BAD 484721192827
BAD 484722905461
BAD 484724093479
BAD 484727435131
BAD 484729167641
BAD 484729167647
BAD 484731094429
BAD 484831970503
BAD 484835588779
BAD 484785301733
BAD 484785603031
BAD 484785603061
BAD 484899770339
BAD 484899770389
BAD 484901375807
BAD 484882668107
BAD 484901761249
BAD 484901912837
BAD 484902563647
BAD 484844925673
BAD 484884423823
BAD 484886043253
BAD 484889854327
BAD 484889854349
BAD 484889854357
BAD 484890016189
BAD 484891796761
BAD 484892385689
BAD 484913085541
BAD 484752160339
BAD 484753275709
BAD 484754630489
BAD 484754857361
BAD 484758546383
BAD 484758546413
BAD 484760912569
BAD 484761226223
BAD 484763047339
BAD 484769447719
BAD 484773243869
BAD 484773686387
BAD 484773755269
BAD 484773755273
BAD 484776596729
BAD 484777456459
BAD 484777456463
BAD 484777859903
BAD 484778764937
BAD 484865762113
BAD 484867297009
BAD 484867488757
BAD 484867488761
BAD 484867488767
BAD 484924430527
BAD 484924430533
BAD 484870926563
BAD 484850384483
BAD 484871677483
BAD 484872040973
BAD 484936234663
BAD 484936337573
BAD 484936337597
BAD 484936879213
BAD 484851700519
BAD 484874930083
BAD 484817372597
BAD 484800961517
BAD 484874930093
BAD 484817372603
BAD 484851700523
BAD 484930749571
BAD 484818190303
BAD 484875550363
BAD 484818729193
BAD 484876559513
BAD 484943754167
BAD 484943754181
BAD 484876929949
BAD 484802753299
BAD 484803229247
BAD 484944458927
BAD 484820751421
BAD 484820751433
BAD 484879363249
BAD 484879368817
BAD 484879368823
BAD 484879419929
BAD 484879419931
BAD 484822418329
BAD 484946060723
BAD 484880798203
BAD 484880798221
BAD 484859038513
BAD 484859038519
BAD 484806211763
BAD 484825079749
BAD 484861433227
BAD 484863125843
BAD 484863125869
BAD 484829550343
BAD 484829550347
BAD 484829979173
BAD 484811684657
BAD 484814824463
BAD 485050099223
BAD 485050217831
BAD 485055961939
BAD 485057485951
BAD 484953556291
BAD 484956282631
BAD 484956282637
BAD 485062673009
BAD 485064643759
BAD 485065216813
BAD 484964554873
BAD 484964554897
BAD 485016392899
BAD 485016392923
BAD 485018022721
BAD 485025417683
BAD 485066786989
BAD 485066786993
BAD 485066787019
BAD 485029288651
BAD 485071530623
BAD 485039876821
BAD 485039969411
BAD 485039969413
BAD 484968471241
BAD 485040413719
BAD 485072881763
BAD 485072881771
BAD 484969536839
BAD 484984100443
BAD 485073591833
BAD 484969982723
BAD 484984445137
BAD 485042172067
BAD 485042172071
BAD 485042172073
BAD 485042172077
BAD 485042172079
BAD 485042172091
BAD 484970967203
BAD 484971680807
BAD 484971680813
BAD 485044053523
BAD 485044053541
BAD 485044053577
BAD 484972733573
BAD 485045119651
BAD 484986685567
BAD 484987469959
BAD 484976065411
BAD 484990104631
BAD 484990104637
BAD 485000288063
BAD 485103436627
BAD 484979308283
BAD 484979308291
BAD 485076742649
BAD 484980139463
BAD 484993260943
BAD 484993260949
BAD 484993260953
BAD 485078524717
BAD 484982498899
BAD 484994385943
BAD 485106371219
BAD 485106371221
BAD 484994817721
BAD 485080999241
BAD 485080999243
BAD 485080999303
BAD 485007361907
BAD 485007361913
BAD 485007536423
BAD 485007536437
BAD 485007536441
BAD 484997630903
BAD 485082501797
BAD 485009815127
BAD 485009815151
BAD 485009815153
BAD 485111555911
BAD 485111555927
BAD 485111555933
BAD 485111555959
BAD 485111555969
BAD 485011551119
BAD 485011551121
BAD 485011551139
BAD 485011551149
BAD 485011551151
BAD 485084477299
BAD 485095788571
BAD 485096282689
BAD 485097612383
BAD 485097612409
BAD 485097612413
BAD 485097612421
BAD 485097904877
BAD 485120024869
BAD 485121457853
BAD 485121656387
BAD 485121656389
BAD 485135312713
BAD 485137892461
BAD 485140126327
BAD 485140126357
BAD 485140126363
BAD 485132957893
BAD 485132957899
BAD 485143324613
BAD 485147267303
BAD 485148199493
BAD 485151464957
BAD 485152481599
BAD 485152481623
BAD 485157747961
BAD 485169050881
BAD 485169050893
BAD 485160327529
BAD 485170198111
BAD 485170198133
BAD 485170198141
BAD 485170627717
BAD 485173104301
BAD 485166592411
BAD 485166592531
BAD 485178975751
BAD 485181804749
BAD 485218166473
BAD 485218233011
BAD 485218233013
BAD 485218233023
BAD 485220588511
BAD 485223787831
BAD 485241296599
BAD 485242000729
BAD 485228652617
BAD 485228652619
BAD 485231234603
BAD 485231315623
BAD 485231315651
BAD 485231372917
BAD 485232037547
BAD 485232357949
BAD 485212694101
BAD 485233100993
BAD 485185128173
BAD 485185128199
BAD 485185128209
BAD 485185248413
BAD 485215317001
BAD 485185944109
BAD 485215876793
BAD 485215904843
BAD 485215904851
BAD 485215904861
BAD 485216025893
BAD 485269483883
BAD 485272249019
BAD 485274885397
BAD 485192542621
BAD 485276169383
BAD 485276169397
BAD 485338521869
BAD 485338521883
BAD 485338521901
BAD 485338521907
BAD 485338521911
BAD 485339629121
BAD 485277785191
BAD 485277785203
BAD 485195443927
BAD 485341394077
BAD 485318852287
BAD 485280039247
BAD 485281399201
BAD 485281399217
BAD 485281399219
BAD 485344099133
BAD 485344462261
BAD 485322683189
BAD 485322683191
BAD 485322683213
BAD 485322750469
BAD 485282691139
BAD 485345579003
BAD 485345579011
BAD 485345995151
BAD 485345995153
BAD 485198933033
BAD 485198933041
BAD 485304021911
BAD 485304021913
BAD 485200199347
BAD 485200210237
BAD 485200210241
BAD 485328590993
BAD 485351227903
BAD 485351227919
BAD 485308584571
BAD 485309655079
BAD 485332235057
BAD 485332235071
BAD 485332447219
BAD 485333190977
BAD 485334192059
BAD 485334192061
BAD 485334192073
BAD 485312695463
BAD 485254236517
BAD 485313490973
BAD 485255939173
BAD 485257033241
BAD 485257033259
BAD 485259086833
BAD 485259218299
BAD 485259218303
BAD 485317913371
BAD 485261022817
BAD 485266008193
BAD 485266008197
BAD 485266823401
BAD 485294419933
BAD 485294419937
BAD 485294419943
BAD 485294419957
BAD 485296500259
BAD 485296500263
BAD 485368867453
BAD 485370981401
BAD 485370981409
BAD 485371288057
BAD 485373474827
BAD 485373474829
BAD 485374695997
BAD 485353357927
BAD 485354006351
BAD 485354006353
BAD 485375792663
BAD 485375792683
BAD 485376139793
BAD 485356622089
BAD 485378513833
BAD 485360311003
BAD 485419853609
BAD 485419853617
BAD 485419853623
BAD 485419853641
BAD 485363372699
BAD 485363372701
BAD 485363597153
BAD 485420693521
BAD 485379844603
BAD 485421541001
BAD 485422266817
BAD 485424053987
BAD 485424690077
BAD 485425253669
BAD 485425253671
BAD 485425253693
BAD 485368489159
BAD 485368489189
BAD 485381504371
BAD 485431571567
BAD 485431571827
BAD 485432726773
BAD 485433329477
BAD 485388116977
BAD 485454294349
BAD 485390769869
BAD 485504116393
BAD 485504116403
BAD 485436670933
BAD 485436670951
BAD 485504814679
BAD 485505545281
BAD 485460223069
BAD 485507926933
BAD 485396741771
BAD 485396741773
BAD 485442048233
BAD 485463202481
BAD 485463202487
BAD 485463202489
BAD 485463291751
BAD 485398955183
BAD 485464021849
BAD 485492823259
BAD 485493473701
BAD 485514607817
BAD 485514607819
BAD 485473888541
BAD 485474143339
BAD 485537442919
BAD 485469271043
BAD 485469271103
BAD 485498939803
BAD 485500000681
BAD 485476998767
BAD 485476998793
BAD 485476998803
BAD 485501908357
BAD 485541619583
BAD 485541619609
BAD 485544794747
BAD 485483171753
BAD 485483171759
BAD 485483378377
BAD 485483378389
BAD 485483378399
BAD 485483674381
BAD 485484191629
BAD 485484191641
BAD 485484248749
BAD 485484440327
BAD 485484440333
BAD 485550506899
BAD 485550507229
BAD 485402657801
BAD 485404016329
BAD 485407718381
BAD 485407718447
BAD 485407718449
BAD 485410743163
BAD 485415573173
BAD 485415573179
BAD 485520144931
BAD 485523254323
BAD 485524402249
BAD 485529565463
BAD 485534498513
BAD 485561991337
BAD 485563056383
BAD 485563776227
BAD 485563884413
BAD 485566362583
BAD 485588641471
BAD 485589963349
BAD 485590927127
BAD 485593990291
BAD 485595688247
BAD 485596596113
BAD 485598007673
BAD 485598241771
BAD 485598383527
BAD 485599003093
BAD 485599003103
BAD 485670629693
BAD 485639250097
BAD 485639250101
BAD 485725339663
BAD 485726873791
BAD 485726873803
BAD 485726873809
BAD 485643280247
BAD 485643280417
BAD 485622127657
BAD 485645778313
BAD 485731060613
BAD 485731060631
BAD 485647831301
BAD 485647831309
BAD 485647831321
BAD 485647831327
BAD 485626038383
BAD 485626529911
BAD 485626529917
BAD 485626962103
BAD 485626962109
BAD 485650504387
BAD 485628115369
BAD 485628115373
BAD 485736445979
BAD 485736445993
BAD 485736446011
BAD 485736446059
BAD 485736446077
BAD 485736456329
BAD 485736694073
BAD 485610368963
BAD 485675251849
BAD 485689707457
BAD 485571275989
BAD 485677974289
BAD 485678156963
BAD 485573333251
BAD 485616779881
BAD 485574794759
BAD 485575046701
BAD 485633381147
BAD 485633381153
BAD 485633381161
BAD 485633381173
BAD 485680460527
BAD 485633967121
BAD 485680662227
BAD 485618892821
BAD 485618892833
BAD 485618892853
BAD 485695939433
BAD 485695939441
BAD 485695939459
BAD 485696271433
BAD 485696551189
BAD 485619372473
BAD 485619372481
BAD 485619744079
BAD 485697657637
BAD 485698393361
BAD 485698393363
BAD 485683732099
BAD 485699414731
BAD 485580428173
BAD 485582448289
BAD 485703619147
BAD 485586281393
BAD 485716416439
BAD 485716416443
BAD 485739660919
BAD 485739819529
BAD 485739819533
BAD 485739819541
BAD 485741138543
BAD 485741564953
BAD 485745805381
BAD 485745805387
BAD 485745805403
BAD 485749788323
BAD 485749892923
BAD 485750736707
BAD 485771433517
BAD 485773853603
BAD 485781455993
BAD 485781456001
BAD 485929524173
BAD 485929524193
BAD 485930053423
BAD 485784700057
BAD 485932290619
BAD 485823492353
BAD 485824125931
BAD 485825076329
BAD 485936321083
BAD 485936321089
BAD 485936321099
BAD 485805642811
BAD 485856011299
BAD 485807693653
BAD 485843933999
BAD 485843934001
BAD 485891314907
BAD 485829397223
BAD 485846279153
BAD 485830675283
BAD 485811436501
BAD 485859796951
BAD 485811530989
BAD 485873870039
BAD 485847446893
BAD 485847446899
BAD 485832490859
BAD 485832490861
BAD 485876312749
BAD 485814517319
BAD 485814517327
BAD 485849457523
BAD 485910748513
BAD 485910748517
BAD 485910748523
BAD 485816784977
BAD 485896774591
BAD 485852234573
BAD 485820133693
BAD 485865701263
BAD 485913929629
BAD 485882750359
BAD 485836608317
BAD 485852234603
BAD 485836608319
BAD 485836833767
BAD 485941300729
BAD 485914523737
BAD 485914523749
BAD 485914523753
BAD 485820763543
BAD 485820763579
BAD 485942462857
BAD 485854589419
BAD 485898228763
BAD 485855186899
BAD 485868497423
BAD 485916613549
BAD 485887812737
BAD 485887812757
BAD 485946702487
BAD 485949401933
BAD 485950319233
BAD 485950319237
BAD 485950319243
BAD 485951166289
BAD 485762826979
BAD 485764202681
BAD 485954573509
BAD 485765991653
BAD 485766912347
BAD 485766947299
BAD 485955867169
BAD 485769207673
BAD 485770280123
BAD 485771268893
BAD 485791708021
BAD 485794574647
BAD 485796778739
BAD 485796778741
BAD 485798581591
BAD 485801462257
BAD 485801634833
BAD 485801634839
BAD 485801634863
BAD 485958270451
BAD 485958430393
BAD 485961427109
BAD 485961427111
BAD 485961427129
BAD 485962402567
BAD 485963047201
BAD 485963047223
BAD 485967182123
BAD 485967182143
BAD 485968704671
BAD 485969448721
BAD 485970773881
BAD 485991648049
BAD 485991648053
BAD 485996301551
BAD 486058836257
BAD 486058836259
BAD 486058884083
BAD 485998261999
BAD 485998751507
BAD 485998751509
BAD 486024721339
BAD 486064875161
BAD 486064875173
BAD 486027159913
BAD 486027159923
BAD 486067050991
BAD 486067051121
BAD 486067051123
BAD 486001231007
BAD 486006155743
BAD 486034720153
BAD 486035806033
BAD 486007687201
BAD 486037974451
BAD 486019139251
BAD 486019139257
BAD 486019333801
BAD 486020980673
BAD 485975316611
BAD 485975316613
BAD 485979091753
BAD 485979091757
BAD 485979390731
BAD 485979390733
BAD 485982147473
BAD 486145413847
BAD 486145733809
BAD 486145733813
BAD 485984903251
BAD 486090195583
BAD 486093076043
BAD 486093304531
BAD 486152385269
BAD 486152593403
BAD 486152593411
BAD 486097968163
BAD 486099900683
BAD 486101572403
BAD 486124548761
BAD 486127181497
BAD 486127181791
BAD 486176670019
BAD 486127626337
BAD 486127626343
BAD 486127626349
BAD 486127626353
BAD 486130187033
BAD 486130187083
BAD 486130187087
BAD 486295792561
BAD 486295792621
BAD 486261219187
BAD 486183370969
BAD 486183370973
BAD 486134116103
BAD 486300275581
BAD 486134210633
BAD 486184899049
BAD 486184899061
BAD 486135218773
BAD 486135218783
BAD 486135840067
BAD 486135840103
BAD 486136345477
BAD 486136345483
BAD 486302290189
BAD 486137682497
BAD 486138160117
BAD 486138160121
BAD 486187128533
BAD 486187128547
BAD 486187128551
BAD 486187128563
BAD 486139581553
BAD 486304826873
BAD 486304826881
BAD 486189359323
BAD 486189359339
BAD 486189359371
BAD 486265179163
BAD 486265778783
BAD 486267424561
BAD 486268878923
BAD 486270813761
BAD 486273669697
BAD 486073581061
BAD 486077703091
BAD 486078539671
BAD 486078539677
BAD 486081530551
BAD 486081530617
BAD 486111853273
BAD 486083279153
BAD 486192376343
BAD 486195170717
BAD 486195170719
BAD 486195170723
BAD 486224840797
BAD 486210167647
BAD 486089532223
BAD 486226293143
BAD 486048848759
BAD 486048848771
BAD 486048848773
BAD 486049624147
BAD 486050809043
BAD 486216634307
BAD 486217117669
BAD 486218524553
BAD 486344047447
BAD 486233697799
BAD 486219633257
BAD 486219740359
BAD 486346115303
BAD 486221586233
BAD 486206690483
BAD 486221709707
BAD 486221709709
BAD 486221709713
BAD 486206755387
BAD 486348604591
BAD 486241682513
BAD 486243643117
BAD 486358209067
BAD 486248258581
BAD 486252671269
BAD 486252671273
BAD 486254572829
BAD 486254572831
BAD 486157846117
BAD 486162052021
BAD 486162052027
BAD 486162052031
BAD 486162419131
BAD 486162419143
BAD 486164909861
BAD 486169950863
BAD 486172230503
BAD 486308366387
BAD 486311004163
BAD 486315918511
BAD 486318621863
BAD 486318621871
BAD 486318621881
BAD 486318621883
BAD 486318621889
BAD 486277054141
BAD 486278819783
BAD 486281814233
BAD 486282321001
BAD 486326014129
BAD 486323656319
BAD 486323692433
BAD 486323692499
BAD 486327202003
BAD 486284012743
BAD 486285355823
BAD 486328859911
BAD 486285637039
BAD 486286527379
BAD 486330051553
BAD 486330061733
BAD 486330673141
BAD 486289164631
BAD 486289164709
BAD 486331914973
BAD 486290584103
BAD 486291321301
BAD 486336178919
BAD 486336930419
BAD 486336930421
BAD 486341248139
BAD 486341248147
BAD 486341248153
BAD 486341528063
BAD 486341528069
BAD 486341668039
BAD 486371391973
BAD 486371391991
BAD 486371391997
BAD 486393959983
BAD 486427923871
BAD 486428600353
BAD 486402312707
BAD 486403332803
BAD 486405415693
BAD 486432125693
BAD 486432307919
BAD 486433904389
BAD 486435270499
BAD 486408332453
BAD 486437739979
BAD 486437739989
BAD 486438201409
BAD 486438201451
BAD 486409758103
BAD 486409758113
BAD 486412420877
BAD 486412420883
BAD 486412420913
BAD 486412420919
BAD 486413493919
BAD 486416802511
BAD 486418734391
BAD 486423200723
BAD 486423200743
BAD 486425290913
BAD 486510244147
BAD 486376474651
BAD 486514677967
BAD 486377624767
BAD 486378073933
BAD 486380699723
BAD 486380699731
BAD 486380699737
BAD 486380699747
BAD 486521128943
BAD 486385859989
BAD 486522951589
BAD 486523339579
BAD 486390173131
BAD 486391197503
BAD 486660736249
BAD 486660736253
BAD 486678646253
BAD 486680461937
BAD 486529319789
BAD 486529706879
BAD 486529706881
BAD 486530019697
BAD 486665396563
BAD 486682130633
BAD 486682648273
BAD 486532971293
BAD 486533591449
BAD 486683588969
BAD 486683588971
BAD 486683588983
BAD 486683788379
BAD 486535829071
BAD 486686166851
BAD 486686166853
BAD 486687079847
BAD 486687079849
BAD 486687079861
BAD 486672184589
BAD 486689332813
BAD 486674353079
BAD 486674931461
BAD 486540289363
BAD 486540289373
BAD 486540289379
BAD 486540289381
BAD 486690933653
BAD 486542376979
BAD 486542409721
BAD 486692595313
BAD 486693460397
BAD 486693460399
BAD 486460404889
BAD 486460404893
BAD 486462274313
BAD 486469943611
BAD 486469943621
BAD 486469943623
BAD 486472177759
BAD 486445139783
BAD 486447788237
BAD 486494030689
BAD 486494179267
BAD 486474739999
BAD 486496615621
BAD 486496833293
BAD 486496833307
BAD 486453842663
BAD 486454427281
BAD 486456006187
BAD 486478028929
BAD 486614124877
BAD 486614124881
BAD 486628443883
BAD 486628591201
BAD 486502352929
BAD 486502352933
BAD 486616043239
BAD 486616043311
BAD 486503418451
BAD 486630661039
BAD 486545888611
BAD 486618791401
BAD 486546479623
BAD 486482921863
BAD 486482921867
BAD 486507661967
BAD 486633889681
BAD 486620662531
BAD 486549752723
BAD 486593984983
BAD 486579583813
BAD 486549752809
BAD 486593984993
BAD 486549752839
BAD 486549752893
BAD 486594146981
BAD 486550137391
BAD 486594503393
BAD 486621505969
BAD 486508885381
BAD 486508885417
BAD 486635211421
BAD 486651226381
BAD 486551485967
BAD 486551485969
BAD 486651553051
BAD 486581293771
BAD 486597868411
BAD 486597990889
BAD 486598214827
BAD 486598214831
BAD 486598214833
BAD 486598629547
BAD 486598845377
BAD 486600434923
BAD 486695469901
BAD 486626553991
BAD 486695469907
BAD 486640303673
BAD 486640303691
BAD 486640303693
BAD 486490717211
BAD 486696760603
BAD 486696760607
BAD 486696760609
BAD 486491425403
BAD 486586821937
BAD 486657996287
BAD 486657996289
BAD 486642418819
BAD 486642418993
BAD 486492308623
BAD 486492308647
BAD 486492308681
BAD 486658562941
BAD 486699885943
BAD 486699885953
BAD 486659196319
BAD 486604516963
BAD 486604517041
BAD 486604982987
BAD 486604982989
BAD 486701028733
BAD 486701212033
BAD 486591105397
BAD 486606291907
BAD 486607883719
BAD 486713509099
BAD 486609043079
BAD 486609043087
BAD 486609043093
BAD 486609043097
BAD 486609469537
BAD 486592909703
BAD 486714445813
BAD 486714445817
BAD 486714445979
BAD 486714445981
BAD 486610021091
BAD 486593196409
BAD 486560941733
BAD 486561089879
BAD 486708396547
BAD 486562786891
BAD 486721475567
BAD 486723856813
BAD 486723856831
BAD 486726733069
BAD 486573467629
BAD 486574876811
BAD 486574876813
BAD 486728266469
BAD 486728266471
BAD 486732261443
BAD 486732307717
BAD 486732307973
BAD 486745915813
BAD 486750488369
BAD 486750488377
BAD 486750488473
BAD 486750488479
BAD 486750801227
BAD 486750801233
BAD 486754971259
BAD 486754971271
BAD 486754971347
BAD 486754971349
BAD 486756606493
BAD 486758027479
BAD 486758201989
BAD 486758202031
BAD 486760401817
BAD 486761360203
BAD 486761360207
BAD 486761360209
BAD 486762018671
BAD 486762018679
BAD 486762018683
BAD 486762123103
BAD 486768657149
BAD 486768697357
BAD 486768697367
BAD 486768697369
BAD 486772395773
BAD 486774955003
BAD 486804489779
BAD 486804489781
BAD 486807853019
BAD 486808979329
BAD 486808979333
BAD 486810127423
BAD 486810127429
BAD 486781957819
BAD 486784973249
BAD 486784973251
BAD 486786375043
BAD 486791878543
BAD 486791878549
BAD 486792920167
BAD 486793296293
BAD 486813497189
BAD 486813497363
BAD 486813497369
BAD 486814005793
BAD 486815829979
BAD 486818123293
BAD 486819198589
BAD 486821843173
BAD 486823111613
BAD 486830057017
BAD 486832705859
BAD 486836433631
BAD 486838636547
BAD 486838636549
BAD 486882587189
BAD 486883339759
BAD 486883339793
BAD 486883339799
BAD 486883339801
BAD 486884660791
BAD 486885680233
BAD 486839228539
BAD 486844539191
BAD 486890673487
BAD 486866854399
BAD 486866854403
BAD 486867649729
BAD 486867649733
BAD 486867649747
BAD 486871500299
BAD 486871500301
BAD 486873219541
BAD 486873609367
BAD 486873609373
BAD 486874941481
BAD 486919822021
BAD 486921055553
BAD 486925173601
BAD 486925680541
BAD 486927137573
BAD 486927137581
BAD 487103733091
BAD 487103733097
BAD 487103733113
BAD 487104041629
BAD 487104439903
BAD 487104439909
BAD 487105353533
BAD 487105470503
BAD 487106290907
BAD 487106945911
BAD 486896348821
BAD 486896999053
BAD 486896999077
BAD 486897042889
BAD 487108627387
BAD 487108627391
BAD 487108627393
BAD 486850856299
BAD 486852404369
BAD 486852404371
BAD 486900141929
BAD 486902346569
BAD 486902346571
BAD 486855691129
BAD 486907118981
BAD 486907118983
BAD 486908522183
BAD 487047521113
BAD 487065609409
BAD 486964561717
BAD 486965466373
BAD 486930755771
BAD 486930755783
BAD 486930755791
BAD 487014003841
BAD 487015128349
BAD 486967241473
BAD 487015210631
BAD 486933197059
BAD 487016648719
BAD 487016648731
BAD 487080418021
BAD 486969186841
BAD 486946706357
BAD 486946706359
BAD 486969872603
BAD 486969981109
BAD 487056556097
BAD 487056556099
BAD 487019034949
BAD 487072384639
BAD 486971676031
BAD 486972429683
BAD 486937715477
BAD 487074046057
BAD 487084840673
BAD 486938962591
BAD 486938962597
BAD 487085199077
BAD 487085199079
BAD 487085199089
BAD 487075224877
BAD 487075468741
BAD 487076359339
BAD 486998490793
BAD 486942385109
BAD 486998490809
BAD 486976216973
BAD 487076630479
BAD 486953012419
BAD 487076630507
BAD 486976378613
BAD 486976560953
BAD 487033534459
BAD 486999013883
BAD 486999013901
BAD 486999013903
BAD 486999013913
BAD 487034377633
BAD 487034377637
BAD 487034377639
BAD 486977928391
BAD 487062551011
BAD 487062551021
BAD 487062551023
BAD 487062551029
BAD 486954839381
BAD 486954839383
BAD 487035964013
BAD 487024353799
BAD 487002674419
BAD 487002689269
BAD 487095247477
BAD 487095247493
BAD 487037202917
BAD 486957783563
BAD 487037202919
BAD 486981194389
BAD 487114831369
BAD 487114831373
BAD 487005506549
BAD 487005506551
BAD 487130320363
BAD 486959791793
BAD 486959962051
BAD 487006630273
BAD 486960050683
BAD 486960050693
BAD 487133222707
BAD 487133222713
BAD 487040451739
BAD 487119201143
BAD 487120938217
BAD 487121792063
BAD 487138371131
BAD 487138371133
BAD 487043783623
BAD 486989273237
BAD 487143559033
BAD 487127168347
BAD 487127168351
BAD 487127168377
BAD 487144261007
BAD 487129296769
BAD 487180834859
BAD 487180834909
BAD 486994347589
BAD 486994347677
BAD 487182989857
BAD 486995115499
BAD 486995115521
BAD 487184109983
BAD 487184231719
BAD 487147497673
BAD 486995930761
BAD 487148495371
BAD 487185821333
BAD 487186620139
BAD 487186620169
BAD 487190823023
BAD 487155659761
BAD 487157726389
BAD 487194537799
BAD 487194537803
BAD 487195061543
BAD 487195061557
BAD 487162996787
BAD 487166749507
BAD 487169085919
BAD 487170194363
BAD 487173124849
BAD 487174578041
BAD 487174578043
BAD 487175504429
BAD 487178879171
BAD 487180020079
BAD 487198451101
BAD 487198451107
BAD 487204444763
BAD 487205839327
BAD 487206672619
BAD 487216173991
BAD 487216261799
BAD 487216261801
BAD 487212384193
BAD 487212904471
BAD 487230359393
BAD 487239195607
BAD 487240239331
BAD 487240239349
BAD 487243854143
BAD 487243890619
BAD 487244822629
BAD 487244822633
BAD 487244822639
BAD 487244822641
BAD 487248071509
BAD 487248839369
BAD 487248839377
BAD 487251495193
BAD 487251495197
BAD 487251495229
BAD 487251495233
BAD 487255003489
BAD 487261229197
BAD 487261229201
BAD 487261961539
BAD 487263205309
BAD 487263470657
BAD 487266813347
BAD 487266813349
BAD 487266813353
BAD 487269789443
BAD 487270320307
BAD 487270320311
BAD 487271093609
BAD 487271093611
BAD 487272360109
BAD 487300260709
BAD 487300260721
BAD 487300742507
BAD 487301600923
BAD 487279813171
BAD 487279813201
BAD 487303239331
BAD 487304670793
BAD 487307785519
BAD 487308512941
BAD 487308512947
BAD 487309461229
BAD 487310305633
BAD 487313160331
BAD 487314778597
BAD 487314825419
BAD 487314825421
BAD 487516354337
BAD 487550401433
BAD 487550401501
BAD 487523637331
BAD 487524028031
BAD 487524086081
BAD 487524189497
BAD 487524189499
BAD 487556439211
BAD 487525440991
BAD 487558093327
BAD 487558701139
BAD 487558701143
BAD 487558701151
BAD 487558907177
BAD 487583417119
BAD 487561984423
BAD 487561984433
BAD 487563013373
BAD 487282073923
BAD 487282073933
BAD 487590484267
BAD 487282416241
BAD 487591005313
BAD 487282850867
BAD 487283108083
BAD 487283108089
BAD 487286018311
BAD 487594570523
BAD 487594962409
BAD 487595533279
BAD 487595533283
BAD 487287141227
BAD 487595662327
BAD 487595662339
BAD 487287581701
BAD 487287581707
BAD 487596955381
BAD 487596955387
BAD 487289101729
BAD 487289101777
BAD 487294697623
BAD 487294697627
BAD 487294697629
BAD 487296402319
BAD 487296402451
BAD 487296402457
BAD 487325907023
BAD 487328132887
BAD 487329416117
BAD 487329876223
BAD 487329876227
BAD 487329876233
BAD 487332623243
BAD 487334436773
BAD 487334883911
BAD 487334883913
BAD 487338916807
BAD 487341598999
BAD 487399368397
BAD 487399701931
BAD 487535617141
BAD 487535617147
BAD 487432486447
BAD 487451263423
BAD 487451777863
BAD 487451777867
BAD 487451961071
BAD 487541552809
BAD 487436458829
BAD 487543747051
BAD 487457174167
BAD 487457957369
BAD 487458936617
BAD 487459073141
BAD 487459073147
BAD 487459073149
BAD 487405511969
BAD 487405512157
BAD 487405512163
BAD 487442905321
BAD 487442905333
BAD 487406186017
BAD 487406615869
BAD 487461433733
BAD 487549406821
BAD 487549458379
BAD 487549717243
BAD 487407173119
BAD 487407173137
BAD 487464078113
BAD 487447667363
BAD 487409317237
BAD 487409579779
BAD 487409579791
BAD 487411897727
BAD 487412194567
BAD 487412194573
BAD 487483436249
BAD 487382177911
BAD 487487104943
BAD 487384742641
BAD 487385527841
BAD 487385527843
BAD 487489724173
BAD 487355208617
BAD 487496144297
BAD 487496144299
BAD 487357176421
BAD 487357267819
BAD 487357267829
BAD 487497562777
BAD 487497562781
BAD 487497562793
BAD 487497562801
BAD 487498252711
BAD 487358013823
BAD 487498746499
BAD 487498746503
BAD 487358747749
BAD 487358747753
BAD 487393608083
BAD 487568692537
BAD 487568692549
BAD 487568692553
BAD 487569795809
BAD 487570548643
BAD 487363581589
BAD 487397607133
BAD 487501036753
BAD 487501462249
BAD 487470125531
BAD 487504895131
BAD 487470659387
BAD 487470659393
BAD 487471289873
BAD 487471289887
BAD 487420159883
BAD 487420159981
BAD 487576046071
BAD 487600244653
BAD 487472392951
BAD 487601006773
BAD 487508176063
BAD 487473552373
BAD 487602000107
BAD 487577970211
BAD 487509182273
BAD 487474848739
BAD 487423121203
BAD 487423121209
BAD 487475240353
BAD 487510870243
BAD 487605410489
BAD 487605410491
BAD 487477807373
BAD 487426365649
BAD 487426365653
BAD 487428402421
BAD 487428628931
BAD 487428628933
BAD 487428628937
BAD 487428628943
BAD 487428628957
BAD 487428628961
BAD 487428628963
BAD 487608648523
BAD 487514240737
BAD 487480900133
BAD 487482283933
BAD 487482457621
BAD 487611025549
BAD 487380376187
BAD 487612586059
BAD 487612586063
BAD 487381632233
BAD 487617223837
BAD 487618330399
BAD 487618330403
BAD 487618330411
BAD 487621120243
BAD 487621120247
BAD 487621120249
BAD 487621159457
BAD 487621567141
BAD 487624797773
BAD 487625816693
BAD 487625816701
BAD 487634470943
BAD 487637940551
BAD 487638367169
BAD 487638367171
BAD 487638598103
BAD 487642162699
BAD 487644746279
BAD 487645473041
BAD 487645473043
BAD 487645473079
BAD 487649685097
BAD 487653771169
BAD 487654436267
BAD 487654436287
BAD 487655048611
BAD 487658969533
BAD 487658969537
BAD 487663002721
BAD 487663002731
BAD 487663002733
BAD 487663731707
BAD 487665307043
BAD 487684326859
BAD 487686977633
BAD 487687254721
BAD 487687896193
BAD 487687896197
BAD 487692210263
BAD 487736155939
BAD 487736401357
BAD 487736401363
BAD 487736438689
BAD 487738379719
BAD 487740036571
BAD 487743861197
BAD 487745325757
BAD 487747503913
BAD 487748919533
BAD 487750234801
BAD 487670260603
BAD 487676290853
BAD 487676290859
BAD 487676290861
BAD 487768776073
BAD 487678678021
BAD 487680460411
BAD 487770646109
BAD 487771273471
BAD 487682329039
BAD 487772434727
BAD 487772434729
BAD 487776729997
BAD 487776730003
BAD 487776730009
BAD 487777647737
BAD 487777647739
BAD 487779414679
BAD 487780536811
BAD 487780536871
BAD 487700995087
BAD 487703215411
BAD 487704013583
BAD 487706730037
BAD 487706730047
BAD 487708818109
BAD 487708890803
BAD 487711968119
BAD 487753121203
BAD 487753758263
BAD 487755006259
BAD 487755058039
BAD 487714947289
BAD 487758211151
BAD 487758211153
BAD 487759669091
BAD 487759669093
BAD 487759669099
BAD 487759669139
BAD 487761193433
BAD 487761193441
BAD 487761323477
BAD 487761323479
BAD 487761323513
BAD 487786289513
BAD 487786289519
BAD 487718710679
BAD 487718710681
BAD 487761713431
BAD 487762109213
BAD 487789802897
BAD 487723439353
BAD 488005011523
BAD 488005395517
BAD 488005415857
BAD 488007366929
BAD 488007573751
BAD 487728136123
BAD 487728138913
BAD 487728138917
BAD 487731012619
BAD 487731778159
BAD 488012374453
BAD 488012374457
BAD 488012374459
BAD 488016559573
BAD 488039414383
BAD 488039414441
BAD 488018269201
BAD 488041429963
BAD 488047151243
BAD 488047398389
BAD 487837908577
BAD 487838922223
BAD 488050171633
BAD 488050230841
BAD 488025140461
BAD 488025290411
BAD 488025290413
BAD 488051012131
BAD 488025998087
BAD 487840828229
BAD 487840828231
BAD 487841993963
BAD 487842655471
BAD 487809661679
BAD 487809661681
BAD 487809661687
BAD 487809661763
BAD 487810011803
BAD 487819847707
BAD 487819847717
BAD 487819847719
BAD 487858837357
BAD 487858837363
BAD 487886750011
BAD 487859901439
BAD 487859901443
BAD 487969523857
BAD 487862349613
BAD 487826116171
BAD 487826116187
BAD 487826175737
BAD 487863555901
BAD 487971706643
BAD 487865669413
BAD 487865669419
BAD 487891541321
BAD 487891623551
BAD 487828675351
BAD 487829335429
BAD 487892761571
BAD 487868191763
BAD 487830268181
BAD 487830268183
BAD 487893474169
BAD 487833174599
BAD 487833174601
BAD 487834414621
BAD 487977318683
BAD 487897652243
BAD 487897652251
BAD 487897652273
BAD 487900133899
BAD 487979864513
BAD 487937062453
BAD 487919627291
BAD 487920092641
BAD 487922695913
BAD 487924289989
BAD 487940330743
BAD 487940330807
BAD 487940330809
BAD 487940330971
BAD 487902954083
BAD 487941039083
BAD 487902954089
BAD 487902954127
BAD 487903875583
BAD 487904209417
BAD 487904359321
BAD 487928825201
BAD 487946237333
BAD 487931398639
BAD 487946293943
BAD 487932186451
BAD 487932757801
BAD 487932757831
BAD 487986113501
BAD 487909350757
BAD 487935457897
BAD 487935480031
BAD 487910315953
BAD 487990266377
BAD 487990266397
BAD 487990266409
BAD 487876059079
BAD 487992894979
BAD 487992895009
BAD 487993310089
BAD 487878010153
BAD 487878010157
BAD 487878010159
BAD 487878010163
BAD 487878010189
BAD 487994530279
BAD 487914688643
BAD 487994530291
BAD 487915222453
BAD 487915222471
BAD 487915734023
BAD 487879787851
BAD 487880075029
BAD 487997328691
BAD 487882754213
BAD 488001236743
BAD 487954017853
BAD 487954109989
BAD 487954131211
BAD 487958356387
BAD 487960433899
BAD 487960433953
BAD 487960734143
BAD 487962145141
BAD 487964721187
BAD 487964721203
BAD 487964721221
BAD 488053376147
BAD 488053376149
BAD 488058045053
BAD 488058045061
BAD 488062031341
BAD 488067745643
BAD 488067806189
BAD 488069300063
BAD 488071598117
BAD 488072537107
BAD 488073938063
BAD 488076840619
BAD 488081297779
BAD 488083571543
BAD 488087603149
BAD 488088214381
BAD 488088934373
BAD 488090440501
BAD 488091805367
BAD 488091805393
BAD 488091971593
BAD 488092277273
BAD 488092381507
BAD 488092977721
BAD 488093225573
BAD 488094705739
BAD 488097621689
BAD 488097621691
BAD 488098050481
BAD 488100019349
BAD 488101464713
BAD 488101464743
BAD 488103721561
BAD 488104183121
BAD 488105218487
BAD 488107364821
BAD 488108139403
BAD 488108585641
BAD 488109445079
BAD 488109445081
BAD 488111233733
BAD 488111233741
BAD 488111824609
BAD 488111824619
BAD 488111824621
BAD 488120464883
BAD 488122349423
BAD 488126685559
BAD 488134418153
BAD 488205004649
BAD 488206023691
BAD 488208801701
BAD 488209325339
BAD 488209325341
BAD 488209742981
BAD 488211586801
BAD 488214131113
BAD 488214649603
BAD 488214649607
BAD 488214649609
BAD 488214649613
BAD 488216285327
BAD 488216285329
BAD 488218782377
BAD 488218863049
BAD 488239797541
BAD 488240047459
BAD 488244023329
BAD 488163707461
BAD 488245333921
BAD 488166853819
BAD 488169355963
BAD 488169355967
BAD 488169355969
BAD 488170433659
BAD 488250517507
BAD 488188734379
BAD 488251723411
BAD 488192401643
BAD 488193204979
BAD 488193205013
BAD 488193887663
BAD 488255250829
BAD 488256117539
BAD 488256117541
BAD 488256117553
BAD 488256510829
BAD 488256510851
BAD 488256510853
BAD 488256844591
BAD 488256894271
BAD 488259786323
BAD 488259786331
BAD 488149223711
BAD 488149839139
BAD 488150251051
BAD 488261080339
BAD 488151415579
BAD 488271181999
BAD 488271216863
BAD 488271216869
BAD 488271216871
BAD 488272071047
BAD 488272449751
BAD 488172214039
BAD 488172214043
BAD 488172214099
BAD 488172214109
BAD 488273384017
BAD 488273608189
BAD 488267296177
BAD 488267296183
BAD 488267296189
BAD 488268448741
BAD 488277596251
BAD 488277596281
BAD 488277596371
BAD 488278797749
BAD 488176952597
BAD 488281176323
BAD 488281443697
BAD 488281443709
BAD 488180797523
BAD 488282914541
BAD 488282914543
BAD 488181871637
BAD 488286562889
BAD 488286562891
BAD 488185802311
BAD 488289250789
BAD 488289250793
BAD 488293248713
BAD 488298049231
BAD 488298804127
BAD 488389175509
BAD 488389175513
BAD 488301607943
BAD 488301607957
BAD 488225848217
BAD 488225848219
BAD 488225848223
BAD 488225848261
BAD 488426244679
BAD 488305164073
BAD 488305284617
BAD 488305284619
BAD 488391976159
BAD 488427591103
BAD 488306929337
BAD 488306929351
BAD 488306929393
BAD 488307220903
BAD 488307220913
BAD 488307952687
BAD 488307994351
BAD 488308114381
BAD 488308123951
BAD 488308123973
BAD 488431022873
BAD 488230011037
BAD 488396008943
BAD 488396208413
BAD 488397525631
BAD 488397525641
BAD 488397525643
BAD 488432760919
BAD 488231591041
BAD 488231591047
BAD 488398508957
BAD 488398508959
BAD 488341445807
BAD 488398831013
BAD 488356233829
BAD 488401460719
BAD 488313056551
BAD 488374576561
BAD 488374576567
BAD 488345236471
BAD 488375649133
BAD 488346379321
BAD 488346379327
BAD 488405186747
BAD 488405186749
BAD 488316358513
BAD 488316506179
BAD 488322010879
BAD 488362243367
BAD 488322836657
BAD 488363400001
BAD 488363878637
BAD 488324098771
BAD 488324236123
BAD 488324236129
BAD 488324236133
BAD 488324528207
BAD 488364450551
BAD 488350852373
BAD 488320273429
BAD 488325525383
BAD 488381828203
BAD 488321296189
BAD 488321430313
BAD 488366312671
BAD 488383319497
BAD 488327582629
BAD 488327988859
BAD 488327988871
BAD 488385699457
BAD 488369647891
BAD 488369647897
BAD 488370218269
BAD 488370662783
BAD 488406184051
BAD 488406184081
BAD 488333423749
BAD 488441272441
BAD 488441968673
BAD 488442444533
BAD 488442444541
BAD 488442444547
BAD 488414012311
BAD 488446421279
BAD 488446764859
BAD 488447672599
BAD 488417163203
BAD 488417163209
BAD 488417163211
BAD 488448021883
BAD 488448021923
BAD 488448589357
BAD 488448589381
BAD 488449873283
BAD 488420731157
BAD 488420731159
BAD 488457137173
BAD 488476370119
BAD 488476370131
BAD 488478909991
BAD 488479835003
BAD 488465021791
BAD 488480203333
BAD 488483423783
BAD 488485303763
BAD 488485303849
BAD 488485303853
BAD 488485583063
BAD 488470597613
BAD 488470597669
BAD 488508686713
BAD 488509239203
BAD 488509239209
BAD 488509239223
BAD 488509627013
BAD 488512680463
BAD 488517164173
BAD 488518334449
BAD 488519646451
BAD 488519900123
BAD 488522240057
BAD 488522712973
BAD 488522712989
BAD 488522712991
BAD 488489639357
BAD 488489639359
BAD 488489639369
BAD 488489639371
BAD 488492953103
BAD 488493551701
BAD 488496855403
BAD 488497078291
BAD 488497078297
BAD 488497078319
BAD 488497078357
BAD 488502510533
BAD 488502510541
BAD 488529165533
BAD 488529165547
BAD 488530954817
BAD 488530954819
BAD 488530954843
BAD 488533440853
BAD 488560237393
BAD 488534787283
BAD 488560884703
BAD 488560951399
BAD 488535965809
BAD 488538505229
BAD 488564109497
BAD 488564109499
BAD 488564109503
BAD 488565531473
BAD 488565531481
BAD 488565867743
BAD 488541136891
BAD 488567822629
BAD 488568372143
BAD 488548601573
BAD 488551975259
BAD 488623667957
BAD 488623667963
BAD 488625666007
BAD 488626946477
BAD 488628484847
BAD 488628484849
BAD 488628484853
BAD 488630988871
BAD 488634215317
BAD 488634334673
BAD 488634334681
BAD 488634334687
BAD 488634526069
BAD 488634526073
BAD 488636335471
BAD 488636335477
BAD 488638553047
BAD 488657119987
BAD 488658796543
BAD 488674013521
BAD 488675033401
BAD 488665241069
BAD 488665284143
BAD 488666981359
BAD 488677867789
BAD 488679067099
BAD 488679877033
BAD 488670001921
BAD 488670592519
BAD 488844854657
BAD 488847618319
BAD 488683127573
BAD 488848520273
BAD 488686915153
BAD 488690100427
BAD 488855298103
BAD 488594139991
BAD 488595116129
BAD 488595116131
BAD 488811934703
BAD 488599261333
BAD 488812672441
BAD 488813211857
BAD 488813211883
BAD 488816201779
BAD 488817386437
BAD 488817386441
BAD 488817386443
BAD 488817410833
BAD 488822214841
BAD 488603108041
BAD 488604671393
BAD 488604940393
BAD 488607170551
BAD 488607731933
BAD 488607731939
BAD 488610703193
BAD 488610703213
BAD 488650304693
BAD 488613316157
BAD 488613316159
BAD 488710929211
BAD 488651648033
BAD 488725917599
BAD 488725917601
BAD 488726083661
BAD 488726148353
BAD 488714746889
BAD 488727459559
BAD 488727961097
BAD 488727961103
BAD 488728649341
BAD 488621591077
BAD 488621591083
BAD 488729865167
BAD 488718508519
BAD 488731995217
BAD 488732426227
BAD 488732426269
BAD 488791632193
BAD 488791718839
BAD 488791718843
BAD 488736345709
BAD 488723296099
BAD 488832358691
BAD 488833543511
BAD 488795775661
BAD 488796196561
BAD 488796362573
BAD 488692227769
BAD 488739867299
BAD 488838222143
BAD 488839041373
BAD 488839174099
BAD 488839174111
BAD 488758296409
BAD 488695772107
BAD 488695772111
BAD 488695772113
BAD 488841215579
BAD 488841215581
BAD 488697633751
BAD 488841215587
BAD 488841215593
BAD 488761740587
BAD 488761740629
BAD 488761740631
BAD 488761740647
BAD 488763423389
BAD 488804779657
BAD 488703579577
BAD 488807162341
BAD 488807624839
BAD 488768140387
BAD 488768289391
BAD 488768289413
BAD 488768289419
BAD 488768289421
BAD 488573297183
BAD 488573527643
BAD 488573777459
BAD 488573982859
BAD 488769345397
BAD 488575279043
BAD 488771625413
BAD 488577279163
BAD 488775227231
BAD 488775227233
BAD 488776355867
BAD 488776355869
BAD 488776355891
BAD 488778303781
BAD 488583545753
BAD 488584450457
BAD 488779657939
BAD 488779657943
BAD 488745183769
BAD 488786759921
BAD 488787318053
BAD 488589735481
BAD 488789060603
BAD 488748703769
BAD 488748705631
BAD 488748705659
BAD 488748705661
BAD 488749879493
BAD 488752008937
BAD 488756560783
BAD 488756571157
BAD 488756571161
BAD 488858645819
BAD 488859178237
BAD 488861977739
BAD 488861977741
BAD 488862275851
BAD 488865208967
BAD 488865208969
BAD 488868806689
BAD 488870398789
BAD 488908967531
BAD 488910137693
BAD 488910137699
BAD 488876075461
BAD 488910137701
BAD 488910137711
BAD 488910137713
BAD 488910137717
BAD 488910137719
BAD 488876075491
BAD 488910137767
BAD 488913346813
BAD 488880239609
BAD 488880239611
BAD 488880239621
BAD 488880239623
BAD 488880239629
BAD 488915462653
BAD 488882902327
BAD 488886129793
BAD 488917229371
BAD 488918819989
BAD 488919217841
BAD 488920403921
BAD 488920403963
BAD 488920670533
BAD 488921527207
BAD 488921527217
BAD 488921527219
BAD 488921753659
BAD 488921753713
BAD 488921753717
BAD 488923450759
BAD 488944084493
BAD 488959819433
BAD 488959873253
BAD 488924636329
BAD 488967485003
BAD 488967745549
BAD 488968213597
BAD 488894410493
BAD 488895238253
BAD 488896881607
BAD 488973586973
BAD 488973587057
BAD 488973587059
BAD 488974455049
BAD 488899123157
BAD 488900914417
BAD 488902845139
BAD 488904063961
BAD 488907977443
BAD 488908302373
BAD 488908355093
BAD 488926067303
BAD 488927219281
BAD 488927219299
BAD 488927219311
BAD 488927219329
BAD 488928111383
BAD 488928111409
BAD 488928111439
BAD 488928665809
BAD 488929131277
BAD 488929166911
BAD 488929166917
BAD 488930626201
BAD 488930767867
BAD 488938065263
BAD 488938065289
BAD 488938065293
BAD 488938550339
BAD 488938550341
BAD 488938550357
BAD 488938713883
BAD 489009913333
BAD 489009913339
BAD 489013764563
BAD 489018288403
BAD 489022701799
BAD 489022701809
BAD 489025361353
BAD 488998936663
BAD 488998936667
BAD 488998936669
BAD 488998936697
BAD 489001006553
BAD 489004590829
BAD 489004590847
BAD 489005305603
BAD 489005535289
BAD 489030562913
BAD 489030567979
BAD 489039234191
BAD 489039234193
BAD 489039234199
BAD 489039234227
BAD 489042825001
BAD 488979038101
BAD 488979563521
BAD 488979563599
BAD 488979563603
BAD 488987225063
BAD 488987225081
BAD 488989576739
BAD 488989576741
BAD 489045638843
BAD 489076492243
BAD 489048472573
BAD 489048472579
BAD 489048472589
BAD 489051608207
BAD 489051608209
BAD 489081108871
BAD 489081108877
BAD 489081108883
BAD 489052234093
BAD 489083602999
BAD 489057307313
BAD 489111092251
BAD 489088916341
BAD 489113683679
BAD 489114208213
BAD 489090659303
BAD 489114208217
BAD 489114789707
BAD 489114789719
BAD 489115068691
BAD 489115068713
BAD 489130861433
BAD 489130861463
BAD 489132989297
BAD 489132989299
BAD 489132989383
BAD 489118472707
BAD 489118590683
BAD 489119279059
BAD 489119279063
BAD 489135758641
BAD 489136145657
BAD 489137720843
BAD 489213823559
BAD 489213823561
BAD 489213844453
BAD 489213844459
BAD 489138833731
BAD 489215883031
BAD 489215955671
BAD 489140213207
BAD 489140587703
BAD 489142056287
BAD 489142056289
BAD 489126076643
BAD 489160482883
BAD 489160482893
BAD 489126484597
BAD 489063335183
BAD 489063335207
BAD 489063335209
BAD 489096867079
BAD 489063831461
BAD 489064304809
BAD 489144673781
BAD 489144673783
BAD 489221167081
BAD 489221279929
BAD 489165247033
BAD 489065851819
BAD 489222497081
BAD 489146274229
BAD 489166068409
BAD 489246842549
BAD 489067065769
BAD 489146583493
BAD 489146629739
BAD 489238953341
BAD 489166957673
BAD 489167201449
BAD 489167201569
BAD 489167201581
BAD 489240303623
BAD 489240303631
BAD 489240303637
BAD 489069451373
BAD 489240303641
BAD 489168359483
BAD 489168359549
BAD 489168359551
BAD 489103347461
BAD 489103347463
BAD 489225190943
BAD 489241044781
BAD 489226020937
BAD 489226020953
BAD 489070877111
BAD 489170192947
BAD 489171184729
BAD 489150949207
BAD 489105979519
BAD 489171968759
BAD 489173526883
BAD 489107422961
BAD 489075422629
BAD 489108166823
BAD 489075780833
BAD 489075780841
BAD 489075780847
BAD 489075859201
BAD 489174882089
BAD 489174882101
BAD 489155651953
BAD 489255188263
BAD 489109576063
BAD 489109576069
BAD 489258767401
BAD 489258767407
BAD 489177971539
BAD 489177971543
BAD 489260062777
BAD 489158203577
BAD 489158203579
BAD 489179134361
BAD 489180238663
BAD 489184515577
BAD 489188287337
BAD 489188287339
BAD 489188807389
BAD 489189717143
BAD 489198142009
BAD 489198534427
BAD 489198534437
BAD 489198534439
BAD 489198534469
BAD 489190488869
BAD 489199595393
BAD 489199830703
BAD 489200093153
BAD 489191842343
BAD 489200504153
BAD 489201639169
BAD 489203857063
BAD 489203857067
BAD 489203857081
BAD 489204232051
BAD 489208738961
BAD 489210202787
BAD 489296522041
BAD 489296522047
BAD 489297631477
BAD 489297631481
BAD 489297631483
BAD 489300307501
BAD 489301782817
BAD 489308905517
BAD 489308905523
BAD 489308905537
BAD 489308905559
BAD 489309282499
BAD 489309282503
BAD 489309421487
BAD 489262186423
BAD 489338509939
BAD 489338716133
BAD 489263105663
BAD 489263392931
BAD 489263670601
BAD 489263670607
BAD 489266481467
BAD 489342257563
BAD 489267919429
BAD 489274468457
BAD 489274468493
BAD 489274468499
BAD 489275396689
BAD 489275396693
BAD 489317896607
BAD 489317896609
BAD 489319958137
BAD 489319958143
BAD 489321260413
BAD 489324517051
BAD 489326935213
BAD 489326935217
BAD 489326935219
BAD 489282411301
BAD 489284635663
BAD 489285327809
BAD 489363706939
BAD 489363706943
BAD 489364055857
BAD 489364776631
BAD 489367832197
BAD 489367832201
BAD 489346096909
BAD 489346096913
BAD 489348234763
BAD 489350956931
BAD 489350956933
BAD 489374664241
BAD 489374721349
BAD 489353463793
BAD 489358266743
BAD 489358267943
BAD 489387178843
BAD 489389168843
BAD 489391610473
BAD 489413881357
BAD 489393215257
BAD 489416686973
BAD 489416686987
BAD 489429157751
BAD 489430074323
BAD 489431154271
BAD 489431442691
BAD 489428663809
BAD 489428663813
BAD 489395918419
BAD 489396393901
BAD 489398206421
BAD 489437415647
BAD 489437415653
BAD 489400919747
BAD 489400919753
BAD 489402420623
BAD 489443386387
BAD 489443386409
BAD 489443674339
BAD 489445394797
BAD 489408023021
BAD 489408023023
BAD 489408023059
BAD 489408023107
BAD 489408023113
BAD 489410116471
BAD 489411462907
BAD 489530988679
BAD 489538201949
BAD 489538201951
BAD 489538201967
BAD 489539330407
BAD 489448401907
BAD 489448546471
BAD 489496012441
BAD 489480910381
BAD 489497897897
BAD 489497897899
BAD 489498119653
BAD 489498119657
BAD 489498119659
BAD 489481649779
BAD 489458412073
BAD 489458412077
BAD 489584033723
BAD 489585978703
BAD 489461007443
BAD 489503974541
BAD 489503974543
BAD 489486803599
BAD 489504180713
BAD 489587723707
BAD 489590858773
BAD 489591027319
BAD 489592489843
BAD 489592489847
BAD 489492674017
BAD 489592489849
BAD 489592489853
BAD 489592489861
BAD 489509347729
BAD 489509921759
BAD 489509921773
BAD 489509921821
BAD 489494575981
BAD 489494575993
BAD 489494576029
BAD 489495503611
BAD 489495503621
BAD 489594624461
BAD 489595272871
BAD 489595272877
BAD 489595333663
BAD 489516120803
BAD 489516873809
BAD 489517199473
BAD 489518748079
BAD 489518748083
BAD 489520609661
BAD 489520609673
BAD 489521827027
BAD 489522041741
BAD 489527859169
BAD 489528175889
BAD 489528175891
BAD 489528175897
BAD 489529444529
BAD 489529444531
BAD 489614343247
BAD 489464098069
BAD 489616760671
BAD 489616760693
BAD 489617839913
BAD 489618396863
BAD 489468547583
BAD 489468844939
BAD 489468933539
BAD 489471893791
BAD 489621238349
BAD 489566009773
BAD 489566703421
BAD 489630952847
BAD 489630952849
BAD 489630952859
BAD 489632754931
BAD 489572017639
BAD 489633138871
BAD 489573324293
BAD 489635822251
BAD 489635822257
BAD 489635822261
BAD 489574740401
BAD 489576574523
BAD 489639633601
BAD 489646944539
BAD 489646944541
BAD 489648114503
BAD 489648366773
BAD 489651981817
BAD 489656737849
BAD 489657905651
BAD 489596616877
BAD 489597810083
BAD 489549344111
BAD 489549344113
BAD 489663580649
BAD 489601725757
BAD 489601725761
BAD 489603608413
BAD 489603608419
BAD 489603608423
BAD 489553722349
BAD 489607426409
BAD 489557414911
BAD 489608712961
BAD 489609968453
BAD 489609968641
BAD 489609968671
BAD 489561046993
BAD 489561275263
BAD 489613236551
BAD 489613236559
BAD 489719719681
BAD 489720039463
BAD 489720039469
BAD 489721580149
BAD 489722518333
BAD 489723053063
BAD 489726737333
BAD 489729407911
BAD 489665304439
BAD 489681827029
BAD 489681827071
BAD 489681827087
BAD 489682385729
BAD 489683657389
BAD 489670142513
BAD 489685571273
BAD 489671553769
BAD 489687012697
BAD 489687012701
BAD 489689223187
BAD 489689673503
BAD 489692335949
BAD 489692335987
BAD 489731511127
BAD 489732378019
BAD 489732378043
BAD 489696222031
BAD 489736106627
BAD 489740272057
BAD 489740272103
BAD 489741240019
BAD 489744052823
BAD 489744830761
BAD 489746086279
BAD 489697652329
BAD 489697652333
BAD 489698368343
BAD 489698368349
BAD 489698368351
BAD 489700166863
BAD 489701008063
BAD 489702475729
BAD 489704323093
BAD 489706266299
BAD 489708270553
BAD 489712025401
BAD 489712600261
BAD 489712600343
BAD 489783099319
BAD 489783913589
BAD 489796714181
BAD 489800796259
BAD 489800796269
BAD 489800796271
BAD 489800830723
BAD 489802953799
BAD 489816241169
BAD 489816241171
BAD 489816241181
BAD 489816241183
BAD 489831869729
BAD 489831869731
BAD 489833562139
BAD 489825969727
BAD 489825969733
BAD 489836734301
BAD 489827802829
BAD 489830261597
BAD 489842471303
BAD 489844174769
BAD 489846333953
BAD 489748755469
BAD 489771109547
BAD 489771109549
BAD 489771483793
BAD 489753064153
BAD 489753239867
BAD 489753239869
BAD 489753239959
BAD 489758857853
BAD 489759004087
BAD 489759004093
BAD 489759493357
BAD 489759493361
BAD 489759493367
BAD 489759493369
BAD 489883132663
BAD 489883132667
BAD 489883779061
BAD 489899887801
BAD 489899887819
BAD 489899887823
BAD 489868075903
BAD 489868478483
BAD 489887771299
BAD 489868822031
BAD 489868822033
BAD 489852577309
BAD 489852813539
BAD 489889685869
BAD 489904214887
BAD 489904214893
BAD 489891308813
BAD 489873843551
BAD 489857238587
BAD 489857376649
BAD 489857633329
BAD 489875028679
BAD 489932760077
BAD 489876298531
BAD 489933312109
BAD 489860758193
BAD 489860758199
BAD 489860758201
BAD 489895936853
BAD 489895936861
BAD 489895983079
BAD 489895983089
BAD 489895983091
BAD 489895983131
BAD 489895983133
BAD 489895983139
BAD 489861078023
BAD 489861846049
BAD 489862423381
BAD 489911625001
BAD 489936108331
BAD 489879671783
BAD 489937033129
BAD 489937219253
BAD 489937762583
BAD 489937762591
BAD 489937762597
BAD 489949714711
BAD 489914426233
BAD 489864625309
BAD 489939975391
BAD 489951859477
BAD 489953539403
BAD 489954676067
BAD 489954676069
BAD 489954676073
BAD 489954951029
BAD 489956537773
BAD 489946570453
BAD 489958302751
BAD 489959338409
BAD 489959338411
BAD 489959338423
BAD 489915829201
BAD 489964146131
BAD 489964588159
BAD 489919332389
BAD 489919332391
BAD 489964974613
BAD 489965082349
BAD 489965082437
BAD 489920617211
BAD 489920617213
BAD 489920875879
BAD 489920875889
BAD 489920875891
BAD 489921591493
BAD 489925354103
BAD 489965856733
BAD 489965856739
BAD 489966780103
BAD 489967981891
BAD 489975627929
BAD 489975627931
BAD 489984454621
BAD 489985491001
BAD 489978208529
BAD 489986294353
BAD 489989178743
BAD 489990268351
BAD 489991277641
BAD 489993464039
BAD 489995424119
RANGE 480000000000 490000000000 PRIMES 371648081 BAD 5265
