BAD 880134964963
BAD 880141080397
BAD 880302900413
BAD 880302900443
BAD 880302900461
BAD 880150658539
BAD 880089608833
BAD 880168926943
BAD 880168926953
BAD 880175851229
BAD 880118632321
BAD 880121214631
BAD 880370188417
BAD 880205338063
BAD 880122898673
BAD 880126225591
BAD 880188860659
BAD 880210829903
BAD 880037604007
BAD 880040584279
BAD 880201078087
BAD 880237579891
BAD 880218994477
BAD 880246395761
BAD 880246852973
BAD 880246852981
BAD 880232777131
BAD 880234381801
BAD 880234381823
BAD 880287220513
BAD 880019002259
BAD 880015280923
BAD 880015280953
BAD 880015280957
BAD 880015280959
BAD 880070170547
BAD 880070170549
BAD 880070170613
BAD 880297423433
BAD 880301774647
BAD 880356410513
BAD 880357975069
BAD 880361862449
BAD 880364555911
BAD 880364555921
BAD 880364555923
BAD 880366054369
BAD 880367458433
BAD 880252560751
BAD 880252560757
BAD 880252560763
BAD 880263920933
BAD 880267861943
BAD 880269417301
BAD 880270117733
BAD 880335937073
BAD 880338945293
BAD 880276966021
BAD 880281171467
BAD 880387427483
BAD 880404556337
BAD 880421611463
BAD 880422256039
BAD 880641797513
BAD 880641797521
BAD 880431524773
BAD 880642639427
BAD 880642639433
BAD 880525608097
BAD 880526767207
BAD 880527767201
BAD 880650106339
BAD 880532963939
BAD 880532963941
BAD 880536836761
BAD 880454517713
BAD 880455673507
BAD 880457984213
BAD 880461480823
BAD 880484830903
BAD 880484830921
BAD 880506546653
BAD 880511081521
BAD 880711184383
BAD 880517532383
BAD 880437903577
BAD 880715911403
BAD 880442085727
BAD 880719751753
BAD 880601391833
BAD 880602984689
BAD 880602984691
BAD 880773263941
BAD 880773263947
BAD 880773263957
BAD 880773263959
BAD 880786179571
BAD 880606064941
BAD 880606064953
BAD 880549255433
BAD 880575326179
BAD 880673309963
BAD 880673309969
BAD 880694924191
BAD 880675679573
BAD 880806084751
BAD 880757957203
BAD 880815163583
BAD 880815163597
BAD 880821199571
BAD 880625575273
BAD 880634172401
BAD 880634172403
BAD 880637385337
BAD 880637385343
BAD 880728277729
BAD 880738703183
BAD 880893610981
BAD 880893610997
BAD 880893610999
BAD 880928184013
BAD 880968093949
BAD 880953701753
BAD 880855128583
BAD 880829297809
BAD 880832973071
BAD 881164899793
BAD 881164899799
BAD 881173417199
BAD 881173417207
BAD 881173975883
BAD 880872976693
BAD 880888878973
BAD 880888878979
BAD 881041392089
BAD 881042055857
BAD 881225863883
BAD 881044110151
BAD 881044110161
BAD 881047708903
BAD 881047708907
BAD 881047708909
BAD 881047708913
BAD 881234081957
BAD 881060885459
BAD 881060885461
BAD 881096422667
BAD 881068358509
BAD 881069146159
BAD 881069146169
BAD 881069146171
BAD 881100208939
BAD 881100208943
BAD 881174613173
BAD 881104059421
BAD 881187353539
BAD 881187353707
BAD 881187944101
BAD 881191782683
BAD 881024215573
BAD 881024215579
BAD 881207016883
BAD 881207016887
BAD 881207016889
BAD 881135507249
BAD 881035868653
BAD 881140221289
BAD 881291852627
BAD 881291852629
BAD 881115190777
BAD 881273988643
BAD 881273988649
BAD 881273988653
BAD 881287370477
BAD 881287370479
BAD 881287993253
BAD 881307517619
BAD 881119469959
BAD 881257232773
BAD 881257232777
BAD 881208866633
BAD 881208866639
BAD 881208866641
BAD 881215433191
BAD 881373507653
BAD 881373980867
BAD 881373980881
BAD 881374731829
BAD 881374731833
BAD 881354009639
BAD 881420013113
BAD 881424987173
BAD 881381469937
BAD 881504200807
BAD 881385101297
BAD 881385101299
BAD 881432713019
BAD 881432713033
BAD 881435573537
BAD 881438463439
BAD 881442366697
BAD 881612599759
BAD 881620798189
BAD 881622146311
BAD 881625905453
BAD 881647053503
BAD 881401228333
BAD 881683601899
BAD 881685322171
BAD 881649213469
BAD 881650342831
BAD 881404645501
BAD 881666834603
BAD 881405314687
BAD 881405314693
BAD 881671121131
BAD 881671121213
BAD 881671121281
BAD 881692167721
BAD 881407565453
BAD 881675119477
BAD 881675203921
BAD 881407924073
BAD 881630282233
BAD 881715351203
BAD 881641402157
BAD 881641402163
BAD 881727158581
BAD 881523841993
BAD 881526205999
BAD 881532548657
BAD 881484045997
BAD 881748108473
BAD 881748108499
BAD 881748108503
BAD 881748108511
BAD 881453377733
BAD 881594089291
BAD 881595018391
BAD 881597844377
BAD 881597844383
BAD 881580544711
BAD 881584101109
BAD 881584778651
BAD 881584778653
BAD 881461208587
BAD 881699236283
BAD 881709648931
BAD 881709990017
BAD 881709990019
BAD 881709990023
BAD 881710491301
BAD 881710491511
BAD 881549289697
BAD 881767663103
BAD 881555063849
BAD 881556644581
BAD 881563930831
BAD 881563930843
BAD 881563930847
BAD 881565594773
BAD 881571377941
BAD 881571973463
BAD 881738445781
BAD 881738445787
BAD 881805028681
BAD 881806865869
BAD 881780053601
BAD 881783947333
BAD 881788132013
BAD 881879495141
BAD 881879495143
BAD 881887649659
BAD 881887649663
BAD 881852334029
BAD 881852334031
BAD 881852463053
BAD 881852463073
BAD 881857670179
BAD 881946258751
BAD 881958749809
BAD 881958749813
BAD 881938278217
BAD 881940017771
BAD 881940017773
BAD 881876191711
BAD 882013464271
BAD 881919576403
BAD 881816413459
BAD 881839493083
BAD 881839493089
BAD 881840178773
BAD 882048176939
BAD 882048176941
BAD 881842890541
BAD 882001080913
BAD 882010573933
BAD 882200825677
BAD 882117387091
BAD 882207325099
BAD 882207997973
BAD 882207997981
BAD 882079308323
BAD 882182680153
BAD 882187865137
BAD 882189251401
BAD 882192017983
BAD 882031383859
BAD 882257887403
BAD 882259390301
BAD 882259390303
BAD 882042514979
BAD 882042514981
BAD 882272014517
BAD 882272014523
BAD 882279555013
BAD 882279555029
BAD 882290657491
BAD 882291879121
BAD 882302092801
BAD 882107924333
BAD 882109306103
BAD 882309089513
BAD 882309089521
BAD 882311398783
BAD 882084974081
BAD 882084974083
BAD 882090155707
BAD 882090155731
BAD 882148661567
BAD 882319670347
BAD 882164977147
BAD 882162279667
BAD 882169037383
BAD 882327335273
BAD 882173263429
BAD 882331241797
BAD 882331241833
BAD 882331241837
BAD 882179803471
BAD 882223315823
BAD 882223858133
BAD 882228189481
BAD 882228189511
BAD 882469369919
BAD 882469369921
BAD 882469369933
BAD 882481348759
BAD 882357508079
BAD 882503780449
BAD 882503780453
BAD 882333447161
BAD 882516354721
BAD 882383050711
BAD 882383050733
BAD 882517620683
BAD 882572210503
BAD 882575052439
BAD 882576116909
BAD 882576116911
BAD 882530346757
BAD 882530346833
BAD 882535299307
BAD 882398672167
BAD 882607117061
BAD 882622676399
BAD 882622676401
BAD 882627423361
BAD 882614451079
BAD 882615111307
BAD 882615111319
BAD 882616205057
BAD 882633298229
BAD 882633298231
BAD 882450662147
BAD 882450662153
BAD 882450662161
BAD 882435169439
BAD 882368537119
BAD 882636843079
BAD 882401500193
BAD 882370892747
BAD 882370892749
BAD 882371190587
BAD 882371491481
BAD 882441825211
BAD 882422183101
BAD 882407991407
BAD 882466053829
BAD 882431090173
BAD 882485730991
BAD 882485731009
BAD 882485731013
BAD 882494078177
BAD 882495898133
BAD 882495898213
BAD 882707780347
BAD 882707780363
BAD 882707780371
BAD 882708154733
BAD 882710656801
BAD 882710656813
BAD 882715224661
BAD 882747899053
BAD 882747899063
BAD 882586391459
BAD 882592358597
BAD 882664124239
BAD 882664124249
BAD 882665105071
BAD 882665975599
BAD 882665975603
BAD 882600462083
BAD 882552117793
BAD 882552117809
BAD 882566665531
BAD 882686150419
BAD 882700787453
BAD 882773054791
BAD 882776545201
BAD 882780107113
BAD 882835720493
BAD 882819398897
BAD 882819398899
BAD 882669342131
BAD 882823064741
BAD 882823064743
BAD 882823064777
BAD 882826880029
BAD 882844814707
BAD 882673119863
BAD 882673119869
BAD 882891320897
BAD 882855207019
BAD 882880383529
BAD 882863763841
BAD 882722765723
BAD 882724142837
BAD 882731316953
BAD 882731317009
BAD 882731317033
BAD 882757629277
BAD 882761303803
BAD 882761303813
BAD 882761303839
BAD 882761303843
BAD 882761303849
BAD 882980173279
BAD 882802583353
BAD 882802583363
BAD 882807024739
BAD 882807024751
BAD 882962961383
BAD 882964950293
BAD 882964950299
BAD 882814141939
BAD 882814141943
BAD 882930518693
BAD 882930518761
BAD 882930614747
BAD 882934472327
BAD 882934472347
BAD 882788635627
BAD 882798567179
BAD 882798567181
BAD 883120613329
BAD 883123440769
BAD 883126425043
BAD 883008720563
BAD 883080405899
BAD 883080405901
BAD 883084122143
BAD 883218577793
BAD 883144886363
BAD 883175271379
BAD 883175807489
BAD 883224197269
BAD 883224197279
BAD 883227821809
BAD 883227821813
BAD 883227821821
BAD 883230130303
BAD 883162251919
BAD 883230130319
BAD 883308707569
BAD 883308707573
BAD 883309552093
BAD 883316959817
BAD 883318967659
BAD 883279030069
BAD 883188997729
BAD 883281541687
BAD 883190803771
BAD 883286497343
BAD 883195678669
BAD 883196030107
BAD 883197975749
BAD 883204216883
BAD 883104562199
BAD 883106245459
BAD 883107683167
BAD 883110324749
BAD 883111241659
BAD 883111241671
BAD 883115666603
BAD 883292778293
BAD 883390744849
BAD 883394792353
BAD 883394798921
BAD 883398326273
BAD 883398326287
BAD 883405113911
BAD 883348865593
BAD 883383090883
BAD 883388540989
BAD 883255770721
BAD 883323247643
BAD 883366406911
BAD 883366406917
BAD 883410911899
BAD 883557194719
BAD 883560305743
BAD 883541670467
BAD 883541670469
BAD 883541670511
BAD 883542798343
BAD 883492656349
BAD 883492656353
BAD 883492656359
BAD 883428928157
BAD 883582525187
BAD 883439096093
BAD 883595948161
BAD 883538492597
BAD 883538492611
BAD 883601956087
BAD 883617680587
BAD 883455182023
BAD 883471801963
BAD 883471801969
BAD 883471801973
BAD 883471801981
BAD 883636954903
BAD 883663718107
BAD 883514841973
BAD 883514841977
BAD 883521962599
BAD 883725769547
BAD 883726019359
BAD 883726061993
BAD 883726062001
BAD 883692626483
BAD 883693059889
BAD 883674718021
BAD 883675247951
BAD 883675247953
BAD 883675247957
BAD 883675247969
BAD 883675247971
BAD 883736869133
BAD 883682490833
BAD 883682490851
BAD 883739989357
BAD 883794623513
BAD 883794623573
BAD 883689676369
BAD 883712160601
BAD 883715640931
BAD 883715640953
BAD 883724480189
BAD 883724480213
BAD 883847191681
BAD 883781816461
BAD 883783566871
BAD 883783566877
BAD 883783566881
BAD 883912102553
BAD 883914280523
BAD 883921339981
BAD 883836671017
BAD 883836671033
BAD 883951106281
BAD 883896735781
BAD 883896735793
BAD 883746611401
BAD 883746611443
BAD 883958296103
BAD 883902634213
BAD 883902634273
BAD 883907329763
BAD 883760989949
BAD 883760989973
BAD 883760989981
BAD 883762052233
BAD 883963170803
BAD 883973727193
BAD 883975603699
BAD 883975603703
BAD 883975603711
BAD 883887236053
BAD 884019791071
BAD 884083279643
BAD 884083279679
BAD 884085126773
BAD 883858783253
BAD 883858783277
BAD 883858783279
BAD 884087608927
BAD 884087844569
BAD 884087844571
BAD 883866216197
BAD 883866216199
BAD 883869703711
BAD 883982298007
BAD 883982298013
BAD 884006719669
BAD 884028503279
BAD 884052536753
BAD 884054276269
BAD 884064520777
BAD 884066332003
BAD 884138380973
BAD 884102558561
BAD 884154261343
BAD 884102558593
BAD 884154261379
BAD 884102985697
BAD 884158509991
BAD 884164658989
BAD 884196351373
BAD 884213976599
BAD 884271748601
BAD 884271748603
BAD 884271748609
BAD 884226877411
BAD 884229037921
BAD 884287384291
BAD 884287384297
BAD 884243444881
BAD 884248595429
BAD 884248595431
BAD 884248595443
BAD 884256974543
BAD 884260910389
BAD 884345120963
BAD 884358253981
BAD 884358254011
BAD 884377585213
BAD 884377585219
BAD 884318627917
BAD 884321848393
BAD 884325074729
BAD 884384563303
BAD 884384563313
BAD 884385137243
BAD 884385137257
BAD 884390557381
BAD 884395331387
BAD 884395331389
BAD 884395331401
BAD 884308047589
BAD 884310921257
BAD 884463004081
BAD 884465243227
BAD 884505155333
BAD 884505155341
BAD 884508915659
BAD 884419835323
BAD 884400690311
BAD 884400690317
BAD 884400860839
BAD 884401479079
BAD 884401479097
BAD 884402994581
BAD 884402994583
BAD 884402994677
BAD 884403676931
BAD 884430543361
BAD 884446819987
BAD 884447594713
BAD 884452279603
BAD 884452279609
BAD 884452279619
BAD 884452279621
BAD 884661022111
BAD 884519059117
BAD 884558699131
BAD 884521527391
BAD 884563328401
BAD 884481894707
BAD 884481894739
BAD 884481894743
BAD 884482042163
BAD 884482546603
BAD 884532099617
BAD 884580649003
BAD 884580649009
BAD 884580649013
BAD 884489460331
BAD 884489635123
BAD 884586338267
BAD 884586338269
BAD 884564596973
BAD 884589364123
BAD 884598331387
BAD 884573101471
BAD 884699360521
BAD 884699360527
BAD 884631770767
BAD 884607288259
BAD 884735276239
BAD 884735465269
BAD 884611358599
BAD 884709078203
BAD 884641583809
BAD 884642254759
BAD 884739346747
BAD 884720068633
BAD 884720677471
BAD 884680703119
BAD 884725037393
BAD 884725225913
BAD 884780833331
BAD 884780833333
BAD 884614399943
BAD 884617520263
BAD 884617520309
BAD 884800610693
BAD 884807921441
BAD 884807921443
BAD 884814620663
BAD 884826628579
BAD 884750113579
BAD 884758188929
BAD 884758188931
BAD 884782130389
BAD 884782544053
BAD 885034512031
BAD 884904654619
BAD 884905766729
BAD 885105628279
BAD 885105628283
BAD 884907193609
BAD 884908617841
BAD 885040735261
BAD 885054185177
BAD 885054185179
BAD 885113034271
BAD 885114248363
BAD 885060824353
BAD 884950416157
BAD 884960330281
BAD 884924142931
BAD 884924310833
BAD 884834426303
BAD 884837997101
BAD 884885527979
BAD 884885528017
BAD 884978440069
BAD 884978627891
BAD 884978627893
BAD 884979135743
BAD 884979135749
BAD 884979135751
BAD 884842602323
BAD 884849663743
BAD 884889131561
BAD 884889131563
BAD 885083796473
BAD 885084633113
BAD 884895539789
BAD 884895539791
BAD 885192225187
BAD 885192225199
BAD 884861724017
BAD 884861724023
BAD 885094093073
BAD 885094093099
BAD 885094093109
BAD 885117343573
BAD 885117343577
BAD 884987825203
BAD 884988312713
BAD 884870195603
BAD 884872204133
BAD 885172121641
BAD 884878962337
BAD 884879209177
BAD 885181565327
BAD 885181565329
BAD 885181565347
BAD 885237944099
BAD 885250102967
BAD 885250102969
BAD 885159534593
BAD 885303656821
BAD 885268604587
BAD 885319658207
BAD 885319658213
BAD 885319658221
BAD 885336945049
BAD 885324970199
BAD 885257615873
BAD 885276494881
BAD 885311520983
BAD 885282868189
BAD 885284115517
BAD 885335009467
BAD 885294523051
BAD 885295171973
BAD 885295171987
BAD 885295171991
BAD 885295171993
BAD 885301179289
BAD 885301179293
BAD 885301179299
BAD 885219086797
BAD 885230046661
BAD 885213400559
BAD 885217595557
BAD 885463153513
BAD 885591878771
BAD 885591878779
BAD 885591878783
BAD 885591878803
BAD 885592563533
BAD 885592563539
BAD 885592563577
BAD 885592985287
BAD 885592985293
BAD 885386387503
BAD 885388594339
BAD 885388594351
BAD 885389269069
BAD 885390590431
BAD 885390590437
BAD 885365827919
BAD 885365827921
BAD 885470790229
BAD 885470790233
BAD 885470790301
BAD 885473779741
BAD 885374890733
BAD 885477903361
BAD 885477903451
BAD 885482039713
BAD 885483129187
BAD 885483129217
BAD 885483129301
BAD 885526595761
BAD 885488546827
BAD 885501125329
BAD 885672317051
BAD 885672317053
BAD 885672317059
BAD 885641015719
BAD 885641015723
BAD 885641015731
BAD 885694949353
BAD 885623310511
BAD 885664533907
BAD 885664533911
BAD 885664533913
BAD 885700554173
BAD 885645650977
BAD 885683686621
BAD 885631604953
BAD 885631604959
BAD 885649829419
BAD 885631835941
BAD 885582429383
BAD 885582645559
BAD 885715010753
BAD 885635160989
BAD 885719861269
BAD 885403006853
BAD 885411694621
BAD 885411694627
BAD 885420618773
BAD 885416916829
BAD 885544291283
BAD 885547921277
BAD 885547921283
BAD 885555010729
BAD 885773477629
BAD 885604641877
BAD 885610436653
BAD 885612905231
BAD 885939249409
BAD 885942308143
BAD 885942308149
BAD 885740152579
BAD 885740318539
BAD 885741054019
BAD 885924311473
BAD 885967626163
BAD 885968074111
BAD 885928711873
BAD 885969153403
BAD 886002204253
BAD 886002863509
BAD 885915058603
BAD 885915058607
BAD 885920970973
BAD 885726691009
BAD 885753877171
BAD 885729403063
BAD 885729403067
BAD 885729403087
BAD 885729403201
BAD 885731039003
BAD 885736375231
BAD 885737691233
BAD 886121953841
BAD 885826279813
BAD 885827976409
BAD 885847058377
BAD 885814401877
BAD 885817833683
BAD 885874468357
BAD 886009305751
BAD 885857461873
BAD 886019453131
BAD 885863720383
BAD 885863720393
BAD 885868836751
BAD 885868836757
BAD 885870651473
BAD 886167935357
BAD 886167935363
BAD 886168642291
BAD 886168642297
BAD 886168642327
BAD 886170388561
BAD 886043182523
BAD 886043714209
BAD 886241962399
BAD 886247956837
BAD 886250124119
BAD 886250124121
BAD 886185884809
BAD 886236014569
BAD 886035473047
BAD 886237673627
BAD 886256337541
BAD 886054841603
BAD 886054841611
BAD 886037276653
BAD 886037283511
BAD 886037283517
BAD 886091793199
BAD 886080486527
BAD 886058285117
BAD 886089398963
BAD 886067275993
BAD 886155173723
BAD 886073267393
BAD 886073267399
BAD 886303948223
BAD 886304318929
BAD 886364666351
BAD 886364666353
BAD 886444722001
BAD 886444722017
BAD 886444722019
BAD 886275115013
BAD 886275909529
BAD 886453265293
BAD 886381439821
BAD 886316434879
BAD 886316434987
BAD 886326720977
BAD 886271913829
BAD 886324726381
BAD 886469644063
BAD 886434226967
BAD 886473705433
BAD 886474252507
BAD 886440948431
BAD 886399081651
BAD 886399081657
BAD 886405525351
BAD 886411104659
BAD 886411104661
BAD 886412520421
BAD 886513439743
BAD 886482891893
BAD 886483193867
BAD 886483193899
BAD 886492044301
BAD 886497905243
BAD 886551418457
BAD 886553503337
BAD 886504678547
BAD 886558718347
BAD 886558718351
BAD 886680139921
BAD 886682543959
BAD 886682543963
BAD 886692556933
BAD 886663710157
BAD 886671883073
BAD 886674732709
BAD 886674732719
BAD 886578693703
BAD 886578693713
BAD 886578693733
BAD 886580633669
BAD 886586773717
BAD 886588583039
BAD 886588583051
BAD 886617839693
BAD 886573757567
BAD 886796496697
BAD 886931255557
BAD 886932482567
BAD 886874709901
BAD 886874709907
BAD 886939864399
BAD 886901183827
BAD 886813911967
BAD 886816640813
BAD 886824742673
BAD 886824742679
BAD 886824742711
BAD 886699249159
BAD 886915683683
BAD 886827087599
BAD 886922466571
BAD 886709105903
BAD 886832724353
BAD 886887319823
BAD 886856605991
BAD 886856969611
BAD 886968707791
BAD 886968707813
BAD 886974160951
BAD 886789988941
BAD 886792462219
BAD 886715188789
BAD 886725903319
BAD 887105811751
BAD 887117300701
BAD 887130601741
BAD 887131127033
BAD 887134634371
BAD 887134634377
BAD 887134634381
BAD 887123769997
BAD 887143483363
BAD 887145683269
BAD 887046741901
BAD 887046741907
BAD 887147319481
BAD 887051434177
BAD 887080958693
BAD 887153990971
BAD 887056996409
BAD 887056996411
BAD 887165066017
BAD 887165919931
BAD 887021164847
BAD 887159466107
BAD 887088701557
BAD 887088701567
BAD 887092084733
BAD 887092400731
BAD 887331758507
BAD 887336104321
BAD 887336104337
BAD 887336104339
BAD 887067405187
BAD 887215114663
BAD 887215114711
BAD 887215114717
BAD 887032000669
BAD 887043234773
BAD 887044864177
BAD 887044864183
BAD 887323428053
BAD 887435611501
BAD 887435813221
BAD 887437889227
BAD 887438871173
BAD 887447070199
BAD 887425094009
BAD 887425094011
BAD 887428603361
BAD 887428603363
BAD 887285172979
BAD 887290965721
BAD 887366237911
BAD 887250730543
BAD 887369437027
BAD 887295980903
BAD 887192175349
BAD 887306321843
BAD 887381580637
BAD 887501157467
BAD 887501157469
BAD 887503677443
BAD 887514428419
BAD 887554982959
BAD 887565924227
BAD 887565924229
BAD 887565924241
BAD 887572136413
BAD 887572136417
BAD 887572136419
BAD 887572727551
BAD 887577958583
BAD 887577958591
BAD 887581235977
BAD 887618241721
BAD 887630431007
BAD 887686379579
BAD 887686379581
BAD 887670429143
BAD 887694917597
BAD 887695656181
BAD 887462214427
BAD 887464127887
BAD 887464127969
BAD 887464127971
BAD 887519592067
BAD 887521354613
BAD 887523640313
BAD 887639674423
BAD 887639674433
BAD 887640802933
BAD 887643602903
BAD 887646250259
BAD 887646250261
BAD 887647558673
BAD 887466597967
BAD 887467345159
BAD 887468612881
BAD 887470430773
BAD 887871734647
BAD 887886749159
BAD 887886749161
BAD 887877438967
BAD 887892872131
BAD 887860675103
BAD 887900518699
BAD 887900518759
BAD 887866134941
BAD 887866134943
BAD 887925374473
BAD 887737494121
BAD 887737494131
BAD 887739268789
BAD 887931358099
BAD 887933731081
BAD 887604981127
BAD 887533573651
BAD 887652262103
BAD 887658230311
BAD 887658230317
BAD 887665373561
BAD 887665373563
BAD 887721015739
BAD 887843790541
BAD 887768654329
BAD 887770248751
BAD 887754865147
BAD 887777302319
BAD 887778570563
BAD 887778570571
BAD 887779397761
BAD 887937268513
BAD 887957386051
BAD 887943831053
BAD 887943831083
BAD 887962775587
BAD 887967395041
BAD 887785886201
BAD 887785886203
BAD 887793992027
BAD 887798613073
BAD 887823734209
BAD 887823734233
BAD 888127499393
BAD 887830207657
BAD 887830207681
BAD 887830207687
BAD 888132586399
BAD 888087087659
BAD 888087087661
BAD 887833001501
BAD 887834863543
BAD 888096661801
BAD 888096661807
BAD 888104867869
BAD 888104867893
BAD 888110782519
BAD 888110782523
BAD 887992691881
BAD 888006304333
BAD 888006304351
BAD 888006304357
BAD 888008385233
BAD 888015529393
BAD 888015529397
BAD 888015529399
BAD 888015529403
BAD 888015529411
BAD 888344255353
BAD 888308306297
BAD 888043189273
BAD 888328912049
BAD 888034899559
BAD 888332233951
BAD 888154142179
BAD 888154710151
BAD 888158376949
BAD 888158551759
BAD 888160014601
BAD 888160014617
BAD 888160014619
BAD 888164993671
BAD 888221595061
BAD 888221595077
BAD 888231984293
BAD 888194305993
BAD 888195750373
BAD 888195750391
BAD 888199398211
BAD 888275933269
BAD 888280334219
BAD 888241340713
BAD 888241340717
BAD 888241841393
BAD 888251713463
BAD 888251713471
BAD 888259436329
BAD 888291108917
BAD 888291108937
BAD 888269374723
BAD 888296633053
BAD 888296633071
BAD 888300775261
BAD 888300775301
BAD 888302488169
BAD 888394192457
BAD 888394192459
BAD 888394192523
BAD 888399491053
BAD 888399491059
BAD 888403141741
BAD 888446873357
BAD 888383313319
BAD 888454501621
BAD 888454501633
BAD 888455531651
BAD 888455531653
BAD 888455531657
BAD 888455531659
BAD 888461655317
BAD 888463854833
BAD 888506952121
BAD 888523245713
BAD 888489685319
BAD 888495536623
BAD 888542218657
BAD 888542218667
BAD 888542218673
BAD 888479574727
BAD 888479574743
BAD 888480756301
BAD 888483393079
BAD 888574785691
BAD 888576238321
BAD 888628284263
BAD 888767853781
BAD 888583342391
BAD 888636388669
BAD 888636388681
BAD 888636388687
BAD 888808273993
BAD 888814650709
BAD 888814746803
BAD 888814746811
BAD 888820842131
BAD 888780816971
BAD 888791867947
BAD 888798504431
BAD 888789997063
BAD 888827810599
BAD 888839064439
BAD 888592996457
BAD 888593392931
BAD 888593392933
BAD 888601899023
BAD 888859105861
BAD 888872255521
BAD 888692536507
BAD 888694777813
BAD 888640577761
BAD 888876142579
BAD 888876590753
BAD 888876590761
BAD 888876590773
BAD 888878193293
BAD 888909437687
BAD 888910823221
BAD 888910823239
BAD 888910823243
BAD 888674607019
BAD 888676281869
BAD 888701068063
BAD 888888490183
BAD 888917314897
BAD 888919736239
BAD 888920334587
BAD 888654838429
BAD 888654838433
BAD 888655512643
BAD 888564755783
BAD 888689234029
BAD 888689234033
BAD 888571412513
BAD 888743387929
BAD 888733651609
BAD 888844554841
BAD 888619631239
BAD 888852888509
BAD 888853039189
BAD 888893284283
BAD 888855383809
BAD 888855383813
BAD 888894661489
BAD 888894661493
BAD 888894661513
BAD 888894661519
BAD 889011399061
BAD 889014582647
BAD 889014812123
BAD 889016623981
BAD 889020583553
BAD 889035143471
BAD 889035143473
BAD 889060682869
BAD 889038731843
BAD 889038731849
BAD 889038731851
BAD 889065489211
BAD 888962696033
BAD 889052723113
BAD 888969949141
BAD 888971164663
BAD 888975368791
BAD 888992855633
BAD 888992855659
BAD 888994707877
BAD 888994999069
BAD 888994999073
BAD 889003478023
BAD 889003478047
BAD 889003478071
BAD 889008531647
BAD 889128132173
BAD 889128419593
BAD 888950639917
BAD 888950639923
BAD 888954538393
BAD 888954538397
BAD 888955793857
BAD 889105093007
BAD 889136630633
BAD 889140707461
BAD 889143213859
BAD 889143213863
BAD 889143213877
BAD 889079940863
BAD 889124271883
BAD 889124271887
BAD 889088955571
BAD 889359937423
BAD 889361081977
BAD 889368890959
BAD 889336733881
BAD 889385717687
BAD 889397328901
BAD 889397328907
BAD 889342831781
BAD 889399148237
BAD 889399148243
BAD 889404315497
BAD 889177345669
BAD 889184766499
BAD 889190102699
BAD 889190102719
BAD 889145320213
BAD 889153319239
BAD 889153319251
BAD 889158481009
BAD 889200794551
BAD 889212333019
BAD 889248219667
BAD 889215977149
BAD 889217426017
BAD 889221266683
BAD 889317860869
BAD 889255924993
BAD 889255925011
BAD 889223160503
BAD 889260628247
BAD 889228820351
BAD 889234512853
BAD 889236701543
BAD 889481380079
BAD 889280766043
BAD 889492012051
BAD 889470876599
BAD 889470876601
BAD 889500725089
BAD 889309397539
BAD 889504254697
BAD 889273908277
BAD 889596816643
BAD 889602300793
BAD 889434929077
BAD 889563692767
BAD 889549920811
BAD 889549920817
BAD 889568709097
BAD 889442923091
BAD 889442923093
BAD 889589078173
BAD 889589078177
BAD 889589078179
BAD 889591525283
BAD 889594029293
BAD 889454514203
BAD 889456508209
BAD 889769912443
BAD 889770658093
BAD 889514423813
BAD 889514423821
BAD 889514423827
BAD 889803110101
BAD 889803110107
BAD 889778060207
BAD 889778060209
BAD 889811853661
BAD 889524223453
BAD 889849743001
BAD 889644268879
BAD 889644268883
BAD 889661728957
BAD 889661728961
BAD 889664800051
BAD 889882971199
BAD 889882971203
BAD 889886184427
BAD 889886668117
BAD 889887934223
BAD 889887934253
BAD 889887934259
BAD 889889214787
BAD 889918891441
BAD 889923217373
BAD 889676958523
BAD 889897107503
BAD 889973262473
BAD 889974525079
BAD 889932139231
BAD 889933130011
BAD 889933130017
BAD 889935011543
BAD 889938189013
BAD 889941831071
BAD 889957030147
BAD 889957030153
BAD 889959572179
BAD 889959572197
BAD 889700975567
BAD 889735987181
BAD 889735987183
BAD 889709167861
BAD 889711684591
BAD 889785859309
BAD 889740290689
BAD 889740290693
BAD 889742866063
BAD 889795180433
BAD 889533761561
BAD 889535064413
BAD 889535064521
BAD 889902256759
BAD 889543772839
BAD 889543772849
BAD 889543772851
BAD 889914207859
BAD 889914552937
BAD 889754287613
BAD 889729209113
BAD 889729209119
BAD 889840635319
BAD 889983152573
BAD 889983152581
BAD 889996521527
BAD 889996521529
BAD 889868963713
BAD 889868963717
BAD 889868963719
BAD 889870412471
BAD 889870412479
BAD 889872141293
BAD 889881225481
RANGE 880000000000 890000000000 PRIMES 363515097 BAD 1511
