BAD 590051746679
BAD 590051746681
BAD 590302163221
BAD 590304224803
BAD 590202257663
BAD 590304496057
BAD 590304496073
BAD 590054623681
BAD 590203003991
BAD 590203003993
BAD 590305400677
BAD 590185705807
BAD 590186755163
BAD 590370566963
BAD 590308476623
BAD 590308476631
BAD 590371207147
BAD 590218859687
BAD 590372887387
BAD 590310353573
BAD 590220121369
BAD 590220485389
BAD 590220485401
BAD 590311956029
BAD 590311956049
BAD 590220770719
BAD 590374710151
BAD 590062560727
BAD 590211902719
BAD 590193945293
BAD 590194498057
BAD 590066169689
BAD 590066169691
BAD 590066169703
BAD 590194498063
BAD 590224406063
BAD 590224406069
BAD 590224406071
BAD 590225152877
BAD 590195667007
BAD 590226257477
BAD 590227222493
BAD 590227222499
BAD 590198143333
BAD 590119319221
BAD 590124000859
BAD 590124000863
BAD 590132909021
BAD 590132909033
BAD 590385957067
BAD 590385957089
BAD 590386403573
BAD 590319397673
BAD 590386700699
BAD 590068764163
BAD 590068764199
BAD 590068764211
BAD 590287563751
BAD 590071631449
BAD 590151078989
BAD 590151078991
BAD 590085349783
BAD 590151078997
BAD 590326195037
BAD 590391900101
BAD 590391900121
BAD 590076014483
BAD 590101009247
BAD 590101009249
BAD 590294786233
BAD 590086553293
BAD 590087018303
BAD 590102548171
BAD 590102548177
BAD 590298299167
BAD 590082003191
BAD 590082003193
BAD 590332166807
BAD 590332273579
BAD 590333157259
BAD 590018672909
BAD 590018672911
BAD 590155994887
BAD 590096433001
BAD 590096462243
BAD 590157616547
BAD 590157616549
BAD 590020790603
BAD 590099907877
BAD 590235036661
BAD 590235036667
BAD 590159993273
BAD 590236750643
BAD 590161468621
BAD 590237273947
BAD 590161889531
BAD 590161889533
BAD 590161889567
BAD 590028570253
BAD 590028570259
BAD 590029021369
BAD 590164396909
BAD 590242816453
BAD 590169224479
BAD 590169224483
BAD 590245432057
BAD 590245585807
BAD 590170888163
BAD 590171045879
BAD 590171045881
BAD 590171078779
BAD 590246432729
BAD 590246432731
BAD 590252657779
BAD 590177602423
BAD 590181021413
BAD 590256504427
BAD 590181593587
BAD 590000715533
BAD 590258922619
BAD 590258922623
BAD 590258922629
BAD 590037583417
BAD 590339865307
BAD 590339930459
BAD 590339930461
BAD 590006219863
BAD 590008422869
BAD 590341824641
BAD 590341824673
BAD 590040494293
BAD 590343113671
BAD 590343329633
BAD 590012417179
BAD 590047310581
BAD 590015467241
BAD 590015467243
BAD 590348649901
BAD 590276465929
BAD 590016238703
BAD 590350601311
BAD 590350601317
BAD 590350601329
BAD 590278326307
BAD 590278735351
BAD 590357502509
BAD 590357502517
BAD 590359425589
BAD 590361575311
BAD 590284572613
BAD 590284588279
BAD 590284588301
BAD 590284588303
BAD 590363448887
BAD 590368357853
BAD 590147637241
BAD 590420214557
BAD 590420214581
BAD 590420214583
BAD 590424672169
BAD 590424672179
BAD 590424887993
BAD 590471191073
BAD 590472309893
BAD 590472309899
BAD 590472309901
BAD 590472309907
BAD 590426169527
BAD 590426169547
BAD 590472960667
BAD 590472960677
BAD 590426381263
BAD 590426381273
BAD 590477484587
BAD 590457986957
BAD 590457986959
BAD 590460313477
BAD 590464280573
BAD 590464628731
BAD 590486135989
BAD 590467438601
BAD 590403694651
BAD 590406466891
BAD 590408459141
BAD 590408459143
BAD 590410988359
BAD 590412713453
BAD 590412713459
BAD 590412713461
BAD 590412713467
BAD 590412713483
BAD 590416332529
BAD 590416332533
BAD 590437574201
BAD 590437574203
BAD 590443247357
BAD 590443247363
BAD 590443247369
BAD 590443247371
BAD 590489781263
BAD 590490470693
BAD 590490470897
BAD 590449192951
BAD 590449192967
BAD 590451570383
BAD 590452037143
BAD 590452088803
BAD 590498135797
BAD 590499587071
BAD 590502715447
BAD 590503094611
BAD 590503237327
BAD 590503237351
BAD 590504738413
BAD 590509370791
BAD 590573565853
BAD 590573758387
BAD 590577651593
BAD 590630971891
BAD 590631156463
BAD 590581874059
BAD 590516870501
BAD 590517787291
BAD 590636374891
BAD 590660012071
BAD 590660012077
BAD 590660012113
BAD 590660713213
BAD 590604116261
BAD 590557034569
BAD 590639456279
BAD 590605285013
BAD 590559783901
BAD 590611080427
BAD 590570338013
BAD 590616224983
BAD 590653685317
BAD 590590667089
BAD 590617793483
BAD 590593119383
BAD 590524030853
BAD 590525112949
BAD 590525209073
BAD 590525259733
BAD 590600942333
BAD 590600942339
BAD 590600942341
BAD 590602224983
BAD 590602224991
BAD 590603843461
BAD 590781751993
BAD 590783518081
BAD 590783518153
BAD 590783518159
BAD 590783518189
BAD 590739974689
BAD 590784170863
BAD 590792549551
BAD 590792549569
BAD 590704808791
BAD 590784742829
BAD 590784742831
BAD 590785360831
BAD 590785360843
BAD 590785743113
BAD 590786109323
BAD 590707767049
BAD 590795427643
BAD 590795427647
BAD 590795427653
BAD 590742671383
BAD 590671461739
BAD 590797415213
BAD 590672841791
BAD 590672841793
BAD 590672841827
BAD 590710831331
BAD 590799046073
BAD 590762879123
BAD 590762879129
BAD 590762879131
BAD 590747421793
BAD 590801658617
BAD 590750044243
BAD 590750044253
BAD 590803716863
BAD 590676859771
BAD 590676859789
BAD 590804015779
BAD 590804015807
BAD 590804208233
BAD 590715446941
BAD 590715446947
BAD 590751102653
BAD 590722805611
BAD 590723063783
BAD 590717290643
BAD 590541544783
BAD 590678872657
BAD 590678872733
BAD 590678872759
BAD 590724734449
BAD 590754083783
BAD 590679646831
BAD 590718831253
BAD 590754083813
BAD 590718831347
BAD 590718831349
BAD 590544098203
BAD 590546400229
BAD 590546568907
BAD 590692430701
BAD 590547675451
BAD 590730533443
BAD 590730533447
BAD 590730533473
BAD 590730533479
BAD 590685448589
BAD 590732727251
BAD 590551418629
BAD 590698336859
BAD 590737244011
BAD 590737244017
BAD 590737975213
BAD 590737975253
BAD 590702960843
BAD 590840847151
BAD 590840847161
BAD 590841325981
BAD 590825474893
BAD 590844273343
BAD 590844273353
BAD 590830811731
BAD 590830811737
BAD 590831392643
BAD 590831392661
BAD 590831392663
BAD 590831392667
BAD 590847401843
BAD 590847679553
BAD 590849313853
BAD 590852005027
BAD 590808733751
BAD 590812979279
BAD 590854234913
BAD 590819250647
BAD 590819250649
BAD 590859471361
BAD 590861928421
BAD 590865627899
BAD 590865627901
BAD 590865862159
BAD 590865862163
BAD 590873734337
BAD 590878193839
BAD 590888128291
BAD 590892050953
BAD 590899805453
BAD 590901440737
BAD 590901440749
BAD 590902557407
BAD 590902557409
BAD 590904739261
BAD 590906380621
BAD 590906380651
BAD 590906380657
BAD 590909776417
BAD 590912600711
BAD 590912600713
BAD 590920625993
BAD 590921834599
BAD 590943493423
BAD 590925963871
BAD 590927766101
BAD 590927766103
BAD 590927766113
BAD 590927766119
BAD 590931293299
BAD 590948866831
BAD 590935290349
BAD 590935714921
BAD 590937314273
BAD 590955192323
BAD 590955192341
BAD 590955192343
BAD 590955192349
BAD 591008458771
BAD 591008849393
BAD 590977870883
BAD 591041831389
BAD 590987217803
BAD 591045387253
BAD 591109547629
BAD 591111993319
BAD 591111993323
BAD 591112034923
BAD 591024462341
BAD 591049185563
BAD 591049185583
BAD 591049185593
BAD 591049185599
BAD 591113362129
BAD 591114705383
BAD 591029286103
BAD 591029770543
BAD 591116981647
BAD 591118914829
BAD 591118914833
BAD 591118914839
BAD 591118914847
BAD 591033615577
BAD 591035799923
BAD 591035799931
BAD 591035799947
BAD 591035799953
BAD 591036118583
BAD 591036118591
BAD 590960755667
BAD 590960755669
BAD 590961368209
BAD 591040124153
BAD 591196368361
BAD 590965379843
BAD 590965604927
BAD 591201015341
BAD 591201015343
BAD 590972648221
BAD 591074204183
BAD 591079925089
BAD 591141141023
BAD 591081026843
BAD 591081026849
BAD 591081026857
BAD 591148195721
BAD 591089479711
BAD 591089479733
BAD 591000318211
BAD 591000993109
BAD 591001201607
BAD 591155640833
BAD 591091567159
BAD 591091567163
BAD 591158371123
BAD 591097150283
BAD 591098343659
BAD 591098343673
BAD 591127688341
BAD 591127920611
BAD 591127920613
BAD 591127920623
BAD 591102998363
BAD 591102998371
BAD 591131428103
BAD 591103952927
BAD 591171768823
BAD 591106339531
BAD 591174101383
BAD 591064037191
BAD 591064037197
BAD 591134795989
BAD 591136216003
BAD 591066425479
BAD 591066425483
BAD 591066428917
BAD 591067847581
BAD 591071519429
BAD 591071519431
BAD 591071519449
BAD 591072970427
BAD 591072970429
BAD 591179432681
BAD 591179624999
BAD 591184327483
BAD 591184437947
BAD 591190565479
BAD 591210484793
BAD 591213271741
BAD 591213271763
BAD 591225594733
BAD 591229556131
BAD 591229556143
BAD 591229556147
BAD 591244474879
BAD 591245389597
BAD 591248232881
BAD 591251781931
BAD 591252898661
BAD 591252898667
BAD 591253325947
BAD 591254590373
BAD 591254590403
BAD 591254910751
BAD 591258883909
BAD 591258883927
BAD 591258883937
BAD 591258883939
BAD 591261065333
BAD 591262335743
BAD 591264057667
BAD 591269957093
BAD 591269957099
BAD 591269957101
BAD 591271171471
BAD 591272122229
BAD 591272649859
BAD 591274236023
BAD 591275321941
BAD 591289801351
BAD 591312955637
BAD 591313409779
BAD 591313409783
BAD 591343510031
BAD 591355506997
BAD 591356159143
BAD 591327895283
BAD 591333068863
BAD 591333068869
BAD 591333068933
BAD 591334206959
BAD 591334206961
BAD 591336350161
BAD 591398913991
BAD 591398913997
BAD 591338704309
BAD 591338704321
BAD 591401228857
BAD 591364415791
BAD 591364415801
BAD 591340528543
BAD 591340639937
BAD 591340639951
BAD 591365499061
BAD 591376188131
BAD 591376188133
BAD 591371099191
BAD 591372466277
BAD 591372466283
BAD 591433046263
BAD 591380239673
BAD 591433314631
BAD 591433330711
BAD 591373876699
BAD 591373876703
BAD 591434999101
BAD 591434999107
BAD 591435102949
BAD 591435102953
BAD 591435358447
BAD 591435510859
BAD 591435788197
BAD 591436950499
BAD 591386014189
BAD 591391155127
BAD 591391155133
BAD 591391155139
BAD 591391155143
BAD 591391155151
BAD 591391418617
BAD 591391418621
BAD 591391418633
BAD 591299585917
BAD 591300335477
BAD 591301427923
BAD 591301427933
BAD 591478489223
BAD 591563878967
BAD 591565932751
BAD 591565932803
BAD 591485910661
BAD 591485910667
BAD 591572136193
BAD 591572136209
BAD 591572136251
BAD 591490223183
BAD 591490223189
BAD 591573472159
BAD 591532166287
BAD 591533039527
BAD 591533977513
BAD 591534092573
BAD 591536089531
BAD 591443894761
BAD 591447052981
BAD 591540765377
BAD 591542627597
BAD 591451399159
BAD 591452559623
BAD 591636025597
BAD 591638375569
BAD 591454324009
BAD 591640794599
BAD 591640794601
BAD 591642741139
BAD 591495828799
BAD 591495828841
BAD 591498468443
BAD 591498468461
BAD 591577261591
BAD 591577261603
BAD 591410777053
BAD 591586649477
BAD 591587204297
BAD 591587204303
BAD 591587204309
BAD 591587204311
BAD 591508319431
BAD 591590390431
BAD 591612369001
BAD 591425650021
BAD 591425650027
BAD 591425928943
BAD 591650630119
BAD 591651707671
BAD 591651707681
BAD 591651707683
BAD 591651707687
BAD 591656084611
BAD 591657763999
BAD 591657764003
BAD 591659909353
BAD 591659909371
BAD 591659909381
BAD 591659909383
BAD 591511723441
BAD 591511723459
BAD 591511723463
BAD 591662277697
BAD 591544294981
BAD 591544294987
BAD 591513808621
BAD 591514457803
BAD 591514457813
BAD 591670579613
BAD 591516454051
BAD 591523759163
BAD 591523759171
BAD 591523759181
BAD 591558834193
BAD 591559673119
BAD 591559673123
BAD 591559673129
BAD 591559673137
BAD 591559673149
BAD 591559673153
BAD 591560257313
BAD 591609204847
BAD 591680171723
BAD 591683165963
BAD 591692951363
BAD 591692951371
BAD 591697798123
BAD 591698162207
BAD 591723896719
BAD 591723896723
BAD 591727128901
BAD 591796124761
BAD 591796124771
BAD 591764204851
BAD 591764664937
BAD 591764664943
BAD 591764664947
BAD 591799031149
BAD 591764871007
BAD 591801221761
BAD 591728086909
BAD 591728086913
BAD 591806926247
BAD 591833540843
BAD 591737270629
BAD 591737777959
BAD 591737777993
BAD 591769875643
BAD 591739996193
BAD 591739996201
BAD 591771839333
BAD 591771839341
BAD 591740983391
BAD 591844398547
BAD 591844423463
BAD 591845216117
BAD 591845216119
BAD 591777584701
BAD 591819655267
BAD 591777811433
BAD 591820851887
BAD 591749375419
BAD 591749840449
BAD 591749840453
BAD 591823439671
BAD 591749993759
BAD 591749993843
BAD 591749993851
BAD 591751309399
BAD 591751809863
BAD 591752133773
BAD 591752994257
BAD 591784562617
BAD 591828262331
BAD 591828531067
BAD 591756048929
BAD 591756048931
BAD 591759199783
BAD 591759887443
BAD 591759887447
BAD 591791597923
BAD 591760855627
BAD 591794168437
BAD 591794666039
BAD 591794666041
BAD 591897686357
BAD 591906751237
BAD 591908257169
BAD 591908257189
BAD 591911646503
BAD 591865490371
BAD 591865528663
BAD 591869507753
BAD 591870832103
BAD 591878002957
BAD 591963176851
BAD 591966784429
BAD 591998869183
BAD 591968700649
BAD 592001805517
BAD 591984048169
BAD 591985539059
BAD 591987132439
BAD 592011500989
BAD 591989228221
BAD 592025535683
BAD 591990355711
BAD 592026014693
BAD 592027083289
BAD 592027083293
BAD 592085998489
BAD 592092130439
BAD 592094498711
BAD 592107254489
BAD 592107254491
BAD 592107254521
BAD 592114326413
BAD 592114326421
BAD 592119600559
BAD 592120585657
BAD 592120585663
BAD 592124631691
BAD 592129262393
BAD 591879471523
BAD 591879471529
BAD 591880565869
BAD 591880565873
BAD 592230306067
BAD 592230565141
BAD 592230565153
BAD 591941530891
BAD 592203586519
BAD 592204322821
BAD 592147613023
BAD 591942914737
BAD 592148207753
BAD 592204969891
BAD 592148758013
BAD 592166072893
BAD 592209463733
BAD 591924793093
BAD 591924793099
BAD 591924793121
BAD 592231410403
BAD 592231410451
BAD 592153107391
BAD 592153107409
BAD 592064532289
BAD 592211923489
BAD 591926691899
BAD 591926691901
BAD 591926691911
BAD 591926691913
BAD 592233807631
BAD 592171420123
BAD 592067129107
BAD 592173022951
BAD 592173022957
BAD 592174316843
BAD 592174316917
BAD 592047074239
BAD 592174316941
BAD 592047108901
BAD 592159592161
BAD 592237754963
BAD 592237754971
BAD 592048701533
BAD 592072937003
BAD 592072937009
BAD 592072937011
BAD 592074185189
BAD 592074185191
BAD 592074185203
BAD 592074728059
BAD 592074728071
BAD 592050883603
BAD 592050883607
BAD 592050883609
BAD 592076592859
BAD 592053243029
BAD 592178774191
BAD 592030820413
BAD 592079927773
BAD 592057425781
BAD 592131283069
BAD 592132690609
BAD 592132690613
BAD 592060419833
BAD 592039332433
BAD 592039332439
BAD 592133915983
BAD 592134158543
BAD 592138621651
BAD 592138621667
BAD 592043651411
BAD 592043651413
BAD 592140864173
BAD 592142150993
BAD 592142151001
BAD 592143751139
BAD 592143751141
BAD 592143751237
BAD 592251939599
BAD 592253934653
BAD 592254790727
BAD 592254790733
BAD 591955167229
BAD 591959454733
BAD 591959912407
BAD 591960499813
BAD 591960976447
BAD 592261160807
BAD 592261160809
BAD 591962116411
BAD 592262996713
BAD 591962698843
BAD 592187510809
BAD 592195587569
BAD 592195587689
BAD 592195587691
BAD 592280687213
BAD 592280687227
BAD 592320805567
BAD 592321717927
BAD 592324713437
BAD 592327200769
BAD 592331983073
BAD 592349221081
BAD 592358831413
BAD 592359058073
BAD 592359058079
BAD 592359058169
BAD 592359058171
BAD 592299570827
BAD 592300204283
BAD 592303286387
BAD 592303286389
BAD 592368944963
BAD 592373241403
BAD 592312072927
BAD 592313208341
BAD 592313288141
BAD 592313288143
BAD 592314065723
BAD 592314772409
BAD 592377467729
BAD 592382519947
BAD 592383859943
BAD 592384993357
BAD 592388184781
BAD 592395155719
BAD 592397278423
BAD 592397402123
BAD 592397402131
BAD 592397402137
BAD 592397402143
BAD 592397407817
BAD 592290843721
BAD 592291129369
BAD 592435312237
BAD 592416399019
BAD 592416399023
BAD 592416399031
BAD 592334568823
BAD 592336071203
BAD 592424007173
BAD 592424007179
BAD 592424007181
BAD 592424007193
BAD 592426479763
BAD 592428735859
BAD 592428735863
BAD 592428735869
BAD 592341688261
BAD 592341688417
BAD 592341688423
BAD 592343690033
BAD 592343838017
BAD 592343838019
BAD 592600992439
BAD 592500537059
BAD 592500537061
BAD 592601382223
BAD 592534335229
BAD 592534335233
BAD 592472112833
BAD 592534942429
BAD 592505690537
BAD 592537390667
BAD 592537390673
BAD 592517767451
BAD 592517767453
BAD 592507033463
BAD 592608685957
BAD 592542059833
BAD 592522887443
BAD 592542450593
BAD 592542450653
BAD 592481874433
BAD 592637370553
BAD 592482654787
BAD 592610417039
BAD 592525968623
BAD 592547937803
BAD 592527718841
BAD 592527718843
BAD 592588160687
BAD 592548358879
BAD 592590043429
BAD 592529613931
BAD 592646653903
BAD 592491229103
BAD 592496578241
BAD 592496578243
BAD 592496578327
BAD 592401127999
BAD 592410304583
BAD 592410304589
BAD 592412906191
BAD 592413457981
BAD 592552808489
BAD 592458720673
BAD 592675394743
BAD 592461281821
BAD 592556444503
BAD 592556444507
BAD 592556444509
BAD 592676647669
BAD 592676647681
BAD 592676647711
BAD 592462224113
BAD 592462224169
BAD 592679407433
BAD 592679407451
BAD 592560744593
BAD 592682670277
BAD 592682670299
BAD 592682670301
BAD 592561228733
BAD 592561228741
BAD 592619909269
BAD 592622127241
BAD 592622390687
BAD 592565709181
BAD 592623358343
BAD 592628086139
BAD 592630808641
BAD 592631806331
BAD 592568545213
BAD 592569539251
BAD 592685681537
BAD 592689747289
BAD 592576440499
BAD 592576440503
BAD 592736616701
BAD 592579960523
BAD 592737493351
BAD 592696670029
BAD 592739565323
BAD 592699967161
BAD 592744841893
BAD 592748691617
BAD 592718064199
BAD 592718064203
BAD 592718064209
BAD 592727721437
BAD 592753011181
BAD 592728718321
BAD 592728718331
BAD 592728718333
BAD 592728718339
BAD 592728751039
BAD 592753863187
BAD 592754494547
BAD 592729744861
BAD 592756723777
BAD 592756723781
BAD 592762373587
BAD 592763480293
BAD 592710350719
BAD 592710350731
BAD 592710350737
BAD 592713756007
BAD 592656463193
BAD 592657936127
BAD 592657936147
BAD 592665487567
BAD 592787754683
BAD 592791742747
BAD 592792716193
BAD 592794993113
BAD 592796639693
BAD 592796639977
BAD 592803472369
BAD 592804205977
BAD 592805845153
BAD 592771110829
BAD 592778177737
BAD 592779459919
BAD 592779801227
BAD 592953715051
BAD 592782242363
BAD 592946018747
BAD 592903513897
BAD 592947674807
BAD 592947674827
BAD 592889386031
BAD 592956463249
BAD 592906958437
BAD 592950770353
BAD 592924525057
BAD 592959179273
BAD 592924763693
BAD 592893455537
BAD 592893455543
BAD 592911659623
BAD 592911659629
BAD 592894002803
BAD 592952456737
BAD 592894664519
BAD 592894664521
BAD 592929664219
BAD 592930880653
BAD 592931117983
BAD 592931118001
BAD 592898114381
BAD 592898114383
BAD 592898114387
BAD 592932503483
BAD 592932503519
BAD 592932503521
BAD 592899814159
BAD 592918666111
BAD 592870564163
BAD 592932503533
BAD 592870564171
BAD 592870564201
BAD 592967027183
BAD 592919116109
BAD 592901371969
BAD 592871749853
BAD 592871749861
BAD 592872799723
BAD 592968520601
BAD 592877719699
BAD 592859617351
BAD 592859617393
BAD 592859624221
BAD 592822167083
BAD 592822167089
BAD 592860810911
BAD 592861231429
BAD 592864507381
BAD 592867431061
BAD 592867431199
BAD 592867431203
BAD 592826789153
BAD 592828079843
BAD 592828861733
BAD 592830069619
BAD 592833942097
BAD 592834823641
BAD 592834823653
BAD 592835027539
BAD 592835285519
BAD 592835285521
BAD 592974242911
BAD 593037086599
BAD 593037179851
BAD 593041371983
BAD 592984836233
BAD 593089382273
BAD 593044072513
BAD 593047210037
BAD 593047210039
BAD 593047210043
BAD 593047509709
BAD 593052269483
BAD 593052269503
BAD 593139044089
BAD 593139587363
BAD 593139942259
BAD 593145367613
BAD 593145367699
BAD 593146236349
BAD 593105308463
BAD 593105308489
BAD 593105308493
BAD 593148557809
BAD 593109705901
BAD 593150771137
BAD 593151750953
BAD 593151750959
BAD 593115297413
BAD 593116772077
BAD 593116772099
BAD 593116772107
BAD 593116772117
BAD 593116772119
BAD 593153703551
BAD 593153703553
BAD 593076608197
BAD 593080524811
BAD 593080983673
BAD 593081828701
BAD 593086912219
BAD 592837830271
BAD 592838373949
BAD 592841657813
BAD 593132619451
BAD 592844244781
BAD 592844244793
BAD 592844244803
BAD 592844244809
BAD 593172332791
BAD 593172332801
BAD 593172332803
BAD 593172332807
BAD 593172380987
BAD 593172380989
BAD 593172851093
BAD 593173771231
BAD 592851286303
BAD 593177535667
BAD 593180299427
BAD 593182896781
BAD 593182896791
BAD 593182896793
BAD 593182896799
BAD 593022901529
BAD 593022901531
BAD 593028395059
BAD 593029690717
BAD 593029690727
BAD 593029692683
BAD 593055533971
BAD 593055533977
BAD 593056828829
BAD 593056828831
BAD 593058036563
BAD 593036184863
BAD 593065011323
BAD 593065273987
BAD 593187693829
BAD 593193401887
BAD 593193401893
BAD 593193416657
BAD 592996066153
BAD 592998232663
BAD 593000821883
BAD 593000821891
BAD 593000940619
BAD 593000940689
BAD 593000940691
BAD 593004286891
BAD 593005812713
BAD 593005812719
BAD 593155757713
BAD 593157099151
BAD 593157250291
BAD 593162497987
BAD 593271635227
BAD 593276591863
BAD 593276591879
BAD 593276591881
BAD 593280249203
BAD 593231198363
BAD 593288156101
BAD 593288156107
BAD 593305962443
BAD 593305962449
BAD 593305962451
BAD 593305962463
BAD 593306966743
BAD 593308523573
BAD 593290121959
BAD 593291527729
BAD 593291527733
BAD 593291966653
BAD 593314168831
BAD 593316355217
BAD 593295066407
BAD 593295066409
BAD 593321774911
BAD 593333950169
BAD 593333950171
BAD 593333950177
BAD 593334022111
BAD 593340855433
BAD 593340855439
BAD 593356028323
BAD 593356676023
BAD 593343398359
BAD 593343398363
BAD 593345352757
BAD 593345352781
BAD 593345352799
BAD 593345352811
BAD 593359850953
BAD 593359850957
BAD 593359850959
BAD 593359887919
BAD 593360599813
BAD 593362137559
BAD 593350196539
BAD 593351365829
BAD 593367453799
BAD 593390471903
BAD 593391397681
BAD 593369528447
BAD 593369528449
BAD 593393812129
BAD 593394514733
BAD 593394731639
BAD 593394731641
BAD 593371199963
BAD 593423488243
BAD 593423873743
BAD 593396704181
BAD 593400636643
BAD 593400636649
BAD 593400636659
BAD 593400636677
BAD 593400636679
BAD 593429012467
BAD 593432948369
BAD 593432948371
BAD 593432948377
BAD 593433469231
BAD 593435598739
BAD 593435598751
BAD 593406033001
BAD 593417217313
BAD 593417217319
BAD 593419941113
BAD 593419941131
BAD 593419941133
BAD 593421523787
BAD 593421523789
BAD 593373561427
BAD 593373561479
BAD 593373561481
BAD 593207009539
BAD 593207009579
BAD 593207743393
BAD 593207743399
BAD 593379194299
BAD 593379877487
BAD 593382725783
BAD 593382725797
BAD 593382771409
BAD 593219815193
BAD 593219815249
BAD 593220171683
BAD 593247437183
BAD 593249282707
BAD 593249282711
BAD 593252070109
BAD 593252070227
BAD 593266476307
BAD 593271188359
BAD 593490327889
BAD 593498724661
BAD 593498724667
BAD 593504617429
BAD 593506837927
BAD 593506837933
BAD 593508865253
BAD 593511433807
BAD 593512379429
BAD 593512379459
BAD 593512379461
BAD 593512379611
BAD 593512379617
BAD 593513957873
BAD 593513957899
BAD 593515077853
BAD 593519967433
BAD 593525749891
BAD 593522315513
BAD 593541236063
BAD 593531059969
BAD 593531059973
BAD 593531059991
BAD 593531973971
BAD 593531973973
BAD 593532477547
BAD 593533678351
BAD 593547948463
BAD 593547948467
BAD 593549932639
BAD 593538948721
BAD 593554036577
BAD 593554036591
BAD 593443304953
BAD 593443304963
BAD 593444173033
BAD 593444173079
BAD 593444173081
BAD 593454302827
BAD 593476566691
BAD 593476566719
BAD 593476566721
BAD 593477204377
BAD 593456543909
BAD 593461420463
BAD 593481653647
BAD 593481653651
BAD 593481861619
BAD 593463934493
BAD 593484278131
BAD 593471198933
BAD 593560154611
BAD 593562263989
BAD 593562264007
BAD 593564432647
BAD 593569409623
BAD 593628557329
BAD 593630104183
BAD 593633007601
BAD 593638919023
BAD 593638919077
BAD 593580147499
BAD 593583935723
BAD 593585481457
BAD 593586102631
BAD 593590003873
BAD 593590003879
BAD 593708134813
BAD 593659708393
BAD 593691291509
BAD 593664132781
BAD 593719156969
BAD 593719156973
BAD 593665548703
BAD 593665548709
BAD 593665548713
BAD 593665548719
BAD 593600280859
BAD 593720840359
BAD 593720840411
BAD 593720840413
BAD 593720840417
BAD 593743886563
BAD 593744183059
BAD 593745218359
BAD 593603830097
BAD 593703538723
BAD 593605460209
BAD 593704858091
BAD 593704858093
BAD 593704858099
BAD 593706425791
BAD 593706425881
BAD 593751425473
BAD 593751425489
BAD 593751425569
BAD 593751425573
BAD 593751845417
BAD 593751845419
BAD 593751845437
BAD 593751845461
BAD 593751845473
BAD 593752258249
BAD 593646926423
BAD 593648893823
BAD 593648893829
BAD 593652523819
BAD 593652523823
BAD 593656502113
BAD 593657184479
BAD 593657184481
BAD 593761909339
BAD 593761909343
BAD 593764365647
BAD 593729556743
BAD 593674490293
BAD 593675969023
BAD 593731655273
BAD 593768294363
BAD 593768294369
BAD 593732901221
BAD 593732901247
BAD 593732901269
BAD 593732901271
BAD 593732901283
BAD 593732901299
BAD 593732901301
BAD 593678946953
BAD 593678946961
BAD 593678947003
BAD 593678947007
BAD 593739434341
BAD 593739434383
BAD 593684241823
BAD 593607399079
BAD 593610904813
BAD 593619948997
BAD 593620006141
BAD 593620006151
BAD 593620244713
BAD 593621874271
BAD 593623847879
BAD 593623847881
BAD 593793483169
BAD 593793880259
BAD 593793880261
BAD 593775628099
BAD 593776811689
BAD 593796855313
BAD 593796855319
BAD 593776902757
BAD 593813922209
BAD 593813922211
BAD 593814680551
BAD 593818114517
BAD 593883076883
BAD 593883810491
BAD 593884232581
BAD 593884232597
BAD 593831132483
BAD 593887017677
BAD 593835047447
BAD 593889880141
BAD 593891312957
BAD 593841133241
BAD 593841133243
BAD 593841133247
BAD 593844275513
BAD 593844856819
BAD 593845487119
BAD 593848088473
BAD 593856604909
BAD 593856604921
BAD 593892624079
BAD 593895135403
BAD 593895135409
BAD 593895333853
BAD 593895333859
BAD 593897487923
BAD 593947566049
BAD 593900694227
BAD 593900694229
BAD 593902794427
BAD 593903620837
BAD 593954443783
BAD 593954443787
BAD 593955954871
BAD 593955954881
BAD 593956257031
BAD 593956257049
BAD 593865289723
BAD 593866141181
BAD 593870251433
BAD 593872050773
BAD 593997770099
BAD 593998066583
BAD 593998066621
BAD 594063534353
BAD 593929068457
BAD 593929068461
BAD 593929306349
BAD 593929306351
BAD 593929865509
BAD 594068958829
BAD 594068958853
BAD 594068958863
BAD 594045257899
BAD 594045257903
BAD 594045257909
BAD 593914861471
BAD 593932690501
BAD 594047723923
BAD 593933192407
BAD 593933192423
BAD 594072284209
BAD 594072284293
BAD 593935179427
BAD 594052083503
BAD 593938552993
BAD 593940423319
BAD 594058158013
BAD 593960773673
BAD 594059413111
BAD 594012030727
BAD 594116205539
BAD 594116205541
BAD 594116699063
BAD 594015972029
BAD 594129110041
BAD 593965895881
BAD 594130487411
BAD 594130487413
BAD 594019409843
BAD 594019672943
BAD 593968183397
BAD 593969260021
BAD 593969260033
BAD 593969260037
BAD 594020720273
BAD 594020720281
BAD 593980958849
BAD 594021114377
BAD 594021590377
BAD 594134066269
BAD 593981424863
BAD 593981424877
BAD 594122518609
BAD 594122518631
BAD 594134574107
BAD 594135177983
BAD 594025267501
BAD 594025267579
BAD 594136782103
BAD 594026511773
BAD 593984850323
BAD 593986072993
BAD 594140923741
BAD 594141014063
BAD 593990476847
BAD 593990476853
BAD 593990476867
BAD 594099590857
BAD 594103758433
BAD 594030001183
BAD 594031428443
BAD 594032173759
BAD 594034238131
BAD 594077292187
BAD 594034644289
BAD 594034644293
BAD 594034644299
BAD 594078249503
BAD 594079166783
BAD 594039758843
BAD 594145391527
BAD 594039758849
BAD 594039758863
BAD 594039860809
BAD 594147635737
BAD 594042395917
BAD 594150791527
BAD 594153071333
BAD 594087072643
BAD 594087072659
BAD 594087072661
BAD 594087078833
BAD 594087400219
BAD 594087400223
BAD 594161875973
BAD 594163343377
BAD 594165419929
BAD 594172188307
BAD 594172188353
BAD 594172188373
BAD 594173152129
BAD 594229078411
BAD 594229078427
BAD 594231461233
BAD 594231461251
BAD 594236478931
BAD 594213096487
BAD 594214800703
BAD 594215203669
BAD 594264946369
BAD 594267011873
BAD 594227137249
BAD 594321509281
BAD 594274969111
BAD 594274969139
BAD 594295706009
BAD 594301350593
BAD 594302563427
BAD 594302563429
BAD 594302563433
BAD 594334318013
BAD 594281531209
BAD 594281531219
BAD 594306424109
BAD 594306424111
BAD 594336704737
BAD 594286587107
BAD 594310698181
BAD 594310698217
BAD 594289401473
BAD 594341491987
BAD 594341491993
BAD 594342661729
BAD 594291908989
BAD 594342956033
BAD 594293514601
BAD 594294093181
BAD 594294093251
BAD 594182504131
BAD 594186456893
BAD 594199560379
BAD 594203397343
BAD 594192437011
BAD 594210104011
BAD 594257420623
BAD 594257420641
BAD 594257482339
BAD 594364779907
BAD 594431102371
BAD 594432593077
BAD 594372227401
BAD 594372227413
BAD 594435938407
BAD 594375257941
BAD 594375257953
BAD 594464930519
BAD 594464930531
BAD 594466734947
BAD 594466734949
BAD 594482678987
BAD 594482678989
BAD 594439825453
BAD 594439825459
BAD 594467645423
BAD 594469779403
BAD 594485707831
BAD 594486566567
BAD 594471542059
BAD 594490568663
BAD 594490690309
BAD 594491546659
BAD 594491546783
BAD 594493885159
BAD 594493885201
BAD 594494064349
BAD 594495796933
BAD 594495951589
BAD 594478862849
BAD 594478862851
BAD 594500231641
BAD 594500231683
BAD 594505642589
BAD 594349344179
BAD 594349344181
BAD 594360306907
BAD 594417861047
BAD 594417861049
BAD 594417861053
BAD 594418722943
BAD 594418722949
BAD 594533124853
BAD 594534411577
BAD 594534411593
BAD 594424176263
BAD 594425285693
BAD 594383377561
BAD 594428811799
BAD 594400636163
BAD 594401117129
BAD 594401117131
BAD 594405063851
BAD 594405063853
BAD 594514616651
BAD 594514616653
BAD 594514616659
BAD 594408869161
BAD 594392649139
BAD 594409954927
BAD 594394503449
BAD 594409954933
BAD 594394503457
BAD 594410517709
BAD 594446537821
BAD 594448203061
BAD 594448350473
BAD 594448350499
BAD 594449732119
BAD 594547621267
BAD 594549686551
BAD 594549686639
BAD 594549686641
BAD 594549686659
BAD 594549686663
BAD 594552399257
BAD 594552399263
BAD 594561680773
BAD 594561681383
BAD 594564651691
BAD 594631126157
BAD 594631126171
BAD 594635382169
BAD 594642800161
BAD 594642800173
BAD 594642800207
BAD 594642800209
BAD 594643614953
BAD 594675191843
BAD 594680409473
BAD 594597520399
BAD 594597520409
BAD 594597520423
BAD 594582098959
BAD 594582098963
BAD 594582098969
BAD 594598741313
BAD 594599252719
BAD 594599934169
BAD 594600673291
BAD 594602343833
BAD 594605119879
BAD 594605119883
BAD 594584131489
BAD 594608148923
BAD 594586692563
BAD 594659533459
BAD 594661504531
BAD 594590084213
BAD 594592057487
BAD 594592057489
BAD 594596709929
BAD 594596709953
BAD 594748171883
BAD 594765325069
BAD 594751457999
BAD 594751458001
BAD 594766168343
BAD 594769681699
BAD 594769681703
BAD 594757082333
BAD 594618828931
BAD 594772060937
BAD 594619176271
BAD 594761881789
BAD 594804385759
BAD 594763455541
BAD 594807489781
BAD 594624197117
BAD 594624197119
BAD 594808499569
BAD 594808499591
BAD 594808499617
BAD 594808499627
BAD 594808499629
BAD 594775752559
BAD 594810726869
BAD 594810726883
BAD 594627771301
BAD 594628576523
BAD 594813656753
BAD 594778734203
BAD 594780622721
BAD 594780622741
BAD 594832002053
BAD 594840267689
BAD 594840267691
BAD 594846926983
BAD 594793090819
BAD 594793151297
BAD 594793151299
BAD 594851826619
BAD 594853934783
BAD 594855420031
BAD 594859498549
BAD 594863167939
BAD 594919483519
BAD 594920061511
BAD 594925613609
BAD 594925613617
BAD 594925613629
BAD 594926262067
BAD 594932420671
BAD 594820826933
BAD 594824908207
BAD 594683178391
BAD 594683178403
BAD 594683668193
BAD 594690063809
BAD 594690063811
BAD 594694594943
BAD 594959262143
BAD 594959904131
BAD 594959904139
BAD 594960922757
BAD 594964474693
BAD 594964474703
BAD 594719658991
BAD 594719658997
BAD 594723112943
BAD 594725150633
BAD 594725150659
BAD 594731677297
BAD 594731677301
BAD 594731677303
BAD 594728079863
BAD 594732841771
BAD 594732841777
BAD 594728272591
BAD 594733937893
BAD 594728730433
BAD 594734550743
BAD 594713603611
BAD 594738661151
BAD 594747835169
BAD 594884095133
BAD 594895786427
BAD 594901034341
BAD 594903379267
BAD 594903379271
BAD 594934320691
BAD 594934320727
BAD 594907730779
BAD 594908667193
BAD 594914037359
BAD 594947468503
BAD 594947754293
BAD 594968854069
BAD 594970636523
BAD 594999683753
BAD 594976656839
BAD 595003465963
BAD 594978275399
BAD 594978275401
BAD 594978275407
BAD 594978275413
BAD 595003770421
BAD 594983573153
BAD 594987084113
BAD 594987084121
BAD 595037246737
BAD 595044088637
BAD 595047121289
BAD 595024534501
BAD 595069114459
BAD 595026359227
BAD 595027607513
BAD 595027607521
BAD 595080143303
BAD 595080143309
BAD 595080940429
BAD 595100403979
BAD 595100404009
BAD 595135454731
BAD 595135454737
BAD 595135454741
BAD 595135454743
BAD 595135454801
BAD 595105412857
BAD 595096087241
BAD 595098404441
BAD 595112087467
BAD 595098404443
BAD 595112087473
BAD 595098742603
BAD 595146378067
BAD 595148440729
BAD 595114747531
BAD 595052087867
BAD 595052087869
BAD 595155236419
BAD 595060897789
BAD 595158259573
BAD 595062171917
BAD 595062171943
BAD 595062590729
BAD 595159740191
BAD 595063243997
BAD 595185515513
BAD 595185515521
BAD 595185515527
BAD 595160566201
BAD 595064060209
BAD 595064060221
BAD 595186097069
BAD 595186097071
BAD 595186206583
BAD 595186602259
BAD 595166308853
BAD 595190962813
BAD 595190962823
BAD 595193627183
BAD 595195024883
BAD 595200539917
BAD 595200539929
BAD 595130872673
BAD 595167873583
BAD 595132148609
BAD 595172508257
BAD 595172945791
BAD 595175861011
BAD 595176739211
BAD 595220904857
BAD 595221439411
BAD 595180670869
BAD 595183435079
BAD 595183435081
BAD 595183622821
BAD 595183622833
BAD 595230464791
BAD 595230464797
BAD 595252090039
BAD 595254805403
BAD 595239623509
BAD 595249064749
BAD 595250829301
BAD 595250829307
BAD 595250829311
BAD 595306043623
BAD 595306881751
BAD 595271515807
BAD 595311697447
BAD 595317895553
BAD 595317895567
BAD 595280534647
BAD 595215035599
BAD 595354563389
BAD 595356600701
BAD 595356600703
BAD 595357572583
BAD 595360149353
BAD 595362958441
BAD 595286458171
BAD 595367240731
BAD 595298710243
BAD 595298710249
BAD 595300856483
BAD 595300856573
BAD 595371874733
BAD 595371874739
BAD 595375371599
BAD 595375371601
BAD 595378394033
BAD 595388242783
BAD 595323646297
BAD 595323646301
BAD 595323646303
BAD 595323646327
BAD 595323986743
BAD 595396360843
BAD 595329849649
BAD 595403166289
BAD 595408174087
BAD 595408174093
BAD 595333834451
BAD 595333834453
BAD 595333834499
BAD 595336269683
BAD 595414155253
BAD 595416304711
BAD 595349002187
BAD 595349002189
BAD 595351275149
BAD 595351275151
BAD 595421030011
BAD 595442738743
BAD 595422458809
BAD 595424119957
BAD 595450048969
BAD 595450048981
BAD 595425913813
BAD 595451604757
BAD 595428235711
BAD 595428235723
BAD 595428235867
BAD 595429358323
BAD 595459915031
BAD 595459915033
BAD 595431893011
BAD 595431893033
BAD 595462501819
BAD 595432368733
BAD 595464209077
BAD 595466711327
BAD 595466929307
BAD 595467229361
BAD 595475701763
BAD 595478172371
BAD 595480061447
BAD 595481329453
BAD 595487758013
BAD 595551069293
BAD 595489194299
BAD 595489194301
BAD 595556273113
BAD 595558404911
BAD 595558404913
BAD 595558404923
BAD 595558706143
BAD 595562197963
BAD 595508174593
BAD 595564170637
BAD 595566346261
BAD 595566346267
BAD 595566346273
BAD 595566346289
BAD 595566690647
BAD 595511195509
BAD 595513311721
BAD 595514370713
BAD 595517619919
BAD 595592162483
BAD 595602533593
BAD 595602533597
BAD 595602533599
BAD 595638143629
BAD 595653245129
BAD 595628685167
BAD 595630283839
BAD 595631310073
BAD 595632187169
BAD 595632488413
BAD 595632488419
BAD 595636121291
BAD 595636121293
BAD 595636121329
BAD 595636121347
BAD 595636359613
BAD 595607168449
BAD 595607168461
BAD 595610910823
BAD 595615202213
BAD 595616375437
BAD 595616447869
BAD 595616447929
BAD 595616447939
BAD 595519746023
BAD 595519746037
BAD 595524007627
BAD 595531439917
BAD 595534340347
BAD 595534340351
BAD 595534340353
BAD 595535267713
BAD 595575463283
BAD 595575463319
BAD 595576411657
BAD 595576756711
BAD 595576756717
BAD 595659615169
BAD 595660037527
BAD 595660037537
BAD 595581244571
BAD 595581569101
BAD 595663736939
BAD 595664550457
BAD 595584489859
BAD 595665873409
BAD 595667825707
BAD 595724440561
BAD 595724440579
BAD 595724440583
BAD 595724440589
BAD 595724926561
BAD 595724926571
BAD 595725254603
BAD 595730744449
BAD 595731976823
BAD 595735557889
BAD 595779860113
BAD 595780518901
BAD 595782553259
BAD 595783911103
BAD 595783911119
BAD 595784273743
BAD 595787576347
BAD 595787576353
BAD 595806992797
BAD 595821381383
BAD 595679254393
BAD 595679254399
BAD 595679730103
BAD 595822596961
BAD 595823776217
BAD 595682320243
BAD 595827146819
BAD 595685041561
BAD 595790306687
BAD 595790306689
BAD 595687633049
BAD 595857352939
BAD 595794294371
BAD 595794294373
BAD 595845819521
BAD 595845819523
BAD 595845819539
BAD 595799448571
BAD 595799448599
BAD 595694462761
BAD 595694527091
BAD 595694527123
BAD 595694677223
BAD 595694677231
BAD 595694754779
BAD 595698958747
BAD 595698958753
BAD 595871778841
BAD 595854861023
BAD 595855075183
BAD 595709136263
BAD 595709136329
BAD 595931302487
BAD 595931302523
BAD 595931302529
BAD 595932165259
BAD 595932165263
BAD 595936058101
BAD 595936058117
BAD 595936058119
BAD 595740662677
BAD 595748728879
BAD 595752018473
BAD 595879759907
BAD 595879977097
BAD 595954102943
BAD 595989843109
BAD 595972803593
BAD 595973573233
BAD 595884678287
BAD 595884678289
BAD 595975298473
BAD 595766039483
BAD 595993818533
BAD 595887878093
BAD 595890516349
BAD 595766039489
BAD 595993818569
BAD 595993818571
BAD 595766983249
BAD 595913280233
BAD 595996403777
BAD 595982676253
BAD 595998832141
BAD 595917363451
BAD 595917409583
BAD 596000039293
BAD 596000267713
BAD 596000267719
BAD 596000652271
BAD 595986637291
BAD 595921528219
BAD 595961466437
BAD 595905038459
BAD 595905038461
BAD 595963550267
BAD 595963550269
BAD 595969557797
BAD 595970026471
BAD 596058956749
BAD 596062951559
BAD 596062989629
BAD 596062989631
BAD 596062989637
BAD 596065719751
BAD 596065719761
BAD 596065719763
BAD 596066206531
BAD 596066206537
BAD 596066206543
BAD 596010022501
BAD 596074199353
BAD 596074199359
BAD 596074199363
BAD 596018045999
BAD 596077623509
BAD 596077623511
BAD 596049582631
BAD 596053689953
BAD 596082195967
BAD 596023140541
BAD 596023140553
BAD 596025840079
BAD 596027335261
BAD 596032320287
BAD 596106928943
BAD 596097454793
BAD 596098732183
BAD 596116509539
BAD 596116509581
BAD 596117115613
BAD 596119304749
BAD 596103016591
BAD 596104000603
BAD 596104996103
BAD 596148423473
BAD 596148423487
BAD 596149165613
BAD 596154548221
BAD 596225366047
BAD 596226132823
BAD 596226132833
BAD 596227638997
BAD 596229959257
BAD 596231616031
BAD 596242228823
BAD 596239969583
BAD 596208088111
BAD 596208088141
BAD 596250402557
BAD 596250402563
BAD 596198054191
BAD 596198071409
BAD 596198071411
BAD 596213221231
BAD 596256689233
BAD 596256689243
BAD 596218708157
BAD 596218708159
BAD 596161715147
BAD 596163965413
BAD 596223221137
BAD 596375534879
BAD 596170893407
BAD 596126355533
BAD 596126355541
BAD 596379252149
BAD 596386535711
BAD 596386535713
BAD 596386828643
BAD 596136361721
BAD 596389822051
BAD 596391277681
BAD 596391277709
BAD 596391277711
BAD 596391277733
BAD 596186895769
BAD 596186895779
BAD 596262639337
BAD 596263222993
BAD 596187452191
BAD 596263546049
BAD 596188891451
BAD 596190529553
BAD 596268543907
BAD 596268543911
BAD 596268543919
BAD 596271732743
BAD 596271732751
BAD 596291605229
BAD 596273544133
BAD 596309412599
BAD 596309811511
BAD 596310662863
BAD 596359104373
BAD 596359104379
BAD 596359104403
BAD 596312477153
BAD 596342110523
BAD 596342110531
BAD 596299340101
BAD 596343918917
BAD 596343918923
BAD 596319118607
BAD 596319118609
BAD 596330219311
BAD 596330219461
BAD 596330219467
BAD 596304663049
BAD 596348028589
BAD 596348028607
BAD 596348028613
BAD 596330534363
BAD 596305004653
BAD 596305004657
BAD 596305004663
BAD 596305004671
BAD 596348309437
BAD 596348309443
BAD 596348309483
BAD 596348366239
BAD 596350345193
BAD 596351140733
BAD 596334296749
BAD 596369578213
BAD 596369578219
BAD 596369578223
BAD 596354155879
BAD 596337135743
BAD 596371582099
BAD 596373429499
BAD 596356128833
BAD 596356128931
BAD 596374677751
BAD 596275924949
BAD 596284816741
BAD 596285217571
BAD 596288967839
BAD 596397443221
BAD 596399554627
BAD 596406935303
BAD 596407242581
BAD 596407242583
BAD 596410029379
BAD 596416061107
BAD 596416276219
BAD 596416276223
BAD 596416276231
BAD 596425667833
BAD 596425667839
BAD 596425667843
BAD 596469611923
BAD 596496571157
BAD 596496571159
BAD 596471308523
BAD 596496571171
BAD 596471942371
BAD 596472305953
BAD 596473266073
BAD 596473266079
BAD 596427811951
BAD 596428927999
BAD 596428928003
BAD 596443965589
BAD 596444609363
BAD 596440736657
BAD 596440736659
BAD 596440736663
BAD 596450367553
BAD 596450367559
BAD 596451608839
BAD 596454236179
BAD 596508442643
BAD 596455544039
BAD 596456201993
BAD 596476686833
BAD 596510004689
BAD 596510004721
BAD 596510004781
BAD 596511658669
BAD 596517225691
BAD 596518344571
BAD 596518344601
BAD 596518344607
BAD 596518344619
BAD 596484651331
BAD 596485122559
BAD 596520548971
BAD 596520989641
BAD 596521866407
BAD 596488608983
BAD 596524795753
BAD 596527425629
BAD 596527425631
BAD 596530359487
BAD 596538628249
BAD 596542954009
BAD 596545420193
BAD 596548522439
BAD 596549078407
BAD 596549078431
BAD 596555926247
BAD 596555926249
BAD 596556376681
BAD 596584481897
BAD 596587604603
BAD 596591741003
BAD 596592285109
BAD 596763483949
BAD 596765111441
BAD 596765111443
BAD 596765111471
BAD 596772704273
BAD 596745128341
BAD 596773752167
BAD 596663094067
BAD 596775841313
BAD 596748577507
BAD 596748827933
BAD 596777772973
BAD 596666629109
BAD 596666629151
BAD 596712580531
BAD 596712580537
BAD 596729532143
BAD 596670367339
BAD 596670367343
BAD 596717793949
BAD 596717793961
BAD 596718602213
BAD 596733642721
BAD 596720671447
BAD 596675197913
BAD 596760536243
BAD 596726140117
BAD 596726140121
BAD 596726140123
BAD 596726406443
BAD 596726983693
BAD 596795594599
BAD 596615344189
BAD 596615344231
BAD 596616083083
BAD 596743825793
BAD 596617653199
BAD 596744154889
BAD 596618989819
BAD 596618989823
BAD 596619595073
BAD 596621258731
BAD 596624661553
BAD 596805728551
BAD 596809191977
BAD 596809191983
BAD 596567055751
BAD 596567292989
BAD 596567292991
BAD 596567293013
BAD 596790307583
BAD 596680288649
BAD 596680288651
BAD 596574934201
BAD 596697625639
BAD 596791939231
BAD 596576258743
BAD 596792668973
BAD 596684214421
BAD 596684221801
BAD 596606327963
BAD 596607045217
BAD 596628575117
BAD 596628575119
BAD 596651050673
BAD 596651050679
BAD 596707975541
BAD 596707975543
BAD 596708553719
BAD 596692630747
BAD 596693126929
BAD 596710013257
BAD 596710013269
BAD 596635097857
BAD 596657480851
BAD 596642723881
BAD 596861954959
BAD 596816255689
BAD 596817572167
BAD 596819100047
BAD 596819100049
BAD 596820618323
BAD 596822097203
BAD 596871763591
BAD 596823338497
BAD 596872997689
BAD 596825854883
BAD 596875438891
BAD 596881956721
BAD 596881956743
BAD 596884440391
BAD 596884978621
BAD 596886280411
BAD 596886307099
BAD 596886307103
BAD 596905276159
BAD 596907524071
BAD 596907524077
BAD 596908571983
BAD 596909501833
BAD 596830858021
BAD 596831370601
BAD 596832447377
BAD 596834569063
BAD 596835799123
BAD 596835799127
BAD 596835799129
BAD 596836613089
BAD 596837484703
BAD 596930496199
BAD 596931272143
BAD 596931298699
BAD 596931298703
BAD 596933376097
BAD 596967268369
BAD 596945775379
BAD 596945775383
BAD 596945775389
BAD 596849511569
BAD 596849511571
BAD 596949760523
BAD 596974178903
BAD 596976343367
BAD 596976343373
BAD 596976551581
BAD 596953150711
BAD 596944678793
BAD 596945000671
BAD 596945000677
BAD 596945000699
BAD 596956095271
BAD 596958887953
BAD 596959716181
BAD 596924005441
BAD 597164996341
BAD 597164996347
BAD 597164996353
BAD 597148762673
BAD 597148762759
BAD 597148988351
BAD 597148988353
BAD 597148988357
BAD 596980242473
BAD 597168949193
BAD 597152492093
BAD 597169858807
BAD 596981857379
BAD 596981857411
BAD 597155124001
BAD 597155124011
BAD 597155124019
BAD 597171657623
BAD 597000981653
BAD 597157155923
BAD 597157155929
BAD 597157308679
BAD 597003151103
BAD 596988634499
BAD 596989381399
BAD 597005049541
BAD 596991035489
BAD 596991035491
BAD 596991035497
BAD 596991035527
BAD 597179627983
BAD 597179628013
BAD 597161601419
BAD 597066738547
BAD 597067382759
BAD 597067382761
BAD 597032823533
BAD 597069901399
BAD 597069901403
BAD 597012317137
BAD 597038554939
BAD 597038554963
BAD 597038554967
BAD 597038554969
BAD 597074405041
BAD 597041293859
BAD 597041293861
BAD 597042294307
BAD 597042294311
BAD 597042294313
BAD 597042294323
BAD 597049584269
BAD 597052439387
BAD 597060447287
BAD 597060447289
BAD 597060447293
BAD 597081942799
BAD 597081942803
BAD 597083001961
BAD 597084811823
BAD 597085238303
BAD 597086272273
BAD 597091660531
BAD 597091660537
BAD 597091660541
BAD 597024436171
BAD 597134483761
BAD 597135090361
BAD 597135090371
BAD 597182017459
BAD 597182017463
BAD 597136303039
BAD 597184326313
BAD 597099010531
BAD 597099357821
BAD 597101541679
BAD 597101541691
BAD 597141402103
BAD 597141402139
BAD 597142437391
BAD 597115948889
BAD 597118402301
BAD 597118402303
BAD 597105011551
BAD 597105403459
BAD 597105403463
BAD 597207338383
BAD 597207338389
BAD 597208457513
BAD 597120701867
BAD 597120701869
BAD 597195539329
BAD 597195539333
BAD 597195698527
BAD 597195698531
BAD 597109995863
BAD 597109995869
BAD 597210163057
BAD 597210163061
BAD 597111247387
BAD 597113257943
BAD 597127249409
BAD 597231440657
BAD 597231440713
BAD 597232562603
BAD 597248247587
BAD 597252937139
BAD 597252937163
BAD 597260583239
BAD 597261765013
BAD 597261765029
BAD 597261765031
BAD 597300264653
BAD 597300264661
BAD 597300264667
BAD 597300795409
BAD 597300795529
BAD 597303321353
BAD 597315548369
BAD 597318060173
BAD 597318593219
BAD 597306917513
BAD 597306917533
BAD 597308748797
BAD 597324995303
BAD 597330095917
BAD 597314592403
BAD 597314592409
BAD 597331268609
BAD 597215003789
BAD 597215452829
BAD 597215452831
BAD 597217414919
BAD 597217414921
BAD 597217414957
BAD 597267283511
BAD 597268063759
BAD 597281488129
BAD 597281488171
BAD 597281488183
BAD 597281488187
BAD 597281488189
BAD 597271328509
BAD 597271328573
BAD 597285368377
BAD 597285368387
BAD 597227695417
BAD 597291369271
BAD 597274752751
BAD 597295063279
BAD 597276161899
BAD 597276161903
BAD 597276820607
BAD 597280361693
BAD 597280361701
BAD 597366142411
BAD 597418068953
BAD 597418811813
BAD 597371657147
BAD 597371657149
BAD 597371657153
BAD 597423751363
BAD 597375277253
BAD 597427507381
BAD 597427702987
BAD 597379604167
BAD 597429690259
BAD 597430021849
BAD 597488893009
BAD 597490795529
BAD 597490795537
BAD 597490795541
BAD 597490795543
BAD 597356063509
BAD 597356063569
BAD 597359034809
BAD 597360229399
BAD 597360344627
BAD 597360344629
BAD 597363066967
BAD 597363066973
BAD 597505516073
BAD 597509443591
BAD 597510737947
BAD 597511069139
BAD 597398953331
BAD 597410786393
BAD 597452255077
BAD 597457823387
BAD 597457823393
BAD 597436358747
BAD 597436358749
BAD 597436612867
BAD 597384838291
BAD 597384838313
BAD 597384838321
BAD 597384847933
BAD 597440294317
BAD 597443002369
BAD 597444207043
BAD 597334402633
BAD 597392872697
BAD 597336604693
BAD 597341372743
BAD 597343707619
BAD 597345251227
BAD 597345251233
BAD 597346990553
BAD 597346990561
BAD 597524647691
BAD 597524647693
BAD 597530899487
BAD 597530899489
BAD 597530899583
BAD 597471933973
BAD 597475117663
BAD 597475117793
BAD 597477917053
BAD 597569683283
BAD 597618230633
BAD 597580855523
BAD 597623078209
BAD 597582594031
BAD 597624338959
BAD 597632267839
BAD 597632267851
BAD 597632267893
BAD 597632267899
BAD 597551853091
BAD 597551853109
BAD 597551853113
BAD 597551853121
BAD 597554903461
BAD 597554903467
BAD 597535398079
BAD 597536786953
BAD 597557417993
BAD 597557928337
BAD 597557928343
BAD 597602338943
BAD 597559413641
BAD 597559413643
BAD 597560351519
BAD 597603016369
BAD 597603854083
BAD 597607576129
BAD 597610427131
BAD 597565790641
BAD 597615933037
BAD 597615933091
BAD 597616126469
BAD 597635403593
BAD 597635403601
BAD 597637263347
BAD 597646427473
BAD 597646427479
BAD 597646806901
BAD 597651198901
BAD 597661004947
BAD 597661004953
BAD 597661004989
BAD 597661721963
BAD 597661721971
BAD 597662101177
BAD 597737961497
BAD 597755503253
BAD 597740932849
BAD 597743439679
BAD 597763900313
BAD 597764683993
BAD 597749169923
BAD 597668298679
BAD 597668298683
BAD 597668298701
BAD 597669115553
BAD 597751015207
BAD 597700992661
BAD 597674050177
BAD 597703271887
BAD 597704081237
BAD 597705515389
BAD 597705752269
BAD 597803798549
BAD 597803798551
BAD 597713192579
BAD 597713192581
BAD 597685678027
BAD 597685678049
BAD 597713922317
BAD 597713922319
BAD 597713922541
BAD 597686941703
BAD 597686941711
BAD 597716975773
BAD 597808852633
BAD 597811797019
BAD 597812897219
BAD 597812897221
BAD 597696941683
BAD 597785136763
BAD 597794126659
BAD 597835932019
BAD 597858149311
BAD 597837408149
BAD 597837408151
BAD 597837408163
BAD 597837408167
BAD 597837551371
BAD 597838750409
BAD 597860665277
BAD 597860665279
BAD 597862877413
BAD 597862945049
BAD 597862945051
BAD 597842260051
BAD 597865931629
BAD 597866390039
BAD 597866390041
BAD 597848641823
BAD 597870319523
BAD 597870908251
BAD 597878050883
BAD 597784273357
BAD 597884994293
BAD 597885849503
BAD 597888133463
BAD 597888784981
BAD 597890419001
BAD 597890419003
BAD 597891746063
BAD 597906272947
BAD 597906272969
BAD 597907824061
BAD 597907824127
BAD 597908434751
BAD 597908434771
BAD 597908434777
BAD 597927300101
BAD 597934302193
BAD 598037840539
BAD 597953644537
BAD 597953963179
BAD 597953963183
BAD 598050966241
BAD 598051700303
BAD 597955211153
BAD 597955211159
BAD 597955211171
BAD 597956982173
BAD 597963726967
BAD 597964178887
BAD 597964178899
BAD 597965572249
BAD 598019838869
BAD 598021949579
BAD 598055148169
BAD 598055148241
BAD 598055816447
BAD 598088626747
BAD 598025010731
BAD 598025010733
BAD 598090269487
BAD 597940648177
BAD 598025947681
BAD 597969583999
BAD 597944911153
BAD 597944911177
BAD 597944911183
BAD 597946134113
BAD 597973527691
BAD 597950417903
BAD 598100035339
BAD 598100306977
BAD 598100306987
BAD 598030396297
BAD 598030396309
BAD 597952128877
BAD 598101987523
BAD 598102159331
BAD 598102159351
BAD 598034882047
BAD 598008167693
BAD 598008167699
BAD 598008867439
BAD 597989485381
BAD 597990016301
BAD 597990571757
BAD 597992387359
BAD 597992440831
BAD 597993771157
BAD 597984356621
BAD 597984356623
BAD 598018165379
BAD 598163535019
BAD 598163535029
BAD 598163535031
BAD 598163722339
BAD 598123719673
BAD 598165789027
BAD 598166109287
BAD 598167880853
BAD 598168339343
BAD 598168741223
BAD 598070466083
BAD 598115057053
BAD 598073274593
BAD 598116742231
BAD 598117117063
BAD 598119931127
BAD 598119985051
BAD 598078724303
BAD 598081593071
BAD 598081593073
BAD 598081593079
BAD 598081593091
BAD 598143084199
BAD 598084199441
BAD 598084199443
BAD 598084308473
BAD 598146883723
BAD 598146883729
BAD 598171169437
BAD 598172924851
BAD 598172924857
BAD 598173158623
BAD 598149803599
BAD 598151223301
BAD 598151223311
BAD 598151287733
BAD 598176726073
BAD 598176726083
BAD 598153700101
BAD 598185263371
BAD 598185263387
BAD 598185263407
BAD 598223510977
BAD 598227928559
BAD 598227928561
BAD 598254934141
BAD 598233033301
BAD 598234007269
BAD 598239310873
BAD 598235066333
BAD 598239442441
BAD 598259492029
BAD 598242651263
BAD 598263144049
BAD 598263144053
BAD 598263144071
BAD 598263144077
BAD 598263144079
BAD 598263560551
BAD 598263560563
BAD 598266359129
BAD 598251681829
BAD 598203731249
BAD 598322593313
BAD 598305563629
BAD 598329563107
BAD 598331337827
BAD 598331337829
BAD 598335061789
BAD 598316340653
BAD 598318841429
BAD 598318841431
BAD 598321090723
BAD 598321090727
BAD 598321090729
BAD 598273381087
BAD 598274519233
BAD 598274519239
BAD 598281116911
BAD 598281129893
BAD 598283038757
BAD 598285784167
BAD 598285784171
BAD 598210549639
BAD 598210549663
BAD 598210549667
BAD 598210549669
BAD 598216011721
BAD 598217185673
BAD 598289045593
BAD 598289045597
BAD 598291969699
BAD 598301074223
BAD 598304189393
BAD 598304189453
BAD 598355574703
BAD 598355574709
BAD 598358403767
BAD 598361359853
BAD 598361916241
BAD 598364097169
BAD 598390342357
BAD 598390342367
BAD 598392359567
BAD 598506896303
BAD 598523263477
BAD 598423102841
BAD 598423102843
BAD 598423475599
BAD 598423475603
BAD 598510637603
BAD 598402968721
BAD 598427583863
BAD 598510637609
BAD 598402968749
BAD 598427840183
BAD 598526092223
BAD 598431329149
BAD 598515381757
BAD 598434187451
BAD 598434187453
BAD 598530563131
BAD 598530563143
BAD 598435241431
BAD 598436930617
BAD 598438667551
BAD 598522722121
BAD 598535904023
BAD 598539123893
BAD 598384292453
BAD 598386721237
BAD 598386721243
BAD 598387302437
BAD 598539798953
BAD 598544783821
BAD 598346863189
BAD 598346863201
BAD 598546136623
BAD 598546136627
BAD 598349989513
BAD 598551844489
BAD 598560555059
BAD 598560555067
BAD 598554678347
BAD 598566754007
BAD 598566754033
BAD 598566754057
BAD 598568851819
BAD 598568851823
BAD 598568851831
BAD 598569454433
BAD 598570277651
BAD 598570277653
BAD 598570277659
BAD 598473581879
BAD 598477572947
BAD 598477572949
BAD 598477917673
BAD 598477917677
BAD 598477917679
BAD 598477917683
BAD 598477917689
BAD 598477917691
BAD 598480777093
BAD 598480777201
BAD 598484349041
BAD 598484459633
BAD 598484459647
BAD 598485796219
BAD 598486783603
BAD 598579022161
BAD 598584558101
BAD 598592124131
BAD 598592124133
BAD 598594903903
BAD 598610141749
BAD 598610323807
BAD 598610778251
BAD 598610778253
BAD 598610778263
BAD 598600757773
BAD 598600757903
BAD 598600757921
BAD 598613347639
BAD 598604880857
BAD 598604880859
BAD 598604880871
BAD 598617465101
BAD 598622904083
BAD 598406224579
BAD 598406224583
BAD 598406224589
BAD 598410381329
BAD 598456784059
BAD 598458396467
BAD 598458396469
BAD 598418204851
BAD 598419072401
BAD 598464376379
BAD 598468852889
BAD 598623510113
BAD 598445139739
BAD 598471153717
BAD 598471153723
BAD 598471655209
BAD 598472076931
BAD 598472390563
BAD 598472390567
BAD 598472390569
BAD 598452179023
BAD 598632126439
BAD 598455321293
BAD 598633828927
BAD 598633828937
BAD 598633828939
BAD 598494465383
BAD 598635629093
BAD 598660463677
BAD 598692492557
BAD 598663742021
BAD 598663742023
BAD 598664737711
BAD 598695023629
BAD 598665241711
BAD 598665241729
BAD 598695649493
BAD 598667850437
BAD 598667850439
BAD 598502778043
BAD 598502778059
BAD 598502778061
BAD 598502778077
BAD 598698973603
BAD 598502778079
BAD 598669743643
BAD 598676441767
BAD 598676739473
BAD 598699223501
BAD 598677404203
BAD 598677496553
BAD 598672435037
BAD 598672435043
BAD 598672435073
BAD 598505347603
BAD 598703514473
BAD 598703532653
BAD 598680492967
BAD 598680829363
BAD 598680829387
BAD 598680829391
BAD 598680829393
BAD 598683569881
BAD 598685393641
BAD 598687661189
BAD 598687661191
BAD 598689237583
BAD 598689529369
BAD 598689629467
BAD 598640495059
BAD 598642696997
BAD 598642696999
BAD 598652078881
BAD 598655666251
BAD 598708714283
BAD 598775609741
BAD 598775609743
BAD 598776090193
BAD 598776537173
BAD 598787263703
BAD 598732143437
BAD 598732143439
BAD 598740044933
BAD 598740634699
BAD 598759628689
BAD 598809414823
BAD 598761421541
BAD 598762872143
BAD 598813072399
BAD 598814937829
BAD 598814937857
BAD 598814937859
BAD 598767752003
BAD 598767987529
BAD 598817463239
BAD 598817463241
BAD 598817615329
BAD 598819796191
BAD 598820357257
BAD 598823635703
BAD 598824285013
BAD 598824285019
BAD 598824285023
BAD 598859092261
BAD 598798572613
BAD 598801566113
BAD 598864845779
BAD 598864845781
BAD 598864856719
BAD 598804194817
BAD 598804194853
BAD 598909394201
BAD 598909394203
BAD 598868946821
BAD 598868946833
BAD 598872517081
BAD 598915183177
BAD 598896886279
BAD 598896886283
BAD 598896886309
BAD 598920756409
BAD 598923729227
BAD 598901854393
BAD 598904340019
BAD 598906264969
BAD 598906332397
BAD 598885685711
BAD 598887957959
BAD 598741233703
BAD 598929213193
BAD 598744435153
BAD 598747761517
BAD 598748035741
BAD 598938977953
BAD 598942230547
BAD 598845104653
BAD 598851019807
BAD 598851360439
BAD 598854150809
BAD 598855576919
BAD 598855576927
BAD 599059873597
BAD 599063595367
BAD 599066799223
BAD 599067498511
BAD 599067498529
BAD 599067778711
BAD 599046992779
BAD 599079047221
BAD 599079047227
BAD 599082572791
BAD 599083733779
BAD 599083733783
BAD 599083733791
BAD 599083733797
BAD 599087938531
BAD 599087938573
BAD 599087960533
BAD 599054390899
BAD 599054390903
BAD 599054390917
BAD 599055676889
BAD 598826121941
BAD 599020149067
BAD 599092952467
BAD 598826908793
BAD 598828662449
BAD 598828662451
BAD 598828662457
BAD 599023388237
BAD 599023388239
BAD 599023388251
BAD 598832862613
BAD 598835274041
BAD 598835274043
BAD 598837404593
BAD 598837404601
BAD 598838807023
BAD 598838807027
BAD 598838807029
BAD 598839393683
BAD 598839393689
BAD 598839628913
BAD 598977998539
BAD 598977998543
BAD 598979557453
BAD 598982476111
BAD 598982476121
BAD 598982486591
BAD 598982486593
BAD 598984997243
BAD 598988582893
BAD 598988582897
BAD 598944365087
BAD 598944365093
BAD 598948131349
BAD 598948893583
BAD 599093695373
BAD 599093695411
BAD 599100125179
BAD 598952134037
BAD 599102197333
BAD 599103202561
BAD 599103202573
BAD 599103743443
BAD 599103743461
BAD 598953417913
BAD 599105721199
BAD 599106494681
BAD 599106494683
BAD 599106494717
BAD 599106494719
BAD 598996578259
BAD 598996844293
BAD 598969915333
BAD 598969915337
BAD 598969915339
BAD 598969915343
BAD 598969915351
BAD 598974878297
BAD 598974878303
BAD 599005120313
BAD 599005175501
BAD 599005175563
BAD 599034625843
BAD 599034625853
BAD 599037222827
BAD 599037222829
BAD 599110064603
BAD 599119732097
BAD 599121662303
BAD 599150710931
BAD 599150710933
BAD 599150710943
BAD 599151015319
BAD 599155434569
BAD 599155434571
BAD 599155648649
BAD 599155648673
BAD 599155648681
BAD 599130365329
BAD 599130365333
BAD 599130365341
BAD 599130365347
BAD 599155834561
BAD 599156586737
BAD 599156586739
BAD 599135309963
BAD 599135309977
BAD 599244749423
BAD 599244749447
BAD 599244749449
BAD 599232517759
BAD 599235792217
BAD 599247876013
BAD 599235792223
BAD 599249642947
BAD 599249642963
BAD 599238659429
BAD 599238659431
BAD 599238659533
BAD 599238659543
BAD 599250498463
BAD 599250498467
BAD 599251277099
BAD 599251277101
BAD 599241484013
BAD 599241484027
BAD 599241484031
BAD 599241484033
BAD 599255894771
BAD 599255894773
BAD 599255894777
BAD 599255894779
BAD 599255894791
BAD 599168707103
BAD 599203952597
BAD 599206612673
BAD 599207732239
BAD 599209165651
BAD 599173511029
BAD 599173575131
BAD 599210152847
BAD 599210152859
BAD 599210152861
BAD 599213293271
BAD 599219635213
BAD 599219635219
BAD 599219668783
BAD 599223243439
BAD 599224348363
BAD 599263377001
BAD 599264539729
BAD 599264539733
BAD 599265755843
BAD 599268878077
BAD 599282530487
BAD 599284636277
BAD 599284636283
BAD 599285595781
BAD 599285595817
BAD 599313640621
BAD 599316142757
BAD 599316142759
BAD 599317370131
BAD 599317370159
BAD 599317370161
BAD 599347697479
BAD 599382381379
BAD 599382381383
BAD 599350052573
BAD 599385120689
BAD 599386420211
BAD 599386420219
BAD 599388212393
BAD 599412986009
BAD 599414690201
BAD 599353685113
BAD 599354077613
BAD 599354600903
BAD 599418914267
BAD 599418914273
BAD 599186722987
BAD 599186722999
BAD 599190892163
BAD 599193511711
BAD 599367373987
BAD 599375382251
BAD 599375382253
BAD 599376275581
BAD 599376353021
BAD 599439439387
BAD 599442465887
BAD 599444027629
BAD 599444027639
BAD 599295340093
BAD 599445429001
BAD 599445429031
BAD 599445429047
BAD 599445429049
BAD 599445429053
BAD 599299036883
BAD 599330993851
BAD 599330993857
BAD 599307252809
BAD 599307252811
BAD 599337016027
BAD 599337016049
BAD 599337016051
BAD 599311052551
BAD 599533105771
BAD 599533105789
BAD 599533105793
BAD 599533396807
BAD 599533396859
BAD 599533396879
BAD 599533396883
BAD 599533396901
BAD 599569517977
BAD 599535571213
BAD 599607355987
BAD 599607747623
BAD 599587717997
BAD 599611305091
BAD 599575433503
BAD 599540214233
BAD 599540214253
BAD 599540821687
BAD 599592639229
BAD 599614074889
BAD 599614074893
BAD 599665910477
BAD 599665910479
BAD 599522951941
BAD 599666660809
BAD 599667018091
BAD 599615654821
BAD 599595238943
BAD 599668442803
BAD 599595718663
BAD 599595718669
BAD 599595718703
BAD 599524732007
BAD 599524732013
BAD 599669917069
BAD 599669917073
BAD 599670965233
BAD 599671780993
BAD 599619506417
BAD 599619506419
BAD 599528351869
BAD 599674534577
BAD 599674534639
BAD 599674534643
BAD 599674534649
BAD 599674534651
BAD 599621041057
BAD 599630668667
BAD 599630668669
BAD 599630668673
BAD 599622457793
BAD 599623158503
BAD 599635331497
BAD 599627257561
BAD 599627257577
BAD 599639534639
BAD 599546298679
BAD 599546298683
BAD 599547959173
BAD 599547959183
BAD 599547992401
BAD 599552745241
BAD 599557035073
BAD 599561634283
BAD 599480040749
BAD 599480040751
BAD 599751475669
BAD 599485392917
BAD 599485395871
BAD 599485395893
BAD 599485593283
BAD 599486007629
BAD 599486007649
BAD 599758145347
BAD 599486951213
BAD 599486992613
BAD 599759104603
BAD 599759513729
BAD 599702184061
BAD 599761224113
BAD 599761816279
BAD 599491646359
BAD 599491646363
BAD 599740314001
BAD 599462472017
BAD 599740783471
BAD 599466034261
BAD 599712930469
BAD 599468064931
BAD 599468064977
BAD 599468064983
BAD 599744629343
BAD 599744629369
BAD 599478234281
BAD 599478234283
BAD 599497972991
BAD 599497972993
BAD 599999238931
BAD 599999238953
BAD 599499780401
BAD 599499780403
BAD 599501264521
BAD 599506592117
BAD 599509248601
BAD 599510367067
BAD 599511079043
BAD 599512438549
BAD 599455913803
BAD 599717809183
BAD 599717809193
BAD 599718008753
BAD 599718008959
BAD 599723820433
BAD 599686709749
BAD 599687585333
BAD 599688912233
BAD 599647970297
BAD 599689152137
BAD 599650908953
BAD 599653922867
BAD 599655351151
BAD 599655351187
BAD 599767650959
BAD 599767650961
BAD 599767650967
BAD 599774768149
BAD 599854080937
BAD 599884915501
BAD 599790276823
BAD 599888062373
BAD 599888062379
BAD 599888062381
BAD 599934934153
BAD 599918545819
BAD 599918545823
BAD 599920113901
BAD 599893838333
BAD 599937133729
BAD 599864896693
BAD 599814490637
BAD 599831701691
BAD 599818024789
BAD 599832287221
BAD 599818098667
BAD 599896768103
BAD 599865785017
BAD 599897421437
BAD 599897421439
BAD 599820772471
BAD 599822383529
BAD 599944554841
BAD 599945390449
BAD 599951422589
BAD 599951422591
BAD 599828345821
BAD 599828345843
BAD 599845141439
BAD 599847344071
BAD 599847344077
BAD 599847516823
BAD 599879090717
BAD 599879090719
BAD 599968350811
BAD 599965011103
BAD 599977449439
BAD 599981815297
BAD 599982059581
BAD 599982059587
BAD 599982059591
BAD 599984179429
BAD 599984179441
BAD 599984179453
BAD 599995064611
BAD 599997606379
BAD 599998530511
RANGE 590000000000 600000000000 PRIMES 368845815 BAD 3615
