BAD 670194120263
BAD 670337153153
BAD 670087333739
BAD 670270507927
BAD 670270737613
BAD 670004919319
BAD 670350371507
BAD 670350371513
BAD 670020553883
BAD 670020553897
BAD 670153815481
BAD 670097869171
BAD 670138979183
BAD 670022317067
BAD 670278824011
BAD 670236062261
BAD 670036428049
BAD 670140930247
BAD 670179868387
BAD 670157497747
BAD 670037284591
BAD 670037284607
BAD 670239809401
BAD 670180889603
BAD 670240031663
BAD 670181854501
BAD 670283962267
BAD 670028123293
BAD 670219697813
BAD 670220877481
BAD 670164780007
BAD 670146678053
BAD 670032049931
BAD 670032049933
BAD 670164993233
BAD 670373701603
BAD 670045186571
BAD 670149471493
BAD 670263838583
BAD 670167734653
BAD 670167734657
BAD 670167734659
BAD 670048271623
BAD 670227247021
BAD 670267294913
BAD 670267294919
BAD 670377935881
BAD 670049067983
BAD 670267960993
BAD 670203165917
BAD 670229023381
BAD 670229413043
BAD 670120708883
BAD 670206886339
BAD 670382118379
BAD 670208365051
BAD 670208365069
BAD 670126589851
BAD 670216987597
BAD 670133787803
BAD 670104153683
BAD 670104153689
BAD 670105245919
BAD 670105245923
BAD 670107403759
BAD 670289958367
BAD 670297851107
BAD 670297851109
BAD 670298405701
BAD 670299221419
BAD 670299552473
BAD 670300721473
BAD 670300721483
BAD 670302665581
BAD 670302665587
BAD 670302665603
BAD 670359950287
BAD 670067509373
BAD 670362096511
BAD 670070650163
BAD 670308296443
BAD 670072127587
BAD 670311131251
BAD 670311779491
BAD 670317753047
BAD 670317753067
BAD 670050534991
BAD 670081642273
BAD 670081642277
BAD 670081642291
BAD 670081642303
BAD 670051401713
BAD 670051401739
BAD 670051401751
BAD 670082003309
BAD 670321453409
BAD 670321453411
BAD 670388110759
BAD 670388546299
BAD 670388546423
BAD 670390219703
BAD 670390219721
BAD 670054678831
BAD 670395456463
BAD 670397323411
BAD 670641952117
BAD 670591132999
BAD 670405076401
BAD 670405076447
BAD 670405076449
BAD 670593596611
BAD 670626458759
BAD 670626458767
BAD 670520747423
BAD 670520747437
BAD 670520747441
BAD 670453864891
BAD 670560562561
BAD 670600164743
BAD 670632558863
BAD 670602824537
BAD 670602824539
BAD 670602824543
BAD 670415929739
BAD 670571723929
BAD 670571723933
BAD 670441877243
BAD 670530383297
BAD 670492444553
BAD 670494485699
BAD 670494485701
BAD 670494485707
BAD 670494485729
BAD 670577826253
BAD 670577826263
BAD 670581821137
BAD 670582581943
BAD 670582581947
BAD 670500759391
BAD 670500759403
BAD 670583881889
BAD 670548102953
BAD 670584885923
BAD 670513161631
BAD 670551169307
BAD 670551169313
BAD 670662402811
BAD 670664717729
BAD 670664717731
BAD 670669564597
BAD 670670257171
BAD 670670676451
BAD 670609557889
BAD 670609557913
BAD 670614208619
BAD 670471976899
BAD 670471976903
BAD 670477692827
BAD 670477692853
BAD 670478224459
BAD 670478224463
BAD 670478460451
BAD 670479622409
BAD 670479622411
BAD 670480169927
BAD 670480169929
BAD 670424474569
BAD 670485228079
BAD 670429273763
BAD 670486477723
BAD 670671325873
BAD 670671325879
BAD 670705571881
BAD 670708150391
BAD 670708852873
BAD 670708852883
BAD 670709132153
BAD 670710768241
BAD 670677429353
BAD 670712956247
BAD 670713991021
BAD 670713991027
BAD 670726659623
BAD 670727142023
BAD 670749991591
BAD 670682129659
BAD 670730317729
BAD 670752221417
BAD 670752221431
BAD 670752221437
BAD 670732096943
BAD 670732096949
BAD 670753390067
BAD 670735203001
BAD 670735203007
BAD 670698083833
BAD 670698691997
BAD 670698692011
BAD 670702234141
BAD 670796553683
BAD 670796553701
BAD 670796553703
BAD 670796553709
BAD 670798686353
BAD 670802455423
BAD 670774387771
BAD 670774387783
BAD 670775751241
BAD 670776385753
BAD 670756927283
BAD 670764272341
BAD 670941262393
BAD 670941262403
BAD 670883243993
BAD 671093778083
BAD 670883815453
BAD 670883815463
BAD 671057923519
BAD 670850752519
BAD 670850752531
BAD 670886287873
BAD 670851980153
BAD 670947788003
BAD 671063168827
BAD 671064299119
BAD 671064299123
BAD 670952144033
BAD 670824508853
BAD 670824508883
BAD 670824508889
BAD 670824508891
BAD 671066423333
BAD 670953347447
BAD 671033307493
BAD 671067393629
BAD 671067393631
BAD 671067393653
BAD 671105781623
BAD 671068922813
BAD 670984917523
BAD 671036375861
BAD 670986124777
BAD 671037700037
BAD 671072669341
BAD 671042650703
BAD 671042650711
BAD 671043077779
BAD 671043077801
BAD 670965459179
BAD 670857396679
BAD 670857396683
BAD 670965800069
BAD 671007699391
BAD 671007699421
BAD 670924664239
BAD 670924664243
BAD 670992994493
BAD 670993448687
BAD 670993448689
BAD 670993448693
BAD 670993448707
BAD 670926196261
BAD 670926196277
BAD 671083213189
BAD 671083213201
BAD 671047426367
BAD 670862177353
BAD 670970594389
BAD 670916424511
BAD 671011783381
BAD 671013374131
BAD 670999073753
BAD 671055003407
BAD 670933313599
BAD 670867013657
BAD 670919711389
BAD 670999073761
BAD 670867013659
BAD 670919711393
BAD 671055003413
BAD 670919711453
BAD 671055003433
BAD 671055003439
BAD 671056090973
BAD 671088977753
BAD 671088977761
BAD 670937137231
BAD 671005512019
BAD 671157659033
BAD 671164009421
BAD 670890758323
BAD 670812901219
BAD 670891718641
BAD 670891718647
BAD 671146073099
BAD 671114698369
BAD 671124401281
BAD 671124401293
BAD 671117360839
BAD 671117360843
BAD 671117840801
BAD 671117840803
BAD 671178454831
BAD 671118781607
BAD 671118781609
BAD 671153543989
BAD 671131136369
BAD 671131136371
BAD 671183171951
BAD 671183171993
BAD 671184596063
BAD 671156418871
BAD 671133476971
BAD 671190123451
BAD 671208660263
BAD 671230020847
BAD 671291926121
BAD 671291926141
BAD 671282689877
BAD 671282689879
BAD 671220486241
BAD 671241442229
BAD 671241442231
BAD 671251141937
BAD 671251141943
BAD 671257117709
BAD 671267682203
BAD 671267967373
BAD 671305486783
BAD 671274488119
BAD 671330063233
BAD 671318176499
BAD 671318176511
BAD 671318474933
BAD 671319633469
BAD 671319982537
BAD 671321731163
BAD 671324429791
BAD 671529986431
BAD 671530915171
BAD 671530915177
BAD 671436106753
BAD 671436106763
BAD 671537620007
BAD 671537620009
BAD 671539074683
BAD 671541050567
BAD 671541105023
BAD 671447623291
BAD 671449055023
BAD 671398036087
BAD 671398785293
BAD 671398785301
BAD 671413082539
BAD 671366780999
BAD 671367449449
BAD 671414849107
BAD 671456482733
BAD 671370727459
BAD 671416931573
BAD 671416931599
BAD 671416931749
BAD 671405525983
BAD 671405526023
BAD 671478326977
BAD 671479066249
BAD 671497650653
BAD 671408957347
BAD 671374896623
BAD 671420699221
BAD 671481106669
BAD 671481106801
BAD 671481106847
BAD 671421802069
BAD 671481744761
BAD 671346316409
BAD 671346316411
BAD 671346316423
BAD 671346316427
BAD 671346316429
BAD 671346316453
BAD 671500772671
BAD 671486686733
BAD 671471276513
BAD 671473053529
BAD 671353903211
BAD 671473846139
BAD 671511719147
BAD 671511719149
BAD 671378619799
BAD 671378619803
BAD 671378924347
BAD 671380002157
BAD 671382319579
BAD 671592838403
BAD 671593234471
BAD 671593804603
BAD 671593804621
BAD 671593804627
BAD 671384143153
BAD 671568761473
BAD 671568761477
BAD 671569147453
BAD 671523489451
BAD 671544646601
BAD 671544646603
BAD 671525415481
BAD 671388167663
BAD 671547735589
BAD 671547735613
BAD 671547735619
BAD 671548859791
BAD 671548859797
BAD 671603342833
BAD 671603342873
BAD 671603477161
BAD 671552015111
BAD 671606729933
BAD 671606729939
BAD 671606729947
BAD 671553981947
BAD 671553981949
BAD 671558572313
BAD 671558572357
BAD 671558572367
BAD 671558572369
BAD 671558572441
BAD 671559442951
BAD 671628120091
BAD 671633334923
BAD 671635265071
BAD 671667712861
BAD 671620404139
BAD 671680746643
BAD 671622550283
BAD 671622550289
BAD 671682786793
BAD 671697701131
BAD 671671118137
BAD 671671118159
BAD 671671118161
BAD 671624065219
BAD 671624065223
BAD 671624458313
BAD 671701015009
BAD 671673134911
BAD 671703035093
BAD 671687773937
BAD 671674562927
BAD 671674562929
BAD 671690178683
BAD 671660426519
BAD 671660426539
BAD 671710736639
BAD 671722503253
BAD 671727135829
BAD 671727409919
BAD 671727409963
BAD 671728823707
BAD 671733999413
BAD 671739836311
BAD 671743224443
BAD 671744341847
BAD 671744341861
BAD 671757582901
BAD 671898007667
BAD 671782903487
BAD 671812382099
BAD 671812382107
BAD 671838091207
BAD 671785260169
BAD 671785260173
BAD 671786127877
BAD 671787148231
BAD 671787148273
BAD 671787148283
BAD 671847149179
BAD 671839885049
BAD 671839885051
BAD 671841558403
BAD 671841558413
BAD 671964402817
BAD 671964540739
BAD 671964540743
BAD 671964767431
BAD 671946541393
BAD 671842478863
BAD 671792518291
BAD 671821956683
BAD 671821956691
BAD 671948824331
BAD 671948824333
BAD 671929960223
BAD 671823706247
BAD 671950871989
BAD 671950871993
BAD 671950872001
BAD 671951150723
BAD 671805669833
BAD 671952652271
BAD 671828339647
BAD 671954716549
BAD 671973196673
BAD 671973196681
BAD 671954763451
BAD 671982097823
BAD 671879136857
BAD 671955956603
BAD 671879856149
BAD 671864705819
BAD 671864705821
BAD 671957387663
BAD 671865411031
BAD 671958110017
BAD 671977717651
BAD 671977717657
BAD 671941234277
BAD 671882217763
BAD 671882217767
BAD 671979329597
BAD 671979329599
BAD 671979329647
BAD 671882993281
BAD 671942831869
BAD 671868738323
BAD 671886507499
BAD 671886507503
BAD 671991816281
BAD 671991816283
BAD 671991816319
BAD 671870930257
BAD 671871742547
BAD 671873591821
BAD 671995837939
BAD 671923033843
BAD 671923033849
BAD 671923033853
BAD 672003655423
BAD 672003655429
BAD 671926387991
BAD 671894850103
BAD 671894865283
BAD 671895154717
BAD 671927538949
BAD 672009689711
BAD 672012475019
BAD 672012475021
BAD 672049758713
BAD 672049827763
BAD 672049827769
BAD 672049827781
BAD 672049827803
BAD 672050750893
BAD 672063699751
BAD 672053154433
BAD 672053154439
BAD 672064016461
BAD 672016152061
BAD 672016152263
BAD 672016152277
BAD 672016152319
BAD 672066077779
BAD 672066077783
BAD 672017057539
BAD 672068747789
BAD 672058188757
BAD 672023312603
BAD 672023707039
BAD 672076488373
BAD 672027796493
BAD 672088033079
BAD 672088033081
BAD 672035055563
BAD 672093307313
BAD 672093307357
BAD 672093307363
BAD 672094787003
BAD 672094787009
BAD 672094787011
BAD 672094787027
BAD 672094787029
BAD 672041304689
BAD 672041304691
BAD 672041624887
BAD 672041624893
BAD 672041624897
BAD 672041624899
BAD 672044230103
BAD 672044230111
BAD 672044520227
BAD 672044938879
BAD 672101587393
BAD 672120638251
BAD 672120638369
BAD 672133162741
BAD 672135552311
BAD 672135552313
BAD 672135552317
BAD 672138745937
BAD 672138745939
BAD 672139384627
BAD 672140057903
BAD 672128058001
BAD 672128277173
BAD 672128277187
BAD 672128809711
BAD 672145920857
BAD 672145920877
BAD 672145920883
BAD 672145920889
BAD 672145921099
BAD 672146702221
BAD 672146702243
BAD 672166712513
BAD 672170413807
BAD 672170413813
BAD 672172495037
BAD 672172495039
BAD 672173119399
BAD 672173119549
BAD 672179560043
BAD 672149328901
BAD 672155154113
BAD 672156919003
BAD 672163676047
BAD 672289864249
BAD 672295568333
BAD 672249402701
BAD 672250727003
BAD 672214622993
BAD 672216738533
BAD 672257305729
BAD 672257305739
BAD 672199694371
BAD 672222691271
BAD 672182155543
BAD 672185214331
BAD 672208569983
BAD 672228911869
BAD 672229134503
BAD 672211437673
BAD 672279392669
BAD 672399790591
BAD 672280042939
BAD 672280043089
BAD 672192645589
BAD 672214147921
BAD 672214147931
BAD 672214147933
BAD 672214147937
BAD 672407221943
BAD 672407221951
BAD 672407221987
BAD 672407222041
BAD 672408150121
BAD 672408566213
BAD 672410717071
BAD 672412653709
BAD 672352111603
BAD 672352111609
BAD 672534903683
BAD 672537786353
BAD 672539961923
BAD 672540070733
BAD 672540070757
BAD 672540070759
BAD 672357404897
BAD 672542984909
BAD 672358459057
BAD 672546754603
BAD 672416419141
BAD 672416748559
BAD 672423147457
BAD 672526511191
BAD 672487865449
BAD 672487865453
BAD 672490075357
BAD 672430420457
BAD 672383713627
BAD 672532641631
BAD 672441263783
BAD 672442535363
BAD 672442535383
BAD 672492673763
BAD 672445798993
BAD 672446006821
BAD 672367157843
BAD 672390996493
BAD 672391072099
BAD 672391072103
BAD 672344535451
BAD 672301760791
BAD 672302041603
BAD 672371868263
BAD 672372230119
BAD 672372861133
BAD 672372861163
BAD 672372861169
BAD 672348619223
BAD 672377205427
BAD 672231551029
BAD 672308321539
BAD 672308321543
BAD 672310516789
BAD 672310516793
BAD 672322873843
BAD 672314957893
BAD 672328827493
BAD 672240308687
BAD 672240308749
BAD 672240685709
BAD 672330411611
BAD 672330797867
BAD 672330797869
BAD 672331662997
BAD 672455469781
BAD 672455469787
BAD 672456818953
BAD 672462598823
BAD 672463454521
BAD 672463767721
BAD 672463767727
BAD 672463767743
BAD 672552684203
BAD 672552934981
BAD 672552935003
BAD 672553545691
BAD 672554039123
BAD 672559477699
BAD 672559477703
BAD 672565508753
BAD 672502581473
BAD 672502581493
BAD 672502868603
BAD 672508254049
BAD 672508254053
BAD 672508254059
BAD 672509251567
BAD 672572677837
BAD 672573310639
BAD 672577171793
BAD 672652008367
BAD 672634501859
BAD 672578652353
BAD 672579156289
BAD 672655598243
BAD 672655598249
BAD 672655598291
BAD 672618442429
BAD 672618595867
BAD 672618595877
BAD 672639589637
BAD 672639589639
BAD 672621741511
BAD 672662924707
BAD 672662924723
BAD 672625253483
BAD 672625253491
BAD 672665855063
BAD 672609178009
BAD 672644495333
BAD 672666875833
BAD 672629765881
BAD 672646568003
BAD 672673305613
BAD 672673305617
BAD 672673496707
BAD 672673496743
BAD 672678177859
BAD 672680586889
BAD 672788234383
BAD 672789454219
BAD 672791125849
BAD 672689227943
BAD 672796859783
BAD 672827282473
BAD 672797443379
BAD 672828775361
BAD 672828775363
BAD 672692665703
BAD 672801038071
BAD 672831067697
BAD 672831067703
BAD 672703863151
BAD 672831302071
BAD 672805890329
BAD 672811179269
BAD 672811179277
BAD 672811179289
BAD 672751488443
BAD 672813252931
BAD 672733138247
BAD 672733309189
BAD 672755376049
BAD 672756848243
BAD 672818436637
BAD 672764300473
BAD 672764436403
BAD 672737689763
BAD 672888566081
BAD 672888566123
BAD 672740286877
BAD 672837031739
BAD 672837031777
BAD 672742284701
BAD 672742284703
BAD 672744164933
BAD 672745845113
BAD 672843973691
BAD 672843973693
BAD 672897008911
BAD 672897008933
BAD 672897008941
BAD 672897008989
BAD 672849498577
BAD 672849498599
BAD 672898522537
BAD 672899650733
BAD 672871819603
BAD 672874549103
BAD 672882089611
BAD 672902692013
BAD 672902692019
BAD 672902692027
BAD 672915614999
BAD 672917834929
BAD 672924827573
BAD 672925497253
BAD 672925497259
BAD 672927330377
BAD 672927330379
BAD 672929116703
BAD 672929116733
BAD 672929455337
BAD 672930198503
BAD 672939554993
BAD 672942717373
BAD 673061056973
BAD 673067237053
BAD 673067237057
BAD 673041229823
BAD 673041229829
BAD 673041229831
BAD 673047960451
BAD 673051983563
BAD 673051983589
BAD 672967548091
BAD 672996892259
BAD 672996892261
BAD 672968967421
BAD 673003911863
BAD 673004585683
BAD 673027240219
BAD 673010610509
BAD 673010610511
BAD 672969604429
BAD 672980571643
BAD 672981302827
BAD 672981302831
BAD 672982282199
BAD 672982282201
BAD 673071596167
BAD 673081190161
BAD 673082110609
BAD 673082110651
BAD 673082110669
BAD 673084016177
BAD 673084016179
BAD 673084016183
BAD 673172584303
BAD 673172584307
BAD 673172734621
BAD 673178796443
BAD 673178876833
BAD 673104579683
BAD 673104963743
BAD 673204827871
BAD 673205826613
BAD 673205826617
BAD 673205826619
BAD 673205826641
BAD 673106700829
BAD 673109398009
BAD 673109398019
BAD 673110254779
BAD 673110254783
BAD 673212498473
BAD 673228168141
BAD 673228168147
BAD 673199615597
BAD 673121955559
BAD 673233391639
BAD 673235788003
BAD 673235788087
BAD 673126085689
BAD 673126085693
BAD 673126085701
BAD 673130790583
BAD 673130790587
BAD 673130790589
BAD 673309468033
BAD 673309468043
BAD 673255360471
BAD 673314488347
BAD 673256518877
BAD 673274536937
BAD 673274536939
BAD 673274536943
BAD 673260486859
BAD 673276631803
BAD 673244827867
BAD 673155086339
BAD 673278763981
BAD 673156713811
BAD 673280552869
BAD 673280552873
BAD 673158671267
BAD 673159332977
BAD 673160380801
BAD 673291582363
BAD 673291582367
BAD 673291582373
BAD 673291584947
BAD 673291584949
BAD 673295219423
BAD 673166755493
BAD 673166755501
BAD 673166755507
BAD 673166755511
BAD 673089037573
BAD 673168075277
BAD 673090706443
BAD 673091815013
BAD 673091815021
BAD 673091815093
BAD 673092123031
BAD 673302497977
BAD 673302497983
BAD 673095145141
BAD 673096008523
BAD 673323982073
BAD 673147962281
BAD 673147962283
BAD 673147962293
BAD 673147962301
BAD 673332278659
BAD 673332287671
BAD 673344276893
BAD 673344276907
BAD 673350623531
BAD 673423527409
BAD 673407163087
BAD 673408641809
BAD 673437342757
BAD 673437342769
BAD 673437342817
BAD 673438409639
BAD 673438409641
BAD 673415085757
BAD 673357502483
BAD 673357502537
BAD 673360390567
BAD 673368600691
BAD 673456018243
BAD 673378634993
BAD 673378635001
BAD 673389509383
BAD 673389509389
BAD 673389509393
BAD 673389676033
BAD 673389676039
BAD 673394090129
BAD 673394090153
BAD 673478436343
BAD 673478436347
BAD 673481705401
BAD 673486601173
BAD 673486656767
BAD 673486656769
BAD 673487617157
BAD 673487617163
BAD 673487770643
BAD 673461670361
BAD 673465568863
BAD 673466373691
BAD 673591040561
BAD 673591861183
BAD 673591861193
BAD 673594335679
BAD 673559717329
BAD 673559717333
BAD 673560418813
BAD 673561073309
BAD 673614479479
BAD 673602554347
BAD 673602554351
BAD 673583412653
BAD 673586641337
BAD 673586641339
BAD 673607032027
BAD 673590132739
BAD 673623820841
BAD 673657812077
BAD 673658281789
BAD 673647541639
BAD 673647854221
BAD 673647854227
BAD 673528128311
BAD 673528128313
BAD 673651199423
BAD 673625992603
BAD 673627693589
BAD 673627693591
BAD 673655254361
BAD 673655254369
BAD 673655254387
BAD 673656401753
BAD 673667848331
BAD 673667848333
BAD 673668324509
BAD 673668324523
BAD 673629788879
BAD 673669216837
BAD 673670012867
BAD 673538230219
BAD 673496040263
BAD 673496082293
BAD 673496082299
BAD 673638866429
BAD 673638866431
BAD 673639914811
BAD 673639914817
BAD 673497497087
BAD 673497497089
BAD 673503289489
BAD 673725061543
BAD 673729557233
BAD 673729676393
BAD 673729994687
BAD 673677123283
BAD 673678439209
BAD 673731943369
BAD 673712389663
BAD 673680255979
BAD 673681081757
BAD 673681081763
BAD 673681401961
BAD 673681483459
BAD 673737149879
BAD 673737719167
BAD 673737951923
BAD 673738113047
BAD 673738113049
BAD 673683595051
BAD 673684553897
BAD 673724506183
BAD 673513035079
BAD 673513099811
BAD 673513099813
BAD 673551739579
BAD 673551838501
BAD 673555446803
BAD 673517157199
BAD 673519009049
BAD 673519203041
BAD 673519203043
BAD 673519203047
BAD 673521364157
BAD 673521364163
BAD 673521364171
BAD 673521364279
BAD 673703431019
BAD 673703431021
BAD 673707390803
BAD 673761458827
BAD 673782094373
BAD 673782638629
BAD 673789978349
BAD 673773972007
BAD 673774370123
BAD 673793777357
BAD 673793777359
BAD 673800213817
BAD 673801131103
BAD 673813123939
BAD 673813123943
BAD 673750522741
BAD 673806958789
BAD 673817466451
BAD 673817466457
BAD 673817466461
BAD 673818832447
BAD 673819191893
BAD 673757534273
BAD 673840033387
BAD 673840033403
BAD 673840842449
BAD 673841521321
BAD 673842204323
BAD 673843021253
BAD 673843021259
BAD 673843021261
BAD 673843021283
BAD 673845047531
BAD 673928665523
BAD 673851764903
BAD 673933859353
BAD 673933859359
BAD 673855933889
BAD 673861591343
BAD 673961617627
BAD 673961675767
BAD 673961675813
BAD 673961675819
BAD 673967685451
BAD 673872094391
BAD 673874044691
BAD 673874044693
BAD 673969654559
BAD 673915413949
BAD 673915413953
BAD 673972383983
BAD 673972383991
BAD 673974089149
BAD 673975538189
BAD 673975538191
BAD 673893444353
BAD 674008129819
BAD 674027439299
BAD 674027439301
BAD 674027439307
BAD 674030415151
BAD 674030415181
BAD 673984291363
BAD 673984291367
BAD 673908176603
BAD 673908563249
BAD 674040362503
BAD 674042043503
BAD 674042210579
BAD 674042210581
BAD 673942968739
BAD 673943900923
BAD 673943900941
BAD 674095807421
BAD 674095807423
BAD 674096532301
BAD 674096532379
BAD 674096532443
BAD 673877029373
BAD 673877029379
BAD 674097124903
BAD 674097124951
BAD 673952251681
BAD 673952251691
BAD 673953382189
BAD 674103447349
BAD 674108216167
BAD 673958876011
BAD 674016220583
BAD 674018750929
BAD 674020616923
BAD 674062297213
BAD 674062297217
BAD 674062297219
BAD 674062297243
BAD 674062468309
BAD 674063942359
BAD 674065447879
BAD 674065447897
BAD 674025225259
BAD 674043358999
BAD 674043854629
BAD 674067382633
BAD 674067594313
BAD 674082246133
BAD 674089832093
BAD 674089832099
BAD 674075271643
BAD 674056467913
BAD 674123145671
BAD 674123145769
BAD 674123290703
BAD 674127372727
BAD 674127911539
BAD 674129285023
BAD 674129285029
BAD 674129285033
BAD 674130571141
BAD 674145445097
BAD 674181691217
BAD 674181691219
BAD 674181691223
BAD 674182096363
BAD 674151338881
BAD 674138336671
BAD 674138336681
BAD 674153953877
BAD 674155096793
BAD 674186369761
BAD 674160149809
BAD 674142829553
BAD 674143029409
BAD 674143901623
BAD 674166897857
BAD 674215303523
BAD 674168831753
BAD 674217687289
BAD 674219154691
BAD 674220351551
BAD 674220351583
BAD 674195453621
BAD 674195453623
BAD 674195453627
BAD 674195453629
BAD 674195453641
BAD 674195453647
BAD 674197604551
BAD 674199891107
BAD 674199891109
BAD 674199891119
BAD 674199891121
BAD 674207802899
BAD 674207802901
BAD 674232902197
BAD 674233350487
BAD 674235641537
BAD 674235641539
BAD 674237094353
BAD 674239603691
BAD 674252707729
BAD 674252707741
BAD 674312442383
BAD 674312442389
BAD 674257639067
BAD 674258880089
BAD 674258880091
BAD 674259335747
BAD 674303527283
BAD 674303527291
BAD 674303828371
BAD 674303828423
BAD 674324058563
BAD 674308496431
BAD 674309941709
BAD 674365555609
BAD 674365555613
BAD 674328161347
BAD 674369701403
BAD 674369701409
BAD 674369701417
BAD 674370946549
BAD 674372594251
BAD 674397996187
BAD 674398281721
BAD 674374598071
BAD 674374598147
BAD 674376951151
BAD 674377618363
BAD 674377618367
BAD 674283355943
BAD 674284409237
BAD 674403545791
BAD 674403545953
BAD 674403546017
BAD 674287494347
BAD 674381699707
BAD 674382892081
BAD 674407818827
BAD 674407818829
BAD 674386247221
BAD 674333054977
BAD 674392603981
BAD 674339628593
BAD 674340109309
BAD 674344117219
BAD 674263436323
BAD 674431423969
BAD 674270861941
BAD 674270861947
BAD 674435519123
BAD 674436613033
BAD 674275115161
BAD 674445289759
BAD 674445289789
BAD 674445289807
BAD 674463871867
BAD 674464981171
BAD 674464981193
BAD 674520733801
BAD 674469313129
BAD 674580895081
BAD 674470018111
BAD 674522554109
BAD 674493870439
BAD 674552129707
BAD 674593226309
BAD 674593226311
BAD 674525869223
BAD 674525869231
BAD 674553652651
BAD 674593927349
BAD 674593927351
BAD 674529494701
BAD 674529494711
BAD 674529494713
BAD 674559971119
BAD 674559971123
BAD 674560828793
BAD 674597189663
BAD 674597189671
BAD 674600310361
BAD 674623309813
BAD 674608906861
BAD 674612508181
BAD 674543683711
BAD 674574655879
BAD 674578561537
BAD 674689534591
BAD 674635308959
BAD 674635308961
BAD 674635308967
BAD 674637387331
BAD 674694504073
BAD 674694504103
BAD 674695280321
BAD 674643731779
BAD 674664984211
BAD 674664984221
BAD 674646885893
BAD 674653017497
BAD 674669904203
BAD 674670270187
BAD 674670886583
BAD 674655257827
BAD 674754091447
BAD 674798961173
BAD 674721420187
BAD 674802067931
BAD 674802067937
BAD 674699149801
BAD 674699149807
BAD 674759802163
BAD 674760649193
BAD 674727445649
BAD 674701084433
BAD 674728334011
BAD 674807430863
BAD 674790288083
BAD 674706889861
BAD 674708247173
BAD 674708247179
BAD 674793604957
BAD 674708247181
BAD 674796925051
BAD 674777091119
BAD 674712977131
BAD 674735304923
BAD 674736094699
BAD 674745936211
BAD 674951718803
BAD 675154111321
BAD 675090363071
BAD 674956489681
BAD 675154647289
BAD 675156955339
BAD 674957572643
BAD 674957572651
BAD 674961610171
BAD 675035258977
BAD 675035258981
BAD 675035258983
BAD 675163971773
BAD 675164683789
BAD 675166060663
BAD 674920315471
BAD 674835657481
BAD 674924090821
BAD 675122578489
BAD 675122578499
BAD 675174916439
BAD 675174916441
BAD 675179947307
BAD 675048821987
BAD 675048821989
BAD 674843985601
BAD 675131635433
BAD 674990059069
BAD 674991020449
BAD 674991020453
BAD 674992281653
BAD 674993210063
BAD 674993637013
BAD 674993637023
BAD 674993637029
BAD 674967298793
BAD 674968534693
BAD 674867046677
BAD 674867618603
BAD 675101044721
BAD 674972292853
BAD 675102400213
BAD 675052287757
BAD 675106474019
BAD 675106474057
BAD 674873629939
BAD 674873629943
BAD 674982436699
BAD 675021762421
BAD 674880793729
BAD 675068816041
BAD 675068816063
BAD 675068816101
BAD 675115041331
BAD 675069836269
BAD 675071100367
BAD 675071100371
BAD 675071100373
BAD 675026677327
BAD 675064381441
BAD 675073447981
BAD 675029577109
BAD 675074788793
BAD 675074788981
BAD 675074788987
BAD 675075862303
BAD 675077708177
BAD 675077708183
BAD 675082060759
BAD 674933635771
BAD 674935155721
BAD 674936112223
BAD 674936112229
BAD 674936112241
BAD 674944722899
BAD 674944722901
BAD 674946973123
BAD 674948058751
BAD 675207561583
BAD 674882734909
BAD 675196976633
BAD 675199391627
BAD 674899209683
BAD 674900381593
BAD 674900810671
BAD 674900810677
BAD 674900810693
BAD 674901055069
BAD 674817704389
BAD 674861681653
BAD 674898358889
BAD 674898358891
BAD 674905674283
BAD 674826162757
BAD 674914533679
BAD 675003710221
BAD 675004893271
BAD 675005909899
BAD 675006499969
BAD 675008172809
BAD 675284995643
BAD 675288432829
BAD 675278461987
BAD 675220610333
BAD 675238611739
BAD 675241137331
BAD 675225098923
BAD 675244343611
BAD 675244640783
BAD 675244640831
BAD 675244640857
BAD 675246925363
BAD 675230472601
BAD 675230472607
BAD 675248491069
BAD 675232435531
BAD 675232435547
BAD 675233108071
BAD 675318544081
BAD 675329480083
BAD 675330037973
BAD 675334456883
BAD 675481417997
BAD 675481417999
BAD 675481882303
BAD 675482658127
BAD 675482658143
BAD 675437844043
BAD 675437844049
BAD 675312937723
BAD 675312937727
BAD 675312937729
BAD 675440534863
BAD 675440534869
BAD 675423327437
BAD 675315287837
BAD 675315287839
BAD 675359215639
BAD 675404310961
BAD 675388046513
BAD 675407317807
BAD 675453445993
BAD 675453446023
BAD 675453446027
BAD 675453446029
BAD 675453446119
BAD 675453446123
BAD 675428877181
BAD 675430994533
BAD 675394680509
BAD 675394680511
BAD 675456418859
BAD 675457107181
BAD 675366331363
BAD 675434166733
BAD 675434716093
BAD 675459937157
BAD 675416162497
BAD 675465986431
BAD 675339779923
BAD 675339779927
BAD 675339779929
BAD 675339779941
BAD 675339780023
BAD 675339780029
BAD 675571978943
BAD 675571978957
BAD 675251284597
BAD 675251284601
BAD 675343990109
BAD 675578052053
BAD 675579469403
BAD 675579529789
BAD 675265638167
BAD 675265638169
BAD 675585997973
BAD 675491663387
BAD 675491745959
BAD 675492343117
BAD 675493147283
BAD 675493939657
BAD 675493939699
BAD 675494036179
BAD 675527719949
BAD 675528935539
BAD 675529130077
BAD 675529130083
BAD 675553588363
BAD 675560142503
BAD 675515840851
BAD 675519017123
BAD 675540723901
BAD 675542440043
BAD 675568926107
BAD 675568926113
BAD 675568926127
BAD 675568926143
BAD 675568926233
BAD 675547237769
BAD 675548844259
BAD 675548844281
BAD 675548844283
BAD 675592700371
BAD 675610516129
BAD 675612039563
BAD 675671052871
BAD 675671052893
BAD 675671052919
BAD 675640607461
BAD 675641120003
BAD 675642961391
BAD 675642961393
BAD 675673455077
BAD 675673455097
BAD 675676770809
BAD 675657207271
BAD 675649974893
BAD 675652320829
BAD 675623419507
BAD 675623419511
BAD 675623419519
BAD 675664572001
BAD 675627855173
BAD 675669763897
BAD 675632645419
BAD 675690461447
BAD 675690461449
BAD 675697791259
BAD 675698212223
BAD 675698212279
BAD 675827891749
BAD 675828687353
BAD 675831779101
BAD 675705455573
BAD 675706443833
BAD 675706443847
BAD 675707058113
BAD 675709376767
BAD 675709376791
BAD 675709431053
BAD 675713141461
BAD 675779080663
BAD 675779080699
BAD 675787395281
BAD 675726778849
BAD 675766340399
BAD 675766340401
BAD 675732911641
BAD 675732911647
BAD 675737640661
BAD 675855467993
BAD 675860133139
BAD 675860133199
BAD 675860133203
BAD 675863995789
BAD 675737875223
BAD 675743530249
BAD 675744252541
BAD 675744252551
BAD 675745901273
BAD 675789168217
BAD 675792217039
BAD 675796794367
BAD 675892640573
BAD 675894504799
BAD 675844346299
BAD 675845652373
BAD 675854936761
BAD 675875553953
BAD 675875553967
BAD 675881167301
BAD 675881167303
BAD 675881167309
BAD 675881167337
BAD 675885566249
BAD 675908379743
BAD 675915002183
BAD 675915002207
BAD 675915002209
BAD 675918227167
BAD 675919488263
BAD 675929753861
BAD 675940436077
BAD 675992938343
BAD 675993723089
BAD 675993723091
BAD 675993723113
BAD 675994597441
BAD 675994597463
BAD 675986726213
BAD 675943163381
BAD 675943163383
BAD 675946834501
BAD 676001944213
BAD 676001944223
BAD 676001944231
BAD 676012282667
BAD 676012282669
BAD 676019455823
BAD 676022815583
BAD 675970606903
BAD 675971742811
BAD 676074361021
BAD 676075824559
BAD 676075824563
BAD 676079871521
BAD 676024177613
BAD 676038329779
BAD 676196313983
BAD 676196314009
BAD 676196314019
BAD 676196314021
BAD 676363597849
BAD 676363597853
BAD 676365702619
BAD 676366349851
BAD 676366349863
BAD 676209347809
BAD 676209751759
BAD 676129310761
BAD 676392243257
BAD 676392243259
BAD 676394798969
BAD 676394798971
BAD 676215213637
BAD 676397995853
BAD 676399116331
BAD 676137591001
BAD 676402357181
BAD 676224004837
BAD 676408206769
BAD 676146956143
BAD 676224478871
BAD 676224478873
BAD 676224478883
BAD 676224738197
BAD 676224738199
BAD 676376696423
BAD 676376943733
BAD 676377820301
BAD 676377820303
BAD 676377820309
BAD 676178745061
BAD 676419019357
BAD 676279583803
BAD 676279583807
BAD 676279730431
BAD 676279730449
BAD 676279730453
BAD 676280036011
BAD 676280235871
BAD 676280235893
BAD 676280235901
BAD 676280235907
BAD 676181460083
BAD 676235599609
BAD 676262068253
BAD 676185514399
BAD 676385629363
BAD 676186989229
BAD 676240891213
BAD 676240891219
BAD 676187477333
BAD 676187477347
BAD 676187477363
BAD 676187477369
BAD 676289838953
BAD 676188327413
BAD 676389240743
BAD 676267901539
BAD 676270507777
BAD 676274671711
BAD 676274671717
BAD 676160910617
BAD 676244962741
BAD 676162704871
BAD 676162704883
BAD 676162704887
BAD 676247410807
BAD 676171074919
BAD 676292323381
BAD 676294800253
BAD 676299616891
BAD 676299696313
BAD 676299937801
BAD 676331369743
BAD 676332482821
BAD 676307416801
BAD 676310763923
BAD 676310763937
BAD 676311222583
BAD 676314616561
BAD 676320067259
BAD 676320067261
BAD 676045334101
BAD 676322597413
BAD 676048395181
BAD 676048395199
BAD 676324954993
BAD 676051048397
BAD 676054974841
BAD 676056396803
BAD 676427645239
BAD 676430144743
BAD 676430144749
BAD 676440187303
BAD 676440187307
BAD 676440187309
BAD 676443534259
BAD 676444838239
BAD 676470566929
BAD 676474058573
BAD 676476306271
BAD 676486039433
BAD 676488646217
BAD 676488646219
BAD 676488646231
BAD 676488646237
BAD 676489624411
BAD 676546995923
BAD 676511020069
BAD 676511489477
BAD 676499540383
BAD 676513715491
BAD 676513715503
BAD 676513715509
BAD 676555132639
BAD 676555132651
BAD 676558713713
BAD 676527702023
BAD 676535463757
BAD 676538140823
BAD 676665584173
BAD 676666410241
BAD 676667572187
BAD 676669906741
BAD 676669906753
BAD 676580173153
BAD 676581013877
BAD 676581013879
BAD 676682767547
BAD 676682767549
BAD 676585418963
BAD 676585419001
BAD 676684885973
BAD 676697368819
BAD 676637295799
BAD 676637295809
BAD 676693772483
BAD 676639810351
BAD 676639810501
BAD 676639810537
BAD 676646087063
BAD 676641180077
BAD 676641180079
BAD 676704125791
BAD 676705980413
BAD 676706073739
BAD 676595386507
BAD 676595386529
BAD 676595386531
BAD 676652415899
BAD 676652500763
BAD 676652603533
BAD 676709821237
BAD 676710604681
BAD 676597083137
BAD 676597083139
BAD 676597879361
BAD 676656143929
BAD 676656143939
BAD 676656143941
BAD 676625578273
BAD 676660412191
BAD 676562166829
BAD 676570376269
BAD 676571552071
BAD 676573511723
BAD 676573511791
BAD 676573511797
BAD 676574142659
BAD 676733272249
BAD 676740767317
BAD 676719467933
BAD 676722878521
BAD 676722878539
BAD 676766367031
BAD 676766721383
BAD 676725724561
BAD 676725800297
BAD 676725800299
BAD 676725821773
BAD 676770037513
BAD 676757551583
BAD 676758859261
BAD 676785387713
BAD 676787908963
BAD 676787908967
BAD 676802293127
BAD 676802293129
BAD 676802293133
BAD 676805452163
BAD 676809979621
BAD 676811278163
BAD 676850786803
BAD 676850786809
BAD 676850786813
BAD 676857791413
BAD 676857791431
BAD 676817706361
BAD 676859568419
BAD 676859568421
BAD 676859568431
BAD 676823912543
BAD 676823912551
BAD 676823912561
BAD 676880126761
BAD 676880126773
BAD 676880126777
BAD 676880126779
BAD 676881039229
BAD 676863100973
BAD 676864999661
BAD 676864999663
BAD 676865299673
BAD 676867863649
BAD 676867863653
BAD 676872028549
BAD 676872028561
BAD 676893780749
BAD 676893780751
BAD 676895517059
BAD 676895517061
BAD 676895729347
BAD 676895729359
BAD 676833841837
BAD 676899972211
BAD 676932439993
BAD 676947006721
BAD 676903329533
BAD 676903329539
BAD 676924675613
BAD 676924675643
BAD 676841844181
BAD 676926524629
BAD 676909321651
BAD 676910547331
BAD 676911658799
BAD 676961322319
BAD 676961322329
BAD 676961840993
BAD 676981007797
BAD 676984542007
BAD 676985850439
BAD 677082574643
BAD 676987249951
BAD 677083903819
BAD 677083903831
BAD 677047173533
BAD 677049650129
BAD 677049650131
BAD 677087557967
BAD 677087557981
BAD 677087557987
BAD 676991699479
BAD 677033124697
BAD 677033124709
BAD 677033124721
BAD 677033808133
BAD 677055882143
BAD 677055882157
BAD 677035048699
BAD 677094709903
BAD 677094709909
BAD 677021749309
BAD 677021749321
BAD 676965829517
BAD 677062129129
BAD 677062825823
BAD 677043556069
BAD 676976357131
BAD 676976357149
BAD 677066717161
BAD 677070003563
BAD 677074135403
BAD 677114677373
BAD 677001616013
BAD 677001616021
BAD 677096959607
BAD 677007129023
BAD 677007129031
BAD 677007129037
BAD 677128042567
BAD 677108174461
BAD 677108174467
BAD 677108174471
BAD 677109903553
BAD 677151155441
BAD 677151155449
BAD 677164691243
BAD 677164691249
BAD 677160141781
BAD 677176501103
BAD 677180278427
BAD 677180278429
BAD 677180278433
BAD 677135263117
BAD 677138802391
BAD 677142591247
BAD 677146072843
BAD 677185151197
BAD 677185198499
BAD 677186407159
BAD 677187335761
BAD 677187973859
BAD 677195820053
BAD 677202492601
BAD 677252772841
BAD 677263727453
BAD 677231803439
BAD 677231803441
BAD 677234155133
BAD 677234155159
BAD 677234155163
BAD 677234971381
BAD 677234971393
BAD 677240202259
BAD 677240202263
BAD 677242912909
BAD 677247675803
BAD 677217617807
BAD 677217617809
BAD 677220937139
BAD 677274565249
BAD 677274565259
BAD 677275695101
BAD 677227401271
BAD 677285989069
BAD 677287526533
BAD 677293106887
BAD 677293106899
BAD 677348560277
BAD 677348560279
BAD 677352355367
BAD 677352355369
BAD 677354003803
BAD 677355030889
BAD 677355030893
BAD 677355030901
BAD 677355030907
BAD 677356073033
BAD 677358515689
BAD 677358515693
BAD 677358515699
BAD 677358515761
BAD 677318838281
BAD 677318838283
BAD 677361375739
BAD 677324072963
BAD 677324072969
BAD 677326283551
BAD 677347798681
BAD 677388364379
BAD 677388364381
BAD 677388364403
BAD 677388364493
BAD 677388364501
BAD 677388364537
BAD 677388364603
BAD 677388766433
BAD 677399481511
BAD 677399481523
BAD 677486679853
BAD 677392429013
BAD 677402343439
BAD 677402343451
BAD 677393329783
BAD 677494964221
BAD 677471377651
BAD 677449150223
BAD 677434117001
BAD 677480053231
BAD 677480667613
BAD 677414967319
BAD 677414967331
BAD 677299067701
BAD 677455895071
BAD 677301798533
BAD 677440175051
BAD 677302440467
BAD 677302440469
BAD 677303639003
BAD 677459907727
BAD 677442549391
BAD 677305607371
BAD 677499830131
BAD 677366807371
BAD 677503557457
BAD 677519141779
BAD 677519141791
BAD 677369067121
BAD 677314445999
BAD 677507738659
BAD 677508251689
BAD 677508519673
BAD 677508605203
BAD 677373531893
BAD 677524905143
BAD 677375511719
BAD 677375511733
BAD 677375511779
BAD 677375511781
BAD 677513112767
BAD 677513112769
BAD 677377029103
BAD 677380460513
BAD 677380460521
BAD 677381150581
BAD 677381150587
BAD 677381150591
BAD 677381150597
BAD 677381150599
BAD 677381445289
BAD 677416556279
BAD 677416556281
BAD 677428999903
BAD 677428999909
BAD 677431503403
BAD 677431503409
BAD 677432064163
BAD 677536535677
BAD 677578705711
BAD 677580922519
BAD 677581832453
BAD 677548138921
BAD 677551812389
BAD 677551812391
BAD 677585767867
BAD 677605705523
BAD 677617001323
BAD 677588955949
BAD 677623855123
BAD 677625568973
BAD 677614768561
BAD 677596403611
BAD 677596403629
BAD 677596403633
BAD 677627212789
BAD 677628891227
BAD 677628891229
BAD 677628891241
BAD 677600025923
BAD 677642700131
BAD 677647046669
BAD 677649345313
BAD 677653098151
BAD 677693351017
BAD 677693351029
BAD 677655802661
BAD 677656183051
BAD 677656183129
BAD 677656183133
BAD 677694439463
BAD 677658787207
BAD 677698043497
BAD 677662324939
BAD 677665438531
BAD 677665606243
BAD 677665606249
BAD 677665606259
BAD 677704872893
BAD 677707822303
BAD 677801506651
BAD 677836601933
BAD 677836601971
BAD 677836601977
BAD 677836601983
BAD 677721811387
BAD 677786434601
BAD 677738070157
BAD 677738070161
BAD 677757543913
BAD 677757543917
BAD 677757543919
BAD 677738979667
BAD 677840419103
BAD 677761114463
BAD 677739887017
BAD 677739887021
BAD 677739887023
BAD 677790383869
BAD 677790574207
BAD 677790574211
BAD 677790574213
BAD 677888635433
BAD 677763585533
BAD 677764232419
BAD 677727369667
BAD 677767297943
BAD 677820499417
BAD 677892824269
BAD 677848493767
BAD 677848493783
BAD 677794743781
BAD 677794820671
BAD 677896958657
BAD 677896958659
BAD 677899243733
BAD 677899243741
BAD 677852305159
BAD 677826880481
BAD 677826880483
BAD 677883914483
BAD 677883914489
BAD 677853764843
BAD 677772551021
BAD 677678632069
BAD 677678632087
BAD 677774526859
BAD 677859419287
BAD 677863022611
BAD 677863783033
BAD 677917319257
BAD 677922655391
BAD 677922655393
BAD 677926350533
BAD 677927140183
BAD 677931695827
BAD 677933617703
BAD 677941347653
BAD 677952398833
BAD 677957479897
BAD 677958620519
BAD 677966705483
BAD 677971187009
BAD 677987753167
BAD 677999072693
BAD 678020981947
BAD 678020981951
BAD 678020981971
BAD 678025689811
BAD 678003948091
BAD 678035068439
BAD 678035068441
BAD 678013409441
BAD 678013409443
BAD 678013409449
BAD 678014278219
BAD 678014278223
BAD 678017525219
BAD 678017525221
BAD 678018176489
BAD 678072041839
BAD 678080663237
BAD 678080926823
BAD 678080926829
BAD 678094267831
BAD 678238895549
BAD 678100335683
BAD 678043522843
BAD 678043522847
BAD 678250032743
BAD 678326629969
BAD 678327359407
BAD 678047598191
BAD 678312132229
BAD 678312132233
BAD 678048062011
BAD 678048753601
BAD 678195167723
BAD 678052631101
BAD 678333333287
BAD 678333333289
BAD 678318467227
BAD 678121111819
BAD 678121111831
BAD 678121111939
BAD 678121613119
BAD 678201819109
BAD 678201819121
BAD 678201819199
BAD 678126386423
BAD 678127404679
BAD 678127404683
BAD 678138775163
BAD 678138775231
BAD 678135514543
BAD 678215330213
BAD 678217853321
BAD 678150948799
BAD 678110274073
BAD 678110274077
BAD 678111099343
BAD 678111426331
BAD 678111426337
BAD 678111426347
BAD 678154565603
BAD 678154565609
BAD 678154565611
BAD 678257054483
BAD 678261559441
BAD 678166418509
BAD 678166418513
BAD 678166418519
BAD 678262843813
BAD 678263499259
BAD 678301040707
BAD 678169955657
BAD 678169955663
BAD 678302699377
BAD 678171754033
BAD 678278153957
BAD 678177000841
BAD 678360955927
BAD 678364676623
BAD 678341222641
BAD 678344786269
BAD 678347993663
BAD 678348000653
BAD 678348000661
BAD 678348000689
BAD 678348000691
BAD 678377836993
BAD 678387884437
BAD 678395490511
BAD 678395490517
BAD 678398144363
BAD 678405046513
BAD 678425086057
BAD 678411746071
BAD 678413560973
BAD 678440968903
BAD 678443664463
BAD 678450637541
BAD 678450637549
BAD 678451216943
BAD 678454787783
BAD 678465601279
BAD 678472459673
BAD 678472459681
BAD 678507004771
BAD 678507004793
BAD 678510625357
BAD 678515102689
BAD 678515102693
BAD 678515102701
BAD 678515840371
BAD 678515840377
BAD 678515840383
BAD 678707933347
BAD 678519128951
BAD 678519128953
BAD 678520304617
BAD 678597278179
BAD 678597278189
BAD 678561211277
BAD 678561211283
BAD 678598137929
BAD 678598137937
BAD 678561637717
BAD 678713453641
BAD 678713453647
BAD 678713453653
BAD 678713453657
BAD 678713453659
BAD 678714249211
BAD 678714249221
BAD 678714249223
BAD 678564895873
BAD 678717105083
BAD 678565626481
BAD 678692142719
BAD 678692142721
BAD 678692248631
BAD 678692829733
BAD 678693503119
BAD 678547160887
BAD 678547160903
BAD 678694707331
BAD 678694707337
BAD 678695177603
BAD 678698707573
BAD 678555945283
BAD 678705064603
BAD 678705064657
BAD 678625895953
BAD 678581453663
BAD 678630968069
BAD 678585631487
BAD 678585631489
BAD 678585892157
BAD 678585892177
BAD 678586237969
BAD 678636413347
BAD 678636849997
BAD 678636850007
BAD 678637247087
BAD 678637247089
BAD 678638881433
BAD 678643331479
BAD 678646247831
BAD 678529106911
BAD 678648587213
BAD 678651300323
BAD 678775746361
BAD 678775746367
BAD 678775746371
BAD 678775746373
BAD 678777019033
BAD 678655533607
BAD 678780402331
BAD 678784647557
BAD 678784647559
BAD 678729216989
BAD 678729217009
BAD 678729217013
BAD 678607725023
BAD 678730730863
BAD 678730730879
BAD 678730730903
BAD 678731803369
BAD 678733250359
BAD 678733656659
BAD 678733656661
BAD 678733656691
BAD 678660741527
BAD 678660808633
BAD 678614830433
BAD 678661939283
BAD 678741730033
BAD 678741730039
BAD 678621467753
BAD 678668709949
BAD 678668709967
BAD 678744756031
BAD 678791992013
BAD 678791992031
BAD 678791992033
BAD 678744961127
BAD 678744961129
BAD 678474754283
BAD 678798918293
BAD 678798918299
BAD 678751741147
BAD 678674650613
BAD 678674650637
BAD 678674650711
BAD 678754369759
BAD 678754369763
BAD 678802446631
BAD 678803689489
BAD 678803830741
BAD 678804420953
BAD 678804421013
BAD 678804421051
BAD 678683643821
BAD 678683643823
BAD 678683643829
BAD 678683643853
BAD 678765263179
BAD 678486192133
BAD 678765784273
BAD 678826535873
BAD 678827065223
BAD 678827065351
BAD 678827065363
BAD 678827065369
BAD 678829896937
BAD 678772815079
BAD 678811592633
BAD 678811592663
BAD 678813973793
BAD 678837756917
BAD 678837756923
BAD 678837896837
BAD 678837896839
BAD 678837896843
BAD 678840092389
BAD 678818053891
BAD 678822665503
BAD 678823391927
BAD 678823391929
BAD 678823391933
BAD 678824118491
BAD 678824118493
BAD 678851596223
BAD 678852505343
BAD 678909978367
BAD 678909978391
BAD 678860643319
BAD 678861530449
BAD 678861530467
BAD 678861530471
BAD 678862030969
BAD 678862030981
BAD 678862030991
BAD 678862030993
BAD 678862031011
BAD 678862031069
BAD 678915469237
BAD 679183820999
BAD 679183821013
BAD 678921877279
BAD 678921877303
BAD 678923302963
BAD 679185915281
BAD 679185915283
BAD 679027018309
BAD 679027118153
BAD 679027932833
BAD 678930444281
BAD 678962209703
BAD 678956009299
BAD 678925156733
BAD 679187712653
BAD 678957175051
BAD 679190833393
BAD 679030754137
BAD 679031835743
BAD 679032697201
BAD 678938244871
BAD 678938244877
BAD 679035216817
BAD 679035216829
BAD 679035216841
BAD 679218908903
BAD 678941183773
BAD 678941183783
BAD 678941698453
BAD 679037624453
BAD 679037624567
BAD 679037624569
BAD 679038606187
BAD 679041045421
BAD 679224491741
BAD 679224491747
BAD 679224491749
BAD 679144545983
BAD 679144546013
BAD 679144546061
BAD 679144546063
BAD 679229527957
BAD 679147375561
BAD 678978001379
BAD 678978001381
BAD 679149007051
BAD 679149007057
BAD 679149007063
BAD 679151949391
BAD 679244373781
BAD 678982869883
BAD 678982869893
BAD 678982869907
BAD 679154474827
BAD 679154474833
BAD 679155941731
BAD 679238816629
BAD 679156907647
BAD 679156990951
BAD 678875864861
BAD 678988731847
BAD 678989721149
BAD 679159323533
BAD 679252498013
BAD 679252647277
BAD 679243345051
BAD 679013517157
BAD 678881805101
BAD 678881805113
BAD 679005498893
BAD 679015095053
BAD 679005732367
BAD 679015449043
BAD 679258459721
BAD 678895358899
BAD 678895358903
BAD 679022713973
BAD 678897758933
BAD 678900818317
BAD 679085548807
BAD 679085548811
BAD 679130736901
BAD 679131618929
BAD 679131618931
BAD 679131618947
BAD 679131618953
BAD 679131901999
BAD 679131902003
BAD 679137043379
BAD 679137043381
BAD 679137422221
BAD 679093090163
BAD 679140681559
BAD 679140681563
BAD 679140681589
BAD 679161768217
BAD 679161768221
BAD 679161768223
BAD 679161768227
BAD 679196028727
BAD 679165192319
BAD 679103124487
BAD 679166018393
BAD 679114587043
BAD 679116245083
BAD 679116245099
BAD 679170484513
BAD 679170484519
BAD 679204668463
BAD 679119899879
BAD 679173951541
BAD 679206708529
BAD 679206708541
BAD 679206708547
BAD 679206708569
BAD 679206708571
BAD 679072085801
BAD 679072085803
BAD 679073763001
BAD 679345531621
BAD 679261352017
BAD 679296897863
BAD 679263153167
BAD 679263450457
BAD 679285010101
BAD 679285010113
BAD 679303756559
BAD 679303756561
BAD 679289348611
BAD 679306554653
BAD 679291308697
BAD 679291308701
BAD 679334704597
BAD 679291608019
BAD 679308630293
BAD 679308910309
BAD 679309309673
BAD 679384082033
BAD 679324125589
BAD 679391197553
BAD 679391329219
BAD 679391329223
BAD 679392612961
BAD 679395186367
BAD 679500483527
BAD 679500483533
BAD 679447274089
BAD 679504738823
BAD 679483105621
BAD 679418092189
BAD 679483196017
BAD 679483196023
BAD 679476236671
BAD 679486914053
BAD 679486914091
BAD 679478404343
BAD 679487053877
BAD 679487053879
BAD 679487289703
BAD 679488175217
BAD 679488175229
BAD 679488175231
BAD 679459545553
BAD 679489973221
BAD 679490294359
BAD 679518628573
BAD 679462012729
BAD 679521051173
BAD 679398022321
BAD 679401915559
BAD 679403021123
BAD 679403021161
BAD 679546968053
BAD 679547577431
BAD 679547577439
BAD 679547577463
BAD 679551010477
BAD 679431555799
BAD 679433517053
BAD 679433711041
BAD 679559552011
BAD 679441101301
BAD 679441101307
BAD 679362277313
BAD 679366753343
BAD 679366753487
BAD 679366753489
BAD 679368514763
BAD 679599026929
BAD 679600621681
BAD 679602047123
BAD 679605281827
BAD 679610947669
BAD 679581460399
BAD 679581460403
BAD 679570991443
BAD 679570991447
BAD 679572565459
BAD 679572565471
BAD 679577107801
BAD 679654083853
BAD 679579659133
BAD 679617361043
BAD 679531109953
BAD 679639195253
BAD 679538083459
BAD 679538573059
BAD 679642938203
BAD 679642938229
BAD 679646648783
BAD 679747898261
BAD 679737028793
BAD 679697548009
BAD 679680558803
BAD 679680825503
BAD 679699808947
BAD 679665828893
BAD 679685819647
BAD 679757441611
BAD 679706760211
BAD 679670993647
BAD 679691808053
BAD 679692734999
BAD 679692900283
BAD 679765568753
BAD 679765568761
BAD 679765568771
BAD 679765568773
BAD 679763277679
BAD 679763600359
BAD 679713642931
BAD 679769743591
BAD 679729035499
BAD 679729445623
BAD 679832154439
BAD 679884094441
BAD 679837448053
BAD 679837448063
BAD 679818067231
BAD 679818067237
BAD 679887157253
BAD 679822207087
BAD 679822207091
BAD 679822207093
BAD 679848760099
BAD 679842767341
BAD 679843453979
BAD 679843453981
BAD 679868020033
BAD 679868059553
BAD 679826397337
BAD 679869298021
BAD 679853028871
BAD 679919161927
BAD 679900696913
BAD 679900696939
BAD 679900696973
BAD 679902668701
BAD 679902668707
BAD 679876327321
BAD 679861367561
BAD 679799122433
BAD 679799122511
BAD 679879282211
BAD 679909224523
BAD 679793809411
BAD 679795331959
BAD 679814044411
BAD 679932354137
BAD 679932354139
BAD 679932354169
BAD 679932354173
BAD 679933166551
BAD 679933664803
BAD 679933664807
BAD 679933664833
BAD 679934657713
BAD 679934657719
BAD 679939861831
BAD 679945030907
BAD 679945030909
BAD 679954918477
BAD 679955108957
BAD 679967235587
BAD 679968684431
BAD 679964848861
BAD 679970699069
BAD 679970699071
BAD 679972480951
BAD 679983941773
BAD 679983941779
BAD 679978061747
BAD 679987621241
BAD 679994281669
RANGE 670000000000 680000000000 PRIMES 367139298 BAD 2754
