BAD 540017518471
BAD 540353257273
BAD 540252946843
BAD 540152105419
BAD 540152105431
BAD 540022825081
BAD 540022825087
BAD 540309172421
BAD 540309172423
BAD 540207813151
BAD 540024404971
BAD 540024404977
BAD 540093208609
BAD 540361064479
BAD 540361064483
BAD 540094071337
BAD 540209710643
BAD 540313166093
BAD 540363804947
BAD 540363804949
BAD 540313471583
BAD 540262546921
BAD 540029332681
BAD 540263919863
BAD 540265035301
BAD 540316919833
BAD 540317101579
BAD 540214911031
BAD 540367049147
BAD 540367049149
BAD 540164688991
BAD 540101012623
BAD 540101228941
BAD 540268687537
BAD 540172075931
BAD 540105313249
BAD 540177486763
BAD 540177486767
BAD 540107606887
BAD 540340234397
BAD 540340234417
BAD 540340234429
BAD 540186505997
BAD 540341299133
BAD 540186642629
BAD 540186642631
BAD 540181168393
BAD 540181168427
BAD 540181850147
BAD 540181850149
BAD 540188865577
BAD 540188865581
BAD 540182792549
BAD 540182792551
BAD 540320790353
BAD 540113132287
BAD 540321255469
BAD 540190706269
BAD 540190706273
BAD 540191187649
BAD 540191187667
BAD 540281504159
BAD 540323368523
BAD 540323887847
BAD 540323887849
BAD 540348198857
BAD 540349692437
BAD 540349692439
BAD 540349692469
BAD 540196170443
BAD 540068043421
BAD 540068234291
BAD 540068234311
BAD 540119251831
BAD 540330665887
BAD 540330665891
BAD 540331732327
BAD 540071375453
BAD 540071375471
BAD 540122548981
BAD 540122919529
BAD 540122919533
BAD 540010983653
BAD 540123571621
BAD 540224378123
BAD 540012189427
BAD 540012189433
BAD 540076610257
BAD 540076610261
BAD 540076610813
BAD 540126836539
BAD 540078898699
BAD 540078898703
BAD 540078898769
BAD 540078898771
BAD 540079232689
BAD 540229122481
BAD 540374059051
BAD 540374376643
BAD 540374376683
BAD 540131089321
BAD 540131089327
BAD 540131089343
BAD 540131093461
BAD 540040960279
BAD 540041162377
BAD 540376589959
BAD 540376589969
BAD 540376589971
BAD 540133048603
BAD 540136341659
BAD 540234400051
BAD 540138988399
BAD 540046166137
BAD 540383493607
BAD 540384112967
BAD 540384112969
BAD 540384112973
BAD 540384112979
BAD 540384112981
BAD 540143765053
BAD 540235096081
BAD 540236603743
BAD 540240342797
BAD 540240779027
BAD 540240779033
BAD 540240968237
BAD 540240968243
BAD 540242467117
BAD 540388535149
BAD 540245684093
BAD 540246213487
BAD 540393387143
BAD 540393668707
BAD 540393668753
BAD 540251220811
BAD 540396823103
BAD 540400541693
BAD 540050725483
BAD 540052024879
BAD 540052743851
BAD 540059987723
BAD 540062415259
BAD 540062443321
BAD 540455984513
BAD 540456470797
BAD 540456470803
BAD 540419455913
BAD 540421892083
BAD 540490495429
BAD 540426491749
BAD 540466327993
BAD 540426491753
BAD 540426491821
BAD 540426491873
BAD 540492706997
BAD 540436661383
BAD 540473557343
BAD 540436909391
BAD 540468181879
BAD 540494669053
BAD 540468514519
BAD 540429826067
BAD 540495778679
BAD 540495778681
BAD 540495778687
BAD 540430364153
BAD 540476715241
BAD 540476773777
BAD 540442345459
BAD 540443986267
BAD 540443986373
BAD 540481639573
BAD 540483157573
BAD 540483157579
BAD 540448754431
BAD 540449367863
BAD 540411492053
BAD 540412197137
BAD 540412197139
BAD 540413871469
BAD 540789189769
BAD 540789189791
BAD 540789189793
BAD 540792920221
BAD 540795067867
BAD 540795067873
BAD 540523338023
BAD 540798020107
BAD 540798020117
BAD 540803429743
BAD 540803476243
BAD 540727843597
BAD 540727843603
BAD 540728231011
BAD 540655549249
BAD 540739143601
BAD 540657044209
BAD 540505096381
BAD 540505096399
BAD 540505096403
BAD 540659502931
BAD 540659502949
BAD 540661952713
BAD 540511290443
BAD 540772886981
BAD 540747635983
BAD 540747921953
BAD 540773754643
BAD 540776763581
BAD 540752126953
BAD 540752126963
BAD 540515997911
BAD 540714118213
BAD 540780382217
BAD 540697144879
BAD 540782948903
BAD 540717206123
BAD 540784332031
BAD 540784332133
BAD 540519632843
BAD 540785933851
BAD 540701459653
BAD 540701459677
BAD 540701459681
BAD 540786715921
BAD 540786715957
BAD 540786715967
BAD 540769356251
BAD 540769356269
BAD 540769356271
BAD 540703946443
BAD 540703946467
BAD 540640719079
BAD 540588546037
BAD 540588546053
BAD 540588940279
BAD 540589192411
BAD 540589944877
BAD 540645790441
BAD 540539267963
BAD 540595358557
BAD 540554422637
BAD 540554422657
BAD 540555139183
BAD 540555244043
BAD 540542310799
BAD 540542551897
BAD 540605695891
BAD 540544461497
BAD 540606990229
BAD 540606990233
BAD 540545945633
BAD 540610132961
BAD 540610132963
BAD 540563904613
BAD 540566809621
BAD 540566809631
BAD 540566809633
BAD 540566809637
BAD 540566809639
BAD 540622400413
BAD 540624156911
BAD 540624156913
BAD 540624156929
BAD 540624156931
BAD 540552971327
BAD 540552971339
BAD 540552971341
BAD 540568629869
BAD 540568629871
BAD 540568629877
BAD 540569430119
BAD 540628393037
BAD 540628638127
BAD 540628638203
BAD 540628638211
BAD 540675603397
BAD 540675796147
BAD 540634679213
BAD 540683393477
BAD 540683393479
BAD 540683431931
BAD 540683431933
BAD 540685669397
BAD 540685669399
BAD 540686263903
BAD 540686463379
BAD 540687227053
BAD 540573624893
BAD 540573624901
BAD 540573624937
BAD 540574948897
BAD 540575903789
BAD 540575903797
BAD 540578357749
BAD 540580994647
BAD 540584816053
BAD 540840928373
BAD 540840928501
BAD 540822449317
BAD 540822565979
BAD 540843355673
BAD 540845117233
BAD 540850785049
BAD 540850785053
BAD 540826159051
BAD 540829907987
BAD 540830999209
BAD 540831550139
BAD 540831550141
BAD 540835130623
BAD 540835130629
BAD 540862403573
BAD 540863178473
BAD 540893297977
BAD 540894168611
BAD 540894168613
BAD 540867870973
BAD 540897257783
BAD 540898898803
BAD 540898898833
BAD 540899156491
BAD 540901745653
BAD 540873805753
BAD 540875762309
BAD 540908177363
BAD 540908177371
BAD 540908758807
BAD 540908758813
BAD 540909828397
BAD 540909828401
BAD 540909828409
BAD 540910816013
BAD 540910816021
BAD 540911547689
BAD 540911547691
BAD 540881195003
BAD 540882301513
BAD 540882301517
BAD 540882301523
BAD 540809399917
BAD 540809964481
BAD 540886561261
BAD 540917166641
BAD 540917997847
BAD 540813032719
BAD 540888973199
BAD 540888973201
BAD 540918988823
BAD 540920300623
BAD 540920300629
BAD 540815139901
BAD 540815139919
BAD 540815139923
BAD 540815373689
BAD 540815373691
BAD 540815854177
BAD 540817195571
BAD 540820181299
BAD 540820181303
BAD 540925318979
BAD 540925318981
BAD 540926298533
BAD 540926298541
BAD 540926298557
BAD 540926298559
BAD 540931738261
BAD 540931738279
BAD 540931738283
BAD 540939586939
BAD 540944048783
BAD 540945051739
BAD 540946219871
BAD 540946219873
BAD 540946589369
BAD 540946589371
BAD 540946589569
BAD 540933645409
BAD 540947325917
BAD 540947325923
BAD 540950826851
BAD 540952645351
BAD 540938730781
BAD 540939261931
BAD 540939261937
BAD 540991652723
BAD 540991652731
BAD 540993092161
BAD 540994428661
BAD 540996921239
BAD 541003209673
BAD 540973376033
BAD 541004349979
BAD 541062499553
BAD 540976829513
BAD 540983064841
BAD 540983321159
BAD 540983321161
BAD 540985198219
BAD 541069740863
BAD 540987338989
BAD 541159642687
BAD 541162922407
BAD 541162922413
BAD 541162922423
BAD 541107797873
BAD 541076249243
BAD 541076249257
BAD 541165306939
BAD 541077356657
BAD 541077356669
BAD 541077356671
BAD 541166356613
BAD 541109748923
BAD 541083785173
BAD 541083785189
BAD 541114009463
BAD 541114050907
BAD 541044052361
BAD 541044052363
BAD 541115487359
BAD 541118495483
BAD 541007090341
BAD 541128099793
BAD 541128099797
BAD 541128099803
BAD 541120925771
BAD 541120925773
BAD 541129658959
BAD 541130105393
BAD 541130357293
BAD 541123111747
BAD 541123111751
BAD 541011007423
BAD 541011007429
BAD 541052093093
BAD 541052093143
BAD 541052093147
BAD 541052093149
BAD 541052148631
BAD 541027256647
BAD 541028276011
BAD 541136377433
BAD 541015127603
BAD 541056597199
BAD 541030760899
BAD 541195036981
BAD 541176737723
BAD 541017797077
BAD 541197196853
BAD 541093270031
BAD 541093270033
BAD 541093561441
BAD 541093561447
BAD 541093561451
BAD 541093561453
BAD 541201459873
BAD 541201459891
BAD 541036160647
BAD 541204057189
BAD 541204079509
BAD 541099138633
BAD 541099138637
BAD 541038899977
BAD 541186508983
BAD 541187680577
BAD 541187680619
BAD 541187702179
BAD 540959705863
BAD 540959705903
BAD 541189574747
BAD 541189680007
BAD 541104305393
BAD 541104305407
BAD 541190594563
BAD 541105484663
BAD 541105484669
BAD 541105484671
BAD 541105484677
BAD 540964692817
BAD 541146614783
BAD 541151675333
BAD 541151675341
BAD 541152509993
BAD 541153358099
BAD 541215433909
BAD 541217010557
BAD 541217010559
BAD 541225253633
BAD 541220157889
BAD 541220157893
BAD 541220157983
BAD 541220335949
BAD 541220335951
BAD 541220335969
BAD 541220335973
BAD 541220726119
BAD 541227579733
BAD 541229213269
BAD 541231495433
BAD 541243609831
BAD 541241380963
BAD 541241380969
BAD 541241380973
BAD 541245926677
BAD 541245926681
BAD 541246484819
BAD 541249762789
BAD 541249762793
BAD 541250247961
BAD 541250247973
BAD 541250247991
BAD 541252102673
BAD 541252102697
BAD 541295650177
BAD 541296085549
BAD 541253253731
BAD 541253253733
BAD 541253253743
BAD 541254020407
BAD 541300023109
BAD 541300023113
BAD 541305456721
BAD 541264222327
BAD 541264222333
BAD 541265762809
BAD 541265762819
BAD 541269359933
BAD 541271253881
BAD 541271253883
BAD 541271253893
BAD 541277263759
BAD 541277263763
BAD 541277263781
BAD 541277263783
BAD 541278382517
BAD 541309832311
BAD 541282302247
BAD 541282336423
BAD 541282336433
BAD 541315580653
BAD 541315580657
BAD 541285821187
BAD 541285821217
BAD 541286198683
BAD 541286481623
BAD 541287086827
BAD 541287086831
BAD 541287086833
BAD 541287324313
BAD 541316919071
BAD 541317178553
BAD 541288157251
BAD 541288157327
BAD 541289140333
BAD 541289454733
BAD 541290285013
BAD 541322513671
BAD 541363246667
BAD 541363246673
BAD 541363246679
BAD 541370204923
BAD 541370204933
BAD 541370204959
BAD 541370614163
BAD 541371927367
BAD 541371927373
BAD 541371927377
BAD 541371927379
BAD 541372859617
BAD 541372859639
BAD 541372859641
BAD 541397546953
BAD 541398694141
BAD 541578550087
BAD 541578550091
BAD 541578550099
BAD 541580072723
BAD 541580984089
BAD 541580984093
BAD 541407639853
BAD 541407639863
BAD 541407719543
BAD 541407719549
BAD 541407719551
BAD 541582768003
BAD 541584171959
BAD 541446991699
BAD 541446991703
BAD 541447699651
BAD 541447699693
BAD 541447699703
BAD 541448200739
BAD 541590059627
BAD 541592308639
BAD 541454215777
BAD 541459523933
BAD 541328569447
BAD 541328569451
BAD 541328569469
BAD 541328569471
BAD 541329621493
BAD 541342246013
BAD 541342246057
BAD 541342857557
BAD 541331284523
BAD 541347528523
BAD 541336033583
BAD 541353114661
BAD 541337875567
BAD 541477441861
BAD 541486501943
BAD 541488614311
BAD 541488614333
BAD 541488614389
BAD 541488614393
BAD 541488865537
BAD 541488865543
BAD 541488865627
BAD 541488865633
BAD 541491090743
BAD 541594780093
BAD 541567930769
BAD 541567930793
BAD 541599129139
BAD 541599129143
BAD 541530530641
BAD 541530530647
BAD 541530530657
BAD 541530530659
BAD 541545120031
BAD 541571628001
BAD 541572043723
BAD 541461323287
BAD 541548442133
BAD 541533845803
BAD 541533845813
BAD 541533845863
BAD 541533845869
BAD 541548729653
BAD 541533998507
BAD 541549446953
BAD 541604369441
BAD 541550150527
BAD 541550150599
BAD 541536417713
BAD 541511667187
BAD 541503143813
BAD 541503143821
BAD 541552442923
BAD 541608267481
BAD 541553791081
BAD 541553791099
BAD 541553791117
BAD 541539774007
BAD 541539774023
BAD 541609746323
BAD 541468124081
BAD 541468124083
BAD 541508095153
BAD 541411163749
BAD 541411163753
BAD 541508590471
BAD 541414411807
BAD 541521001039
BAD 541416342059
BAD 541416342067
BAD 541426668709
BAD 541474504321
BAD 541418110973
BAD 541525788689
BAD 541525788709
BAD 541433225401
BAD 541423712783
BAD 541437856181
BAD 541439310289
BAD 541376236703
BAD 541376726731
BAD 541379844631
BAD 541386728759
BAD 541390229641
BAD 541392080903
BAD 541616148683
BAD 541616682203
BAD 541620791071
BAD 541621010353
BAD 541623564347
BAD 541623864427
BAD 541633048309
BAD 541633048351
BAD 541634347493
BAD 541679533799
BAD 541679533807
BAD 541642568123
BAD 541683576103
BAD 541655037569
BAD 541655037571
BAD 541659062143
BAD 541660587649
BAD 541714858219
BAD 541717650709
BAD 541717824563
BAD 541717824589
BAD 541717824601
BAD 541717864381
BAD 541718054569
BAD 541718054573
BAD 541718608073
BAD 541721003633
BAD 541721003639
BAD 541721003641
BAD 541694935987
BAD 541723764199
BAD 541726517099
BAD 541702193479
BAD 541705473787
BAD 541661836403
BAD 541661836493
BAD 541706583689
BAD 541706755201
BAD 541664128909
BAD 541664128937
BAD 541664307433
BAD 541664819303
BAD 541667131829
BAD 541676219131
BAD 541734977327
BAD 541734977363
BAD 541737071731
BAD 541761987037
BAD 541764110387
BAD 541779167417
BAD 541767211303
BAD 541767279271
BAD 541780671361
BAD 541743141109
BAD 541743141113
BAD 541782940417
BAD 541784951093
BAD 541769982773
BAD 541770765511
BAD 541772470663
BAD 541787832437
BAD 541773297671
BAD 541773297673
BAD 541773961549
BAD 541790442121
BAD 541790690053
BAD 541790690059
BAD 541790690069
BAD 541790690071
BAD 541790690083
BAD 541793739127
BAD 541793841263
BAD 541921543249
BAD 541921543283
BAD 541929246953
BAD 541896283939
BAD 541899398149
BAD 541899667823
BAD 541901979043
BAD 541901979049
BAD 541902731509
BAD 541746090607
BAD 541747141951
BAD 541879621709
BAD 541879621711
BAD 541879621733
BAD 541846522801
BAD 541880109619
BAD 541880109623
BAD 541907057459
BAD 541907057521
BAD 541937364523
BAD 541749626191
BAD 541749626203
BAD 541749659413
BAD 541881074809
BAD 541881146383
BAD 541908818929
BAD 541850486641
BAD 541882201921
BAD 541882201933
BAD 541882201943
BAD 541851059159
BAD 541851327293
BAD 541851327299
BAD 541851327301
BAD 541851327307
BAD 541851897791
BAD 541851897793
BAD 541851897809
BAD 541911518699
BAD 541911518713
BAD 542008817333
BAD 541887923579
BAD 541887923581
BAD 541857428771
BAD 541857428773
BAD 541889562551
BAD 541889562553
BAD 541945721873
BAD 541945721881
BAD 541752044027
BAD 541892069347
BAD 541753902553
BAD 541861356863
BAD 541756848053
BAD 541758889939
BAD 541758889943
BAD 541816281803
BAD 541817240147
BAD 541817240149
BAD 541946338573
BAD 541946338819
BAD 541820196923
BAD 541823762009
BAD 541825342999
BAD 541951548857
BAD 541952799653
BAD 541952799743
BAD 542031757699
BAD 541959961357
BAD 541959961379
BAD 541959961381
BAD 541980026327
BAD 541984372253
BAD 541986295597
BAD 541876441097
BAD 541877613943
BAD 541877613947
BAD 541878045143
BAD 542043739109
BAD 542045708573
BAD 541832555753
BAD 541995640139
BAD 541995640141
BAD 541996312861
BAD 541834409429
BAD 541795707517
BAD 541964048123
BAD 541834932739
BAD 541834932841
BAD 541967416129
BAD 541799532653
BAD 541968247243
BAD 541968247253
BAD 541968247259
BAD 541969947863
BAD 541970516179
BAD 541803542551
BAD 541804296409
BAD 541804296413
BAD 541804296421
BAD 541804445353
BAD 541804812097
BAD 541805117617
BAD 541805117621
BAD 541805117627
BAD 541805117629
BAD 541805986081
BAD 541805986087
BAD 541805986091
BAD 541805986093
BAD 541805986097
BAD 542023611209
BAD 542023611211
BAD 541807556209
BAD 541807856071
BAD 541807856077
BAD 541807856089
BAD 541843176451
BAD 541979035373
BAD 541810556873
BAD 541811372161
BAD 542029893767
BAD 542047165207
BAD 542051813647
BAD 542059257587
BAD 542059257589
BAD 542063196799
BAD 542065119623
BAD 542065119637
BAD 542115536639
BAD 542068172627
BAD 542068172629
BAD 542068617221
BAD 542120218753
BAD 542122234243
BAD 542079051343
BAD 542124635783
BAD 542127899629
BAD 542129019539
BAD 542130713749
BAD 542130713753
BAD 542130713843
BAD 542135843551
BAD 542175200789
BAD 542137485847
BAD 542137485863
BAD 542137924219
BAD 542157640109
BAD 542157640111
BAD 542081517511
BAD 542157640117
BAD 542159295427
BAD 542093454731
BAD 542093454733
BAD 542098412507
BAD 542098412509
BAD 542098412629
BAD 542098412633
BAD 542099347763
BAD 542099347771
BAD 542099347789
BAD 542103201617
BAD 542111392037
BAD 542181928991
BAD 542188200049
BAD 542188200079
BAD 542195388773
BAD 542195388781
BAD 542232823607
BAD 542232823609
BAD 542233109993
BAD 542233110113
BAD 542248683463
BAD 542248683469
BAD 542249567221
BAD 542250617443
BAD 542250617449
BAD 542250617453
BAD 542250644993
BAD 542243213417
BAD 542243213419
BAD 542217866363
BAD 542243311627
BAD 542218053497
BAD 542243711423
BAD 542244183097
BAD 542244604351
BAD 542244643103
BAD 542245059691
BAD 542248119157
BAD 542248119173
BAD 542248119181
BAD 542265735163
BAD 542265735173
BAD 542282022613
BAD 542284581511
BAD 542284796341
BAD 542285558723
BAD 542285558729
BAD 542205610231
BAD 542287776893
BAD 542287884643
BAD 542231140313
BAD 542289906143
BAD 542359398673
BAD 542359624297
BAD 542359645831
BAD 542360947883
BAD 542462053037
BAD 542462053039
BAD 542462053043
BAD 542464706461
BAD 542464706479
BAD 542464706491
BAD 542366369161
BAD 542369584249
BAD 542369770379
BAD 542378572343
BAD 542301261269
BAD 542301483253
BAD 542419445881
BAD 542420989249
BAD 542420989267
BAD 542399908703
BAD 542399908717
BAD 542422571461
BAD 542307719209
BAD 542308545497
BAD 542308545503
BAD 542309199053
BAD 542309304377
BAD 542309304379
BAD 542315467181
BAD 542315467321
BAD 542315467333
BAD 542315467339
BAD 542407345093
BAD 542407345097
BAD 542407345099
BAD 542408476843
BAD 542440391513
BAD 542440399883
BAD 542393514109
BAD 542393807911
BAD 542414838799
BAD 542330711701
BAD 542396872687
BAD 542517455593
BAD 542518470127
BAD 542520527963
BAD 542535151943
BAD 542536462907
BAD 542527797529
BAD 542528462941
BAD 542539933321
BAD 542542332623
BAD 542503915013
BAD 542504471077
BAD 542504597161
BAD 542533272797
BAD 542545133423
BAD 542548447297
BAD 542509762981
BAD 542509762987
BAD 542549294431
BAD 542490791911
BAD 542490791923
BAD 542549997307
BAD 542492039941
BAD 542511739247
BAD 542511739249
BAD 542495514503
BAD 542495890429
BAD 542498263403
BAD 542469447769
BAD 542568639961
BAD 542470401679
BAD 542470820293
BAD 542471934577
BAD 542473256263
BAD 542473256267
BAD 542473688257
BAD 542572628581
BAD 542573270389
BAD 542575605679
BAD 542550595343
BAD 542554288459
BAD 542555171009
BAD 542580455453
BAD 542580687049
BAD 542580763603
BAD 542556830479
BAD 542556922409
BAD 542557452797
BAD 542557452799
BAD 542557452803
BAD 542562425989
BAD 542564909363
BAD 542589600143
BAD 542589653611
BAD 542590086581
BAD 542590086583
BAD 542590603823
BAD 542591314009
BAD 542592182413
BAD 542592182443
BAD 542595518303
BAD 542693408137
BAD 542694641581
BAD 542696256343
BAD 542699209051
BAD 542718260327
BAD 542718675913
BAD 542719310401
BAD 542728741043
BAD 542729103097
BAD 542730786473
BAD 542619383659
BAD 542619383671
BAD 542620205227
BAD 542634575401
BAD 542634670321
BAD 542621349901
BAD 542636443879
BAD 542636443883
BAD 542702974259
BAD 542704387747
BAD 542704694479
BAD 542708450797
BAD 542656197683
BAD 542602586089
BAD 542644274663
BAD 542602586107
BAD 542667973831
BAD 542711146333
BAD 542644274671
BAD 542711146337
BAD 542712227311
BAD 542712942103
BAD 542712942113
BAD 542712942119
BAD 542712942151
BAD 542713676441
BAD 542713676443
BAD 542713676447
BAD 542713771219
BAD 542670502313
BAD 542604994133
BAD 542648031193
BAD 542673938017
BAD 542673987019
BAD 542608899043
BAD 542608899047
BAD 542613720379
BAD 542613720391
BAD 542614466293
BAD 542614497673
BAD 542681295097
BAD 542819261843
BAD 542829367169
BAD 542737100881
BAD 542834060521
BAD 542834060551
BAD 542834060563
BAD 542834060567
BAD 542834060569
BAD 542739660773
BAD 542743596583
BAD 542747267221
BAD 542750269309
BAD 542787213281
BAD 542787213289
BAD 542787471451
BAD 542852807303
BAD 542790445643
BAD 542791252613
BAD 542858644819
BAD 542862459323
BAD 542841791521
BAD 542842005163
BAD 542842005289
BAD 542756986091
BAD 542758504243
BAD 542805751783
BAD 542805784067
BAD 542805784069
BAD 542847467119
BAD 542847467131
BAD 542808128543
BAD 542808192151
BAD 542848960741
BAD 542762921731
BAD 542812548463
BAD 542812548469
BAD 542767925897
BAD 542767925899
BAD 542813437853
BAD 542813437861
BAD 542813437867
BAD 542815392709
BAD 542815392719
BAD 542779294789
BAD 542781920783
BAD 542782443523
BAD 542782443529
BAD 542783247001
BAD 542783247011
BAD 542911316203
BAD 542911316309
BAD 542916479753
BAD 542916479839
BAD 542885704513
BAD 542887432873
BAD 542888534651
BAD 542888534653
BAD 542889545749
BAD 542891341231
BAD 542894262143
BAD 542894491159
BAD 542895866963
BAD 542919744659
BAD 542919744683
BAD 542919744691
BAD 542923714813
BAD 542925933409
BAD 542925933427
BAD 542943645163
BAD 542944361303
BAD 542948136413
BAD 542950542581
BAD 542950542583
BAD 542951320403
BAD 542951320409
BAD 542951320411
BAD 542951843909
BAD 542951843911
BAD 542952353851
BAD 542952485113
BAD 542952485149
BAD 542952485161
BAD 542876376961
BAD 542878195471
BAD 542879774309
BAD 542962596907
BAD 542976856997
BAD 542976856999
BAD 542977166213
BAD 542980810553
BAD 542982361477
BAD 543004311013
BAD 543004311061
BAD 543005723809
BAD 543007304423
BAD 543007304513
BAD 543007304527
BAD 543007308203
BAD 543011174449
BAD 542995851121
BAD 542997557057
BAD 542997557059
BAD 543001831613
BAD 543002116339
BAD 543002116343
BAD 543002174359
BAD 543157142351
BAD 543158108863
BAD 543170096003
BAD 543120783131
BAD 543120783133
BAD 543071465033
BAD 543071465039
BAD 543106471613
BAD 543072142853
BAD 543020408971
BAD 543108645503
BAD 543073662151
BAD 543073662227
BAD 543073662233
BAD 543110243887
BAD 543078223421
BAD 543128186353
BAD 543025017973
BAD 543131251489
BAD 543131251493
BAD 543132028903
BAD 543115147721
BAD 543081214343
BAD 543115377073
BAD 543133000283
BAD 543134968081
BAD 543044250677
BAD 543028506781
BAD 543136622153
BAD 543136622159
BAD 543028646759
BAD 543028646761
BAD 543028646773
BAD 543083459717
BAD 543083459719
BAD 543050537599
BAD 543052655149
BAD 543095327651
BAD 543095331901
BAD 543054312631
BAD 543054312637
BAD 543101221939
BAD 543101436211
BAD 543101436217
BAD 543101488021
BAD 543062258449
BAD 543063974027
BAD 543063974029
BAD 543064538461
BAD 543064790869
BAD 543280420883
BAD 543283091599
BAD 543283091639
BAD 543283091641
BAD 543283091647
BAD 543283581409
BAD 543284431583
BAD 543239571869
BAD 543239571871
BAD 543239571911
BAD 543241149833
BAD 543241149853
BAD 543241281707
BAD 543241281743
BAD 543223595701
BAD 543223692083
BAD 543223692211
BAD 543242675903
BAD 543243727853
BAD 543243727867
BAD 543247733363
BAD 543188336311
BAD 543177507053
BAD 543177901463
BAD 543191316289
BAD 543191316301
BAD 543180285317
BAD 543191665637
BAD 543250745839
BAD 543323517791
BAD 543180285331
BAD 543193711877
BAD 543193711883
BAD 543193711901
BAD 543193711919
BAD 543252193909
BAD 543183736673
BAD 543139895191
BAD 543197961349
BAD 543212697803
BAD 543199477537
BAD 543143439403
BAD 543200401123
BAD 543200401207
BAD 543200401213
BAD 543145262399
BAD 543145262483
BAD 543202037117
BAD 543202037123
BAD 543266716141
BAD 543270652129
BAD 543150176123
BAD 543150176131
BAD 543290158583
BAD 543290158601
BAD 543290158603
BAD 543292671671
BAD 543292671673
BAD 543295108579
BAD 543317900093
BAD 543319993427
BAD 543319993429
BAD 543321469013
BAD 543302508323
BAD 543339831263
BAD 543339831269
BAD 543339831271
BAD 543340106389
BAD 543341100061
BAD 543341100067
BAD 543341100079
BAD 543341100083
BAD 543342329119
BAD 543342329161
BAD 543342885121
BAD 543347312681
BAD 543347312689
BAD 543348766549
BAD 543353150089
BAD 543354447073
BAD 543354477529
BAD 543373658651
BAD 543373658671
BAD 543356489323
BAD 543384480713
BAD 543384480833
BAD 543384480841
BAD 543388072103
BAD 543372019837
BAD 543389735593
BAD 543393365857
BAD 543394217689
BAD 543394217693
BAD 543394217713
BAD 543400479577
BAD 543406915201
BAD 543408183893
BAD 543408183911
BAD 543408183919
BAD 543408353399
BAD 543408353401
BAD 543413771689
BAD 543417778531
BAD 543417778537
BAD 543426099427
BAD 543419996309
BAD 543419996311
BAD 543419996321
BAD 543419996323
BAD 543420525421
BAD 543420789749
BAD 543524017381
BAD 543525682801
BAD 543474901381
BAD 543526849069
BAD 543528430667
BAD 543477541993
BAD 543530658721
BAD 543479841589
BAD 543479841607
BAD 543437630779
BAD 543506457737
BAD 543506457743
BAD 543459325403
BAD 543482133829
BAD 543482133833
BAD 543511258681
BAD 543512488081
BAD 543512488087
BAD 543512488097
BAD 543513408101
BAD 543465789803
BAD 543498067207
BAD 543467238667
BAD 543467583667
BAD 543500939893
BAD 543518204897
BAD 543486269383
BAD 543523140253
BAD 543441704593
BAD 543445097501
BAD 543445097519
BAD 543445097521
BAD 543454757719
BAD 543454757723
BAD 543591741893
BAD 543592415287
BAD 543542698357
BAD 543595747867
BAD 543595747873
BAD 543595747889
BAD 543597656509
BAD 543597656513
BAD 543597656579
BAD 543598703213
BAD 543545631619
BAD 543545631623
BAD 543546347657
BAD 543600857857
BAD 543546830797
BAD 543546830807
BAD 543546830809
BAD 543603455513
BAD 543548646623
BAD 543548646637
BAD 543549734129
BAD 543604940303
BAD 543604940341
BAD 543604990891
BAD 543605398009
BAD 543551149613
BAD 543724972291
BAD 543724972303
BAD 543724972309
BAD 543725678273
BAD 543725678281
BAD 543643281289
BAD 543728379911
BAD 543732106297
BAD 543739847923
BAD 543648441467
BAD 543650299169
BAD 543653191441
BAD 543653826817
BAD 543654932941
BAD 543559551407
BAD 543564650399
BAD 543564650401
BAD 543564650407
BAD 543564897251
BAD 543566760271
BAD 543567730543
BAD 543567730549
BAD 543570033499
BAD 543570233077
BAD 543572571683
BAD 543574407617
BAD 543574407619
BAD 543574407653
BAD 543578375383
BAD 543694534451
BAD 543580345951
BAD 543581409443
BAD 543581409451
BAD 543583464421
BAD 543583464427
BAD 543584685047
BAD 543702825319
BAD 543586768339
BAD 543586768343
BAD 543586821619
BAD 543586821629
BAD 543705805723
BAD 543681980033
BAD 543588728119
BAD 543588728131
BAD 543684193799
BAD 543684487681
BAD 543626413103
BAD 543626413111
BAD 543684805109
BAD 543626987653
BAD 543688889719
BAD 543607645549
BAD 543631992853
BAD 543608776343
BAD 543608776357
BAD 543635600623
BAD 543610129291
BAD 543610129297
BAD 543610129319
BAD 543635774953
BAD 543611531707
BAD 543612378173
BAD 543612378203
BAD 543640193539
BAD 543619725619
BAD 543620393471
BAD 543620393473
BAD 543657828653
BAD 543657828661
BAD 543622582597
BAD 543660206863
BAD 543742109873
BAD 543742109959
BAD 543665627447
BAD 543666032491
BAD 543666032587
BAD 543711708703
BAD 543667711549
BAD 543667711553
BAD 543667711583
BAD 543746502931
BAD 543746759141
BAD 543747259879
BAD 543747435043
BAD 543748024163
BAD 543672160979
BAD 543672160981
BAD 543750620887
BAD 543750620891
BAD 543750620893
BAD 543719443139
BAD 543719815237
BAD 543723261373
BAD 543775083623
BAD 543776714549
BAD 543782121713
BAD 543782121721
BAD 543783167251
BAD 543761622773
BAD 543784494593
BAD 543764637217
BAD 543764637223
BAD 543787466977
BAD 543787466993
BAD 543788435551
BAD 543790264711
BAD 543768127237
BAD 543768127249
BAD 543791150641
BAD 543770346083
BAD 543792103913
BAD 543794557639
BAD 543805239743
BAD 543910225381
BAD 543911118703
BAD 543911118721
BAD 543831613123
BAD 543831613133
BAD 543831613141
BAD 543916527137
BAD 543916527139
BAD 543833422921
BAD 543836445811
BAD 543839463953
BAD 543839463961
BAD 543924804061
BAD 543924804067
BAD 543925318697
BAD 543925318733
BAD 543931601491
BAD 543842933201
BAD 543876366127
BAD 543876366133
BAD 543934962799
BAD 543878321113
BAD 543814317469
BAD 543847482271
BAD 543880097807
BAD 543880097809
BAD 543880097819
BAD 543880097821
BAD 543817433339
BAD 543818382361
BAD 543959521669
BAD 543940258363
BAD 543819888611
BAD 543819888613
BAD 543883025243
BAD 543854389489
BAD 543854389493
BAD 543962519987
BAD 543962519993
BAD 543855192533
BAD 543859879373
BAD 543859879379
BAD 543824116603
BAD 543966228919
BAD 543860946203
BAD 543856888409
BAD 543861917219
BAD 543969306593
BAD 543970487051
BAD 543970992221
BAD 543971034923
BAD 543976100359
BAD 543872709041
BAD 543873458123
BAD 543942683671
BAD 543947697289
BAD 543978358019
BAD 543979287589
BAD 543979287613
BAD 543957991153
BAD 543958039661
BAD 543958039663
BAD 543985120423
BAD 543985120439
BAD 543897011327
BAD 543988681573
BAD 543897589933
BAD 543990395747
BAD 543990395749
BAD 543900847549
BAD 543902495407
BAD 543904382377
BAD 543904382393
BAD 543907761289
BAD 544067695681
BAD 544068729907
BAD 544068729913
BAD 544073052581
BAD 544073052583
BAD 544074399653
BAD 543996982127
BAD 543996982129
BAD 543996982141
BAD 544002775763
BAD 544002775769
BAD 544002775793
BAD 544002775807
BAD 544006307743
BAD 544016583667
BAD 544020960257
BAD 544020960271
BAD 544020960293
BAD 544153753613
BAD 544153866769
BAD 544127963531
BAD 544159337543
BAD 544159990357
BAD 544131778283
BAD 544136026573
BAD 544027068679
BAD 544138024223
BAD 544138024249
BAD 544138194923
BAD 544045464397
BAD 544045464401
BAD 544045492751
BAD 544045492763
BAD 544139255161
BAD 544077648313
BAD 544077648343
BAD 544077648347
BAD 544077648349
BAD 544077648353
BAD 544048097731
BAD 544140451333
BAD 544048680289
BAD 544048680293
BAD 544031310293
BAD 544049297179
BAD 544049669131
BAD 544032725581
BAD 544036896023
BAD 544036896257
BAD 544036896259
BAD 544056323579
BAD 544056323581
BAD 544088373349
BAD 544090032307
BAD 544090032319
BAD 544163749561
BAD 544164944951
BAD 544178123287
BAD 544178946631
BAD 544179005837
BAD 544168525543
BAD 544182152687
BAD 544185677239
BAD 544174108783
BAD 544188832939
BAD 544191810319
BAD 544111503919
BAD 544111943849
BAD 544112320373
BAD 544118536831
BAD 544119450703
BAD 544119450709
BAD 544119547091
BAD 544119547093
BAD 544121063611
BAD 544123711409
BAD 544125210197
BAD 544125210199
BAD 544125210203
BAD 544126551193
BAD 544126551209
BAD 544126670707
BAD 544098738983
BAD 544101408217
BAD 544105004467
BAD 544107751183
BAD 544107751193
BAD 544107751199
BAD 544107751207
BAD 544108343809
BAD 544108620403
BAD 544196714569
BAD 544196714573
BAD 544206027961
BAD 544206133921
BAD 544230643849
BAD 544245632383
BAD 544245632387
BAD 544245632389
BAD 544245632393
BAD 544235938097
BAD 544246504603
BAD 544246504609
BAD 544251341467
BAD 544251341471
BAD 544252816073
BAD 544254438041
BAD 544254438043
BAD 544254438047
BAD 544259827217
BAD 544259827219
BAD 544259827229
BAD 544259827231
BAD 544259827247
BAD 544261021823
BAD 544261021831
BAD 544321354979
BAD 544321354981
BAD 544322599699
BAD 544322599703
BAD 544262900353
BAD 544265940931
BAD 544265940937
BAD 544268860703
BAD 544270134139
BAD 544273345417
BAD 544273352729
BAD 544273352731
BAD 544346885783
BAD 544348051259
BAD 544334365073
BAD 544276891943
BAD 544276891957
BAD 544277077261
BAD 544277077283
BAD 544277126719
BAD 544348884283
BAD 544297512307
BAD 544211497183
BAD 544351755683
BAD 544279670219
BAD 544300471961
BAD 544300471963
BAD 544281271111
BAD 544281271117
BAD 544281271159
BAD 544383717253
BAD 544383717257
BAD 544383717271
BAD 544383717289
BAD 544383717313
BAD 544343419537
BAD 544307284201
BAD 544307284207
BAD 544284858043
BAD 544386522629
BAD 544309540771
BAD 544357692413
BAD 544357718977
BAD 544359818239
BAD 544222306583
BAD 544222306597
BAD 544289451451
BAD 544390379263
BAD 544361771357
BAD 544223869801
BAD 544391682893
BAD 544391832253
BAD 544392421163
BAD 544293953089
BAD 544227051593
BAD 544227051601
BAD 544362946313
BAD 544366583389
BAD 544367912131
BAD 544368337343
BAD 544371024787
BAD 544371024803
BAD 544371898403
BAD 544398394559
BAD 544398394567
BAD 544398445067
BAD 544398445069
BAD 544398445081
BAD 544399520183
BAD 544452861103
BAD 544458150349
BAD 544409365757
BAD 544411312609
BAD 544465884773
BAD 544466037317
BAD 544466037319
BAD 544468300997
BAD 544472626829
BAD 544474801397
BAD 544474801399
BAD 544499226653
BAD 544516921583
BAD 544516921591
BAD 544517201821
BAD 544521552793
BAD 544521552797
BAD 544522026229
BAD 544522026233
BAD 544522437713
BAD 544547125781
BAD 544547125783
BAD 544547125789
BAD 544481519677
BAD 544481519683
BAD 544511360963
BAD 544511360971
BAD 544525514713
BAD 544525938667
BAD 544533036631
BAD 544533305633
BAD 544485052393
BAD 544529274983
BAD 544529275027
BAD 544536441541
BAD 544554324247
BAD 544554324343
BAD 544555639937
BAD 544555639939
BAD 544539031613
BAD 544556719853
BAD 544558658491
BAD 544418529689
BAD 544418529691
BAD 544560514453
BAD 544419830533
BAD 544561794109
BAD 544545300877
BAD 544423354759
BAD 544425874273
BAD 544427413997
BAD 544427414039
BAD 544428086803
BAD 544430415989
BAD 544434234419
BAD 544434234517
BAD 544434234521
BAD 544437163913
BAD 544565905717
BAD 544571283989
BAD 544440909667
BAD 544580253907
BAD 544582032499
BAD 544582032521
BAD 544582032523
BAD 544583295107
BAD 544574913653
BAD 544574913943
BAD 544575430213
BAD 544587743003
BAD 544587826537
BAD 544587826543
BAD 544589627213
BAD 544597794683
BAD 544597796923
BAD 544597796927
BAD 544600539409
BAD 544600816657
BAD 544603488281
BAD 544603488283
BAD 544603488293
BAD 544603522979
BAD 544609852823
BAD 544611916883
BAD 544633592693
BAD 544636096751
BAD 544715497693
BAD 544717293949
BAD 544717528111
BAD 544717683841
BAD 544752529513
BAD 544753684589
BAD 544754969753
BAD 544645748371
BAD 544645748377
BAD 544759374661
BAD 544759476563
BAD 544759626581
BAD 544759626583
BAD 544759626667
BAD 544759626689
BAD 544646817203
BAD 544646817217
BAD 544726837111
BAD 544761704041
BAD 544761704051
BAD 544614577219
BAD 544615126933
BAD 544615834969
BAD 544617744787
BAD 544659721553
BAD 544700248039
BAD 544700248049
BAD 544662175411
BAD 544625862883
BAD 544626265517
BAD 544626265523
BAD 544626265549
BAD 544626265553
BAD 544626265559
BAD 544663074331
BAD 544627832647
BAD 544627832663
BAD 544688469433
BAD 544735800863
BAD 544705921609
BAD 544690392143
BAD 544737623887
BAD 544737623893
BAD 544738393819
BAD 544767093347
BAD 544767093349
BAD 544807585183
BAD 544740877441
BAD 544809062563
BAD 544742438983
BAD 544809313637
BAD 544809313639
BAD 544811219503
BAD 544813288553
BAD 544813288561
BAD 544775861941
BAD 544836523373
BAD 544836523379
BAD 544783619873
BAD 544840600571
BAD 544840600573
BAD 544840917017
BAD 544822536703
BAD 544825269803
BAD 544825269829
BAD 544825269871
BAD 544825269883
BAD 544667270941
BAD 544669449859
BAD 544828205611
BAD 544673651143
BAD 544676133697
BAD 544678281923
BAD 544679286847
BAD 544850408659
BAD 544851801751
BAD 544851801757
BAD 544853098253
BAD 544853799443
BAD 544855167127
BAD 544856508529
BAD 544856508533
BAD 544884677027
BAD 544885844207
BAD 544886358253
BAD 544886358259
BAD 544886637853
BAD 544886637857
BAD 544886637859
BAD 544902272599
BAD 544886637863
BAD 544886637871
BAD 544886637937
BAD 544861497487
BAD 544916993389
BAD 544887065329
BAD 544862791183
BAD 544862791189
BAD 544904468389
BAD 544904468419
BAD 544864803467
BAD 544935746569
BAD 544937015947
BAD 544923982373
BAD 544895033567
BAD 544895033569
BAD 544911144331
BAD 544876025917
BAD 544912375201
BAD 544912375207
BAD 544912375211
BAD 544912375213
BAD 544928434487
BAD 544928434489
BAD 544898066567
BAD 544929461773
BAD 544941104489
BAD 544942936133
BAD 544881245939
BAD 544881245941
BAD 544946991739
BAD 544946991751
BAD 544968027563
BAD 544970307709
BAD 544970434727
BAD 544970434739
BAD 544970434741
BAD 544957074001
BAD 544965207481
BAD 544985594299
BAD 544985594303
BAD 544993592753
BAD 544994631079
BAD 545000106067
BAD 545002341119
BAD 545010821297
BAD 545117937967
BAD 545120156783
BAD 545068223369
BAD 545070002941
BAD 545125272893
BAD 545126869069
BAD 545126869073
BAD 545126869087
BAD 545129089331
BAD 545129089333
BAD 545083885799
BAD 545039574319
BAD 545079564917
BAD 545079564919
BAD 545042807093
BAD 545024860843
BAD 545024860847
BAD 545042976229
BAD 545158208533
BAD 545158208537
BAD 545043438707
BAD 545043438781
BAD 545158670369
BAD 545043902461
BAD 545043902467
BAD 545159916187
BAD 545159916199
BAD 545160048709
BAD 545086268653
BAD 545086268659
BAD 545086268663
BAD 545161127117
BAD 545030501273
BAD 545089642063
BAD 545089642067
BAD 545089684189
BAD 545164640513
BAD 545165851589
BAD 545165851591
BAD 545165851597
BAD 545098350697
BAD 545098350721
BAD 545052958927
BAD 545052958939
BAD 545138338441
BAD 545138338477
BAD 545208274463
BAD 545056888009
BAD 545058341063
BAD 545058341081
BAD 545171542249
BAD 545171542261
BAD 545062578629
BAD 545062578631
BAD 545062578653
BAD 545062861921
BAD 545217689791
BAD 545177549479
BAD 545179232293
BAD 545179232303
BAD 545182878533
BAD 545108776931
BAD 545110683097
BAD 545113461377
BAD 545113461379
BAD 545113461383
BAD 545188865423
BAD 545238613411
BAD 545189854849
BAD 545239194733
BAD 545190115807
BAD 545242700287
BAD 545244087679
BAD 545196697939
BAD 545196697943
BAD 545196831149
BAD 545199021803
BAD 545296350601
BAD 545299936487
BAD 545299985663
BAD 545300823469
BAD 545253925991
BAD 545318411929
BAD 545321378911
BAD 545259178703
BAD 545259178741
BAD 545324548337
BAD 545324548339
BAD 545324548343
BAD 545260746949
BAD 545261032879
BAD 545261032909
BAD 545263278509
BAD 545263815307
BAD 545263815311
BAD 545265248923
BAD 545223830251
BAD 545265726391
BAD 545265726409
BAD 545227443779
BAD 545227443781
BAD 545302198643
BAD 545302264181
BAD 545302264183
BAD 545337706801
BAD 545227939853
BAD 545338556197
BAD 545338556201
BAD 545304753317
BAD 545232709141
BAD 545233280887
BAD 545271434447
BAD 545308730741
BAD 545273482519
BAD 545273709061
BAD 545310704903
BAD 545346215761
BAD 545312067631
BAD 545312067637
BAD 545278286513
BAD 545278607693
BAD 545355183313
BAD 545350390303
BAD 545356258919
BAD 545356258921
BAD 545281613563
BAD 545283579733
BAD 545364556439
BAD 545364556441
BAD 545365768093
BAD 545365768097
BAD 545365768127
BAD 545366119169
BAD 545366119171
BAD 545366119187
BAD 545366119189
BAD 545367377573
BAD 545372427217
BAD 545378974447
BAD 545378974451
BAD 545383740173
BAD 545386461611
BAD 545386461623
BAD 545389119631
BAD 545392979869
BAD 545393002963
BAD 545393002969
BAD 545393003041
BAD 545397380323
BAD 545397380327
BAD 545397828377
BAD 545397828379
BAD 545405719811
BAD 545405719813
BAD 545409338413
BAD 545411703703
BAD 545411703713
BAD 545419797751
BAD 545419797763
BAD 545425559389
BAD 545425559401
BAD 545425559407
BAD 545490667669
BAD 545427677863
BAD 545427677903
BAD 545427677909
BAD 545427677911
BAD 545439887501
BAD 545428799683
BAD 545429197043
BAD 545429197069
BAD 545429197073
BAD 545429599711
BAD 545440830931
BAD 545440830943
BAD 545440830947
BAD 545440830953
BAD 545441179337
BAD 545474496341
BAD 545474496349
BAD 545474496353
BAD 545474496367
BAD 545492802797
BAD 545492802923
BAD 545492803021
BAD 545443224553
BAD 545443479727
BAD 545443479731
BAD 545478069863
BAD 545482208239
BAD 545482350121
BAD 545434714613
BAD 545499872149
BAD 545502587341
BAD 545502827143
BAD 545539803533
BAD 545545690993
BAD 545545691003
BAD 545456177083
BAD 545456177087
BAD 545456177089
BAD 545456834521
BAD 545457244483
BAD 545457697727
BAD 545462148709
BAD 545462148713
BAD 545464840117
BAD 545503113653
BAD 545505693209
BAD 545505693211
BAD 545571874093
BAD 545572155619
BAD 545509339961
BAD 545509771843
BAD 545510727341
BAD 545577243529
BAD 545577243553
BAD 545577243577
BAD 545514392897
BAD 545514392923
BAD 545583997927
BAD 545554908709
BAD 545560932863
BAD 545643335539
BAD 545591608381
BAD 545646776419
BAD 545604659333
BAD 545604659339
BAD 545648962063
BAD 545649056279
BAD 545599336679
BAD 545599336687
BAD 545600930573
BAD 545622623081
BAD 545525377783
BAD 545613431899
BAD 545627449919
BAD 545627449921
BAD 545629010989
BAD 545529525193
BAD 545529525197
BAD 545619467461
BAD 545532057853
BAD 545632797029
BAD 545632797053
BAD 545632797067
BAD 545632797071
BAD 545633670091
BAD 545694586453
BAD 545698236289
BAD 545704024279
BAD 545704024297
BAD 545755350169
BAD 545755350187
BAD 545755452191
BAD 545725530169
BAD 545725530173
BAD 545710858373
BAD 545711505601
BAD 545739502687
BAD 545739502691
BAD 545728121413
BAD 545713871011
BAD 545713871023
BAD 545714055143
BAD 545740648373
BAD 545658227077
BAD 545741331799
BAD 545715711521
BAD 545715711523
BAD 545715711529
BAD 545715804619
BAD 545659744073
BAD 545716508461
BAD 545731602763
BAD 545732342863
BAD 545732342867
BAD 545732342873
BAD 545763867709
BAD 545763892039
BAD 545719669751
BAD 545764471309
BAD 545720635267
BAD 545764946333
BAD 545764946369
BAD 545764946371
BAD 545745455273
BAD 545665963307
BAD 545665963309
BAD 545769702161
BAD 545769702169
BAD 545770391753
BAD 545770391767
BAD 545678363569
BAD 545748849161
BAD 545748849167
BAD 545748849169
BAD 545679194033
BAD 545669583593
BAD 545681001389
BAD 545681001391
BAD 545774615983
BAD 545774679161
BAD 545775415201
BAD 545776693643
BAD 545778976579
BAD 545778976591
BAD 545779449037
BAD 545779449043
BAD 545782891699
BAD 545782891757
BAD 545782891763
BAD 545782891777
BAD 545784498503
BAD 545793518663
BAD 545793518671
BAD 545793665539
BAD 545795737507
BAD 545797648667
BAD 545799714743
BAD 545803281797
BAD 545803281799
BAD 545803530203
BAD 545804050879
BAD 545804050919
BAD 545804050921
BAD 545814267601
BAD 545820908791
BAD 545820908797
BAD 545858830519
BAD 545838902281
BAD 545839444993
BAD 545839720163
BAD 545839909429
BAD 545840031497
BAD 545840031511
BAD 545840031577
BAD 545861842327
BAD 545861990599
BAD 545862184433
BAD 545843423537
BAD 545843423539
BAD 545864189093
BAD 545866925761
BAD 545869004809
BAD 545874704957
BAD 545874704959
BAD 545869225571
BAD 545876423563
BAD 545877947401
BAD 545848825477
BAD 545881005379
BAD 545853339683
BAD 545853384743
BAD 545884778149
BAD 545885186713
BAD 545888213407
BAD 545823535223
BAD 545825568271
BAD 545825568293
BAD 545827434563
BAD 545897640551
BAD 545897640553
BAD 545831927909
BAD 545902111543
BAD 545903070397
BAD 545905478093
BAD 545922561643
BAD 545922561647
BAD 545922561649
BAD 545922741467
BAD 545923306241
BAD 545932910119
BAD 545932910123
BAD 545932910137
BAD 545932910141
BAD 545907331973
BAD 545958746761
BAD 545958903913
BAD 545979309817
BAD 545962034509
BAD 545982674449
BAD 545966688209
BAD 545967844619
BAD 545967844621
BAD 545967844627
BAD 545985694217
BAD 545985694223
BAD 545968686293
BAD 545968686301
BAD 545969735191
BAD 545969735203
BAD 545988118289
BAD 546057155351
BAD 546057155353
BAD 546057155381
BAD 546057155383
BAD 545971054099
BAD 545971054207
BAD 545971054231
BAD 546060440033
BAD 546061086631
BAD 546063344933
BAD 546066822703
BAD 546009180889
BAD 546043441793
BAD 546045386233
BAD 546045386239
BAD 546045826693
BAD 546011642279
BAD 545990177701
BAD 546049895197
BAD 546049895201
BAD 546049895203
BAD 546049895213
BAD 545996143249
BAD 546056218579
BAD 546056218597
BAD 545942207647
BAD 546014445269
BAD 546014445271
BAD 546175678891
BAD 546175678901
BAD 546014626867
BAD 546095139983
BAD 546095140007
BAD 546095140043
BAD 546176418199
BAD 545943518311
BAD 545943518317
BAD 545999117207
BAD 545999117233
BAD 546016011481
BAD 546016011491
BAD 546016011493
BAD 546028028701
BAD 546179000839
BAD 546179000867
BAD 546179000869
BAD 546179805271
BAD 546179805277
BAD 546099797629
BAD 546001529377
BAD 546018920333
BAD 546018920341
BAD 545948096663
BAD 546183821969
BAD 546183821971
BAD 546003613163
BAD 545949674051
BAD 546032060957
BAD 546020118593
BAD 546034615681
BAD 546034782493
BAD 545955344329
BAD 546036493063
BAD 546190563343
BAD 546076683037
BAD 546076683041
BAD 546076683043
BAD 546128381881
BAD 546128381899
BAD 546085196441
BAD 546085196443
BAD 546085943813
BAD 546161405423
BAD 546161405521
BAD 546162885293
BAD 546112014337
BAD 546087679483
BAD 546087769483
BAD 546087769567
BAD 546087769571
BAD 546087769573
BAD 546087769603
BAD 546136563079
BAD 546136645193
BAD 546136645237
BAD 546136645253
BAD 546113591603
BAD 546165786421
BAD 546117596207
BAD 546117596209
BAD 546147666091
BAD 546170404189
BAD 546120475123
BAD 546156909349
BAD 546156909359
BAD 546156928721
BAD 546191023817
BAD 546191482843
BAD 546200312401
BAD 546203033743
BAD 546203591519
BAD 546206347571
BAD 546228907271
BAD 546230080447
BAD 546230080453
BAD 546230740463
BAD 546208300951
BAD 546232825451
BAD 546234297803
BAD 546211883953
BAD 546235294159
BAD 546235423309
BAD 546237216683
BAD 546237216689
BAD 546237216691
BAD 546214181213
BAD 546237989771
BAD 546238969027
BAD 546239853353
BAD 546275995429
BAD 546260286899
BAD 546260286907
BAD 546240503449
BAD 546240503453
BAD 546240503467
BAD 546240896533
BAD 546240896557
BAD 546240896561
BAD 546240896563
BAD 546240896567
BAD 546279368161
BAD 546264853921
BAD 546243734371
BAD 546268000387
BAD 546243734383
BAD 546268000393
BAD 546244808113
BAD 546244808119
BAD 546286879573
BAD 546247201021
BAD 546247832833
BAD 546291237803
BAD 546253013707
BAD 546253562479
BAD 546255109261
BAD 546255109307
BAD 546255968579
BAD 546255968581
BAD 546256415273
BAD 546257139773
BAD 546293507863
BAD 546295310059
BAD 546299182333
BAD 546299966423
BAD 546301237133
BAD 546305482379
BAD 546308480261
BAD 546315382187
BAD 546315382219
BAD 546315568399
BAD 546316009307
BAD 546316009319
BAD 546316009321
BAD 546317600581
BAD 546325530511
BAD 546327946757
BAD 546327946763
BAD 546330823673
BAD 546331915541
BAD 546331915543
BAD 546343866181
BAD 546345401047
BAD 546347822737
BAD 546350078237
BAD 546350078257
BAD 546350269051
BAD 546350269081
BAD 546375507593
BAD 546375507599
BAD 546356498651
BAD 546357465937
BAD 546380431159
BAD 546380789771
BAD 546381814487
BAD 546381814501
BAD 546382004353
BAD 546388391993
BAD 546388436213
BAD 546390108323
BAD 546501197681
BAD 546463098119
BAD 546504700639
BAD 546506373559
BAD 546470473067
BAD 546476188663
BAD 546476208283
BAD 546476208293
BAD 546476355023
BAD 546476355043
BAD 546472463821
BAD 546472646641
BAD 546473822837
BAD 546481601993
BAD 546408137423
BAD 546412996403
BAD 546486044743
BAD 546486430163
BAD 546491327177
BAD 546491327183
BAD 546418924463
BAD 546418990291
BAD 546419439793
BAD 546421462427
BAD 546421462429
BAD 546423590443
BAD 546577433893
BAD 546582754513
BAD 546582754517
BAD 546582754519
BAD 546360883171
BAD 546560192077
BAD 546362286433
BAD 546362286439
BAD 546531074281
BAD 546532665169
BAD 546549502417
BAD 546549502423
BAD 546563810791
BAD 546589296991
BAD 546533591581
BAD 546565125571
BAD 546565125739
BAD 546551808601
BAD 546566921917
BAD 546513833687
BAD 546513833689
BAD 546513833693
BAD 546553826363
BAD 546428178787
BAD 546428178823
BAD 546568986683
BAD 546569007091
BAD 546569007119
BAD 546537693907
BAD 546569668583
BAD 546569668591
BAD 546367669703
BAD 546430785233
BAD 546430785269
BAD 546558753661
BAD 546558753673
BAD 546518485661
BAD 546518485663
BAD 546541701829
BAD 546541725707
BAD 546573236291
BAD 546520931161
BAD 546575270783
BAD 546435871847
BAD 546435871853
BAD 546439410409
BAD 546526301239
BAD 546447241007
BAD 546447241009
BAD 546447241013
BAD 546451703117
BAD 546606992093
BAD 546453804233
BAD 546453804251
BAD 546454657313
BAD 546454657327
BAD 546608721481
BAD 546608721511
BAD 546608947757
BAD 546610995823
BAD 546610995829
BAD 546610995863
BAD 546610995871
BAD 546612415231
BAD 546612415247
BAD 546612415249
BAD 546614828339
BAD 546614828341
BAD 546614828359
BAD 546695715499
BAD 546653104981
BAD 546653705579
BAD 546654061027
BAD 546654465277
BAD 546654465283
BAD 546697351807
BAD 546697368827
BAD 546697368829
BAD 546697917461
BAD 546697917463
BAD 546664001501
BAD 546699463747
BAD 546699463757
BAD 546665964679
BAD 546701068237
BAD 546701068247
BAD 546666167821
BAD 546621728377
BAD 546704092903
BAD 546668652091
BAD 546660158329
BAD 546625424143
BAD 546625548263
BAD 546625836527
BAD 546625836529
BAD 546678927433
BAD 546676973083
BAD 546628499303
BAD 546628499309
BAD 546628499311
BAD 546630100283
BAD 546632826781
BAD 546692750257
BAD 546693264157
BAD 546637447571
BAD 546637644389
BAD 546720919981
BAD 546724331627
BAD 546724354459
BAD 546726167791
BAD 546726167809
BAD 546745235809
BAD 546745388369
BAD 546747466327
BAD 546750739459
BAD 546756161687
BAD 546756161689
BAD 546756495919
BAD 546756553201
BAD 546756553207
BAD 546760691041
BAD 546760691053
BAD 546760691069
BAD 546760691077
BAD 546739185347
BAD 546740528603
BAD 546740528611
BAD 546800025077
BAD 546800028589
BAD 546806403907
BAD 546807021169
BAD 546779882461
BAD 546785623627
BAD 546847039247
BAD 546847039279
BAD 546847039289
BAD 546847615051
BAD 546848912303
BAD 546789480641
BAD 546791003513
BAD 546792036913
BAD 546812083673
BAD 546792515153
BAD 546792675631
BAD 546793004941
BAD 546793775581
BAD 546815292481
BAD 546859229503
BAD 546859229513
BAD 546859901851
BAD 546818155823
BAD 546818585491
BAD 546818585503
BAD 546861571171
BAD 546861571177
BAD 546819272161
BAD 546929027543
BAD 546868806061
BAD 546932601931
BAD 546933325123
BAD 546826094543
BAD 546826291181
BAD 546826291183
BAD 546826291189
BAD 546936655163
BAD 546939031477
BAD 546762488263
BAD 546762488267
BAD 546762488269
BAD 546764458481
BAD 546764458483
BAD 546765588379
BAD 546945372073
BAD 546945372079
BAD 546767327531
BAD 546771363893
BAD 546771363899
BAD 546773791873
BAD 546776751827
BAD 546776751841
BAD 546776751863
BAD 546776751869
BAD 546881561617
BAD 546887013769
BAD 546997576219
BAD 546916483079
BAD 546916483081
BAD 546889588639
BAD 546918055927
BAD 546890083193
BAD 547002950903
BAD 546963241043
BAD 546963424849
BAD 546920853277
BAD 546980944141
BAD 546903360631
BAD 546924293911
BAD 546924293917
BAD 546903892607
BAD 546925516243
BAD 546971027791
BAD 546971217493
BAD 547011130577
BAD 546906340459
BAD 546973338283
BAD 546974411101
BAD 546974411107
BAD 546977393623
BAD 546977936693
BAD 546978154973
BAD 546833753021
BAD 546948923107
BAD 546948923123
BAD 546834391801
BAD 546834391811
BAD 546834391813
BAD 546834455021
BAD 546834455023
BAD 546837850609
BAD 546838279357
BAD 546953314903
BAD 546839373083
BAD 546841785491
BAD 546959428681
BAD 546961966643
BAD 546962340583
BAD 547021691999
BAD 547021692001
BAD 547022600359
BAD 547024430059
BAD 547050017221
BAD 547050976891
BAD 547050976897
BAD 547061073997
BAD 547061777497
BAD 547080288331
BAD 547068038029
BAD 547068038047
BAD 547080580237
BAD 547080700813
BAD 547081603361
BAD 547083360997
BAD 547030087231
BAD 547030087243
BAD 547030087249
BAD 547085582507
BAD 547085582509
BAD 547073650619
BAD 547073650621
BAD 547087834771
BAD 547074713629
BAD 547104916847
BAD 547107714353
BAD 547107727471
BAD 547096554793
BAD 547040344247
BAD 547042367803
BAD 547117291759
BAD 547117291769
BAD 547117291771
BAD 547120464323
BAD 547121387473
BAD 547122421171
BAD 547125473989
BAD 547128595813
BAD 547147409551
BAD 547154634799
BAD 547156644511
BAD 547158980371
BAD 547159586599
BAD 547160242949
BAD 547161675637
BAD 547163132333
BAD 547132469423
BAD 547134292933
BAD 547137600967
BAD 547138510081
BAD 547184005607
BAD 547184005609
BAD 547184005639
BAD 547184056129
BAD 547184056147
BAD 547191935971
BAD 547191935977
BAD 547191935993
BAD 547194993313
BAD 547233093413
BAD 547235694443
BAD 547235694449
BAD 547235873719
BAD 547236679469
BAD 547236679471
BAD 547199338601
BAD 547199338603
BAD 547199338607
BAD 547199338657
BAD 547268045773
BAD 547268045777
BAD 547268045843
BAD 547268057893
BAD 547268057899
BAD 547268057911
BAD 547241217643
BAD 547202750357
BAD 547202750359
BAD 547166811053
BAD 547204176419
BAD 547243534553
BAD 547167524179
BAD 547206582337
BAD 547250735371
BAD 547244520187
BAD 547244520191
BAD 547208452129
BAD 547253064203
BAD 547169893867
BAD 547169893891
BAD 547169893903
BAD 547275469943
BAD 547170353161
BAD 547255333433
BAD 547255333439
BAD 547255333441
BAD 547277002933
BAD 547258505713
BAD 547264504363
BAD 547218776249
BAD 547219933411
BAD 547219933417
BAD 547416745801
BAD 547416745807
BAD 547417889539
BAD 547421688841
BAD 547423345243
BAD 547424288581
BAD 547227673303
BAD 547227673309
BAD 547425724423
BAD 547425724429
BAD 547425724501
BAD 547230468143
BAD 547430529473
BAD 547432122907
BAD 547433262799
BAD 547433262847
BAD 547434847033
BAD 547436673439
BAD 547438749173
BAD 547469158531
BAD 547471026019
BAD 547471026023
BAD 547471026031
BAD 547471371541
BAD 547471371563
BAD 547472440187
BAD 547472440189
BAD 547501240723
BAD 547445122597
BAD 547473706669
BAD 547473706673
BAD 547367522213
BAD 547446080173
BAD 547446080197
BAD 547446475151
BAD 547503353647
BAD 547487146343
BAD 547487146363
BAD 547371460291
BAD 547480422821
BAD 547373227787
BAD 547456702279
BAD 547508682767
BAD 547480422823
BAD 547373227789
BAD 547508682769
BAD 547508682781
BAD 547457950357
BAD 547481722471
BAD 547482253831
BAD 547492255603
BAD 547511470511
BAD 547376486359
BAD 547379442697
BAD 547379442703
BAD 547380064261
BAD 547381760059
BAD 547381760063
BAD 547383506851
BAD 547298406481
BAD 547298406503
BAD 547395052471
BAD 547401559183
BAD 547301973541
BAD 547402801291
BAD 547407299779
BAD 547317890633
BAD 547333480013
BAD 547286488193
BAD 547335579823
BAD 547287198259
BAD 547413067403
BAD 547323635549
BAD 547323635569
BAD 547517613787
BAD 547314195293
BAD 547314195319
BAD 547413331193
BAD 547324564609
BAD 547324564613
BAD 547350287161
BAD 547350287167
BAD 547518882583
BAD 547326344113
BAD 547338280609
BAD 547326671813
BAD 547326740273
BAD 547326740281
BAD 547290662197
BAD 547290662213
BAD 547290662227
BAD 547290662231
BAD 547339396249
BAD 547293095941
BAD 547353939623
BAD 547329866359
BAD 547330309349
BAD 547354932463
BAD 547343011153
BAD 547527618301
BAD 547527618307
BAD 547527666713
BAD 547528572053
BAD 547528572061
BAD 547528572067
BAD 547347190939
BAD 547347446003
BAD 547347446017
BAD 547347446021
BAD 547530639751
BAD 547360805297
BAD 547533815359
BAD 547533815363
BAD 547537516943
BAD 547537516949
BAD 547538075809
BAD 547538075813
BAD 547538075881
BAD 547539204353
BAD 547540660507
BAD 547584449527
BAD 547585049533
BAD 547601733961
BAD 547605012589
BAD 547589427683
BAD 547590264979
BAD 547590264983
BAD 547592368027
BAD 547593692431
BAD 547612187267
BAD 547613910229
BAD 547597333417
BAD 547615319113
BAD 547599493607
BAD 547599961099
BAD 547599961109
BAD 547653905699
BAD 547654275379
BAD 547654275383
BAD 547573748497
BAD 547656092413
BAD 547582322951
BAD 547582322953
BAD 547582322957
BAD 547640712347
BAD 547640712349
BAD 547643550997
BAD 547643551001
BAD 547643551003
BAD 547619422589
BAD 547619422591
BAD 547685110633
BAD 547685110639
BAD 547689612053
BAD 547627431053
BAD 547692226591
BAD 547693511447
BAD 547695629783
BAD 547698283879
BAD 547698283883
BAD 547699712611
BAD 547668809419
BAD 547669144159
BAD 547673473363
BAD 547751376353
BAD 547754224879
BAD 547756460413
BAD 547756460423
BAD 547756460431
BAD 547768060351
BAD 547769389273
BAD 547680584989
BAD 547680585037
BAD 547772681971
BAD 547772681977
BAD 547683148487
BAD 547683148489
BAD 547761973819
BAD 547761973823
BAD 547721412817
BAD 547776962927
BAD 547776962933
BAD 547778053909
BAD 547778838787
BAD 547780371469
BAD 547727126431
BAD 547902559189
BAD 547902835033
BAD 547904991199
BAD 547915191203
BAD 547915191209
BAD 547916877973
BAD 547917302089
BAD 547717518263
BAD 547792758923
BAD 547793728957
BAD 547793859773
BAD 547793859779
BAD 547793859787
BAD 547796883521
BAD 547798373071
BAD 547798373077
BAD 547798715147
BAD 547800004711
BAD 547743274511
BAD 547743274513
BAD 547743274553
BAD 547854226061
BAD 547854226063
BAD 547854308563
BAD 547860289003
BAD 547863617911
BAD 547838200463
BAD 547864872133
BAD 547864872143
BAD 547875066553
BAD 547875066559
BAD 547875066569
BAD 547866668497
BAD 547876324981
BAD 547876357349
BAD 547876357351
BAD 547923247801
BAD 547878400813
BAD 547878400819
BAD 547842659183
BAD 547843492681
BAD 547927182499
BAD 547927182503
BAD 547927182511
BAD 547927182521
BAD 547807486117
BAD 547807486133
BAD 547847053261
BAD 547929574741
BAD 547849528463
BAD 547850842859
BAD 547850842879
BAD 547850842883
BAD 547932848809
BAD 547935332117
BAD 547935332123
BAD 547935332137
BAD 547935332141
BAD 547935332143
BAD 547825248101
BAD 547825248109
BAD 547885498759
BAD 547885498763
BAD 547896292483
BAD 547834770193
BAD 547896491743
BAD 547897649003
BAD 547936078453
BAD 547936078939
BAD 547899043339
BAD 547899043343
BAD 547939520773
BAD 547943752507
BAD 547946048603
BAD 547955688829
BAD 547955688887
BAD 547955723479
BAD 547952068463
BAD 547960532579
BAD 547960673479
BAD 547960673483
BAD 547961427619
BAD 547961427623
BAD 547962314771
BAD 547962314773
BAD 547963215143
BAD 547966063369
BAD 547978305559
BAD 547979686609
BAD 547979686613
BAD 547981228063
BAD 547981797809
BAD 547997711977
BAD 547997712011
BAD 547997712013
BAD 547997712047
BAD 548005996493
BAD 548037098269
BAD 548037277787
BAD 548037277789
BAD 548019950987
BAD 548020716323
BAD 548008875109
BAD 548057291797
BAD 548058092783
BAD 548058092809
BAD 548009304473
BAD 548025937681
BAD 548009904863
BAD 548059072597
BAD 548060903653
BAD 548012240863
BAD 548012240869
BAD 548065457813
BAD 548065457833
BAD 548066310289
BAD 548045739193
BAD 548067367999
BAD 548067368003
BAD 548015959823
BAD 548068278533
BAD 548068278539
BAD 548034463909
BAD 548049663289
BAD 548069451091
BAD 548035803949
BAD 548019348661
BAD 548087379493
BAD 548090713873
BAD 548073335239
BAD 548074875443
BAD 548074875451
BAD 548075301901
BAD 548096493821
BAD 548099795671
BAD 548100431777
BAD 548100431779
BAD 548102588171
BAD 548084712871
BAD 548104638589
BAD 548105349787
BAD 548110411579
BAD 548137013959
BAD 548140997311
BAD 548140998871
BAD 548117286811
BAD 548117286817
BAD 548142684503
BAD 548118850949
BAD 548147386583
BAD 548149193719
BAD 548149853971
BAD 548149870049
BAD 548154807691
BAD 548151042919
BAD 548152514977
BAD 548160784069
BAD 548160784079
BAD 548160784081
BAD 548161181903
BAD 548162264149
BAD 548162264179
BAD 548163733973
BAD 548166236719
BAD 548167579049
BAD 548169296729
BAD 548169296737
BAD 548187690343
BAD 548189460463
BAD 548191250591
BAD 548132670077
BAD 548132670079
BAD 548133499171
BAD 548196271771
BAD 548196804839
BAD 548199670373
BAD 548199776107
BAD 548199776147
BAD 548202904289
BAD 548180638729
BAD 548206934927
BAD 548206934929
BAD 548355121469
BAD 548355121471
BAD 548355763651
BAD 548355763663
BAD 548360468993
BAD 548307092197
BAD 548214122153
BAD 548364129529
BAD 548364129541
BAD 548215658381
BAD 548310300871
BAD 548221771283
BAD 548311421303
BAD 548254568371
BAD 548217864511
BAD 548223655003
BAD 548368771589
BAD 548368771591
BAD 548368771597
BAD 548255739907
BAD 548293315579
BAD 548371384513
BAD 548340510323
BAD 548227034323
BAD 548300053229
BAD 548228457619
BAD 548266455013
BAD 548232396469
BAD 548346899689
BAD 548346971033
BAD 548237855083
BAD 548236696771
BAD 548350356293
BAD 548241994723
BAD 548354111003
BAD 548249492993
BAD 548278468123
BAD 548252738093
BAD 548252953543
BAD 548280595567
BAD 548282712181
BAD 548282953879
BAD 548282971433
BAD 548282971471
BAD 548287488283
BAD 548287638127
BAD 548287638131
BAD 548287638133
BAD 548327251027
BAD 548327251063
BAD 548383754887
BAD 548383754899
BAD 548383754903
BAD 548386103779
BAD 548386634723
BAD 548387808289
BAD 548439168091
BAD 548439168097
BAD 548439227551
BAD 548439616063
BAD 548439616073
BAD 548440591697
BAD 548440591703
BAD 548443915673
BAD 548407769893
BAD 548412319853
BAD 548412955583
BAD 548417890381
BAD 548417987297
BAD 548418347143
BAD 548425559419
BAD 548425820431
BAD 548425983773
BAD 548426347333
BAD 548426765543
BAD 548428468501
BAD 548428468507
BAD 548428468519
BAD 548431410607
BAD 548475297079
BAD 548478186181
BAD 548478309893
BAD 548493575759
BAD 548493575761
BAD 548436425269
BAD 548436425297
BAD 548436571351
BAD 548436571373
BAD 548480466049
BAD 548438821597
BAD 548497571341
BAD 548505278627
BAD 548505278641
BAD 548505796877
BAD 548505796879
BAD 548520780581
BAD 548520780583
BAD 548540795531
BAD 548540795533
BAD 548540795623
BAD 548541124013
BAD 548541345707
BAD 548541345713
BAD 548543266333
BAD 548531604811
BAD 548533622173
BAD 548534057807
BAD 548534126311
BAD 548534521159
BAD 548534521169
BAD 548535489443
BAD 548389155709
BAD 548389536001
BAD 548389536031
BAD 548554003891
BAD 548554873759
BAD 548538684961
BAD 548538684983
BAD 548555979953
BAD 548556350933
BAD 548394494383
BAD 548394494387
BAD 548556557071
BAD 548558007799
BAD 548399810747
BAD 548559656483
BAD 548459439259
BAD 548459439277
BAD 548459999257
BAD 548461939061
BAD 548461939063
BAD 548575634869
BAD 548565311341
BAD 548566952569
BAD 548572382893
BAD 548572382909
BAD 548588438711
BAD 548588438731
BAD 548592409811
BAD 548598542431
BAD 548598542441
BAD 548600845853
BAD 548604290911
BAD 548752268089
BAD 548752268093
BAD 548753782337
BAD 548698887643
BAD 548699709479
BAD 548657736383
BAD 548759011303
BAD 548643372947
BAD 548643372973
BAD 548660425051
BAD 548660425057
BAD 548661266149
BAD 548737731349
BAD 548661555587
BAD 548649040039
BAD 548740457203
BAD 548740457207
BAD 548763699983
BAD 548763699997
BAD 548710196663
BAD 548710247389
BAD 548710247399
BAD 548710247401
BAD 548764860739
BAD 548765233873
BAD 548651256367
BAD 548664342511
BAD 548664342517
BAD 548676006803
BAD 548676450529
BAD 548676713843
BAD 548715744449
BAD 548666783243
BAD 548666783251
BAD 548666783257
BAD 548667931793
BAD 548653986599
BAD 548607828061
BAD 548680156363
BAD 548680156369
BAD 548680195807
BAD 548719900969
BAD 548670570731
BAD 548670570743
BAD 548719900973
BAD 548720295593
BAD 548681408137
BAD 548682353633
BAD 548682353641
BAD 548672137973
BAD 548613369287
BAD 548613369289
BAD 548614411493
BAD 548687208929
BAD 548687208931
BAD 548688457193
BAD 548689015967
BAD 548689015969
BAD 548624048131
BAD 548624069053
BAD 548631770177
BAD 548631770179
BAD 548631770191
BAD 548634592159
BAD 548634592171
BAD 548635389571
BAD 548635615351
BAD 548640186271
BAD 548780562313
BAD 548781541549
BAD 548781541579
BAD 548784496261
BAD 548787704161
BAD 548787749407
BAD 548788140211
BAD 548789324773
BAD 548809321433
BAD 548809321439
BAD 548809321441
BAD 548817947501
BAD 548820812957
BAD 548822424263
BAD 548822424281
BAD 548824277779
BAD 548833220269
BAD 548833220317
BAD 548834203789
BAD 548834203807
BAD 548834203811
BAD 548834203829
BAD 548834203921
BAD 548834203943
BAD 548834238107
BAD 548834238109
BAD 548834238149
BAD 548834378047
BAD 548837131781
BAD 548837131783
BAD 548839837417
BAD 548892470561
BAD 548911789337
BAD 548893114463
BAD 548915098313
BAD 548893114507
BAD 548915358391
BAD 548915358419
BAD 548915358421
BAD 548894401249
BAD 548918288629
BAD 548845711993
BAD 548896753921
BAD 548898235283
BAD 548898235289
BAD 548876355791
BAD 548853516581
BAD 548853516583
BAD 548905358647
BAD 548879562131
BAD 548880055621
BAD 548880055627
BAD 548880628859
BAD 548880628861
BAD 548882624713
BAD 548884247321
BAD 548884247323
BAD 548887110817
BAD 548865109393
BAD 548865109399
BAD 548865770693
BAD 548866729793
BAD 548868773543
BAD 548870285659
BAD 548871209287
BAD 548872096217
BAD 548872096219
BAD 548874383441
BAD 548874383443
BAD 548930613167
BAD 548930613169
BAD 548935546409
BAD 548959728103
BAD 548962214839
BAD 548938531441
BAD 548938531447
BAD 548964460843
BAD 548965182653
BAD 548941514731
BAD 548942172703
BAD 548942172707
BAD 548969213437
BAD 548971579033
BAD 548971901077
BAD 548971901089
BAD 548975547293
BAD 548976177067
BAD 548977755947
BAD 548984150303
BAD 548984150311
BAD 548985466501
BAD 548985466531
BAD 548988688951
BAD 548990999407
BAD 549015734569
BAD 549015734573
BAD 549015734581
BAD 549017268127
BAD 548945139803
BAD 549022091131
BAD 549024641311
BAD 548993475601
BAD 548993475659
BAD 548993475661
BAD 548950848469
BAD 548950848473
BAD 548953772897
BAD 548998030921
BAD 548998176877
BAD 548954241293
BAD 548954241299
BAD 548954241301
BAD 549000504827
BAD 549001133533
BAD 549001133567
BAD 549001133621
BAD 549001133623
BAD 548955327083
BAD 549003390899
BAD 549006489331
BAD 549007503413
BAD 549128291191
BAD 549128291339
BAD 549132502159
BAD 549029290111
BAD 549132502213
BAD 549133060747
BAD 549033887333
BAD 549035005777
BAD 549137001337
BAD 549111140063
BAD 549113408731
BAD 549113408747
BAD 549113408749
BAD 549114658559
BAD 549117596281
BAD 549118667501
BAD 549141164881
BAD 549143304019
BAD 549143304023
BAD 549043173257
BAD 549079885283
BAD 549044285971
BAD 549083007469
BAD 549047034359
BAD 549049730611
BAD 549161650957
BAD 549161980951
BAD 549054094921
BAD 549091609351
BAD 549054923341
BAD 549165079051
BAD 549056584379
BAD 549056584381
BAD 549166647049
BAD 549174848941
BAD 549097203139
BAD 549100870793
BAD 549101414437
BAD 549101414447
BAD 549101414599
BAD 549101414657
BAD 549107697949
BAD 549177400703
BAD 549184398439
BAD 549185730521
BAD 549185730523
BAD 549188297971
BAD 549188705941
BAD 549198379463
BAD 549203594813
BAD 549204341689
BAD 549207539971
BAD 549207539987
BAD 549207941021
BAD 549209400079
BAD 549228245971
BAD 549229723171
BAD 549235026463
BAD 549298741997
BAD 549298862977
BAD 549298862999
BAD 549300842737
BAD 549305158733
BAD 549310649779
BAD 549311579797
BAD 549314843459
BAD 549314843461
BAD 549318745903
BAD 549263575387
BAD 549248778109
BAD 549264055673
BAD 549264559093
BAD 549265434271
BAD 549265434313
BAD 549251815439
BAD 549251815447
BAD 549266744987
BAD 549266744989
BAD 549254311423
BAD 549269104561
BAD 549269104567
BAD 549330226099
BAD 549330226103
BAD 549269828629
BAD 549270406411
BAD 549270406423
BAD 549270406427
BAD 549270406429
BAD 549270967213
BAD 549219746857
BAD 549257618291
BAD 549271503409
BAD 549334090489
BAD 549221577101
BAD 549221577103
BAD 549221577109
BAD 549221577119
BAD 549223743083
BAD 549275658541
BAD 549338362093
BAD 549338362103
BAD 549338362141
BAD 549276509959
BAD 549361693163
BAD 549353393623
BAD 549354304033
BAD 549354304039
BAD 549354304049
BAD 549354337619
BAD 549354726919
BAD 549354726923
BAD 549413498303
BAD 549414064427
BAD 549359035703
BAD 549415993303
BAD 549416533297
BAD 549418536263
BAD 549419986909
BAD 549419986933
BAD 549371945833
BAD 549428792713
BAD 549428792719
BAD 549282859793
BAD 549284662841
BAD 549285171067
BAD 549285171073
BAD 549286809271
BAD 549380089303
BAD 549380152339
BAD 549385217813
BAD 549386149903
BAD 549387806221
BAD 549406975141
BAD 549407377037
BAD 549407377039
BAD 549394965649
BAD 549394965653
BAD 549394965677
BAD 549484842173
BAD 549484842233
BAD 549484842259
BAD 549487450727
BAD 549488465083
BAD 549493517813
BAD 549428922047
BAD 549433996633
BAD 549435757733
BAD 549533987209
BAD 549533987213
BAD 549533987231
BAD 549549208463
BAD 549535001963
BAD 549443759089
BAD 549496277489
BAD 549554075809
BAD 549565384079
BAD 549565384087
BAD 549496805029
BAD 549444856159
BAD 549499328723
BAD 549444959101
BAD 549444959183
BAD 549500789993
BAD 549500790001
BAD 549557000843
BAD 549557638969
BAD 549558100789
BAD 549503031047
BAD 549505181551
BAD 549560469967
BAD 549560712889
BAD 549561537937
BAD 549510462373
BAD 549510462379
BAD 549510462383
BAD 549578370941
BAD 549578370947
BAD 549578370949
BAD 549578370953
BAD 549578370967
BAD 549512252623
BAD 549446542531
BAD 549446542537
BAD 549513367159
BAD 549457329061
BAD 549461387333
BAD 549523632373
BAD 549468454979
BAD 549470374577
BAD 549473028301
BAD 549474363703
BAD 549583955939
BAD 549583955941
BAD 549583955951
BAD 549585687649
BAD 549585687653
BAD 549589198843
BAD 549589321759
BAD 549594414653
BAD 549607114843
BAD 549607114853
BAD 549607114867
BAD 549608618341
BAD 549609029119
BAD 549609029129
BAD 549609029131
BAD 549612356341
BAD 549999338677
BAD 549615132673
BAD 549618948961
BAD 549623196091
BAD 549624800551
BAD 549747823241
BAD 549747823243
BAD 549747823283
BAD 549755071403
BAD 549758200853
BAD 549758243663
BAD 549764321023
BAD 549798058723
BAD 549798414283
BAD 549798414301
BAD 549798414313
BAD 549798940073
BAD 549798940087
BAD 549800385073
BAD 549808330171
BAD 549812140909
BAD 549714293651
BAD 549716763371
BAD 549718648907
BAD 549719146343
BAD 549719146349
BAD 549719146351
BAD 549719146363
BAD 549719146381
BAD 549719162233
BAD 549719355349
BAD 549728588099
BAD 549728668733
BAD 549728883031
BAD 549634511749
BAD 549648128461
BAD 549648243797
BAD 549648243799
BAD 549648243821
BAD 549635771039
BAD 549664519219
BAD 549636251753
BAD 549664732051
BAD 549637090831
BAD 549637748971
BAD 549638985283
BAD 549643399969
BAD 549643399973
BAD 549646483651
BAD 549653894513
BAD 549675219503
BAD 549675219523
BAD 549675219529
BAD 549654563837
BAD 549654563839
BAD 549656363219
BAD 549679632823
BAD 549657201493
BAD 549657201497
BAD 549733358789
BAD 549733358791
BAD 549733358803
BAD 549733358813
BAD 549733358833
BAD 549765298531
BAD 549818439143
BAD 549818439151
BAD 549768055313
BAD 549737819321
BAD 549737819327
BAD 549818785463
BAD 549685436213
BAD 549685436221
BAD 549686179613
BAD 549741673097
BAD 549741673099
BAD 549772217711
BAD 549772217713
BAD 549772217767
BAD 549772217773
BAD 549772217809
BAD 549823453357
BAD 549823453393
BAD 549773348041
BAD 549688350317
BAD 549688350319
BAD 549743366147
BAD 549743366149
BAD 549743366153
BAD 549743709217
BAD 549689266681
BAD 549690929063
BAD 549692081053
BAD 549783217463
BAD 549777106621
BAD 549828311999
BAD 549828312001
BAD 549693868657
BAD 549701029193
BAD 549703419589
BAD 549708214129
BAD 549711547123
BAD 549836196053
BAD 549836577869
BAD 549794516281
BAD 549713934997
BAD 549713935003
BAD 549713935007
BAD 549713935009
BAD 549965915539
BAD 549839652017
BAD 549839652023
BAD 549841024147
BAD 549841024151
BAD 549841024153
BAD 549841024157
BAD 549845275387
BAD 549972365603
BAD 549866442823
BAD 549866442913
BAD 549976801841
BAD 549976801853
BAD 549979812149
BAD 549870187267
BAD 549870187277
BAD 549870906499
BAD 549870906503
BAD 549870906509
BAD 549870906511
BAD 549875127049
BAD 549875362523
BAD 549877567727
BAD 549877567783
BAD 549878775091
BAD 549886126583
BAD 549886126637
BAD 549886126639
BAD 549848891597
BAD 549848891621
BAD 549848891623
BAD 549848891629
BAD 549881486347
BAD 549881486509
BAD 549850165703
BAD 549850165729
BAD 549850165741
BAD 549888880559
BAD 549901726789
BAD 549851357689
BAD 549903984073
BAD 549903984109
BAD 549926061221
BAD 549926061247
BAD 549926061259
BAD 549896932973
BAD 549897830641
BAD 549930352189
BAD 549859724549
BAD 549930656657
BAD 549930656659
BAD 549930656663
BAD 549930777901
BAD 549931808617
BAD 549961667071
BAD 549961720237
BAD 549912107333
BAD 549915252217
BAD 549915252223
BAD 549934165763
BAD 549934165771
BAD 549934165777
BAD 549934165787
BAD 549934165789
BAD 549934165793
BAD 549938888623
BAD 549944632673
BAD 549988575013
BAD 549988575029
BAD 549996769981
BAD 549998703613
RANGE 540000000000 550000000000 PRIMES 370034538 BAD 4059
