BAD 750094452337
BAD 750094894883
BAD 750095643419
BAD 750095643421
BAD 750096475153
BAD 750096475171
BAD 750098253769
BAD 750098253803
BAD 750051780697
BAD 750055689443
BAD 750057053849
BAD 750058569859
BAD 750058569863
BAD 750152290231
BAD 750252413627
BAD 750252413629
BAD 750252413633
BAD 750033575761
BAD 750037012489
BAD 750156456263
BAD 750157649953
BAD 750157854151
BAD 750066878849
BAD 750066878851
BAD 750255705559
BAD 750257055323
BAD 750042331351
BAD 750042331369
BAD 750042331373
BAD 750042779221
BAD 750160070029
BAD 750160070041
BAD 750046895137
BAD 750322328557
BAD 750272038837
BAD 750263090749
BAD 750165534301
BAD 750278830979
BAD 750278830981
BAD 750010725803
BAD 750394919419
BAD 750017937631
BAD 750017937637
BAD 750396020093
BAD 750400287751
BAD 750400287773
BAD 750400770037
BAD 750401004049
BAD 750028172479
BAD 750028172483
BAD 750116017913
BAD 750219507689
BAD 750121973989
BAD 750125293969
BAD 750136874659
BAD 750134087753
BAD 750305252783
BAD 750305252789
BAD 750305252791
BAD 750237428323
BAD 750306754621
BAD 750308113201
BAD 750145476011
BAD 750145476013
BAD 750240222241
BAD 750309696781
BAD 750150385801
BAD 750311257351
BAD 750311257433
BAD 750243464519
BAD 750243464521
BAD 750243464543
BAD 750243464549
BAD 750248125943
BAD 750249634759
BAD 750297715399
BAD 750375128771
BAD 750375128773
BAD 750189617167
BAD 750189617173
BAD 750189617189
BAD 750193814837
BAD 750195732163
BAD 750205290587
BAD 750205290589
BAD 750074682199
BAD 750074682209
BAD 750074682211
BAD 750173747887
BAD 750173747893
BAD 750174271921
BAD 750200820841
BAD 750210740821
BAD 750183102353
BAD 750183102359
BAD 750405584623
BAD 750406409297
BAD 750406409299
BAD 750406409303
BAD 750406409323
BAD 750407178643
BAD 750407178683
BAD 750409267129
BAD 750409267133
BAD 750410885183
BAD 750412601063
BAD 750437028377
BAD 750437028379
BAD 750423813137
BAD 750418311833
BAD 750496019887
BAD 750496402001
BAD 750496402003
BAD 750431239711
BAD 750441763069
BAD 750524016353
BAD 750502117769
BAD 750502117793
BAD 750435357757
BAD 750435357901
BAD 750435710393
BAD 750525440011
BAD 750525440029
BAD 750525440111
BAD 750469981999
BAD 750526871879
BAD 750526871881
BAD 750526871893
BAD 750473656013
BAD 750448245181
BAD 750448245187
BAD 750531347347
BAD 750513849649
BAD 750518704081
BAD 750454560511
BAD 750454560517
BAD 750485676643
BAD 750455117837
BAD 750455117933
BAD 750465572179
BAD 750558847273
BAD 750558847277
BAD 750558847279
BAD 750560691593
BAD 750562964639
BAD 750563126029
BAD 750568114903
BAD 750568114909
BAD 750568114913
BAD 750578223233
BAD 750578601557
BAD 750578601559
BAD 750537760883
BAD 750537760891
BAD 750537760897
BAD 750539332693
BAD 750540331283
BAD 750543626143
BAD 750586695323
BAD 750621926149
BAD 750549266681
BAD 750549266683
BAD 750625958207
BAD 750625958209
BAD 750697163113
BAD 750701117083
BAD 750633985177
BAD 750590051077
BAD 750595231409
BAD 750595231411
BAD 750721892663
BAD 750671936431
BAD 750671936437
BAD 750671936447
BAD 750600428587
BAD 750656263249
BAD 750602771819
BAD 750605168113
BAD 750605168119
BAD 750605168123
BAD 750676121843
BAD 750756124231
BAD 750736684861
BAD 750616274431
BAD 750616274437
BAD 750709818073
BAD 750711291943
BAD 750711670223
BAD 750760520281
BAD 750760520311
BAD 750760520483
BAD 750741411403
BAD 750741581423
BAD 750741581467
BAD 750741581479
BAD 750743620183
BAD 750767346661
BAD 750720472597
BAD 750720472603
BAD 750769338863
BAD 750750373253
BAD 750750373267
BAD 750750373333
BAD 750773036747
BAD 750773036749
BAD 750781113713
BAD 750782100697
BAD 750790020593
BAD 750907180349
BAD 750907180351
BAD 750914892031
BAD 750898185083
BAD 750918709621
BAD 750920588447
BAD 750920588449
BAD 750879581663
BAD 750879581671
BAD 750881699587
BAD 750812475253
BAD 750815639779
BAD 750933836287
BAD 750888948223
BAD 750818518369
BAD 750842063131
BAD 750821343113
BAD 750848855011
BAD 750850216411
BAD 750851379799
BAD 750854643751
BAD 750831834463
BAD 750831834469
BAD 750945818671
BAD 750946502881
BAD 750975974041
BAD 750980121497
BAD 750959281493
BAD 750980121499
BAD 750980121503
BAD 750960819503
BAD 750990041467
BAD 750990041471
BAD 750995078089
BAD 751018294781
BAD 751018294783
BAD 751006228789
BAD 751006228793
BAD 751006514513
BAD 751078637599
BAD 751179016351
BAD 751187004613
BAD 751200737957
BAD 751201129439
BAD 751201129453
BAD 751047247217
BAD 751047247219
BAD 751125708709
BAD 751125708713
BAD 751164982459
BAD 751110195193
BAD 751110195197
BAD 751114327921
BAD 751114327993
BAD 751167541081
BAD 751137856373
BAD 751123233409
BAD 751146967723
BAD 751146967729
BAD 751147181207
BAD 751154586109
BAD 751346383087
BAD 751318704949
BAD 751318705021
BAD 751319058109
BAD 751325054209
BAD 751325054213
BAD 751325054219
BAD 751325054251
BAD 751329077423
BAD 751329077441
BAD 751329077461
BAD 751338679789
BAD 751340996431
BAD 751341729079
BAD 751341729091
BAD 751277729837
BAD 751279438807
BAD 751281707299
BAD 751286217391
BAD 751289363081
BAD 751291722557
BAD 751230131761
BAD 751231940959
BAD 751233878309
BAD 751233878323
BAD 751234402943
BAD 751243586333
BAD 751218711311
BAD 751223985331
BAD 751224373973
BAD 751224373979
BAD 751224373981
BAD 751252129051
BAD 751253692183
BAD 751394445643
BAD 751397655013
BAD 751397655031
BAD 751376429813
BAD 751377213173
BAD 751378029299
BAD 751378029301
BAD 751378029343
BAD 751381479493
BAD 751409587661
BAD 751410965843
BAD 751417496677
BAD 751527041359
BAD 751527670723
BAD 751527998957
BAD 751527998959
BAD 751537734977
BAD 751537734979
BAD 751541463811
BAD 751445366803
BAD 751445366807
BAD 751517320751
BAD 751517320753
BAD 751517623657
BAD 751446516283
BAD 751446516287
BAD 751429482763
BAD 751520378437
BAD 751520686717
BAD 751432909849
BAD 751520686759
BAD 751432909853
BAD 751452946351
BAD 751521521519
BAD 751521521521
BAD 751521521561
BAD 751521521563
BAD 751433941849
BAD 751433941861
BAD 751523483783
BAD 751523690273
BAD 751523690279
BAD 751481228803
BAD 751481902441
BAD 751481902453
BAD 751526327723
BAD 751567612597
BAD 751436190653
BAD 751567987409
BAD 751567987411
BAD 751437291323
BAD 751602416281
BAD 751573037077
BAD 751573062421
BAD 751463434811
BAD 751504238239
BAD 751466131519
BAD 751507417567
BAD 751507417579
BAD 751472431351
BAD 751472431357
BAD 751545449873
BAD 751545449881
BAD 751582963633
BAD 751582963643
BAD 751552212751
BAD 751552212757
BAD 751552212767
BAD 751552212769
BAD 751552741931
BAD 751552741943
BAD 751552741967
BAD 751552741969
BAD 751555809091
BAD 751592527891
BAD 751592527897
BAD 751592527901
BAD 751558968397
BAD 751619288773
BAD 751624616341
BAD 751628080019
BAD 751664372281
BAD 751630252171
BAD 751667181091
BAD 751673505773
BAD 751643295629
BAD 751645380469
BAD 751648501463
BAD 751654376227
BAD 751682456671
BAD 751685895643
BAD 751687144939
BAD 751687859017
BAD 751688570011
BAD 751694275909
BAD 751694275921
BAD 751779047333
BAD 751780192487
BAD 751780192489
BAD 751704248333
BAD 751707902791
BAD 751790142247
BAD 751802841703
BAD 751803131543
BAD 751770330067
BAD 751817768717
BAD 751817768719
BAD 751823692699
BAD 751830978923
BAD 751830978931
BAD 751868842279
BAD 751714097447
BAD 751714980923
BAD 751843733657
BAD 751843733659
BAD 751846737857
BAD 751846737877
BAD 751847072551
BAD 751847072569
BAD 751847072573
BAD 751848533071
BAD 751734262693
BAD 751734262739
BAD 751734610489
BAD 751734610511
BAD 751856050303
BAD 751856050307
BAD 751726748923
BAD 751726748933
BAD 751951168537
BAD 751952353913
BAD 751956773329
BAD 751956773333
BAD 751956773353
BAD 751956773429
BAD 751956773431
BAD 751884499477
BAD 752001968243
BAD 752001968251
BAD 752021913371
BAD 752021913373
BAD 751963960571
BAD 751967087903
BAD 751912842959
BAD 751968638153
BAD 751915721017
BAD 751939497187
BAD 751923629299
BAD 751923629311
BAD 751982666173
BAD 751982666179
BAD 751984184437
BAD 751928177323
BAD 752030678491
BAD 752031193181
BAD 752038829371
BAD 752045473939
BAD 752045473943
BAD 752045473951
BAD 752064199241
BAD 752114585527
BAD 752114585533
BAD 752115428063
BAD 752052848401
BAD 752057622193
BAD 752170959751
BAD 752192788019
BAD 752192788021
BAD 752194462381
BAD 752194462399
BAD 752140864393
BAD 752144162269
BAD 752144162279
BAD 752144162281
BAD 752198052871
BAD 752207615023
BAD 752217157519
BAD 752217157537
BAD 752217157541
BAD 752217157673
BAD 752220081901
BAD 752223468233
BAD 752085107209
BAD 752228899693
BAD 752091294191
BAD 752091294193
BAD 752091294197
BAD 752094208639
BAD 752097607643
BAD 752098878217
BAD 752100298403
BAD 752100339953
BAD 752305553497
BAD 752305553509
BAD 752305553513
BAD 752305553521
BAD 752306865161
BAD 752306865179
BAD 752306865181
BAD 752310119731
BAD 752310119753
BAD 752310402007
BAD 752161743731
BAD 752433066757
BAD 752433066773
BAD 752441535977
BAD 752235668231
BAD 752266287863
BAD 752238590417
BAD 752238590419
BAD 752238590423
BAD 752416523387
BAD 752273014951
BAD 752422515127
BAD 752277589913
BAD 752279332019
BAD 752279352751
BAD 752280365219
BAD 752280365269
BAD 752280365273
BAD 752429504573
BAD 752431502539
BAD 752283245201
BAD 752336715973
BAD 752317193339
BAD 752318806573
BAD 752318806579
BAD 752318806583
BAD 752324300087
BAD 752324300131
BAD 752326375321
BAD 752326375369
BAD 752330208769
BAD 752400858893
BAD 752377971727
BAD 752383199903
BAD 752383199983
BAD 752359059763
BAD 752359506961
BAD 752359506967
BAD 752362377341
BAD 752362377343
BAD 752394906973
BAD 752394906979
BAD 752394906983
BAD 752449800317
BAD 752487468413
BAD 752487468433
BAD 752487468437
BAD 752489108113
BAD 752496760021
BAD 752499385163
BAD 752550508483
BAD 752552718839
BAD 752555896933
BAD 752530440133
BAD 752541657451
BAD 752502731611
BAD 752547217427
BAD 752582901919
BAD 752466270761
BAD 752466270763
BAD 752466924361
BAD 752466924371
BAD 752476939583
BAD 752624262629
BAD 752624262631
BAD 752626862903
BAD 752626862929
BAD 752626862957
BAD 752627342671
BAD 752627342683
BAD 752633182673
BAD 752585565439
BAD 752588320067
BAD 752590731793
BAD 752612846917
BAD 752612846933
BAD 752616554029
BAD 752667879833
BAD 752674142459
BAD 752681836477
BAD 752681836483
BAD 752638845169
BAD 752639401859
BAD 752639401861
BAD 752639652803
BAD 752642449759
BAD 752643059767
BAD 752645542939
BAD 752650614679
BAD 752655248393
BAD 752701841863
BAD 752658380213
BAD 752706391559
BAD 752706391561
BAD 752706394697
BAD 752706394729
BAD 752666029441
BAD 752822500763
BAD 752804874643
BAD 752830754821
BAD 752813229449
BAD 752813229451
BAD 752813229457
BAD 752813229473
BAD 752816772377
BAD 752780744189
BAD 752781908477
BAD 752781908479
BAD 752783600809
BAD 752783600813
BAD 752871684667
BAD 752871684673
BAD 752872954219
BAD 752756197499
BAD 752757855079
BAD 752757855121
BAD 752882587621
BAD 752882587657
BAD 752760693409
BAD 752761817477
BAD 752763172199
BAD 752763172201
BAD 752722389721
BAD 752722389743
BAD 752722389751
BAD 752763817577
BAD 752764004423
BAD 752724230449
BAD 752765338103
BAD 752724230483
BAD 752730200029
BAD 752836253063
BAD 752847000097
BAD 752698821631
BAD 752886508537
BAD 752789193161
BAD 752789193179
BAD 752789193181
BAD 752789193187
BAD 752791739113
BAD 752937395557
BAD 752937395603
BAD 752941714597
BAD 752954097613
BAD 752956806757
BAD 752923053403
BAD 752902673059
BAD 752924120243
BAD 752904339071
BAD 752904339073
BAD 752905561417
BAD 752928306947
BAD 752907985651
BAD 752908657903
BAD 752989284743
BAD 752853194461
BAD 752853679813
BAD 752997960667
BAD 752862445339
BAD 752862445343
BAD 752862445411
BAD 752865955579
BAD 752975128519
BAD 752975128531
BAD 752984812903
BAD 752985409261
BAD 752985409291
BAD 753052148003
BAD 753052826671
BAD 753057565789
BAD 753057972917
BAD 753069383351
BAD 753090393313
BAD 753090431999
BAD 753090432001
BAD 753099793213
BAD 753099793217
BAD 753101108611
BAD 753070674581
BAD 753072035647
BAD 753077082143
BAD 753077955611
BAD 753082712873
BAD 753162716083
BAD 753164761879
BAD 753164761883
BAD 753165854479
BAD 753312008753
BAD 753289383491
BAD 753289383493
BAD 753289383503
BAD 753291650359
BAD 753229411673
BAD 753326859037
BAD 753234213709
BAD 753234213713
BAD 753297447817
BAD 753297447821
BAD 753299548153
BAD 753237217207
BAD 753237217223
BAD 753237217231
BAD 753344176621
BAD 753303240203
BAD 753365268883
BAD 753365268889
BAD 753347790799
BAD 753114832303
BAD 753114832471
BAD 753117887783
BAD 753351534919
BAD 753351534931
BAD 753121291459
BAD 753150703609
BAD 753150703621
BAD 753126865037
BAD 753126865039
BAD 753152375837
BAD 753152375839
BAD 753206691557
BAD 753210178543
BAD 753213009587
BAD 753213009589
BAD 753131591557
BAD 753135171757
BAD 753171988277
BAD 753171988279
BAD 753272909009
BAD 753173982139
BAD 753274087663
BAD 753188830169
BAD 753188830171
BAD 753191556613
BAD 753191556617
BAD 753191556619
BAD 753280237783
BAD 753280237789
BAD 753280264717
BAD 753282293891
BAD 753283767647
BAD 753284652683
BAD 753376484621
BAD 753376484633
BAD 753201824239
BAD 753285366023
BAD 753379262347
BAD 753379262351
BAD 753263723227
BAD 753271512157
BAD 753392801773
BAD 753405895043
BAD 753412876819
BAD 753412876829
BAD 753457954957
BAD 753461267191
BAD 753469935203
BAD 753470926643
BAD 753475067239
BAD 753475067249
BAD 753475067251
BAD 753475471303
BAD 753483654439
BAD 753483654467
BAD 753483654563
BAD 753486884413
BAD 753486884431
BAD 753486982709
BAD 753486982711
BAD 753487292251
BAD 753429258121
BAD 753440705599
BAD 753446448611
BAD 753446448613
BAD 753437092169
BAD 753437092171
BAD 753448067293
BAD 753451042429
BAD 753451042433
BAD 753511762417
BAD 753512172601
BAD 753512280511
BAD 753452349809
BAD 753453708793
BAD 753456099359
BAD 753519228073
BAD 753519228113
BAD 753490872961
BAD 753497044691
BAD 753497044693
BAD 753497044697
BAD 753502255147
BAD 753578491363
BAD 753626903527
BAD 753626903531
BAD 753626903551
BAD 753627028333
BAD 753630828631
BAD 753558370783
BAD 753558370787
BAD 753558370793
BAD 753558370801
BAD 753547399603
BAD 753640391899
BAD 753569883511
BAD 753573038551
BAD 753612078449
BAD 753612078451
BAD 753616239169
BAD 753619750529
BAD 753619750531
BAD 753620544907
BAD 753749691683
BAD 753675261319
BAD 753675261349
BAD 753677383687
BAD 753715307941
BAD 753682681651
BAD 753682681657
BAD 753682681723
BAD 753792829457
BAD 753792829459
BAD 753794932903
BAD 753690040951
BAD 753690040969
BAD 753690040973
BAD 753690637253
BAD 753802210669
BAD 753802210673
BAD 753803854277
BAD 753803854303
BAD 753804426313
BAD 753804426317
BAD 753805895701
BAD 753766450433
BAD 753724545817
BAD 753772282313
BAD 753725831393
BAD 753641315293
BAD 753644100413
BAD 753644100493
BAD 753527925811
BAD 753527925817
BAD 753528149929
BAD 753650280839
BAD 753650280841
BAD 753652103387
BAD 753652103389
BAD 753814530439
BAD 753820862833
BAD 753826806833
BAD 753843418219
BAD 753840487291
BAD 753852002303
BAD 753776667263
BAD 753662987689
BAD 753663725939
BAD 753664754309
BAD 753691484353
BAD 753671070169
BAD 753671679109
BAD 753671679113
BAD 753790750423
BAD 753696039829
BAD 753697672331
BAD 753698588039
BAD 753701894089
BAD 753701894093
BAD 753875924663
BAD 753878301461
BAD 753878301469
BAD 753871357103
BAD 753891728881
BAD 753874556599
BAD 753874556623
BAD 753975835997
BAD 753925959803
BAD 753926307857
BAD 753930226213
BAD 753939086521
BAD 753939090901
BAD 753917582401
BAD 753917582413
BAD 753919095593
BAD 753947670209
BAD 753947670211
BAD 753977900971
BAD 753978274057
BAD 753978274061
BAD 753979950439
BAD 753979950443
BAD 753979950457
BAD 753953809951
BAD 753953809957
BAD 753987565021
BAD 753990249611
BAD 753990249613
BAD 753990249619
BAD 753990578401
BAD 753995549221
BAD 754006341113
BAD 754033461919
BAD 754035344371
BAD 754035344393
BAD 754037938249
BAD 754038450413
BAD 754179412583
BAD 754185650941
BAD 754185650947
BAD 754191124553
BAD 754199096983
BAD 754199096993
BAD 754199097019
BAD 754203958609
BAD 754204401553
BAD 754204471567
BAD 754204471571
BAD 754077433189
BAD 754082579339
BAD 754082579347
BAD 754147546291
BAD 754147546297
BAD 754090406857
BAD 754153268839
BAD 754155624143
BAD 754156130339
BAD 754156130341
BAD 754156469681
BAD 754156469683
BAD 754156478839
BAD 754156478843
BAD 754159476181
BAD 754262059433
BAD 754262059459
BAD 754262059469
BAD 754262059471
BAD 754136818847
BAD 754136818849
BAD 754139772803
BAD 754141107911
BAD 754141107913
BAD 754211830171
BAD 754211830189
BAD 754211830231
BAD 754276230619
BAD 754276230623
BAD 754281112099
BAD 754229393447
BAD 754217215289
BAD 754217215291
BAD 754290912997
BAD 754291322857
BAD 754292234809
BAD 754226248943
BAD 754241096041
BAD 754164912581
BAD 754164912583
BAD 754018512109
BAD 754018512113
BAD 754060710803
BAD 754022568353
BAD 754022568361
BAD 754022568373
BAD 754062815137
BAD 754173534767
BAD 754173534769
BAD 754173534773
BAD 754173534781
BAD 754317233819
BAD 754067222851
BAD 754176201353
BAD 754299722123
BAD 754303629421
BAD 754323996499
BAD 754307775343
BAD 754307775349
BAD 754113513031
BAD 754311536843
BAD 754046896093
BAD 754125177607
BAD 754125177613
BAD 754125185479
BAD 754125185483
BAD 754053496019
BAD 754054982887
BAD 754056546343
BAD 754056546349
BAD 754364148557
BAD 754367753627
BAD 754367867131
BAD 754333850227
BAD 754096161781
BAD 754098063689
BAD 754337389601
BAD 754401521347
BAD 754402890323
BAD 754373180287
BAD 754392615173
BAD 754378674593
BAD 754425487303
BAD 754425487313
BAD 754427632639
BAD 754432183963
BAD 754441608421
BAD 754443520997
BAD 754444274611
BAD 754458221771
BAD 754458221773
BAD 754462302773
BAD 754345480643
BAD 754359685309
BAD 754513740263
BAD 754516209661
BAD 754508498591
BAD 754508498593
BAD 754508498599
BAD 754521467893
BAD 754511003761
BAD 754582620089
BAD 754585920337
BAD 754592775847
BAD 754592775851
BAD 754463119583
BAD 754474115051
BAD 754474115053
BAD 754475810299
BAD 754475810303
BAD 754531834783
BAD 754479259301
BAD 754736579983
BAD 754738790951
BAD 754566906923
BAD 754597210013
BAD 754746229319
BAD 754635270583
BAD 754635270601
BAD 754609769009
BAD 754615154269
BAD 754547263451
BAD 754616436473
BAD 754800397399
BAD 754800397411
BAD 754801354103
BAD 754808650363
BAD 754808650367
BAD 754808650369
BAD 754808650373
BAD 754623886351
BAD 754561502153
BAD 754562277589
BAD 754625736763
BAD 754769756501
BAD 754769756569
BAD 754769756581
BAD 754788784843
BAD 754562665403
BAD 754817355499
BAD 754817355511
BAD 754774168553
BAD 754818379171
BAD 754777342441
BAD 754652473789
BAD 754824865579
BAD 754655647411
BAD 754661113189
BAD 754663221563
BAD 754700803981
BAD 754704101093
BAD 754707061897
BAD 754688518621
BAD 754668325729
BAD 754670834111
BAD 754711284499
BAD 754711284511
BAD 754711345127
BAD 754694739833
BAD 754712760733
BAD 754671220273
BAD 754695912589
BAD 754714320343
BAD 754750090973
BAD 754675368523
BAD 754715733181
BAD 754756607141
BAD 754762321373
BAD 754836864601
BAD 754838904271
BAD 754838904283
BAD 754843545023
BAD 754931443477
BAD 754901150287
BAD 754901150293
BAD 754901150299
BAD 754905188431
BAD 754911572803
BAD 754945271473
BAD 754945304459
BAD 754969079047
BAD 754883017543
BAD 754971099983
BAD 754972164533
BAD 754888088573
BAD 754888088621
BAD 754888088623
BAD 754976059763
BAD 754893991097
BAD 754893991099
BAD 755002096411
BAD 755005229533
BAD 755005229557
BAD 755013060569
BAD 755037203471
BAD 755030178211
BAD 755085701033
BAD 755085701039
BAD 755033137543
BAD 755087235323
BAD 754959238703
BAD 754959238717
BAD 754959238723
BAD 754960396033
BAD 754964174617
BAD 754964174623
BAD 754965676183
BAD 755068447223
BAD 755304918161
BAD 755304918163
BAD 755309418847
BAD 755079892951
BAD 755152953991
BAD 755157413827
BAD 755157413833
BAD 755185560439
BAD 755163598253
BAD 755171357293
BAD 755166817673
BAD 755191773467
BAD 755118498949
BAD 755118499033
BAD 755121263459
BAD 755121263461
BAD 755121263503
BAD 755121485851
BAD 755199483091
BAD 755199483097
BAD 755199483107
BAD 755199483109
BAD 755199700313
BAD 755125266851
BAD 755131091069
BAD 755235585253
BAD 755210488013
BAD 755211584999
BAD 755211585001
BAD 754992899471
BAD 755140743919
BAD 755140743923
BAD 755233543591
BAD 755233543601
BAD 755144859683
BAD 755145767633
BAD 755268220127
BAD 755268220129
BAD 755269633553
BAD 755278794757
BAD 755278794859
BAD 755278794863
BAD 755278816639
BAD 755254903531
BAD 755259899221
BAD 755348730053
BAD 755348730079
BAD 755348730083
BAD 755385589381
BAD 755391145043
BAD 755422863757
BAD 755400215627
BAD 755405372867
BAD 755405372903
BAD 755425394413
BAD 755427673549
BAD 755373969331
BAD 755431886269
BAD 755431886273
BAD 755413846379
BAD 755413846381
BAD 755413846393
BAD 755474973587
BAD 755476437713
BAD 755482756321
BAD 755482756393
BAD 755506858343
BAD 755512423739
BAD 755517565433
BAD 755365015541
BAD 755496199109
BAD 755496199111
BAD 755498368463
BAD 755500658933
BAD 755501607199
BAD 755526191243
BAD 755570710849
BAD 755558424353
BAD 755572277443
BAD 755572277461
BAD 755578351219
BAD 755578351223
BAD 755579459671
BAD 755580230443
BAD 755655117181
BAD 755656741019
BAD 755656741043
BAD 755588774287
BAD 755662482083
BAD 755597089339
BAD 755670061711
BAD 755722106011
BAD 755728864159
BAD 755729018579
BAD 755729018581
BAD 755729018593
BAD 755733069863
BAD 755733870953
BAD 755460323993
BAD 755758567523
BAD 755758896559
BAD 755812086377
BAD 755815483153
BAD 755762509807
BAD 755762509813
BAD 755790316067
BAD 755790316069
BAD 755819982283
BAD 755827521727
BAD 755794051927
BAD 755794313003
BAD 755794313009
BAD 755830986023
BAD 755797072999
BAD 755799282509
BAD 755799282521
BAD 755627268559
BAD 755634611749
BAD 755674439563
BAD 755674439579
BAD 755679336557
BAD 755679336563
BAD 755680672763
BAD 755648795989
BAD 755651927677
BAD 755653490863
BAD 755688200389
BAD 755693528987
BAD 755615841353
BAD 755615841367
BAD 755696054809
BAD 755701835407
BAD 755701835411
BAD 755701835423
BAD 755701835437
BAD 755702704201
BAD 755720034599
BAD 755840293723
BAD 755842135313
BAD 755845987163
BAD 755846373187
BAD 755848716229
BAD 755938399693
BAD 755909493421
BAD 755919058021
BAD 755919058051
BAD 755957563457
BAD 755892317749
BAD 755963528003
BAD 755896396789
BAD 755942958877
BAD 755953611443
BAD 755995572809
BAD 755995572811
BAD 755995572817
BAD 756005129573
BAD 756005129587
BAD 755985562117
BAD 755986551289
BAD 755988814597
BAD 756017161117
BAD 756017161147
BAD 756017161153
BAD 756019355431
BAD 756113047577
BAD 756113047633
BAD 755879348093
BAD 755882221163
BAD 756118421843
BAD 756118421857
BAD 756121200493
BAD 755885588477
BAD 756094101053
BAD 756095901739
BAD 756073804193
BAD 756103940191
BAD 756132123259
BAD 756106456321
BAD 756106456327
BAD 756058987043
BAD 756062695027
BAD 756062825701
BAD 756065614951
BAD 756070145737
BAD 756147818059
BAD 756147818071
BAD 756147818081
BAD 756150637903
BAD 756150637909
BAD 756241822979
BAD 756248020909
BAD 756043860391
BAD 756048298403
BAD 756196409377
BAD 756183736853
BAD 756188095123
BAD 756188095147
BAD 756165193207
BAD 756165193337
BAD 756165193339
BAD 756208238897
BAD 756208238899
BAD 756167795783
BAD 756169605109
BAD 756170730589
BAD 756173828587
BAD 756173828591
BAD 756173828593
BAD 756220487677
BAD 756234348229
BAD 756235633553
BAD 756274888871
BAD 756277647977
BAD 756294534553
BAD 756294888749
BAD 756294888751
BAD 756301813339
BAD 756366586931
BAD 756366586933
BAD 756367782199
BAD 756330250561
BAD 756313034723
BAD 756351553369
BAD 756314830189
BAD 756355023979
BAD 756356166749
BAD 756356166751
BAD 756317579393
BAD 756324623917
BAD 756381513257
BAD 756384437581
BAD 756384914737
BAD 756387761083
BAD 756388714789
BAD 756388714793
BAD 756417686377
BAD 756443170603
BAD 756443495783
BAD 756418877999
BAD 756419292263
BAD 756420423331
BAD 756421694269
BAD 756506027617
BAD 756506027633
BAD 756422723059
BAD 756449520209
BAD 756507578443
BAD 756425578591
BAD 756453793409
BAD 756453793423
BAD 756476013077
BAD 756482855131
BAD 756484848211
BAD 756486396559
BAD 756486396563
BAD 756490391737
BAD 756491460493
BAD 756516960911
BAD 756522445597
BAD 756568038181
BAD 756568038223
BAD 756426131191
BAD 756426527839
BAD 756426527849
BAD 756426527851
BAD 756426601223
BAD 756433325071
BAD 756557774519
BAD 756557774521
BAD 756530750179
BAD 756537418943
BAD 756582973681
BAD 756586850861
BAD 756587159821
BAD 756593763661
BAD 756594626407
BAD 756599609471
BAD 756599609473
BAD 756599609509
BAD 756679241293
BAD 756679241321
BAD 756679241323
BAD 756681492283
BAD 756661895881
BAD 756661895887
BAD 756662333131
BAD 756662335367
BAD 756662335369
BAD 756658154599
BAD 756659371399
BAD 756676249061
BAD 756697161301
BAD 756745368793
BAD 756748083991
BAD 756748083997
BAD 756751754617
BAD 756752279533
BAD 756754280831
BAD 756754280839
BAD 756754280879
BAD 756754280881
BAD 756709845583
BAD 756879721693
BAD 756882326077
BAD 756883195553
BAD 756883195561
BAD 756730179991
BAD 756730180013
BAD 756730180021
BAD 756885865543
BAD 756734343919
BAD 756734343923
BAD 756736086439
BAD 756736086443
BAD 756891576677
BAD 756816594143
BAD 756892816573
BAD 756899435531
BAD 756892816651
BAD 756899435533
BAD 756820274503
BAD 756824223653
BAD 756827872673
BAD 756827872681
BAD 756932936803
BAD 756936028207
BAD 756939850507
BAD 756912807953
BAD 756868076227
BAD 756868076243
BAD 756872899109
BAD 756764339563
BAD 756764339567
BAD 756876413221
BAD 756927373771
BAD 756927373777
BAD 756927373781
BAD 756773204689
BAD 756773839001
BAD 756796515289
BAD 756799140641
BAD 756801769369
BAD 756803483551
BAD 756808272229
BAD 756856192489
BAD 756858331051
BAD 756858331069
BAD 756859639831
BAD 756835056629
BAD 756835056631
BAD 756843586283
BAD 756784098121
BAD 756789739991
BAD 756789740011
BAD 757018334621
BAD 757018538057
BAD 757022882281
BAD 757022882293
BAD 756962585383
BAD 756965267393
BAD 756967094731
BAD 757048828453
BAD 757048828457
BAD 757048828463
BAD 757050572269
BAD 757050572273
BAD 757050572281
BAD 757050572287
BAD 757051711417
BAD 757002498983
BAD 757056240781
BAD 757058370451
BAD 757058530099
BAD 757058530103
BAD 757058530133
BAD 757008826633
BAD 757008826649
BAD 757081354343
BAD 757081354373
BAD 757081994959
BAD 757039692407
BAD 757039692413
BAD 757087214393
BAD 757087214399
BAD 757043550383
BAD 757045630111
BAD 757073199457
BAD 757073870009
BAD 757073870011
BAD 757115050039
BAD 757115050103
BAD 757115692253
BAD 757094335103
BAD 757078618999
BAD 757079358109
BAD 757120023799
BAD 757125399031
BAD 757138446151
BAD 757139064991
BAD 757106212573
BAD 757106212579
BAD 757253103301
BAD 757253103307
BAD 757253103311
BAD 757241324209
BAD 757216505041
BAD 757107983377
BAD 757107983383
BAD 757244929061
BAD 757108609577
BAD 757217888521
BAD 757262763661
BAD 757230958303
BAD 757230958307
BAD 757383786751
BAD 757396557041
BAD 757197864383
BAD 757200820403
BAD 757208060137
BAD 757210120531
BAD 757210120543
BAD 757150445123
BAD 757299344033
BAD 757336401313
BAD 757338531031
BAD 757338531041
BAD 757338531043
BAD 757340565181
BAD 757291562329
BAD 757296551029
BAD 757296551041
BAD 757350489079
BAD 757504056937
BAD 757360228213
BAD 757510240609
BAD 757399251997
BAD 757409254279
BAD 757413882163
BAD 757369615291
BAD 757374934171
BAD 757325950561
BAD 757328484863
BAD 757331464213
BAD 757435565927
BAD 757439866399
BAD 757448265653
BAD 757488749029
BAD 757493126903
BAD 757493126911
BAD 757493126939
BAD 757493126941
BAD 757493835841
BAD 757495349089
BAD 757449134213
BAD 757450183051
BAD 757450374533
BAD 757475494511
BAD 757528163993
BAD 757463367889
BAD 757463367911
BAD 757465310977
BAD 757465310989
BAD 757589799613
BAD 757590887051
BAD 757590887063
BAD 757590887069
BAD 757590887071
BAD 757591128451
BAD 757592023633
BAD 757592023691
BAD 757592023693
BAD 757592023711
BAD 757592953939
BAD 757593898759
BAD 757595540851
BAD 757533049283
BAD 757533049309
BAD 757537101487
BAD 757550581471
BAD 757550581477
BAD 757550581481
BAD 757550581483
BAD 757550581531
BAD 757544812967
BAD 757545973039
BAD 757562882933
BAD 757565770589
BAD 757640708777
BAD 757640708779
BAD 757643306621
BAD 757645662107
BAD 757647319853
BAD 757633356817
BAD 757607283163
BAD 757612276177
BAD 757615826089
BAD 757676602681
BAD 757791821263
BAD 757792833781
BAD 757792833803
BAD 757796460121
BAD 757796580113
BAD 757796580119
BAD 757742633707
BAD 757745699597
BAD 757745699603
BAD 757746883643
BAD 757749566711
BAD 757749566713
BAD 757705379653
BAD 757706549357
BAD 757711239979
BAD 757733880661
BAD 757733880691
BAD 757752316681
BAD 757756554497
BAD 757757162489
BAD 757757162497
BAD 757768111043
BAD 757871914427
BAD 757873026863
BAD 757655770033
BAD 757659451613
BAD 757659451631
BAD 757660419083
BAD 757660419091
BAD 757780025819
BAD 757878946871
BAD 757878946873
BAD 757662439451
BAD 757667127187
BAD 757667127193
BAD 757810358287
BAD 757810358293
BAD 757813782377
BAD 757813782379
BAD 757818165787
BAD 757894384087
BAD 757897158203
BAD 757988888161
BAD 757956383929
BAD 757956383939
BAD 757956383941
BAD 757991076967
BAD 757958091287
BAD 757958465137
BAD 757959220597
BAD 758033129429
BAD 758016189677
BAD 758016710401
BAD 758017175653
BAD 757852953133
BAD 757839209851
BAD 757839915127
BAD 757861827139
BAD 757861827157
BAD 757863078199
BAD 757865845117
BAD 757821797641
BAD 757821797647
BAD 757938096583
BAD 757822558697
BAD 757945287263
BAD 758075627017
BAD 757948575983
BAD 757949021029
BAD 758080799899
BAD 757827144541
BAD 758082181471
BAD 758084953343
BAD 757915150723
BAD 758085419671
BAD 758085419737
BAD 757916006011
BAD 757916006017
BAD 758055315403
BAD 758055315419
BAD 758055315421
BAD 758065694209
BAD 758065694213
BAD 758066314597
BAD 758121954847
BAD 758121954857
BAD 758121954859
BAD 758129037983
BAD 758129173261
BAD 758129173267
BAD 758129173313
BAD 758131689923
BAD 758131959173
BAD 758132975843
BAD 758136245473
BAD 758136245479
BAD 758090380409
BAD 758136931339
BAD 758092840697
BAD 758092840699
BAD 758108294663
BAD 758096966873
BAD 758099283391
BAD 758099283397
BAD 758099283401
BAD 758156983403
BAD 758174926813
BAD 758144926951
BAD 757929117061
BAD 758177526989
BAD 758177526991
BAD 758146571587
BAD 758146571659
BAD 758181262471
BAD 758181262477
BAD 758182168361
BAD 758182168363
BAD 758182765343
BAD 758169212981
BAD 758169212987
BAD 758169212989
BAD 758169212993
BAD 758183181667
BAD 758184251551
BAD 758184251563
BAD 758194933523
BAD 758216885659
BAD 758216885669
BAD 758250496741
BAD 758227545109
BAD 758229602503
BAD 758229602519
BAD 758229602521
BAD 758233996007
BAD 758235974149
BAD 758254906207
BAD 758258131651
BAD 758259525851
BAD 758259525853
BAD 758394687727
BAD 758394687731
BAD 758394687733
BAD 758263767319
BAD 758263767329
BAD 758397602803
BAD 758280131299
BAD 758282445761
BAD 758282445763
BAD 758270598353
BAD 758286038603
BAD 758404436003
BAD 758288954587
BAD 758288954603
BAD 758324279551
BAD 758426737099
BAD 758426737111
BAD 758427595501
BAD 758430982667
BAD 758430982669
BAD 758430982681
BAD 758430982709
BAD 758430982711
BAD 758305897291
BAD 758320018609
BAD 758341123027
BAD 758342366513
BAD 758349143059
BAD 758523274177
BAD 758376287063
BAD 758447521891
BAD 758530118557
BAD 758450590069
BAD 758533101167
BAD 758533101169
BAD 758418862699
BAD 758575548953
BAD 758577429013
BAD 758583162061
BAD 758588616983
BAD 758359885343
BAD 758359885351
BAD 758359885373
BAD 758501480749
BAD 758501480753
BAD 758501480761
BAD 758549646863
BAD 758570764333
BAD 758480750431
BAD 758460691771
BAD 758460691789
BAD 758483022487
BAD 758466830447
BAD 758466830449
BAD 758509474691
BAD 758509474693
BAD 758472403627
BAD 758472403649
BAD 758521110047
BAD 758521110049
BAD 758615456569
BAD 758600031271
BAD 758620505119
BAD 758632948561
BAD 758640663271
BAD 758640702187
BAD 758642671543
BAD 758659100791
BAD 758659100839
BAD 758758974067
BAD 758761884679
BAD 758662454603
BAD 758769945751
BAD 758699412707
BAD 758720969269
BAD 758773578389
BAD 758729451241
BAD 758729451307
BAD 758729451313
BAD 758706038947
BAD 758672376421
BAD 758706915413
BAD 758739847339
BAD 758675084641
BAD 758676111049
BAD 758676111211
BAD 758690277593
BAD 758690277659
BAD 758690277661
BAD 758777642963
BAD 758784692909
BAD 758743611389
BAD 758743611391
BAD 758751763613
BAD 758873046733
BAD 758873325563
BAD 758873325569
BAD 758796752191
BAD 758796752201
BAD 758796752213
BAD 758806169423
BAD 758806169431
BAD 758806169437
BAD 758806169441
BAD 758806819307
BAD 758966309419
BAD 758856216851
BAD 758973173551
BAD 758973741629
BAD 758808550757
BAD 758809503271
BAD 758894630363
BAD 758812626083
BAD 758912363761
BAD 758819266459
BAD 758906907559
BAD 759014460377
BAD 759014460401
BAD 759014460403
BAD 759014460409
BAD 759017843413
BAD 758932826549
BAD 758932826551
BAD 758933592349
BAD 759019458227
BAD 758977180589
BAD 759020509153
BAD 758989778867
BAD 758875810547
BAD 758875810549
BAD 758877870953
BAD 758947494821
BAD 758833125419
BAD 758833125439
BAD 758833125443
BAD 758886746609
BAD 758952032513
BAD 758841572309
BAD 759001128049
BAD 759004890811
BAD 759008203153
BAD 759028344727
BAD 759094494427
BAD 759043151441
BAD 759043151443
BAD 759044064907
BAD 759127045099
BAD 759121203739
BAD 759101278303
BAD 759046727149
BAD 759048257581
BAD 759104101597
BAD 759104101601
BAD 759104101603
BAD 759105005473
BAD 759105005479
BAD 759049664771
BAD 759049664773
BAD 759051346463
BAD 759067457989
BAD 759069706067
BAD 759069706069
BAD 759142971901
BAD 759080061793
BAD 759058720471
BAD 759081825767
BAD 759089806561
BAD 759089806567
BAD 759161822711
BAD 759211683173
BAD 759211683299
BAD 759185518493
BAD 759174451669
BAD 759186962333
BAD 759187641649
BAD 759176960483
BAD 759189483203
BAD 759190372729
BAD 759221022181
BAD 759192871001
BAD 759227425049
BAD 759227425051
BAD 759248362051
BAD 759248676553
BAD 759252593977
BAD 759252853223
BAD 759303797023
BAD 759308867131
BAD 759308867137
BAD 759288119599
BAD 759291040247
BAD 759149636071
BAD 759152451413
BAD 759152451419
BAD 759156517073
BAD 759198493091
BAD 759198493093
BAD 759198493099
BAD 759199893203
BAD 759205883587
BAD 759207335449
BAD 759210112961
BAD 759210112963
BAD 759210112967
BAD 759386802373
BAD 759386802413
BAD 759357201091
BAD 759358120163
BAD 759440066747
BAD 759440066753
BAD 759440066773
BAD 759440981647
BAD 759442207343
BAD 759404907119
BAD 759404907143
BAD 759405773683
BAD 759488560879
BAD 759492004013
BAD 759453227023
BAD 759468819251
BAD 759468819253
BAD 759535920683
BAD 759536598593
BAD 759469731799
BAD 759469731803
BAD 759563084767
BAD 759563084771
BAD 759471079517
BAD 759471079519
BAD 759471079529
BAD 759471079531
BAD 759472072063
BAD 759541530289
BAD 759565815559
BAD 759565815563
BAD 759543656239
BAD 759543656243
BAD 759546073639
BAD 759475300273
BAD 759572464801
BAD 759572464823
BAD 759576173959
BAD 759576173963
BAD 759562337819
BAD 759272818163
BAD 759277585519
BAD 759277585543
BAD 759344023247
BAD 759600868393
BAD 759602168261
BAD 759321418043
BAD 759630778639
BAD 759642316903
BAD 759642316933
BAD 759668761351
BAD 759671381551
BAD 759712066307
BAD 759619254217
BAD 759412151821
BAD 759413083633
BAD 759626978557
BAD 759626978563
BAD 759627229267
BAD 759735578551
BAD 759740645537
BAD 759421609889
BAD 759743067211
BAD 759746782703
BAD 759497681419
BAD 759748159913
BAD 759750251009
BAD 759752390977
BAD 759753453917
BAD 759756774263
BAD 759501282691
BAD 759728356733
BAD 759728356759
BAD 759728356787
BAD 759728356789
BAD 759502798039
BAD 759502798057
BAD 759730067231
BAD 759763009309
BAD 759506448601
BAD 759898644227
BAD 759898644229
BAD 759905234279
BAD 759909211561
BAD 759909211613
BAD 759768261467
BAD 759771227233
BAD 759771227239
BAD 759953960551
BAD 759955231073
BAD 759955825103
BAD 759681006319
BAD 759958601243
BAD 759657988013
BAD 759963752699
BAD 759963752701
BAD 759963752719
BAD 759691933843
BAD 759691933853
BAD 759787244149
BAD 759791374291
BAD 759791374297
BAD 759882762473
BAD 759882762479
BAD 759796339279
BAD 759796339283
BAD 759891273319
BAD 759832332053
BAD 759799475131
BAD 759799475137
BAD 759799475143
BAD 759815316629
BAD 759865953113
BAD 759865953127
BAD 759865953137
BAD 759865953139
BAD 759867370201
BAD 759815974943
BAD 759843516151
BAD 759805628531
BAD 759805628633
BAD 759916435559
BAD 759916435561
BAD 759870721021
BAD 759872815081
BAD 759923408149
BAD 759927596101
BAD 759939498187
BAD 759939890639
BAD 759939890641
BAD 759942363647
BAD 759946613351
BAD 759996088373
BAD 759859450627
BAD 759859450639
BAD 759859450643
BAD 759864259501
BAD 759965687587
BAD 759965923051
BAD 759973552801
BAD 759979178851
BAD 759979178857
RANGE 750000000000 760000000000 PRIMES 365629688 BAD 2111
