BAD 770187477979
BAD 770205581161
BAD 770205581191
BAD 770056530979
BAD 770056665773
BAD 770209722211
BAD 770060880013
BAD 770214382939
BAD 770214382943
BAD 770216051183
BAD 770065211803
BAD 770152375561
BAD 770252344723
BAD 770243311639
BAD 770244849499
BAD 770258944817
BAD 770258944823
BAD 770263116839
BAD 770288428859
BAD 770295697289
BAD 770295697291
BAD 770295697321
BAD 770067528229
BAD 770075977907
BAD 770084033393
BAD 770084033399
BAD 770084033401
BAD 770107286491
BAD 770107286521
BAD 770107286527
BAD 770092271383
BAD 770092271393
BAD 770092640851
BAD 770093595697
BAD 770136618809
BAD 770136618817
BAD 770136618877
BAD 770139206497
BAD 770272129079
BAD 770272129103
BAD 770147042603
BAD 770149717793
BAD 770281843451
BAD 770376583133
BAD 770376583147
BAD 770376583189
BAD 770120425939
BAD 770120631883
BAD 770120631887
BAD 770380427041
BAD 770380972961
BAD 770122343413
BAD 770218321997
BAD 770218322039
BAD 770315035429
BAD 770350810969
BAD 770224349303
BAD 770133278021
BAD 770133278023
BAD 770133278029
BAD 770225422199
BAD 770230138829
BAD 770231396029
BAD 770001942481
BAD 770319569311
BAD 770181237613
BAD 770018189029
BAD 770014182683
BAD 770036746547
BAD 770037676237
BAD 770037676253
BAD 770023489141
BAD 770334887327
BAD 770026766273
BAD 770027605511
BAD 770027605513
BAD 770028692317
BAD 770028692333
BAD 770031803419
BAD 770031803423
BAD 770450929519
BAD 770453363401
BAD 770412483593
BAD 770415097313
BAD 770423295947
BAD 770423295949
BAD 770423340653
BAD 770427527071
BAD 770461816261
BAD 770463754793
BAD 770531563163
BAD 770503693523
BAD 770503693591
BAD 770471837567
BAD 770507511679
BAD 770536063723
BAD 770508732199
BAD 770476609453
BAD 770476609457
BAD 770476609459
BAD 770730802553
BAD 770570656283
BAD 770575903663
BAD 770575903673
BAD 770576761463
BAD 770586694147
BAD 770689903771
BAD 770689903777
BAD 770689903793
BAD 770691344699
BAD 770691344701
BAD 770696784107
BAD 770696793649
BAD 770702922761
BAD 770706483097
BAD 770706483101
BAD 770706483103
BAD 770708739953
BAD 770556307099
BAD 770708939971
BAD 770716013413
BAD 770566582573
BAD 770614652963
BAD 770617034197
BAD 770744067271
BAD 770744067277
BAD 770753786401
BAD 770906666513
BAD 770806661167
BAD 770806661171
BAD 770806661173
BAD 770808676621
BAD 770913919343
BAD 770913919351
BAD 770913991961
BAD 770913991963
BAD 770915221523
BAD 770810395093
BAD 770918198173
BAD 770918198177
BAD 770918198179
BAD 770813012261
BAD 770546246081
BAD 770546246083
BAD 770932121783
BAD 770551988329
BAD 770551988359
BAD 770875306211
BAD 770884316789
BAD 770884316791
BAD 770891965537
BAD 770824160453
BAD 770891965541
BAD 770891965549
BAD 770895757013
BAD 770900147467
BAD 770900147471
BAD 770860682569
BAD 770860682597
BAD 770862571573
BAD 770862571579
BAD 770869522103
BAD 770848751671
BAD 770798681231
BAD 770798681239
BAD 770657987797
BAD 770632374209
BAD 770662617559
BAD 770662617563
BAD 770759933963
BAD 770760950581
BAD 770665618453
BAD 770762730053
BAD 770942182963
BAD 770675313701
BAD 770675313703
BAD 770947016681
BAD 770947569199
BAD 770947622353
BAD 770679094573
BAD 770679094589
BAD 770775762541
BAD 770645336029
BAD 770647857493
BAD 770957426053
BAD 770957426089
BAD 770961331277
BAD 770961331279
BAD 770961331291
BAD 770961808913
BAD 770962029223
BAD 770970284881
BAD 771011580811
BAD 770998439573
BAD 770998439587
BAD 770999751229
BAD 771001363967
BAD 771001363969
BAD 770983703813
BAD 771024558443
BAD 771024558449
BAD 771040069913
BAD 771040069939
BAD 771058811077
BAD 771058811087
BAD 771060844339
BAD 771060844343
BAD 771062132783
BAD 771041794771
BAD 771065518849
BAD 771067109723
BAD 771067109737
BAD 771067109741
BAD 771077345923
BAD 771081933781
BAD 771081933799
BAD 771081933803
BAD 771085868479
BAD 771088102579
BAD 771088102583
BAD 771088280449
BAD 771091679107
BAD 771146514143
BAD 771094642853
BAD 771094642867
BAD 771147547493
BAD 771096248383
BAD 771113876581
BAD 771113972359
BAD 771100370581
BAD 771152326517
BAD 771117233533
BAD 771103687919
BAD 771157181719
BAD 771106112893
BAD 771120313133
BAD 771120521261
BAD 771120521263
BAD 771120521357
BAD 771120521359
BAD 771120521387
BAD 771120521389
BAD 771121933091
BAD 771121933093
BAD 771123378989
BAD 771123379027
BAD 771123379031
BAD 771174855053
BAD 771177033989
BAD 771179745001
BAD 771185149477
BAD 771161917151
BAD 771161917153
BAD 771161917157
BAD 771161917159
BAD 771186225349
BAD 771186225361
BAD 771208153171
BAD 771194176499
BAD 771170700271
BAD 771202816693
BAD 771202816697
BAD 771206991563
BAD 771125019803
BAD 771298335901
BAD 771128848223
BAD 771484158541
BAD 771486927229
BAD 771136885601
BAD 771140842531
BAD 771140842567
BAD 771443356039
BAD 771231457741
BAD 771235043377
BAD 771497102879
BAD 771497102881
BAD 771394040177
BAD 771428706901
BAD 771504261389
BAD 771504261403
BAD 771396721127
BAD 771431309749
BAD 771408092989
BAD 771531383437
BAD 771536379101
BAD 771538001231
BAD 771538001233
BAD 771538001239
BAD 771260800447
BAD 771260800459
BAD 771543562897
BAD 771543562927
BAD 771599627189
BAD 771599627191
BAD 771599627203
BAD 771599627207
BAD 771546173093
BAD 771409557883
BAD 771565846057
BAD 771565846837
BAD 771587264761
BAD 771242085743
BAD 771590204563
BAD 771266035003
BAD 771266870587
BAD 771590633089
BAD 771390045793
BAD 771415550819
BAD 771415550821
BAD 771418480757
BAD 771418480759
BAD 771418480843
BAD 771418555133
BAD 771557602601
BAD 771557602603
BAD 771244923037
BAD 771245491231
BAD 771423740729
BAD 771423835433
BAD 771275486753
BAD 771468969413
BAD 771468969431
BAD 771468969433
BAD 771470600099
BAD 771470600101
BAD 771470600107
BAD 771470600111
BAD 771470600113
BAD 771472901239
BAD 771253644713
BAD 771284178293
BAD 771284489653
BAD 771284489719
BAD 771332855999
BAD 771313664083
BAD 771313664087
BAD 771313664089
BAD 771341980447
BAD 771614415973
BAD 771617076103
BAD 771621786323
BAD 771634449863
BAD 771635857669
BAD 771636399727
BAD 771636399757
BAD 771636399761
BAD 771642296339
BAD 771799408463
BAD 771799408469
BAD 771801052951
BAD 771801052973
BAD 771807100709
BAD 771807100711
BAD 771808543999
BAD 771699807233
BAD 771699807247
BAD 771699947077
BAD 771702989671
BAD 771821578573
BAD 771821578579
BAD 771982852331
BAD 771982852339
BAD 771982852349
BAD 771982852351
BAD 771984108563
BAD 771826943089
BAD 771834672563
BAD 771835122847
BAD 771835122853
BAD 771775114009
BAD 771776306183
BAD 771776306209
BAD 771776306221
BAD 771992761037
BAD 771992761039
BAD 771993149009
BAD 771728823559
BAD 771839768213
BAD 771733951763
BAD 771844730981
BAD 771845024603
BAD 771845024609
BAD 771845024611
BAD 771845024627
BAD 771737747041
BAD 771739923151
BAD 771741035521
BAD 771784917829
BAD 771784917833
BAD 771784917919
BAD 771659977523
BAD 771790317983
BAD 771668083061
BAD 771668083063
BAD 771668083073
BAD 771668403691
BAD 771673522853
BAD 771745455599
BAD 771745455601
BAD 771714933931
BAD 771715927141
BAD 771719776679
BAD 771905365403
BAD 771911750839
BAD 771946035719
BAD 772021031293
BAD 772021031303
BAD 772021031311
BAD 772029261121
BAD 771946390577
BAD 771969398219
BAD 771969398227
BAD 771975377917
BAD 771917898413
BAD 771920876897
BAD 771920876899
BAD 771862584719
BAD 771866995919
BAD 772001497259
BAD 772001497261
BAD 771888228667
BAD 771873622469
BAD 771873622477
BAD 771678028441
BAD 771678028493
BAD 771678028507
BAD 771875526901
BAD 771876880253
BAD 771893449279
BAD 771690502703
BAD 771691124563
BAD 772030112149
BAD 772036515017
BAD 772053478477
BAD 772053478481
BAD 772053478499
BAD 772053478501
BAD 772083040193
BAD 772086087607
BAD 772086087623
BAD 772088704679
BAD 772091713667
BAD 772091713669
BAD 772092150187
BAD 772092150191
BAD 772092150197
BAD 772092150199
BAD 772092150223
BAD 772093626529
BAD 772134854573
BAD 772134854681
BAD 772139451323
BAD 772143614873
BAD 772143614881
BAD 772144453441
BAD 772144453447
BAD 772144453453
BAD 772103076989
BAD 772105305311
BAD 772110839119
BAD 772159882541
BAD 772162645763
BAD 772162645777
BAD 772115131609
BAD 772115778157
BAD 772244472829
BAD 772244472833
BAD 772246171651
BAD 772434201151
BAD 772434201157
BAD 772442255371
BAD 772448847083
BAD 772066273571
BAD 772078619209
BAD 772334135633
BAD 772334135641
BAD 772342079521
BAD 772343412329
BAD 772343412331
BAD 772343412391
BAD 772344592051
BAD 772344664613
BAD 772345204937
BAD 772166383081
BAD 772168545353
BAD 772175056267
BAD 772460021423
BAD 772462273183
BAD 772463133529
BAD 772180095233
BAD 772180398589
BAD 772384451039
BAD 772385380441
BAD 772385380447
BAD 772472980619
BAD 772472980621
BAD 772472980637
BAD 772472980639
BAD 772503737983
BAD 772479826273
BAD 772519344469
BAD 772487199277
BAD 772487199283
BAD 772489716967
BAD 772493435171
BAD 772493435179
BAD 772495022449
BAD 772495022503
BAD 772496865473
BAD 772266628619
BAD 772266628621
BAD 772270600051
BAD 772207116469
BAD 772207116479
BAD 772207116481
BAD 772542816263
BAD 772542816271
BAD 772542816281
BAD 772542816293
BAD 772303544203
BAD 772304143921
BAD 772305870079
BAD 772184002099
BAD 772220437957
BAD 772221646579
BAD 772222556351
BAD 772222556363
BAD 772292920433
BAD 772292920439
BAD 772190089831
BAD 772190089843
BAD 772190089849
BAD 772294995349
BAD 772226886839
BAD 772226886841
BAD 772227017207
BAD 772227017209
BAD 772227017213
BAD 772227017227
BAD 772227017231
BAD 772298395763
BAD 772298395769
BAD 772193331677
BAD 772314158797
BAD 772193331683
BAD 772314158807
BAD 772328796881
BAD 772329170189
BAD 772329170191
BAD 772329568313
BAD 772329568319
BAD 772329568321
BAD 772251034309
BAD 772251296101
BAD 772253073211
BAD 772254135589
BAD 772254135593
BAD 772254135619
BAD 772254135623
BAD 772256686813
BAD 772256686823
BAD 772555512601
BAD 772559854837
BAD 772559854841
BAD 772559854853
BAD 772415930501
BAD 772415930509
BAD 772578969739
BAD 772420081907
BAD 772401907273
BAD 772423318417
BAD 772424461231
BAD 772379016337
BAD 772428919193
BAD 772428919201
BAD 772428919211
BAD 772381198621
BAD 772415177173
BAD 772596361937
BAD 772596361939
BAD 772596361951
BAD 772597269413
BAD 772598178511
BAD 772609192603
BAD 772623926519
BAD 772623926521
BAD 772633070281
BAD 772672765687
BAD 772703112289
BAD 772815076609
BAD 772752176221
BAD 772752176227
BAD 772705012237
BAD 772760483203
BAD 772762467661
BAD 772710899419
BAD 772712431831
BAD 772691494879
BAD 772651168591
BAD 772923345589
BAD 772655814263
BAD 772655814277
BAD 772655814319
BAD 772927039771
BAD 772927039777
BAD 772927039783
BAD 772929286867
BAD 772660913873
BAD 772661412139
BAD 772933510429
BAD 772903123673
BAD 772903126483
BAD 772903126517
BAD 772903126519
BAD 772934698931
BAD 772934913901
BAD 772903784311
BAD 772662354287
BAD 772662354293
BAD 772726503853
BAD 772726503863
BAD 772726503953
BAD 772836570119
BAD 772837073251
BAD 772837073257
BAD 772728324317
BAD 772786560001
BAD 772908533239
BAD 772778309059
BAD 772778309063
BAD 772821804787
BAD 772738441309
BAD 772738441399
BAD 772738441403
BAD 772740797401
BAD 772783832941
BAD 772734015307
BAD 772915835983
BAD 772734350033
BAD 772734350053
BAD 772734350057
BAD 772794433783
BAD 772794632593
BAD 772876561711
BAD 772849549343
BAD 772849549379
BAD 772850588401
BAD 772751043037
BAD 772751043041
BAD 772884217057
BAD 772638909239
BAD 772641533407
BAD 772854817759
BAD 772645561159
BAD 772856385667
BAD 772862054033
BAD 772865908831
BAD 772946835853
BAD 772950846001
BAD 772973827433
BAD 772896019583
BAD 772975880867
BAD 772975880869
BAD 772983175907
BAD 772961834107
BAD 773019946291
BAD 773026203899
BAD 773029076063
BAD 773032387079
BAD 773032387081
BAD 773033797171
BAD 773141993903
BAD 773144802307
BAD 772990297997
BAD 772990297999
BAD 773147261483
BAD 773149233121
BAD 772993956751
BAD 773150979593
BAD 773171010593
BAD 773044193533
BAD 773172341947
BAD 772998377387
BAD 773176362769
BAD 773176362773
BAD 773179401173
BAD 773180888177
BAD 773118126503
BAD 773009199271
BAD 773010002587
BAD 773127772399
BAD 773154541507
BAD 773154541531
BAD 773154541543
BAD 773154600247
BAD 773193190943
BAD 773162375071
BAD 773201757751
BAD 773202108743
BAD 773202108769
BAD 773169349471
BAD 773056216369
BAD 773220878461
BAD 773220878467
BAD 773220878483
BAD 773221055441
BAD 773221055443
BAD 773060021641
BAD 773060021653
BAD 773060021687
BAD 773060021689
BAD 773072950009
BAD 773076647977
BAD 773076648023
BAD 773068075627
BAD 773228834551
BAD 773228834579
BAD 773097226553
BAD 773278614221
BAD 773278614223
BAD 773278968697
BAD 773245087073
BAD 773245087081
BAD 773281055779
BAD 773256697693
BAD 773256697799
BAD 773250887467
BAD 773258879977
BAD 773258879983
BAD 773263316101
BAD 773263316113
BAD 773269522219
BAD 773269522261
BAD 773318315479
BAD 773318760523
BAD 773318760527
BAD 773333450341
BAD 773391390677
BAD 773391390679
BAD 773391390683
BAD 773338146751
BAD 773338146793
BAD 773345302189
BAD 773397041089
BAD 773397041093
BAD 773397041099
BAD 773397041101
BAD 773399505191
BAD 773348820553
BAD 773413619533
BAD 773474170031
BAD 773474170033
BAD 773475189397
BAD 773418074089
BAD 773420370829
BAD 773478098891
BAD 773478098893
BAD 773483370983
BAD 773355817111
BAD 773356891243
BAD 773358424879
BAD 773359267507
BAD 773359267511
BAD 773373591271
BAD 773373781657
BAD 773373781703
BAD 773360335549
BAD 773440881623
BAD 773440881643
BAD 773440881649
BAD 773363715143
BAD 773463156397
BAD 773447168761
BAD 773376591409
BAD 773376591419
BAD 773365960699
BAD 773383388447
BAD 773386390229
BAD 773517971929
BAD 773530753753
BAD 773530753757
BAD 773530753759
BAD 773530753763
BAD 773535426343
BAD 773535426347
BAD 773536018573
BAD 773536018657
BAD 773537126293
BAD 773537126311
BAD 773575916341
BAD 773558159659
BAD 773560237159
BAD 773661817801
BAD 773662757563
BAD 773590866493
BAD 773593253341
BAD 773594638319
BAD 773594638321
BAD 773610416417
BAD 773587699823
BAD 773568622273
BAD 773625058571
BAD 773625357377
BAD 773673315683
BAD 773673315689
BAD 773673315691
BAD 773603797513
BAD 773631974761
BAD 773425959247
BAD 773425959253
BAD 773604681679
BAD 773604681721
BAD 773604681727
BAD 773606321431
BAD 773429013367
BAD 773676321629
BAD 773676321631
BAD 773437255039
BAD 773683201493
BAD 773688872399
BAD 773688872401
BAD 773690809813
BAD 773653911683
BAD 773653911691
BAD 773498233349
BAD 773498233351
BAD 773498233357
BAD 773498935093
BAD 773776357363
BAD 773768491849
BAD 773779827287
BAD 773782483699
BAD 773695159639
BAD 773909895431
BAD 773700996259
BAD 773914245121
BAD 773914245127
BAD 773703299533
BAD 773703299659
BAD 773916538987
BAD 773704802309
BAD 773704802341
BAD 773705989423
BAD 773896439933
BAD 773896439941
BAD 773876455699
BAD 773876455717
BAD 773850175453
BAD 773853479983
BAD 773853479989
BAD 773748337253
BAD 773748337277
BAD 773944703747
BAD 773944703759
BAD 773944703773
BAD 773944703783
BAD 773945181859
BAD 773945181869
BAD 773947623487
BAD 773950040299
BAD 774045816503
BAD 773981382113
BAD 774048094447
BAD 774049713559
BAD 773982936479
BAD 773983963703
BAD 774020213971
BAD 774020214223
BAD 773989291703
BAD 773989291711
BAD 773991133411
BAD 774052134859
BAD 774054376633
BAD 774058290347
BAD 774058290349
BAD 773936289487
BAD 774065497043
BAD 774065497091
BAD 773938091299
BAD 774008552573
BAD 774009339683
BAD 773970555863
BAD 773975852281
BAD 773975852291
BAD 773975852311
BAD 773810858323
BAD 773812289399
BAD 773814727633
BAD 773815068857
BAD 773815068863
BAD 773718402343
BAD 773861530471
BAD 773723455613
BAD 773723455621
BAD 773723455627
BAD 773723455663
BAD 773735894027
BAD 773866546993
BAD 773867228677
BAD 774039375839
BAD 774178921013
BAD 774186715891
BAD 774193177633
BAD 774193735919
BAD 774193735921
BAD 774193735943
BAD 774095243953
BAD 774095243969
BAD 774096586387
BAD 774162616061
BAD 774162616069
BAD 774235794001
BAD 774164348539
BAD 774166293457
BAD 774166293463
BAD 774167585251
BAD 774119602027
BAD 774119602051
BAD 774122245681
BAD 774122248583
BAD 774200661967
BAD 774123612739
BAD 774216332509
BAD 774216332521
BAD 774204407311
BAD 774204407321
BAD 774204407323
BAD 774217676807
BAD 774217676809
BAD 774206940863
BAD 774224422163
BAD 774287849407
BAD 774287849417
BAD 774293700689
BAD 774293840753
BAD 774293840843
BAD 774294090953
BAD 774295229251
BAD 774299576059
BAD 774363190829
BAD 774363190831
BAD 774321136111
BAD 774322038439
BAD 774306425339
BAD 774306425341
BAD 774352547531
BAD 774355412693
BAD 774359845117
BAD 774359845121
BAD 774359845123
BAD 774377467309
BAD 774377467327
BAD 774378077663
BAD 774378077677
BAD 774133581503
BAD 774141342061
BAD 774400242757
BAD 774400242761
BAD 774407537633
BAD 774407933713
BAD 774407933729
BAD 774407933731
BAD 774407933743
BAD 774407933753
BAD 774407933801
BAD 774470544193
BAD 774470692669
BAD 774472277899
BAD 774501463627
BAD 774582582523
BAD 774506530481
BAD 774457071013
BAD 774457071019
BAD 774459286673
BAD 774459286681
BAD 774459286687
BAD 774517640657
BAD 774430699093
BAD 774430699109
BAD 774430699111
BAD 774430699129
BAD 774440278757
BAD 774494284621
BAD 774531726079
BAD 774556193317
BAD 774556193339
BAD 774557760217
BAD 774563904749
BAD 774563904857
BAD 774563904859
BAD 774598510687
BAD 774559164139
BAD 774570159743
BAD 774561312463
BAD 774414052999
BAD 774414152539
BAD 774577235611
BAD 774613459943
BAD 774423974173
BAD 774716671621
BAD 774637574101
BAD 774720846121
BAD 774722622833
BAD 774652525981
BAD 774646214437
BAD 774727866823
BAD 774727866827
BAD 774646886509
BAD 774646886513
BAD 774654835939
BAD 774712305643
BAD 774730648091
BAD 774714302717
BAD 774656615483
BAD 774667062823
BAD 774667062847
BAD 774667062853
BAD 774660680119
BAD 774735658579
BAD 774735658597
BAD 774740190751
BAD 774740190761
BAD 774677026703
BAD 774680140547
BAD 774743249513
BAD 774743906791
BAD 774681960937
BAD 774688603321
BAD 774754617971
BAD 774782350819
BAD 774782350831
BAD 774951462221
BAD 774955470901
BAD 774955470907
BAD 774957344269
BAD 774794096161
BAD 774961134193
BAD 774961134197
BAD 774962411617
BAD 774963178837
BAD 774766476559
BAD 774767150893
BAD 774767857763
BAD 774835965047
BAD 774835965061
BAD 774932708597
BAD 774883384799
BAD 774842667829
BAD 774888962719
BAD 774939957331
BAD 774890014799
BAD 774869848903
BAD 774945394549
BAD 775004242321
BAD 774896621731
BAD 774896799821
BAD 774978091879
BAD 774978091883
BAD 774980659253
BAD 775009783253
BAD 775011952553
BAD 774882070553
BAD 774800646383
BAD 774827156149
BAD 774804481117
BAD 774831598859
BAD 774831598861
BAD 774831598907
BAD 774811242713
BAD 774811242719
BAD 774811242893
BAD 774811242899
BAD 774811242901
BAD 774811317529
BAD 774814043089
BAD 774983189593
BAD 774984955373
BAD 774984955441
BAD 774984955447
BAD 774984955523
BAD 774989104969
BAD 774923240159
BAD 774924261107
BAD 774924261109
BAD 774849064543
BAD 774929257831
BAD 774855355669
BAD 774859151401
BAD 774900700853
BAD 775023343613
BAD 775024080433
BAD 774863478989
BAD 775025319259
BAD 775025319269
BAD 775027336891
BAD 774913817213
BAD 774913817221
BAD 774913817239
BAD 774913817243
BAD 775084940519
BAD 775084940521
BAD 775089096079
BAD 775090326893
BAD 775038844373
BAD 775038844379
BAD 775038844381
BAD 775043661893
BAD 775044276373
BAD 775189720939
BAD 775189720951
BAD 775190280001
BAD 775057035119
BAD 775057035121
BAD 775058533453
BAD 775059318899
BAD 775059318923
BAD 775155357259
BAD 775165461443
BAD 775104271411
BAD 775105844501
BAD 775105844503
BAD 775166979661
BAD 775167346013
BAD 775122429919
BAD 775122429923
BAD 775123265341
BAD 775123539067
BAD 775124354737
BAD 775068869833
BAD 775108569107
BAD 775169425003
BAD 775169425159
BAD 775125261773
BAD 775221245761
BAD 775275480257
BAD 775275480263
BAD 775276040131
BAD 775276040171
BAD 775276040173
BAD 775223532151
BAD 775223532157
BAD 775073204833
BAD 775073279881
BAD 775281020713
BAD 775281020719
BAD 775130983681
BAD 775281948563
BAD 775230308581
BAD 775176479747
BAD 775263706331
BAD 775265823571
BAD 775299175853
BAD 775313792371
BAD 775247687611
BAD 775204388263
BAD 775216729799
BAD 775216729801
BAD 775339116751
BAD 775339116757
BAD 775322402611
BAD 775330317137
BAD 775420030387
BAD 775422727771
BAD 775425462047
BAD 775425462059
BAD 775425462061
BAD 775356010291
BAD 775428513331
BAD 775360223819
BAD 775360223821
BAD 775362607627
BAD 775366053389
BAD 775367335453
BAD 775394325803
BAD 775394325809
BAD 775394551003
BAD 775397781031
BAD 775397854081
BAD 775397854111
BAD 775403934667
BAD 775409087441
BAD 775409087449
BAD 775409087459
BAD 775409087461
BAD 775572439753
BAD 775577225333
BAD 775577225341
BAD 775577225351
BAD 775584360079
BAD 775637604901
BAD 775642312483
BAD 775642312513
BAD 775642312517
BAD 775642312519
BAD 775689076219
BAD 775689076223
BAD 775645498973
BAD 775662524723
BAD 775663356449
BAD 775663356451
BAD 775696566067
BAD 775678474849
BAD 775679348723
BAD 775679348729
BAD 775679348737
BAD 775679348753
BAD 775605444379
BAD 775556688077
BAD 775556688079
BAD 775556688091
BAD 775556688097
BAD 775612694407
BAD 775612694411
BAD 775612694413
BAD 775612694419
BAD 775613000719
BAD 775568019407
BAD 775568019439
BAD 775522424011
BAD 775525123223
BAD 775528080583
BAD 775528080589
BAD 775461103927
BAD 775530409811
BAD 775530409813
BAD 775530857131
BAD 775538664301
BAD 775538664413
BAD 775439463823
BAD 775439463833
BAD 775534349189
BAD 775464107521
BAD 775539757099
BAD 775621759951
BAD 775621771163
BAD 775468588519
BAD 775468588523
BAD 775624431839
BAD 775632902423
BAD 775634529443
BAD 775588484399
BAD 775486745179
BAD 775486745183
BAD 775636885879
BAD 775591337239
BAD 775595588023
BAD 775595588029
BAD 775596530383
BAD 775596610681
BAD 775503598279
BAD 775506903079
BAD 775510392367
BAD 775510392373
BAD 775510392383
BAD 775517962433
BAD 775707551429
BAD 775707551431
BAD 775712270149
BAD 775723584289
BAD 775809191393
BAD 775809191401
BAD 775824747479
BAD 775791270983
BAD 775832729071
BAD 775836876509
BAD 775890861001
BAD 775893343789
BAD 775899331981
BAD 775899578833
BAD 775855944709
BAD 775855944713
BAD 775862967973
BAD 775862968009
BAD 775957539491
BAD 775957539493
BAD 775958409649
BAD 775958770859
BAD 775958845771
BAD 775958845777
BAD 775943915449
BAD 775962055013
BAD 775962055027
BAD 775962055049
BAD 775964904839
BAD 775966573021
BAD 775948717823
BAD 775948732873
BAD 775948732877
BAD 775948732879
BAD 775948732883
BAD 775969719313
BAD 775969719323
BAD 775933247923
BAD 775873246349
BAD 775918239301
BAD 775920474907
BAD 775920474911
BAD 775846605383
BAD 775991767051
BAD 776082487577
BAD 776084746069
BAD 776008373269
BAD 776086567973
BAD 776091395939
BAD 776091395941
BAD 776022013079
BAD 776095786273
BAD 776095786283
BAD 776100362839
BAD 775977935063
BAD 776023419079
BAD 775979293393
BAD 776042414633
BAD 776028517133
BAD 776029502011
BAD 776060608333
BAD 776060608343
BAD 776033662697
BAD 776033662699
BAD 776033922379
BAD 776048691193
BAD 776048691199
BAD 776048691203
BAD 776065139963
BAD 776036811731
BAD 776036811733
BAD 776068573337
BAD 776036811743
BAD 776068573339
BAD 776069121577
BAD 776069180323
BAD 776115780721
BAD 776115780733
BAD 776125525999
BAD 776125526003
BAD 776127915889
BAD 776150602501
BAD 776175953941
BAD 776184160231
BAD 776159010343
BAD 776200099589
BAD 776165886833
BAD 776206818143
BAD 776207186551
BAD 776173067701
BAD 776214265517
BAD 776222570173
BAD 776222570183
BAD 776242717997
BAD 776242718011
BAD 776277588839
BAD 776254275623
BAD 776282817103
BAD 776287674079
BAD 776287674083
BAD 776288621573
BAD 776309269583
BAD 776258755081
BAD 776316154267
BAD 776304966271
BAD 776337332369
BAD 776337332371
BAD 776268077399
BAD 776338016011
BAD 776338016029
BAD 776338016033
BAD 776274160253
BAD 776375807863
BAD 776461588043
BAD 776364046193
BAD 776364046201
BAD 776465650349
BAD 776428933921
BAD 776469007711
BAD 776388825533
BAD 776435864723
BAD 776435864821
BAD 776390813777
BAD 776455150073
BAD 776455150091
BAD 776455150153
BAD 776478836603
BAD 776494177603
BAD 776479230481
BAD 776496713813
BAD 776499778837
BAD 776492453291
BAD 776492453293
BAD 776510771389
BAD 776516101853
BAD 776520917749
BAD 776520917761
BAD 776523215089
BAD 776523215093
BAD 776525425703
BAD 776600765183
BAD 776604559561
BAD 776604559571
BAD 776604559573
BAD 776604559583
BAD 776608021339
BAD 776620241153
BAD 776620241167
BAD 776620241171
BAD 776393065003
BAD 776393065009
BAD 776393065013
BAD 776393065027
BAD 776393065031
BAD 776395829639
BAD 776411965267
BAD 776399897359
BAD 776400145943
BAD 776415116263
BAD 776402208163
BAD 776402208167
BAD 776417893639
BAD 776406939677
BAD 776546775107
BAD 776546775113
BAD 776532027151
BAD 776532027157
BAD 776551143113
BAD 776551143139
BAD 776551143167
BAD 776551143169
BAD 776552762827
BAD 776553066781
BAD 776553066787
BAD 776534806057
BAD 776728515061
BAD 776730044401
BAD 776537212519
BAD 776701668047
BAD 776701668049
BAD 776701668053
BAD 776538731281
BAD 776559811927
BAD 776738803583
BAD 776738803591
BAD 776652965659
BAD 776653217407
BAD 776740090909
BAD 776659520869
BAD 776660010859
BAD 776542819967
BAD 776720795209
BAD 776691597613
BAD 776576775823
BAD 776576775827
BAD 776585106281
BAD 776566824133
BAD 776896250993
BAD 776899506619
BAD 776899537373
BAD 776900684663
BAD 776900684671
BAD 776904901081
BAD 776912339477
BAD 776912339479
BAD 776925492157
BAD 776928638443
BAD 776829605693
BAD 776830767673
BAD 776848360861
BAD 776848360867
BAD 776746310597
BAD 776849438591
BAD 776849438593
BAD 776844332519
BAD 776844332521
BAD 776860084211
BAD 776860084213
BAD 776860084219
BAD 776963192251
BAD 776781634691
BAD 776753932069
BAD 776965489903
BAD 776860907387
BAD 776861480683
BAD 776861480687
BAD 776861480693
BAD 776861480699
BAD 776861480701
BAD 776867806489
BAD 776867806493
BAD 776867806499
BAD 776867806501
BAD 776758054409
BAD 776873037223
BAD 776970266539
BAD 776970266543
BAD 776800144069
BAD 776800144073
BAD 776977641379
BAD 776977641383
BAD 776805791161
BAD 776814747617
BAD 777019206391
BAD 776819930077
BAD 777064963793
BAD 777064963799
BAD 777027640339
BAD 777003969223
BAD 777031350769
BAD 777031350773
BAD 777005572411
BAD 777086532709
BAD 777008294281
BAD 777008294287
BAD 777087855893
BAD 776765398463
BAD 776771303369
BAD 776883916583
BAD 776887619351
BAD 776889967703
BAD 776892857233
BAD 776892857239
BAD 776946498409
BAD 776946498413
BAD 776929209341
BAD 776951243759
BAD 776953687849
BAD 776938880203
BAD 776938880243
BAD 776942372539
BAD 776945676781
BAD 777048413107
BAD 777048982459
BAD 777049754977
BAD 777049754981
BAD 777050336977
BAD 777052577221
BAD 777100042193
BAD 777055753129
BAD 777110517461
BAD 777111022879
BAD 777149188351
BAD 777154434643
BAD 777160615433
BAD 777160615603
BAD 776983348753
BAD 776986823089
BAD 777168424933
BAD 777239389483
BAD 777141007931
BAD 777141007933
BAD 777247107743
BAD 777247107779
BAD 777145951763
BAD 777188978213
BAD 777118092637
BAD 777118092649
BAD 777198201361
BAD 777203220439
BAD 777204898583
BAD 777127820221
BAD 777369252991
BAD 777369252997
BAD 777379247509
BAD 777381201451
BAD 777333309773
BAD 777215434027
BAD 777331331603
BAD 777266552221
BAD 777352453651
BAD 777219477409
BAD 777219477421
BAD 777219477427
BAD 777219477431
BAD 777345664913
BAD 777345664919
BAD 777356531747
BAD 777272027459
BAD 777272027461
BAD 777360241313
BAD 777222640451
BAD 777362050433
BAD 777363823897
BAD 777364975327
BAD 777364975339
BAD 777277394701
BAD 777228752623
BAD 777228752627
BAD 777307232993
BAD 777256067383
BAD 777256067389
BAD 777258332897
BAD 777258332899
BAD 777261509317
BAD 777262660969
BAD 777262663381
BAD 777262663391
BAD 777262663393
BAD 777514152431
BAD 777514152433
BAD 777523983443
BAD 777461026417
BAD 777461026421
BAD 777461026423
BAD 777461799773
BAD 777561024563
BAD 777565481689
BAD 777565481701
BAD 777565680121
BAD 777566508743
BAD 777566508751
BAD 777471478127
BAD 777471478129
BAD 777475245577
BAD 777399778879
BAD 777288982973
BAD 777481580611
BAD 777481580651
BAD 777481580653
BAD 777296351927
BAD 777296351929
BAD 777411263639
BAD 777411263641
BAD 777411263647
BAD 777485057521
BAD 777487163543
BAD 777446728327
BAD 777447420067
BAD 777533388133
BAD 777534770963
BAD 777534936197
BAD 777534936203
BAD 777621828769
BAD 777541695899
BAD 777541695901
BAD 777624780811
BAD 777631666703
BAD 777637143083
BAD 777640878467
BAD 777654952733
BAD 777656007787
BAD 777584079763
BAD 777656837911
BAD 777656837917
BAD 777656989663
BAD 777656989729
BAD 777657959107
BAD 777666568969
BAD 777594869417
BAD 777598462489
BAD 777684089617
BAD 777674216959
BAD 777686360179
BAD 777686360263
BAD 777686360267
BAD 777686360291
BAD 777686360293
BAD 777675553411
BAD 777689234827
BAD 777689234831
BAD 777703309783
BAD 777703309787
BAD 777713179651
BAD 777713179657
BAD 777828482869
BAD 777811348141
BAD 777841847603
BAD 777846800477
BAD 777846800483
BAD 777770873461
BAD 777770873483
BAD 777770873491
BAD 777772113557
BAD 777772113577
BAD 777735004633
BAD 777754279199
BAD 777754279201
BAD 777757148513
BAD 777744447661
BAD 777785140441
BAD 777785374081
BAD 777784564981
BAD 777764056733
BAD 777729763597
BAD 777732820369
BAD 777766078429
BAD 777766078433
BAD 777750832723
BAD 777750832739
BAD 777750832741
BAD 777853123681
BAD 777571686217
BAD 777571686233
BAD 777576849029
BAD 777576849031
BAD 777576849043
BAD 777577373369
BAD 777577373371
BAD 777603670231
BAD 777604429253
BAD 777606675851
BAD 777608348611
BAD 777608348617
BAD 777613653721
BAD 777987639997
BAD 777999369023
BAD 777999369031
BAD 777999885911
BAD 777972499793
BAD 777974641397
BAD 777980788523
BAD 777982339909
BAD 777982339913
BAD 778070854741
BAD 778070922323
BAD 778070922331
BAD 778052274949
BAD 778088083739
BAD 778092606727
BAD 778099217911
BAD 778099451209
BAD 777905525701
BAD 777905525711
BAD 777905525713
BAD 777875277677
BAD 777879279841
BAD 777915547447
BAD 778210176119
BAD 778200322343
BAD 778200322351
BAD 778201504279
BAD 778219543279
BAD 778219543333
BAD 778023614483
BAD 778221193583
BAD 778222989539
BAD 778222989541
BAD 778222989553
BAD 778227002041
BAD 778228841189
BAD 778228841191
BAD 778035779839
BAD 778234463693
BAD 778130078899
BAD 778132176193
BAD 778132332841
BAD 778173083581
BAD 778013411333
BAD 778013968943
BAD 778013969011
BAD 778108452559
BAD 778135624703
BAD 778108452571
BAD 778135624733
BAD 778108452593
BAD 778135624741
BAD 778108452617
BAD 778135624759
BAD 778108452629
BAD 778135624769
BAD 778108452631
BAD 778135624771
BAD 778108452679
BAD 778176260723
BAD 778176260731
BAD 777891175829
BAD 778186810561
BAD 778155154313
BAD 778155154339
BAD 778155154351
BAD 778169289883
BAD 778170394537
BAD 778140364867
BAD 778146538397
BAD 778146538399
BAD 777964540279
BAD 777964540291
BAD 777920136073
BAD 777927419957
BAD 777946417583
BAD 778275148187
BAD 778275148199
BAD 778275148201
BAD 778308781363
BAD 778314138193
BAD 778314224843
BAD 778333615757
BAD 778334286997
BAD 778334287001
BAD 778334287021
BAD 778257068419
BAD 778257698123
BAD 778288096193
BAD 778288096199
BAD 778264048049
BAD 778297128157
BAD 778342231399
BAD 778342531207
BAD 778300200331
BAD 778266947629
BAD 778343137291
BAD 778343137303
BAD 778360265009
BAD 778360265017
BAD 778360265027
BAD 778360265029
BAD 778360465651
BAD 778363734371
BAD 778363734373
BAD 778363826413
BAD 778349906881
BAD 778367911183
BAD 778369051703
BAD 778370525599
BAD 778252197013
BAD 778412982923
BAD 778416719543
BAD 778474266743
BAD 778475061097
BAD 778461714143
BAD 778441126103
BAD 778467486091
BAD 778467486103
BAD 778467486109
BAD 778467636307
BAD 778445201063
BAD 778445201069
BAD 778445201071
BAD 778449029419
BAD 778427614277
BAD 778429988113
BAD 778433718541
BAD 778575501859
BAD 778577082169
BAD 778577082233
BAD 778641201917
BAD 778594393337
BAD 778595653921
BAD 778595653999
BAD 778650459673
BAD 778602847613
BAD 778656415729
BAD 778636872137
BAD 778638195241
BAD 778609932409
BAD 778615093759
BAD 778618766839
BAD 778622981419
BAD 778390846217
BAD 778393632581
BAD 778393632593
BAD 778393632619
BAD 778393632623
BAD 778393632649
BAD 778398387883
BAD 778398387889
BAD 778398387901
BAD 778403823601
BAD 778694542363
BAD 778694542369
BAD 778557423739
BAD 778557423751
BAD 778504930981
BAD 778707242263
BAD 778742176469
BAD 778743901591
BAD 778749950299
BAD 778754753761
BAD 778757424637
BAD 778544777963
BAD 778544777981
BAD 778760855701
BAD 778547917913
BAD 778797206773
BAD 778797206777
BAD 778797206779
BAD 778551987757
BAD 778798282421
BAD 778798282429
BAD 778555856303
BAD 778555954531
BAD 778803085603
BAD 778803085607
BAD 778803085609
BAD 778805651653
BAD 778806788231
BAD 778806788233
BAD 778820298889
BAD 778820298899
BAD 778710686239
BAD 778715413921
BAD 778775776333
BAD 778839725311
BAD 778720369549
BAD 778785618859
BAD 778785618901
BAD 778785618931
BAD 778723616743
BAD 778855993109
BAD 778942881623
BAD 778946088209
BAD 778946088211
BAD 778876106471
BAD 778876106473
BAD 778896217579
BAD 778896217591
BAD 778896217601
BAD 778887247477
BAD 778904168323
BAD 778667641069
BAD 778957489901
BAD 778957489903
BAD 778957711351
BAD 778922768257
BAD 778922817941
BAD 778922817943
BAD 778922817949
BAD 778928603293
BAD 778929482951
BAD 778929482953
BAD 778929527003
BAD 778680179491
BAD 778681218719
BAD 778681218787
BAD 778681218793
BAD 778681218811
BAD 778939181029
BAD 778684645099
BAD 778940929103
BAD 778687911943
BAD 778740465247
BAD 779093762599
BAD 779160623893
BAD 779160623897
BAD 779160623903
BAD 779095421831
BAD 779095421833
BAD 779101000991
BAD 779112469771
BAD 779112756319
BAD 779102128757
BAD 779102128759
BAD 779013445087
BAD 779017175857
BAD 779178959833
BAD 779178959843
BAD 779178959873
BAD 779178959893
BAD 779049202303
BAD 779049202307
BAD 778976765053
BAD 778977223363
BAD 778977223369
BAD 779051907709
BAD 779052030587
BAD 778988074651
BAD 779128590937
BAD 779128590949
BAD 779128617413
BAD 779211077179
BAD 779130113123
BAD 779213499313
BAD 779215604359
BAD 779083872883
BAD 779140535869
BAD 779140535881
BAD 779085390157
BAD 779140856849
BAD 779201252393
BAD 779207903107
BAD 778974725077
BAD 779261546149
BAD 779261938643
BAD 779261938669
BAD 779030000747
BAD 779263144427
BAD 779034012409
BAD 779320921339
BAD 779321951753
BAD 779324027621
BAD 779324027623
BAD 779324027627
BAD 779324027639
BAD 779237861737
BAD 778998467773
BAD 779067181313
BAD 779067400757
BAD 779338372763
BAD 779073447721
BAD 779073447727
BAD 779294885461
BAD 779299497799
BAD 779301167321
BAD 779305904087
BAD 779305904089
BAD 779306253017
BAD 779387387993
BAD 779388089449
BAD 779388089453
BAD 779388089461
BAD 779393688511
BAD 779450198743
BAD 779366326591
BAD 779370549757
BAD 779463626603
BAD 779350765283
BAD 779439207031
BAD 779244832013
BAD 779245982071
BAD 779245982077
BAD 779246346979
BAD 779291056157
BAD 779291056163
BAD 779292941071
BAD 779475234793
BAD 779405306333
BAD 779257003429
BAD 779544373189
BAD 779544373193
BAD 779414147803
BAD 779546543183
BAD 779415154711
BAD 779415154717
BAD 779416597789
BAD 779550849331
BAD 779552793191
BAD 779555743583
BAD 779496248249
BAD 779482492409
BAD 779516360353
BAD 779516360369
BAD 779516360377
BAD 779516360383
BAD 779486281531
BAD 779487465839
BAD 779517308753
BAD 779561984923
BAD 779424551083
BAD 779490728249
BAD 779490728251
BAD 779491821959
BAD 779491821961
BAD 779491848151
BAD 779502397469
BAD 779492329921
BAD 779493996109
BAD 779493996121
BAD 779504262613
BAD 779590157179
BAD 779613844301
BAD 779621053193
BAD 779621053207
BAD 779625939853
BAD 779627503231
BAD 779627899279
BAD 779627899283
BAD 779627899291
BAD 779631614659
BAD 779631614693
BAD 779637314021
BAD 779637314023
BAD 779638630171
BAD 779640876649
BAD 779640876653
BAD 779642372263
BAD 779642372269
BAD 779564780789
BAD 779564780791
BAD 779568691103
BAD 779569526413
BAD 779569526419
BAD 779569526423
BAD 779576394613
BAD 779579576863
BAD 779579576869
BAD 779579634331
BAD 779650672039
BAD 779653076777
BAD 779653076779
BAD 779653076837
BAD 779661416003
BAD 779701832183
BAD 779711364893
BAD 779719073813
BAD 779672635073
BAD 779675602709
BAD 779675602711
BAD 779817415711
BAD 779822436727
BAD 779751391457
BAD 779751391459
BAD 779823281299
BAD 779828805193
BAD 779757385877
BAD 779757385879
BAD 779681880589
BAD 779694713843
BAD 779872279471
BAD 779877041033
BAD 779731035701
BAD 779731035703
BAD 779733872059
BAD 779956024093
BAD 779956024097
BAD 779957291599
BAD 779957571331
BAD 779961244411
BAD 779961244427
BAD 779961244429
BAD 779737792189
BAD 779737792193
BAD 779965628809
BAD 779965628821
BAD 779739762133
BAD 779974719053
BAD 779975637019
BAD 779852091143
BAD 779979953629
BAD 779904498091
BAD 779904498103
BAD 779906115511
BAD 779906701381
BAD 779918027513
BAD 779918358173
BAD 779786261809
BAD 779987689433
BAD 779991598313
BAD 779795084993
BAD 779994425927
BAD 779994425929
BAD 779994934123
BAD 779800593349
BAD 779800593353
RANGE 770000000000 780000000000 PRIMES 365285107 BAD 2129
