BAD 660102504791
BAD 660102504799
BAD 660104898911
BAD 660111834401
BAD 660307007761
BAD 660152491459
BAD 660152491463
BAD 660152696993
BAD 660152696999
BAD 660154674901
BAD 660156322087
BAD 660038421043
BAD 660225174929
BAD 660161708819
BAD 660316637269
BAD 660316637273
BAD 660316637303
BAD 660042857017
BAD 660230196049
BAD 660167134423
BAD 660231815549
BAD 660376568723
BAD 660377418667
BAD 660377418671
BAD 660048740941
BAD 660048740963
BAD 660048740969
BAD 660237807269
BAD 660049440623
BAD 660049440629
BAD 660100045183
BAD 660100045193
BAD 660380072641
BAD 660244309183
BAD 660186622283
BAD 660249651263
BAD 660250242331
BAD 660138387971
BAD 660138387973
BAD 660190187431
BAD 660191803069
BAD 660139983071
BAD 660139983079
BAD 660144128603
BAD 660198778171
BAD 660144637309
BAD 660272871697
BAD 660146473633
BAD 660146473643
BAD 660146473673
BAD 660273922447
BAD 660149628169
BAD 660340480669
BAD 660340480673
BAD 660340480691
BAD 660340480693
BAD 660281988193
BAD 660281988199
BAD 660281988203
BAD 660283211527
BAD 660342433921
BAD 660126271243
BAD 660126271247
BAD 660126271249
BAD 660126271253
BAD 660348169321
BAD 660348188429
BAD 660128091229
BAD 660349359547
BAD 660359564549
BAD 660132344929
BAD 660132344947
BAD 660361541783
BAD 660361541797
BAD 660361541803
BAD 660175129571
BAD 660175129573
BAD 660362443519
BAD 660362443529
BAD 660178385539
BAD 660178385569
BAD 660367760671
BAD 660367760677
BAD 660368463037
BAD 660368463067
BAD 660368774809
BAD 660322739851
BAD 660070323443
BAD 660325922941
BAD 660328446319
BAD 660329823157
BAD 660331515359
BAD 660075432871
BAD 660333481987
BAD 660333760747
BAD 660333760771
BAD 660333760777
BAD 660002075171
BAD 660082090853
BAD 660082126321
BAD 660056338691
BAD 660011103701
BAD 660011983297
BAD 660201441631
BAD 660203769661
BAD 660210989203
BAD 660392595923
BAD 660392595937
BAD 660392595953
BAD 660398830849
BAD 660263034757
BAD 660263034803
BAD 660263149939
BAD 660263149943
BAD 660263149951
BAD 660264813919
BAD 660266991443
BAD 660267707171
BAD 660267707173
BAD 660404210731
BAD 660409304887
BAD 660412069253
BAD 660621055799
BAD 660413250883
BAD 660624269959
BAD 660416067833
BAD 660416067841
BAD 660416067859
BAD 660627021253
BAD 660618848363
BAD 660571488529
BAD 660571488541
BAD 660571488559
BAD 660571488571
BAD 660629901739
BAD 660418667431
BAD 660631343951
BAD 660632898353
BAD 660575918243
BAD 660635069063
BAD 660635430053
BAD 660635430071
BAD 660635430073
BAD 660691165399
BAD 660691165403
BAD 660695371073
BAD 660675445151
BAD 660675445163
BAD 660696162403
BAD 660696162407
BAD 660697865461
BAD 660506191073
BAD 660679466233
BAD 660699830269
BAD 660507068891
BAD 660586503617
BAD 660654567673
BAD 660654567679
BAD 660587042077
BAD 660707357539
BAD 660702056491
BAD 660709198843
BAD 660448136911
BAD 660510584011
BAD 660657030667
BAD 660512781217
BAD 660450742681
BAD 660450742687
BAD 660450742691
BAD 660451601617
BAD 660451601627
BAD 660451601629
BAD 660661686413
BAD 660516313049
BAD 660713742907
BAD 660475720943
BAD 660487574983
BAD 660458508509
BAD 660458508511
BAD 660523711187
BAD 660523711189
BAD 660524628629
BAD 660490773083
BAD 660479278661
BAD 660479278663
BAD 660668694247
BAD 660670185841
BAD 660528190561
BAD 660528885487
BAD 660467298797
BAD 660530176729
BAD 660532113827
BAD 660497395603
BAD 660534284243
BAD 660499196167
BAD 660563073323
BAD 660538762339
BAD 660538762357
BAD 660538762363
BAD 660538762369
BAD 660566981749
BAD 660543535763
BAD 660543655801
BAD 660546585781
BAD 660419785687
BAD 660419785693
BAD 660419785723
BAD 660420518999
BAD 660422894161
BAD 660429470303
BAD 660591685051
BAD 660593380177
BAD 660638263039
BAD 660594459101
BAD 660598064999
BAD 660644086747
BAD 660644224883
BAD 660644639597
BAD 660731168723
BAD 660732568651
BAD 660734957761
BAD 660739568779
BAD 660739568831
BAD 660739568833
BAD 660741591613
BAD 660745931707
BAD 660745931719
BAD 660745931723
BAD 660747853097
BAD 660749786623
BAD 660751851979
BAD 660789898957
BAD 660789898963
BAD 660793783777
BAD 660798146167
BAD 660758769001
BAD 660758769007
BAD 660762396013
BAD 660762396023
BAD 660782590249
BAD 660782590253
BAD 660763935913
BAD 660784132013
BAD 660787947373
BAD 660787947377
BAD 660787947419
BAD 660807627253
BAD 660807751013
BAD 660811249951
BAD 660814113481
BAD 660814113493
BAD 660874150009
BAD 660874684049
BAD 660874684051
BAD 660816013939
BAD 660878045153
BAD 660820615393
BAD 660820615397
BAD 660883333399
BAD 660960800179
BAD 660960800183
BAD 660960800189
BAD 660960800191
BAD 660856251667
BAD 660887616469
BAD 660964135681
BAD 660912129133
BAD 660912129181
BAD 660912129187
BAD 660967813771
BAD 660970679041
BAD 660973050743
BAD 660941094991
BAD 660868971901
BAD 660840136289
BAD 660840136291
BAD 660974825429
BAD 660990616987
BAD 660990616991
BAD 660990958729
BAD 660844918309
BAD 660978374629
BAD 661041799619
BAD 660979882019
BAD 660979882021
BAD 660981071783
BAD 660950944111
BAD 661045281151
BAD 661045782751
BAD 660982929647
BAD 660982929653
BAD 661029261169
BAD 660983210267
BAD 660998437441
BAD 661048016071
BAD 660985645303
BAD 660926526587
BAD 660926526593
BAD 660854304841
BAD 661033588639
BAD 661033588643
BAD 661033588651
BAD 660926967403
BAD 660929414237
BAD 660929414239
BAD 661053215651
BAD 660894284447
BAD 660894284473
BAD 660895835521
BAD 660931777963
BAD 660931777973
BAD 661007685893
BAD 660896461103
BAD 660896811331
BAD 660933136879
BAD 660933136883
BAD 661006363547
BAD 660933651533
BAD 660899037683
BAD 661009167853
BAD 660900895561
BAD 660936983053
BAD 661012363729
BAD 661012363741
BAD 660937754887
BAD 661014569491
BAD 661014569497
BAD 661014569503
BAD 660905093603
BAD 661157670751
BAD 661157670757
BAD 661157670763
BAD 661057100857
BAD 661159478393
BAD 660823340299
BAD 660823574657
BAD 660823574659
BAD 661112010673
BAD 661066666201
BAD 661125260759
BAD 661126356833
BAD 661126356841
BAD 661069717981
BAD 661069872721
BAD 661163903069
BAD 661093229491
BAD 660830199251
BAD 661118558563
BAD 661118558567
BAD 661128871573
BAD 661119615043
BAD 661095228901
BAD 661120400881
BAD 661121521043
BAD 661090189103
BAD 661134237173
BAD 661134259711
BAD 661134259717
BAD 661100712343
BAD 661100712347
BAD 661134633121
BAD 661134996199
BAD 661134996211
BAD 661134996217
BAD 661102278983
BAD 661102497061
BAD 661102497127
BAD 661138091969
BAD 661138103401
BAD 661138103419
BAD 661107089737
BAD 661107216703
BAD 661151099197
BAD 661154213131
BAD 661154213149
BAD 661195263739
BAD 661206630613
BAD 661208872351
BAD 661211511563
BAD 661211880541
BAD 661211880547
BAD 661219947343
BAD 661262843179
BAD 661263272143
BAD 661263272149
BAD 661263502813
BAD 661223364337
BAD 661268314493
BAD 661268314501
BAD 661224364081
BAD 661292459981
BAD 661292459983
BAD 661292459987
BAD 661413396151
BAD 661413396157
BAD 661416341407
BAD 661298557267
BAD 661560994069
BAD 661422547613
BAD 661422547637
BAD 661406815577
BAD 661406815579
BAD 661408097563
BAD 661495171111
BAD 661302259913
BAD 661566538169
BAD 661567484041
BAD 661306960001
BAD 661306960003
BAD 661502688577
BAD 661503877823
BAD 661576315391
BAD 661276422707
BAD 661284705149
BAD 661284705157
BAD 661227939487
BAD 661231758689
BAD 661232416447
BAD 661241773447
BAD 661233219901
BAD 661233356813
BAD 661235078431
BAD 661543538273
BAD 661448058707
BAD 661235078437
BAD 661448058941
BAD 661448058949
BAD 661448058959
BAD 661448058961
BAD 661246291309
BAD 661246291313
BAD 661342441009
BAD 661342441013
BAD 661342500781
BAD 661462631497
BAD 661237498261
BAD 661580294659
BAD 661580294663
BAD 661450961057
BAD 661428058583
BAD 661428058589
BAD 661428058591
BAD 661361988517
BAD 661361988533
BAD 661249293713
BAD 661249439969
BAD 661249439971
BAD 661239456667
BAD 661239565159
BAD 661582241869
BAD 661239868579
BAD 661549506623
BAD 661430444963
BAD 661311805607
BAD 661431467563
BAD 661467421759
BAD 661469331031
BAD 661469331037
BAD 661469331041
BAD 661595342701
BAD 661587957731
BAD 661587957733
BAD 661351511761
BAD 661472611853
BAD 661256065177
BAD 661256399119
BAD 661256399123
BAD 661541444453
BAD 661541444471
BAD 661556932163
BAD 661441265227
BAD 661441265231
BAD 661441344079
BAD 661441408753
BAD 661319887939
BAD 661441995673
BAD 661441995703
BAD 661358055511
BAD 661374208199
BAD 661389272527
BAD 661602229931
BAD 661602229933
BAD 661321255523
BAD 661389934189
BAD 661322015713
BAD 661606141543
BAD 661325397683
BAD 661325397697
BAD 661608425041
BAD 661609683649
BAD 661512561089
BAD 661512561091
BAD 661515030859
BAD 661517807149
BAD 661628607053
BAD 661633872943
BAD 661625160467
BAD 661665493949
BAD 662003259119
BAD 662003259121
BAD 661677519863
BAD 662005981621
BAD 662005981633
BAD 662006616343
BAD 661728157333
BAD 661728157339
BAD 662010387133
BAD 662010387139
BAD 661716229423
BAD 661716229477
BAD 661716229483
BAD 661716229523
BAD 661716365803
BAD 661716365809
BAD 661716365813
BAD 662012332273
BAD 662012954683
BAD 661720899319
BAD 661737076981
BAD 661725726419
BAD 661725726421
BAD 661741739479
BAD 661741739489
BAD 661727521087
BAD 661742885449
BAD 661742885471
BAD 661742885473
BAD 661828788503
BAD 661829338613
BAD 661913397667
BAD 661913397683
BAD 661679981423
BAD 661922393843
BAD 661922841641
BAD 661923486377
BAD 661923486379
BAD 661923486383
BAD 661681004989
BAD 661681004993
BAD 661681005001
BAD 661681005023
BAD 661681005031
BAD 661963597199
BAD 661745951663
BAD 661964121277
BAD 661964121281
BAD 661964121283
BAD 661925731919
BAD 661925731921
BAD 661686132707
BAD 661686163129
BAD 661968587659
BAD 661968587663
BAD 661968587671
BAD 661695789737
BAD 661695789739
BAD 661762514929
BAD 661816193393
BAD 661895849921
BAD 661895849941
BAD 661895849947
BAD 661697359327
BAD 661951587359
BAD 661951587361
BAD 661764411409
BAD 661764411439
BAD 661764411443
BAD 661935098137
BAD 661869873359
BAD 661869873361
BAD 661981115597
BAD 661981115599
BAD 661981115603
BAD 661807140601
BAD 661807140623
BAD 661939672507
BAD 661957235411
BAD 661824494813
BAD 661824494819
BAD 661702993909
BAD 661702993981
BAD 661958715991
BAD 661885997041
BAD 661809883927
BAD 661886532919
BAD 661886532941
BAD 661886532943
BAD 661886532949
BAD 661758932719
BAD 661987381421
BAD 661987381423
BAD 661976857699
BAD 661773001543
BAD 661988718661
BAD 661760064787
BAD 661962262987
BAD 661760330149
BAD 661962473453
BAD 661893417481
BAD 661895226413
BAD 661781158279
BAD 661781158321
BAD 661781158333
BAD 661645334953
BAD 661646904067
BAD 661789244299
BAD 661651435771
BAD 661793697479
BAD 661659375983
BAD 662034979183
BAD 662043077107
BAD 661846440953
BAD 661848414013
BAD 661848584923
BAD 661848834349
BAD 662064442709
BAD 662065239529
BAD 662065239533
BAD 662065239571
BAD 662069973457
BAD 662069973473
BAD 662098182947
BAD 662072221639
BAD 662099923231
BAD 662099923237
BAD 662073983003
BAD 662073983009
BAD 662100574703
BAD 662101261163
BAD 662075680397
BAD 662075680411
BAD 662102155261
BAD 662116719757
BAD 661860005627
BAD 661860005629
BAD 662112491773
BAD 662112491779
BAD 662113761739
BAD 662123125277
BAD 662233812403
BAD 662235613231
BAD 662336663003
BAD 662050770233
BAD 662339351291
BAD 662339351293
BAD 662339351299
BAD 662059732357
BAD 662345858131
BAD 662063368327
BAD 662284827653
BAD 662288901733
BAD 662292493897
BAD 662217822991
BAD 662217822997
BAD 662088795133
BAD 662088795149
BAD 662088795169
BAD 662091305033
BAD 662091305039
BAD 662091305041
BAD 662091305047
BAD 662091500249
BAD 662091500251
BAD 662316421649
BAD 662316421651
BAD 662190414239
BAD 662190414241
BAD 662222451509
BAD 662222451511
BAD 662191982839
BAD 662093452519
BAD 662224360801
BAD 662351880413
BAD 662351880419
BAD 662225428159
BAD 662225428171
BAD 662225428177
BAD 662352863413
BAD 662196117553
BAD 662207807731
BAD 662357195653
BAD 662230040669
BAD 662230040671
BAD 662230040729
BAD 662230739993
BAD 662230832959
BAD 662230832969
BAD 662230832971
BAD 662331838219
BAD 662331838229
BAD 662367288157
BAD 662369244083
BAD 662369244091
BAD 662380948729
BAD 662381084993
BAD 662381085043
BAD 662381311441
BAD 662310611873
BAD 662310611881
BAD 662310611887
BAD 662310611891
BAD 662310611899
BAD 662151117227
BAD 662314840433
BAD 662160104063
BAD 662248822201
BAD 662161178551
BAD 662161178561
BAD 662161178563
BAD 662252308759
BAD 662252308763
BAD 662272877363
BAD 662272949903
BAD 662272949911
BAD 662273530427
BAD 662279877503
BAD 662281517357
BAD 662382555119
BAD 662382555137
BAD 662382555139
BAD 662382555143
BAD 662390233969
BAD 662395897217
BAD 662403129181
BAD 662407874369
BAD 662407874371
BAD 662415974617
BAD 662421177191
BAD 662421177193
BAD 662421177199
BAD 662421177203
BAD 662415550273
BAD 662415754853
BAD 662415754859
BAD 662518521503
BAD 662430778489
BAD 662430778507
BAD 662430778517
BAD 662430778519
BAD 662431699933
BAD 662431869091
BAD 662431869109
BAD 662431869157
BAD 662431869167
BAD 662431869181
BAD 662431869193
BAD 662521955773
BAD 662569776469
BAD 662551706983
BAD 662551707029
BAD 662551707031
BAD 662479344167
BAD 662479344169
BAD 662479344173
BAD 662573168431
BAD 662573168441
BAD 662591548291
BAD 662603932663
BAD 662594066179
BAD 662480767499
BAD 662555920813
BAD 662455058483
BAD 662455067317
BAD 662578279747
BAD 662578279763
BAD 662455861391
BAD 662456359133
BAD 662458021873
BAD 662580998371
BAD 662580998389
BAD 662580998393
BAD 662580998419
BAD 662580998423
BAD 662610673609
BAD 662442760373
BAD 662560869589
BAD 662611927189
BAD 662611927193
BAD 662611927199
BAD 662460055903
BAD 662640751547
BAD 662640751657
BAD 662613742619
BAD 662613742621
BAD 662658373339
BAD 662658373343
BAD 662614114583
BAD 662614610243
BAD 662463598723
BAD 662466029243
BAD 662666080369
BAD 662544148853
BAD 662623151161
BAD 662545801363
BAD 662547647011
BAD 662548647427
BAD 662483090491
BAD 662483090497
BAD 662505661217
BAD 662505661219
BAD 662507096711
BAD 662489058593
BAD 662489058601
BAD 662510920741
BAD 662510920777
BAD 662511589111
BAD 662753781971
BAD 662753781973
BAD 662755611181
BAD 662493475019
BAD 662668439941
BAD 662496061399
BAD 662669616953
BAD 662757944713
BAD 662671267519
BAD 662671267523
BAD 662671267529
BAD 662762081461
BAD 662674013173
BAD 662674934671
BAD 662674934681
BAD 662719792993
BAD 662703166141
BAD 662721876169
BAD 662704012807
BAD 662722629857
BAD 662722629859
BAD 662727970049
BAD 662727970057
BAD 662710634371
BAD 662712199213
BAD 662733878899
BAD 662733878903
BAD 662744520173
BAD 662716025443
BAD 662785297507
BAD 662787062527
BAD 662787062537
BAD 662787062543
BAD 662787062557
BAD 662787062563
BAD 662788288249
BAD 662689473503
BAD 662789525659
BAD 662789525663
BAD 662790870059
BAD 662692810627
BAD 662794365301
BAD 662796319519
BAD 662797640963
BAD 662800792519
BAD 662800792523
BAD 662800792529
BAD 662778312263
BAD 662778312271
BAD 662778312307
BAD 662780700443
BAD 662780700451
BAD 662976755839
BAD 662976783541
BAD 662887682719
BAD 662887682761
BAD 662888942503
BAD 662820062629
BAD 662903326681
BAD 662892631133
BAD 662892949291
BAD 662823509923
BAD 662988314777
BAD 662989077967
BAD 663025318147
BAD 662805565613
BAD 662906152739
BAD 662870870213
BAD 662907793883
BAD 662894335357
BAD 662808695929
BAD 662991180547
BAD 662992190059
BAD 662896195231
BAD 662896195279
BAD 662859756179
BAD 662911259477
BAD 663034073441
BAD 662874404449
BAD 662874404453
BAD 662862251707
BAD 662817285181
BAD 662917616597
BAD 662901867269
BAD 662882155589
BAD 662882155591
BAD 662883084001
BAD 662883084007
BAD 662937770213
BAD 662937770251
BAD 662941826213
BAD 662941826243
BAD 662943238843
BAD 662943826547
BAD 662945237503
BAD 662926262863
BAD 662926317589
BAD 662926317593
BAD 662947020557
BAD 662947020559
BAD 662947020563
BAD 662948274893
BAD 663055646023
BAD 662839893151
BAD 662839893169
BAD 662839893179
BAD 662935593899
BAD 662841693697
BAD 663058583503
BAD 662955993109
BAD 662846437327
BAD 662846437333
BAD 662846437339
BAD 662960814181
BAD 663067307761
BAD 662963341373
BAD 662963341393
BAD 662963341399
BAD 663008123269
BAD 663011560513
BAD 663011560517
BAD 663013261727
BAD 663013717049
BAD 663039659189
BAD 663046191623
BAD 663046191629
BAD 663046191631
BAD 663092493677
BAD 663097144777
BAD 663076537117
BAD 663079276051
BAD 663097847603
BAD 663187747741
BAD 663123604069
BAD 663196376993
BAD 663196377007
BAD 663197850109
BAD 663198729673
BAD 663106549883
BAD 663107007701
BAD 663107007709
BAD 663107007721
BAD 663107007727
BAD 663107095769
BAD 663107095771
BAD 663108321691
BAD 663137891887
BAD 663137891891
BAD 663137891893
BAD 663111105361
BAD 663111532717
BAD 663111532723
BAD 663114104843
BAD 663155441603
BAD 663155441633
BAD 663119325733
BAD 663158746823
BAD 663158746829
BAD 663153730013
BAD 663161483603
BAD 663161905621
BAD 663167720881
BAD 663167994029
BAD 663178655147
BAD 663178655149
BAD 663184349719
BAD 663185410253
BAD 663423150847
BAD 663423150851
BAD 663423150853
BAD 663423150857
BAD 663423150877
BAD 663423150889
BAD 663341097361
BAD 663341097383
BAD 663425386651
BAD 663290302273
BAD 663291692839
BAD 663374276569
BAD 663206762093
BAD 663428721107
BAD 663428721119
BAD 663429366857
BAD 663429730303
BAD 663429730321
BAD 663376817431
BAD 663376817449
BAD 663209909449
BAD 663391321909
BAD 663391321939
BAD 663211108543
BAD 663223804231
BAD 663435664009
BAD 663352767703
BAD 663302357749
BAD 663398437783
BAD 663229932199
BAD 663439118921
BAD 663439118929
BAD 663215658067
BAD 663231254003
BAD 663232140413
BAD 663217473241
BAD 663235558309
BAD 663237547543
BAD 663237547547
BAD 663306845701
BAD 663307988479
BAD 663356619733
BAD 663357840653
BAD 663323398579
BAD 663323398583
BAD 663274074041
BAD 663313821169
BAD 663255074513
BAD 663492179059
BAD 663492179069
BAD 663492179071
BAD 663492179083
BAD 663255709331
BAD 663317315209
BAD 663459019297
BAD 663459019303
BAD 663493705663
BAD 663280920193
BAD 663280973143
BAD 663280973149
BAD 663280973153
BAD 663494670229
BAD 663460904599
BAD 663460904611
BAD 663369418057
BAD 663473214581
BAD 663473214583
BAD 663473214589
BAD 663282460937
BAD 663282460943
BAD 663244834171
BAD 663245121787
BAD 663320863157
BAD 663320863159
BAD 663498199057
BAD 663246913793
BAD 663466114321
BAD 663466114327
BAD 663500797559
BAD 663500797591
BAD 663501527993
BAD 663468482407
BAD 663505993951
BAD 663506175203
BAD 663267260443
BAD 663268327663
BAD 663484277941
BAD 663269634827
BAD 663269634829
BAD 663450813679
BAD 663450813689
BAD 663450813691
BAD 663450976129
BAD 663450976147
BAD 663450976157
BAD 663450976159
BAD 663450976163
BAD 663514652041
BAD 663410426131
BAD 663517716571
BAD 663520768763
BAD 663415473349
BAD 663416434999
BAD 663521765849
BAD 663416644831
BAD 663573550219
BAD 663547899743
BAD 663567711211
BAD 663552285317
BAD 663553916419
BAD 663593176117
BAD 663598841809
BAD 663530561899
BAD 663535697879
BAD 663692581969
BAD 663692581973
BAD 663692889719
BAD 663692889721
BAD 663612131737
BAD 663693764653
BAD 663613958573
BAD 663615251813
BAD 663619041649
BAD 663700946773
BAD 663624853963
BAD 663621697681
BAD 663705456697
BAD 663632945641
BAD 663634807019
BAD 663634807021
BAD 663634807039
BAD 663709373911
BAD 663793064849
BAD 663713779283
BAD 663713779291
BAD 663802743521
BAD 663721687613
BAD 663722031113
BAD 663804770711
BAD 663804770729
BAD 663804770731
BAD 663804770737
BAD 663804942659
BAD 663807862363
BAD 663892600253
BAD 663751570451
BAD 663752937863
BAD 663752937877
BAD 663894862751
BAD 663894862753
BAD 663895665491
BAD 663897428959
BAD 663757542421
BAD 663757542463
BAD 663757542467
BAD 663901489133
BAD 663902668409
BAD 663903762943
BAD 663903762953
BAD 663905302013
BAD 663825275317
BAD 663846280109
BAD 663676000021
BAD 663676000027
BAD 663676000063
BAD 663827569303
BAD 663848449939
BAD 663850232281
BAD 663761424121
BAD 663761424173
BAD 663761915723
BAD 663810546739
BAD 663683815441
BAD 663854627377
BAD 663684678539
BAD 663727119721
BAD 663875945669
BAD 663875945671
BAD 663764908087
BAD 663687929929
BAD 663687929959
BAD 663879033593
BAD 663879033613
BAD 663731452429
BAD 663688859411
BAD 663839395189
BAD 663785188567
BAD 663772513021
BAD 663772969723
BAD 663772969729
BAD 663774863267
BAD 663774863273
BAD 663774863287
BAD 663774863291
BAD 663774863317
BAD 663787839443
BAD 663823638143
BAD 663887013487
BAD 663887799901
BAD 663789466643
BAD 663789466649
BAD 663789466651
BAD 663789466657
BAD 663889685783
BAD 663664340203
BAD 663665737003
BAD 663672489143
BAD 663672489149
BAD 663672489157
BAD 663910223453
BAD 663921395663
BAD 663921395671
BAD 663923114783
BAD 663932815649
BAD 663933310679
BAD 663933310681
BAD 663933310687
BAD 663933475501
BAD 663944543893
BAD 663936408077
BAD 663978259253
BAD 663947551391
BAD 663952658207
BAD 663952658209
BAD 663872150791
BAD 663872150807
BAD 663873325613
BAD 663958839079
BAD 663958839091
BAD 663958839097
BAD 663991210163
BAD 663991511719
BAD 663994516579
BAD 663969134407
BAD 664004566111
BAD 664004650321
BAD 664005891169
BAD 664006198987
BAD 664006220083
BAD 663975634823
BAD 663975634831
BAD 663975634837
BAD 663975634841
BAD 663975634843
BAD 664029462979
BAD 664029462983
BAD 664029662603
BAD 664032395311
BAD 664032796943
BAD 664032796949
BAD 664032796951
BAD 664045529729
BAD 664045529731
BAD 664045529747
BAD 664038615271
BAD 664038703513
BAD 664039800887
BAD 664039800889
BAD 664050001297
BAD 664061468299
BAD 664061468303
BAD 664061943263
BAD 664059440497
BAD 664059440503
BAD 664059440507
BAD 664059440509
BAD 664062477863
BAD 664065197927
BAD 664065197933
BAD 664072614497
BAD 664077237463
BAD 664080535697
BAD 664082092493
BAD 664082194159
BAD 664082194163
BAD 664084306201
BAD 664084919543
BAD 664095753353
BAD 664013762663
BAD 664093027789
BAD 664018497229
BAD 664019132831
BAD 664019132839
BAD 664020851873
BAD 664021538759
BAD 664021538771
BAD 664021538773
BAD 664022304623
BAD 664022304629
BAD 664022304643
BAD 664283793203
BAD 664286181833
BAD 664286717753
BAD 664313622923
BAD 664314655297
BAD 664314679213
BAD 664322024869
BAD 664323065573
BAD 664331356471
BAD 664331356477
BAD 664328197361
BAD 664328197363
BAD 664111908709
BAD 664112610653
BAD 664115961373
BAD 664121641567
BAD 664264809127
BAD 664264809133
BAD 664125610727
BAD 664196538713
BAD 664196538721
BAD 664230497779
BAD 664230497783
BAD 664198145929
BAD 664215170753
BAD 664215625771
BAD 664199131327
BAD 664199706649
BAD 664128866347
BAD 664153952947
BAD 664276197659
BAD 664276197661
BAD 664237018537
BAD 664237018541
BAD 664224445343
BAD 664249570351
BAD 664208202013
BAD 664159103627
BAD 664345361233
BAD 664345361237
BAD 664164517669
BAD 664346477413
BAD 664160008129
BAD 664160008133
BAD 664241807329
BAD 664254991721
BAD 664254991723
BAD 664254991727
BAD 664140440083
BAD 664142409683
BAD 664142409691
BAD 664143214013
BAD 664371631999
BAD 664371632017
BAD 664373965193
BAD 664373965201
BAD 664374681713
BAD 664374681739
BAD 664374681743
BAD 664375518449
BAD 664375518451
BAD 664173269873
BAD 664377371971
BAD 664304667739
BAD 664361864389
BAD 664381790693
BAD 664399610023
BAD 664385023829
BAD 664385023831
BAD 664400219719
BAD 664180893067
BAD 664181501441
BAD 664404830059
BAD 664408133693
BAD 664408133707
BAD 664395573799
BAD 664191398011
BAD 664191398021
BAD 664191398023
BAD 664422339709
BAD 664422339719
BAD 664432476439
BAD 664433807539
BAD 664435813477
BAD 664436424811
BAD 664436424859
BAD 664446125359
BAD 664446125363
BAD 664469594093
BAD 664469594099
BAD 664469594101
BAD 664450311223
BAD 664450494823
BAD 664471844431
BAD 664452562079
BAD 664459268527
BAD 664459815247
BAD 664498557713
BAD 664504590097
BAD 664533037453
BAD 664533037463
BAD 664506470071
BAD 664506552601
BAD 664511548951
BAD 664540580581
BAD 664540580593
BAD 664515980603
BAD 664518882127
BAD 664524682901
BAD 664524682903
BAD 664524969763
BAD 664524969767
BAD 664524969769
BAD 664525128209
BAD 664525597849
BAD 664485094981
BAD 664487428799
BAD 664559301001
BAD 664560066563
BAD 664683883291
BAD 664690204337
BAD 664696055389
BAD 664696055393
BAD 664696055447
BAD 664696055449
BAD 664696055453
BAD 664696668179
BAD 664714754239
BAD 664714754243
BAD 664668228047
BAD 664668690571
BAD 664670488777
BAD 664731819911
BAD 664789676569
BAD 664673501489
BAD 664673501491
BAD 664563431269
BAD 664792836263
BAD 664728700277
BAD 664728700283
BAD 664728700291
BAD 664568837147
BAD 664743588511
BAD 664743771877
BAD 664743771883
BAD 664745404249
BAD 664593557851
BAD 664593978709
BAD 664576569913
BAD 664648785263
BAD 664619443363
BAD 664620463627
BAD 664654795843
BAD 664622107783
BAD 664622107789
BAD 664623869671
BAD 664754802799
BAD 664629240139
BAD 664798401277
BAD 664758519043
BAD 664758519091
BAD 664663830871
BAD 664633977983
BAD 664801237993
BAD 664763781931
BAD 664703147293
BAD 664805336093
BAD 664767574013
BAD 664767574033
BAD 664769145743
BAD 664777076809
BAD 664777076813
BAD 664780552433
BAD 664780552439
BAD 664780552441
BAD 664831936861
BAD 664835197393
BAD 664835197399
BAD 664835197409
BAD 664836333097
BAD 664836333101
BAD 664836333103
BAD 664823960309
BAD 664844338289
BAD 664844338307
BAD 664844338309
BAD 664844421721
BAD 664827333691
BAD 664846936609
BAD 664868499649
BAD 664868686943
BAD 664878179153
BAD 664879183403
BAD 664879183421
BAD 664851708089
BAD 664851708091
BAD 664854796843
BAD 664854796871
BAD 664854796873
BAD 664859118043
BAD 664859118047
BAD 664901633761
BAD 664901633797
BAD 664864005997
BAD 664905009337
BAD 664885122233
BAD 664907625931
BAD 664911380407
BAD 664911380411
BAD 664913061209
BAD 664914074879
BAD 664894245949
BAD 664894245979
BAD 664916597311
BAD 664918917587
BAD 664919605843
BAD 664919605849
BAD 664919605853
BAD 664921739269
BAD 664925813579
BAD 664925813581
BAD 664984586831
BAD 664985990197
BAD 664988764837
BAD 664989297647
BAD 664989297649
BAD 665184881551
BAD 665184900313
BAD 664995682643
BAD 665189810083
BAD 665189810119
BAD 664998384263
BAD 665197774823
BAD 665197774831
BAD 665198226653
BAD 665199458293
BAD 665199854507
BAD 664974526261
BAD 665169632003
BAD 665169632011
BAD 665117593073
BAD 665121963073
BAD 665123040157
BAD 665123237419
BAD 665179618513
BAD 665179618529
BAD 665179618531
BAD 665007165379
BAD 665181516361
BAD 665181516383
BAD 665009122649
BAD 665009122651
BAD 665131526077
BAD 665131526083
BAD 665131526089
BAD 665131526093
BAD 665021787277
BAD 665079391399
BAD 665029155319
BAD 665030529217
BAD 664942220783
BAD 664947300673
BAD 664948201081
BAD 664948201097
BAD 664948201103
BAD 665201749403
BAD 665203145809
BAD 665203145813
BAD 664959446873
BAD 664961166559
BAD 665206843591
BAD 665207836081
BAD 665101893679
BAD 665101893683
BAD 665218350371
BAD 665218350373
BAD 665219030611
BAD 665219862163
BAD 665219862199
BAD 665216739623
BAD 665217602453
BAD 665217602461
BAD 665112011989
BAD 665112011999
BAD 665043707903
BAD 665090863517
BAD 665090863519
BAD 665090863543
BAD 665226767417
BAD 665226767419
BAD 665230590221
BAD 665230590223
BAD 665047881473
BAD 665096687023
BAD 665097189319
BAD 665097189353
BAD 665097607267
BAD 665144663423
BAD 665233608271
BAD 665151566809
BAD 665151566813
BAD 665146260991
BAD 665146407733
BAD 665149071901
BAD 665155139863
BAD 665157972337
BAD 665158544431
BAD 665285236123
BAD 665285236129
BAD 665285236171
BAD 665285260489
BAD 665162063063
BAD 665287021793
BAD 665163258713
BAD 665164163813
BAD 665164288163
BAD 665275180153
BAD 665293364003
BAD 665304266041
BAD 665251836989
BAD 665252709323
BAD 665253255703
BAD 665254338139
BAD 665254338143
BAD 665259028013
BAD 665262136153
BAD 665262136157
BAD 665262136159
BAD 665265344173
BAD 665265344179
BAD 665265859309
BAD 665265859319
BAD 665241763951
BAD 665245693213
BAD 665245693219
BAD 665245693223
BAD 665245822981
BAD 665319011059
BAD 665325002711
BAD 665325207119
BAD 665328577457
BAD 665333966051
BAD 665335735223
BAD 665335735243
BAD 665339097289
BAD 665341750147
BAD 665342386537
BAD 665349621257
BAD 665370630427
BAD 665370630437
BAD 665370630439
BAD 665371016041
BAD 665371658701
BAD 665372077351
BAD 665372119201
BAD 665372119207
BAD 665373884057
BAD 665373884083
BAD 665377683731
BAD 665377683757
BAD 665382731443
BAD 665356062061
BAD 665356062067
BAD 665362399477
BAD 665362399489
BAD 665419412269
BAD 665421325501
BAD 665421325511
BAD 665421325529
BAD 665422232011
BAD 665470076003
BAD 665471921897
BAD 665472040819
BAD 665406138973
BAD 665433342949
BAD 665476983053
BAD 665480712361
BAD 665415553991
BAD 665415553993
BAD 665415554017
BAD 665458376053
BAD 665391551501
BAD 665395213897
BAD 665395694153
BAD 665442728711
BAD 665449058557
BAD 665450109169
BAD 665450109197
BAD 665452075891
BAD 665490307219
BAD 665497074127
BAD 665500571317
BAD 665559961069
BAD 665559961081
BAD 665561321947
BAD 665563678519
BAD 665564031667
BAD 665564031697
BAD 665676100157
BAD 665678006491
BAD 665655724051
BAD 665655724057
BAD 665655908389
BAD 665575230181
BAD 665661780169
BAD 665661868609
BAD 665661868621
BAD 665690273881
BAD 665690908097
BAD 665693526457
BAD 665701379989
BAD 665701507907
BAD 665701507909
BAD 665702776777
BAD 665704013071
BAD 665589143851
BAD 665591809193
BAD 665592045863
BAD 665592079513
BAD 665592079531
BAD 665592079543
BAD 665592079589
BAD 665592079591
BAD 665596714957
BAD 665503523903
BAD 665504477137
BAD 665507438291
BAD 665507438293
BAD 665727745681
BAD 665727745699
BAD 665727745703
BAD 665511892741
BAD 665732558287
BAD 665512743283
BAD 665706179657
BAD 665706179659
BAD 665734574521
BAD 665735835943
BAD 665709670403
BAD 665713001179
BAD 665713001183
BAD 665713001189
BAD 665713001197
BAD 665713001209
BAD 665639274283
BAD 665620608691
BAD 665622637453
BAD 665642147273
BAD 665530975633
BAD 665551053553
BAD 665648908189
BAD 665533816963
BAD 665649112039
BAD 665605519829
BAD 665610025277
BAD 665610025279
BAD 665637108091
BAD 665738168737
BAD 665738719663
BAD 665742703783
BAD 665744966371
BAD 665747235541
BAD 665749430839
BAD 665788209131
BAD 665788209133
BAD 665788209137
BAD 665788209139
BAD 665791694861
BAD 665791694863
BAD 665823987863
BAD 665799552371
BAD 665799552373
BAD 665759316863
BAD 665800535633
BAD 665826595003
BAD 665827414103
BAD 665803911139
BAD 665803911163
BAD 665829762131
BAD 665829762133
BAD 665831649257
BAD 665768165617
BAD 665857379191
BAD 665837183153
BAD 665861267857
BAD 665841414349
BAD 665841414367
BAD 665806578869
BAD 665865942319
BAD 665865942323
BAD 665845899157
BAD 665870499083
BAD 665851894429
BAD 665818711451
BAD 665818711471
BAD 665775130939
BAD 665874606997
BAD 665874607009
BAD 665877533963
BAD 665963467061
BAD 665966061169
BAD 665889240383
BAD 665970466177
BAD 665971081283
BAD 665893140911
BAD 665893140917
BAD 665893140919
BAD 665894545793
BAD 665894545801
BAD 665894545807
BAD 665911254713
BAD 665911254719
BAD 665911254721
BAD 665894760709
BAD 665898880499
BAD 665898880501
BAD 665899263781
BAD 665901739093
BAD 665932458967
BAD 665939973173
BAD 665948291093
BAD 665948291101
BAD 665950051727
BAD 665950051729
BAD 665978541521
BAD 665978541523
BAD 665979061201
BAD 665979061207
BAD 665984367913
BAD 665985677521
BAD 665985677537
BAD 665986003147
BAD 666024516491
BAD 665989999847
BAD 665989999867
BAD 666035228659
BAD 665993320639
BAD 666042526843
BAD 666042526847
BAD 666042526861
BAD 666054884507
BAD 666110512943
BAD 666116642791
BAD 666116940761
BAD 666116940763
BAD 666116940767
BAD 666118171157
BAD 666118171163
BAD 666120082973
BAD 666122368279
BAD 666225040883
BAD 666185368847
BAD 666103960943
BAD 666231062033
BAD 666187138559
BAD 666192158551
BAD 666249301519
BAD 666234069593
BAD 666195000407
BAD 666195000409
BAD 666190616383
BAD 666127306463
BAD 666251866229
BAD 666214343791
BAD 666214343813
BAD 666237716803
BAD 666197088127
BAD 666197088131
BAD 666197088133
BAD 666128672813
BAD 666128672819
BAD 666059152921
BAD 666218762399
BAD 666218762401
BAD 666133840837
BAD 666167513633
BAD 666221785441
BAD 666206625883
BAD 666256516921
BAD 666256747133
BAD 666256747141
BAD 666222505609
BAD 666168903937
BAD 666168903941
BAD 666168903943
BAD 666169453721
BAD 666169453753
BAD 666223847623
BAD 666011978347
BAD 666011978353
BAD 666072658633
BAD 666139079173
BAD 666016320379
BAD 666143190007
BAD 666277394711
BAD 666277394723
BAD 666277405643
BAD 666265126603
BAD 666265126621
BAD 666265126627
BAD 666265139131
BAD 666282313733
BAD 666267111707
BAD 666267111709
BAD 666283464023
BAD 666283464047
BAD 666269762663
BAD 666286069201
BAD 666272592499
BAD 666293278699
BAD 666300143021
BAD 666300143023
BAD 666301795009
BAD 666325656461
BAD 666325656463
BAD 666357752783
BAD 666311436319
BAD 666316673053
BAD 666316673063
BAD 666322178387
BAD 666322178413
BAD 666364077271
BAD 666367612121
BAD 666367695209
BAD 666367695211
BAD 666368533861
BAD 666371431171
BAD 666377853377
BAD 666380323771
BAD 666410371129
BAD 666398172329
BAD 666389448173
BAD 666400467589
BAD 666417274717
BAD 666403616213
BAD 666403616243
BAD 666403616251
BAD 666419251343
BAD 666419251349
BAD 666406422793
BAD 666421130461
BAD 666421130467
BAD 666421130471
BAD 666428171221
BAD 666429400313
BAD 666429400339
BAD 666431522489
BAD 666434251603
BAD 666440949563
BAD 666543558287
BAD 666543558293
BAD 666544417247
BAD 666544417249
BAD 666544779499
BAD 666545329427
BAD 666545329433
BAD 666545329441
BAD 666545329453
BAD 666545329459
BAD 666545329469
BAD 666583672253
BAD 666460533797
BAD 666460533799
BAD 666460533803
BAD 666552111931
BAD 666552764257
BAD 666552764279
BAD 666590386661
BAD 666590386663
BAD 666462345517
BAD 666462651709
BAD 666628840463
BAD 666464146291
BAD 666557539343
BAD 666633087383
BAD 666503519959
BAD 666503519963
BAD 666634236467
BAD 666504216233
BAD 666468648589
BAD 666468654053
BAD 666606671477
BAD 666606671491
BAD 666505411423
BAD 666506605711
BAD 666470922133
BAD 666638842453
BAD 666471485789
BAD 666471885953
BAD 666640477109
BAD 666640477117
BAD 666640477123
BAD 666640477171
BAD 666610177159
BAD 666641469601
BAD 666642131059
BAD 666474905051
BAD 666474905053
BAD 666474905059
BAD 666612471719
BAD 666613454321
BAD 666521319073
BAD 666523033823
BAD 666523033829
BAD 666523033831
BAD 666525604039
BAD 666620821151
BAD 666620821157
BAD 666620821159
BAD 666622169053
BAD 666677763407
BAD 666679294933
BAD 666680015399
BAD 666680015401
BAD 666681933019
BAD 666690199079
BAD 666690199081
BAD 666690280519
BAD 666690280523
BAD 666690953287
BAD 666693639529
BAD 666693639607
BAD 666446389813
BAD 666446389859
BAD 666476394061
BAD 666531294103
BAD 666453857261
BAD 666453857287
BAD 666453857291
BAD 666646707619
BAD 666565881593
BAD 666647883983
BAD 666566310533
BAD 666534685573
BAD 666482786033
BAD 666482786063
BAD 666653197253
BAD 666486335351
BAD 666657121489
BAD 666542407261
BAD 666488334319
BAD 666488334331
BAD 666664136029
BAD 666667496401
BAD 666667496419
BAD 666667496423
BAD 666667496431
BAD 666676132541
BAD 666676132543
BAD 666677181601
BAD 666702695677
BAD 666708647323
BAD 666713639743
BAD 666731543509
BAD 666731543521
BAD 666752554879
BAD 666752554883
BAD 666752554921
BAD 666753260717
BAD 666760932991
BAD 666760932997
BAD 666820646993
BAD 666820647019
BAD 666783977747
BAD 666768385013
BAD 666768385021
BAD 666768385027
BAD 666793463957
BAD 666794152289
BAD 666794152291
BAD 666775439741
BAD 666775439749
BAD 666776189399
BAD 666933981751
BAD 666936956303
BAD 666939390463
BAD 666939390473
BAD 666879299627
BAD 666879299629
BAD 666879299641
BAD 666895849027
BAD 666895849033
BAD 666941303491
BAD 666881346203
BAD 666849694283
BAD 666943940029
BAD 666883109461
BAD 666883109467
BAD 666883109471
BAD 666900061039
BAD 666853131079
BAD 666889283873
BAD 666858059789
BAD 666858059797
BAD 666861375269
BAD 666861458779
BAD 666908555591
BAD 666834137273
BAD 666838228621
BAD 666840040439
BAD 666840040441
BAD 666840040507
BAD 666840040511
BAD 666840040513
BAD 666841118087
BAD 666841118089
BAD 666841398709
BAD 666913236931
BAD 666913236937
BAD 666913236943
BAD 666913236947
BAD 666913236949
BAD 666913236961
BAD 666981703681
BAD 666917009879
BAD 666917009881
BAD 666962865721
BAD 666953126627
BAD 666917549497
BAD 666917549503
BAD 666917578993
BAD 666917578997
BAD 666918903319
BAD 666918903323
BAD 666920819399
BAD 666920819401
BAD 666991113541
BAD 666961552921
BAD 666978336757
BAD 666872844643
BAD 666875365487
BAD 666875365489
BAD 666999175201
BAD 667000040723
BAD 667000376197
BAD 667000376201
BAD 667052121031
BAD 667052121041
BAD 667052121061
BAD 667052121119
BAD 667052121121
BAD 667052121133
BAD 667052121143
BAD 667003618139
BAD 667056785581
BAD 667056785641
BAD 667056890749
BAD 667058838541
BAD 667014295273
BAD 667008734947
BAD 667009173079
BAD 667015977247
BAD 667010830963
BAD 667061044291
BAD 667061044387
BAD 667061044393
BAD 667034522449
BAD 667036310671
BAD 667038945127
BAD 667020274031
BAD 667020274033
BAD 667020274043
BAD 667104421037
BAD 667064980753
BAD 667064980759
BAD 667077705263
BAD 667080236789
BAD 667080236791
BAD 667080236843
BAD 667127541481
BAD 667081997779
BAD 667084315153
BAD 667088547613
BAD 667096386811
BAD 667096386829
BAD 667130513243
BAD 667148032627
BAD 667151194823
BAD 667152650341
BAD 667158987331
BAD 667160445271
BAD 667160445283
BAD 667164056029
BAD 667164056077
BAD 667164056081
BAD 667164056101
BAD 667165425481
BAD 667171325813
BAD 667171392179
BAD 667181091463
BAD 667181139943
BAD 667181139949
BAD 667185315211
BAD 667186415813
BAD 667186415821
BAD 667186415827
BAD 667178923811
BAD 667178923813
BAD 667196359903
BAD 667196359919
BAD 667201711741
BAD 667202695063
BAD 667264633963
BAD 667264633967
BAD 667264633969
BAD 667264633999
BAD 667204555873
BAD 667205269853
BAD 667206350843
BAD 667266625489
BAD 667267015069
BAD 667267015081
BAD 667267113943
BAD 667267113949
BAD 667231249369
BAD 667269864293
BAD 667269864301
BAD 667212812821
BAD 667234545059
BAD 667234664867
BAD 667234664869
BAD 667237356073
BAD 667288099501
BAD 667288099507
BAD 667332977093
BAD 667290174011
BAD 667290174013
BAD 667290174017
BAD 667244939239
BAD 667246387793
BAD 667336773619
BAD 667297812091
BAD 667342889263
BAD 667344308251
BAD 667346713651
BAD 667389174451
BAD 667260119153
BAD 667215814193
BAD 667223814563
BAD 667304408941
BAD 667310396747
BAD 667310396749
BAD 667367009831
BAD 667369152971
BAD 667369152979
BAD 667369181981
BAD 667370416133
BAD 667371348187
BAD 667375794289
BAD 667376264609
BAD 667381813793
BAD 667438788787
BAD 667488873523
BAD 667488873529
BAD 667494663571
BAD 667449607697
BAD 667450512343
BAD 667454013943
BAD 667454221529
BAD 667454221531
BAD 667459709627
BAD 667461639967
BAD 667461639973
BAD 667403442283
BAD 667462118777
BAD 667462118779
BAD 667405890317
BAD 667417922869
BAD 667467070999
BAD 667467071003
BAD 667464091223
BAD 667422129911
BAD 667422493433
BAD 667472837599
BAD 667411436897
BAD 667411436899
BAD 667423476371
BAD 667423476373
BAD 667423570589
BAD 667423570591
BAD 667423681013
BAD 667474313603
BAD 667412523163
BAD 667414314937
BAD 667478832379
BAD 667535601209
BAD 667535601211
BAD 667549990673
BAD 667549990691
BAD 667557989491
BAD 667564392907
BAD 667569353057
BAD 667569353093
BAD 667569821599
BAD 667569821603
BAD 667571923559
BAD 667576022329
BAD 667576022339
BAD 667578551771
BAD 667578551777
BAD 667578551779
BAD 667578551791
BAD 667578551797
BAD 667590247039
BAD 667590247043
BAD 667592171993
BAD 667606628831
BAD 667606628851
BAD 667606628861
BAD 667606628863
BAD 667607932741
BAD 667607932753
BAD 667607932759
BAD 667669396573
BAD 667614338663
BAD 667615574377
BAD 667659646123
BAD 667622721683
BAD 667623324451
BAD 667623324457
BAD 667684039417
BAD 667684209613
BAD 667626684763
BAD 667627600151
BAD 667627600153
BAD 667633231303
BAD 667633367809
BAD 667633473457
BAD 667633473467
BAD 667633473469
BAD 667635236183
BAD 667635236189
BAD 667640879239
BAD 667641729499
BAD 667642129333
BAD 667642560391
BAD 667706925749
BAD 667706925751
BAD 667711494559
BAD 667718455583
BAD 667718455601
BAD 667737383893
BAD 667741442633
BAD 667756278863
BAD 667758716719
BAD 667728150613
BAD 667728150623
BAD 667750365103
BAD 667790754353
BAD 667790754359
BAD 667790754361
BAD 667821513397
BAD 667821513407
BAD 667810919561
BAD 667810919563
BAD 667831138561
BAD 667813232753
BAD 667813232773
BAD 667774044449
BAD 667774044451
BAD 667778789149
BAD 667781440037
BAD 667840535993
BAD 667848548123
BAD 667857115901
BAD 667857115903
BAD 667857965689
BAD 667857965707
BAD 667885639567
BAD 667859025263
BAD 667887640967
BAD 667887640969
BAD 667861430057
BAD 667889547643
BAD 667890643507
BAD 667893143431
BAD 667894097293
BAD 667900898011
BAD 667877446213
BAD 667879358389
BAD 667879358407
BAD 667879990651
BAD 667928422387
BAD 667885006517
BAD 667987178627
BAD 667987178629
BAD 667992573499
BAD 667992573503
BAD 667993550039
BAD 667993550041
BAD 668188661779
BAD 668190209719
BAD 668190209723
BAD 668191224889
BAD 668191224893
BAD 667938153937
BAD 668191322027
BAD 668289217811
BAD 667999951219
BAD 668192017501
BAD 668290054909
BAD 668290523821
BAD 668290523861
BAD 668033025991
BAD 668033025997
BAD 668195780149
BAD 667943975059
BAD 667943975063
BAD 667943975117
BAD 668090350981
BAD 668197124663
BAD 668091150743
BAD 668174318813
BAD 668174614243
BAD 668174614249
BAD 668174614253
BAD 668002113113
BAD 668096943343
BAD 667948269707
BAD 668181444001
BAD 668304670343
BAD 668103254947
BAD 668103254963
BAD 668103254983
BAD 668108422271
BAD 668108422273
BAD 668108422283
BAD 668109548479
BAD 668275155473
BAD 668275359259
BAD 668275359263
BAD 668279651203
BAD 668117931829
BAD 668118883741
BAD 668038969751
BAD 668038969753
BAD 668119926349
BAD 668119926367
BAD 668040028639
BAD 668040051409
BAD 668040759391
BAD 668284278931
BAD 668285376883
BAD 668286240091
BAD 668286240121
BAD 668045691023
BAD 668045691037
BAD 667973433377
BAD 667974593641
BAD 668048648587
BAD 667978542289
BAD 667978542299
BAD 668050759309
BAD 668140701989
BAD 667979612569
BAD 667982564467
BAD 667982564471
BAD 668149973927
BAD 668151740329
BAD 668205745553
BAD 668155518409
BAD 668155518539
BAD 668121031667
BAD 668121031691
BAD 668121031693
BAD 668209086253
BAD 668209086317
BAD 668209086319
BAD 668209086323
BAD 668209732039
BAD 668061437011
BAD 668158099969
BAD 668072807749
BAD 668062341847
BAD 668073384019
BAD 668073831221
BAD 668073831223
BAD 668325651751
BAD 668073837469
BAD 668311844371
BAD 667960470077
BAD 668162983237
BAD 668328990971
BAD 668328990983
BAD 668329125559
BAD 668077215233
BAD 668329580861
BAD 668216659793
BAD 668217446581
BAD 668217446587
BAD 668217446597
BAD 668217446627
BAD 668217446629
BAD 668330364439
BAD 668218358033
BAD 668252283733
BAD 668166628651
BAD 668080338559
BAD 668080338647
BAD 668080338649
BAD 668080338659
BAD 668332879441
BAD 668008889491
BAD 668082634033
BAD 668333996227
BAD 668134649033
BAD 668334913969
BAD 668084874503
BAD 668084874533
BAD 668136068029
BAD 668085731959
BAD 668085731969
BAD 668255211097
BAD 668260688281
BAD 668264051899
BAD 668221832051
BAD 668221832053
BAD 668222938853
BAD 668222938861
BAD 668222938871
BAD 668222938879
BAD 668224898707
BAD 668225184587
BAD 668227833121
BAD 668236686587
BAD 668236686589
BAD 668406950723
BAD 668390337113
BAD 668418599923
BAD 668419662587
BAD 668401290329
BAD 668401290331
BAD 668362887139
BAD 668363114501
BAD 668540913277
BAD 668545479773
BAD 668547384691
BAD 668549641607
BAD 668549641609
BAD 668537289863
BAD 668537289887
BAD 668538636979
BAD 668500641979
BAD 668500641983
BAD 668500642039
BAD 668501577353
BAD 668692311901
BAD 668693247269
BAD 668503870753
BAD 668503870757
BAD 668503870759
BAD 668503870763
BAD 668503870781
BAD 668697371437
BAD 668697371453
BAD 668697517927
BAD 668609089441
BAD 668677492303
BAD 668436255139
BAD 668436255143
BAD 668436255191
BAD 668436255197
BAD 668436255199
BAD 668436255209
BAD 668436255211
BAD 668679186953
BAD 668682821993
BAD 668683472599
BAD 668683472647
BAD 668349865063
BAD 668349865067
BAD 668579482429
BAD 668381861269
BAD 668384792863
BAD 668384792869
BAD 668384813753
BAD 668459703271
BAD 668459703277
BAD 668387473307
BAD 668387473309
BAD 668587501459
BAD 668650144447
BAD 668652822923
BAD 668470625299
BAD 668592243833
BAD 668594039303
BAD 668439316639
BAD 668440753501
BAD 668713121393
BAD 668713121411
BAD 668479936073
BAD 668713540199
BAD 668713540207
BAD 668715271241
BAD 668715271249
BAD 668484792827
BAD 668451272623
BAD 668508663469
BAD 668718055477
BAD 668565285449
BAD 668718992203
BAD 668719150921
BAD 668509698517
BAD 668719466873
BAD 668719466879
BAD 668719466881
BAD 668657529587
BAD 668657529593
BAD 668657529613
BAD 668657529629
BAD 668512735999
BAD 668512736009
BAD 668659373309
BAD 668659373311
BAD 668513380001
BAD 668513380009
BAD 668513380019
BAD 668513380021
BAD 668513380027
BAD 668513429333
BAD 668625770473
BAD 668625967651
BAD 668625967729
BAD 668628892537
BAD 668631285253
BAD 668671001717
BAD 668672526383
BAD 668672903029
BAD 668672903033
BAD 668635909519
BAD 668758249769
BAD 668758249771
BAD 668767596071
BAD 668770908139
BAD 668773140271
BAD 668777400359
BAD 668777400367
BAD 668785203421
BAD 668786098333
BAD 668786098339
BAD 668811392261
BAD 668815432951
BAD 668818134547
BAD 668818134557
BAD 668818134581
BAD 668818134583
BAD 668819078483
BAD 668842661483
BAD 668842868909
BAD 668875790683
BAD 668875790689
BAD 668848764209
BAD 668848764211
BAD 668849499121
BAD 668885037061
BAD 668885037113
BAD 668855051861
BAD 668855051863
BAD 668855631427
BAD 668745417211
BAD 668745417217
BAD 668856040283
BAD 668746011859
BAD 668746011863
BAD 668886822763
BAD 668890315411
BAD 668890433153
BAD 668890912253
BAD 668757030143
BAD 668926354339
BAD 668862181093
BAD 668862181159
BAD 668799935443
BAD 668799935459
BAD 668935881853
BAD 668804991131
BAD 668939002013
BAD 668939002021
BAD 668867872381
BAD 668871759407
BAD 668897701891
BAD 668906837539
BAD 668908222973
BAD 668908222979
BAD 668908222981
BAD 668943867653
BAD 668943867659
BAD 668945460653
BAD 668945531399
BAD 668947594229
BAD 668949503147
BAD 668949503149
BAD 668949503179
BAD 668996848031
BAD 668997221551
BAD 669060803573
BAD 668999205629
BAD 668999205631
BAD 669000296449
BAD 668952939961
BAD 668953128593
BAD 669003120847
BAD 669014105213
BAD 669014105219
BAD 669067861043
BAD 669068067959
BAD 669068067961
BAD 668956475899
BAD 668977382687
BAD 669069884423
BAD 668825578219
BAD 668978982421
BAD 669019240553
BAD 668981358413
BAD 668981359231
BAD 669072759083
BAD 668984471107
BAD 668832875119
BAD 668832875131
BAD 668832960881
BAD 668832960883
BAD 668838447289
BAD 668910836773
BAD 668917177741
BAD 668919952651
BAD 668919952661
BAD 668922656981
BAD 668961581929
BAD 669130101151
BAD 669130867381
BAD 669094303421
BAD 669095220127
BAD 669095646229
BAD 669095646253
BAD 669043141673
BAD 669141160771
BAD 669032778353
BAD 669123360011
BAD 669123360013
BAD 669081463249
BAD 669081463387
BAD 669107576329
BAD 669107576353
BAD 669051918889
BAD 669035201999
BAD 669108989183
BAD 669053120867
BAD 669125911193
BAD 669037302433
BAD 669037302443
BAD 669037302449
BAD 669056283449
BAD 669056283451
BAD 669056283461
BAD 669056283463
BAD 669039723479
BAD 669039952507
BAD 669039952513
BAD 669040610453
BAD 669040610461
BAD 669147267067
BAD 669147267079
BAD 669147267083
BAD 669148010393
BAD 669148669759
BAD 669160509949
BAD 669160509959
BAD 669160510021
BAD 669152316083
BAD 669169534193
BAD 669169534199
BAD 669159380509
BAD 669159380521
BAD 669170155921
BAD 669172746989
BAD 669172747031
BAD 669180804713
BAD 669217199551
BAD 669217199579
BAD 669217488263
BAD 669227795711
BAD 669227795713
BAD 669225780593
BAD 669225780599
BAD 669225780607
BAD 669225780623
BAD 669227159443
BAD 669281965889
BAD 669261663859
BAD 669286452853
BAD 669286452859
BAD 669286452869
BAD 669286452871
BAD 669288520073
BAD 669288520081
BAD 669264657227
BAD 669266460517
BAD 669266460521
BAD 669266460523
BAD 669239717413
BAD 669239749907
BAD 669239749909
BAD 669241011629
BAD 669241011631
BAD 669241719413
BAD 669205341829
BAD 669270355681
BAD 669275096183
BAD 669275096207
BAD 669275096209
BAD 669379101431
BAD 669381770683
BAD 669382161841
BAD 669382966123
BAD 669382966139
BAD 669382966141
BAD 669383416861
BAD 669386574979
BAD 669387662563
BAD 669388023527
BAD 669388023529
BAD 669393677839
BAD 669304957003
BAD 669306066019
BAD 669308515609
BAD 669253759453
BAD 669256101803
BAD 669256101817
BAD 669256101823
BAD 669256101827
BAD 669365863987
BAD 669365863997
BAD 669366274789
BAD 669366274793
BAD 669367407607
BAD 669346861367
BAD 669346861369
BAD 669349294013
BAD 669370559639
BAD 669349294021
BAD 669372422437
BAD 669351771757
BAD 669351771793
BAD 669374981393
BAD 669354286793
BAD 669354286801
BAD 669377760523
BAD 669359044373
BAD 669359561747
BAD 669359561749
BAD 669399330421
BAD 669399861049
BAD 669401813107
BAD 669481744307
BAD 669415304827
BAD 669514950821
BAD 669423842209
BAD 669519563201
BAD 669426649139
BAD 669426649141
BAD 669428474089
BAD 669449543239
BAD 669463709779
BAD 669465639697
BAD 669465639701
BAD 669499028843
BAD 669499028857
BAD 669499028927
BAD 669532887161
BAD 669533913641
BAD 669534586859
BAD 669536152849
BAD 669536348017
BAD 669502457119
BAD 669502457123
BAD 669502457179
BAD 669543510847
BAD 669544725643
BAD 669545545873
BAD 669545545967
BAD 669545545969
BAD 669563572651
BAD 669583707241
BAD 669546428443
BAD 669546428449
BAD 669546428461
BAD 669584686201
BAD 669584794187
BAD 669546555793
BAD 669585322921
BAD 669547410029
BAD 669547410031
BAD 669585700807
BAD 669547592599
BAD 669547592603
BAD 669547592641
BAD 669552461077
BAD 669552461119
BAD 669555840773
BAD 669556627489
BAD 669556627513
BAD 669557093903
BAD 669557684371
BAD 669608405933
BAD 669632083583
BAD 669632083597
BAD 669632083633
BAD 669641566609
BAD 669642170513
BAD 669643426069
BAD 669643426079
BAD 669666821251
BAD 669615560111
BAD 669615560113
BAD 669616036937
BAD 669618925561
BAD 669679331371
BAD 669625479101
BAD 669625479109
BAD 669625479113
BAD 669625479121
BAD 669625710739
BAD 669629490767
BAD 669629490769
BAD 669652210699
BAD 669655913581
BAD 669659100743
BAD 669735270703
BAD 669740040533
BAD 669741688243
BAD 669743372593
BAD 669743372603
BAD 669746926757
BAD 669698873159
BAD 669698873161
BAD 669714933389
BAD 669714933469
BAD 669714933473
BAD 669700606429
BAD 669702598501
BAD 669706649851
BAD 669706649861
BAD 669706649863
BAD 669725591713
BAD 669708942061
BAD 669728415539
BAD 669728415541
BAD 669713852287
BAD 669749746951
BAD 669751738811
BAD 669751738813
BAD 669752993017
BAD 669752993023
BAD 669781593211
BAD 669758746001
BAD 669681108769
BAD 669681108773
BAD 669681178921
BAD 669763116499
BAD 669793589797
BAD 669765196007
BAD 669769527601
BAD 669769880809
BAD 669777960499
BAD 669805121417
BAD 669805121429
BAD 669805121431
BAD 669806279063
BAD 669831747997
BAD 669831963769
BAD 669833605741
BAD 669845689399
BAD 669941427121
BAD 669872220091
BAD 669921639859
BAD 669909521401
BAD 669944068501
BAD 669944068513
BAD 669910305331
BAD 669910305343
BAD 669912029723
BAD 669915104153
BAD 669930927203
BAD 669886188481
BAD 669855288191
BAD 669890089769
BAD 669859539649
BAD 669859539703
BAD 669894756547
BAD 669894756697
BAD 669894756703
BAD 669984590731
BAD 669984607561
BAD 669985368023
BAD 669986825491
BAD 669966212581
BAD 669993963329
BAD 669993963341
BAD 669993963343
BAD 669993963347
BAD 669993963349
BAD 669993963371
BAD 669950488147
BAD 669950488153
BAD 669996506633
BAD 669973384117
BAD 669974456033
RANGE 660000000000 670000000000 PRIMES 367339844 BAD 2970
