BAD 800151953239
BAD 800058292471
BAD 800145202099
BAD 800147591401
BAD 800062587593
BAD 800067248419
BAD 800069900029
BAD 800065407091
BAD 800126477503
BAD 800126886751
BAD 800045044231
BAD 800045044237
BAD 800086996913
BAD 800164761899
BAD 800164761901
BAD 800131703669
BAD 800131703671
BAD 800092002197
BAD 800095710199
BAD 800100459817
BAD 800290953043
BAD 800290953047
BAD 800290953053
BAD 800239727197
BAD 800183070199
BAD 800183070223
BAD 800244516403
BAD 800244516419
BAD 800201617373
BAD 800195906857
BAD 800195906863
BAD 800195906879
BAD 800195906933
BAD 800270821381
BAD 800253268943
BAD 800253268987
BAD 800253269003
BAD 800253269009
BAD 800253269017
BAD 800375838683
BAD 800277755471
BAD 800383231433
BAD 800020298201
BAD 800020926379
BAD 800284442933
BAD 800032665589
BAD 800303050037
BAD 800317785811
BAD 800011305733
BAD 800011305739
BAD 800349772643
BAD 800349772657
BAD 800349772661
BAD 800349772687
BAD 800391114931
BAD 800395760183
BAD 800363519959
BAD 800368149131
BAD 800503537709
BAD 800503537711
BAD 800506846463
BAD 800510429029
BAD 800512080553
BAD 800460559763
BAD 800487797443
BAD 800487797827
BAD 800466483931
BAD 800466483941
BAD 800519951641
BAD 800494933859
BAD 800494933867
BAD 800494933873
BAD 800494933897
BAD 800524456663
BAD 800473094593
BAD 800473094611
BAD 800495971511
BAD 800528068687
BAD 800436309403
BAD 800476134673
BAD 800477963359
BAD 800477963371
BAD 800428269149
BAD 800428996769
BAD 800535701131
BAD 800430283621
BAD 800430283703
BAD 800536429753
BAD 800443359841
BAD 800447902159
BAD 800447902193
BAD 800448361613
BAD 800486157803
BAD 800413584011
BAD 800413584013
BAD 800418629123
BAD 800538797587
BAD 800538797593
BAD 800542087259
BAD 800552185021
BAD 800590489681
BAD 800593794751
BAD 800594782601
BAD 800572237169
BAD 800814319379
BAD 800815563733
BAD 800639126249
BAD 800639126251
BAD 800703783743
BAD 800703783769
BAD 800703783773
BAD 800639620073
BAD 800863148147
BAD 800863148149
BAD 800609147033
BAD 800917044443
BAD 800834483831
BAD 800871495383
BAD 800884483681
BAD 800928861961
BAD 800920993153
BAD 800838185929
BAD 800920993157
BAD 800920993163
BAD 800885886803
BAD 800649182719
BAD 800649182741
BAD 800649182743
BAD 800617138733
BAD 800852888299
BAD 800937508979
BAD 800937967579
BAD 800627549851
BAD 800673552863
BAD 800673552883
BAD 800673552893
BAD 800676659593
BAD 800633594927
BAD 800633594941
BAD 800732530973
BAD 800733813949
BAD 800734313243
BAD 800655681157
BAD 800655681191
BAD 800657316379
BAD 800762898193
BAD 800739881191
BAD 800669314483
BAD 800744423221
BAD 800706539527
BAD 800706539533
BAD 800706539537
BAD 800706539539
BAD 800796998767
BAD 800801075959
BAD 800940700823
BAD 800940700837
BAD 800940898501
BAD 801113495771
BAD 801127479157
BAD 801127479197
BAD 801127479199
BAD 801128660653
BAD 801073810913
BAD 801131578501
BAD 801076842053
BAD 801080059783
BAD 801080059789
BAD 801080059807
BAD 801082903591
BAD 801027415777
BAD 801027415789
BAD 801087967921
BAD 801087967937
BAD 801030545537
BAD 801030545551
BAD 801089878241
BAD 801089878243
BAD 801032113303
BAD 801032113313
BAD 801032532977
BAD 801032532983
BAD 801061753831
BAD 801036960881
BAD 800994566419
BAD 800995386683
BAD 801103609979
BAD 801103609981
BAD 801103609993
BAD 800957156053
BAD 800960042263
BAD 800960042273
BAD 800960042279
BAD 801042988873
BAD 801042988877
BAD 801042988973
BAD 801043682783
BAD 801050742497
BAD 801053763833
BAD 801054384821
BAD 801165013021
BAD 801171592657
BAD 801174295217
BAD 801174295219
BAD 801155237023
BAD 801155237027
BAD 800976079223
BAD 800976323137
BAD 801226658179
BAD 801226658191
BAD 800982996439
BAD 801230952541
BAD 801233890549
BAD 800988137933
BAD 800988279503
BAD 801192334231
BAD 801176361257
BAD 801176361289
BAD 801177072953
BAD 801201232259
BAD 801201232261
BAD 801184304617
BAD 801185968943
BAD 801185968951
BAD 801190306957
BAD 801190306963
BAD 801190469591
BAD 801190469593
BAD 801328176499
BAD 801242681321
BAD 801276499091
BAD 801340656469
BAD 801340656481
BAD 801252845881
BAD 801281529343
BAD 801284868973
BAD 801284868977
BAD 801284868983
BAD 801220173673
BAD 801220173683
BAD 801291839609
BAD 801319883557
BAD 801319883569
BAD 801319883579
BAD 801375029597
BAD 801375029599
BAD 801377097593
BAD 801377097617
BAD 801378426557
BAD 801378426559
BAD 801394845571
BAD 801380302913
BAD 801381583589
BAD 801381583591
BAD 801398907053
BAD 801353049053
BAD 801353049059
BAD 801353049061
BAD 801420703297
BAD 801420703417
BAD 801420703429
BAD 801420703439
BAD 801420703441
BAD 801358546291
BAD 801358546301
BAD 801358787783
BAD 801426776251
BAD 801426776257
BAD 801431742583
BAD 801431742607
BAD 801460720919
BAD 801469785079
BAD 801479967773
BAD 801483286861
BAD 801486125707
BAD 801444575329
BAD 801450686263
BAD 801499024621
BAD 801500378183
BAD 801544712543
BAD 801577455271
BAD 801550740611
BAD 801553610269
BAD 801559777561
BAD 801746190787
BAD 801747740609
BAD 801601044989
BAD 801601044991
BAD 801601045019
BAD 801529254049
BAD 801572307901
BAD 801572307937
BAD 801572373059
BAD 801572373061
BAD 801533046241
BAD 801533046253
BAD 801609176063
BAD 801609176077
BAD 801758830801
BAD 801761188087
BAD 801763023247
BAD 801539508703
BAD 801539633911
BAD 801541335563
BAD 801774341783
BAD 801775964399
BAD 801775964401
BAD 801542486713
BAD 801543033523
BAD 801543033527
BAD 801610818157
BAD 801612542207
BAD 801813134989
BAD 801784695763
BAD 801822439661
BAD 801826227289
BAD 801827497013
BAD 801794106499
BAD 801854136011
BAD 801830742023
BAD 801836570191
BAD 801844643833
BAD 801867813889
BAD 801885240421
BAD 801885240427
BAD 801885240437
BAD 801885240439
BAD 801871384733
BAD 801874357789
BAD 801874357793
BAD 801890625773
BAD 801730532311
BAD 801647216879
BAD 801647216941
BAD 801647216947
BAD 801628051921
BAD 801630536281
BAD 801648865789
BAD 801648865793
BAD 801631995781
BAD 801631995821
BAD 801631995823
BAD 801631995847
BAD 801661317209
BAD 801661317211
BAD 801633865621
BAD 801633865631
BAD 801634569059
BAD 801634569061
BAD 801664198801
BAD 801664198831
BAD 801638609887
BAD 801639900643
BAD 801643693091
BAD 801643693093
BAD 801643834171
BAD 801674224181
BAD 801682957507
BAD 801682957513
BAD 801682957519
BAD 801685010911
BAD 801690658297
BAD 801691385029
BAD 801698543609
BAD 801701958023
BAD 801702300409
BAD 801802918093
BAD 801897294391
BAD 801897948619
BAD 801899610469
BAD 801903948499
BAD 801910293077
BAD 801947609017
BAD 801951277903
BAD 801952949143
BAD 802115761277
BAD 802115761301
BAD 802115761303
BAD 802015024483
BAD 802105824137
BAD 802105824139
BAD 802105824151
BAD 802105824181
BAD 802047116903
BAD 802019446099
BAD 802019446103
BAD 802019446133
BAD 802019446141
BAD 802064764801
BAD 802064764819
BAD 802023229607
BAD 802052534963
BAD 802068570713
BAD 802068850651
BAD 802026232079
BAD 802026232081
BAD 802054242013
BAD 802054410461
BAD 802054410463
BAD 801926806909
BAD 801926806913
BAD 802073126423
BAD 802137833963
BAD 802137833971
BAD 802076349209
BAD 802076349211
BAD 802140065833
BAD 802142482243
BAD 802216697521
BAD 802145450851
BAD 802224097289
BAD 802224097291
BAD 802224097333
BAD 802082259179
BAD 802086532493
BAD 802231484633
BAD 802091320897
BAD 802091320903
BAD 802091320913
BAD 802092328049
BAD 802094322157
BAD 802236243517
BAD 802236243563
BAD 802238465911
BAD 801939075709
BAD 801981172193
BAD 801970616207
BAD 802279587019
BAD 802279587023
BAD 801984943157
BAD 801985899241
BAD 801996957511
BAD 801990823261
BAD 801990823279
BAD 802000581931
BAD 802000582021
BAD 801994572361
BAD 802249326889
BAD 802254488251
BAD 802254488263
BAD 802282792277
BAD 802282792279
BAD 802256780993
BAD 802036792343
BAD 802261829791
BAD 802192967893
BAD 802193166433
BAD 802264718477
BAD 802194573337
BAD 802294456981
BAD 802196931409
BAD 802297637023
BAD 802297637027
BAD 802154628403
BAD 802169359993
BAD 802156313869
BAD 802172891209
BAD 802172891213
BAD 802160165041
BAD 802208728507
BAD 802208728523
BAD 802209246829
BAD 802212075529
BAD 802179828103
BAD 802213923527
BAD 802213923529
BAD 802444075999
BAD 802447135981
BAD 802423215823
BAD 802399041859
BAD 802430813903
BAD 802379183761
BAD 802355468273
BAD 802362146039
BAD 802362146041
BAD 802343392759
BAD 802345904099
BAD 802480021531
BAD 802493949427
BAD 802497552751
BAD 802502145271
BAD 802562088203
BAD 802519967971
BAD 802545789323
BAD 802565709017
BAD 802565709019
BAD 802532410039
BAD 802532453633
BAD 802785463969
BAD 802785463973
BAD 802785463979
BAD 802785463981
BAD 802785776213
BAD 802788102947
BAD 802754297011
BAD 802754484341
BAD 802754484349
BAD 802725233161
BAD 802756080023
BAD 802756080053
BAD 802728364693
BAD 802759874731
BAD 802577767031
BAD 802794596587
BAD 802764717299
BAD 802764717301
BAD 802733914417
BAD 802733914421
BAD 802765830589
BAD 802801133111
BAD 802801133117
BAD 802801133119
BAD 802652936843
BAD 802836970381
BAD 802836970387
BAD 802738528859
BAD 802738528861
BAD 802829646197
BAD 802658960707
BAD 802660577029
BAD 802745143237
BAD 802745143241
BAD 802745143243
BAD 802747630291
BAD 802712065723
BAD 802712065733
BAD 802605833041
BAD 802611037183
BAD 802590068117
BAD 802594208657
BAD 802594208659
BAD 802855756751
BAD 802855756753
BAD 802648997131
BAD 802600319071
BAD 802862182193
BAD 802864762213
BAD 802691678527
BAD 802693277159
BAD 802871791573
BAD 802878347483
BAD 802879441997
BAD 802879441999
BAD 802883199983
BAD 802883199997
BAD 802883200001
BAD 802883200003
BAD 802887138139
BAD 802892316739
BAD 802897610953
BAD 802901913329
BAD 802901913337
BAD 802909150399
BAD 802959232913
BAD 802959232951
BAD 802966161427
BAD 803087574943
BAD 803091296543
BAD 803099878643
BAD 803099878649
BAD 803012800741
BAD 803012800801
BAD 803013074749
BAD 803016457819
BAD 803016457823
BAD 803016457829
BAD 803017567621
BAD 802992232909
BAD 802926350173
BAD 802994408483
BAD 802975626821
BAD 802975626823
BAD 803055977887
BAD 803070959863
BAD 803059811791
BAD 802981548353
BAD 802981548373
BAD 802981548377
BAD 802981548379
BAD 802981548437
BAD 803047661167
BAD 802981953337
BAD 803060616307
BAD 803049153503
BAD 803077539331
BAD 803078784511
BAD 803067045173
BAD 802933981049
BAD 803053367393
BAD 803069643743
BAD 803083556299
BAD 803107395421
BAD 802936117453
BAD 802938458303
BAD 802946329819
BAD 803228968279
BAD 803232092953
BAD 803232092959
BAD 803192791021
BAD 803193950081
BAD 803194299253
BAD 803195304559
BAD 803195403631
BAD 803197015501
BAD 803281214123
BAD 803284368583
BAD 803284368587
BAD 803284368589
BAD 803242980539
BAD 803242980541
BAD 803245955333
BAD 803246632919
BAD 803246632921
BAD 803247167101
BAD 803248682129
BAD 803171550911
BAD 803171550919
BAD 803290283737
BAD 803254586293
BAD 803263457723
BAD 803299186201
BAD 803299388263
BAD 803299914757
BAD 803299914761
BAD 803299914763
BAD 803299914779
BAD 803301233893
BAD 803302587827
BAD 803183071433
BAD 803183071441
BAD 803209073179
BAD 803209073189
BAD 803210107463
BAD 803216643643
BAD 803159314693
BAD 803159314697
BAD 803159314729
BAD 803308689581
BAD 803308689583
BAD 803309912323
BAD 803344805539
BAD 803374116421
BAD 803348247439
BAD 803376528089
BAD 803354311223
BAD 803354311259
BAD 803431510831
BAD 803501364251
BAD 803432647327
BAD 803502126649
BAD 803502126653
BAD 803513288251
BAD 803513288261
BAD 803513288267
BAD 803513288269
BAD 803515159549
BAD 803515159553
BAD 803516771249
BAD 803516771251
BAD 803517396433
BAD 803517396481
BAD 803520573781
BAD 803520652633
BAD 803521384051
BAD 803521384069
BAD 803521384121
BAD 803521384123
BAD 803389187299
BAD 803393183419
BAD 803324146549
BAD 803324146553
BAD 803440824127
BAD 803440824191
BAD 803330076551
BAD 803330076553
BAD 803330930137
BAD 803330930141
BAD 803484671699
BAD 803484671719
BAD 803484671729
BAD 803486855333
BAD 803486855341
BAD 803488164263
BAD 803336056681
BAD 803336287399
BAD 803337091681
BAD 803570413871
BAD 803570413873
BAD 803570413879
BAD 803570413979
BAD 803570413981
BAD 803415735739
BAD 803418941011
BAD 803590692811
BAD 803532117263
BAD 803601407641
BAD 803601407669
BAD 803601407671
BAD 803606048041
BAD 803606048093
BAD 803460989833
BAD 803471138713
BAD 803540915393
BAD 803540915399
BAD 803540915501
BAD 803540915503
BAD 803544240511
BAD 803544240517
BAD 803553381107
BAD 803679580283
BAD 803679580289
BAD 803679580309
BAD 803679580313
BAD 803679580321
BAD 803686118827
BAD 803688882407
BAD 803688882413
BAD 803690141647
BAD 803741809069
BAD 803741809111
BAD 803794400477
BAD 803794400483
BAD 803794400489
BAD 803794400491
BAD 803745496327
BAD 803747879971
BAD 803747879983
BAD 803796142463
BAD 803768708299
BAD 803801801083
BAD 803801801087
BAD 803738765059
BAD 803771525353
BAD 803740935211
BAD 803805877351
BAD 803641210139
BAD 803789143051
BAD 803789143057
BAD 803789143061
BAD 803791152019
BAD 803646382141
BAD 803711224879
BAD 803711224891
BAD 803717164361
BAD 803717164363
BAD 803629329301
BAD 803629329337
BAD 803632325911
BAD 803655008623
BAD 803639945377
BAD 803640323777
BAD 803640323779
BAD 803703188441
BAD 803703188443
BAD 803706022621
BAD 803608795609
BAD 803619122927
BAD 803929736089
BAD 803934614117
BAD 803936671729
BAD 803938643551
BAD 803897337757
BAD 803859979711
BAD 803865353363
BAD 803945887057
BAD 803948419273
BAD 803950342927
BAD 803950342933
BAD 803954666243
BAD 803968630291
BAD 803843539711
BAD 803851863613
BAD 803851863623
BAD 803914140167
BAD 803914140223
BAD 803918630737
BAD 803918630741
BAD 803918630743
BAD 803881690583
BAD 803829909013
BAD 803829909019
BAD 803888029783
BAD 803889560317
BAD 803890628207
BAD 803891187839
BAD 803840198789
BAD 804027095413
BAD 804013675379
BAD 804021126121
BAD 804045319117
BAD 804062845207
BAD 804081247609
BAD 804081792299
BAD 804081792301
BAD 804081792307
BAD 804081792313
BAD 804074618701
BAD 804075901163
BAD 804229648897
BAD 804231175351
BAD 804236230783
BAD 804239520053
BAD 804239520059
BAD 804239520061
BAD 804249239477
BAD 804255591833
BAD 804260734853
BAD 804151096403
BAD 804154052941
BAD 804160488893
BAD 804185251801
BAD 804263525113
BAD 803994735517
BAD 803994735521
BAD 803994883369
BAD 804116585453
BAD 804105576871
BAD 804001644053
BAD 804121204171
BAD 804003010429
BAD 804123583279
BAD 803985371611
BAD 803985371617
BAD 804005158163
BAD 804211322933
BAD 804278671283
BAD 804206971223
BAD 804206971231
BAD 804220783099
BAD 804287206279
BAD 804224463089
BAD 804301487567
BAD 804303064573
BAD 804303101123
BAD 804303101131
BAD 804303101143
BAD 804305426107
BAD 804311584847
BAD 804311584849
BAD 804312988793
BAD 804391177339
BAD 804413140229
BAD 804413140231
BAD 804416941981
BAD 804432483167
BAD 804419447603
BAD 804419447617
BAD 804419447627
BAD 804419560961
BAD 804419560963
BAD 804446258857
BAD 804445418671
BAD 804445418717
BAD 804445418719
BAD 804468197411
BAD 804347270071
BAD 804348739879
BAD 804471502381
BAD 804472215511
BAD 804472215529
BAD 804485609033
BAD 804485609101
BAD 804486659857
BAD 804486921223
BAD 804486921229
BAD 804457679423
BAD 804457679429
BAD 804457679437
BAD 804457679453
BAD 804457927093
BAD 804458185621
BAD 804458185627
BAD 804495026963
BAD 804496032383
BAD 804333638957
BAD 804333638959
BAD 804338562931
BAD 804338602219
BAD 804505503721
BAD 804539142271
BAD 804539248883
BAD 804548894729
BAD 804548894731
BAD 804597988787
BAD 804698442871
BAD 804701273869
BAD 804603544819
BAD 804681555541
BAD 804681555551
BAD 804665745529
BAD 804750527071
BAD 804751388191
BAD 804782888479
BAD 804782888491
BAD 804756792353
BAD 804759236167
BAD 804759236179
BAD 804759493891
BAD 804792469003
BAD 804792469009
BAD 804575158711
BAD 804796971169
BAD 804797401741
BAD 804765005599
BAD 804765314027
BAD 804765314029
BAD 804677893681
BAD 804677893687
BAD 804721412321
BAD 804721412333
BAD 804858048413
BAD 804723663283
BAD 804723663287
BAD 804624811171
BAD 804802589431
BAD 804586935077
BAD 804586935079
BAD 804637585967
BAD 804637585979
BAD 804637585981
BAD 804637586153
BAD 804643559773
BAD 804644533163
BAD 804646647677
BAD 804652775153
BAD 804653664343
BAD 804654555619
BAD 804657586573
BAD 804658473197
BAD 804663875497
BAD 804865880587
BAD 804867120613
BAD 804868619393
BAD 804869798423
BAD 804869798429
BAD 804869798431
BAD 804869798461
BAD 804733582759
BAD 804926658841
BAD 804835116893
BAD 804839332127
BAD 804892034311
BAD 804896953073
BAD 804896953103
BAD 804908956673
BAD 805000863761
BAD 805000863763
BAD 805107309473
BAD 805005224341
BAD 805006647983
BAD 805071026273
BAD 805071026327
BAD 805071026329
BAD 805113775673
BAD 805115381377
BAD 805085594723
BAD 805085594749
BAD 805090034039
BAD 805090034041
BAD 805090034057
BAD 805090034093
BAD 805090034101
BAD 805100078437
BAD 804990027901
BAD 804990027943
BAD 804990189217
BAD 805161198773
BAD 805162051483
BAD 804994458811
BAD 804995593067
BAD 804995593081
BAD 805162959631
BAD 805145516057
BAD 805145516059
BAD 805145988683
BAD 805263460957
BAD 805263460973
BAD 805266563923
BAD 805322954281
BAD 805322954311
BAD 805325696177
BAD 804968481901
BAD 804974981983
BAD 805174911913
BAD 805179260993
BAD 805183035199
BAD 805183035203
BAD 805183035211
BAD 804955343173
BAD 804962989219
BAD 804965687483
BAD 805050488353
BAD 805050701209
BAD 805050701227
BAD 805288437313
BAD 805125946949
BAD 805125946951
BAD 805058470613
BAD 805293455059
BAD 805202259817
BAD 805132575649
BAD 805063447079
BAD 805211534909
BAD 805211535017
BAD 805211535019
BAD 805212091679
BAD 805212091681
BAD 805216370573
BAD 805284378439
BAD 805016978509
BAD 805029949817
BAD 805029949819
BAD 805032373433
BAD 805371638893
BAD 805227876319
BAD 805356370969
BAD 805385187941
BAD 805385462839
BAD 805398249133
BAD 805398249143
BAD 805470816541
BAD 805472284471
BAD 805475107231
BAD 805410536263
BAD 805480036681
BAD 805440723523
BAD 805430089169
BAD 805430089171
BAD 805447973089
BAD 805448175509
BAD 805461611359
BAD 805465954283
BAD 805335987119
BAD 805336722347
BAD 805336722349
BAD 805340834149
BAD 805340834153
BAD 805340834159
BAD 805340834161
BAD 805348695803
BAD 805487510059
BAD 805489323739
BAD 805490509573
BAD 805493363839
BAD 805496844443
BAD 805524018097
BAD 805528220363
BAD 805508212261
BAD 805534550147
BAD 805514339551
BAD 805670926301
BAD 805670926303
BAD 805670926309
BAD 805670926321
BAD 805670926331
BAD 805670926339
BAD 805670926343
BAD 805696653353
BAD 805771798487
BAD 805774014011
BAD 805774014013
BAD 805742468603
BAD 805742468677
BAD 805743261623
BAD 805747364693
BAD 805754806589
BAD 805754356373
BAD 805724068243
BAD 805724068249
BAD 805765435043
BAD 805724581099
BAD 805725255499
BAD 805766771153
BAD 805766771179
BAD 805767137743
BAD 805767941287
BAD 805767941291
BAD 805621078609
BAD 805727918383
BAD 805538276909
BAD 805538276911
BAD 805731310301
BAD 805731310313
BAD 805731319901
BAD 805731319903
BAD 805731319907
BAD 805731319909
BAD 805823754259
BAD 805823754277
BAD 805823754283
BAD 805823754289
BAD 805823754293
BAD 805823754299
BAD 805823754301
BAD 805628502509
BAD 805826212603
BAD 805835175169
BAD 805844892991
BAD 805837241081
BAD 805636638029
BAD 805636638031
BAD 805552121629
BAD 805552399193
BAD 805851926251
BAD 805853149469
BAD 805853149471
BAD 805612397647
BAD 805567769603
BAD 805567898087
BAD 805656953033
BAD 805666213411
BAD 805805668729
BAD 805811240149
BAD 805574702591
BAD 805574702593
BAD 805817896643
BAD 805591268653
BAD 805889217719
BAD 805603415453
BAD 805861491041
BAD 805861491047
BAD 805861491049
BAD 805898589739
BAD 805900182029
BAD 805900182047
BAD 805900182049
BAD 805900182053
BAD 805900182067
BAD 805866438967
BAD 805651820213
BAD 805886962163
BAD 805705696591
BAD 805705696613
BAD 805705696619
BAD 805714054373
BAD 805912543069
BAD 805913224159
BAD 805913224163
BAD 805948301341
BAD 805954861099
BAD 805955162851
BAD 805978707377
BAD 805978707379
BAD 806006617111
BAD 806008103743
BAD 806108865181
BAD 806043872443
BAD 806043872461
BAD 806044229689
BAD 806073523069
BAD 806080624471
BAD 806069087581
BAD 806160309197
BAD 806162489893
BAD 806169959981
BAD 805960557847
BAD 805969284413
BAD 806038656611
BAD 806038656613
BAD 806038656617
BAD 806038656623
BAD 806128795567
BAD 806129068189
BAD 806129068193
BAD 806130785023
BAD 806130785027
BAD 806133527533
BAD 806135386193
BAD 806208602687
BAD 806095909657
BAD 806208795019
BAD 806097200813
BAD 806229214649
BAD 806232987827
BAD 806232987829
BAD 806233678801
BAD 806352166447
BAD 806359145197
BAD 806202746273
BAD 806360545057
BAD 806204436287
BAD 806221792553
BAD 806239484723
BAD 806365374469
BAD 806240154553
BAD 806393546137
BAD 806368490959
BAD 806399960521
BAD 806377696183
BAD 806405352481
BAD 806405741203
BAD 806405741213
BAD 806408597791
BAD 806411938567
BAD 806411938573
BAD 806412648361
BAD 806412648367
BAD 806413531501
BAD 806384890903
BAD 806264560009
BAD 806424087341
BAD 806298033661
BAD 806309233831
BAD 806300081989
BAD 806306011429
BAD 806306011831
BAD 806315481407
BAD 806315481409
BAD 806283828089
BAD 806430270953
BAD 806321035217
BAD 806290777867
BAD 806290777883
BAD 806435237989
BAD 806449552351
BAD 806452655903
BAD 806324604101
BAD 806324604103
BAD 806328322777
BAD 806328322781
BAD 806328322783
BAD 806329619701
BAD 806335928149
BAD 806483705089
BAD 806488556101
BAD 806490953063
BAD 806490953069
BAD 806512106819
BAD 806512106821
BAD 806493656753
BAD 806496552233
BAD 806496552241
BAD 806497224457
BAD 806497224461
BAD 806517733969
BAD 806499458077
BAD 806519977741
BAD 806520418621
BAD 806520418631
BAD 806520418633
BAD 806522386567
BAD 806522386573
BAD 806522386577
BAD 806522386651
BAD 806522386667
BAD 806522386669
BAD 806525220811
BAD 806505772381
BAD 806506702123
BAD 806508136913
BAD 806544049579
BAD 806544886883
BAD 806546079653
BAD 806685755273
BAD 806685755279
BAD 806687276333
BAD 806691114037
BAD 806668447633
BAD 806669261711
BAD 806527836871
BAD 806527986377
BAD 806527986379
BAD 806711227703
BAD 806712514591
BAD 806712514607
BAD 806675552951
BAD 806675552953
BAD 806675552957
BAD 806675552959
BAD 806708275621
BAD 806708528377
BAD 806531597549
BAD 806532694141
BAD 806713135411
BAD 806655620483
BAD 806720740229
BAD 806540578981
BAD 806724063403
BAD 806846178253
BAD 806854981727
BAD 806854981729
BAD 806856743531
BAD 806856743533
BAD 806832811717
BAD 806632283011
BAD 806879550733
BAD 806879550739
BAD 806634728399
BAD 806634728401
BAD 806634728411
BAD 806634728413
BAD 806888895311
BAD 806888895313
BAD 806869549823
BAD 806869549831
BAD 806872180339
BAD 806741752099
BAD 806744284579
BAD 806744284583
BAD 806744284589
BAD 806744284597
BAD 806744284607
BAD 806748783563
BAD 806748783569
BAD 806748783571
BAD 806750569423
BAD 806750569441
BAD 806770340461
BAD 806617133603
BAD 806620884109
BAD 806624069633
BAD 806566573321
BAD 806786505229
BAD 806786505253
BAD 806586723689
BAD 806587396421
BAD 806587396423
BAD 806800693889
BAD 806793703687
BAD 806593036429
BAD 806593036441
BAD 806805388297
BAD 806817101423
BAD 806822238199
BAD 806826666311
BAD 806826666313
BAD 806826666319
BAD 806826666323
BAD 807033666919
BAD 807033666947
BAD 807033666949
BAD 807050669881
BAD 807050670001
BAD 806979593963
BAD 806947279939
BAD 807009962833
BAD 806963657923
BAD 807060362597
BAD 806987514253
BAD 807067598749
BAD 806989088629
BAD 807071298289
BAD 807103687153
BAD 807016873153
BAD 806917273837
BAD 806917273843
BAD 806919059423
BAD 806922467951
BAD 806933196961
BAD 806908885103
BAD 806909419249
BAD 807089780071
BAD 807095887531
BAD 807095887547
BAD 807115996171
BAD 807127619497
BAD 807315034649
BAD 807315034651
BAD 807365271781
BAD 807320461201
BAD 807336664349
BAD 807370977079
BAD 807337060193
BAD 807337159933
BAD 807372244577
BAD 807324036049
BAD 807324036053
BAD 807324036059
BAD 807324036061
BAD 807324036067
BAD 807343038431
BAD 807329335289
BAD 807329335291
BAD 807329335297
BAD 807188966303
BAD 807398689477
BAD 807398689529
BAD 807190647323
BAD 807398830561
BAD 807380021741
BAD 807380021743
BAD 807305872913
BAD 807307460357
BAD 807307460359
BAD 807309030533
BAD 807131633249
BAD 807131633251
BAD 807136081489
BAD 807140955941
BAD 807142214521
BAD 807148322093
BAD 807149515751
BAD 807164763817
BAD 807165679457
BAD 807165679459
BAD 807161998429
BAD 807418733689
BAD 807418733699
BAD 807418733701
BAD 807217667209
BAD 807282875671
BAD 807218111419
BAD 807220153969
BAD 807178760561
BAD 807222081067
BAD 807287353549
BAD 807227927749
BAD 807199596293
BAD 807248154079
BAD 807248677399
BAD 807212410973
BAD 807235145869
BAD 807235788277
BAD 807237080653
BAD 807240886253
BAD 807240886261
BAD 807240886267
BAD 807246075023
BAD 807466433801
BAD 807466433803
BAD 807471516811
BAD 807482632951
BAD 807483222473
BAD 807488295799
BAD 807488295841
BAD 807488295847
BAD 807488295851
BAD 807488295853
BAD 807488295863
BAD 807494628407
BAD 807498188467
BAD 807509758453
BAD 807513454343
BAD 807513454351
BAD 807516232253
BAD 807576370463
BAD 807582116753
BAD 807582148741
BAD 807526109737
BAD 807528141757
BAD 807532538389
BAD 807656781307
BAD 807657190883
BAD 807637438519
BAD 807658541093
BAD 807639500221
BAD 807541819013
BAD 807542159563
BAD 807664481963
BAD 807739110173
BAD 807747381677
BAD 807584947189
BAD 807584947193
BAD 807584947201
BAD 807748131559
BAD 807750206539
BAD 807589707781
BAD 807594776041
BAD 807595282939
BAD 807595282951
BAD 807595282957
BAD 807595282981
BAD 807595282987
BAD 807598749343
BAD 807722994193
BAD 807552155159
BAD 807552155161
BAD 807552155183
BAD 807552155191
BAD 807555735383
BAD 807555932957
BAD 807555932959
BAD 807688127611
BAD 807688127629
BAD 807688127633
BAD 807690011753
BAD 807779271391
BAD 807668610941
BAD 807668610943
BAD 807702222109
BAD 807715551163
BAD 807754776131
BAD 807754776133
BAD 807820499803
BAD 807622650311
BAD 807622730927
BAD 807823344661
BAD 807823344667
BAD 807823728683
BAD 807823728689
BAD 807823728697
BAD 807794250751
BAD 807796466593
BAD 807764910193
BAD 807844157677
BAD 807846880921
BAD 807852922291
BAD 807891725593
BAD 807896321383
BAD 807921529859
BAD 807921529879
BAD 807923715289
BAD 807908698153
BAD 807995785097
BAD 807995785099
BAD 807972934429
BAD 807928803499
BAD 807928803503
BAD 807928803511
BAD 808023842137
BAD 807915186833
BAD 807915186853
BAD 807916236133
BAD 808046438653
BAD 808048389151
BAD 807983906221
BAD 808050621853
BAD 808051678229
BAD 808066837499
BAD 808067313061
BAD 807937179139
BAD 807939998863
BAD 807942503009
BAD 807947038999
BAD 807949550311
BAD 808093011379
BAD 808093699253
BAD 808099944529
BAD 808108398847
BAD 808109063851
BAD 808077157583
BAD 808077157597
BAD 808120123861
BAD 808081297123
BAD 808081297129
BAD 808082391631
BAD 808082587919
BAD 808082587927
BAD 808205803351
BAD 808206403913
BAD 808206403943
BAD 808138051639
BAD 808138051649
BAD 808209893081
BAD 808209893083
BAD 808209893093
BAD 808210883719
BAD 808213259857
BAD 808213259863
BAD 808213259899
BAD 808218334969
BAD 808148839033
BAD 808199198399
BAD 808439212291
BAD 808441977887
BAD 808447900069
BAD 808355509063
BAD 808452399091
BAD 808452558191
BAD 808162500203
BAD 808367264527
BAD 808405785227
BAD 808385942389
BAD 808386440483
BAD 808392304303
BAD 808392304319
BAD 808339147009
BAD 808423666279
BAD 808423666283
BAD 808396747819
BAD 808410339949
BAD 808412472053
BAD 808396898437
BAD 808343715563
BAD 808398124621
BAD 808421802977
BAD 808349728999
BAD 808353096743
BAD 808305292591
BAD 808354664659
BAD 808405307777
BAD 808405307779
BAD 808307046461
BAD 808307046473
BAD 808307131553
BAD 808318914679
BAD 808247951167
BAD 808247951221
BAD 808258853267
BAD 808258853273
BAD 808259138461
BAD 808259138473
BAD 808261555999
BAD 808324166983
BAD 808324166989
BAD 808328994479
BAD 808328994481
BAD 808288448203
BAD 808298740369
BAD 808303396357
BAD 808303396363
BAD 808457396963
BAD 808457396969
BAD 808457448451
BAD 808457448457
BAD 808464609559
BAD 808469428073
BAD 808476619609
BAD 808476619633
BAD 808478098559
BAD 808480667023
BAD 808483738897
BAD 808484182133
BAD 808507622413
BAD 808511772829
BAD 808511772853
BAD 808511772863
BAD 808490433451
BAD 808494430361
BAD 808494430363
BAD 808494430369
BAD 808504181701
BAD 808691855611
BAD 808694207791
BAD 808595955239
BAD 808595955241
BAD 808601314373
BAD 808601314379
BAD 808601314387
BAD 808676318297
BAD 808605862213
BAD 808605862217
BAD 808605862219
BAD 808689815543
BAD 808547508583
BAD 808547508641
BAD 808547508647
BAD 808549190257
BAD 808715146201
BAD 808715146207
BAD 808524268639
BAD 808724566759
BAD 808728372787
BAD 808728798991
BAD 808530839009
BAD 808530839063
BAD 808530839071
BAD 808742508923
BAD 808742508929
BAD 808555572127
BAD 808750459529
BAD 808559536727
BAD 808559763787
BAD 808564151099
BAD 808785744157
BAD 808785744161
BAD 808785744163
BAD 808785744199
BAD 808762130641
BAD 808842104617
BAD 808852496033
BAD 808852560031
BAD 808793735339
BAD 808793735341
BAD 808829894237
BAD 808829894239
BAD 808829894251
BAD 808796212253
BAD 808831901287
BAD 808811241709
BAD 808811241713
BAD 808662802747
BAD 808666687733
BAD 808612985491
BAD 808861070477
BAD 808875324223
BAD 808880843093
BAD 808880843123
BAD 808880843129
BAD 808944242437
BAD 808869929893
BAD 808947554189
BAD 808931825171
BAD 808931825173
BAD 808931825179
BAD 808931825189
BAD 808935368161
BAD 808893730849
BAD 808966176947
BAD 808941902869
BAD 808941902893
BAD 808896575749
BAD 808905750661
BAD 808978052821
BAD 808978052833
BAD 808918631581
BAD 808924424741
BAD 809029120583
BAD 809032255981
BAD 809032256003
BAD 809032982993
BAD 809033181863
BAD 809033487827
BAD 809035850813
BAD 809073534961
BAD 808997472433
BAD 809002966561
BAD 809042311633
BAD 809042311639
BAD 809084192239
BAD 809089881539
BAD 809089881541
BAD 809089881547
BAD 809057460553
BAD 809097506153
BAD 809097506159
BAD 809153842201
BAD 809153842207
BAD 809154596959
BAD 809154596963
BAD 809139396083
BAD 809108013257
BAD 809108013269
BAD 809108013271
BAD 809187446227
BAD 809187446239
BAD 809194021073
BAD 809191690133
BAD 809191690147
BAD 809191690159
BAD 809191690163
BAD 809193857939
BAD 809170010749
BAD 809114766937
BAD 809200376407
BAD 809119891207
BAD 809207391919
BAD 809207574719
BAD 809207804947
BAD 809207804953
BAD 809207804957
BAD 809207804959
BAD 809207804963
BAD 809334354217
BAD 809413642861
BAD 809413642867
BAD 809413762967
BAD 809342392577
BAD 809342989243
BAD 809316161947
BAD 809316161957
BAD 809316161959
BAD 809316161963
BAD 809316161981
BAD 809319094153
BAD 809434539349
BAD 809241531031
BAD 809323962313
BAD 809380990163
BAD 809381051917
BAD 809300303477
BAD 809402652943
BAD 809391233009
BAD 809391233011
BAD 809393006341
BAD 809393006363
BAD 809216120341
BAD 809216120393
BAD 809244330287
BAD 809244330289
BAD 809246783131
BAD 809249087033
BAD 809253101023
BAD 809280962153
BAD 809349881017
BAD 809352045079
BAD 809352045091
BAD 809291165581
BAD 809354172611
BAD 809354172673
BAD 809378146613
BAD 809568833693
BAD 809573512703
BAD 809573512861
BAD 809520239531
BAD 809520239533
BAD 809522290051
BAD 809501973047
BAD 809501973053
BAD 809552594371
BAD 809552594393
BAD 809552594419
BAD 809552594423
BAD 809552594429
BAD 809552594437
BAD 809552594441
BAD 809553372371
BAD 809589477239
BAD 809589477241
BAD 809560274077
BAD 809560274087
BAD 809560274093
BAD 809599271149
BAD 809612577043
BAD 809612577047
BAD 809612577049
BAD 809630837881
BAD 809463430073
BAD 809531589961
BAD 809651173063
BAD 809651173073
BAD 809532267473
BAD 809656396561
BAD 809656396589
BAD 809639612839
BAD 809642817817
BAD 809642817821
BAD 809642817827
BAD 809642817829
BAD 809468117729
BAD 809721057331
BAD 809541137837
BAD 809699821621
BAD 809543261011
BAD 809543261017
BAD 809680625993
BAD 809680626011
BAD 809709341327
BAD 809713308773
BAD 809751534443
BAD 809695866517
BAD 809737566907
BAD 809625793643
BAD 809744820011
BAD 809744820013
BAD 809744820023
BAD 809744820041
BAD 809744820043
BAD 809746753999
BAD 809487668813
BAD 809487966169
BAD 809487966173
BAD 809487966191
BAD 809487966193
BAD 809495475499
BAD 809495475517
BAD 809801705249
BAD 809802175297
BAD 809804441393
BAD 809804673599
BAD 809815307123
BAD 809815307131
BAD 809821238659
BAD 809821939411
BAD 809825288581
BAD 809831159167
BAD 809843125243
BAD 809843125253
BAD 809844440599
BAD 809846894123
BAD 809785602319
BAD 809792605373
BAD 809898869431
BAD 809927094373
BAD 809944826573
BAD 809945576579
BAD 809903271523
BAD 809666269067
BAD 809948728373
BAD 809897410163
BAD 809667240793
BAD 809670591707
BAD 809670591713
BAD 809769083701
BAD 809775163081
BAD 809775163111
BAD 809775163117
BAD 809778529759
BAD 809973684367
BAD 809973684371
BAD 809997385627
BAD 809997385633
BAD 809863255829
BAD 809954102663
BAD 809955628249
RANGE 800000000000 810000000000 PRIMES 364779115 BAD 1885
