BAD 650120669893
BAD 650321586781
BAD 650323268333
BAD 650126993003
BAD 650286194281
BAD 650051275043
BAD 650129761139
BAD 650245194601
BAD 650090236129
BAD 650130333709
BAD 650245839853
BAD 650092082669
BAD 650391627607
BAD 650249592739
BAD 650249592787
BAD 650097326581
BAD 650097326623
BAD 650097326653
BAD 650097332791
BAD 650398042061
BAD 650398419137
BAD 650256838339
BAD 650299012019
BAD 650299012021
BAD 650398845853
BAD 650398845869
BAD 650258775979
BAD 650258775983
BAD 650300792153
BAD 650401441873
BAD 650401917901
BAD 650064403033
BAD 650064434659
BAD 650261186401
BAD 650261873017
BAD 650035360043
BAD 650220844687
BAD 650221893187
BAD 650222185219
BAD 650037645623
BAD 650039033747
BAD 650039033753
BAD 650019661909
BAD 650156371763
BAD 650042408581
BAD 650021299273
BAD 650043757261
BAD 650227445531
BAD 650158746389
BAD 650229161867
BAD 650023223041
BAD 650135021981
BAD 650135021983
BAD 650135021989
BAD 650046561679
BAD 650229969271
BAD 650047271287
BAD 650048716259
BAD 650162154623
BAD 650026334341
BAD 650027851867
BAD 650027851883
BAD 650177313923
BAD 650178061279
BAD 650183477431
BAD 650183477443
BAD 650201437547
BAD 650302210837
BAD 650302710457
BAD 650107315679
BAD 650107315681
BAD 650107315727
BAD 650107315729
BAD 650107315733
BAD 650186116009
BAD 650209571177
BAD 650109412429
BAD 650109412441
BAD 650002738261
BAD 650002738267
BAD 650002738271
BAD 650306342999
BAD 650212428631
BAD 650212428667
BAD 650212428673
BAD 650212598821
BAD 650213001593
BAD 650009688941
BAD 650009688949
BAD 650009688953
BAD 650117204333
BAD 650374629649
BAD 650313654401
BAD 650196651079
BAD 650314593571
BAD 650013318853
BAD 650014835761
BAD 650014835773
BAD 650378605099
BAD 650200745669
BAD 650201262437
BAD 650079996883
BAD 650082161671
BAD 650383680319
BAD 650352436663
BAD 650352436709
BAD 650353442483
BAD 650385029339
BAD 650385029341
BAD 650357038847
BAD 650357038853
BAD 650360747479
BAD 650367173089
BAD 650271124163
BAD 650271124207
BAD 650271124219
BAD 650274140183
BAD 650274140213
BAD 650279516993
BAD 650279828521
BAD 650421183193
BAD 650421183197
BAD 650421183199
BAD 650423185969
BAD 650471925377
BAD 650471925379
BAD 650471925437
BAD 650473485773
BAD 650475593023
BAD 650475593071
BAD 650475593083
BAD 650476563643
BAD 650427890963
BAD 650481859129
BAD 650432563843
BAD 650498522701
BAD 650449966279
BAD 650508891091
BAD 650508891127
BAD 650508891217
BAD 650458443781
BAD 650458515937
BAD 650514044293
BAD 650515725229
BAD 650519694133
BAD 650465859247
BAD 650467109231
BAD 650404043251
BAD 650404043257
BAD 650405105351
BAD 650405105353
BAD 650541791611
BAD 650541791623
BAD 650544051049
BAD 650544051061
BAD 650409131389
BAD 650410201267
BAD 650552168843
BAD 650739375329
BAD 650616703973
BAD 650616879203
BAD 650740858021
BAD 650752908473
BAD 650554017979
BAD 650554018003
BAD 650554307261
BAD 650556277339
BAD 650561031091
BAD 650561031097
BAD 650565678229
BAD 650637710479
BAD 650639568157
BAD 650640354953
BAD 650641418281
BAD 650591010409
BAD 650591010437
BAD 650591010439
BAD 650570268053
BAD 650643098933
BAD 650643945703
BAD 650643945713
BAD 650644756087
BAD 650595585517
BAD 650595585527
BAD 650595718471
BAD 650673896533
BAD 650673896539
BAD 650676453773
BAD 650676453781
BAD 650676453787
BAD 650676453803
BAD 650677486243
BAD 650685948667
BAD 650772296039
BAD 650791992143
BAD 650783203423
BAD 650691140711
BAD 650783636809
BAD 650793994093
BAD 650787501713
BAD 650787501719
BAD 650787501739
BAD 650787501743
BAD 650795928697
BAD 650725830673
BAD 650570880793
BAD 650797367749
BAD 650726738153
BAD 650726738159
BAD 650758348703
BAD 650731489949
BAD 650761401937
BAD 650761401949
BAD 650702689621
BAD 650578307719
BAD 650735745173
BAD 650735812099
BAD 650656587019
BAD 650768144209
BAD 650657725079
BAD 650584257041
BAD 650769597941
BAD 650769597943
BAD 650769597953
BAD 650662335571
BAD 650662335601
BAD 650662335611
BAD 650662335613
BAD 650662335619
BAD 650669347849
BAD 650808050743
BAD 650843960029
BAD 650811993583
BAD 650811993589
BAD 650811993593
BAD 650858416199
BAD 650859125821
BAD 650867812883
BAD 650853899123
BAD 650853899131
BAD 650833338853
BAD 650835707419
BAD 650873388259
BAD 650874198181
BAD 650888959663
BAD 650906020469
BAD 650906020483
BAD 650917813759
BAD 650919174979
BAD 650920012681
BAD 650892788981
BAD 650892788983
BAD 650893890739
BAD 650897039281
BAD 650897860861
BAD 650898830597
BAD 650898830599
BAD 650898830633
BAD 650903149679
BAD 650904121033
BAD 650905505071
BAD 650943366349
BAD 650964463007
BAD 650953833169
BAD 650923316959
BAD 650924230921
BAD 650927506157
BAD 650930258617
BAD 650974433807
BAD 650935978037
BAD 650935978039
BAD 650976633389
BAD 651040919663
BAD 651040919671
BAD 651043778687
BAD 651043778689
BAD 650980790569
BAD 651046997903
BAD 651047593457
BAD 650982872521
BAD 650982872539
BAD 650982872543
BAD 651048319553
BAD 651049924403
BAD 651050306813
BAD 650986633051
BAD 651024776477
BAD 651025110301
BAD 651025110347
BAD 651025110349
BAD 651025110353
BAD 651025244719
BAD 651025244731
BAD 651025244741
BAD 651025244743
BAD 651052535053
BAD 651053160601
BAD 650989662517
BAD 651035237029
BAD 651035237077
BAD 651015561787
BAD 651015938593
BAD 651015938627
BAD 651015938633
BAD 651019191293
BAD 651038918659
BAD 651038918681
BAD 651038918701
BAD 650992246871
BAD 650992246873
BAD 650994438119
BAD 650994438121
BAD 650996517811
BAD 651066184687
BAD 651071989619
BAD 651071989621
BAD 651072643619
BAD 651174518999
BAD 651174519001
BAD 651174519031
BAD 651114773821
BAD 651187416353
BAD 651196605977
BAD 651196605979
BAD 651168158659
BAD 651085544539
BAD 651168490991
BAD 651190300309
BAD 651087892927
BAD 651171797077
BAD 651088697671
BAD 651099147557
BAD 651099147599
BAD 651201206603
BAD 651201206611
BAD 651173283479
BAD 651102331043
BAD 651103501283
BAD 651104397953
BAD 651106428233
BAD 651207688039
BAD 651207688139
BAD 651227442857
BAD 651260071129
BAD 651261164179
BAD 651233353879
BAD 651233353891
BAD 651264531079
BAD 651266882603
BAD 651208107091
BAD 651208107113
BAD 651273805411
BAD 651246417383
BAD 651246662887
BAD 651219829879
BAD 651221227219
BAD 651251967143
BAD 651257997259
BAD 651257997263
BAD 651281266133
BAD 651282710723
BAD 651302114401
BAD 651309756553
BAD 651312775651
BAD 651314511803
BAD 651306269773
BAD 651307540171
BAD 651321374849
BAD 651322810849
BAD 651327076403
BAD 651330452209
BAD 651333960317
BAD 651333960323
BAD 651335553019
BAD 651335553023
BAD 651339097483
BAD 651339139823
BAD 651340925051
BAD 651426662329
BAD 651427430713
BAD 651342435239
BAD 651342435241
BAD 651343790633
BAD 651345296761
BAD 651355689703
BAD 651409633309
BAD 651412053601
BAD 651414708083
BAD 651449779171
BAD 651405072013
BAD 651405293093
BAD 651377068819
BAD 651452085541
BAD 651387718889
BAD 651387718909
BAD 651390645091
BAD 651365642131
BAD 651370641323
BAD 651468835583
BAD 651475697287
BAD 651531524201
BAD 651536842223
BAD 651582898669
BAD 651662803021
BAD 651627977353
BAD 651627977359
BAD 651634630523
BAD 651634630531
BAD 651646521473
BAD 651647577887
BAD 651672961637
BAD 651672961679
BAD 651678941269
BAD 651678941279
BAD 651678941281
BAD 651593431949
BAD 651637756043
BAD 651676292521
BAD 651638719709
BAD 651651821773
BAD 651677057609
BAD 651677057611
BAD 651677057623
BAD 651640480793
BAD 651642665981
BAD 651642665983
BAD 651656326421
BAD 651688907003
BAD 651689383159
BAD 651493509857
BAD 651493509859
BAD 651493720349
BAD 651493720351
BAD 651497748137
BAD 651499104709
BAD 651500240249
BAD 651505332833
BAD 651594129763
BAD 651477349529
BAD 651477349531
BAD 651478092973
BAD 651478488013
BAD 651561140701
BAD 651561140707
BAD 651561600427
BAD 651600221093
BAD 651601542983
BAD 651484355143
BAD 651570240173
BAD 651570520501
BAD 651543923011
BAD 651543923021
BAD 651611197733
BAD 651611592439
BAD 651611592559
BAD 651604736483
BAD 651572879693
BAD 651613636879
BAD 651550307743
BAD 651519670003
BAD 651526605503
BAD 651526605511
BAD 651731607421
BAD 651734056343
BAD 651742954783
BAD 651713687717
BAD 651713687719
BAD 651765752227
BAD 651765967247
BAD 651765967249
BAD 651765967253
BAD 651812334487
BAD 651812334499
BAD 651782407651
BAD 651782407657
BAD 651798105743
BAD 651824838887
BAD 651803150363
BAD 651775287907
BAD 651775287913
BAD 651776149153
BAD 651832094077
BAD 651809462033
BAD 651809462041
BAD 651809462047
BAD 651834442163
BAD 651850708849
BAD 651850708853
BAD 651863250559
BAD 651841730299
BAD 651760404709
BAD 651865327051
BAD 651761561641
BAD 651856111691
BAD 651856111693
BAD 651844619743
BAD 651873353723
BAD 651876588007
BAD 651701902781
BAD 651701902783
BAD 651710065789
BAD 651710121541
BAD 651711242341
BAD 651947008529
BAD 651950738449
BAD 651959232671
BAD 651959232707
BAD 651959232709
BAD 651959290403
BAD 651963886633
BAD 651905231437
BAD 651961943543
BAD 651935483791
BAD 651881222813
BAD 651935789423
BAD 651935789431
BAD 651969747703
BAD 651969747721
BAD 651915870061
BAD 651912376237
BAD 651942193849
BAD 651942193853
BAD 651942428257
BAD 651942428261
BAD 651888786841
BAD 651888786853
BAD 651977954939
BAD 651977954941
BAD 651890909611
BAD 651894602917
BAD 651894602923
BAD 651894602971
BAD 652074825187
BAD 652077698267
BAD 652077698269
BAD 652077698273
BAD 652077698281
BAD 652097494141
BAD 652097494151
BAD 652099069639
BAD 652099069679
BAD 652099069681
BAD 652106251099
BAD 652106251133
BAD 651985844011
BAD 651985844017
BAD 651986585543
BAD 652049357573
BAD 652115207179
BAD 651988097113
BAD 652111592863
BAD 651988870067
BAD 651988870069
BAD 651988870073
BAD 652116273709
BAD 652116273713
BAD 652053533507
BAD 651991338709
BAD 652000892617
BAD 652000892623
BAD 652003477913
BAD 652003477927
BAD 652003477933
BAD 652003477943
BAD 651994934659
BAD 651994934671
BAD 652057212239
BAD 652057212241
BAD 652122053747
BAD 652122053749
BAD 652122053777
BAD 652122452087
BAD 652124144699
BAD 652080735703
BAD 652080901793
BAD 652038942073
BAD 652038942077
BAD 652039333763
BAD 652039333769
BAD 652082322139
BAD 652082940547
BAD 652083491071
BAD 652083491077
BAD 652083491083
BAD 652040711149
BAD 652013114359
BAD 652129402849
BAD 652129705897
BAD 652166409449
BAD 652166409451
BAD 652198938023
BAD 652198938029
BAD 652198938031
BAD 652202495183
BAD 652202609923
BAD 652202609941
BAD 652171847029
BAD 652171847071
BAD 652172165207
BAD 652172165209
BAD 652216411043
BAD 652205169127
BAD 652174880963
BAD 652178327743
BAD 652234421327
BAD 652019287649
BAD 652019287651
BAD 652238999231
BAD 652238999233
BAD 652239637669
BAD 652022740081
BAD 652155888779
BAD 652155888781
BAD 652024475903
BAD 652134021299
BAD 652135271941
BAD 652027005857
BAD 652160331863
BAD 652138231793
BAD 652143215267
BAD 652252842863
BAD 652252842869
BAD 652254672137
BAD 652254672143
BAD 652256170583
BAD 652256170589
BAD 652256170591
BAD 652261551133
BAD 652261551143
BAD 652261816081
BAD 652365663049
BAD 652368071753
BAD 652370434277
BAD 652370533091
BAD 652316971783
BAD 652268764969
BAD 652282339913
BAD 652321209973
BAD 652271969131
BAD 652272811783
BAD 652378933573
BAD 652356778399
BAD 652356778459
BAD 652276500901
BAD 652325872493
BAD 652327376893
BAD 652327932769
BAD 652359922741
BAD 652328738029
BAD 652279953239
BAD 652279953253
BAD 652329012107
BAD 652329012109
BAD 652291549123
BAD 652292949901
BAD 652292949907
BAD 652292949923
BAD 652295525213
BAD 652345816279
BAD 652300701113
BAD 652301631931
BAD 652304152127
BAD 652310732897
BAD 652311147113
BAD 652383454381
BAD 652503070291
BAD 652509668677
BAD 652512095393
BAD 652512249353
BAD 652469172169
BAD 652472271989
BAD 652472271991
BAD 652569450187
BAD 652571252341
BAD 652571252371
BAD 652534474261
BAD 652538179763
BAD 652539825383
BAD 652539825391
BAD 652539825409
BAD 652540218443
BAD 652577430653
BAD 652578014513
BAD 652578296017
BAD 652578296021
BAD 652578296023
BAD 652616781629
BAD 652616781631
BAD 652617091039
BAD 652617091043
BAD 652544494661
BAD 652544494663
BAD 652635086821
BAD 652548433921
BAD 652549869163
BAD 652640114437
BAD 652527966599
BAD 652529839699
BAD 652647879217
BAD 652648002529
BAD 652648002533
BAD 652533003449
BAD 652650302341
BAD 652650302351
BAD 652556536609
BAD 652557102647
BAD 652684827097
BAD 652684827101
BAD 652684827103
BAD 652684827107
BAD 652685349499
BAD 652685936537
BAD 652558870643
BAD 652671096263
BAD 652672383383
BAD 652673530849
BAD 652698178991
BAD 652698178997
BAD 652698178999
BAD 652678414573
BAD 652679199259
BAD 652683234653
BAD 652683234659
BAD 652683252401
BAD 652402088423
BAD 652449974179
BAD 652451356903
BAD 652704107287
BAD 652452418489
BAD 652453419133
BAD 652706048419
BAD 652706473739
BAD 652453570709
BAD 652453570711
BAD 652413345197
BAD 652413345239
BAD 652413345247
BAD 652420928581
BAD 652658802227
BAD 652713730283
BAD 652660903487
BAD 652715296823
BAD 652662501859
BAD 652662902131
BAD 652620059957
BAD 652463960671
BAD 652427653523
BAD 652435216273
BAD 652624285043
BAD 652436989147
BAD 652734857041
BAD 652438588231
BAD 652438588267
BAD 652736984941
BAD 652736984959
BAD 652627039741
BAD 652583834269
BAD 652628231093
BAD 652584194287
BAD 652584194291
BAD 652584194293
BAD 652628596729
BAD 652628596733
BAD 652631638699
BAD 652443741679
BAD 652742008999
BAD 652742921527
BAD 652742921539
BAD 652742984657
BAD 652742984659
BAD 652742984681
BAD 652742984683
BAD 652588329527
BAD 652588329529
BAD 652588329539
BAD 652588329541
BAD 652744483249
BAD 652745829943
BAD 652746286019
BAD 652746321653
BAD 652591735027
BAD 652448113589
BAD 652448113591
BAD 652593797833
BAD 652593797839
BAD 652596262333
BAD 652598291581
BAD 652598291591
BAD 652720632821
BAD 652721265761
BAD 652721265769
BAD 652721265773
BAD 652722873017
BAD 652724078603
BAD 652730719877
BAD 652732143703
BAD 652732143709
BAD 652757416903
BAD 652757859571
BAD 652759133251
BAD 652762117009
BAD 652781688553
BAD 652781688557
BAD 652784168693
BAD 652784430677
BAD 652784430679
BAD 652788184273
BAD 652803264623
BAD 652810973569
BAD 652814190073
BAD 652819071733
BAD 652820637971
BAD 652820637979
BAD 652870706881
BAD 652834308923
BAD 652834498577
BAD 652834498579
BAD 652834498583
BAD 652834935031
BAD 652874160977
BAD 652836855457
BAD 652838204783
BAD 652838204789
BAD 652877942371
BAD 652841221849
BAD 652841221853
BAD 652889546171
BAD 652889546173
BAD 652883104697
BAD 652883381093
BAD 652890694741
BAD 652852989263
BAD 652893428063
BAD 652893428069
BAD 652893428071
BAD 652847954419
BAD 652847954431
BAD 652849270561
BAD 652849672529
BAD 652895648303
BAD 652857561287
BAD 652857561289
BAD 652857561451
BAD 652857561457
BAD 652863627049
BAD 652864120943
BAD 652865875507
BAD 652903197473
BAD 652906104359
BAD 652906234681
BAD 652960128451
BAD 653106971953
BAD 652923425131
BAD 652923425137
BAD 652963641787
BAD 652963641791
BAD 652963641793
BAD 652964294419
BAD 652937922397
BAD 652924854433
BAD 652938247261
BAD 652938247267
BAD 652915400671
BAD 653109059963
BAD 653109059971
BAD 652929178669
BAD 652929178673
BAD 652932228757
BAD 652932228761
BAD 652946856631
BAD 652947572371
BAD 653003573707
BAD 653003573711
BAD 653003573713
BAD 652986947189
BAD 652986947191
BAD 652989268523
BAD 652989957833
BAD 653006379097
BAD 652990687411
BAD 653008165981
BAD 652994405363
BAD 652994405383
BAD 652995364951
BAD 652995365101
BAD 652978314119
BAD 652978314133
BAD 652978314143
BAD 653010711433
BAD 652997852053
BAD 652997852063
BAD 652998338081
BAD 652981797163
BAD 653013795919
BAD 653013796031
BAD 653001740891
BAD 653001740893
BAD 653036920079
BAD 652986015023
BAD 653016758591
BAD 653016758593
BAD 653042101213
BAD 653042652343
BAD 653047021267
BAD 653051731561
BAD 653087611313
BAD 653063672753
BAD 653087890789
BAD 653027638013
BAD 653030450143
BAD 653067796463
BAD 653031505283
BAD 653079364243
BAD 653096795111
BAD 653097910417
BAD 653085399409
BAD 653103157523
BAD 653137507079
BAD 653137507081
BAD 653138306449
BAD 653138306453
BAD 653151204883
BAD 653163324313
BAD 653120720143
BAD 653169644749
BAD 653169644783
BAD 653170108193
BAD 653123603623
BAD 653125832423
BAD 653131756687
BAD 653133315199
BAD 653209756799
BAD 653216261741
BAD 653216261783
BAD 653218795793
BAD 653221390841
BAD 653229316591
BAD 653229616057
BAD 653229616063
BAD 653174171053
BAD 653174171057
BAD 653174269861
BAD 653233429679
BAD 653236771409
BAD 653236771441
BAD 653180557787
BAD 653194646371
BAD 653194646389
BAD 653194771597
BAD 653196078617
BAD 653185447939
BAD 653373980603
BAD 653376366679
BAD 653376366683
BAD 653358772501
BAD 653358772531
BAD 653322923479
BAD 653322923509
BAD 653256144001
BAD 653323232699
BAD 653323232701
BAD 653256783871
BAD 653256783877
BAD 653256783887
BAD 653256783889
BAD 653256783899
BAD 653256783901
BAD 653384293511
BAD 653384293531
BAD 653384293537
BAD 653258388733
BAD 653327627507
BAD 653327627509
BAD 653327627527
BAD 653327627531
BAD 653327627543
BAD 653259745163
BAD 653259865681
BAD 653259865733
BAD 653366872859
BAD 653366872861
BAD 653260641829
BAD 653260641833
BAD 653265151883
BAD 653265151967
BAD 653265151969
BAD 653291986189
BAD 653269437157
BAD 653269560421
BAD 653269560431
BAD 653241168893
BAD 653241607339
BAD 653246950597
BAD 653247907343
BAD 653303017613
BAD 653445520999
BAD 653445521063
BAD 653272250509
BAD 653252143031
BAD 653253034327
BAD 653253034339
BAD 653277488077
BAD 653277488093
BAD 653313309221
BAD 653313309223
BAD 653313309227
BAD 653453039507
BAD 653453039509
BAD 653474447287
BAD 653280976097
BAD 653280976099
BAD 653474669593
BAD 653343662141
BAD 653480193229
BAD 653480627819
BAD 653481547573
BAD 653346410323
BAD 653346410357
BAD 653346410359
BAD 653389650241
BAD 653389650247
BAD 653405923813
BAD 653392083403
BAD 653407038797
BAD 653407360187
BAD 653407360189
BAD 653407360219
BAD 653407360223
BAD 653422616191
BAD 653423129179
BAD 653415755221
BAD 653401939207
BAD 653402748461
BAD 653402748463
BAD 653402748469
BAD 653405396563
BAD 653466683893
BAD 653436604969
BAD 653436604973
BAD 653438358883
BAD 653438358901
BAD 653438358907
BAD 653502938707
BAD 653502938713
BAD 653544666787
BAD 653545469063
BAD 653507228629
BAD 653508467723
BAD 653551223729
BAD 653551223737
BAD 653511425899
BAD 653555680007
BAD 653512265723
BAD 653515834379
BAD 653515834381
BAD 653516063311
BAD 653521755239
BAD 653521755241
BAD 653525083283
BAD 653526578899
BAD 653526578911
BAD 653531436473
BAD 653532784591
BAD 653533041949
BAD 653533978483
BAD 653534240363
BAD 653536645441
BAD 653537212621
BAD 653538324793
BAD 653560470863
BAD 653565312277
BAD 653571259147
BAD 653571259199
BAD 653593975927
BAD 653577538111
BAD 653606689823
BAD 653629928243
BAD 653584992251
BAD 653586235103
BAD 653586235111
BAD 653632665481
BAD 653632665487
BAD 653632665493
BAD 653587352029
BAD 653588343409
BAD 653589293999
BAD 653638193239
BAD 653638193251
BAD 653680877063
BAD 653680877089
BAD 653708428729
BAD 653708428733
BAD 653641507763
BAD 653711022589
BAD 653711022593
BAD 653686591739
BAD 653658364361
BAD 653687758783
BAD 653645609663
BAD 653648979523
BAD 653648979637
BAD 653648986567
BAD 653811701797
BAD 653666367799
BAD 653722825421
BAD 653832510013
BAD 653670919417
BAD 653671629913
BAD 653842837493
BAD 653820450859
BAD 653820450869
BAD 653614139641
BAD 653614139653
BAD 653844854029
BAD 653619347701
BAD 653848453351
BAD 653849736443
BAD 653877434731
BAD 653803438459
BAD 653804007907
BAD 653804007919
BAD 653881670879
BAD 653881670881
BAD 653881670887
BAD 653805008723
BAD 653805104363
BAD 653805516433
BAD 653857987051
BAD 653857987067
BAD 653885684773
BAD 653791168727
BAD 653791168729
BAD 653697623143
BAD 653697733373
BAD 653697991763
BAD 653697991831
BAD 653763101657
BAD 653763101659
BAD 653703230129
BAD 653703533573
BAD 653703533579
BAD 653704192019
BAD 653704192021
BAD 653705059201
BAD 653705059331
BAD 653705059333
BAD 653705059339
BAD 653706180793
BAD 653742059329
BAD 653756663453
BAD 653757409187
BAD 653757409189
BAD 653867862103
BAD 653867931097
BAD 653871662687
BAD 653910634777
BAD 653910701057
BAD 653910701083
BAD 653910701089
BAD 653896269863
BAD 653913342169
BAD 653913960023
BAD 653960355193
BAD 653969149681
BAD 653973013531
BAD 653973013537
BAD 653973013541
BAD 653973013543
BAD 653973214381
BAD 653974140373
BAD 653941817629
BAD 653945015137
BAD 653947972463
BAD 653955336037
BAD 653956650931
BAD 653986373927
BAD 653986460441
BAD 653986460443
BAD 654007245917
BAD 653992276999
BAD 653992277011
BAD 654016045061
BAD 654016045063
BAD 654016045069
BAD 654016045073
BAD 654017145391
BAD 654019970467
BAD 654021668959
BAD 654077284297
BAD 654180006721
BAD 654180006737
BAD 654061754329
BAD 654080890447
BAD 654182949293
BAD 654099766843
BAD 654070651699
BAD 654088428233
BAD 654088428239
BAD 654191541571
BAD 654192880241
BAD 654108809881
BAD 654045626281
BAD 654045626287
BAD 654045626291
BAD 654045626293
BAD 654162408817
BAD 654048248621
BAD 654154889683
BAD 654167745113
BAD 654167745131
BAD 654167745139
BAD 654154931491
BAD 654154931497
BAD 654115661281
BAD 654117028031
BAD 654117807883
BAD 654171745681
BAD 654120738421
BAD 654176680523
BAD 654057697067
BAD 654058010341
BAD 654059834741
BAD 654232598827
BAD 654233477873
BAD 654235159241
BAD 654235159273
BAD 654236061533
BAD 654237197617
BAD 654237476569
BAD 654237476573
BAD 654239010083
BAD 654239010091
BAD 654239010097
BAD 654127866593
BAD 654241544147
BAD 654134565901
BAD 654136061653
BAD 654136486321
BAD 654196658491
BAD 654196658503
BAD 654199530727
BAD 654221642749
BAD 654204416573
BAD 654248877329
BAD 654208320151
BAD 654208908571
BAD 654209112923
BAD 654209925157
BAD 654257585483
BAD 654043206857
BAD 654278994571
BAD 654284062309
BAD 654284062319
BAD 654284062321
BAD 654289469881
BAD 654289469887
BAD 654289469893
BAD 654262845917
BAD 654262845967
BAD 654262977037
BAD 654263097931
BAD 654263097953
BAD 654264906709
BAD 654269168513
BAD 654269168521
BAD 654269818801
BAD 654272233793
BAD 654272479339
BAD 654274476979
BAD 654274476983
BAD 654276860071
BAD 654337899013
BAD 654337899043
BAD 654337899121
BAD 654337899133
BAD 654302916623
BAD 654302916629
BAD 654304450057
BAD 654342274897
BAD 654342274903
BAD 654342274973
BAD 654344239039
BAD 654309716017
BAD 654309716041
BAD 654310035773
BAD 654310378951
BAD 654311718211
BAD 654348778151
BAD 654353544307
BAD 654316004821
BAD 654316004833
BAD 654316687621
BAD 654317141789
BAD 654317141791
BAD 654366346331
BAD 654366346339
BAD 654367146319
BAD 654368300461
BAD 654370728769
BAD 654370728779
BAD 654372093163
BAD 654377364007
BAD 654381928441
BAD 654384307501
BAD 654384524767
BAD 654390964663
BAD 654392594423
BAD 654396720319
BAD 654396720323
BAD 654410281381
BAD 654410281403
BAD 654412355851
BAD 654445967573
BAD 654449743069
BAD 654451801909
BAD 654433474003
BAD 654435045899
BAD 654454975987
BAD 654454975991
BAD 654456977039
BAD 654437128823
BAD 654459936007
BAD 654441227057
BAD 654441227059
BAD 654442657523
BAD 654469585969
BAD 654470464033
BAD 654418080109
BAD 654419987051
BAD 654425258423
BAD 654425258437
BAD 654425258489
BAD 654426491447
BAD 654426491449
BAD 654426491461
BAD 654565144351
BAD 654566294273
BAD 654566294287
BAD 654566294293
BAD 654566294311
BAD 654569273563
BAD 654577981229
BAD 654577981231
BAD 654654339953
BAD 654654339973
BAD 654502402823
BAD 654583951127
BAD 654583951129
BAD 654510386449
BAD 654546961709
BAD 654546961711
BAD 654536494357
BAD 654512166829
BAD 654587715503
BAD 654587715533
BAD 654537589711
BAD 654537589721
BAD 654549521797
BAD 654549521807
BAD 654549521809
BAD 654590911789
BAD 654541050203
BAD 654483494453
BAD 654483494491
BAD 654542702003
BAD 654554278897
BAD 654667011787
BAD 654544179857
BAD 654544179859
BAD 654668258533
BAD 654669001397
BAD 654487366171
BAD 654489162799
BAD 654489676441
BAD 654673521659
BAD 654673521661
BAD 654673521673
BAD 654673521683
BAD 654492651203
BAD 654679030613
BAD 654701506939
BAD 654514129343
BAD 654514129369
BAD 654516098843
BAD 654707669089
BAD 654707918611
BAD 654708386011
BAD 654708386029
BAD 654517965869
BAD 654709566283
BAD 654709813753
BAD 654711688513
BAD 654521622823
BAD 654734923441
BAD 654630942331
BAD 654631966279
BAD 654737406787
BAD 654636085489
BAD 654637298839
BAD 654746353073
BAD 654641285047
BAD 654641285069
BAD 654641285071
BAD 654597707611
BAD 654598129553
BAD 654644715841
BAD 654645522019
BAD 654629465779
BAD 654629465843
BAD 654629465849
BAD 654606794783
BAD 654607950559
BAD 654611710243
BAD 654681273563
BAD 654682456471
BAD 654686289053
BAD 654686289067
BAD 654688385209
BAD 654717894847
BAD 654691000903
BAD 654695452207
BAD 654695761547
BAD 654695761549
BAD 654724611523
BAD 654724880189
BAD 654730687883
BAD 654730687913
BAD 654780846439
BAD 654784220053
BAD 654784220063
BAD 654815080427
BAD 654815080429
BAD 654815080433
BAD 654753741899
BAD 654821736113
BAD 654753915421
BAD 654824458853
BAD 654827402809
BAD 654827447237
BAD 654800498293
BAD 654804034763
BAD 654808422409
BAD 654808422413
BAD 654811552763
BAD 654891758177
BAD 654891758179
BAD 654911075701
BAD 654867876391
BAD 654871222969
BAD 654876660679
BAD 654956661707
BAD 654956661713
BAD 654965272583
BAD 654851240867
BAD 654851240873
BAD 654966555151
BAD 654966555169
BAD 654969714307
BAD 654922335763
BAD 654972280751
BAD 654923917793
BAD 655033894079
BAD 655033894087
BAD 655033894091
BAD 655033894093
BAD 655018102399
BAD 654988756349
BAD 654988999129
BAD 655036120031
BAD 654862623497
BAD 654976279817
BAD 654976279819
BAD 654976279823
BAD 654976279831
BAD 654977502947
BAD 655021331389
BAD 654940624913
BAD 655042922371
BAD 655050812113
BAD 654997550071
BAD 654997550083
BAD 654942269731
BAD 654942269777
BAD 654999320527
BAD 654999320561
BAD 654944258281
BAD 655092425633
BAD 655053743039
BAD 655053743041
BAD 654833637761
BAD 654833637763
BAD 654834796313
BAD 655003610357
BAD 655059935161
BAD 655097519641
BAD 655098709063
BAD 654841751041
BAD 655011364757
BAD 655011364759
BAD 655011364789
BAD 655013661949
BAD 655074320543
BAD 655074320557
BAD 655076966287
BAD 655137981653
BAD 655111218271
BAD 655139211313
BAD 655139211317
BAD 655141768793
BAD 655114892017
BAD 655144803553
BAD 655125007403
BAD 655125007409
BAD 655125007423
BAD 655125007429
BAD 655221664681
BAD 655222642447
BAD 655159005863
BAD 655222852621
BAD 655228211003
BAD 655165344289
BAD 655230479009
BAD 655171815637
BAD 655173784337
BAD 655173784339
BAD 655176475579
BAD 655179630383
BAD 655476928879
BAD 655539323911
BAD 655541310191
BAD 655186388453
BAD 655186388477
BAD 655188620629
BAD 655188620633
BAD 655548133993
BAD 655190367079
BAD 655195421147
BAD 655195421149
BAD 655200912973
BAD 655386736051
BAD 655390572803
BAD 655390650883
BAD 655391863253
BAD 655201408793
BAD 655201486369
BAD 655204972223
BAD 655204972229
BAD 655204972231
BAD 655421403787
BAD 655303604119
BAD 655303699291
BAD 655303876729
BAD 655422014627
BAD 655399190497
BAD 655207416469
BAD 655207416533
BAD 655207416541
BAD 655207416547
BAD 655353197399
BAD 655354041007
BAD 655324609139
BAD 655324609141
BAD 655402131287
BAD 655402131289
BAD 655402131301
BAD 655357335053
BAD 655311194119
BAD 655359642103
BAD 655312503887
BAD 655432825457
BAD 655432825459
BAD 655432825469
BAD 655432825471
BAD 655313126047
BAD 655361017403
BAD 655329537241
BAD 655285348763
BAD 655433346877
BAD 655433346881
BAD 655362867637
BAD 655434835519
BAD 655375620013
BAD 655375822021
BAD 655375822063
BAD 655317551689
BAD 655318305233
BAD 655379419243
BAD 655379419291
BAD 655379419297
BAD 655490332339
BAD 655490332349
BAD 655402387799
BAD 655402387807
BAD 655368635161
BAD 655403659763
BAD 655263660439
BAD 655385008519
BAD 655407349769
BAD 655407349771
BAD 655495475993
BAD 655495476023
BAD 655266201547
BAD 655413631441
BAD 655413631451
BAD 655413631519
BAD 655268546171
BAD 655268546173
BAD 655414536487
BAD 655237339223
BAD 655270607839
BAD 655270607843
BAD 655270607863
BAD 655336876763
BAD 655336876771
BAD 655241919263
BAD 655245702451
BAD 655245702457
BAD 655276983797
BAD 655276983799
BAD 655277017333
BAD 655277017337
BAD 655279625971
BAD 655280244533
BAD 655280244569
BAD 655280244571
BAD 655345395503
BAD 655249905881
BAD 655249905883
BAD 655281956107
BAD 655441650571
BAD 655446203569
BAD 655504788293
BAD 655504788307
BAD 655504788311
BAD 655510676099
BAD 655510676101
BAD 655512529439
BAD 655638413723
BAD 655638702013
BAD 655638894949
BAD 655638894961
BAD 655643673809
BAD 655570412201
BAD 655574309431
BAD 655647843181
BAD 655647843187
BAD 655775301679
BAD 655839952111
BAD 655776871823
BAD 655776921353
BAD 655776921361
BAD 655844991961
BAD 655844994923
BAD 655848977401
BAD 655784012033
BAD 655738708883
BAD 655521775091
BAD 655744130053
BAD 655605697871
BAD 655605865933
BAD 655607005919
BAD 655746629807
BAD 655607755051
BAD 655527792629
BAD 655527792631
BAD 655527792643
BAD 655611765407
BAD 655611765409
BAD 655612375883
BAD 655705984963
BAD 655754117539
BAD 655723108987
BAD 655706423663
BAD 655706423677
BAD 655706423693
BAD 655706423699
BAD 655615087327
BAD 655563414661
BAD 655618446751
BAD 655618446761
BAD 655712625811
BAD 655756871719
BAD 655756871723
BAD 655757096347
BAD 655716188563
BAD 655716237019
BAD 655569625141
BAD 655734244579
BAD 655759717199
BAD 655759717201
BAD 655856323553
BAD 655857381637
BAD 655720675739
BAD 655720675741
BAD 655822599533
BAD 655822599581
BAD 655825244881
BAD 655898622479
BAD 655898622481
BAD 655828536287
BAD 655828536289
BAD 655676728507
BAD 655870635067
BAD 655870635073
BAD 655834330933
BAD 655654846351
BAD 655655827283
BAD 655838092223
BAD 655684349563
BAD 655685005567
BAD 655685017261
BAD 655685017289
BAD 655658138809
BAD 655662952853
BAD 655662952859
BAD 655663996333
BAD 655664718067
BAD 655664718073
BAD 655664718077
BAD 655664718083
BAD 655692174209
BAD 655692174211
BAD 655693810253
BAD 655693810273
BAD 655667898199
BAD 655667898217
BAD 655696482271
BAD 655812850603
BAD 655699190617
BAD 655625732453
BAD 655596113023
BAD 655596113033
BAD 655626473011
BAD 655816306307
BAD 655816306309
BAD 655702855831
BAD 655798975411
BAD 655601926381
BAD 655802089057
BAD 655802360419
BAD 655634605607
BAD 655634605609
BAD 655634605627
BAD 655634605631
BAD 655634605649
BAD 655634605651
BAD 655634605657
BAD 655876605031
BAD 655880234297
BAD 655880234299
BAD 655880234311
BAD 655886888417
BAD 655913729813
BAD 655916095031
BAD 655916095033
BAD 655916095039
BAD 655925412643
BAD 655925412661
BAD 655925949257
BAD 655936878383
BAD 655936878391
BAD 655936878397
BAD 655941064663
BAD 655942793291
BAD 655942793293
BAD 655990538323
BAD 655990538327
BAD 655946812771
BAD 655973667289
BAD 655951365569
BAD 655951365571
BAD 655975455203
BAD 655953623527
BAD 655978606429
BAD 655979753929
BAD 655981690547
BAD 655981690549
BAD 656006726651
BAD 656006726653
BAD 656006726657
BAD 656007934951
BAD 656012161603
BAD 656012161613
BAD 656012161619
BAD 656091544049
BAD 656091544051
BAD 656091544057
BAD 656258066869
BAD 656259547973
BAD 656261879111
BAD 656261879113
BAD 656262251069
BAD 656262251077
BAD 656262466513
BAD 656262466547
BAD 656262466549
BAD 656263578857
BAD 656102346593
BAD 656266397671
BAD 656268003877
BAD 656270806661
BAD 656270806663
BAD 656273825513
BAD 655958435911
BAD 655958435941
BAD 655958435947
BAD 655958435953
BAD 656125656091
BAD 656176503137
BAD 656125656107
BAD 656176503139
BAD 656176503187
BAD 656056580017
BAD 656164200481
BAD 656185446289
BAD 656185446313
BAD 656062203997
BAD 656136599801
BAD 656136599803
BAD 656107130251
BAD 656107130257
BAD 656107709503
BAD 656107709507
BAD 656108112323
BAD 656108112329
BAD 656188935379
BAD 656110398767
BAD 656069789561
BAD 656069789563
BAD 656113984193
BAD 656115208687
BAD 656115208691
BAD 656115294139
BAD 656115294143
BAD 656151759101
BAD 656151759103
BAD 656151980233
BAD 656071776959
BAD 656071776961
BAD 656117594393
BAD 656073073483
BAD 656155464571
BAD 656228093641
BAD 656212436227
BAD 656212436251
BAD 656215090603
BAD 656026935799
BAD 656026935803
BAD 656027972333
BAD 656293679903
BAD 656218673603
BAD 656218673609
BAD 656197787899
BAD 656031642197
BAD 656031642199
BAD 656032213181
BAD 656032213183
BAD 656032213189
BAD 656246469037
BAD 656246469049
BAD 656199553489
BAD 656201120989
BAD 656299604651
BAD 656087548339
BAD 656250221779
BAD 656087876921
BAD 656087876923
BAD 656088424307
BAD 656088424309
BAD 656252455403
BAD 656305816043
BAD 656253417797
BAD 656279818177
BAD 656256276521
BAD 656256276553
BAD 656256276563
BAD 656256276569
BAD 656322261193
BAD 656323874963
BAD 656324337751
BAD 656376816023
BAD 656386954823
BAD 656387143697
BAD 656387143703
BAD 656388507857
BAD 656327083999
BAD 656333289331
BAD 656344667543
BAD 656335525201
BAD 656367174301
BAD 656369222633
BAD 656369985811
BAD 656349847697
BAD 656371595647
BAD 656353812911
BAD 656353812913
BAD 656373976009
BAD 656409176519
BAD 656355782041
BAD 656411166353
BAD 656411486683
BAD 656411486693
BAD 656425930703
BAD 656394446951
BAD 656425388323
BAD 656401002637
BAD 656435392919
BAD 656437316239
BAD 656450650847
BAD 656407935529
BAD 656408690569
BAD 656408690573
BAD 656408690579
BAD 656458574311
BAD 656510888797
BAD 656526420397
BAD 656526420401
BAD 656565230333
BAD 656527656091
BAD 656567426759
BAD 656567426761
BAD 656567426771
BAD 656567426773
BAD 656513661347
BAD 656513661383
BAD 656568313579
BAD 656568313613
BAD 656568313663
BAD 656568313679
BAD 656467830947
BAD 656569403071
BAD 656569403117
BAD 656569403123
BAD 656569403129
BAD 656570886019
BAD 656544331613
BAD 656544331657
BAD 656571903737
BAD 656571903739
BAD 656472337621
BAD 656484282133
BAD 656484282149
BAD 656484282151
BAD 656484282163
BAD 656484282173
BAD 656484282203
BAD 656537087243
BAD 656540506639
BAD 656501227279
BAD 656487946547
BAD 656525395787
BAD 656525395789
BAD 656559213413
BAD 656559213419
BAD 656559213421
BAD 656595103883
BAD 656598996217
BAD 656646990403
BAD 656631684437
BAD 656631684439
BAD 656631908143
BAD 656580742709
BAD 656580742711
BAD 656580742717
BAD 656603971259
BAD 656671463821
BAD 656671463893
BAD 656651944463
BAD 656584413119
BAD 656584413127
BAD 656608229989
BAD 656639673223
BAD 656639673247
BAD 656659411591
BAD 656677693733
BAD 656677953797
BAD 656717332553
BAD 656717332561
BAD 656717332591
BAD 656717588453
BAD 656699898863
BAD 656705163661
BAD 656705984273
BAD 656705984281
BAD 656705984287
BAD 656693730409
BAD 656693730527
BAD 656693730529
BAD 656693730533
BAD 656693730653
BAD 656613505733
BAD 656618833379
BAD 656730651893
BAD 656744316001
BAD 656781613141
BAD 656782445329
BAD 656790888503
BAD 656790888511
BAD 656792185099
BAD 656818369733
BAD 656818369769
BAD 656818369771
BAD 656818369789
BAD 656820153281
BAD 656823510883
BAD 656848156103
BAD 656825891903
BAD 656826220951
BAD 656849675959
BAD 656879384531
BAD 656879384533
BAD 656879384537
BAD 656827136881
BAD 656827136899
BAD 656850842311
BAD 656850842317
BAD 656851609969
BAD 656852723543
BAD 656882860891
BAD 656882860897
BAD 656882860903
BAD 656882860943
BAD 656856249263
BAD 656889739613
BAD 656890347979
BAD 656890347983
BAD 656890347989
BAD 656890347991
BAD 656890468123
BAD 656860087231
BAD 656965027583
BAD 656965676729
BAD 656931975263
BAD 656966846647
BAD 656967622783
BAD 657064974913
BAD 656969523719
BAD 656970741751
BAD 657068837617
BAD 656979219167
BAD 656979219187
BAD 657075727943
BAD 657075727949
BAD 657075727951
BAD 657079501913
BAD 657079501921
BAD 657079501927
BAD 656803246459
BAD 656803246471
BAD 656803246481
BAD 656803246483
BAD 656803246501
BAD 656761323353
BAD 656761898593
BAD 656765219503
BAD 656765219507
BAD 656809738777
BAD 656773734523
BAD 656776076599
BAD 656777320253
BAD 656777320259
BAD 656777320261
BAD 656777619833
BAD 656899940743
BAD 656864624917
BAD 656913438413
BAD 656953787099
BAD 656953787101
BAD 656911447373
BAD 656870895601
BAD 656870895607
BAD 656870895743
BAD 657008623333
BAD 657008623339
BAD 656871114127
BAD 656917800743
BAD 657010299397
BAD 656986660373
BAD 656986660391
BAD 656988750949
BAD 656988750967
BAD 656878318619
BAD 656923907131
BAD 656923907137
BAD 656926901383
BAD 656829923863
BAD 656748498103
BAD 656995450807
BAD 656995450829
BAD 656995644323
BAD 656760400823
BAD 657099389147
BAD 657099389153
BAD 657099389161
BAD 657119230393
BAD 657100026113
BAD 657101159641
BAD 657122710897
BAD 657106042763
BAD 657108856609
BAD 657081810037
BAD 657082455377
BAD 657038384159
BAD 657085812223
BAD 657019023371
BAD 657039991103
BAD 657019862209
BAD 657040559143
BAD 657094462589
BAD 657046063433
BAD 657051391201
BAD 657051391207
BAD 657060405959
BAD 657060405961
BAD 657142016677
BAD 657146315341
BAD 657146315383
BAD 657148597103
BAD 657172533893
BAD 657172545541
BAD 657176064343
BAD 657176064353
BAD 657176120353
BAD 657176241583
BAD 657215095231
BAD 657216357481
BAD 657180905723
BAD 657185725253
BAD 657230533381
BAD 657230805079
BAD 657188738663
BAD 657188738669
BAD 657189000179
BAD 657265686043
BAD 657265686047
BAD 657196792801
BAD 657249514609
BAD 657249514613
BAD 657204380491
BAD 657271189889
BAD 657271189891
BAD 657236762381
BAD 657236762383
BAD 657253332473
BAD 657253332487
BAD 657210880657
BAD 657210880661
BAD 657210880663
BAD 657260637863
BAD 657278821351
BAD 657278821379
BAD 657278821387
BAD 657278821391
BAD 657263676403
BAD 657247071083
BAD 657349296503
BAD 657349461427
BAD 657350319499
BAD 657352104919
BAD 657352104931
BAD 657352140227
BAD 657367902931
BAD 657300624601
BAD 657300624709
BAD 657337190689
BAD 657337190701
BAD 657337190737
BAD 657301714343
BAD 657370532417
BAD 657370532419
BAD 657370609253
BAD 657356888173
BAD 657338748239
BAD 657340699753
BAD 657340699759
BAD 657360106141
BAD 657386565571
BAD 657344855647
BAD 657344855663
BAD 657391749893
BAD 657378565159
BAD 657380328127
BAD 657318873517
BAD 657318873613
BAD 657321376433
BAD 657438906643
BAD 657438906653
BAD 657426475969
BAD 657427383803
BAD 657427383817
BAD 657325692167
BAD 657325692169
BAD 657325692173
BAD 657429015619
BAD 657429015623
BAD 657430502321
BAD 657430502371
BAD 657328458701
BAD 657328458713
BAD 657328458727
BAD 657328458781
BAD 657445969451
BAD 657469484669
BAD 657474477497
BAD 657502603931
BAD 657478027733
BAD 657478027757
BAD 657505458461
BAD 657450007243
BAD 657451738061
BAD 657451738063
BAD 657495277259
BAD 657512538547
BAD 657513321503
BAD 657459690721
BAD 657460118137
BAD 657461804707
BAD 657526009297
BAD 657530345419
BAD 657530639977
BAD 657530639981
BAD 657533206579
BAD 657537933529
BAD 657541432741
BAD 657541432747
BAD 657545321593
BAD 657545321597
BAD 657549794557
BAD 657555210419
BAD 657555210421
BAD 657555210427
BAD 657561783259
BAD 657565579513
BAD 657573055429
BAD 657573610339
BAD 657581222281
BAD 657654096733
BAD 657654591709
BAD 657656642873
BAD 657656642879
BAD 657656642887
BAD 657664842707
BAD 657601546607
BAD 657752821829
BAD 657672921991
BAD 657755278463
BAD 657607820189
BAD 657760309603
BAD 657609959509
BAD 657609959521
BAD 657678601793
BAD 657680169691
BAD 657680749031
BAD 657613016213
BAD 657766241227
BAD 657587160547
BAD 657587904823
BAD 657775184753
BAD 657775184761
BAD 657777661007
BAD 657784166467
BAD 657784526611
BAD 657734654933
BAD 657818766391
BAD 657819709147
BAD 657633654973
BAD 657685496093
BAD 657685496107
BAD 657685496113
BAD 657618733951
BAD 657688137593
BAD 657828005777
BAD 657691504823
BAD 657746756929
BAD 657640631671
BAD 657643411133
BAD 657921016351
BAD 657699966991
BAD 657699967009
BAD 657921403429
BAD 657645518297
BAD 657922244647
BAD 657922391617
BAD 657922770457
BAD 657718750253
BAD 657718841887
BAD 657718962193
BAD 657719861101
BAD 657649850497
BAD 657724079603
BAD 657724079609
BAD 657930032407
BAD 657726936949
BAD 657932689763
BAD 657932689769
BAD 657728120297
BAD 657728120299
BAD 657728120303
BAD 657789168779
BAD 657789168781
BAD 657729425939
BAD 657836713837
BAD 657791013631
BAD 657732091909
BAD 657841846201
BAD 657800662769
BAD 657800662777
BAD 657854880547
BAD 657872031371
BAD 657872031373
BAD 657847557379
BAD 657857109241
BAD 657876315797
BAD 657876315799
BAD 657876869899
BAD 657891557581
BAD 657850668623
BAD 657705098657
BAD 657705098683
BAD 657805012261
BAD 657805012273
BAD 657805580371
BAD 657865346647
BAD 657865346653
BAD 657808214153
BAD 657897278683
BAD 657808458023
BAD 657808458121
BAD 657867535141
BAD 657809700421
BAD 657809700433
BAD 657712358371
BAD 657712358377
BAD 657712890323
BAD 657712890337
BAD 657712890371
BAD 657712890377
BAD 657712890379
BAD 657712890383
BAD 657901377593
BAD 657901413583
BAD 657901413593
BAD 657901413623
BAD 657901906001
BAD 657901906003
BAD 657715701787
BAD 657717283549
BAD 657907860263
BAD 657907860283
BAD 657914978101
BAD 657917090071
BAD 657936556099
BAD 657943792279
BAD 657943792283
BAD 657943792291
BAD 657947377741
BAD 657959544757
BAD 657965075809
BAD 657965075821
BAD 657965864057
BAD 657967523723
BAD 657993157277
BAD 657993657943
BAD 657995490391
BAD 657998149493
BAD 658000984033
BAD 658000984037
BAD 658025629493
BAD 657973220393
BAD 657975630751
BAD 657977446003
BAD 657978686237
BAD 657978686243
BAD 658010616719
BAD 658011909923
BAD 658011909931
BAD 658038322663
BAD 658039579733
BAD 658080648991
BAD 658081138523
BAD 658083647093
BAD 658083647119
BAD 658083647131
BAD 658084576741
BAD 658049659117
BAD 658174453309
BAD 658185939319
BAD 658185939329
BAD 658054322941
BAD 658057458637
BAD 658058641561
BAD 658103899373
BAD 658103899381
BAD 658291583527
BAD 658291583539
BAD 658293444409
BAD 658066377533
BAD 658297724947
BAD 658112278531
BAD 658113752399
BAD 658300945837
BAD 658114697389
BAD 658207482019
BAD 658303142327
BAD 658088164067
BAD 658207939399
BAD 658303588781
BAD 658303588783
BAD 658304071331
BAD 658304071333
BAD 658210911779
BAD 658210911781
BAD 658130551913
BAD 658095046487
BAD 658095046489
BAD 658095046493
BAD 658095046513
BAD 658095046517
BAD 658095046519
BAD 658133414803
BAD 658133414821
BAD 658147069369
BAD 658147069373
BAD 658147069487
BAD 658099014943
BAD 658099014953
BAD 658099014961
BAD 658136417707
BAD 658218076993
BAD 658220791133
BAD 658227637273
BAD 658227637279
BAD 658227637433
BAD 658231264013
BAD 658315624913
BAD 658154381513
BAD 658154381519
BAD 658240102759
BAD 658240850873
BAD 658256554013
BAD 658243954651
BAD 658164742891
BAD 658166761201
BAD 658249473593
BAD 658249473703
BAD 658260035291
BAD 658267625893
BAD 658272615257
BAD 658273754617
BAD 658282303213
BAD 658282303219
BAD 658282303223
BAD 658287525719
BAD 658287931859
BAD 658287931879
BAD 658341215731
BAD 658341215809
BAD 658341215813
BAD 658341639317
BAD 658323889921
BAD 658345240477
BAD 658202959201
BAD 658328182643
BAD 658348162369
BAD 658350601373
BAD 658353218813
BAD 658358029129
BAD 658358029141
BAD 658362781639
BAD 658365404537
BAD 658365404539
BAD 658365404549
BAD 658365404551
BAD 658366130041
BAD 658371272569
BAD 658374605873
BAD 658377635683
BAD 658388226389
BAD 658388308819
BAD 658388308847
BAD 658388308849
BAD 658388308871
BAD 658388308873
BAD 658388308891
BAD 658388308909
BAD 658388308913
BAD 658388308939
BAD 658388309039
BAD 658422542497
BAD 658389483709
BAD 658428085507
BAD 658428085517
BAD 658428085519
BAD 658395833569
BAD 658395833573
BAD 658430532307
BAD 658396588489
BAD 658403971553
BAD 658438689173
BAD 658438689179
BAD 658440297611
BAD 658451689081
BAD 658451689087
BAD 658457827373
BAD 658405836943
BAD 658407044059
BAD 658463815133
BAD 658410563443
BAD 658410563477
BAD 658410563479
BAD 658410563483
BAD 658410615257
BAD 658410615259
BAD 658466365099
BAD 658466365103
BAD 658470826621
BAD 658416290461
BAD 658477490863
BAD 658477490897
BAD 658526546053
BAD 658528944397
BAD 658481841767
BAD 658481841769
BAD 658481841781
BAD 658595766901
BAD 658600713229
BAD 658601150639
BAD 658538478383
BAD 658541591027
BAD 658544181413
BAD 658544181419
BAD 658489509107
BAD 658563895607
BAD 658547619533
BAD 658572301357
BAD 658572301367
BAD 658573089859
BAD 658504153169
BAD 658504153171
BAD 658504585667
BAD 658511289413
BAD 658511289433
BAD 658511289437
BAD 658511289439
BAD 658629665929
BAD 658629665933
BAD 658516868147
BAD 658517281637
BAD 658517281651
BAD 658645849471
BAD 658519757827
BAD 658657889893
BAD 658520868689
BAD 658649800247
BAD 658649800253
BAD 658649800387
BAD 658649800397
BAD 658649800399
BAD 658675038421
BAD 658638864229
BAD 658638864241
BAD 658582156987
BAD 658609877293
BAD 658639680091
BAD 658651824463
BAD 658651824469
BAD 658677084983
BAD 658678249883
BAD 658678249891
BAD 658678249897
BAD 658681916369
BAD 658681916371
BAD 658669810219
BAD 658616637083
BAD 658619573023
BAD 658687841813
BAD 658687841821
BAD 658687841827
BAD 658690822807
BAD 658691351107
BAD 658691351117
BAD 658691351119
BAD 658694503099
BAD 658697513143
BAD 658727949437
BAD 658727949443
BAD 658727949457
BAD 658728128831
BAD 658728128833
BAD 658711033973
BAD 658728985793
BAD 658714801973
BAD 658714801981
BAD 658716704341
BAD 658706015269
BAD 658734300001
BAD 658734300031
BAD 658723326827
BAD 658723326829
BAD 658748012401
BAD 658748012407
BAD 658749277273
BAD 658749277283
BAD 658749277289
BAD 658750894343
BAD 658765828159
BAD 658765828163
BAD 658769326183
BAD 658781642069
BAD 658783667569
BAD 658783667573
BAD 658793808979
BAD 658796352169
BAD 658796352323
BAD 658796526043
BAD 658810413913
BAD 658810413917
BAD 658810413923
BAD 658813027919
BAD 658863318067
BAD 658871767579
BAD 658873126627
BAD 658873126633
BAD 658835802533
BAD 658838661563
BAD 658841300437
BAD 658841300441
BAD 658841411443
BAD 658841411453
BAD 658847430533
BAD 658850514953
BAD 658855691149
BAD 658857759661
BAD 658908825301
BAD 658908825313
BAD 658877597401
BAD 658924475953
BAD 658924475959
BAD 658898326213
BAD 658899233683
BAD 658905374137
BAD 658905374143
BAD 658907162027
BAD 658907232463
BAD 658961660551
BAD 658961982901
BAD 658961982907
BAD 658949806477
BAD 658949806481
BAD 658949806483
BAD 658967080063
BAD 658926240223
BAD 658926673133
BAD 658926673177
BAD 658926673183
BAD 658926673187
BAD 658926673189
BAD 658956558919
BAD 658957217161
BAD 658978226953
BAD 659015268407
BAD 659016896009
BAD 659016896011
BAD 659061746201
BAD 659061746207
BAD 659018411257
BAD 658982761309
BAD 659018639911
BAD 658941529669
BAD 658941977153
BAD 659029916021
BAD 659029916023
BAD 658986187567
BAD 658986358343
BAD 659065441777
BAD 659046959161
BAD 659068453283
BAD 659068453291
BAD 659034071029
BAD 659034175447
BAD 659049060473
BAD 659034373793
BAD 659049500119
BAD 659070916477
BAD 659070916481
BAD 659076710821
BAD 659000484949
BAD 659074407811
BAD 659074833293
BAD 659075350567
BAD 659075630663
BAD 659058709663
BAD 659058709667
BAD 659058709669
BAD 659058709703
BAD 659008758361
BAD 659094420053
BAD 659088088123
BAD 659090551859
BAD 659092677431
BAD 659093103379
BAD 659123228767
BAD 659123228773
BAD 659143821673
BAD 659147571391
BAD 659129059711
BAD 659150721043
BAD 659132584129
BAD 659133400061
BAD 659133400087
BAD 659136538493
BAD 659175941261
BAD 659179331857
BAD 659179332047
BAD 659184298219
BAD 659214385057
BAD 659188454489
BAD 659188454521
BAD 659216937893
BAD 659191902121
BAD 659224088101
BAD 659195498509
BAD 659195498513
BAD 659201990539
BAD 659208990533
BAD 659233856563
BAD 659233856569
BAD 659233856581
BAD 659233856599
BAD 659234596151
BAD 659234596157
BAD 659234596159
BAD 659237456629
BAD 659249048089
BAD 659253273541
BAD 659259832123
BAD 659267083429
BAD 659273154913
BAD 659273154959
BAD 659273218291
BAD 659274024659
BAD 659275344257
BAD 659275578931
BAD 659298840787
BAD 659298840797
BAD 659298840799
BAD 659303506249
BAD 659303506273
BAD 659306500579
BAD 659328891653
BAD 659366196547
BAD 659331358859
BAD 659334245267
BAD 659322434461
BAD 659334548153
BAD 659369733619
BAD 659323183229
BAD 659323183231
BAD 659323183261
BAD 659324125099
BAD 659347230211
BAD 659348401223
BAD 659350056283
BAD 659341875089
BAD 659342947597
BAD 659343203557
BAD 659343774391
BAD 659344406731
BAD 659357036113
BAD 659412685669
BAD 659412685681
BAD 659380597819
BAD 659416958617
BAD 659416958663
BAD 659421540391
BAD 659429151259
BAD 659429151263
BAD 659397445507
BAD 659432666077
BAD 659432847769
BAD 659400576997
BAD 659400577001
BAD 659433146543
BAD 659433146557
BAD 659433146563
BAD 659389960673
BAD 659389960681
BAD 659433961283
BAD 659401919849
BAD 659401919851
BAD 659427544543
BAD 659436960907
BAD 659436960913
BAD 659450643893
BAD 659480713403
BAD 659484481321
BAD 659484481351
BAD 659489461273
BAD 659463039107
BAD 659490063319
BAD 659490075983
BAD 659491821529
BAD 659493374233
BAD 659493374237
BAD 659468338951
BAD 659506701383
BAD 659469298351
BAD 659511807607
BAD 659547814127
BAD 659550415289
BAD 659550415291
BAD 659550415297
BAD 659551440439
BAD 659553742849
BAD 659530392013
BAD 659530553243
BAD 659565355381
BAD 659539150771
BAD 659571949313
BAD 659571949319
BAD 659575305751
BAD 659577400813
BAD 659613667513
BAD 659614441309
BAD 659598730783
BAD 659598805583
BAD 659620258523
BAD 659601044659
BAD 659622459721
BAD 659603681003
BAD 659608177387
BAD 659608177399
BAD 659608177409
BAD 659608177411
BAD 659589768983
BAD 659589768991
BAD 659593415323
BAD 659651268473
BAD 659635394659
BAD 659636371717
BAD 659636847203
BAD 659637974123
BAD 659640308497
BAD 659641304981
BAD 659641304983
BAD 659641304989
BAD 659641305007
BAD 659664030703
BAD 659675009573
BAD 659675009579
BAD 659675359439
BAD 659675863013
BAD 659677681217
BAD 659677681219
BAD 659716739771
BAD 659716739777
BAD 659716739779
BAD 659724957431
BAD 659724957433
BAD 659727579457
BAD 659727579461
BAD 659727579463
BAD 659684746967
BAD 659684746969
BAD 659686167961
BAD 659687643499
BAD 659695007791
BAD 659799049423
BAD 659799693097
BAD 659835559459
BAD 659835559489
BAD 659801808983
BAD 659697505399
BAD 659698416121
BAD 659906768509
BAD 659852609497
BAD 659852609501
BAD 659852609503
BAD 659908934851
BAD 659908934869
BAD 659768892199
BAD 659911230541
BAD 659911457243
BAD 659911457251
BAD 659706215647
BAD 659706215681
BAD 659846901293
BAD 659846901299
BAD 659846901347
BAD 659846901349
BAD 659847210053
BAD 659857378913
BAD 659814286421
BAD 659744742247
BAD 659744742277
BAD 659744742287
BAD 659744742289
BAD 659709844691
BAD 659861286023
BAD 659746918357
BAD 659783051377
BAD 659863619783
BAD 659864550361
BAD 659778042743
BAD 659778963919
BAD 659778963979
BAD 659778963983
BAD 659786074561
BAD 659786074583
BAD 659759130637
BAD 659888144131
BAD 659763679049
BAD 659763679051
BAD 659763679063
BAD 659763926011
BAD 659891952233
BAD 659870704253
BAD 659875587541
BAD 659877891961
BAD 659879178113
BAD 659922184981
BAD 659821696013
BAD 659822230729
BAD 659822314553
BAD 659825399213
BAD 659826157099
BAD 659949766129
BAD 659951947463
BAD 659936307559
BAD 659936852447
BAD 659936852527
BAD 659944152739
BAD 659973951803
BAD 659946095243
BAD 659948655169
BAD 659985263813
BAD 659987419339
RANGE 650000000000 660000000000 PRIMES 367537149 BAD 2937
