BAD 680087858809
BAD 680120822071
BAD 680093990099
BAD 680204214847
BAD 680095988659
BAD 680193134063
BAD 680207759731
BAD 680207759743
BAD 680208383227
BAD 680208383233
BAD 680272443421
BAD 680272443443
BAD 680272801727
BAD 680272801729
BAD 680151323867
BAD 680151323869
BAD 680099470397
BAD 680099470399
BAD 680211038161
BAD 680197669003
BAD 680276306929
BAD 680277189113
BAD 680363166151
BAD 680280905929
BAD 680364722431
BAD 680281757191
BAD 680282066609
BAD 680365332067
BAD 680284172341
BAD 680367954829
BAD 680050951967
BAD 680051192963
BAD 680055042593
BAD 680066323597
BAD 680066323603
BAD 680302906513
BAD 680235463997
BAD 680306834873
BAD 680340087157
BAD 680340087169
BAD 680340087283
BAD 680342430503
BAD 680311257023
BAD 680350668427
BAD 680350833847
BAD 680250178009
BAD 680167850419
BAD 680222756401
BAD 680169574549
BAD 680225941159
BAD 680225941163
BAD 680173728473
BAD 680322544907
BAD 680286444601
BAD 680390255203
BAD 680390590651
BAD 680390590673
BAD 680079939547
BAD 680393386801
BAD 680100994283
BAD 680138766547
BAD 680293913953
BAD 680106114563
BAD 680331748069
BAD 680331748073
BAD 680139822937
BAD 680139822941
BAD 680140253833
BAD 680333388677
BAD 680333765399
BAD 680333765401
BAD 680145781321
BAD 680253318869
BAD 680114964533
BAD 680114964539
BAD 680114964541
BAD 680005996561
BAD 680116175929
BAD 680150400277
BAD 680150813269
BAD 680015290343
BAD 680268299783
BAD 680036751391
BAD 680045238839
BAD 680047093613
BAD 680047093633
BAD 680047241483
BAD 680471423603
BAD 680484001633
BAD 680484797693
BAD 680422689313
BAD 680486463751
BAD 680454835079
BAD 680458372261
BAD 680458372267
BAD 680458372271
BAD 680458372273
BAD 680458372277
BAD 680431535393
BAD 680431540279
BAD 680513633273
BAD 680433420203
BAD 680434621739
BAD 680465644099
BAD 680439812257
BAD 680439812293
BAD 680439812329
BAD 680439812333
BAD 680439812347
BAD 680487991717
BAD 680487991801
BAD 680488932713
BAD 680496370033
BAD 680524324351
BAD 680529784951
BAD 680531429959
BAD 680535913411
BAD 680535913417
BAD 680537596283
BAD 680542244731
BAD 680542244761
BAD 680543571601
BAD 680547126299
BAD 680547126307
BAD 680553916087
BAD 680655553007
BAD 680657412679
BAD 680589465277
BAD 680622567971
BAD 680622567973
BAD 680552846629
BAD 680658949519
BAD 680658949573
BAD 680659273783
BAD 680660215021
BAD 680660215033
BAD 680660215099
BAD 680575013383
BAD 680560491817
BAD 680576780251
BAD 680576896841
BAD 680576896843
BAD 680666102881
BAD 680666102887
BAD 680666214469
BAD 680631135103
BAD 680668943963
BAD 680783489119
BAD 680784468487
BAD 680689525387
BAD 680689525391
BAD 680689525393
BAD 680689525403
BAD 680694435739
BAD 680788985689
BAD 680676867049
BAD 680677145453
BAD 680677166173
BAD 680677210547
BAD 680794488331
BAD 680795074909
BAD 680795074913
BAD 680795074933
BAD 680795074937
BAD 680795074943
BAD 680796528683
BAD 680796528721
BAD 680684950633
BAD 680686905083
BAD 680686905089
BAD 680686905091
BAD 680755050593
BAD 680801896349
BAD 680801896351
BAD 680802539633
BAD 680705596933
BAD 680706248149
BAD 680759122247
BAD 680759122249
BAD 680707985081
BAD 680713184677
BAD 680742868591
BAD 680765801761
BAD 680743480969
BAD 680743480979
BAD 680743480981
BAD 680715679843
BAD 680748307171
BAD 680606950691
BAD 680720710403
BAD 680751889931
BAD 680751889933
BAD 680645443591
BAD 680729215627
BAD 680729507063
BAD 680729507071
BAD 680647659121
BAD 680736408733
BAD 680617608431
BAD 680617608439
BAD 680617608443
BAD 680839518067
BAD 680813201569
BAD 680813201581
BAD 680841000887
BAD 680842098803
BAD 680816712413
BAD 680843212351
BAD 680855922983
BAD 680855922991
BAD 680855923001
BAD 680855923003
BAD 680855923009
BAD 680857157443
BAD 680825831779
BAD 680864531639
BAD 680864635967
BAD 680864635973
BAD 680864635981
BAD 680868881359
BAD 680868881369
BAD 680830121641
BAD 680830144913
BAD 680830144933
BAD 680871660661
BAD 680835285643
BAD 680890000397
BAD 680893617791
BAD 680893617793
BAD 680893617799
BAD 680873886631
BAD 680877243947
BAD 680878304683
BAD 680904604123
BAD 680904604183
BAD 680883601579
BAD 680883601583
BAD 680884260181
BAD 680974147561
BAD 680974197367
BAD 680974197373
BAD 680910765289
BAD 680911303493
BAD 680911667911
BAD 680979649703
BAD 680979758633
BAD 680916066247
BAD 680917504387
BAD 681081356161
BAD 680939764027
BAD 680940224233
BAD 680921536213
BAD 680940433111
BAD 681083533411
BAD 681084483773
BAD 681011160983
BAD 681011160989
BAD 681091084339
BAD 680944444627
BAD 681013112293
BAD 681057849233
BAD 681058094461
BAD 681042544439
BAD 681043026691
BAD 680950902529
BAD 681062863729
BAD 681020811011
BAD 681020811013
BAD 681048398881
BAD 681102100543
BAD 681051857623
BAD 681051947041
BAD 681052523119
BAD 681052523131
BAD 681055612073
BAD 681056642197
BAD 681128472413
BAD 681129475139
BAD 681129475141
BAD 681130191761
BAD 681130191767
BAD 680994249653
BAD 680997151129
BAD 680998995713
BAD 680929780483
BAD 680929963411
BAD 680936612723
BAD 680936612731
BAD 680969191717
BAD 681109039333
BAD 681109073647
BAD 681176440429
BAD 681179382889
BAD 681181816129
BAD 681181816151
BAD 681033781213
BAD 681039954761
BAD 681206039257
BAD 681159483061
BAD 681159483091
BAD 681159483097
BAD 681161945083
BAD 681164155783
BAD 681146113121
BAD 681147985853
BAD 681147985891
BAD 681147985897
BAD 681147985901
BAD 681150593971
BAD 681152172931
BAD 681152554259
BAD 681153848471
BAD 681261048487
BAD 681208445303
BAD 681208445317
BAD 681208445353
BAD 681224597723
BAD 681393569431
BAD 681393569443
BAD 681426605941
BAD 681426605947
BAD 681398188733
BAD 681428941253
BAD 681255980473
BAD 681255980477
BAD 681255980479
BAD 681325408129
BAD 681402024179
BAD 681432292283
BAD 681326998853
BAD 681327259243
BAD 681329003743
BAD 681334747103
BAD 681441527183
BAD 681409606201
BAD 681229551173
BAD 681229551193
BAD 681340821323
BAD 681237386471
BAD 681237393233
BAD 681237393251
BAD 681418429763
BAD 681422369101
BAD 681424306921
BAD 681381407149
BAD 681388004623
BAD 681309463579
BAD 681310096771
BAD 681359245493
BAD 681313424549
BAD 681313424551
BAD 681361210729
BAD 681314720029
BAD 681314720033
BAD 681316174417
BAD 681318544073
BAD 681318787789
BAD 681373230121
BAD 681373418507
BAD 681373418513
BAD 681373418533
BAD 681374798341
BAD 681374798353
BAD 681495799207
BAD 681497808059
BAD 681497813099
BAD 681499101571
BAD 681478745309
BAD 681483503587
BAD 681483503593
BAD 681279745877
BAD 681279745879
BAD 681488062909
BAD 681282746231
BAD 681282746233
BAD 681490336699
BAD 681491057993
BAD 681285640669
BAD 681286031719
BAD 681459698509
BAD 681303227399
BAD 681303227401
BAD 681462479083
BAD 681462479129
BAD 681304639153
BAD 681465643451
BAD 681465643459
BAD 681466208261
BAD 681466208263
BAD 681466356211
BAD 681307899289
BAD 681468033901
BAD 681468033907
BAD 681308379253
BAD 681342751823
BAD 681342751829
BAD 681473480803
BAD 681345350689
BAD 681349876391
BAD 681349876393
BAD 681349876397
BAD 681349876399
BAD 681349876411
BAD 681356600543
BAD 681451491337
BAD 681451491361
BAD 681451491367
BAD 681453479929
BAD 681529968797
BAD 681529968817
BAD 681529968851
BAD 681529968853
BAD 681519412403
BAD 681519412411
BAD 681539367217
BAD 681539367233
BAD 681525973433
BAD 681525973439
BAD 681525973441
BAD 681749948449
BAD 681750688447
BAD 681750688453
BAD 681663875033
BAD 681751797347
BAD 681812839597
BAD 681812839601
BAD 681797026591
BAD 681846963443
BAD 681912996781
BAD 681912996871
BAD 681932152219
BAD 681814299743
BAD 681668916713
BAD 681850415689
BAD 681850415723
BAD 681762689501
BAD 681647678227
BAD 681818124613
BAD 681760140493
BAD 681803136089
BAD 681803136109
BAD 681821145851
BAD 681824543867
BAD 681889809949
BAD 681825635791
BAD 681654970369
BAD 681771390721
BAD 681771390767
BAD 681892658333
BAD 681771911551
BAD 681771946483
BAD 681778467871
BAD 681778467919
BAD 681598726891
BAD 681829052563
BAD 681830060111
BAD 681830060113
BAD 681830422397
BAD 681832338167
BAD 681730209691
BAD 681579424861
BAD 681896186131
BAD 681896186149
BAD 681790244819
BAD 681896685037
BAD 681898116877
BAD 681898116881
BAD 681841051141
BAD 681692212013
BAD 681629477317
BAD 681587790329
BAD 681587790349
BAD 681587790353
BAD 681545787289
BAD 681905997407
BAD 681905997413
BAD 681909255019
BAD 681556302943
BAD 681556302953
BAD 681563534063
BAD 681563534077
BAD 681563814163
BAD 681565696829
BAD 681571818923
BAD 681720804781
BAD 681572799833
BAD 681572799841
BAD 681572799899
BAD 681726099917
BAD 681726099919
BAD 681726100039
BAD 681727383919
BAD 681700456273
BAD 681700456289
BAD 681700456291
BAD 681700792189
BAD 681700792193
BAD 681615136487
BAD 681616474403
BAD 681706093511
BAD 681709422907
BAD 681709422917
BAD 681624850981
BAD 681624851029
BAD 681624851053
BAD 681863214323
BAD 681867646409
BAD 681867646531
BAD 681872669113
BAD 681873259579
BAD 681873350303
BAD 682038044273
BAD 682285346473
BAD 682164529037
BAD 682164529043
BAD 682164529049
BAD 682164529051
BAD 682164529069
BAD 682013894503
BAD 682166891141
BAD 682166891143
BAD 682166891149
BAD 682166891209
BAD 682182162547
BAD 682182162553
BAD 682182162587
BAD 682183276283
BAD 682236281789
BAD 682236281791
BAD 682237506271
BAD 682169513369
BAD 682169513371
BAD 682169513407
BAD 682186194559
BAD 682186194563
BAD 682240766761
BAD 682240803259
BAD 682171837357
BAD 682022584013
BAD 682151131547
BAD 682151954461
BAD 682191924901
BAD 682132734137
BAD 681981434707
BAD 681970839527
BAD 682263751787
BAD 682263751789
BAD 681981746821
BAD 681981746827
BAD 681981746839
BAD 681981746843
BAD 682133377579
BAD 682133377591
BAD 682099199407
BAD 682099309163
BAD 682134096829
BAD 682247429119
BAD 682177830437
BAD 682124619899
BAD 682124619901
BAD 681983968247
BAD 681983968249
BAD 682156120531
BAD 682125937183
BAD 681985605529
BAD 681985605533
BAD 682158286273
BAD 682029900403
BAD 681952774289
BAD 682084914887
BAD 682129934833
BAD 682086703391
BAD 682086703393
BAD 682086703399
BAD 682086703409
BAD 682086703411
BAD 682086703423
BAD 682086703427
BAD 682086703429
BAD 682086703433
BAD 681955253579
BAD 681991285763
BAD 681993258181
BAD 681994802989
BAD 681996176783
BAD 682049014789
BAD 682049014817
BAD 682049014819
BAD 682267600493
BAD 682268646979
BAD 682276626191
BAD 682062869941
BAD 682067583871
BAD 682069045849
BAD 682203566543
BAD 682203566609
BAD 682204395193
BAD 682074625411
BAD 682074625417
BAD 682074625423
BAD 682206947813
BAD 682076754979
BAD 682002202969
BAD 682009078463
BAD 682011430831
BAD 682317610421
BAD 682317610433
BAD 682317610441
BAD 682323941053
BAD 682326976027
BAD 682299000947
BAD 682303401751
BAD 682312386871
BAD 682312386901
BAD 682312386961
BAD 682312386967
BAD 682400301397
BAD 682407069527
BAD 682407069529
BAD 682555401013
BAD 682332940351
BAD 682332940357
BAD 682557536503
BAD 682557536509
BAD 682411138183
BAD 682336715791
BAD 682336715803
BAD 682414219507
BAD 682604149697
BAD 682604149699
BAD 682604177561
BAD 682604291041
BAD 682604997889
BAD 682377223267
BAD 682607193739
BAD 682522574653
BAD 682377606377
BAD 682377606401
BAD 682377606403
BAD 682380207337
BAD 682527696569
BAD 682435340317
BAD 682435400753
BAD 682418311703
BAD 682651588693
BAD 682390501483
BAD 682531766471
BAD 682586933737
BAD 682586933747
BAD 682586933753
BAD 682438221559
BAD 682438221613
BAD 682587757997
BAD 682533228173
BAD 682654267727
BAD 682422328433
BAD 682441047553
BAD 682590715069
BAD 682397132881
BAD 682658272861
BAD 682658272871
BAD 682658272873
BAD 682658272883
BAD 682425952471
BAD 682658706833
BAD 682659377131
BAD 682661183387
BAD 682661183389
BAD 682428961873
BAD 682664267429
BAD 682664267431
BAD 682431885313
BAD 682486250623
BAD 682665493723
BAD 682487253607
BAD 682502140043
BAD 682502140049
BAD 682504423877
BAD 682498344991
BAD 682509538891
BAD 682509542761
BAD 682509869161
BAD 682510022693
BAD 682510188553
BAD 682510188557
BAD 682510188559
BAD 682511618521
BAD 682668648191
BAD 682671254719
BAD 682671964699
BAD 682671964703
BAD 682677008941
BAD 682469411683
BAD 682639751581
BAD 682639751587
BAD 682534278599
BAD 682544513863
BAD 682544513869
BAD 682545908399
BAD 682545908413
BAD 682546175429
BAD 682546175431
BAD 682693610663
BAD 682579235419
BAD 682579235431
BAD 682460313803
BAD 682462903207
BAD 682706467943
BAD 682706467951
BAD 682715636279
BAD 682723495429
BAD 682723495481
BAD 682729334857
BAD 682837242721
BAD 682819086151
BAD 682819086163
BAD 682819086193
BAD 682819654883
BAD 682819654897
BAD 682819654903
BAD 682842987751
BAD 682823059463
BAD 682823059469
BAD 682824273883
BAD 682801805593
BAD 682802665147
BAD 682802665151
BAD 682802665157
BAD 682802665159
BAD 682806625279
BAD 682807240373
BAD 682809897221
BAD 682770353311
BAD 682771835833
BAD 682912566079
BAD 682919833133
BAD 682919833139
BAD 682916275369
BAD 682960651981
BAD 682895967739
BAD 682940455999
BAD 682962703099
BAD 682962703103
BAD 682941461801
BAD 682781756311
BAD 682901910289
BAD 682901910293
BAD 682933733411
BAD 682933733413
BAD 682933733429
BAD 682933733431
BAD 682976816143
BAD 682976816147
BAD 682855371157
BAD 682856521621
BAD 682763454497
BAD 682763759273
BAD 682857474857
BAD 682857474863
BAD 682983139939
BAD 682739417713
BAD 682795403221
BAD 682867512673
BAD 682798054583
BAD 683039018887
BAD 682871221873
BAD 682871780443
BAD 682871780447
BAD 682871780449
BAD 683042744249
BAD 682872497081
BAD 682872659047
BAD 682873471573
BAD 682884397051
BAD 682885153969
BAD 683004796063
BAD 683005291693
BAD 683017134953
BAD 682988533427
BAD 682988533441
BAD 682993992229
BAD 682994189201
BAD 682994189203
BAD 682996708193
BAD 682996708253
BAD 683021335597
BAD 683024311819
BAD 683024311831
BAD 683024866103
BAD 683027560093
BAD 683031119671
BAD 683032582597
BAD 683032582601
BAD 683032582613
BAD 683034874597
BAD 683055027803
BAD 683079031147
BAD 683092343587
BAD 683098125979
BAD 683107835911
BAD 683110874011
BAD 683112619291
BAD 683112619297
BAD 683112626941
BAD 683116805989
BAD 683116806037
BAD 683118546043
BAD 683127172249
BAD 683128601063
BAD 683238887033
BAD 683238887081
BAD 683238887083
BAD 683239224229
BAD 683239224233
BAD 683240073589
BAD 683240073601
BAD 683255031761
BAD 683255031763
BAD 683256111113
BAD 683256111119
BAD 683241587027
BAD 683241587029
BAD 683241587033
BAD 683306726731
BAD 683307605557
BAD 683171197403
BAD 683310901811
BAD 683310901813
BAD 683210217383
BAD 683210776789
BAD 683173071613
BAD 683173071617
BAD 683173071619
BAD 683314324351
BAD 683357837917
BAD 683329732927
BAD 683329732963
BAD 683291413523
BAD 683230779151
BAD 683230779157
BAD 683230779163
BAD 683230779169
BAD 683341475419
BAD 683341475423
BAD 683232196993
BAD 683253925411
BAD 683268195361
BAD 683179536079
BAD 683137615283
BAD 683270455913
BAD 683344922471
BAD 683344922473
BAD 683337451789
BAD 683183544079
BAD 683348124133
BAD 683348124139
BAD 683348124203
BAD 683187208831
BAD 683189316479
BAD 683189316487
BAD 683148697247
BAD 683148697249
BAD 683149197197
BAD 683196107527
BAD 683156958713
BAD 683156958721
BAD 683285324629
BAD 683201290099
BAD 683287742981
BAD 683399424377
BAD 683399424481
BAD 683399424493
BAD 683401422191
BAD 683401422217
BAD 683401422229
BAD 683401422259
BAD 683401516871
BAD 683401516873
BAD 683407037029
BAD 683407881173
BAD 683407881239
BAD 683407881241
BAD 683408895571
BAD 683408895577
BAD 683408895581
BAD 683409347149
BAD 683415996671
BAD 683415996673
BAD 683422370977
BAD 683463809333
BAD 683439113143
BAD 683439113153
BAD 683469830093
BAD 683372450987
BAD 683470042999
BAD 683373350221
BAD 683373350293
BAD 683373350351
BAD 683373350353
BAD 683373350357
BAD 683382804583
BAD 683384830861
BAD 683384830867
BAD 683446003259
BAD 683447605993
BAD 683449168231
BAD 683453410579
BAD 683474339903
BAD 683474560789
BAD 683478131393
BAD 683483781793
BAD 683485206269
BAD 683510321071
BAD 683760048709
BAD 683519824943
BAD 683765695939
BAD 683675614513
BAD 683675614669
BAD 683770296463
BAD 683771178997
BAD 683771179009
BAD 683771179019
BAD 683591838079
BAD 683772839179
BAD 683599383503
BAD 683687634991
BAD 683687634997
BAD 683600486539
BAD 683644848707
BAD 683540319131
BAD 683574438529
BAD 683649002693
BAD 683649002713
BAD 683649002717
BAD 683649002719
BAD 683552145557
BAD 683552512129
BAD 683656057793
BAD 683553650113
BAD 683587393507
BAD 683589036367
BAD 683556750817
BAD 683493502843
BAD 683493502847
BAD 683493502849
BAD 683494795079
BAD 683739386383
BAD 683739429613
BAD 683713157473
BAD 683501437771
BAD 683503523713
BAD 683722129339
BAD 683722129393
BAD 683722129397
BAD 683658563573
BAD 683663301143
BAD 683695567519
BAD 683669637529
BAD 683669637533
BAD 683706811819
BAD 683627222857
BAD 683672278501
BAD 683638742621
BAD 683638742623
BAD 683638742627
BAD 683741925787
BAD 683743540819
BAD 683748413939
BAD 683748413941
BAD 683748413947
BAD 683750769851
BAD 683750769853
BAD 683750769859
BAD 683755677617
BAD 683795492371
BAD 683795863763
BAD 683796244051
BAD 683800995931
BAD 683784458059
BAD 683784458153
BAD 683811365273
BAD 683786351803
BAD 683825729599
BAD 683819166659
BAD 683819166661
BAD 683832846901
BAD 683832846919
BAD 683835738653
BAD 683835738661
BAD 683610330859
BAD 683610330863
BAD 683615168113
BAD 683615852057
BAD 683559865733
BAD 683618874943
BAD 683618874971
BAD 683849507323
BAD 683850453943
BAD 683562736673
BAD 683571740029
BAD 683866224739
BAD 683874250099
BAD 683926866223
BAD 683930726333
BAD 683932374361
BAD 683932374371
BAD 683932374373
BAD 683940712223
BAD 683941315531
BAD 683916361903
BAD 683916361913
BAD 683918318063
BAD 683918318093
BAD 683924541037
BAD 684002642251
BAD 684098423527
BAD 684099050783
BAD 684101275129
BAD 684101275133
BAD 684006850699
BAD 684006850711
BAD 683899568423
BAD 684008369119
BAD 684104767867
BAD 684009128293
BAD 683901988067
BAD 683901988069
BAD 683905527859
BAD 684091146043
BAD 683906123083
BAD 683906123093
BAD 684091599913
BAD 684092690767
BAD 684135280471
BAD 684135280501
BAD 684056035813
BAD 684056035823
BAD 684056155711
BAD 684139475023
BAD 684139521979
BAD 684139521983
BAD 684139521991
BAD 683961369737
BAD 683961369761
BAD 683961369769
BAD 684034584799
BAD 684142826803
BAD 684142826813
BAD 684142826839
BAD 684143090867
BAD 683943482191
BAD 684039028483
BAD 683969313767
BAD 683948250619
BAD 683948507353
BAD 683948738581
BAD 683953880413
BAD 683955026567
BAD 683955026569
BAD 683956475789
BAD 683956475791
BAD 683957592677
BAD 683957592679
BAD 683957592683
BAD 684010839419
BAD 684011025799
BAD 684214306081
BAD 684182921977
BAD 684185384591
BAD 684185384593
BAD 684185384599
BAD 684185441509
BAD 684187589909
BAD 684189153301
BAD 684190299619
BAD 684193502903
BAD 684193502911
BAD 684225678109
BAD 684225678113
BAD 684225678133
BAD 684226489879
BAD 684226489889
BAD 683977347667
BAD 683977347709
BAD 683980842731
BAD 683980842733
BAD 683980842841
BAD 684243116471
BAD 684243116483
BAD 683982708887
BAD 683982708889
BAD 683983296019
BAD 683983296023
BAD 684163521179
BAD 684164399029
BAD 683986037593
BAD 684063008521
BAD 683991130201
BAD 684271389983
BAD 684177444257
BAD 684177444259
BAD 684194564719
BAD 684194564723
BAD 684198540271
BAD 684199632313
BAD 684199632317
BAD 684200262563
BAD 684205363637
BAD 684205363643
BAD 684208796483
BAD 684147583271
BAD 684150502447
BAD 684154635037
BAD 684155879179
BAD 684158886331
BAD 684158967773
BAD 684158967787
BAD 684278361031
BAD 684280419049
BAD 684285782119
BAD 684288583219
BAD 684362883653
BAD 684364062047
BAD 684364062049
BAD 684369180223
BAD 684314542201
BAD 684314542211
BAD 684314542213
BAD 684372045809
BAD 684372045811
BAD 684374637889
BAD 684374637893
BAD 684376759291
BAD 684378840547
BAD 684325419779
BAD 684397987477
BAD 684397987517
BAD 684397987549
BAD 684326398601
BAD 684404066839
BAD 684410441647
BAD 684345228929
BAD 684479974337
BAD 684481798103
BAD 684566380681
BAD 684488986549
BAD 684488986553
BAD 684572632609
BAD 684572632673
BAD 684575039119
BAD 684578725183
BAD 684437561957
BAD 684437561959
BAD 684437698541
BAD 684437698543
BAD 684616490507
BAD 684538892273
BAD 684345581509
BAD 684519113219
BAD 684519113221
BAD 684444398291
BAD 684444398293
BAD 684521803753
BAD 684347833733
BAD 684348445643
BAD 684624431539
BAD 684525017641
BAD 684526012427
BAD 684526012433
BAD 684510460037
BAD 684628423403
BAD 684629077037
BAD 684629077039
BAD 684303675199
BAD 684445980643
BAD 684307918471
BAD 684665397223
BAD 684307918493
BAD 684307918499
BAD 684307918501
BAD 684308110279
BAD 684666043253
BAD 684667036633
BAD 684448278659
BAD 684448278673
BAD 684667955743
BAD 684311587471
BAD 684454082903
BAD 684463322149
BAD 684463322161
BAD 684456970063
BAD 684463937791
BAD 684458104609
BAD 684677676091
BAD 684464833567
BAD 684678374453
BAD 684458726143
BAD 684468543533
BAD 684413460869
BAD 684479145709
BAD 684479145719
BAD 684421509173
BAD 684580430617
BAD 684580430621
BAD 684580430623
BAD 684581336297
BAD 684581696971
BAD 684424279069
BAD 684425561279
BAD 684426105991
BAD 684426105997
BAD 684587619571
BAD 684602393417
BAD 684602871713
BAD 684602871721
BAD 684603629321
BAD 684604148467
BAD 684547366861
BAD 684552969281
BAD 684552969283
BAD 684557779831
BAD 684392428141
BAD 684392428151
BAD 684395306563
BAD 684653370353
BAD 684654410353
BAD 684662445613
BAD 684662445661
BAD 684639111763
BAD 684639111791
BAD 684640975561
BAD 684643141687
BAD 684689423933
BAD 684689514499
BAD 684692852003
BAD 684693092857
BAD 684694179583
BAD 684695102323
BAD 684849827593
BAD 684850631561
BAD 684856920557
BAD 684749125279
BAD 684749125283
BAD 684706179803
BAD 684726451153
BAD 684706700449
BAD 684706700453
BAD 684803132591
BAD 684803132593
BAD 684803132617
BAD 684803132627
BAD 684758408947
BAD 684760685827
BAD 684761726329
BAD 684761726339
BAD 684734395069
BAD 684735109831
BAD 684735806693
BAD 684817921591
BAD 684817921643
BAD 684876974591
BAD 684819494873
BAD 684742553753
BAD 684747790283
BAD 684765764569
BAD 684765764597
BAD 684765764629
BAD 684765764633
BAD 684828139159
BAD 684766017413
BAD 684830708383
BAD 684840882511
BAD 684841528229
BAD 684846094507
BAD 684777237737
BAD 684788836531
BAD 684789581857
BAD 684790534003
BAD 684792652619
BAD 684795049313
BAD 684795049321
BAD 684796801933
BAD 684796801937
BAD 684797908609
BAD 684885819301
BAD 684885819307
BAD 684885819391
BAD 684973843319
BAD 684973843321
BAD 684891852061
BAD 684891852067
BAD 685002511379
BAD 685003327231
BAD 684893167927
BAD 684990496493
BAD 684980357029
BAD 684992090693
BAD 684897279863
BAD 684897279877
BAD 685009028251
BAD 684997014529
BAD 684998382889
BAD 685014050003
BAD 685014455273
BAD 685015449071
BAD 685040488687
BAD 685042354133
BAD 685045185037
BAD 685045185053
BAD 685045245901
BAD 684952005313
BAD 684944129423
BAD 684955115821
BAD 684916674979
BAD 684916674983
BAD 684917917637
BAD 684917917639
BAD 684925742701
BAD 684927669469
BAD 684927669473
BAD 684928864187
BAD 684930695909
BAD 684931130659
BAD 684931130677
BAD 684931500361
BAD 685018557173
BAD 684912406433
BAD 684913384189
BAD 685074096043
BAD 685024865617
BAD 685024865621
BAD 685027125413
BAD 685028891759
BAD 685028891761
BAD 685080214823
BAD 685080214837
BAD 685080214843
BAD 685081081319
BAD 685060657051
BAD 685060722217
BAD 685089885839
BAD 685093334953
BAD 685095586481
BAD 685095586501
BAD 685096166099
BAD 685096166101
BAD 685100144269
BAD 685106445271
BAD 685107981113
BAD 685107981133
BAD 685107981137
BAD 685107981169
BAD 685111892329
BAD 685111892341
BAD 685114912613
BAD 685116556021
BAD 685168654153
BAD 685170626941
BAD 685154736743
BAD 685159925311
BAD 685147120081
BAD 685166452517
BAD 685166452519
BAD 685251647929
BAD 685251809393
BAD 685252314751
BAD 685237217993
BAD 685242192083
BAD 685242192091
BAD 685242192113
BAD 685193380013
BAD 685211669293
BAD 685247114483
BAD 685212503071
BAD 685262220211
BAD 685319544653
BAD 685213320577
BAD 685123956527
BAD 685123956529
BAD 685194874939
BAD 685262802349
BAD 685196169677
BAD 685228661371
BAD 685196994619
BAD 685197837151
BAD 685197837157
BAD 685217260537
BAD 685198431409
BAD 685198431413
BAD 685198431419
BAD 685267273577
BAD 685267273583
BAD 685267273597
BAD 685272929507
BAD 685233656213
BAD 685328229629
BAD 685328229631
BAD 685278695587
BAD 685330497403
BAD 685330497421
BAD 685287398209
BAD 685283243123
BAD 685290771901
BAD 685293026963
BAD 685294182439
BAD 685352362897
BAD 685336530803
BAD 685353154169
BAD 685355217181
BAD 685355643517
BAD 685356412457
BAD 685304808949
BAD 685304808953
BAD 685427229307
BAD 685375366733
BAD 685344162443
BAD 685345450637
BAD 685345450639
BAD 685453565359
BAD 685432267213
BAD 685442607181
BAD 685455213917
BAD 685433358383
BAD 685443654089
BAD 685434563059
BAD 685347937081
BAD 685458074627
BAD 685316039413
BAD 685463052301
BAD 685463052319
BAD 685452290387
BAD 685466939191
BAD 685466939197
BAD 685469823139
BAD 685469824201
BAD 685477026373
BAD 685385834941
BAD 685480118839
BAD 685480191937
BAD 685480986419
BAD 685484729249
BAD 685397450203
BAD 685405924477
BAD 685488800881
BAD 685489463521
BAD 685489463531
BAD 685495000711
BAD 685555520149
BAD 685562434759
BAD 685565346737
BAD 685565346743
BAD 685506204787
BAD 685523009617
BAD 685508577253
BAD 685508577263
BAD 685525641247
BAD 685526206471
BAD 685513728829
BAD 685715102011
BAD 685716508937
BAD 685718018863
BAD 685718167573
BAD 685718167601
BAD 685718167627
BAD 685718167733
BAD 685718167741
BAD 685718167747
BAD 685718167759
BAD 685718795093
BAD 685718839867
BAD 685625195069
BAD 685625195071
BAD 685655241289
BAD 685790031623
BAD 685656194257
BAD 685626170101
BAD 685658717239
BAD 685627736477
BAD 685811956811
BAD 685793815027
BAD 685603960697
BAD 685603960703
BAD 685721394331
BAD 685721394343
BAD 685795150939
BAD 685629461599
BAD 685817179483
BAD 685761830123
BAD 685737981589
BAD 685608911749
BAD 685608911797
BAD 685738437211
BAD 685609512169
BAD 685801429223
BAD 685667618873
BAD 685668379703
BAD 685775815427
BAD 685775815429
BAD 685741756423
BAD 685741756433
BAD 685766315123
BAD 685636638593
BAD 685613754407
BAD 685613754409
BAD 685615865329
BAD 685591506331
BAD 685828073389
BAD 685732703023
BAD 685830060347
BAD 685748762887
BAD 685748762927
BAD 685619268679
BAD 685876164269
BAD 685594314113
BAD 685594314121
BAD 685839656303
BAD 685749803693
BAD 685735822327
BAD 685735822337
BAD 685833276391
BAD 685751997529
BAD 685751997533
BAD 685833959123
BAD 685638913133
BAD 685638913139
BAD 685753672187
BAD 685753672189
BAD 685753672193
BAD 685843266271
BAD 685843565059
BAD 685882582493
BAD 685882582499
BAD 685882582501
BAD 685844547833
BAD 685885871401
BAD 685690571393
BAD 685887096259
BAD 685644815083
BAD 685887096263
BAD 685691868247
BAD 685850479513
BAD 685850479519
BAD 685650388019
BAD 685650388021
BAD 685651280473
BAD 685651280491
BAD 685653417637
BAD 685653417679
BAD 685701324481
BAD 685538566507
BAD 685540984883
BAD 685540984927
BAD 685543402283
BAD 685544818229
BAD 685570591681
BAD 685572469823
BAD 685579595963
BAD 685579595969
BAD 685579595971
BAD 685579595977
BAD 685857984769
BAD 685857984793
BAD 685857985207
BAD 685862020561
BAD 685862123173
BAD 685866922759
BAD 685866947341
BAD 685897911253
BAD 685899486203
BAD 685869753203
BAD 685869753241
BAD 685903376591
BAD 685903574183
BAD 685923915991
BAD 685923916009
BAD 685926515783
BAD 685908622547
BAD 685908622549
BAD 685930993243
BAD 685931828509
BAD 685911514583
BAD 685912276433
BAD 685913736803
BAD 685916100563
BAD 685917112193
BAD 685963386683
BAD 685966782923
BAD 685970892469
BAD 685971216487
BAD 685971216499
BAD 686145601963
BAD 686146728703
BAD 686151898097
BAD 686151898099
BAD 686158821349
BAD 686154786353
BAD 686154786367
BAD 685997911969
BAD 686167744973
BAD 686154786379
BAD 686299562413
BAD 686110735049
BAD 686171017981
BAD 686115512149
BAD 686115512161
BAD 686017458991
BAD 686117678593
BAD 686246746459
BAD 686017906243
BAD 686247177887
BAD 686247177893
BAD 686020702429
BAD 686122876801
BAD 686043391493
BAD 686048013757
BAD 686052341773
BAD 686052341783
BAD 686052365293
BAD 685948599781
BAD 686275379191
BAD 686275379197
BAD 686224490629
BAD 686280848731
BAD 686282793047
BAD 686282877499
BAD 686230048349
BAD 686291057273
BAD 686234958481
BAD 686128054897
BAD 686216904533
BAD 685977422413
BAD 685977422423
BAD 686138651927
BAD 686138651929
BAD 686221763419
BAD 686223781457
BAD 686223781459
BAD 685982778469
BAD 685982778487
BAD 685982778491
BAD 685982778493
BAD 686090138527
BAD 685989304157
BAD 686098428503
BAD 686177428283
BAD 686178090907
BAD 686178090911
BAD 686178719399
BAD 686104569497
BAD 686078116907
BAD 686078116909
BAD 686035343221
BAD 686078593301
BAD 686037024781
BAD 686037306091
BAD 686081722541
BAD 686185050503
BAD 686062434053
BAD 686185050511
BAD 686039147707
BAD 686187605969
BAD 686258299297
BAD 686190396811
BAD 686205851939
BAD 686205851941
BAD 686068525081
BAD 686068525091
BAD 686068525099
BAD 686206609531
BAD 686273982707
BAD 686342136563
BAD 686349179393
BAD 686327540933
BAD 686327646391
BAD 686329440157
BAD 686332403401
BAD 686332707493
BAD 686318059111
BAD 686335560023
BAD 686337195293
BAD 686337195307
BAD 686337195311
BAD 686337195317
BAD 686337195319
BAD 686340910169
BAD 686341676959
BAD 686341676963
BAD 686480025661
BAD 686487577903
BAD 686488050691
BAD 686495710651
BAD 686495710669
BAD 686394211319
BAD 686396043791
BAD 686396043793
BAD 686500794719
BAD 686502617197
BAD 686502617209
BAD 686502617219
BAD 686377799141
BAD 686377799143
BAD 686377799147
BAD 686378250479
BAD 686378365681
BAD 686400783163
BAD 686426797187
BAD 686426797213
BAD 686427746243
BAD 686383238941
BAD 686694248351
BAD 686508560303
BAD 686508560323
BAD 686409704093
BAD 686385295537
BAD 686467354633
BAD 686411406859
BAD 686411907133
BAD 686411907143
BAD 686470313663
BAD 686470313731
BAD 686701089803
BAD 686701089817
BAD 686701089821
BAD 686701089871
BAD 686437769657
BAD 686416986911
BAD 686706040927
BAD 686706040939
BAD 686441658389
BAD 686441658391
BAD 686420348213
BAD 686420348219
BAD 686420348221
BAD 686543814899
BAD 686543814907
BAD 686423979377
BAD 686423979379
BAD 686423979383
BAD 686548280113
BAD 686548719863
BAD 686563170497
BAD 686564946383
BAD 686564946391
BAD 686553520259
BAD 686556560489
BAD 686556560491
BAD 686652613319
BAD 686652613321
BAD 686654811377
BAD 686654811379
BAD 686659041979
BAD 686659041983
BAD 686659042007
BAD 686659042009
BAD 686659042021
BAD 686660252819
BAD 686660252821
BAD 686526767393
BAD 686535420547
BAD 686535462631
BAD 686535462637
BAD 686514300991
BAD 686514301013
BAD 686517680117
BAD 686517680119
BAD 686523975931
BAD 686524095913
BAD 686670987319
BAD 686672112691
BAD 686672152339
BAD 686672152351
BAD 686610809107
BAD 686628707987
BAD 686628707993
BAD 686617372253
BAD 686617778323
BAD 686629253159
BAD 686629253161
BAD 686595494491
BAD 686631235243
BAD 686362041103
BAD 686362041109
BAD 686633205263
BAD 686621953957
BAD 686621953967
BAD 686688311759
BAD 686688311761
BAD 686603618663
BAD 686368876807
BAD 686368876819
BAD 686634967741
BAD 686634967801
BAD 686634967807
BAD 686635502599
BAD 686635502603
BAD 686370858233
BAD 686586802219
BAD 686586802261
BAD 686606874463
BAD 686640007199
BAD 686640007201
BAD 686374637723
BAD 686374637731
BAD 686374637737
BAD 686592183583
BAD 686711483053
BAD 686711483063
BAD 686715077749
BAD 686716307479
BAD 686716307483
BAD 686721118729
BAD 686721850489
BAD 686755340437
BAD 686755340441
BAD 686755340443
BAD 686756133079
BAD 686756133083
BAD 686761024141
BAD 686761024153
BAD 686736949051
BAD 686744046187
BAD 686814343933
BAD 686879527391
BAD 686879527393
BAD 686817957073
BAD 686868057331
BAD 686868057349
BAD 686868421633
BAD 686868421643
BAD 686912217991
BAD 686882428517
BAD 686882428523
BAD 686912898367
BAD 686822361241
BAD 686824449229
BAD 686917294993
BAD 686887364363
BAD 686826265771
BAD 686919499159
BAD 686783060759
BAD 686783060767
BAD 686828903119
BAD 686783974999
BAD 686785047217
BAD 686924145871
BAD 686926401751
BAD 686926401761
BAD 686894038279
BAD 686894038349
BAD 686894038351
BAD 686894277001
BAD 686894277007
BAD 686792946641
BAD 686768374021
BAD 686839863449
BAD 686773781509
BAD 686943386167
BAD 686777838937
BAD 686777838941
BAD 686849035711
BAD 686852211833
BAD 686965272913
BAD 686968866841
BAD 686858864477
BAD 686858864479
BAD 686858864491
BAD 686798478853
BAD 686798999993
BAD 686799000011
BAD 686799000023
BAD 686799703321
BAD 686802679699
BAD 686976523951
BAD 686976523957
BAD 686953302613
BAD 686953302619
BAD 686896869377
BAD 686903004503
BAD 686905171559
BAD 686905171567
BAD 687032707189
BAD 687032707199
BAD 687032707201
BAD 687034856671
BAD 687037813183
BAD 687003767041
BAD 687046556393
BAD 687011671667
BAD 687011671669
BAD 687011671673
BAD 687011671729
BAD 687011671733
BAD 687011674529
BAD 687047477033
BAD 687064235071
BAD 687050850533
BAD 686979485063
BAD 687081106597
BAD 687058455991
BAD 687081106609
BAD 687058456001
BAD 687058456003
BAD 686987196761
BAD 687081288743
BAD 686987703517
BAD 687060362629
BAD 687060362641
BAD 687105892771
BAD 686990201221
BAD 686990201243
BAD 687107722283
BAD 687077559593
BAD 687088915043
BAD 686995444231
BAD 687094696201
BAD 687095134309
BAD 687095258063
BAD 687015695563
BAD 687018393121
BAD 687113814733
BAD 687114432803
BAD 687114557189
BAD 687114557191
BAD 687123497581
BAD 687123497603
BAD 687128367337
BAD 687129242929
BAD 687130544843
BAD 687139854697
BAD 687140194913
BAD 687142450459
BAD 687142450471
BAD 687144164159
BAD 687144164171
BAD 687144164173
BAD 687145079609
BAD 687145079749
BAD 687146778209
BAD 687149814881
BAD 687298237321
BAD 687298237333
BAD 687298237337
BAD 687218495947
BAD 687220667543
BAD 687319001923
BAD 687320755777
BAD 687225021083
BAD 687228080369
BAD 687306970289
BAD 687247844809
BAD 687247844813
BAD 687338489029
BAD 687236453341
BAD 687236453347
BAD 687249370193
BAD 687281895667
BAD 687281895689
BAD 687282091009
BAD 687342080813
BAD 687242180039
BAD 687242180041
BAD 687345259639
BAD 687345259651
BAD 687504723361
BAD 687269350993
BAD 687269350997
BAD 687506348567
BAD 687506348569
BAD 687244336007
BAD 687256356133
BAD 687272190439
BAD 687272190443
BAD 687257313763
BAD 687171645583
BAD 687274930039
BAD 687512359463
BAD 687206381647
BAD 687276149383
BAD 687276309719
BAD 687262723583
BAD 687262723619
BAD 687262723621
BAD 687279858827
BAD 687210334277
BAD 687188801539
BAD 687213535483
BAD 687192796783
BAD 687192796789
BAD 687192796793
BAD 687192796799
BAD 687192796811
BAD 687450214637
BAD 687450214639
BAD 687450214643
BAD 687349843897
BAD 687456018881
BAD 687456018883
BAD 687457494379
BAD 687462632761
BAD 687463824589
BAD 687468815171
BAD 687471668803
BAD 687471668813
BAD 687481787101
BAD 687402400957
BAD 687431783273
BAD 687382873043
BAD 687406778189
BAD 687406778207
BAD 687406778209
BAD 687406778213
BAD 687407599051
BAD 687408102859
BAD 687408102863
BAD 687487164589
BAD 687386335673
BAD 687386632519
BAD 687495573157
BAD 687495573161
BAD 687495573179
BAD 687495573181
BAD 687498922801
BAD 687396583723
BAD 687557159893
BAD 687561130247
BAD 687561130253
BAD 687541052603
BAD 687543233401
BAD 687543233407
BAD 687543233413
BAD 687543233431
BAD 687605259001
BAD 687793360591
BAD 687794758279
BAD 687794758283
BAD 687722786369
BAD 687722786371
BAD 687723197351
BAD 687723197353
BAD 687797052589
BAD 687644277431
BAD 687644277433
BAD 687724949293
BAD 687724949299
BAD 687728330519
BAD 687728330521
BAD 687649561289
BAD 687729843653
BAD 687661019827
BAD 687662700007
BAD 687663061901
BAD 687666186811
BAD 687670226809
BAD 687670226813
BAD 687734793379
BAD 687671524237
BAD 687584721617
BAD 687674980387
BAD 687587953133
BAD 687754208161
BAD 687677973901
BAD 687757333667
BAD 687592747321
BAD 687592747327
BAD 687592747351
BAD 687691435381
BAD 687691628083
BAD 687594851353
BAD 687618271687
BAD 687765627331
BAD 687620063849
BAD 687620063881
BAD 687622992323
BAD 687700735009
BAD 687771107189
BAD 687771221329
BAD 687802566307
BAD 687627423419
BAD 687627423421
BAD 687806380427
BAD 687806380453
BAD 687631067503
BAD 687808633399
BAD 687808633403
BAD 687633542809
BAD 687781925959
BAD 687818000599
BAD 687824452433
BAD 687886386619
BAD 687886386623
BAD 687833723671
BAD 687833723677
BAD 687834952699
BAD 687834952703
BAD 687835835389
BAD 687835835419
BAD 687899216747
BAD 687899216749
BAD 687837374113
BAD 687935215259
BAD 687853644151
BAD 687853644169
BAD 687858607729
BAD 687859673029
BAD 687903279601
BAD 687906616759
BAD 687906616763
BAD 687909697529
BAD 687915114413
BAD 687868649417
BAD 687869386229
BAD 687869386231
BAD 687872036989
BAD 687872036993
BAD 687873507289
BAD 687938223293
BAD 687945670879
BAD 687945671011
BAD 687948541859
BAD 688023673069
BAD 688023673081
BAD 687958318757
BAD 688028195531
BAD 687961516471
BAD 687965207269
BAD 688035824423
BAD 687997229243
BAD 687997229251
BAD 687997928257
BAD 688038452131
BAD 687976176143
BAD 687977864831
BAD 687979877581
BAD 687981803293
BAD 688262354837
BAD 688090333163
BAD 688090333169
BAD 688107935789
BAD 688123929931
BAD 688099526407
BAD 688099526483
BAD 688111833139
BAD 688111833173
BAD 688117604869
BAD 688137409963
BAD 688137409969
BAD 688129900177
BAD 688071101911
BAD 688139998297
BAD 688142043151
BAD 688079715391
BAD 688173235081
BAD 688148394233
BAD 688148394239
BAD 688149084463
BAD 688082768311
BAD 688176892229
BAD 688176892231
BAD 688176892241
BAD 688085520743
BAD 688151668157
BAD 688151668159
BAD 688002891773
BAD 688002960581
BAD 688002960583
BAD 688002960587
BAD 688206708047
BAD 688207648091
BAD 688229067529
BAD 688229067541
BAD 688213829657
BAD 688185926069
BAD 688186949011
BAD 688014515701
BAD 688014515711
BAD 688017255881
BAD 688017940039
BAD 688018247143
BAD 688019394203
BAD 688163511073
BAD 688165152691
BAD 688277987347
BAD 688166134699
BAD 688166134703
BAD 688243594879
BAD 688309097629
BAD 688280900873
BAD 688168794773
BAD 688312188547
BAD 688312188667
BAD 688312188671
BAD 688250851711
BAD 688250851843
BAD 688250851867
BAD 688286809213
BAD 688288386827
BAD 688288386829
BAD 688288386833
BAD 688292648837
BAD 688292648839
BAD 688292913079
BAD 688292913083
BAD 688328403877
BAD 688328779163
BAD 688329965893
BAD 688329965899
BAD 688333078141
BAD 688333174381
BAD 688333174411
BAD 688335953329
BAD 688339729549
BAD 688339729573
BAD 688348036939
BAD 688348667081
BAD 688349367179
BAD 688395958433
BAD 688402741141
BAD 688439214923
BAD 688439331889
BAD 688695440843
BAD 688425234719
BAD 688427061941
BAD 688427061943
BAD 688699654429
BAD 688428224513
BAD 688447951381
BAD 688701819613
BAD 688429994641
BAD 688448452477
BAD 688451192311
BAD 688452323453
BAD 688452323459
BAD 688434160199
BAD 688434160201
BAD 688434224663
BAD 688705767241
BAD 688705767247
BAD 688705767251
BAD 688706565133
BAD 688454902831
BAD 688563480877
BAD 688563480883
BAD 688567475149
BAD 688627796209
BAD 688628962963
BAD 688571622161
BAD 688571622163
BAD 688632052033
BAD 688375715089
BAD 688492365037
BAD 688493643181
BAD 688493643199
BAD 688494572083
BAD 688638721861
BAD 688638721943
BAD 688638721973
BAD 688381694173
BAD 688381887241
BAD 688383133981
BAD 688383177983
BAD 688609472123
BAD 688409530609
BAD 688501200403
BAD 688486509727
BAD 688575133249
BAD 688611368527
BAD 688676696111
BAD 688676769107
BAD 688387524791
BAD 688387524793
BAD 688387524833
BAD 688387524841
BAD 688540808941
BAD 688540821713
BAD 688412471993
BAD 688412472001
BAD 688544378813
BAD 688356709043
BAD 688416295493
BAD 688416295531
BAD 688416295537
BAD 688358140573
BAD 688417531523
BAD 688620451991
BAD 688620930113
BAD 688457776393
BAD 688457776397
BAD 688457776399
BAD 688585263931
BAD 688585263937
BAD 688548391933
BAD 688685534837
BAD 688685534839
BAD 688622977771
BAD 688711179647
BAD 688711179649
BAD 688527280823
BAD 688711992679
BAD 688713086969
BAD 688593808493
BAD 688714918391
BAD 688714918393
BAD 688596033383
BAD 688596547883
BAD 688468176229
BAD 688657938919
BAD 688657938923
BAD 688537226813
BAD 688537375159
BAD 688720981111
BAD 688659635903
BAD 688660869121
BAD 688660869161
BAD 688661755703
BAD 688663508191
BAD 688650748013
BAD 688606138009
BAD 688606138013
BAD 688651295099
BAD 688513242139
BAD 688515317881
BAD 688726108429
BAD 688738206899
BAD 688738206901
BAD 688748251613
BAD 688756180403
BAD 688762297609
BAD 688773229909
BAD 688785538561
BAD 688827078917
BAD 688815126557
BAD 688815126563
BAD 688790535031
BAD 688807023581
BAD 688995413479
BAD 688858400897
BAD 688998157123
BAD 688925842861
BAD 688943854147
BAD 688943854153
BAD 688928285363
BAD 688836409249
BAD 688848702571
BAD 688930026979
BAD 688930026989
BAD 688949008039
BAD 688949008043
BAD 689096188817
BAD 689096188819
BAD 689017919363
BAD 689007299917
BAD 688893402811
BAD 688851838351
BAD 688933404847
BAD 688870037567
BAD 688841553061
BAD 689101173647
BAD 689101854677
BAD 688871877181
BAD 689102107459
BAD 689103601171
BAD 689104451209
BAD 689104451237
BAD 689104451239
BAD 688936690733
BAD 689107550161
BAD 688938955051
BAD 688938955063
BAD 688941052673
BAD 688887956761
BAD 688907629409
BAD 688907629411
BAD 688890665741
BAD 688891178939
BAD 689043286171
BAD 689043462337
BAD 689048232373
BAD 689115070649
BAD 689080905103
BAD 689117722283
BAD 689084026373
BAD 689120027993
BAD 689056391711
BAD 689056391713
BAD 689056391729
BAD 689056391731
BAD 689062140103
BAD 689062140131
BAD 689062140133
BAD 689057382577
BAD 689057382581
BAD 689057382583
BAD 689057382613
BAD 689090628223
BAD 689068079911
BAD 688909958783
BAD 688910005723
BAD 688969127599
BAD 689036697499
BAD 689036697541
BAD 688911715651
BAD 688911715801
BAD 689073478861
BAD 688972488013
BAD 689041543709
BAD 689041543711
BAD 689041560049
BAD 689041642579
BAD 688975398437
BAD 688918216549
BAD 688918216561
BAD 688920027361
BAD 688920027379
BAD 688922267377
BAD 688922630203
BAD 689134673543
BAD 689134925627
BAD 689134925629
BAD 689138267693
BAD 689141988659
BAD 689151664027
BAD 689151664031
BAD 689151664037
BAD 689151664039
BAD 689155649363
BAD 689230012957
BAD 689231224567
BAD 689231224573
BAD 689232142351
BAD 689232237049
BAD 689232237053
BAD 689233708637
BAD 689194068473
BAD 689213683721
BAD 689236594063
BAD 689197213823
BAD 689199949717
BAD 689221933333
BAD 689245146323
BAD 689203773241
BAD 689248638361
BAD 689248638373
BAD 689204044831
BAD 689224977541
BAD 689291864567
BAD 689205445639
BAD 689395425067
BAD 689396167099
BAD 689300713823
BAD 689397383963
BAD 689363985329
BAD 689398199957
BAD 689182044013
BAD 689182044017
BAD 689304359773
BAD 689367654979
BAD 689367655003
BAD 689371143949
BAD 689405917381
BAD 689308814993
BAD 689309196229
BAD 689374354499
BAD 689374824181
BAD 689193345889
BAD 689381671057
BAD 689410615147
BAD 689383150613
BAD 689354108659
BAD 689277383947
BAD 689277383957
BAD 689392603507
BAD 689313458921
BAD 689313458923
BAD 689165750789
BAD 689317148833
BAD 689317148851
BAD 689317148857
BAD 689169226903
BAD 689169226909
BAD 689172633119
BAD 689423317537
BAD 689424197479
BAD 689425199843
BAD 689425199849
BAD 689425199851
BAD 689440210937
BAD 689440210939
BAD 689440659211
BAD 689445054031
BAD 689457331741
BAD 689457331747
BAD 689461434631
BAD 689461434637
BAD 689514789893
BAD 689517961303
BAD 689499650243
BAD 689484272597
BAD 689484272599
BAD 689500273901
BAD 689500273907
BAD 689522733083
BAD 689490284101
BAD 689490284107
BAD 689491293877
BAD 689491293899
BAD 689491293901
BAD 689509911557
BAD 689509911577
BAD 689509911581
BAD 689509911583
BAD 689511107927
BAD 689530854679
BAD 689533315819
BAD 689536177973
BAD 689537771833
BAD 689542837021
BAD 689542837037
BAD 689542837043
BAD 689542837213
BAD 689545302983
BAD 689560193449
BAD 689631173573
BAD 689638033699
BAD 689646547921
BAD 689646619601
BAD 689646619603
BAD 689646619609
BAD 689565246907
BAD 689649326719
BAD 689566702381
BAD 689566702399
BAD 689566919143
BAD 689654472721
BAD 689654472743
BAD 689568641873
BAD 689568641917
BAD 689750020129
BAD 689750020133
BAD 689656688723
BAD 689798461999
BAD 689604252949
BAD 689752478797
BAD 689733968449
BAD 689606010791
BAD 689606010799
BAD 689754373019
BAD 689701147433
BAD 689802605231
BAD 689662278023
BAD 689662278031
BAD 689608421869
BAD 689756910877
BAD 689756910881
BAD 689609206283
BAD 689770610239
BAD 689770836661
BAD 689572941557
BAD 689572941559
BAD 689705768879
BAD 689705768881
BAD 689705768887
BAD 689705768903
BAD 689612583991
BAD 689612583997
BAD 689772223717
BAD 689772223729
BAD 689761164899
BAD 689761164901
BAD 689741388937
BAD 689741388949
BAD 689810894309
BAD 689810916043
BAD 689812626953
BAD 689812626989
BAD 689812626991
BAD 689746001029
BAD 689712824851
BAD 689714303359
BAD 689714303363
BAD 689664004031
BAD 689664004033
BAD 689664004037
BAD 689624456083
BAD 689624456089
BAD 689624456093
BAD 689580489239
BAD 689628233431
BAD 689719332283
BAD 689585002459
BAD 689726679361
BAD 689588052193
BAD 689674636681
BAD 689674988719
BAD 689728427959
BAD 689728427989
BAD 689729535907
BAD 689729535917
BAD 689677087681
BAD 689916403343
BAD 689917650523
BAD 689917796767
BAD 689920777573
BAD 689929147183
BAD 689930167321
BAD 689930167327
BAD 689687889283
BAD 689817080243
BAD 689692677287
BAD 689692794023
BAD 689852989381
BAD 689859856547
BAD 689859856549
BAD 689863058153
BAD 689863389421
BAD 689863389437
BAD 689832395167
BAD 689832395269
BAD 689868371683
BAD 689792013061
BAD 689883606833
BAD 689793889231
BAD 689793889237
BAD 689794567141
BAD 689879006573
BAD 689797034051
BAD 689797611977
BAD 689890249687
BAD 689890249691
BAD 689890249693
BAD 689898509299
BAD 689907395357
BAD 689914518533
BAD 689914518599
BAD 689949286997
BAD 689949572593
BAD 689954240177
BAD 689954240179
BAD 689932622851
BAD 689936176019
BAD 689936176021
BAD 689986541029
BAD 689968939073
BAD 689968939087
BAD 689970818213
BAD 689975500411
RANGE 680000000000 690000000000 PRIMES 366927865 BAD 2645
