BAD 700050510059
BAD 700050510067
BAD 700053433951
BAD 700053433957
BAD 700053433973
BAD 700063060727
BAD 700294083473
BAD 700295895529
BAD 700296866963
BAD 700297400521
BAD 700185585683
BAD 700299749029
BAD 700299749099
BAD 700299749101
BAD 700187293921
BAD 700194969113
BAD 700195278427
BAD 700268692229
BAD 700268692231
BAD 700269524203
BAD 700371848039
BAD 700371848041
BAD 700374044569
BAD 700276991483
BAD 700276991489
BAD 700277924813
BAD 700278234223
BAD 700376235743
BAD 700377436727
BAD 700377436729
BAD 700378766063
BAD 700327829521
BAD 700378766069
BAD 700378766071
BAD 700378766149
BAD 700327829527
BAD 700327829533
BAD 700225763711
BAD 700226746007
BAD 700261054891
BAD 700231420597
BAD 700267710563
BAD 700124783833
BAD 700125247951
BAD 700125247957
BAD 700131194227
BAD 700131194281
BAD 700131194311
BAD 700015113673
BAD 700170465431
BAD 700155936889
BAD 700159854091
BAD 700024853419
BAD 700234900523
BAD 700029207499
BAD 700029207503
BAD 700165928711
BAD 700240583573
BAD 700240583579
BAD 700393921363
BAD 700395090233
BAD 700249648213
BAD 700203888151
BAD 700203888157
BAD 700141412129
BAD 700401954443
BAD 700402155731
BAD 700144516553
BAD 700210726373
BAD 700149018109
BAD 700093637539
BAD 700039870867
BAD 700039870891
BAD 700102243123
BAD 700070344903
BAD 700303706801
BAD 700303996549
BAD 700304282959
BAD 700304282963
BAD 700305018619
BAD 700309584811
BAD 700114603973
BAD 700315314443
BAD 700315314451
BAD 700315314493
BAD 700315314499
BAD 700317086569
BAD 700317086603
BAD 700318447963
BAD 700318447967
BAD 700318447973
BAD 700404231889
BAD 700404231893
BAD 700406054449
BAD 700407353719
BAD 700420719743
BAD 700410452851
BAD 700423127011
BAD 700438302209
BAD 700453417969
BAD 700435237783
BAD 700435636801
BAD 700454222989
BAD 700457372453
BAD 700447665691
BAD 700451782861
BAD 700481791673
BAD 700481791703
BAD 700481791741
BAD 700529370803
BAD 700484870641
BAD 700484870651
BAD 700484870653
BAD 700530155203
BAD 700530155267
BAD 700530941731
BAD 700530962843
BAD 700530962851
BAD 700510961749
BAD 700511009123
BAD 700519536481
BAD 700519832923
BAD 700519932559
BAD 700519934467
BAD 700486675283
BAD 700495884793
BAD 700496571857
BAD 700498473511
BAD 700498473517
BAD 700498473529
BAD 700498473539
BAD 700501059499
BAD 700501059593
BAD 700503046879
BAD 700503046883
BAD 700548787273
BAD 700550433229
BAD 700550611933
BAD 700553554123
BAD 700723919251
BAD 700724205187
BAD 700726900987
BAD 700734161041
BAD 700738126537
BAD 700738165147
BAD 700571046883
BAD 700571046887
BAD 700571046893
BAD 700571046953
BAD 700572469187
BAD 700572859823
BAD 700573505227
BAD 700576916993
BAD 700577775559
BAD 700658948323
BAD 700658948333
BAD 700580634997
BAD 700580635037
BAD 700591861357
BAD 700591867169
BAD 700631491229
BAD 700595692283
BAD 700566385507
BAD 700670719699
BAD 700670719703
BAD 700670757649
BAD 700647047629
BAD 700651850863
BAD 700651850893
BAD 700651850897
BAD 700654245773
BAD 700705595431
BAD 700707977483
BAD 700707977513
BAD 700716532447
BAD 700719250229
BAD 700719778963
BAD 700739300647
BAD 700740349103
BAD 700740699541
BAD 700676340893
BAD 700615272199
BAD 700682903047
BAD 700616589949
BAD 700617473123
BAD 700686235663
BAD 700775887003
BAD 700775887027
BAD 700775887033
BAD 700756797709
BAD 700789457287
BAD 700790612993
BAD 700784237863
BAD 700697370743
BAD 700764650863
BAD 700764650869
BAD 700764748759
BAD 700768286423
BAD 700768572857
BAD 700822821463
BAD 700825059079
BAD 700828094389
BAD 700806993391
BAD 700806993437
BAD 700806993443
BAD 700809658733
BAD 700858298579
BAD 700812594089
BAD 700814655349
BAD 700814655353
BAD 700814655451
BAD 700817718103
BAD 700817718199
BAD 700817718221
BAD 700865792387
BAD 700899227473
BAD 700911803923
BAD 700819526003
BAD 700902368363
BAD 700902368371
BAD 700821384427
BAD 700918881529
BAD 700920587713
BAD 700920587723
BAD 700920587729
BAD 700920587761
BAD 700839291563
BAD 700843126799
BAD 700844343013
BAD 700847712451
BAD 700850795719
BAD 700943550553
BAD 700943550557
BAD 700943550563
BAD 700943989747
BAD 700943989751
BAD 700947155851
BAD 700947256307
BAD 700947256309
BAD 700947460399
BAD 700947460403
BAD 700947460417
BAD 700947460439
BAD 700947460441
BAD 700947460501
BAD 700957237261
BAD 700958174731
BAD 700958174737
BAD 700961566093
BAD 700961566099
BAD 700966278707
BAD 700966278709
BAD 700966278713
BAD 700967141503
BAD 701032969009
BAD 701041389091
BAD 701044142761
BAD 701007838613
BAD 701039925643
BAD 701039925647
BAD 701051692373
BAD 701051692387
BAD 701051692403
BAD 701051692409
BAD 701051692417
BAD 701063175367
BAD 701011761013
BAD 701054751893
BAD 701065456951
BAD 701013856747
BAD 701056649459
BAD 701056935899
BAD 701000507209
BAD 701056935907
BAD 701000507213
BAD 701056935923
BAD 701015997247
BAD 701004165733
BAD 701004165749
BAD 701004165751
BAD 701004930259
BAD 701019426493
BAD 700975962377
BAD 701073468607
BAD 700984197773
BAD 700984197779
BAD 700984197799
BAD 700984197803
BAD 700984197829
BAD 700984197833
BAD 700985577031
BAD 700985577037
BAD 700985577043
BAD 701111652097
BAD 701111652103
BAD 701080297039
BAD 701097016733
BAD 701155497409
BAD 701121165203
BAD 701129565533
BAD 701105214263
BAD 701122756561
BAD 701105359541
BAD 701130495911
BAD 701130495913
BAD 701130495917
BAD 701105359543
BAD 701123574787
BAD 701133220483
BAD 701138198869
BAD 701177802029
BAD 701179020329
BAD 701179020331
BAD 701179760599
BAD 701245824971
BAD 701246087587
BAD 701246087593
BAD 701246649007
BAD 701181528797
BAD 701181528799
BAD 701195053133
BAD 701199559289
BAD 701199559309
BAD 701225936977
BAD 701226069259
BAD 701226069263
BAD 701284966321
BAD 701229149869
BAD 701204489311
BAD 701215591051
BAD 701216116609
BAD 701216116613
BAD 701207310203
BAD 701207310217
BAD 701291448773
BAD 701294868587
BAD 701268789181
BAD 701270259383
BAD 701236709753
BAD 701221428503
BAD 701298454279
BAD 701222897293
BAD 701312776897
BAD 701300254273
BAD 701300254289
BAD 701300254297
BAD 701313998179
BAD 701315621869
BAD 701315621873
BAD 701319625879
BAD 701319625891
BAD 701307769139
BAD 701323643563
BAD 701323643569
BAD 701158395319
BAD 701158395323
BAD 701158395331
BAD 701168683627
BAD 701173117441
BAD 701173117457
BAD 701173117459
BAD 701173117471
BAD 701328801101
BAD 701328801109
BAD 701330088947
BAD 701335974473
BAD 701335974481
BAD 701335974487
BAD 701337950617
BAD 701337950779
BAD 701337950783
BAD 701337950791
BAD 701363492917
BAD 701363492939
BAD 701364405173
BAD 701364405299
BAD 701364405307
BAD 701364405341
BAD 701365623799
BAD 701373061121
BAD 701410481063
BAD 701342863433
BAD 701344834733
BAD 701344834747
BAD 701344859959
BAD 701430534283
BAD 701394086251
BAD 701347212199
BAD 701434708867
BAD 701396900573
BAD 701435806501
BAD 701435806507
BAD 701445332603
BAD 701437252081
BAD 701401633511
BAD 701401633519
BAD 701423879371
BAD 701425660787
BAD 701454865687
BAD 701459431501
BAD 701388297781
BAD 701391452341
BAD 701662904303
BAD 701645446921
BAD 701632212739
BAD 701696599789
BAD 701696599861
BAD 701696599871
BAD 701696599873
BAD 701681103203
BAD 701634500363
BAD 701668572679
BAD 701650397537
BAD 701650397543
BAD 701650807309
BAD 701650807313
BAD 701670427589
BAD 701655278939
BAD 701656349389
BAD 701691935743
BAD 701567295353
BAD 701693048491
BAD 701707698773
BAD 701707698779
BAD 701707698781
BAD 701707698787
BAD 701605602539
BAD 701608334641
BAD 701573142079
BAD 701609211319
BAD 701574580433
BAD 701612984099
BAD 701515293433
BAD 701515293439
BAD 701627189623
BAD 701547471587
BAD 701547471589
BAD 701516668789
BAD 701517576049
BAD 701518396973
BAD 701518396981
BAD 701500558169
BAD 701501303213
BAD 701501380907
BAD 701501380913
BAD 701531678753
BAD 701531678759
BAD 701531678761
BAD 701552897579
BAD 701552897581
BAD 701523136711
BAD 701581430299
BAD 701557347853
BAD 701524780433
BAD 701484007649
BAD 701484007657
BAD 701484007673
BAD 701526063283
BAD 701559217013
BAD 701559341957
BAD 701539169431
BAD 701539169449
BAD 701586277319
BAD 701586277321
BAD 701586634789
BAD 701492962913
BAD 701711587631
BAD 701711587639
BAD 701716102909
BAD 701720056603
BAD 701721841703
BAD 701865225109
BAD 701731063531
BAD 701747739559
BAD 701747739769
BAD 701870592623
BAD 701870592659
BAD 701736110917
BAD 701736402173
BAD 701751943103
BAD 701871201007
BAD 701740765223
BAD 701873595337
BAD 701873595349
BAD 701743879303
BAD 701876745487
BAD 701876745491
BAD 701876745499
BAD 701876745503
BAD 701761182559
BAD 701829475357
BAD 701781194909
BAD 701781194911
BAD 701803187467
BAD 701848406747
BAD 701848752769
BAD 701836738793
BAD 701855151793
BAD 701855151797
BAD 701855151799
BAD 701861307223
BAD 701815077247
BAD 701819371111
BAD 701765317579
BAD 701765353127
BAD 701765353129
BAD 701768033171
BAD 701768033173
BAD 701828100437
BAD 701828100461
BAD 701772218573
BAD 701778345113
BAD 701950795187
BAD 701980645259
BAD 701980645297
BAD 701951269211
BAD 701983954757
BAD 701956208131
BAD 701905904537
BAD 701958341153
BAD 701958341179
BAD 701958890851
BAD 701906671399
BAD 701914284451
BAD 701914284457
BAD 701910046339
BAD 701917703239
BAD 701918808491
BAD 701922676549
BAD 701978082781
BAD 701978082787
BAD 701931805147
BAD 701937001391
BAD 701937001393
BAD 701937283261
BAD 701940144481
BAD 701943149137
BAD 701943707363
BAD 701889414211
BAD 702082681897
BAD 702084910831
BAD 702001337383
BAD 702071262803
BAD 702074090959
BAD 702080146763
BAD 702101914823
BAD 702017843173
BAD 702018833003
BAD 702020035291
BAD 702020035303
BAD 702023387521
BAD 702025016761
BAD 702033339883
BAD 702037707743
BAD 702120480703
BAD 702125724199
BAD 702125724203
BAD 702125724271
BAD 702125724277
BAD 702125724283
BAD 702148861399
BAD 702153957749
BAD 702153957751
BAD 702170185853
BAD 702170185859
BAD 702248356291
BAD 702250726559
BAD 702251055367
BAD 702251055371
BAD 702173846093
BAD 702161041163
BAD 702181202717
BAD 702181202719
BAD 702163891469
BAD 702163891553
BAD 702163891591
BAD 702237993781
BAD 702217212317
BAD 702217212337
BAD 702217212341
BAD 702198481421
BAD 702200070613
BAD 702201767263
BAD 702209032439
BAD 702209032453
BAD 702268296487
BAD 702268690667
BAD 702271276711
BAD 702271276723
BAD 702277342471
BAD 702132720493
BAD 702134127581
BAD 702135450493
BAD 702137454307
BAD 702141561959
BAD 702316271627
BAD 702316271647
BAD 702316271651
BAD 702316271653
BAD 702316271663
BAD 702334443487
BAD 702366544193
BAD 702368330897
BAD 702368330899
BAD 702368330903
BAD 702339511849
BAD 702325242193
BAD 702331561123
BAD 702375870503
BAD 702346952231
BAD 702381799321
BAD 702357757631
BAD 702357757643
BAD 702359030467
BAD 702363709199
BAD 702363709213
BAD 702363709241
BAD 702287577559
BAD 702287577571
BAD 702292046851
BAD 702292216097
BAD 702296542489
BAD 702296542501
BAD 702386792161
BAD 702386792299
BAD 702386792321
BAD 702390583603
BAD 702390646429
BAD 702402561593
BAD 702405269539
BAD 702405269569
BAD 702407276573
BAD 702408967391
BAD 702417330077
BAD 702417330079
BAD 702417330133
BAD 702417330151
BAD 702417330157
BAD 702418296199
BAD 702422237149
BAD 702427224533
BAD 702495337939
BAD 702454256069
BAD 702454256071
BAD 702454256089
BAD 702440485493
BAD 702444100219
BAD 702444813383
BAD 702479592433
BAD 702503563943
BAD 702508868507
BAD 702551442427
BAD 702514931341
BAD 702556180981
BAD 702556180987
BAD 702556180993
BAD 702519632239
BAD 702515101447
BAD 702519766189
BAD 702562341059
BAD 702570915931
BAD 702574984109
BAD 702577809629
BAD 702580280603
BAD 702618887027
BAD 702618887029
BAD 702620594903
BAD 702623248367
BAD 702623248381
BAD 702626811973
BAD 702626811977
BAD 702626812039
BAD 702627401783
BAD 702586667119
BAD 702589282127
BAD 702593238953
BAD 702593359697
BAD 702614122549
BAD 702614122601
BAD 702635292113
BAD 702635292119
BAD 702646649717
BAD 702533366729
BAD 702535811869
BAD 702543630979
BAD 702543630991
BAD 702543946343
BAD 702678330197
BAD 702678958901
BAD 702678958903
BAD 702679044841
BAD 702686127529
BAD 702714919411
BAD 702715316873
BAD 702716829433
BAD 702753420503
BAD 702753420511
BAD 702696749467
BAD 702754569203
BAD 702760948447
BAD 702760948469
BAD 702764158861
BAD 702766299253
BAD 702773337811
BAD 702776773441
BAD 702750166849
BAD 702718009171
BAD 702718009207
BAD 702719244803
BAD 702732024403
BAD 702732024409
BAD 702732024413
BAD 702788986667
BAD 702789424489
BAD 702790559213
BAD 702790559221
BAD 702819410837
BAD 702843096881
BAD 702843096883
BAD 702843096887
BAD 702843096889
BAD 702819802609
BAD 702845355013
BAD 702822994267
BAD 702845355019
BAD 702824879929
BAD 702849894793
BAD 702802494661
BAD 702802920797
BAD 702807479771
BAD 702810943207
BAD 702815119627
BAD 702815119639
BAD 702815119649
BAD 702870696863
BAD 702870696883
BAD 702870696893
BAD 702877249567
BAD 702887530061
BAD 702887530063
BAD 702887530067
BAD 702868015777
BAD 702868015793
BAD 702891675181
BAD 702891675197
BAD 702891675203
BAD 702941702213
BAD 702953723399
BAD 702896125669
BAD 702934303021
BAD 702897471541
BAD 702946827733
BAD 702946827743
BAD 702898257871
BAD 702959294173
BAD 702949979057
BAD 702949979059
BAD 702949979063
BAD 702963602111
BAD 702963602113
BAD 702965139433
BAD 702965964473
BAD 702965964583
BAD 702965964587
BAD 702909885773
BAD 702909885779
BAD 702909885781
BAD 702909885787
BAD 702912197773
BAD 703024403173
BAD 703026191563
BAD 702971800939
BAD 702971800943
BAD 702972615439
BAD 702983809643
BAD 703014910379
BAD 703045989013
BAD 703048613543
BAD 702989915863
BAD 702995813243
BAD 702995813251
BAD 703054198447
BAD 703056861781
BAD 703081118347
BAD 703082625263
BAD 703082913623
BAD 703065607499
BAD 703065607501
BAD 703065958103
BAD 703066451719
BAD 703066451723
BAD 703105443949
BAD 703113214621
BAD 703116970291
BAD 703117013113
BAD 703118878103
BAD 703143448129
BAD 703144501027
BAD 703144735201
BAD 703148685163
BAD 703148685167
BAD 703180776769
BAD 703160033659
BAD 703160033663
BAD 703161895321
BAD 703166532163
BAD 703166532181
BAD 703093100873
BAD 703093100881
BAD 703093100887
BAD 703096450339
BAD 703098373309
BAD 703123752173
BAD 703128875489
BAD 703128875503
BAD 703205355889
BAD 703207104151
BAD 703207386131
BAD 703215409109
BAD 703215409111
BAD 703215409129
BAD 703215409133
BAD 703218803359
BAD 703218803431
BAD 703218803437
BAD 703189869289
BAD 703189869293
BAD 703233323843
BAD 703234102561
BAD 703241288483
BAD 703242454729
BAD 703249199777
BAD 703250411299
BAD 703292900929
BAD 703297344881
BAD 703300776197
BAD 703327121573
BAD 703327121579
BAD 703301596121
BAD 703301596171
BAD 703343872381
BAD 703255220519
BAD 703347464243
BAD 703258428893
BAD 703354401229
BAD 703263731263
BAD 703263731273
BAD 703264151923
BAD 703265209379
BAD 703314617723
BAD 703314981931
BAD 703316492303
BAD 703317032527
BAD 703275755893
BAD 703317806923
BAD 703317806927
BAD 703317806929
BAD 703269381869
BAD 703276353529
BAD 703277424701
BAD 703279766131
BAD 703279766141
BAD 703284697897
BAD 703284697909
BAD 703384729519
BAD 703391014679
BAD 703391014681
BAD 703391014691
BAD 703391014693
BAD 703391992343
BAD 703427141551
BAD 703427141561
BAD 703427141563
BAD 703429008193
BAD 703429008209
BAD 703429008211
BAD 703355468209
BAD 703400838559
BAD 703401324029
BAD 703360173811
BAD 703404709669
BAD 703404709673
BAD 703360766333
BAD 703361937923
BAD 703435438583
BAD 703436918809
BAD 703437575143
BAD 703437575153
BAD 703366878259
BAD 703371118501
BAD 703371169483
BAD 703410326089
BAD 703410326093
BAD 703415560763
BAD 703468274689
BAD 703468274693
BAD 703441727641
BAD 703441727647
BAD 703442645291
BAD 703447092949
BAD 703497101491
BAD 703497101521
BAD 703545059629
BAD 703545403109
BAD 703545403111
BAD 703545403117
BAD 703525676573
BAD 703514307803
BAD 703514307817
BAD 703515707039
BAD 703515707047
BAD 703530858859
BAD 703520292667
BAD 703474685513
BAD 703521870899
BAD 703521870923
BAD 703521870937
BAD 703550486633
BAD 703551049351
BAD 703555012753
BAD 703555012757
BAD 703555012759
BAD 703538028143
BAD 703538683963
BAD 703482559547
BAD 703488519691
BAD 703592524543
BAD 703595333543
BAD 703605233423
BAD 703606041059
BAD 703606221589
BAD 703559179097
BAD 703564091869
BAD 703564091873
BAD 703674594719
BAD 703678756063
BAD 703678756073
BAD 703575111601
BAD 703694048677
BAD 703575836507
BAD 703670685943
BAD 703670685953
BAD 703670685979
BAD 703612824331
BAD 703584305953
BAD 703672297907
BAD 703615758323
BAD 703615758331
BAD 703618161229
BAD 703618308859
BAD 703618308863
BAD 703700700361
BAD 703625625457
BAD 703702086859
BAD 703702086863
BAD 703703553703
BAD 703707451039
BAD 703637170403
BAD 703639315333
BAD 703639315349
BAD 703763913011
BAD 703764921583
BAD 703777536299
BAD 703730461043
BAD 703779973913
BAD 703780405571
BAD 703780405583
BAD 703781244637
BAD 703781244643
BAD 703708884821
BAD 703708884863
BAD 703708884869
BAD 703708884871
BAD 703708884877
BAD 703708884881
BAD 703736747507
BAD 703790801993
BAD 703790834191
BAD 703737583621
BAD 703791086293
BAD 703712317129
BAD 703712317141
BAD 703713108211
BAD 703714724599
BAD 703714724641
BAD 703797370103
BAD 703797608671
BAD 703798149287
BAD 703798149289
BAD 703743617461
BAD 703720221319
BAD 703751557237
BAD 703753708607
BAD 703825200217
BAD 703842570889
BAD 703849405003
BAD 703885583837
BAD 703885583839
BAD 703837045099
BAD 703898012773
BAD 703898012791
BAD 703900753223
BAD 703900753249
BAD 703900753267
BAD 703900753277
BAD 703900753279
BAD 703901432683
BAD 703913537449
BAD 703940791471
BAD 703940791523
BAD 703942021789
BAD 703942021793
BAD 703864568831
BAD 703864568833
BAD 703870873339
BAD 703872555163
BAD 703875121927
BAD 703943141701
BAD 703947482179
BAD 703947482201
BAD 703947482221
BAD 703976657837
BAD 703976657851
BAD 703976657873
BAD 704077829957
BAD 704012962999
BAD 703994468299
BAD 704015473561
BAD 704015632207
BAD 704015632223
BAD 704029099591
BAD 703985782447
BAD 703985860693
BAD 704060547587
BAD 704000813693
BAD 703986800903
BAD 704061701653
BAD 704001303023
BAD 704001861877
BAD 704001861881
BAD 704001861883
BAD 704062447247
BAD 704021832469
BAD 704003630417
BAD 704003630419
BAD 704068186531
BAD 704068186573
BAD 704068186579
BAD 704038972501
BAD 704072826361
BAD 703962231757
BAD 703962231761
BAD 704048301487
BAD 704048539463
BAD 704129361601
BAD 704129361623
BAD 704130323993
BAD 704130324047
BAD 704130324049
BAD 704052041993
BAD 704052906833
BAD 704148904253
BAD 704056279321
BAD 704135574383
BAD 704155648877
BAD 704155648879
BAD 704155648883
BAD 704143161247
BAD 704159276503
BAD 704186402149
BAD 704186402167
BAD 704187422291
BAD 704187422293
BAD 704188616783
BAD 704189058767
BAD 704213700893
BAD 704216863267
BAD 704216863271
BAD 704115463927
BAD 704115916349
BAD 704115916351
BAD 704162942543
BAD 704164264717
BAD 704164264721
BAD 704164264723
BAD 704164264747
BAD 704167851173
BAD 704228322653
BAD 704230793713
BAD 704232230771
BAD 704171083283
BAD 704236118329
BAD 704237096243
BAD 704175055613
BAD 704175401603
BAD 704175624353
BAD 704238364943
BAD 704205478159
BAD 704207817227
BAD 704266272901
BAD 704266272907
BAD 704266272911
BAD 704271085381
BAD 704278113283
BAD 704278113289
BAD 704278113293
BAD 704281932481
BAD 704286643399
BAD 704288725279
BAD 704320639459
BAD 704325977359
BAD 704327635943
BAD 704308694989
BAD 704308694993
BAD 704309276863
BAD 704379359521
BAD 704379359533
BAD 704379359543
BAD 704386136851
BAD 704399574743
BAD 704367145441
BAD 704367145457
BAD 704367145459
BAD 704367145463
BAD 704369733923
BAD 704369733929
BAD 704369733931
BAD 704369876479
BAD 704374417897
BAD 704378053997
BAD 704378053999
BAD 704439147661
BAD 704334614303
BAD 704334614311
BAD 704334723529
BAD 704334723539
BAD 704472395873
BAD 704422585973
BAD 704447345929
BAD 704341641187
BAD 704343653317
BAD 704455721273
BAD 704457348841
BAD 704459405269
BAD 704513502467
BAD 704516731427
BAD 704516815003
BAD 704516815007
BAD 704521317961
BAD 704535892523
BAD 704537740771
BAD 704546947283
BAD 704551210747
BAD 704353687003
BAD 704353687007
BAD 704356804499
BAD 704487142069
BAD 704491297621
BAD 704492877383
BAD 704494044959
BAD 704563668559
BAD 704564978251
BAD 704499107497
BAD 704508135691
BAD 704615933783
BAD 704616709109
BAD 704617844599
BAD 704617844717
BAD 704617844719
BAD 704617844809
BAD 704586973073
BAD 704587711027
BAD 704622215179
BAD 704622215189
BAD 704622215191
BAD 704629940431
BAD 704595966689
BAD 704654060531
BAD 704654060533
BAD 704654330881
BAD 704654330899
BAD 704654330909
BAD 704654330911
BAD 704610213743
BAD 704665762543
BAD 704683878083
BAD 704683878089
BAD 704705062517
BAD 704705062519
BAD 704709422479
BAD 704689014511
BAD 704710431049
BAD 704710431067
BAD 704712266749
BAD 704712266759
BAD 704712266761
BAD 704712266807
BAD 704712266809
BAD 704692268101
BAD 704679148273
BAD 704693468933
BAD 704765789863
BAD 704769711791
BAD 704769711803
BAD 704772744527
BAD 704802065581
BAD 704743231337
BAD 704743231343
BAD 704743231351
BAD 704743231411
BAD 704849970931
BAD 704849970959
BAD 704849970961
BAD 704775325313
BAD 704776442119
BAD 704805026987
BAD 704818023467
BAD 704758698739
BAD 704778042611
BAD 704778042613
BAD 704778638903
BAD 704759734561
BAD 704779830511
BAD 704808951199
BAD 704808951271
BAD 704762254223
BAD 704860804201
BAD 704788665043
BAD 704788665047
BAD 704762899081
BAD 704763137401
BAD 704763137423
BAD 704824009081
BAD 704764520197
BAD 704826118127
BAD 704827372247
BAD 704792758861
BAD 704792758883
BAD 704831222969
BAD 704831222971
BAD 704880582061
BAD 704880582073
BAD 704880582089
BAD 704883898183
BAD 704885144659
BAD 704890472107
BAD 704897783719
BAD 704898296029
BAD 704912630593
BAD 704915334569
BAD 704915334583
BAD 704719948417
BAD 704719948423
BAD 704720622869
BAD 704720622871
BAD 704726846743
BAD 704953834309
BAD 704953834313
BAD 704963101133
BAD 704963641609
BAD 704963641661
BAD 704963641663
BAD 704834802689
BAD 704934068959
BAD 704934997883
BAD 704935856407
BAD 704943012887
BAD 704943012889
BAD 704945437681
BAD 704945437687
BAD 705017249719
BAD 704986929301
BAD 705025061359
BAD 704967673721
BAD 704969303791
BAD 704970481871
BAD 704993830613
BAD 704995666171
BAD 704995666189
BAD 704974093013
BAD 704996765639
BAD 704999555347
BAD 704999555353
BAD 704979765733
BAD 705000273181
BAD 705000273199
BAD 705001395949
BAD 705001395953
BAD 705013210093
BAD 705015901091
BAD 705015901097
BAD 705034834249
BAD 705067276117
BAD 705069022501
BAD 705046933249
BAD 705070406021
BAD 705070406023
BAD 705060060017
BAD 705063198361
BAD 705065384773
BAD 705093154903
BAD 705065867659
BAD 705101625127
BAD 705111848813
BAD 705139945651
BAD 705139945669
BAD 705139945673
BAD 705141151909
BAD 705146886193
BAD 705189441871
BAD 705189441899
BAD 705189441907
BAD 705211492943
BAD 705133148077
BAD 705133148081
BAD 705251317051
BAD 705251317063
BAD 705251929399
BAD 705235821847
BAD 705270481789
BAD 705272939131
BAD 705272939149
BAD 705272939153
BAD 705274379783
BAD 705248579107
BAD 705222168817
BAD 705222168841
BAD 705277063103
BAD 705277063109
BAD 705277063111
BAD 705277459559
BAD 705277459561
BAD 705224197043
BAD 705280434667
BAD 705280434671
BAD 705226319117
BAD 705183499507
BAD 705183687829
BAD 705183687833
BAD 705228197449
BAD 705228259733
BAD 705228259739
BAD 705228259741
BAD 705291957683
BAD 705292092331
BAD 705292175603
BAD 705292175611
BAD 705298182607
BAD 705298391729
BAD 705299209343
BAD 705304080787
BAD 705304080829
BAD 705309695087
BAD 705309695089
BAD 705310443347
BAD 705313067783
BAD 705317876849
BAD 705317876869
BAD 705317876873
BAD 705319397359
BAD 705336061753
BAD 705344643197
BAD 705370480823
BAD 705373536047
BAD 705375966523
BAD 705378226403
BAD 705386410501
BAD 705386410511
BAD 705386410513
BAD 705386410517
BAD 705386410549
BAD 705389786461
BAD 705399760369
BAD 705399760379
BAD 705399760381
BAD 705399760397
BAD 705399760399
BAD 705404454289
BAD 705411206911
BAD 705411206917
BAD 705411420911
BAD 705411420913
BAD 705411420919
BAD 705360529361
BAD 705471307391
BAD 705471307393
BAD 705474103133
BAD 705422707151
BAD 705422707153
BAD 705477871531
BAD 705477871541
BAD 705455743547
BAD 705455743549
BAD 705488676569
BAD 705431325553
BAD 705431325569
BAD 705491178533
BAD 705491178541
BAD 705431671843
BAD 705485090567
BAD 705485090573
BAD 705485507633
BAD 705486060361
BAD 705486060371
BAD 705486060373
BAD 705500682013
BAD 705503554111
BAD 705504061741
BAD 705510506863
BAD 705520518433
BAD 705574516147
BAD 705576688519
BAD 705586902751
BAD 705609563027
BAD 705584699363
BAD 705655895251
BAD 705655895279
BAD 705655895281
BAD 705556351327
BAD 705622856303
BAD 705622856317
BAD 705622856321
BAD 705593726749
BAD 705593726753
BAD 705662199841
BAD 705631742971
BAD 705669889703
BAD 705669889711
BAD 705669889723
BAD 705669889733
BAD 705675102959
BAD 705675102961
BAD 705549751273
BAD 705688663859
BAD 705694324081
BAD 705694324171
BAD 705694324177
BAD 705713836771
BAD 705638758697
BAD 705646627463
BAD 705728069329
BAD 705733197241
BAD 705736932647
BAD 705759676231
BAD 705738343433
BAD 705739610039
BAD 705739610083
BAD 705741884971
BAD 705897964663
BAD 705897964669
BAD 705897964699
BAD 705898342081
BAD 705898342133
BAD 705858479609
BAD 705859778843
BAD 705859778851
BAD 705862226947
BAD 705877817839
BAD 705877817851
BAD 705780390743
BAD 705832640641
BAD 705832640647
BAD 705832640651
BAD 705868501369
BAD 705785832361
BAD 705883433161
BAD 705789744349
BAD 705789744353
BAD 705796044539
BAD 705797502973
BAD 705797502979
BAD 705799915729
BAD 705802288823
BAD 705841699993
BAD 705841699999
BAD 705850352903
BAD 705850545419
BAD 705851969227
BAD 705821179801
BAD 705821179853
BAD 705912296941
BAD 705912838381
BAD 705918759199
BAD 705925089061
BAD 705925224293
BAD 705925948939
BAD 705934246169
BAD 705943793393
BAD 705936791039
BAD 705936791041
BAD 705936791071
BAD 705936791083
BAD 705936791089
BAD 705936791093
BAD 705938011813
BAD 706074546017
BAD 706074546019
BAD 706045500089
BAD 706077177209
BAD 705955518173
BAD 706052758847
BAD 706052758849
BAD 706053055009
BAD 706053055013
BAD 706053055021
BAD 706053055087
BAD 706053941591
BAD 706086425063
BAD 705993443971
BAD 705982262131
BAD 706010473801
BAD 705983508337
BAD 706012856539
BAD 706012856551
BAD 706012856557
BAD 705985728883
BAD 705985728887
BAD 705965827283
BAD 706018102703
BAD 706020154681
BAD 706020154687
BAD 706021528549
BAD 706111156879
BAD 706111757657
BAD 706091312783
BAD 706116074179
BAD 706024326299
BAD 706094302883
BAD 706094302897
BAD 706100625509
BAD 706100625511
BAD 706033013579
BAD 706104933497
BAD 706106361277
BAD 706106361283
BAD 706106764819
BAD 706106764823
BAD 706038927313
BAD 706058050861
BAD 706039126279
BAD 706039126283
BAD 706063648441
BAD 706065297143
BAD 706070935421
BAD 706132511429
BAD 706132511431
BAD 706134446669
BAD 706137400543
BAD 706137400547
BAD 706151901577
BAD 706261767931
BAD 706168651127
BAD 706168651129
BAD 706247511157
BAD 706263807791
BAD 706263807793
BAD 706249530169
BAD 706220575579
BAD 706253984179
BAD 706233576151
BAD 706233576179
BAD 706257642997
BAD 706273104659
BAD 706240740239
BAD 706240740241
BAD 706194750749
BAD 706199431087
BAD 706199431099
BAD 706199431103
BAD 706203926453
BAD 706205324183
BAD 706330127023
BAD 706333442083
BAD 706333442107
BAD 706345441939
BAD 706291887143
BAD 706299052477
BAD 706299052483
BAD 706303105373
BAD 706303105393
BAD 706303105397
BAD 706303105399
BAD 706497851249
BAD 706497851251
BAD 706384344713
BAD 706503547853
BAD 706309038571
BAD 706507156783
BAD 706321245829
BAD 706431006121
BAD 706432254277
BAD 706444354373
BAD 706444354381
BAD 706435797943
BAD 706447669667
BAD 706456544173
BAD 706415999917
BAD 706367856377
BAD 706367856379
BAD 706370992651
BAD 706374676981
BAD 706511956379
BAD 706519189357
BAD 706525310233
BAD 706527413873
BAD 706529918011
BAD 706535905981
BAD 706573930963
BAD 706628582809
BAD 706637117273
BAD 706546535173
BAD 706546964917
BAD 706553689519
BAD 706555112413
BAD 706557412391
BAD 706557964747
BAD 706577846539
BAD 706577846543
BAD 706584359123
BAD 706584797213
BAD 706647141061
BAD 706596113191
BAD 706596113239
BAD 706596512761
BAD 706597039879
BAD 706611811223
BAD 706661212573
BAD 706601957029
BAD 706666556927
BAD 706666556929
BAD 706666556933
BAD 706622345657
BAD 706622345659
BAD 706607150869
BAD 706607150881
BAD 706607151031
BAD 706607151097
BAD 706610131373
BAD 706674286867
BAD 706674286891
BAD 706700840401
BAD 706702603199
BAD 706704124591
BAD 706704216817
BAD 706704216833
BAD 706780202173
BAD 706780202179
BAD 706780477441
BAD 706711589069
BAD 706711589071
BAD 706781416541
BAD 706762701649
BAD 706715010653
BAD 706766842723
BAD 706718213063
BAD 706774153819
BAD 706747718029
BAD 706751887133
BAD 706756729969
BAD 706757291761
BAD 706757291777
BAD 706757291783
BAD 706760227573
BAD 706760227577
BAD 706846865741
BAD 706846865743
BAD 706848772583
BAD 706849410457
BAD 706819021133
BAD 706824403339
BAD 706829507827
BAD 706829641337
BAD 706829641339
BAD 706830941827
BAD 706830941903
BAD 706888693793
BAD 706892607979
BAD 706892607983
BAD 706893651439
BAD 706894878359
BAD 706840273303
BAD 706844614079
BAD 706687563259
BAD 706687563287
BAD 706687563289
BAD 706687563293
BAD 706692416611
BAD 706731166159
BAD 706731166171
BAD 706731166189
BAD 706736395559
BAD 706868000233
BAD 706873146313
BAD 706877352403
BAD 706743883913
BAD 706932161281
BAD 706932161297
BAD 706932700127
BAD 706932700129
BAD 706808343533
BAD 706944723539
BAD 706948571369
BAD 706953392969
BAD 706954502731
BAD 706956330701
BAD 706921938109
BAD 706921938113
BAD 706968877007
BAD 706968877009
BAD 707100711641
BAD 707100711643
BAD 707100711649
BAD 707017272823
BAD 707017272859
BAD 707017272881
BAD 707101383293
BAD 707131746791
BAD 707101820543
BAD 707131746793
BAD 707131746799
BAD 707101820549
BAD 707101820573
BAD 707101820587
BAD 707020565269
BAD 707135245381
BAD 707113731367
BAD 707081237209
BAD 707081237231
BAD 707028111599
BAD 707086521877
BAD 707110292467
BAD 707110292491
BAD 707119053691
BAD 707033665861
BAD 706999391017
BAD 707088176701
BAD 707112382103
BAD 707145209857
BAD 707003510267
BAD 707005722803
BAD 707122962181
BAD 707122962187
BAD 707008845343
BAD 707010029653
BAD 707092539017
BAD 707092539019
BAD 706992068933
BAD 706994125091
BAD 706994125093
BAD 706995759719
BAD 706995759721
BAD 707164428169
BAD 707046833833
BAD 707046833837
BAD 707046833839
BAD 707046833861
BAD 707046833863
BAD 707169792127
BAD 707048631979
BAD 707051067707
BAD 707154781681
BAD 707154781687
BAD 707052278783
BAD 707052278791
BAD 707052278797
BAD 707160419039
BAD 707160419041
BAD 707160985429
BAD 707217478237
BAD 707217478243
BAD 707217478249
BAD 707206867639
BAD 707220784579
BAD 707220784651
BAD 707064347461
BAD 707064347491
BAD 707064347501
BAD 707064347503
BAD 707210934341
BAD 707225415683
BAD 707213722849
BAD 707226349849
BAD 707226723631
BAD 707227950371
BAD 707229607891
BAD 707259815209
BAD 707260071373
BAD 707261493173
BAD 707261493181
BAD 707321135671
BAD 707326890331
BAD 707265035039
BAD 707265035041
BAD 707266942037
BAD 707268266333
BAD 707269483541
BAD 707269486643
BAD 707270561383
BAD 707271322781
BAD 707238358553
BAD 707343959293
BAD 707343959297
BAD 707240956231
BAD 707246929313
BAD 707247690329
BAD 707349495353
BAD 707351033033
BAD 707314712183
BAD 707282780447
BAD 707378849369
BAD 707378849371
BAD 707378849377
BAD 707381080339
BAD 707381596433
BAD 707381596583
BAD 707419713193
BAD 707419713197
BAD 707502460591
BAD 707502460607
BAD 707487706721
BAD 707503866031
BAD 707503866037
BAD 707503866053
BAD 707504824801
BAD 707489509513
BAD 707489509523
BAD 707544287407
BAD 707511802849
BAD 707545793099
BAD 707469327601
BAD 707469327613
BAD 707583577453
BAD 707552975923
BAD 707552975929
BAD 707552975933
BAD 707552975963
BAD 707553349541
BAD 707553349543
BAD 707584325893
BAD 707554011889
BAD 707472422389
BAD 707555028559
BAD 707555028563
BAD 707586811073
BAD 707397355997
BAD 707397355999
BAD 707479635997
BAD 707479636001
BAD 707592344033
BAD 707519192353
BAD 707565044617
BAD 707565044623
BAD 707608406663
BAD 707608406669
BAD 707608406671
BAD 707608511461
BAD 707595247069
BAD 707611078571
BAD 707524123147
BAD 707596631971
BAD 707596631977
BAD 707633936333
BAD 707634202939
BAD 707634202943
BAD 707573135981
BAD 707573135989
BAD 707576272331
BAD 707404606933
BAD 707404606973
BAD 707647812293
BAD 707407556357
BAD 707407556363
BAD 707649856811
BAD 707649856813
BAD 707649856819
BAD 707459474549
BAD 707459474551
BAD 707619292123
BAD 707621667953
BAD 707414990911
BAD 707622067309
BAD 707623994827
BAD 707624834107
BAD 707624834117
BAD 707691525907
BAD 707696434681
BAD 707653710583
BAD 707698085753
BAD 707662514173
BAD 707662514179
BAD 707663639743
BAD 707663639779
BAD 707663639783
BAD 707752523353
BAD 707754074813
BAD 707760844199
BAD 707760844201
BAD 707776950583
BAD 707778717067
BAD 707781873053
BAD 707781873061
BAD 707781873067
BAD 707719288193
BAD 707720523109
BAD 707720523113
BAD 707723460049
BAD 707723460053
BAD 707723460121
BAD 707725942321
BAD 707735196803
BAD 707730293819
BAD 707730293821
BAD 707703610763
BAD 707744649863
BAD 707706337643
BAD 707748686527
BAD 707750093341
BAD 707714173561
BAD 707667653551
BAD 707667653557
BAD 707667653569
BAD 707667653579
BAD 707671983817
BAD 707676929809
BAD 707677924523
BAD 707677924529
BAD 707801527987
BAD 707801527991
BAD 707785522999
BAD 707786486131
BAD 707788831759
BAD 707806640953
BAD 707807800873
BAD 707808966307
BAD 707811516791
BAD 707813738713
BAD 707814782099
BAD 707922654079
BAD 707798756143
BAD 707924802877
BAD 707800807859
BAD 707828201099
BAD 707834320187
BAD 707933091079
BAD 707934915019
BAD 707934915029
BAD 707934915031
BAD 707835507937
BAD 707870216791
BAD 707905566143
BAD 707839247033
BAD 707875061293
BAD 707875061297
BAD 707841502759
BAD 707841502763
BAD 707909337739
BAD 707910014429
BAD 707910014431
BAD 707852175983
BAD 707852175997
BAD 707852176001
BAD 707844346217
BAD 707844346219
BAD 707855253289
BAD 707917335767
BAD 707917335773
BAD 707856263539
BAD 707977129469
BAD 707977129471
BAD 707886096143
BAD 707979521563
BAD 707893759513
BAD 707988722983
BAD 708019523423
BAD 708071562349
BAD 707995417147
BAD 707995417153
BAD 707995417159
BAD 708024437381
BAD 708024437383
BAD 708024935213
BAD 708025369801
BAD 707997907163
BAD 707997907171
BAD 707999827699
BAD 707999827729
BAD 708080830781
BAD 708001132261
BAD 708089215937
BAD 708029752597
BAD 708031699171
BAD 708031699189
BAD 708032833427
BAD 708032833429
BAD 708007444981
BAD 708039392371
BAD 708041192843
BAD 708041192851
BAD 708041634367
BAD 708012304471
BAD 708012304477
BAD 708018652637
BAD 708018652639
BAD 708018652643
BAD 708047458871
BAD 708047458873
BAD 708047458913
BAD 708048383803
BAD 708101293819
BAD 708051138061
BAD 708052302193
BAD 708052302211
BAD 707960798933
BAD 708112780009
BAD 708117431551
BAD 708117431569
BAD 708055071793
BAD 708055071803
BAD 708067353157
BAD 708174013333
BAD 708178551397
BAD 708178551407
BAD 708184074211
BAD 708185535331
BAD 708130975501
BAD 708130975507
BAD 708131666003
BAD 708136842559
BAD 708148417331
BAD 708148797883
BAD 708190144489
BAD 708195861133
BAD 708227323717
BAD 708227323721
BAD 708227323763
BAD 708228332197
BAD 708232220363
BAD 708204698701
BAD 708308396539
BAD 708213539707
BAD 708312305033
BAD 708214304467
BAD 708331149091
BAD 708219665213
BAD 708219665249
BAD 708297880727
BAD 708297880729
BAD 708297880733
BAD 708298146799
BAD 708360061469
BAD 708320713403
BAD 708298146929
BAD 708298146931
BAD 708298146937
BAD 708298146949
BAD 708298915801
BAD 708321495143
BAD 708287670241
BAD 708287670247
BAD 708300239483
BAD 708369699253
BAD 708239772523
BAD 708239772529
BAD 708239772533
BAD 708245627567
BAD 708441523343
BAD 708445291523
BAD 708480662843
BAD 708349721813
BAD 708350229443
BAD 708350229451
BAD 708350229463
BAD 708483357017
BAD 708483357019
BAD 708483924391
BAD 708400028041
BAD 708269057633
BAD 708269057647
BAD 708269057651
BAD 708269057653
BAD 708269057659
BAD 708404342383
BAD 708376489103
BAD 708384440689
BAD 708384440693
BAD 708384440713
BAD 708462304073
BAD 708385781581
BAD 708495466607
BAD 708471699503
BAD 708501286357
BAD 708427892101
BAD 708429179707
BAD 708429179723
BAD 708434298577
BAD 708556921159
BAD 708556921199
BAD 708556921201
BAD 708559643893
BAD 708559643899
BAD 708506086763
BAD 708560546437
BAD 708561813943
BAD 708520450291
BAD 708523729063
BAD 708529028707
BAD 708529028749
BAD 708529028759
BAD 708529028761
BAD 708529028783
BAD 708538797587
BAD 708575798719
BAD 708545314793
BAD 708545314811
BAD 708545863147
BAD 708546325519
BAD 708549327193
BAD 708550072213
BAD 708550991881
BAD 708593466299
BAD 708594979307
BAD 708594979321
BAD 708594979327
BAD 708594979331
BAD 708594979333
BAD 708600518057
BAD 708602553829
BAD 708602553833
BAD 708742684093
BAD 708617276803
BAD 708618522847
BAD 708772096477
BAD 708772462171
BAD 708691617727
BAD 708661320979
BAD 708693671249
BAD 708697211363
BAD 708709871453
BAD 708709871509
BAD 708665904913
BAD 708796026923
BAD 708713052559
BAD 708798170191
BAD 708628360549
BAD 708668939611
BAD 708669944467
BAD 708719807513
BAD 708719807533
BAD 708719807539
BAD 708729159857
BAD 708729159893
BAD 708685705129
BAD 708685705163
BAD 708736147433
BAD 708737407591
BAD 708886325579
BAD 708645065153
BAD 708812014459
BAD 708817120103
BAD 708818350217
BAD 708819573589
BAD 708824150273
BAD 708824799877
BAD 708824800001
BAD 708852667433
BAD 708775308881
BAD 708776075671
BAD 708866043121
BAD 708780389039
BAD 708780389041
BAD 708910941547
BAD 708870155689
BAD 708791050397
BAD 708791050399
BAD 708791050403
BAD 708791050483
BAD 708923541439
BAD 708925979119
BAD 708927883693
BAD 708933253123
BAD 708934560863
BAD 708893157131
BAD 708893157139
BAD 708895087781
BAD 708895087793
BAD 708895087807
BAD 708901166069
BAD 708903424991
BAD 708903424993
BAD 708904845991
BAD 708906812759
BAD 708906812791
BAD 708944359831
BAD 708950576699
BAD 708957495041
BAD 708987503113
BAD 708996570641
BAD 708996570643
BAD 709004086201
BAD 709004086207
BAD 709004086211
BAD 709004086213
BAD 709004086253
BAD 709004086261
BAD 709004191769
BAD 709004191771
BAD 709004191789
BAD 709004191799
BAD 709004191801
BAD 709113783299
BAD 709113898099
BAD 709059239131
BAD 709121380463
BAD 709121380469
BAD 709122802433
BAD 709177271851
BAD 709177271857
BAD 709177376431
BAD 709179258077
BAD 709279185553
BAD 709145022437
BAD 709293828127
BAD 709151084107
BAD 709151084119
BAD 709151084123
BAD 709060404659
BAD 709152701069
BAD 709152701071
BAD 709152701077
BAD 709245782689
BAD 709245782701
BAD 709063814749
BAD 709064531353
BAD 709066554809
BAD 709066826779
BAD 709155981841
BAD 709155981847
BAD 709169912219
BAD 709169912221
BAD 709096673759
BAD 709170645023
BAD 709250177653
BAD 709099421123
BAD 709100628391
BAD 709100628437
BAD 709194251069
BAD 709194251071
BAD 709196300479
BAD 709196795339
BAD 709074392743
BAD 709256413031
BAD 709142708383
BAD 709143229063
BAD 709108998113
BAD 709205330461
BAD 709321839229
BAD 709301755163
BAD 709301755171
BAD 709027575271
BAD 709311288353
BAD 709082122181
BAD 709211780317
BAD 709034145551
BAD 709034145553
BAD 709036464571
BAD 709221466523
BAD 709221466573
BAD 709221466579
BAD 709221908959
BAD 709221908963
BAD 709222516591
BAD 709225548337
BAD 709273053781
BAD 709328389873
BAD 709330964081
BAD 709332735367
BAD 709334146141
BAD 709348844453
BAD 709351340989
BAD 709351340993
BAD 709351341011
BAD 709351969411
BAD 709351969421
BAD 709358245613
BAD 709380519623
BAD 709380519629
BAD 709396319693
BAD 709383299491
BAD 709383299507
BAD 709383299509
BAD 709401571343
BAD 709389854707
BAD 709389854713
BAD 709392438511
BAD 709363743559
BAD 709363743563
BAD 709370819281
BAD 709371086791
BAD 709413228679
BAD 709415811761
BAD 709415811763
BAD 709422988243
BAD 709430206039
BAD 709430224703
BAD 709432225429
BAD 709432225433
BAD 709436365739
BAD 709436365741
BAD 709437311281
BAD 709437811463
BAD 709440696857
BAD 709440696859
BAD 709598034169
BAD 709598034179
BAD 709462754423
BAD 709464750307
BAD 709574988937
BAD 709574988979
BAD 709623370021
BAD 709577984681
BAD 709577984683
BAD 709471587061
BAD 709471587067
BAD 709610913317
BAD 709449707867
BAD 709474652519
BAD 709612106327
BAD 709450934293
BAD 709476917887
BAD 709458837943
BAD 709458837961
BAD 709514145313
BAD 709514145317
BAD 709522654613
BAD 709485730913
BAD 709584315113
BAD 709487226361
BAD 709488616673
BAD 709489052219
BAD 709489052221
BAD 709636008751
BAD 709490583523
BAD 709490583533
BAD 709637964703
BAD 709637964709
BAD 709492345343
BAD 709493760449
BAD 709493760463
BAD 709508623591
BAD 709665095851
BAD 709546262003
BAD 709546262041
BAD 709647859027
BAD 709647859031
BAD 709647859033
BAD 709668346327
BAD 709651516291
BAD 709669128907
BAD 709551427073
BAD 709672337053
BAD 709672337057
BAD 709672337063
BAD 709672531039
BAD 709557645721
BAD 709557645743
BAD 709557645749
BAD 709557645751
BAD 709698277777
BAD 709686157643
BAD 709687272199
BAD 709679545951
BAD 709705195393
BAD 709705195417
BAD 709705329079
BAD 709706056849
BAD 709708037477
BAD 709732399669
BAD 709736126431
BAD 709719374269
BAD 709722484073
BAD 709743047701
BAD 709743047707
BAD 709743047711
BAD 709723852289
BAD 709723852291
BAD 709764680329
BAD 709765238573
BAD 709765238909
BAD 709765238911
BAD 709766161987
BAD 709769547523
BAD 709750200517
BAD 709750200521
BAD 709753627469
BAD 709763713973
BAD 709789576159
BAD 709814694863
BAD 709816972933
BAD 709819576381
BAD 709804452923
BAD 709805982541
BAD 709812689239
BAD 709837182731
BAD 709837182799
BAD 709847825573
BAD 709881794003
BAD 709882667731
BAD 709917867587
BAD 709919385619
BAD 709919385653
BAD 709919385661
BAD 709921345187
BAD 709890017003
BAD 709890017017
BAD 709924647379
BAD 709928311123
BAD 709899891383
BAD 709853474069
BAD 709933269277
BAD 709873041203
BAD 709895775109
BAD 709856695403
BAD 709856695447
BAD 709904898649
BAD 709904898653
BAD 709937040299
BAD 709937040301
BAD 709876832281
BAD 709859349113
BAD 709878844589
BAD 709878844613
BAD 709861097461
BAD 709941398473
BAD 709941398477
BAD 709944907339
BAD 709952099431
BAD 709975649749
BAD 709987024193
BAD 709987024199
BAD 709987024207
BAD 709987024211
BAD 709987024213
BAD 709988869043
BAD 709989306527
BAD 709989306529
BAD 709994285899
RANGE 700000000000 710000000000 PRIMES 366552635 BAD 2446
