BAD 930305583821
BAD 930184724941
BAD 930311359997
BAD 930262285123
BAD 930314233531
BAD 930189570931
BAD 930350449649
BAD 930317040979
BAD 930248029903
BAD 930224569243
BAD 930249767383
BAD 930250154549
BAD 930250154551
BAD 930135606271
BAD 930168040303
BAD 930229304089
BAD 930229304129
BAD 930229304203
BAD 930229304209
BAD 930356570267
BAD 930172347019
BAD 930008817307
BAD 930204242509
BAD 930361237583
BAD 930021914267
BAD 930182828213
BAD 930072101227
BAD 930075976561
BAD 930388855463
BAD 930388855523
BAD 930391612013
BAD 930394896929
BAD 930394896931
BAD 930395288131
BAD 930395288143
BAD 930061085101
BAD 930035495791
BAD 930035495803
BAD 930036888661
BAD 930036888691
BAD 930324823793
BAD 930327600119
BAD 930327600121
BAD 930328074439
BAD 930328074451
BAD 930111384967
BAD 930335316811
BAD 930099887851
BAD 930419451139
BAD 930413541181
BAD 930421018463
BAD 930424461797
BAD 930424461803
BAD 930457572581
BAD 930457572589
BAD 930457572593
BAD 930462157553
BAD 930435275773
BAD 930465052553
BAD 930438674183
BAD 930448723081
BAD 930448723133
BAD 930452306269
BAD 930537030383
BAD 930521305471
BAD 930521305481
BAD 930541242181
BAD 930541242187
BAD 930528784531
BAD 930497157949
BAD 930606222367
BAD 930612087271
BAD 930658876333
BAD 930665344043
BAD 930638151077
BAD 930638151109
BAD 930651357191
BAD 930651357193
BAD 930586535867
BAD 930586535869
BAD 930586535873
BAD 930746941723
BAD 930732905717
BAD 930697606277
BAD 930751384961
BAD 930684146479
BAD 930705321257
BAD 930752592331
BAD 930752592337
BAD 930752592361
BAD 930685759279
BAD 930775178783
BAD 930775178791
BAD 930712624459
BAD 930717690713
BAD 930784871273
BAD 930784871287
BAD 930797239193
BAD 930770241631
BAD 930770241637
BAD 930843896077
BAD 930845944747
BAD 930824702897
BAD 930854865407
BAD 930833723179
BAD 930835572949
BAD 930835572959
BAD 930835572971
BAD 930835572983
BAD 930835573013
BAD 930835942727
BAD 930837319499
BAD 930837746359
BAD 930932689147
BAD 930932689163
BAD 930934726627
BAD 930962812883
BAD 930937782811
BAD 930963819979
BAD 930963819983
BAD 930808661459
BAD 930808661569
BAD 930813895681
BAD 930815558423
BAD 930815558437
BAD 930815558461
BAD 930949372403
BAD 930949372421
BAD 931061490431
BAD 931061490433
BAD 931210625503
BAD 931228007971
BAD 931228007993
BAD 931228008001
BAD 931230056641
BAD 930978594047
BAD 931249724003
BAD 931257760421
BAD 931304471191
BAD 931304471197
BAD 931268190289
BAD 931269467369
BAD 931269467371
BAD 931269467377
BAD 931309375771
BAD 931336199149
BAD 931336199153
BAD 931336199159
BAD 931279010033
BAD 931279010047
BAD 931282262663
BAD 930994121357
BAD 930994121359
BAD 930994121363
BAD 931291113211
BAD 931291835167
BAD 931291835171
BAD 931149953197
BAD 931149953207
BAD 931149953221
BAD 931050293869
BAD 931152393049
BAD 931012280353
BAD 931012280357
BAD 931012399553
BAD 931155320243
BAD 931155320257
BAD 931053358267
BAD 931053358271
BAD 931053358273
BAD 931091665513
BAD 931091665529
BAD 931091665531
BAD 931055264677
BAD 931026567179
BAD 931026567181
BAD 931099652089
BAD 931100900929
BAD 931103363063
BAD 931202118907
BAD 931168262779
BAD 931177671383
BAD 931182524981
BAD 931182524983
BAD 931124486737
BAD 931080848333
BAD 931084267523
BAD 931439605219
BAD 931474828987
BAD 931474829003
BAD 931474829009
BAD 931474829011
BAD 931474829041
BAD 931478644099
BAD 931478644147
BAD 931478644153
BAD 931485699943
BAD 931521035603
BAD 931452787093
BAD 931452787099
BAD 931452787103
BAD 931456642877
BAD 931416643163
BAD 931499221579
BAD 931499221591
BAD 931502560343
BAD 931596344563
BAD 931609220713
BAD 931746500843
BAD 931758125569
BAD 931732840187
BAD 931732840189
BAD 931610809039
BAD 931610809043
BAD 931617056417
BAD 931619166883
BAD 931623895493
BAD 931623895513
BAD 931654632487
BAD 931665350663
BAD 931666493011
BAD 931666493033
BAD 931666493053
BAD 931666493057
BAD 931834186733
BAD 931835884073
BAD 931668393361
BAD 931672403359
BAD 931894766419
BAD 931894766423
BAD 931721089339
BAD 931682605727
BAD 931682605729
BAD 931687996763
BAD 931687996769
BAD 931695755329
BAD 931696254061
BAD 931696254067
BAD 931710200153
BAD 931789964117
BAD 931795064917
BAD 931795064923
BAD 931932384707
BAD 931932384709
BAD 931932384727
BAD 931939836497
BAD 931940923483
BAD 931763293393
BAD 931763870707
BAD 931766966561
BAD 931766966563
BAD 931767986161
BAD 931774799629
BAD 931774799633
BAD 931897552021
BAD 931897552031
BAD 931901233477
BAD 931920355139
BAD 931922358559
BAD 931981939619
BAD 931981939621
BAD 931926440153
BAD 932108170463
BAD 932108170481
BAD 932010026951
BAD 931949990287
BAD 931962011899
BAD 932130903139
BAD 932137749001
BAD 932139074627
BAD 932139074689
BAD 932139074693
BAD 932142954647
BAD 932142954649
BAD 932188477501
BAD 932194731173
BAD 932196183733
BAD 932198639279
BAD 932198639297
BAD 932176685857
BAD 932208373429
BAD 932018341091
BAD 932178339019
BAD 932022035473
BAD 932023661531
BAD 932023661533
BAD 932083952609
BAD 932089509811
BAD 932089860769
BAD 932089860773
BAD 931963641481
BAD 931963641491
BAD 931963641493
BAD 931969604161
BAD 931973329711
BAD 931973329717
BAD 931973329723
BAD 931977000853
BAD 931977000991
BAD 931977001051
BAD 932122835251
BAD 932072891909
BAD 932123989039
BAD 932125507307
BAD 932125507309
BAD 932128294463
BAD 932128469017
BAD 932365885237
BAD 932383479431
BAD 932404461067
BAD 932404461071
BAD 932404461073
BAD 932404461113
BAD 932404461119
BAD 932377724209
BAD 932409567893
BAD 932409567899
BAD 932409567919
BAD 932409567923
BAD 932409567949
BAD 932381556319
BAD 932272437463
BAD 932049504571
BAD 932433990379
BAD 932446363889
BAD 932224320913
BAD 932261253499
BAD 932262968849
BAD 932289540079
BAD 932237338471
BAD 932245085573
BAD 932468990743
BAD 932498919007
BAD 932321824541
BAD 932321824543
BAD 932321824549
BAD 932325536587
BAD 932326756943
BAD 932328519449
BAD 932309931743
BAD 932567162801
BAD 932567162803
BAD 932568732533
BAD 932576289391
BAD 932576289397
BAD 932576289409
BAD 932577944237
BAD 932577944239
BAD 932578614493
BAD 932578614497
BAD 932659904131
BAD 932647990249
BAD 932665569653
BAD 932665907323
BAD 932518400819
BAD 932519989789
BAD 932522644103
BAD 932533769971
BAD 932535069593
BAD 932687245583
BAD 932810332549
BAD 932811102809
BAD 932820196039
BAD 932820196081
BAD 932823390217
BAD 932789945629
BAD 932789945641
BAD 932796321581
BAD 932831530691
BAD 932831530693
BAD 932832847411
BAD 932833344413
BAD 932557050329
BAD 932557050331
BAD 932557377709
BAD 932683940581
BAD 932561753183
BAD 932561753191
BAD 932561753261
BAD 932561753267
BAD 932566125583
BAD 932837070001
BAD 932840498567
BAD 932840498573
BAD 932840504489
BAD 932841086257
BAD 932841086267
BAD 932841086269
BAD 932909426063
BAD 932600188453
BAD 932600188459
BAD 932919069883
BAD 932862064373
BAD 932927821621
BAD 932927821627
BAD 932969436983
BAD 932735273161
BAD 932612198201
BAD 932612797561
BAD 932710271671
BAD 932988105761
BAD 932982906631
BAD 932982906637
BAD 933000028253
BAD 933002329381
BAD 933004446953
BAD 933022021681
BAD 933007094017
BAD 933028492351
BAD 933016710817
BAD 933033784399
BAD 933077002513
BAD 933056083591
BAD 933065965621
BAD 933065965633
BAD 933069979213
BAD 933069979217
BAD 932899595731
BAD 933222789959
BAD 933234015097
BAD 933239798863
BAD 933239798873
BAD 933263877391
BAD 933244724603
BAD 933245984989
BAD 933105633001
BAD 933196756813
BAD 933115168663
BAD 933115168697
BAD 933211383593
BAD 933341840603
BAD 933346573303
BAD 933347489749
BAD 933407916773
BAD 933417023093
BAD 933454144549
BAD 933421378619
BAD 933336556993
BAD 933355858093
BAD 933364365653
BAD 933364405403
BAD 933368732143
BAD 933126264517
BAD 933136794721
BAD 933374404411
BAD 933374404421
BAD 933374404423
BAD 933374404429
BAD 933186010117
BAD 933186242281
BAD 933186944233
BAD 933506568233
BAD 933300240427
BAD 933510216533
BAD 933510216539
BAD 933302087941
BAD 933533956339
BAD 933533956343
BAD 933535526437
BAD 933518658983
BAD 933457683929
BAD 933457683931
BAD 933457683947
BAD 933542400551
BAD 933543696817
BAD 933544486663
BAD 933565878761
BAD 933463353733
BAD 933464420117
BAD 933550437151
BAD 933550870871
BAD 933550870873
BAD 933550870883
BAD 933390256181
BAD 933496493263
BAD 933497181427
BAD 933497181431
BAD 933497181433
BAD 933497181437
BAD 933497181439
BAD 933497181443
BAD 933501512521
BAD 933400062193
BAD 933400738513
BAD 933643155611
BAD 933662810809
BAD 933656019323
BAD 933677819353
BAD 933678570793
BAD 933685549063
BAD 933687941869
BAD 933687941873
BAD 933693647617
BAD 933609749113
BAD 933609749147
BAD 933586931549
BAD 933629689843
BAD 933629689847
BAD 933629689849
BAD 933479873303
BAD 933734809123
BAD 933714307147
BAD 933724336123
BAD 933758983097
BAD 933758983099
BAD 933848780773
BAD 933787012133
BAD 933877725113
BAD 933884037323
BAD 933940530377
BAD 933940530379
BAD 933981084893
BAD 933994742567
BAD 933994742573
BAD 933997680233
BAD 933991750673
BAD 934009303481
BAD 933814491563
BAD 933814491583
BAD 934019361949
BAD 934021958893
BAD 934024678831
BAD 933829501403
BAD 933806227643
BAD 933807000859
BAD 933836670103
BAD 933973914793
BAD 933837643523
BAD 933952752203
BAD 933917312297
BAD 933924138649
BAD 934098040181
BAD 934099512173
BAD 934052591257
BAD 934086826531
BAD 934132685921
BAD 934092373703
BAD 934066380967
BAD 934066380983
BAD 934074723781
BAD 934114382393
BAD 934231263241
BAD 934239385153
BAD 934244420689
BAD 934163166689
BAD 934167862273
BAD 934167862321
BAD 934167862333
BAD 934177361501
BAD 934177361503
BAD 934326277823
BAD 934374310999
BAD 934209806461
BAD 934448317157
BAD 934461976081
BAD 934535583607
BAD 934299121453
BAD 934299255629
BAD 934310223409
BAD 934595562629
BAD 934595562631
BAD 934579025561
BAD 934579025563
BAD 934258840129
BAD 934264103083
BAD 934264103089
BAD 934396543363
BAD 934396543373
BAD 934396543471
BAD 934400000539
BAD 934272845357
BAD 934274540789
BAD 934274540791
BAD 934402949213
BAD 934404941471
BAD 934404941473
BAD 934521397679
BAD 934521397681
BAD 934521397687
BAD 934500270967
BAD 934500270971
BAD 934500270973
BAD 934416138223
BAD 934502184079
BAD 934504736623
BAD 934471260061
BAD 934473891853
BAD 934345656263
BAD 934345656269
BAD 934345656271
BAD 934353256117
BAD 934353256121
BAD 934353256163
BAD 934635145553
BAD 934635489257
BAD 934635489259
BAD 934643798689
BAD 934702507969
BAD 934703759287
BAD 934703759291
BAD 934330760569
BAD 934383116167
BAD 934338005483
BAD 934730028259
BAD 934742109023
BAD 934744516529
BAD 934784182547
BAD 934784182559
BAD 934796387599
BAD 934629951991
BAD 934807256923
BAD 934807256927
BAD 934751284639
BAD 934599278989
BAD 934753014761
BAD 934753014763
BAD 934753014773
BAD 934757216059
BAD 934757216069
BAD 934822929133
BAD 934833282421
BAD 934831114759
BAD 934846362937
BAD 934847802547
BAD 934859198761
BAD 934861810811
BAD 934937499817
BAD 934944234283
BAD 934971938041
BAD 935026011263
BAD 935029324423
BAD 935007225811
BAD 935009988827
BAD 935013733231
BAD 935013733237
BAD 935013733249
BAD 934873835261
BAD 934873835263
BAD 935086907693
BAD 935097278477
BAD 935097278483
BAD 935121506797
BAD 935121506933
BAD 935121506941
BAD 935121506947
BAD 935127472493
BAD 935127472507
BAD 935106939619
BAD 935059262807
BAD 935252255411
BAD 935219392579
BAD 935265041329
BAD 935179081169
BAD 935232695491
BAD 935232695503
BAD 935181405889
BAD 935181405901
BAD 935070965929
BAD 935071667899
BAD 935071667941
BAD 935150611999
BAD 935150868601
BAD 935150868607
BAD 935153885033
BAD 935076252443
BAD 935163257323
BAD 935079797599
BAD 935081682053
BAD 935082689509
BAD 935303427859
BAD 935281857683
BAD 935343571849
BAD 935343571879
BAD 935347176587
BAD 935349284491
BAD 935349284497
BAD 935349294991
BAD 935141006941
BAD 935363415323
BAD 935147754581
BAD 935386260983
BAD 935387606207
BAD 935379035939
BAD 935395159861
BAD 935395159903
BAD 935395159973
BAD 935395213111
BAD 935332160537
BAD 935250100133
BAD 935195710643
BAD 935455114163
BAD 935459283833
BAD 935443445413
BAD 935563278841
BAD 935506261517
BAD 935506261519
BAD 935506261523
BAD 935613933743
BAD 935522151331
BAD 935529689749
BAD 935529689753
BAD 935529689761
BAD 935529996571
BAD 935469514103
BAD 935583465463
BAD 935481268537
BAD 935625331469
BAD 935628281543
BAD 935633685529
BAD 935633685533
BAD 935633685541
BAD 935633685551
BAD 935408664401
BAD 935413646663
BAD 935687576191
BAD 935698053211
BAD 935743746349
BAD 935745659819
BAD 935745659833
BAD 935748735967
BAD 935748735979
BAD 935809324543
BAD 935752559431
BAD 935752559579
BAD 935733737231
BAD 935733737233
BAD 935735678477
BAD 935735678509
BAD 935766493733
BAD 935769018517
BAD 935769018529
BAD 935769018533
BAD 935769018551
BAD 935830207709
BAD 935833888453
BAD 935833888631
BAD 935845591171
BAD 935853511283
BAD 935594076401
BAD 935594076427
BAD 935594076433
BAD 935594076451
BAD 935594076457
BAD 935654826817
BAD 935654826823
BAD 935597885081
BAD 935597885083
BAD 935602976573
BAD 935603166373
BAD 935662612583
BAD 935662612589
BAD 935664200291
BAD 935664200293
BAD 935711965963
BAD 935711966041
BAD 935711966051
BAD 935714178079
BAD 935714178083
BAD 935790419749
BAD 935781168481
BAD 936056877559
BAD 935861404889
BAD 935861404897
BAD 935861404901
BAD 935861404903
BAD 935862114857
BAD 935883192253
BAD 935883192259
BAD 935884712747
BAD 935884712753
BAD 935960264273
BAD 935891668279
BAD 935893582937
BAD 935963794273
BAD 935963794279
BAD 935980792573
BAD 935903592593
BAD 936042807631
BAD 936042807653
BAD 936050765527
BAD 936054828263
BAD 935999473009
BAD 935999473033
BAD 935999473037
BAD 935999473039
BAD 936092565451
BAD 936004251683
BAD 936099779207
BAD 936101588689
BAD 936101588693
BAD 936101619493
BAD 936101619503
BAD 936127523101
BAD 936024571733
BAD 936024571739
BAD 936024571747
BAD 936024571777
BAD 936154338193
BAD 936154338211
BAD 936198761447
BAD 936178524823
BAD 936243915967
BAD 936243916009
BAD 936243916019
BAD 936243916021
BAD 936243916031
BAD 936243916033
BAD 936245126783
BAD 936293316367
BAD 936355660637
BAD 936355660649
BAD 936305048389
BAD 936305202673
BAD 936265742119
BAD 936265742131
BAD 936269309303
BAD 936269309323
BAD 936269546833
BAD 936271278031
BAD 936409644187
BAD 936459399023
BAD 936500169197
BAD 936485115901
BAD 936485115953
BAD 936413857927
BAD 936465654961
BAD 936465654967
BAD 936416822251
BAD 936395325431
BAD 936395325433
BAD 936402803249
BAD 936402803251
BAD 936524055239
BAD 936524055241
BAD 936524664263
BAD 936279548249
BAD 936279548251
BAD 936285365273
BAD 936308851867
BAD 936308851871
BAD 936308851873
BAD 936311985751
BAD 936312066763
BAD 936312560539
BAD 936312560543
BAD 936313706693
BAD 936313706701
BAD 936326161531
BAD 936327745987
BAD 936327745993
BAD 936384467717
BAD 936384467719
BAD 936384467723
BAD 936339872777
BAD 936365265449
BAD 936451186387
BAD 936598765643
BAD 936598765651
BAD 936540050917
BAD 936543725599
BAD 936547393709
BAD 936547393711
BAD 936566249963
BAD 936566423677
BAD 936578982683
BAD 936578982697
BAD 936679976483
BAD 936660787957
BAD 936660787961
BAD 936660787963
BAD 936706046557
BAD 936708907663
BAD 936647128399
BAD 936715175633
BAD 936715175663
BAD 936650917739
BAD 936650917747
BAD 936734727811
BAD 936740822557
BAD 936740822561
BAD 936753182041
BAD 936762707417
BAD 936775956001
BAD 936898000903
BAD 936902296237
BAD 936905005093
BAD 936907781731
BAD 936841443763
BAD 936633460003
BAD 936633460019
BAD 936634019569
BAD 936876177599
BAD 936876177607
BAD 936637534583
BAD 936849854797
BAD 936639804017
BAD 936639804019
BAD 936856355447
BAD 936856355453
BAD 936858399949
BAD 936932706289
BAD 936933071959
BAD 936795859301
BAD 936992659201
BAD 937113550781
BAD 937113550783
BAD 937113550799
BAD 937113550801
BAD 937113550861
BAD 937115127269
BAD 937115127271
BAD 937123060201
BAD 937112665849
BAD 937029233689
BAD 937174876543
BAD 937150348879
BAD 937152786001
BAD 937162177439
BAD 937162177447
BAD 937136711773
BAD 937141462337
BAD 937141462363
BAD 937146780547
BAD 937030211959
BAD 937009032299
BAD 937009032301
BAD 937012449073
BAD 937077036901
BAD 937078091783
BAD 937215857293
BAD 937220459983
BAD 937229596627
BAD 937083748693
BAD 937083748697
BAD 937083748703
BAD 937084919131
BAD 937092913871
BAD 937092913873
BAD 937094835197
BAD 937095262603
BAD 937095262613
BAD 937320788149
BAD 937231877341
BAD 937231877347
BAD 937300940761
BAD 937256394097
BAD 937256394133
BAD 937305536899
BAD 937305536903
BAD 937266418547
BAD 937266418579
BAD 937419131549
BAD 937423182299
BAD 937423182301
BAD 937423203601
BAD 937484138197
BAD 937484979817
BAD 937486451731
BAD 937488579499
BAD 937440799523
BAD 937453554691
BAD 937455690053
BAD 937456374223
BAD 937459374499
BAD 937459374503
BAD 937559926813
BAD 937559986201
BAD 937560578833
BAD 937560578839
BAD 937350180421
BAD 937350180427
BAD 937351992947
BAD 937351993057
BAD 937352082607
BAD 937355478643
BAD 937355478649
BAD 937355478659
BAD 937355478679
BAD 937355478691
BAD 937636606969
BAD 937640362759
BAD 937640742749
BAD 937646066479
BAD 937369002029
BAD 937371375683
BAD 937407701669
BAD 937407701677
BAD 937521055909
BAD 937522515407
BAD 937523026597
BAD 937528710109
BAD 937528710121
BAD 937532750281
BAD 937532750299
BAD 937532815501
BAD 937545983243
BAD 937723864897
BAD 937723864901
BAD 937790486419
BAD 937706734709
BAD 937706734711
BAD 937706734717
BAD 937797118381
BAD 937797745763
BAD 937708666493
BAD 937714968647
BAD 937714968649
BAD 937714968653
BAD 937604608937
BAD 937604608939
BAD 937691993243
BAD 937734898343
BAD 937764738121
BAD 937764738133
BAD 937804811089
BAD 937747090561
BAD 937809960497
BAD 937809960499
BAD 937816920379
BAD 937630866023
BAD 937630866049
BAD 937833827327
BAD 937778735093
BAD 937783407661
BAD 937783483207
BAD 937783483211
BAD 937873483343
BAD 937883047271
BAD 937883047273
BAD 937883917441
BAD 938009825693
BAD 937838695163
BAD 937838695169
BAD 937840223893
BAD 937923543773
BAD 937934343029
BAD 937908141917
BAD 937863200389
BAD 937865944241
BAD 937961248463
BAD 937979669423
BAD 937983085583
BAD 937995826973
BAD 937997016353
BAD 937998983443
BAD 938072049961
BAD 938023384957
BAD 938030988317
BAD 938030988319
BAD 938035630537
BAD 938183463967
BAD 938223980053
BAD 938141685067
BAD 938211221243
BAD 938211221249
BAD 938211221251
BAD 938211221281
BAD 938211221293
BAD 938164790317
BAD 938166287579
BAD 938166287581
BAD 938218437677
BAD 938151822301
BAD 938220638671
BAD 938220638687
BAD 938220638689
BAD 938169495353
BAD 937945800413
BAD 938242264087
BAD 938250585463
BAD 938091448433
BAD 938092165531
BAD 938095643071
BAD 938095643077
BAD 938099378131
BAD 938105486347
BAD 938112088141
BAD 938259291469
BAD 938259291481
BAD 938264821499
BAD 938271297991
BAD 938272974019
BAD 938275431943
BAD 938318481713
BAD 938320084703
BAD 938334484981
BAD 938336212441
BAD 938405509703
BAD 938359578263
BAD 938360340527
BAD 938360340529
BAD 938361032513
BAD 938558811167
BAD 938594630873
BAD 938594630887
BAD 938594630903
BAD 938371187993
BAD 938290832299
BAD 938605843103
BAD 938578687549
BAD 938578687603
BAD 938579569339
BAD 938583448801
BAD 938588982623
BAD 938588982629
BAD 938353751719
BAD 938425865269
BAD 938428699631
BAD 938431266823
BAD 938431266827
BAD 938431266841
BAD 938438101243
BAD 938457743567
BAD 938457743569
BAD 938683310599
BAD 938443452811
BAD 938683310603
BAD 938443748663
BAD 938458634297
BAD 938461278499
BAD 938448652333
BAD 938480107883
BAD 938484348253
BAD 938484348257
BAD 938484348259
BAD 938495079551
BAD 938495079553
BAD 938495331203
BAD 938495866423
BAD 938495866433
BAD 938496251419
BAD 938496251423
BAD 938511944569
BAD 938504391079
BAD 938528667931
BAD 938531795629
BAD 938531795633
BAD 938691437549
BAD 938693426423
BAD 938696843993
BAD 938633450243
BAD 938704033811
BAD 938704033819
BAD 938706823771
BAD 938716183763
BAD 938647137301
BAD 938610182311
BAD 938611120849
BAD 938740151863
BAD 938760768313
BAD 938831262653
BAD 938831262679
BAD 938831262683
BAD 938831262689
BAD 938831262709
BAD 938831262713
BAD 938833152091
BAD 938834127331
BAD 938840366467
BAD 938892967787
BAD 938844875519
BAD 938898793309
BAD 938943751351
BAD 938947935017
BAD 938947935019
BAD 938947935031
BAD 938855423003
BAD 938754858499
BAD 938934930001
BAD 939016435807
BAD 938957550809
BAD 938957550829
BAD 938962504573
BAD 938964243541
BAD 938964500333
BAD 939021218977
BAD 939021218987
BAD 939022774051
BAD 939025990579
BAD 938804069431
BAD 938804200703
BAD 938816211803
BAD 938817179281
BAD 938780786407
BAD 938818164803
BAD 938788922299
BAD 938887810541
BAD 938887810591
BAD 938887810607
BAD 938887810691
BAD 938890778141
BAD 939116275663
BAD 939119109001
BAD 939126442483
BAD 939126442489
BAD 939039667417
BAD 939064800319
BAD 939065743831
BAD 939067582309
BAD 939072225529
BAD 939072225613
BAD 939109129723
BAD 939109129733
BAD 939109129741
BAD 938912227313
BAD 938914172551
BAD 938915906381
BAD 938873015567
BAD 938873015569
BAD 938873015573
BAD 938923385027
BAD 938992598483
BAD 938994918013
BAD 939128174129
BAD 939128174137
BAD 939131012693
BAD 938981878699
BAD 939043406963
BAD 939006864743
BAD 939137731733
BAD 939137731747
BAD 939058343417
BAD 939058343567
BAD 939058343569
BAD 939231055381
BAD 939165109957
BAD 939165110017
BAD 939165110021
BAD 939209488627
BAD 939270049903
BAD 939271937509
BAD 939285690689
BAD 939275967887
BAD 939179386699
BAD 939255075229
BAD 939257834029
BAD 939260264071
BAD 939260264077
BAD 939325034119
BAD 939307313993
BAD 939307313999
BAD 939326885963
BAD 939309636283
BAD 939345906943
BAD 939336431311
BAD 939353962793
BAD 939356324839
BAD 939369975833
BAD 939373496869
BAD 939409947211
BAD 939381402563
BAD 939381402577
BAD 939383665741
BAD 939648752971
BAD 939420833951
BAD 939657672523
BAD 939657672533
BAD 939661034173
BAD 939581329943
BAD 939635858543
BAD 939664392691
BAD 939668787859
BAD 939598579189
BAD 939598579193
BAD 939598579201
BAD 939670032563
BAD 939670032577
BAD 939600801379
BAD 939678405607
BAD 939678405613
BAD 939493582471
BAD 939442514303
BAD 939446917483
BAD 939446917499
BAD 939446917501
BAD 939512695223
BAD 939518619139
BAD 939525194263
BAD 939701546821
BAD 939703456849
BAD 939712696441
BAD 939739808303
BAD 939622224691
BAD 939771060607
BAD 939771060671
BAD 939771060673
BAD 939777025283
BAD 939777730799
BAD 939777730841
BAD 939777953399
BAD 939805590407
BAD 939811007491
BAD 939873578393
BAD 939824592073
BAD 939829956539
BAD 939984222019
BAD 939980771003
BAD 939980771017
BAD 939995974763
BAD 939996463207
BAD 939996463213
BAD 939884885939
BAD 939908005121
BAD 939908005123
BAD 939893047271
BAD 939933268123
BAD 939933268291
BAD 939939458551
BAD 939917445899
BAD 939853883497
BAD 939857095601
BAD 939954284923
BAD 939956231377
BAD 939956231387
BAD 939956231393
BAD 939957917989
RANGE 930000000000 940000000000 PRIMES 362797214 BAD 1316
