BAD 500201888873
BAD 500203302901
BAD 500204201899
BAD 500204201957
BAD 500051747963
BAD 500051748011
BAD 500051748043
BAD 500051748047
BAD 500051748067
BAD 500051748089
BAD 500052380161
BAD 500052380173
BAD 500205023497
BAD 500205023501
BAD 500371571341
BAD 500372557771
BAD 500304966449
BAD 500304966451
BAD 500223825139
BAD 500056611809
BAD 500056611811
BAD 500225931713
BAD 500377645673
BAD 500226543109
BAD 500060585701
BAD 500229237163
BAD 500265615979
BAD 500209082431
BAD 500209082449
BAD 500265877483
BAD 500265877487
BAD 500209387159
BAD 500313912751
BAD 500381948929
BAD 500209387163
BAD 500265877523
BAD 500313912757
BAD 500314259009
BAD 500314266923
BAD 500266398979
BAD 500209808737
BAD 500209808743
BAD 500382921847
BAD 500064783541
BAD 500315623169
BAD 500268080399
BAD 500268080401
BAD 500268080503
BAD 500384890373
BAD 500234230403
BAD 500037112613
BAD 500037112669
BAD 500038795777
BAD 500168850809
BAD 500151538763
BAD 500041719031
BAD 500083897123
BAD 500389486523
BAD 500085512903
BAD 500086614589
BAD 500086614593
BAD 500391165233
BAD 500086614607
BAD 500336103433
BAD 500086614617
BAD 500336103437
BAD 500336103439
BAD 500336103481
BAD 500285240827
BAD 500285240837
BAD 500285240839
BAD 500045621707
BAD 500045708489
BAD 500392045891
BAD 500392084217
BAD 500392084219
BAD 500046090391
BAD 500392631131
BAD 500337779089
BAD 500047326071
BAD 500047326073
BAD 500269903163
BAD 500102348191
BAD 500090125243
BAD 500270808991
BAD 500270809021
BAD 500188387493
BAD 500049379727
BAD 500049379729
BAD 500340743269
BAD 500340743281
BAD 500004153679
BAD 500395545257
BAD 500004153683
BAD 500290686899
BAD 500105404013
BAD 500290686901
BAD 500091561839
BAD 500091561841
BAD 500160960841
BAD 500341144111
BAD 500067597893
BAD 500366057941
BAD 500396166779
BAD 500396322653
BAD 500291650783
BAD 500191464757
BAD 500068401071
BAD 500068401073
BAD 500323098287
BAD 500107329529
BAD 500068977539
BAD 500367512311
BAD 500163446183
BAD 500294029423
BAD 500294029457
BAD 500294029463
BAD 500108813929
BAD 500108813933
BAD 500095347083
BAD 500194106249
BAD 500095988143
BAD 500095988149
BAD 500326114979
BAD 500071576033
BAD 500295912139
BAD 500096881423
BAD 500096881429
BAD 500181812993
BAD 500344870057
BAD 500344870061
BAD 500344870063
BAD 500181919381
BAD 500181919387
BAD 500097726343
BAD 500072667379
BAD 500072667383
BAD 500072667397
BAD 500400657259
BAD 500072970533
BAD 500167742999
BAD 500010279121
BAD 500280708947
BAD 500401596613
BAD 500401596623
BAD 500329091863
BAD 500113520087
BAD 500113520089
BAD 500074741643
BAD 500282231473
BAD 500282231479
BAD 500114185303
BAD 500237889847
BAD 500282231483
BAD 500282231489
BAD 500012792273
BAD 500282946671
BAD 500282946679
BAD 500013407899
BAD 500013407903
BAD 500013407923
BAD 500198622173
BAD 500198622181
BAD 500115332071
BAD 500076988787
BAD 500284754161
BAD 500333213389
BAD 500333676013
BAD 500334179041
BAD 500352177383
BAD 500352177397
BAD 500242982509
BAD 500245161373
BAD 500083652011
BAD 500247899783
BAD 500020240843
BAD 500251159259
BAD 500024209351
BAD 500024209357
BAD 500136637267
BAD 500137331633
BAD 500126920771
BAD 500126920801
BAD 500126920807
BAD 500129660119
BAD 500129660123
BAD 500140484539
BAD 500144456993
BAD 500149092973
BAD 500437596653
BAD 500438974843
BAD 500438974853
BAD 500438974859
BAD 500439422957
BAD 500441139953
BAD 500445370393
BAD 500446458661
BAD 500446682123
BAD 500447139217
BAD 500447434819
BAD 500449439323
BAD 500473988347
BAD 500407876699
BAD 500474551411
BAD 500474711047
BAD 500474711071
BAD 500412057331
BAD 500412057349
BAD 500478986437
BAD 500479041481
BAD 500479041487
BAD 500481893257
BAD 500481893297
BAD 500416430573
BAD 500483824223
BAD 500419754581
BAD 500419759253
BAD 500420397991
BAD 500422177597
BAD 500422361161
BAD 500428357999
BAD 500428358011
BAD 500428640281
BAD 500435540963
BAD 500671702513
BAD 500671702519
BAD 500756799541
BAD 500757395449
BAD 500757685343
BAD 500758118167
BAD 500623455203
BAD 500676327631
BAD 500762126881
BAD 500677399853
BAD 500763024557
BAD 500763136943
BAD 500765505059
BAD 500765505061
BAD 500560296737
BAD 500560296739
BAD 500767449671
BAD 500563181033
BAD 500767449673
BAD 500685357881
BAD 500685357883
BAD 500769185227
BAD 500631474089
BAD 500632502131
BAD 500568888073
BAD 500569418857
BAD 500569418863
BAD 500770245293
BAD 500633872759
BAD 500637523993
BAD 500489033449
BAD 500489033467
BAD 500491964983
BAD 500495720183
BAD 500460924289
BAD 500466286403
BAD 500466286409
BAD 500466286433
BAD 500468206523
BAD 500468206729
BAD 500657997953
BAD 500657997979
BAD 500538104137
BAD 500659227253
BAD 500659866169
BAD 500659866173
BAD 500522388757
BAD 500523550027
BAD 500739551401
BAD 500523794531
BAD 500665969151
BAD 500665969157
BAD 500644397977
BAD 500644636249
BAD 500741124031
BAD 500526648497
BAD 500545487653
BAD 500545487657
BAD 500668353673
BAD 500669923057
BAD 500531230553
BAD 500649434533
BAD 500649434539
BAD 500649434543
BAD 500748395941
BAD 500552925347
BAD 500552925349
BAD 500749460303
BAD 500750032339
BAD 500651493887
BAD 500535626161
BAD 500536637141
BAD 500536637143
BAD 500753689063
BAD 500793954757
BAD 500795078897
BAD 500795078899
BAD 500721665123
BAD 500722844059
BAD 500722844077
BAD 500798658053
BAD 500798658067
BAD 500704673437
BAD 500802519467
BAD 500802699013
BAD 500802699017
BAD 500587207369
BAD 500587207381
BAD 500587513319
BAD 500589031177
BAD 500589031193
BAD 500708109203
BAD 500503825193
BAD 500589898339
BAD 500590422443
BAD 500590422473
BAD 500728550831
BAD 500729203207
BAD 500593261073
BAD 500594131321
BAD 500594131363
BAD 500711962007
BAD 500711962013
BAD 500595198941
BAD 500595557809
BAD 500595736651
BAD 500595736657
BAD 500595761777
BAD 500732848549
BAD 500509302361
BAD 500509302367
BAD 500733323897
BAD 500733867331
BAD 500733867343
BAD 500597798761
BAD 500598548383
BAD 500598548393
BAD 500511598963
BAD 500511598967
BAD 500511598969
BAD 500511598973
BAD 500779531913
BAD 500779531927
BAD 500688185407
BAD 500513138621
BAD 500737864513
BAD 500718322831
BAD 500718322843
BAD 500689840111
BAD 500782746097
BAD 500690638801
BAD 500515100719
BAD 500720201263
BAD 500516128867
BAD 500516128873
BAD 500602704139
BAD 500602704143
BAD 500720952359
BAD 500574768697
BAD 500574768703
BAD 500693067079
BAD 500693067097
BAD 500517890027
BAD 500517890029
BAD 500785162177
BAD 500786440267
BAD 500695301941
BAD 500787848063
BAD 500580420257
BAD 500580420259
BAD 500581087733
BAD 500699010239
BAD 500699010241
BAD 500699687801
BAD 500701674961
BAD 500701674973
BAD 500702953189
BAD 500702953193
BAD 500607160423
BAD 500608986697
BAD 500614808093
BAD 500615935849
BAD 500616297431
BAD 500616297443
BAD 500617360063
BAD 500617593479
BAD 500617593481
BAD 500618222129
BAD 500618222131
BAD 500819659601
BAD 500819659603
BAD 500819975497
BAD 500822165387
BAD 500822165423
BAD 500822165449
BAD 500822165551
BAD 500823466993
BAD 500830920067
BAD 500830920077
BAD 500830920119
BAD 500831626081
BAD 500834492219
BAD 500838633571
BAD 500858766559
BAD 500859474623
BAD 500864296651
BAD 500866175717
BAD 500866175743
BAD 500869475893
BAD 500841694973
BAD 500841695063
BAD 500871529219
BAD 500871529229
BAD 500871529231
BAD 500843763187
BAD 500849671649
BAD 500852244331
BAD 500852244353
BAD 500855448421
BAD 500873100089
BAD 500873100121
BAD 500873100127
BAD 500873100131
BAD 500873100139
BAD 500873100151
BAD 500908810291
BAD 500876335933
BAD 500876335937
BAD 500878320139
BAD 500913432353
BAD 500914120913
BAD 500883417059
BAD 500883417061
BAD 500883574531
BAD 500918785207
BAD 500918896823
BAD 500918896847
BAD 500918896867
BAD 500885308739
BAD 500885308741
BAD 500921280037
BAD 500921770759
BAD 500924127061
BAD 500924127071
BAD 500924127073
BAD 500940084299
BAD 500940084301
BAD 500940146573
BAD 500925451141
BAD 500942325053
BAD 500943159331
BAD 500943159337
BAD 500944548383
BAD 500929475203
BAD 500929475209
BAD 500929475213
BAD 500929475219
BAD 500945040881
BAD 500933965463
BAD 500945697601
BAD 500947006733
BAD 500937828691
BAD 500937828697
BAD 500938263143
BAD 500949497407
BAD 500950223429
BAD 501191208503
BAD 501192700993
BAD 500955321641
BAD 500955439477
BAD 501195930797
BAD 501197663443
BAD 501199371731
BAD 501199371733
BAD 501199455271
BAD 501199455277
BAD 501199636057
BAD 501203420843
BAD 501203493689
BAD 501203493691
BAD 501204389731
BAD 501161881823
BAD 501161881837
BAD 501162257899
BAD 501162257903
BAD 501162257909
BAD 501169931747
BAD 501169931749
BAD 501170906713
BAD 501108081647
BAD 500965220957
BAD 501111397847
BAD 501111397849
BAD 501111397859
BAD 501111397861
BAD 501091401971
BAD 500966657593
BAD 501091401973
BAD 500966657603
BAD 501091558343
BAD 501091558349
BAD 501091558351
BAD 501113820817
BAD 501095375863
BAD 500971640269
BAD 501119156929
BAD 501119156933
BAD 501098912551
BAD 501099194317
BAD 501100382501
BAD 501121967023
BAD 500990208083
BAD 501101140549
BAD 501123257059
BAD 501123257069
BAD 501059340083
BAD 501102547879
BAD 501061238479
BAD 500993176609
BAD 501104288417
BAD 501104288431
BAD 501104458111
BAD 500994139453
BAD 501064652687
BAD 501064652689
BAD 501064652701
BAD 501064652719
BAD 501064652723
BAD 501064981943
BAD 501106295951
BAD 501106295953
BAD 501106295959
BAD 501066566359
BAD 501066566411
BAD 501067545751
BAD 501143115593
BAD 501143115601
BAD 501180396931
BAD 501008532653
BAD 501001838761
BAD 500895873593
BAD 501072581101
BAD 501181527653
BAD 501041141927
BAD 501001838767
BAD 500975913463
BAD 501023599541
BAD 501001838773
BAD 500975913467
BAD 501001838801
BAD 500975913469
BAD 501001838803
BAD 501023599543
BAD 501023624903
BAD 501024003031
BAD 500897487163
BAD 500897487169
BAD 501043097209
BAD 501043097221
BAD 501043097231
BAD 501004028563
BAD 500898836959
BAD 501075032099
BAD 500979724969
BAD 500979724981
BAD 501026766817
BAD 501026766829
BAD 500980008259
BAD 501011173123
BAD 501027267977
BAD 501186468773
BAD 500901451051
BAD 501187704113
BAD 500902020589
BAD 501153894623
BAD 501077799899
BAD 501012498067
BAD 501080901173
BAD 501080901221
BAD 500984965729
BAD 501015340261
BAD 501015340271
BAD 500904814499
BAD 501015843781
BAD 501051348409
BAD 501018779753
BAD 501054057089
BAD 501054057109
BAD 501054057113
BAD 501126056047
BAD 501126452867
BAD 501131559043
BAD 501135422891
BAD 501135422971
BAD 501136244423
BAD 501211159063
BAD 501212739337
BAD 501212739353
BAD 501137938999
BAD 501216183971
BAD 501216363383
BAD 501216560389
BAD 501216560393
BAD 501224754323
BAD 501224754367
BAD 501225772429
BAD 501225772433
BAD 501226237163
BAD 501226461247
BAD 501229564141
BAD 501231618829
BAD 501232648291
BAD 501240096193
BAD 501241492207
BAD 501246018139
BAD 501276268277
BAD 501276268279
BAD 501253366403
BAD 501280726189
BAD 501280880923
BAD 501257224543
BAD 501265469363
BAD 501269100323
BAD 501269100331
BAD 501269100337
BAD 501269101603
BAD 501288485153
BAD 501288485161
BAD 501290213257
BAD 501290213261
BAD 501272064361
BAD 501292327999
BAD 501298709963
BAD 501298935211
BAD 501300774937
BAD 501302701909
BAD 501302701919
BAD 501303361477
BAD 501304439983
BAD 501304439989
BAD 501305215651
BAD 501306778229
BAD 501344834993
BAD 501376282937
BAD 501376282943
BAD 501377135299
BAD 501384991909
BAD 501384991931
BAD 501385532521
BAD 501613899277
BAD 501613899289
BAD 501386790143
BAD 501387482459
BAD 501387482461
BAD 501353662951
BAD 501560648179
BAD 501560826499
BAD 501389748283
BAD 501389748287
BAD 501389748289
BAD 501357003083
BAD 501498105643
BAD 501498105653
BAD 501565169153
BAD 501565169159
BAD 501565169213
BAD 501565169221
BAD 501499996819
BAD 501500092931
BAD 501500177099
BAD 501500177107
BAD 501500463257
BAD 501500463259
BAD 501500983693
BAD 501623840183
BAD 501567491533
BAD 501567491561
BAD 501569914117
BAD 501570501521
BAD 501571588447
BAD 501572846543
BAD 501359397541
BAD 501359578339
BAD 501360201653
BAD 501360264049
BAD 501362058697
BAD 501362058739
BAD 501362662553
BAD 501362662561
BAD 501363374671
BAD 501363374683
BAD 501363782267
BAD 501365561131
BAD 501366602371
BAD 501366602383
BAD 501366832073
BAD 501367075303
BAD 501367075309
BAD 501367454779
BAD 501370759793
BAD 501527109409
BAD 501448969849
BAD 501371900077
BAD 501528980663
BAD 501530046673
BAD 501530672767
BAD 501374964773
BAD 501460850881
BAD 501460923083
BAD 501460923091
BAD 501462981781
BAD 501546447781
BAD 501314773147
BAD 501314773153
BAD 501536350061
BAD 501536350067
BAD 501536350069
BAD 501458476307
BAD 501459020281
BAD 501586725979
BAD 501315226369
BAD 501459020287
BAD 501551554583
BAD 501315226381
BAD 501513721573
BAD 501315226387
BAD 501513792919
BAD 501513792931
BAD 501587478493
BAD 501587478503
BAD 501327767839
BAD 501514763557
BAD 501552538913
BAD 501589520953
BAD 501589520959
BAD 501590494219
BAD 501516772921
BAD 501591321719
BAD 501517468873
BAD 501321983731
BAD 501592969369
BAD 501520936493
BAD 501335219393
BAD 501338826419
BAD 501338826421
BAD 501339304537
BAD 501525714127
BAD 501415559527
BAD 501415559531
BAD 501526693469
BAD 501526693471
BAD 501341986961
BAD 501417608057
BAD 501417992707
BAD 501424377061
BAD 501424377071
BAD 501424377073
BAD 501599263069
BAD 501393729271
BAD 501599943353
BAD 501396944261
BAD 501396944263
BAD 501399223189
BAD 501400361443
BAD 501400361467
BAD 501605872861
BAD 501605872883
BAD 501607520551
BAD 501607520657
BAD 501402442927
BAD 501406105661
BAD 501406105663
BAD 501430808633
BAD 501430808639
BAD 501430808653
BAD 501610023769
BAD 501430915021
BAD 501432463463
BAD 501437112203
BAD 501437112233
BAD 501485516821
BAD 501485516827
BAD 501442526131
BAD 501489730837
BAD 501491341193
BAD 501491341231
BAD 501627396253
BAD 501628088077
BAD 501628088083
BAD 501628088089
BAD 501630349949
BAD 501630349951
BAD 501630349967
BAD 501630901711
BAD 501630946909
BAD 501630946913
BAD 501635822147
BAD 501635822161
BAD 501635822167
BAD 501637043671
BAD 501660652079
BAD 501660652081
BAD 501697635169
BAD 501701928743
BAD 501704115919
BAD 501705802547
BAD 501705802553
BAD 501680570563
BAD 501680570569
BAD 501683113759
BAD 501685991879
BAD 501685991881
BAD 501686709289
BAD 501693658267
BAD 501670140791
BAD 501670140793
BAD 501694295933
BAD 501762629353
BAD 501764236459
BAD 501764554859
BAD 501764554861
BAD 501767812537
BAD 501712665973
BAD 501772262749
BAD 501772262753
BAD 501714652157
BAD 501773209207
BAD 501773209211
BAD 501773209213
BAD 501716129183
BAD 501775207733
BAD 501779272343
BAD 501779272349
BAD 501726411713
BAD 501783263647
BAD 501786821573
BAD 501790025047
BAD 501792068411
BAD 501792209609
BAD 501792209623
BAD 501792209627
BAD 501793067821
BAD 501793067827
BAD 501795616561
BAD 501796148677
BAD 501796148681
BAD 501796148683
BAD 501798752993
BAD 501799367497
BAD 501801333419
BAD 501801766903
BAD 501807979513
BAD 501808342169
BAD 501808342171
BAD 501809809463
BAD 501810714499
BAD 501949181119
BAD 501951920321
BAD 501954650443
BAD 501954868939
BAD 501957879691
BAD 501896868541
BAD 501958353653
BAD 501959714827
BAD 501900488213
BAD 501962365427
BAD 501982110953
BAD 501902447573
BAD 501733785089
BAD 501988815389
BAD 501846714931
BAD 501988815401
BAD 501988815403
BAD 501846792859
BAD 501846792883
BAD 501734832757
BAD 501745839641
BAD 501745839643
BAD 501848620613
BAD 501746380423
BAD 502015141223
BAD 502015141237
BAD 501913119047
BAD 501913119049
BAD 501913119053
BAD 501992113087
BAD 501992113121
BAD 501992113123
BAD 501849648427
BAD 501849691669
BAD 501737983973
BAD 502016465581
BAD 502017153133
BAD 502017153137
BAD 502017153139
BAD 502017670579
BAD 501829278359
BAD 501829278361
BAD 501829278367
BAD 501911617463
BAD 501829933799
BAD 501829933883
BAD 501830101193
BAD 501999128951
BAD 501999128963
BAD 501999128977
BAD 501741291553
BAD 501741327811
BAD 501741327817
BAD 501741327821
BAD 501741327823
BAD 501741327827
BAD 502018962611
BAD 501864554791
BAD 501864554813
BAD 502019901457
BAD 501743376661
BAD 501743842357
BAD 501743842361
BAD 501743842363
BAD 501743842367
BAD 501853150621
BAD 501744177203
BAD 501831628819
BAD 501854131577
BAD 501867068723
BAD 501867068803
BAD 501867068809
BAD 501920197819
BAD 501813256213
BAD 501754313311
BAD 501867658519
BAD 501968137861
BAD 501856066051
BAD 501813823367
BAD 501922166357
BAD 501868862353
BAD 501922755469
BAD 501922755511
BAD 501922755517
BAD 501814828927
BAD 501814828939
BAD 501970323557
BAD 501970323559
BAD 501970323563
BAD 501970323577
BAD 501756956539
BAD 501756956543
BAD 501756990919
BAD 501756990923
BAD 501869941297
BAD 502005046531
BAD 502005046537
BAD 501835304573
BAD 501835642753
BAD 501835642801
BAD 501971513143
BAD 501757993171
BAD 501758275727
BAD 501758275729
BAD 501836795221
BAD 501836795269
BAD 502027005751
BAD 501860920097
BAD 501861491003
BAD 501861491041
BAD 501973896689
BAD 501973896691
BAD 501973896737
BAD 501927921961
BAD 502028420213
BAD 502028420219
BAD 502028420221
BAD 502028420233
BAD 502028420281
BAD 501928978429
BAD 501928978433
BAD 501928978451
BAD 501928978513
BAD 501840322289
BAD 501976321013
BAD 501840644363
BAD 501840644387
BAD 502029324751
BAD 501876654031
BAD 502009808341
BAD 501823734053
BAD 501880089661
BAD 501881681711
BAD 501881681713
BAD 501887468933
BAD 501887468941
BAD 501888304639
BAD 501936834439
BAD 501893770789
BAD 501893770793
BAD 501940736893
BAD 501941479261
BAD 502071204373
BAD 502074371041
BAD 502074371053
BAD 502075073197
BAD 502032057451
BAD 502033123549
BAD 502033128803
BAD 502033128809
BAD 502033128811
BAD 502079818817
BAD 502079818819
BAD 502049855119
BAD 502053171239
BAD 502053171241
BAD 502055389343
BAD 502059425983
BAD 502060142377
BAD 502061977147
BAD 502061977189
BAD 502061977201
BAD 502084843553
BAD 502084887781
BAD 502086597307
BAD 502099617661
BAD 502093900783
BAD 502101816899
BAD 502101816901
BAD 502094888179
BAD 502095394403
BAD 502095878059
BAD 502095878083
BAD 502102962149
BAD 502103449609
BAD 502103449621
BAD 502103449633
BAD 502097098687
BAD 502107817931
BAD 502108161521
BAD 502108161523
BAD 502109623429
BAD 502109788723
BAD 502110464423
BAD 502120006547
BAD 502120006567
BAD 502123181179
BAD 502124553517
BAD 502128726061
BAD 502129820089
BAD 502129820117
BAD 502131154561
BAD 502131352661
BAD 502131352663
BAD 502131352669
BAD 502131352673
BAD 502131508523
BAD 502131508531
BAD 502132031131
BAD 502133264723
BAD 502133264797
BAD 502134317693
BAD 502134317701
BAD 502138089073
BAD 502138089083
BAD 502138089091
BAD 502138404533
BAD 502152776903
BAD 502155225479
BAD 502155629389
BAD 502155629413
BAD 502142230243
BAD 502163137733
BAD 502183620067
BAD 502187672029
BAD 502189586467
BAD 502192192393
BAD 502192598461
BAD 502193135623
BAD 502351629259
BAD 502352632429
BAD 502355567713
BAD 502355567731
BAD 502355912731
BAD 502356422033
BAD 502357789547
BAD 502358047663
BAD 502358831971
BAD 502358831977
BAD 502358831983
BAD 502358831987
BAD 502215081323
BAD 502216531043
BAD 502216531049
BAD 502217173351
BAD 502218787019
BAD 502219619617
BAD 502219619623
BAD 502451419361
BAD 502222415873
BAD 502223074937
BAD 502250454397
BAD 502250949803
BAD 502316464291
BAD 502316464297
BAD 502198936831
BAD 502224745963
BAD 502364488489
BAD 502317087199
BAD 502317087203
BAD 502317087221
BAD 502199961631
BAD 502299360229
BAD 502201341913
BAD 502318509617
BAD 502227094871
BAD 502203219769
BAD 502203219781
BAD 502456836547
BAD 502301518559
BAD 502301518561
BAD 502205105029
BAD 502205105033
BAD 502321760321
BAD 502230115843
BAD 502206294763
BAD 502207311563
BAD 502325049467
BAD 502325049469
BAD 502259476519
BAD 502306307131
BAD 502259792213
BAD 502461671029
BAD 502326433187
BAD 502462194853
BAD 502261009219
BAD 502261009223
BAD 502261009231
BAD 502209100979
BAD 502308772673
BAD 502309846891
BAD 502328811007
BAD 502464305149
BAD 502464305153
BAD 502329161773
BAD 502464846151
BAD 502263863161
BAD 502210825427
BAD 502210825429
BAD 502409240513
BAD 502312904143
BAD 502212483803
BAD 502212483863
BAD 502436291437
BAD 502411709603
BAD 502282453357
BAD 502437000649
BAD 502412699297
BAD 502283570197
BAD 502169405939
BAD 502284196033
BAD 502265852203
BAD 502415316901
BAD 502170937523
BAD 502423747201
BAD 502267104211
BAD 502267104217
BAD 502267104221
BAD 502267104223
BAD 502171343237
BAD 502171343239
BAD 502171422547
BAD 502267496491
BAD 502267496503
BAD 502231891501
BAD 502231891507
BAD 502231891543
BAD 502231891547
BAD 502231891549
BAD 502231891561
BAD 502232313601
BAD 502232735869
BAD 502368048907
BAD 502368048929
BAD 502370315393
BAD 502370315407
BAD 502337683163
BAD 502337683171
BAD 502370617327
BAD 502444820723
BAD 502290728813
BAD 502272667657
BAD 502272702791
BAD 502430790947
BAD 502430790949
BAD 502389574669
BAD 502340743921
BAD 502293180463
BAD 502293180481
BAD 502374765523
BAD 502238225207
BAD 502238225213
BAD 502390281277
BAD 502238377483
BAD 502341714143
BAD 502341714151
BAD 502238922683
BAD 502376670577
BAD 502377086639
BAD 502277274571
BAD 502295861219
BAD 502277346721
BAD 502378739813
BAD 502278326887
BAD 502298422447
BAD 502381100569
BAD 502280366407
BAD 502280366411
BAD 502345917457
BAD 502381684927
BAD 502381684939
BAD 502381684943
BAD 502381766371
BAD 502381766377
BAD 502347610621
BAD 502347610637
BAD 502395956273
BAD 502467480043
BAD 502467480049
BAD 502396759651
BAD 502396759663
BAD 502396759679
BAD 502396759681
BAD 502396759687
BAD 502396759691
BAD 502468098389
BAD 502396759693
BAD 502468179679
BAD 502468179683
BAD 502468179691
BAD 502248115253
BAD 502248115267
BAD 502248115273
BAD 502472332339
BAD 502472388343
BAD 502479243823
BAD 502487755837
BAD 502500780541
BAD 502496782429
BAD 502496782433
BAD 502502921213
BAD 502499796619
BAD 502512389023
BAD 502513176631
BAD 502513176637
BAD 502513740811
BAD 502514464381
BAD 502515593093
BAD 502516139857
BAD 502516139863
BAD 502517493353
BAD 502520178103
BAD 502520300189
BAD 502528507009
BAD 502530474619
BAD 502530474623
BAD 502531289563
BAD 502532054833
BAD 502533146923
BAD 502533146989
BAD 502571252243
BAD 502576884409
BAD 502579894741
BAD 502552865543
BAD 502552865557
BAD 502556321933
BAD 502556351509
BAD 502556351513
BAD 502557009139
BAD 502557009151
BAD 502559934353
BAD 502564884571
BAD 502537268887
BAD 502537268903
BAD 502538005997
BAD 502538005999
BAD 502539751801
BAD 502542688643
BAD 502544777419
BAD 502546228043
BAD 502546228049
BAD 502805544511
BAD 502806863401
BAD 502809476573
BAD 502809720601
BAD 502809720607
BAD 502809927097
BAD 502810501043
BAD 502584001223
BAD 502584001237
BAD 502587269939
BAD 502587269941
BAD 502703185157
BAD 502703185199
BAD 502703737583
BAD 502815582571
BAD 502590079483
BAD 502590079487
BAD 502590079489
BAD 502590079507
BAD 502590827821
BAD 502592070691
BAD 502592070697
BAD 502593338033
BAD 502603011217
BAD 502603011233
BAD 502603011257
BAD 502603011259
BAD 502603011263
BAD 502603168763
BAD 502737028231
BAD 502709664187
BAD 502607090987
BAD 502607090989
BAD 502607091001
BAD 502741530259
BAD 502713994507
BAD 502713994511
BAD 502713994513
BAD 502741878841
BAD 502612193119
BAD 502716162691
BAD 502598954023
BAD 502615811287
BAD 502615811293
BAD 502615811297
BAD 502615811323
BAD 502615811333
BAD 502718172899
BAD 502718172923
BAD 502752152503
BAD 502745281631
BAD 502852784309
BAD 502852784311
BAD 502621755973
BAD 502621755983
BAD 502621850167
BAD 502621850207
BAD 502622098579
BAD 502623089659
BAD 502747804697
BAD 502747804703
BAD 502748752423
BAD 502748752427
BAD 502675581689
BAD 502855311241
BAD 502755526859
BAD 502721382923
BAD 502676696209
BAD 502872580261
BAD 502756161311
BAD 502756161403
BAD 502756161407
BAD 502756161409
BAD 502856297611
BAD 502872841927
BAD 502872841951
BAD 502872841981
BAD 502872841993
BAD 502722075979
BAD 502722075983
BAD 502756911203
BAD 502756911211
BAD 502626199627
BAD 502626199637
BAD 502626199639
BAD 502626199643
BAD 502626199657
BAD 502626199661
BAD 502626199681
BAD 502626199693
BAD 502857683023
BAD 502626831481
BAD 502874029051
BAD 502653313003
BAD 502653313007
BAD 502627995899
BAD 502627995901
BAD 502679929337
BAD 502859076133
BAD 502859076143
BAD 502859076157
BAD 502859076163
BAD 502724505061
BAD 502724854309
BAD 502760415743
BAD 502640349983
BAD 502726176677
BAD 502726176679
BAD 502726462921
BAD 502840775033
BAD 502641812003
BAD 502641812017
BAD 502641812027
BAD 502821272353
BAD 502821272357
BAD 502683673231
BAD 502656512401
BAD 502683768703
BAD 502683768707
BAD 502683768709
BAD 502785675883
BAD 502785675893
BAD 502878151889
BAD 502786336379
BAD 502841957089
BAD 502878151891
BAD 502822119433
BAD 502643367103
BAD 502822642877
BAD 502822642879
BAD 502787306327
BAD 502863844997
BAD 502863844999
BAD 502633361509
BAD 502633361513
BAD 502787606287
BAD 502658018207
BAD 502658018209
BAD 502823122423
BAD 502658557573
BAD 502633980347
BAD 502633980349
BAD 502633980353
BAD 502823979683
BAD 502865287097
BAD 502881242509
BAD 502767183713
BAD 502660523237
BAD 502660523279
BAD 502790263837
BAD 502732463599
BAD 502883422967
BAD 502649239343
BAD 502884403129
BAD 502884403201
BAD 502884403207
BAD 502664463559
BAD 502664463563
BAD 502691138773
BAD 502830598273
BAD 502799310841
BAD 502696682123
BAD 502833617789
BAD 502833617791
BAD 502697698463
BAD 502697707543
BAD 502698178883
BAD 502835320991
BAD 502698593717
BAD 502770899363
BAD 502772112961
BAD 502773748097
BAD 502774086623
BAD 502774086653
BAD 502774148713
BAD 502774183777
BAD 502774183787
BAD 502774183789
BAD 502774502467
BAD 502774502473
BAD 502779949981
BAD 502781500561
BAD 502782302213
BAD 502928723569
BAD 502888241377
BAD 502889369303
BAD 502889612063
BAD 502889612153
BAD 502889937229
BAD 502917325777
BAD 502892976361
BAD 502895880203
BAD 502897764913
BAD 502900913491
BAD 502937882693
BAD 502942273063
BAD 502949123969
BAD 503058240803
BAD 503058240809
BAD 503059064119
BAD 502987452167
BAD 502991277023
BAD 503141801467
BAD 503064333517
BAD 503064333539
BAD 503064333547
BAD 502993280441
BAD 502993280443
BAD 503143724497
BAD 503145043861
BAD 503041914967
BAD 503041914989
BAD 503067955367
BAD 503069734019
BAD 503069734021
BAD 503221857449
BAD 503221857451
BAD 503221857469
BAD 503221857473
BAD 503022328147
BAD 503022328153
BAD 503047343233
BAD 503151134209
BAD 503023931957
BAD 503023931959
BAD 503024053429
BAD 503024053447
BAD 503224523177
BAD 503225144509
BAD 503025293909
BAD 502997953603
BAD 502997953613
BAD 503026942321
BAD 502998683791
BAD 503227399709
BAD 503227399711
BAD 503227399729
BAD 503029744501
BAD 503001731977
BAD 503229795709
BAD 503002869953
BAD 503030786693
BAD 503231120879
BAD 503231120881
BAD 502956852133
BAD 503033909137
BAD 503035689073
BAD 503235360581
BAD 503235360583
BAD 503235360611
BAD 502963921417
BAD 502963921451
BAD 503236292401
BAD 503236292417
BAD 503236858877
BAD 502969289743
BAD 502974214261
BAD 502975093079
BAD 502975093081
BAD 502975093087
BAD 502976359453
BAD 502977941449
BAD 502979400509
BAD 502980111203
BAD 502980111233
BAD 503205537623
BAD 503206382213
BAD 503206382219
BAD 503206382221
BAD 503238221251
BAD 503238221257
BAD 503238221261
BAD 503208837727
BAD 503208837731
BAD 503155715521
BAD 503155715537
BAD 503155715539
BAD 503106572543
BAD 503106572557
BAD 503243415559
BAD 503243461013
BAD 503289257767
BAD 503213593543
BAD 503087950307
BAD 503109328951
BAD 503123230559
BAD 503292708473
BAD 503110518767
BAD 503126280973
BAD 503126280977
BAD 503112732679
BAD 503091550823
BAD 503219267393
BAD 503219267431
BAD 503114048123
BAD 503257207489
BAD 503220588847
BAD 503220588883
BAD 503220588919
BAD 503297373653
BAD 503297663023
BAD 503297663027
BAD 503116842757
BAD 503254732051
BAD 503260709249
BAD 503260709251
BAD 503161609991
BAD 503095558891
BAD 503260709257
BAD 503119176233
BAD 503096476243
BAD 503096476247
BAD 503096476249
BAD 503134106933
BAD 503134106939
BAD 503134106941
BAD 503012391373
BAD 503262078511
BAD 503013182017
BAD 503163429259
BAD 503163429323
BAD 503163429367
BAD 503163628763
BAD 503163628771
BAD 503263327673
BAD 503099776189
BAD 503016748967
BAD 503017543969
BAD 503102238169
BAD 503072874071
BAD 503072874077
BAD 503072874079
BAD 503188973929
BAD 503268373343
BAD 503268373351
BAD 503268604147
BAD 503170261369
BAD 503189373493
BAD 503189373497
BAD 503189373499
BAD 503170336829
BAD 503170336831
BAD 503269077943
BAD 503074986353
BAD 503074986391
BAD 503271074389
BAD 503170939391
BAD 503195435863
BAD 503195577979
BAD 503080323391
BAD 503081006489
BAD 503197287451
BAD 503176634203
BAD 503081925473
BAD 503198461613
BAD 503083293409
BAD 503083293413
BAD 503179207093
BAD 503272352819
BAD 503085840181
BAD 503274329693
BAD 503277339379
BAD 503277339391
BAD 503278467623
BAD 503287581763
BAD 503324218613
BAD 503324218619
BAD 503324282911
BAD 503326214693
BAD 503328992183
BAD 503329658479
BAD 503334415879
BAD 503334957739
BAD 503334964267
BAD 503337380353
BAD 503305969099
BAD 503309450113
BAD 503309450117
BAD 503310161351
BAD 503317502803
BAD 503319719717
BAD 503343415933
BAD 503350035379
BAD 503350623289
BAD 503350623299
BAD 503350623301
BAD 503357533559
BAD 503357533561
BAD 503357606671
BAD 503357606699
BAD 503357606701
BAD 503357606707
BAD 503361825607
BAD 503365853101
BAD 503407269889
BAD 503408517151
BAD 503409844271
BAD 503411231933
BAD 503420155061
BAD 503372497501
BAD 503372621597
BAD 503421461903
BAD 503421461929
BAD 503422337323
BAD 503422337333
BAD 503374987127
BAD 503540402047
BAD 503381374429
BAD 503609955181
BAD 503612807393
BAD 503612807407
BAD 503613167227
BAD 503384344613
BAD 503547018677
BAD 503547018679
BAD 503386889233
BAD 503548184873
BAD 503548184879
BAD 503548915223
BAD 503548915249
BAD 503548915273
BAD 503387569513
BAD 503617708739
BAD 503617708747
BAD 503621518343
BAD 503555225179
BAD 503623349323
BAD 503623349329
BAD 503461010263
BAD 503461010267
BAD 503390947261
BAD 503462692477
BAD 503462897923
BAD 503462897947
BAD 503463910801
BAD 503465189683
BAD 503465189687
BAD 503393929603
BAD 503603319623
BAD 503603357539
BAD 503603357573
BAD 503472978587
BAD 503394442339
BAD 503604940441
BAD 503605719679
BAD 503395665043
BAD 503395665049
BAD 503397294053
BAD 503468227441
BAD 503468227463
BAD 503423356201
BAD 503477050333
BAD 503469035359
BAD 503469035369
BAD 503469035371
BAD 503469502331
BAD 503641931257
BAD 503574786499
BAD 503401574461
BAD 503472085877
BAD 503480535499
BAD 503480535511
BAD 503429400647
BAD 503402939239
BAD 503403037573
BAD 503524081771
BAD 503524081777
BAD 503430843283
BAD 503524433101
BAD 503483676071
BAD 503404228447
BAD 503404228451
BAD 503579133901
BAD 503405069441
BAD 503405069443
BAD 503405069449
BAD 503526139313
BAD 503526808633
BAD 503526808657
BAD 503580632419
BAD 503435113109
BAD 503435113141
BAD 503528222053
BAD 503651927453
BAD 503489554661
BAD 503489554663
BAD 503583750251
BAD 503533283509
BAD 503586111653
BAD 503586244171
BAD 503676921611
BAD 503676921613
BAD 503537856541
BAD 503679953087
BAD 503679953089
BAD 503679953093
BAD 503560053859
BAD 503680729483
BAD 503625054563
BAD 503505726709
BAD 503511995579
BAD 503511995587
BAD 503513360641
BAD 503686785491
BAD 503686785493
BAD 503514559979
BAD 503514559981
BAD 503565582563
BAD 503659191781
BAD 503659489189
BAD 503443043903
BAD 503443043911
BAD 503566227211
BAD 503660756063
BAD 503630734703
BAD 503568056963
BAD 503517479363
BAD 503662005503
BAD 503698111117
BAD 503570136413
BAD 503663210839
BAD 503699396597
BAD 503663966963
BAD 503519815313
BAD 503448574441
BAD 503572809079
BAD 503666448119
BAD 503666448121
BAD 503450184313
BAD 503450184317
BAD 503450184319
BAD 503636490037
BAD 503522631589
BAD 503667836537
BAD 503705593901
BAD 503705593903
BAD 503453392823
BAD 503455323529
BAD 503708593831
BAD 503708593841
BAD 503712053743
BAD 503714036519
BAD 503714036521
BAD 503715008569
BAD 503715792343
BAD 503715792347
BAD 503716500949
BAD 503719252793
BAD 503719252819
BAD 503719505753
BAD 503719813613
BAD 503722964749
BAD 503743777013
BAD 503747261287
BAD 503754304513
BAD 503754922987
BAD 503754922991
BAD 503730307411
BAD 503733976483
BAD 503758156861
BAD 503758453663
BAD 503761512211
BAD 503761512217
BAD 503764328303
BAD 503770413431
BAD 503770413437
BAD 503770684427
BAD 503770684429
BAD 503770684433
BAD 503772501709
BAD 503772501797
BAD 503793034973
BAD 503793094279
BAD 503799729109
BAD 503806444753
BAD 503806516397
BAD 503806516399
BAD 503806516403
BAD 503776969651
BAD 503778526297
BAD 503781659239
BAD 503875993613
BAD 503877702283
BAD 503880011251
BAD 503829920423
BAD 503880739409
BAD 503847084271
BAD 503832211187
BAD 503848336031
BAD 503885058143
BAD 503885058151
BAD 503885852677
BAD 503885852689
BAD 503885852693
BAD 503850481073
BAD 503885993179
BAD 503887287157
BAD 503852101639
BAD 503959906291
BAD 503837587507
BAD 503853674609
BAD 503838212851
BAD 503838212869
BAD 503839103843
BAD 503839821349
BAD 503890652827
BAD 503890652831
BAD 503861001799
BAD 503890652833
BAD 504010310633
BAD 504010310647
BAD 503862640381
BAD 503862640387
BAD 503929501729
BAD 503929501741
BAD 503929988153
BAD 503930732453
BAD 504061482121
BAD 503994768019
BAD 503994768031
BAD 503994913403
BAD 504094441601
BAD 504014668583
BAD 503865367783
BAD 503865367787
BAD 504095183387
BAD 504015982343
BAD 504047703031
BAD 504016111633
BAD 503934105751
BAD 504048236567
BAD 504031977451
BAD 504031977461
BAD 504065023549
BAD 503934627151
BAD 504032605121
BAD 504032605123
BAD 503943504457
BAD 504032605177
BAD 504032605183
BAD 504032605187
BAD 504032605189
BAD 503935885291
BAD 504051670973
BAD 504001250821
BAD 504001250827
BAD 503969173681
BAD 503969173711
BAD 503969173717
BAD 504052921193
BAD 504053114671
BAD 504020614351
BAD 503946153083
BAD 504053737157
BAD 503809217341
BAD 504037304053
BAD 504112229749
BAD 504055781951
BAD 504055781953
BAD 504055781959
BAD 504038484239
BAD 504038484241
BAD 503971034999
BAD 503971035019
BAD 504112771447
BAD 504056226917
BAD 504056226923
BAD 504039121823
BAD 504113133991
BAD 504071500171
BAD 504113134003
BAD 504039121829
BAD 503940379409
BAD 504039395779
BAD 504113489029
BAD 504072014123
BAD 504113657753
BAD 503973243821
BAD 504073618091
BAD 504073618109
BAD 504073704811
BAD 504009007279
BAD 503953870061
BAD 503953870073
BAD 503953870241
BAD 504075971279
BAD 503975506537
BAD 503975506553
BAD 503975809087
BAD 503976141871
BAD 503976141883
BAD 503976148021
BAD 504117912349
BAD 503956141009
BAD 503956141019
BAD 503956141021
BAD 504119421121
BAD 503820138859
BAD 504120136847
BAD 504120136853
BAD 504120136867
BAD 503983377661
BAD 503893607579
BAD 503821831771
BAD 503821831781
BAD 503821831783
BAD 503821831787
BAD 503821831789
BAD 503894221387
BAD 504122239573
BAD 503985822889
BAD 504078256573
BAD 504126507947
BAD 504126507949
BAD 504126507953
BAD 504082760221
BAD 503991463711
BAD 503900989733
BAD 503901524801
BAD 503912302163
BAD 503903320729
BAD 503903320747
BAD 503903320751
BAD 503914398241
BAD 504086835773
BAD 503916801301
BAD 503917083671
BAD 503917083673
BAD 504090797641
BAD 504091277243
BAD 503908753081
BAD 503908888859
BAD 504091778899
BAD 504091778903
BAD 504091778909
BAD 503918740543
BAD 504144519289
BAD 504144519293
BAD 504146288123
BAD 504146288131
BAD 504127364243
BAD 504132815783
BAD 504133565113
BAD 504159490337
BAD 504159490339
BAD 504140910631
BAD 504140910653
BAD 504140910659
BAD 504143911373
BAD 504164684521
BAD 504175514683
BAD 504175514699
BAD 504175514701
BAD 504175514707
BAD 504176349689
BAD 504176431127
BAD 504449151343
BAD 504228709771
BAD 504430245217
BAD 504432692383
BAD 504453785993
BAD 504455807263
BAD 504455807281
BAD 504455807299
BAD 504435672739
BAD 504435672743
BAD 504436089887
BAD 504436089889
BAD 504436089893
BAD 504436089901
BAD 504436750553
BAD 504436750577
BAD 504436750579
BAD 504436750583
BAD 504364561969
BAD 504364561973
BAD 504458166803
BAD 504365352389
BAD 504365352391
BAD 504366554023
BAD 504438501451
BAD 504461900297
BAD 504438928859
BAD 504439890553
BAD 504372666949
BAD 504236951843
BAD 504442291531
BAD 504237608851
BAD 504345589339
BAD 504345589343
BAD 504376574113
BAD 504239678879
BAD 504239678881
BAD 504442606153
BAD 504378840293
BAD 504351089371
BAD 504351089383
BAD 504351089387
BAD 504179594447
BAD 504354845179
BAD 504243073393
BAD 504355965479
BAD 504355965481
BAD 504183797743
BAD 504358812563
BAD 504358812569
BAD 504358812571
BAD 504359321483
BAD 504517014641
BAD 504195013129
BAD 504329846269
BAD 504484867897
BAD 504484867903
BAD 504329959379
BAD 504521393513
BAD 504521393521
BAD 504485542291
BAD 504330978589
BAD 504296160983
BAD 504524576221
BAD 504197798651
BAD 504331384873
BAD 504331384877
BAD 504486731857
BAD 504486731863
BAD 504278553563
BAD 504312222649
BAD 504312222653
BAD 504312222679
BAD 504312222683
BAD 504526209263
BAD 504200633749
BAD 504201048103
BAD 504280857667
BAD 504488869441
BAD 504281222209
BAD 504297460717
BAD 504489926989
BAD 504281759689
BAD 504282199027
BAD 504529670851
BAD 504202959203
BAD 504202959209
BAD 504203104189
BAD 504203104211
BAD 504203104213
BAD 504284218079
BAD 504318364999
BAD 504286340617
BAD 504318365003
BAD 504299726071
BAD 504318365011
BAD 504318365027
BAD 504318365029
BAD 504299726087
BAD 504299726089
BAD 504415839181
BAD 504287765987
BAD 504288883411
BAD 504320974837
BAD 504320974841
BAD 504320974853
BAD 504341880631
BAD 504342318283
BAD 504267488213
BAD 504466485689
BAD 504343167553
BAD 504303659149
BAD 504292909369
BAD 504325154807
BAD 504325154813
BAD 504325155211
BAD 504293507299
BAD 504271131443
BAD 504271131451
BAD 504294364303
BAD 504294925139
BAD 504421870363
BAD 504328345163
BAD 504421870369
BAD 504328345201
BAD 504421870373
BAD 504308349593
BAD 504308349619
BAD 504308349683
BAD 504404584303
BAD 504404584309
BAD 504424182617
BAD 504476626571
BAD 504476626573
BAD 504407530903
BAD 504311283689
BAD 504311283691
BAD 504219081019
BAD 504410287333
BAD 504220017571
BAD 504223737067
BAD 504223737077
BAD 504223737079
BAD 504226049029
BAD 504497607337
BAD 504497607343
BAD 504497607347
BAD 504498598501
BAD 504500360599
BAD 504500763413
BAD 504501155131
BAD 504502624981
BAD 504550768433
BAD 504504330641
BAD 504504330643
BAD 504504330667
BAD 504551869823
BAD 504552567487
BAD 504553043903
BAD 504553089811
BAD 504555729683
BAD 504508562423
BAD 504512533087
BAD 504562030459
BAD 504563226151
BAD 504378880667
BAD 504378880669
BAD 504381394729
BAD 504381603577
BAD 504382623211
BAD 504247380281
BAD 504247380283
BAD 504248831243
BAD 504386603489
BAD 504386603491
BAD 504386603549
BAD 504250070521
BAD 504388498921
BAD 504251163463
BAD 504390312487
BAD 504255220121
BAD 504258649361
BAD 504535748243
BAD 504539213837
BAD 504539213839
BAD 504543050059
BAD 504564581123
BAD 504570961159
BAD 504575069029
BAD 504578305849
BAD 504583281577
BAD 504585567841
BAD 504587348761
BAD 504587984353
BAD 504587984357
BAD 504587984359
BAD 504589904197
BAD 504590249641
BAD 504590998931
BAD 504590998963
BAD 504614611519
BAD 504591446033
BAD 504620121799
BAD 504620476849
BAD 504620476853
BAD 504621553217
BAD 504622193659
BAD 504625039939
BAD 504626723941
BAD 504626723947
BAD 504650074403
BAD 504635868427
BAD 504636142007
BAD 504636847723
BAD 504651476177
BAD 504651476179
BAD 504640158049
BAD 504640158053
BAD 504644701969
BAD 504655272241
BAD 504661190269
BAD 504662728249
BAD 504598433593
BAD 504599921569
BAD 504600964459
BAD 504600964463
BAD 504600964471
BAD 504601511599
BAD 504612457537
BAD 504612960001
BAD 504612974851
BAD 504612986543
BAD 504917107633
BAD 504917107637
BAD 504917107657
BAD 504917680963
BAD 504924664303
BAD 504928578509
BAD 504930991463
BAD 504666588583
BAD 504667149709
BAD 504669473573
BAD 504671546839
BAD 504865593787
BAD 504700698587
BAD 504700698589
BAD 504675660887
BAD 504675660953
BAD 504868374847
BAD 504869465599
BAD 504702808651
BAD 504731897309
BAD 504731897311
BAD 504731897393
BAD 504705430351
BAD 504683861299
BAD 504683861321
BAD 504732724907
BAD 504874349207
BAD 504874349209
BAD 504900535849
BAD 504900548143
BAD 504900548147
BAD 504900548149
BAD 504706832989
BAD 504874985287
BAD 504734167969
BAD 504716007259
BAD 504716117281
BAD 504686477237
BAD 504717467143
BAD 504709693963
BAD 504709847093
BAD 504800226533
BAD 504709847101
BAD 504905338603
BAD 504739228883
BAD 504905338607
BAD 504709847143
BAD 504739228891
BAD 504720231649
BAD 504687835583
BAD 504906101701
BAD 504906101717
BAD 504906101719
BAD 504906101723
BAD 504722289163
BAD 504722289199
BAD 504722289241
BAD 504679693457
BAD 504679693459
BAD 504908977303
BAD 504691743377
BAD 504691743379
BAD 504691743383
BAD 504910076423
BAD 504692856469
BAD 504911835409
BAD 504725921783
BAD 504746330071
BAD 504914476769
BAD 504914476771
BAD 504696468557
BAD 504696468559
BAD 504809551553
BAD 504809847121
BAD 504814431019
BAD 504967595617
BAD 504967595623
BAD 504967595633
BAD 504969900443
BAD 504970231351
BAD 504978609631
BAD 504981809179
BAD 504981977329
BAD 504953201939
BAD 504783184201
BAD 504783184207
BAD 504786734563
BAD 504787144727
BAD 504765479041
BAD 504816776473
BAD 504839348459
BAD 504839714251
BAD 504819341657
BAD 504767259391
BAD 504749833879
BAD 504749833921
BAD 504768794513
BAD 504768794557
BAD 504768794591
BAD 504843036233
BAD 504791329891
BAD 504772181237
BAD 504848744843
BAD 504772181239
BAD 504883471357
BAD 504772181281
BAD 504883471361
BAD 504845239981
BAD 504755099491
BAD 504849258889
BAD 504828824029
BAD 504850016393
BAD 504792572143
BAD 504829244279
BAD 504829244281
BAD 504793321783
BAD 504793321789
BAD 504793321793
BAD 504793321867
BAD 504793321871
BAD 504793321873
BAD 504793321883
BAD 504793321891
BAD 504774193019
BAD 504848460269
BAD 504830718331
BAD 504794179237
BAD 504852988831
BAD 504776577343
BAD 504776577359
BAD 504776577367
BAD 504855033703
BAD 504776909569
BAD 504798025651
BAD 504798025657
BAD 504798025661
BAD 504798025663
BAD 504798097373
BAD 504798097379
BAD 504855615529
BAD 504855615577
BAD 504798187793
BAD 504891065059
BAD 504891065071
BAD 504891065101
BAD 504891065117
BAD 504893212399
BAD 504893212403
BAD 504893212409
BAD 504893212433
BAD 504893212441
BAD 504893212457
BAD 504893212471
BAD 504781379701
BAD 504781379723
BAD 504781379731
BAD 504859704211
BAD 504859867129
BAD 504859867133
BAD 504859867139
BAD 504861515539
BAD 504862032991
BAD 504863944999
BAD 504933895033
BAD 504934383077
BAD 504934768999
BAD 504934769023
BAD 504934769039
BAD 504934769041
BAD 504938830189
BAD 504941125993
BAD 504941125999
BAD 504942883663
BAD 504942883667
BAD 504944344699
BAD 504944344703
BAD 504987149197
BAD 504987149201
BAD 504987149203
BAD 504987219413
BAD 504987219419
BAD 505020946433
BAD 504989066521
BAD 505021616137
BAD 505024462081
BAD 505028458549
BAD 505028842699
BAD 505028842741
BAD 505030306849
BAD 504998537539
BAD 505050014159
BAD 505052551589
BAD 505052889203
BAD 505055230879
BAD 505060578793
BAD 505060578797
BAD 505061255357
BAD 505061255359
BAD 505064315059
BAD 505036680793
BAD 505038478883
BAD 505038478891
BAD 505040177027
BAD 505040177029
BAD 505042316083
BAD 505070203933
BAD 505005283147
BAD 505005931411
BAD 505009345163
BAD 505010599991
BAD 505010599993
BAD 505010599999
BAD 505078324423
BAD 505078324493
BAD 505078324501
BAD 505078512377
BAD 505014120763
BAD 505014120769
BAD 505083471953
BAD 505100498813
BAD 505102259243
BAD 505102259273
BAD 505104458809
BAD 505105994537
BAD 505105994539
BAD 505234557811
BAD 505237615063
BAD 505238538349
BAD 505238538353
BAD 505239760183
BAD 505239760187
BAD 505239760189
BAD 505239760217
BAD 505239760219
BAD 505239963421
BAD 505370465563
BAD 505370465581
BAD 505371140119
BAD 505371140123
BAD 505242667513
BAD 505242667519
BAD 505242667529
BAD 505242837683
BAD 505201080079
BAD 505201080091
BAD 505246078097
BAD 505246078123
BAD 505377187883
BAD 505249566103
BAD 505249652389
BAD 505249724831
BAD 505380988459
BAD 505206439987
BAD 505110810361
BAD 505208410493
BAD 505112345513
BAD 505112354239
BAD 505209866113
BAD 505384682533
BAD 505210745119
BAD 505116197813
BAD 505116197819
BAD 505214192851
BAD 505216452683
BAD 505216452743
BAD 505134736069
BAD 505122180037
BAD 505125745637
BAD 505125745639
BAD 505144379513
BAD 505144379521
BAD 505086543623
BAD 505218503311
BAD 505318655287
BAD 505219569737
BAD 505219641319
BAD 505219641323
BAD 505219641331
BAD 505089316759
BAD 505089316763
BAD 505089316793
BAD 505148067103
BAD 505221850429
BAD 505221850513
BAD 505151216377
BAD 505224129859
BAD 505152452327
BAD 505152716851
BAD 505153289779
BAD 505326323287
BAD 505096288093
BAD 505096676113
BAD 505097834419
BAD 505097834443
BAD 505098395449
BAD 505098395453
BAD 505328949809
BAD 505099326373
BAD 505167425933
BAD 505167737117
BAD 505167737119
BAD 505330610489
BAD 505157575339
BAD 505229930071
BAD 505229930087
BAD 505229930089
BAD 505099920443
BAD 505099920449
BAD 505230021379
BAD 505302770473
BAD 505170082847
BAD 505303419353
BAD 505233340081
BAD 505332678049
BAD 505159472047
BAD 505233340091
BAD 505171323001
BAD 505233340093
BAD 505233340099
BAD 505171323079
BAD 505333195909
BAD 505303870039
BAD 505174496951
BAD 505174496963
BAD 505305814243
BAD 505163264383
BAD 505163264387
BAD 505163860013
BAD 505308690563
BAD 505336875629
BAD 505309203523
BAD 505177812481
BAD 505177812493
BAD 505337711341
BAD 505337732671
BAD 505310455693
BAD 505310455697
BAD 505310455723
BAD 505310455729
BAD 505179200203
BAD 505179262019
BAD 505179314707
BAD 505341838769
BAD 505287565591
BAD 505353020033
BAD 505287565597
BAD 505287652063
BAD 505314498893
BAD 505314498901
BAD 505314498943
BAD 505314498967
BAD 505314498971
BAD 505314498989
BAD 505314498991
BAD 505314695803
BAD 505314695813
BAD 505316333371
BAD 505346155441
BAD 505292208637
BAD 505292208643
BAD 505347337043
BAD 505347337049
BAD 505347337051
BAD 505292432699
BAD 505348237259
BAD 505359758093
BAD 505360911833
BAD 505295417461
BAD 505258778119
BAD 505260240283
BAD 505366101683
BAD 505301424413
BAD 505266271669
BAD 505266271801
BAD 505266749641
BAD 505276232413
BAD 505278064933
BAD 505278415337
BAD 505278415339
BAD 505184572051
BAD 505184572063
BAD 505185431591
BAD 505185431603
BAD 505188360377
BAD 505190912393
BAD 505192310773
BAD 505406523101
BAD 505406523103
BAD 505410551383
BAD 505411076257
BAD 505411076281
BAD 505413415477
BAD 505413415483
BAD 505413415489
BAD 505414588099
BAD 505414796987
BAD 505418847631
BAD 505388933453
BAD 505389725411
BAD 505389725413
BAD 505389893401
BAD 505395793333
BAD 505398178739
BAD 505398178741
BAD 505399230361
BAD 505457381293
BAD 505458091471
BAD 505461370831
BAD 505461370837
BAD 505421408357
BAD 505421463433
BAD 505428227537
BAD 505428227539
BAD 505428227543
BAD 505433732773
BAD 505434427027
BAD 505436243863
BAD 505438972993
BAD 505440700823
BAD 505479954953
BAD 505480170953
BAD 505480171033
BAD 505480171073
BAD 505483857799
BAD 505503232447
BAD 505491364849
BAD 505491364853
BAD 505448129497
BAD 505448129503
BAD 505536844139
BAD 505492990501
BAD 505450216003
BAD 505508515891
BAD 505494484351
BAD 505494484409
BAD 505540716721
BAD 505498008523
BAD 505498008527
BAD 505498008529
BAD 505499875367
BAD 505499875369
BAD 505513250689
BAD 505501858583
BAD 505548388987
BAD 505548821123
BAD 505549484071
BAD 505606613093
BAD 505606613179
BAD 505608346783
BAD 505615833959
BAD 505532014373
BAD 505532866313
BAD 505532866339
BAD 505535691053
BAD 505535691091
BAD 505704442429
BAD 505706145589
BAD 505555531981
BAD 505572104441
BAD 505572601253
BAD 505718102431
BAD 505718102437
BAD 505624804507
BAD 505573533743
BAD 505624804511
BAD 505624804513
BAD 505721607949
BAD 505721607953
BAD 505718585213
BAD 505718585221
BAD 505718585237
BAD 505558778539
BAD 505762471483
BAD 505638212021
BAD 505656636623
BAD 505627497259
BAD 505639727753
BAD 505639944283
BAD 505630168723
BAD 505630322213
BAD 505660755053
BAD 505728459931
BAD 505660755059
BAD 505728459937
BAD 505660755073
BAD 505660755077
BAD 505660755079
BAD 505729181941
BAD 505582027661
BAD 505582027681
BAD 505582106683
BAD 505768237003
BAD 505634080489
BAD 505661926817
BAD 505771521181
BAD 505661926823
BAD 505634176087
BAD 505677062087
BAD 505677062089
BAD 505770474773
BAD 505771215181
BAD 505771215193
BAD 505585439729
BAD 505732359983
BAD 505732360019
BAD 505733512553
BAD 505733512579
BAD 505665984689
BAD 505688235079
BAD 505688235083
BAD 505682680463
BAD 505682680469
BAD 505682680471
BAD 505682680483
BAD 505682680487
BAD 505648645979
BAD 505648645981
BAD 505648645993
BAD 505688902231
BAD 505683293293
BAD 505683293299
BAD 505683293303
BAD 505649062213
BAD 505649172409
BAD 505778175467
BAD 505667851279
BAD 505737136459
BAD 505668313651
BAD 505778822749
BAD 505778822753
BAD 505685276539
BAD 505669175041
BAD 505780460113
BAD 505651919893
BAD 505651919897
BAD 505651919963
BAD 505780544387
BAD 505780544389
BAD 505686544997
BAD 505670494261
BAD 505670494267
BAD 505670494271
BAD 505738289047
BAD 505783569541
BAD 505588908301
BAD 505787753153
BAD 505787753161
BAD 505787753167
BAD 505787780483
BAD 505743992119
BAD 505743992123
BAD 505745381641
BAD 505697145391
BAD 505748109199
BAD 505697560099
BAD 505596946669
BAD 505698793763
BAD 505598669819
BAD 505699549403
BAD 505702466209
BAD 505788615361
BAD 505788945401
BAD 505788945413
BAD 505788945421
BAD 505788945427
BAD 505788945433
BAD 505789626253
BAD 505789626257
BAD 505790648903
BAD 505792467623
BAD 505798840633
BAD 505800667423
BAD 505800675361
BAD 505806515471
BAD 505810801319
BAD 505812704329
BAD 505812704333
BAD 505813221259
BAD 505813221271
BAD 505813221313
BAD 505813531631
BAD 505813531633
BAD 505814479109
BAD 505814479111
BAD 505819215079
BAD 505820734553
BAD 505820734561
BAD 505821664021
BAD 505856180449
BAD 505862927197
BAD 505863224663
BAD 505910228041
BAD 505911167513
BAD 505911167519
BAD 505911167521
BAD 505890131267
BAD 505890131269
BAD 505894029107
BAD 505917563731
BAD 505821733723
BAD 505821733733
BAD 505899438797
BAD 505899438799
BAD 505900066213
BAD 505827182221
BAD 505827182269
BAD 505827247193
BAD 505901253569
BAD 505835354819
BAD 505835354821
BAD 505851736399
BAD 505852154963
BAD 505926328813
BAD 505928802697
BAD 505939889281
BAD 505878740089
BAD 505878880399
BAD 505944334033
BAD 505882709047
BAD 505882709051
BAD 505882709053
BAD 505948083169
BAD 505948299391
BAD 505884830459
BAD 505884830461
BAD 505885297279
BAD 505885297283
BAD 505886199029
BAD 505886199047
BAD 505886199083
BAD 505886199089
BAD 505886420951
BAD 505886420953
BAD 505886420959
BAD 505953900691
BAD 505954336541
BAD 505954336543
BAD 505954336553
BAD 505955762129
BAD 505955762131
BAD 505960687849
BAD 505960687873
BAD 505960687877
BAD 505960687879
BAD 505961859349
BAD 506046213401
BAD 506046459917
BAD 505967222623
BAD 505968152387
BAD 505970301191
BAD 506053937227
BAD 506177693071
BAD 506108074789
BAD 506108074793
BAD 506179704473
BAD 505979371763
BAD 506180368493
BAD 506029106993
BAD 506090476201
BAD 506165881237
BAD 506165926381
BAD 506166873203
BAD 506030714093
BAD 506031111829
BAD 506167621249
BAD 506013688409
BAD 506167728751
BAD 506031734303
BAD 506031734309
BAD 506031734311
BAD 506183935561
BAD 506092854457
BAD 505982312393
BAD 505982312401
BAD 506115052253
BAD 506115052259
BAD 506123931689
BAD 506123931727
BAD 506035037507
BAD 506035176121
BAD 506171976077
BAD 506117333767
BAD 505984805803
BAD 506117733181
BAD 506118454279
BAD 505985588309
BAD 505985588321
BAD 506173704893
BAD 506119447237
BAD 506119447241
BAD 505995578239
BAD 505996426003
BAD 506039596849
BAD 506101781461
BAD 506128005169
BAD 506122214461
BAD 506123076533
BAD 506104600559
BAD 506001285113
BAD 506106798319
BAD 506144139359
BAD 506003108167
BAD 506003108173
BAD 506003108183
BAD 506132894063
BAD 506003933899
BAD 506003934011
BAD 506003934013
BAD 506150989717
BAD 506150989739
BAD 506150989741
BAD 506150989759
BAD 506056739821
BAD 506137740091
BAD 506137781573
BAD 506057584327
BAD 506156197849
BAD 506156384339
BAD 506156796533
BAD 506076760171
BAD 506063277221
BAD 506077630007
BAD 506080890647
BAD 506082553807
BAD 506069280151
BAD 506069280173
BAD 506070400289
BAD 506070400291
BAD 506085037543
BAD 506086738379
BAD 506089989323
BAD 506089989329
BAD 506089989331
BAD 506212024499
BAD 506212024501
BAD 506195514323
BAD 506216079137
BAD 506199296903
BAD 506221570609
BAD 506222303423
BAD 506224042921
BAD 506224042927
BAD 506249084267
BAD 506249084269
BAD 506257430747
BAD 506264804341
BAD 506264804377
BAD 506264804389
BAD 506266954943
BAD 506271376759
BAD 506271403909
BAD 506271403919
BAD 506272405703
BAD 506224364857
BAD 506224656109
BAD 506273606857
BAD 506227634401
BAD 506233315249
BAD 506233315337
BAD 506234415199
BAD 506236182961
BAD 506237459033
BAD 506308655663
BAD 506308655689
BAD 506308899857
BAD 506293035767
BAD 506312841919
BAD 506276829769
BAD 506299907303
BAD 506300111671
BAD 506300111683
BAD 506300111701
BAD 506313702941
BAD 506313702943
BAD 506313702953
BAD 506302221367
BAD 506302221379
BAD 506302566619
BAD 506303982439
BAD 506304533431
BAD 506304533461
BAD 506306001857
BAD 506284409383
BAD 506317074623
BAD 506289268721
BAD 506322802277
BAD 506324078327
BAD 506324078363
BAD 506324261701
BAD 506346890167
BAD 506349867871
BAD 506325317053
BAD 506326641157
BAD 506357713703
BAD 506327786149
BAD 506331805139
BAD 506331805141
BAD 506331852139
BAD 506331852151
BAD 506333281879
BAD 506338115113
BAD 506364699653
BAD 506364699667
BAD 506364699671
BAD 506365822309
BAD 506371075759
BAD 506372639579
BAD 506372639581
BAD 506374736869
BAD 506593521257
BAD 506593971943
BAD 506595980383
BAD 506597103671
BAD 506610425653
BAD 506604039023
BAD 506604833677
BAD 506604833731
BAD 506614172461
BAD 506605365271
BAD 506606016667
BAD 506616315391
BAD 506618105993
BAD 506618105999
BAD 506618978653
BAD 506618978743
BAD 506620070533
BAD 506620070549
BAD 506620542229
BAD 506622398131
BAD 506622863867
BAD 506623698733
BAD 506624373721
BAD 506624373727
BAD 506624373743
BAD 506624373751
BAD 506626389211
BAD 506579246869
BAD 506582694601
BAD 506585811139
BAD 506444499437
BAD 506444574313
BAD 506387209753
BAD 506388090511
BAD 506445443929
BAD 506445515929
BAD 506446276771
BAD 506447329657
BAD 506447329673
BAD 506447999111
BAD 506447999117
BAD 506447999119
BAD 506590516507
BAD 506449320631
BAD 506449818829
BAD 506592341683
BAD 506493476563
BAD 506453530823
BAD 506494979521
BAD 506564181163
BAD 506426081137
BAD 506413759769
BAD 506413759771
BAD 506413759777
BAD 506413836473
BAD 506463383147
BAD 506463383149
BAD 506427413419
BAD 506415355403
BAD 506415355409
BAD 506415355451
BAD 506465944727
BAD 506459120423
BAD 506499838099
BAD 506419739227
BAD 506569921387
BAD 506432505661
BAD 506572351531
BAD 506501449067
BAD 506501449073
BAD 506433829549
BAD 506433829553
BAD 506502198019
BAD 506502198023
BAD 506471662693
BAD 506576470811
BAD 506515461031
BAD 506471662747
BAD 506471662751
BAD 506425287469
BAD 506576566471
BAD 506576566477
BAD 506576566487
BAD 506576566499
BAD 506576566519
BAD 506504405431
BAD 506504405441
BAD 506504405443
BAD 506440416253
BAD 506440416263
BAD 506440793857
BAD 506518644119
BAD 506506750999
BAD 506519268349
BAD 506506836769
BAD 506507964901
BAD 506522461229
BAD 506522461231
BAD 506524201373
BAD 506528285243
BAD 506529510391
BAD 506529510397
BAD 506530107091
BAD 506532396553
BAD 506392633333
BAD 506545942187
BAD 506392633339
BAD 506546529913
BAD 506546529919
BAD 506393417143
BAD 506393417149
BAD 506393417161
BAD 506393417183
BAD 506537799379
BAD 506549029549
BAD 506478579779
BAD 506478579781
BAD 506478579787
BAD 506538935599
BAD 506538935603
BAD 506538935731
BAD 506395497833
BAD 506549974813
BAD 506481390523
BAD 506482120231
BAD 506542085563
BAD 506487479581
BAD 506487479593
BAD 506402615821
BAD 506558507179
BAD 506403841597
BAD 506403841609
BAD 506403841621
BAD 506405551811
BAD 506406201473
BAD 506643817243
BAD 506643817247
BAD 506643883177
BAD 506645990063
BAD 506646327053
BAD 506648866127
BAD 506628395639
BAD 506628395641
BAD 506664311081
BAD 506630027653
BAD 506630090353
BAD 506664774299
BAD 506651156119
BAD 506664927893
BAD 506630720929
BAD 506630720933
BAD 506666734369
BAD 506631760477
BAD 506632711729
BAD 506654416189
BAD 506654416193
BAD 506669018131
BAD 506669052787
BAD 506636170367
BAD 506637001909
BAD 506659096739
BAD 506674389317
BAD 506674389323
BAD 506711542553
BAD 506711542567
BAD 506716412393
BAD 506716966633
BAD 506717420509
BAD 506720101873
BAD 506720101879
BAD 506722018087
BAD 506695692203
BAD 506695692211
BAD 506695692241
BAD 506700398539
BAD 506700398543
BAD 506704647061
BAD 506678572693
BAD 506683293301
BAD 506685078709
BAD 506685078719
BAD 506685078721
BAD 506687207753
BAD 506687207759
BAD 506687207893
BAD 506689758917
BAD 506690866699
BAD 506691161521
BAD 506691541729
BAD 506730904333
BAD 506732937421
BAD 506732937427
BAD 506735750237
BAD 506735750239
BAD 506735985683
BAD 506735985731
BAD 506737532003
BAD 506737532017
BAD 506740062173
BAD 506741701133
BAD 506743831043
BAD 506743831093
BAD 506743981493
BAD 506743981501
BAD 506766936001
BAD 506767030921
BAD 506745065303
BAD 506773310629
BAD 506755394029
BAD 506756254331
BAD 506756544467
BAD 506756544473
BAD 506759257049
BAD 506759257051
BAD 506759257073
BAD 506759257111
BAD 506760338911
BAD 506782374953
BAD 506783342803
BAD 506784762439
BAD 506787043297
BAD 506787364969
BAD 506789713231
BAD 506791299631
BAD 506833000909
BAD 506833259423
BAD 507050117711
BAD 507050117713
BAD 506836831079
BAD 507051193723
BAD 506837461313
BAD 507053056343
BAD 507054692003
BAD 506839871873
BAD 506841338719
BAD 507056870329
BAD 507056870339
BAD 506843210633
BAD 506843210641
BAD 507000015149
BAD 507000015163
BAD 506861930873
BAD 506861930881
BAD 506861930903
BAD 507065170387
BAD 507003069977
BAD 506981638621
BAD 506982136789
BAD 506912679311
BAD 506912679313
BAD 506866159609
BAD 506866393687
BAD 506866393711
BAD 506866393717
BAD 506985610013
BAD 506915759761
BAD 506870101433
BAD 506951763841
BAD 506986526303
BAD 506915759813
BAD 506965900747
BAD 506965900759
BAD 506986539517
BAD 507076360243
BAD 507076360249
BAD 507076360501
BAD 506870914141
BAD 506871178999
BAD 506871179011
BAD 507035468419
BAD 506871885979
BAD 506871885983
BAD 506871885991
BAD 506988876629
BAD 506988876631
BAD 506968766959
BAD 507016810523
BAD 506954219881
BAD 507037888663
BAD 506812182577
BAD 506954776049
BAD 506954776051
BAD 507018158041
BAD 506896210231
BAD 507008551261
BAD 507018933439
BAD 506813184659
BAD 506813184671
BAD 506971328491
BAD 506971328497
BAD 506991979951
BAD 506991979957
BAD 506971418761
BAD 506956174033
BAD 506956174037
BAD 507009245689
BAD 507009245693
BAD 507009403871
BAD 506956871611
BAD 507020355151
BAD 506957718167
BAD 506972663521
BAD 506972663551
BAD 506972663569
BAD 506972663581
BAD 506958299017
BAD 507042148307
BAD 507042148309
BAD 507042148313
BAD 506994590569
BAD 506994590573
BAD 506994590593
BAD 506994668137
BAD 507011755819
BAD 507011755853
BAD 506847445927
BAD 506878717679
BAD 506975358917
BAD 506975358949
BAD 506923474273
BAD 507044437597
BAD 506975845183
BAD 506975845193
BAD 506923905001
BAD 506848542853
BAD 506848542857
BAD 506848542859
BAD 506976814517
BAD 506976814523
BAD 506903021333
BAD 506925231851
BAD 506925231853
BAD 506925231863
BAD 506925745609
BAD 506925745621
BAD 506925969601
BAD 506926245503
BAD 506820388057
BAD 506962456009
BAD 506883934079
BAD 507025361629
BAD 507025361653
BAD 507025361657
BAD 506822070373
BAD 506822070379
BAD 506907870277
BAD 506824190549
BAD 506888182579
BAD 506888187739
BAD 506825527721
BAD 506857751111
BAD 506826968149
BAD 506795649533
BAD 506795795227
BAD 506891454481
BAD 506860666159
BAD 506860666163
BAD 506797952803
BAD 506861221157
BAD 506861221159
BAD 506861618017
BAD 506932272997
BAD 506932273009
BAD 506932273013
BAD 506802475981
BAD 506802506957
BAD 506802710977
BAD 506805335581
BAD 506805722333
BAD 506808260971
BAD 506809444517
BAD 506809639043
BAD 506940549803
BAD 506943058771
BAD 506943411521
BAD 506943411523
BAD 506943411529
BAD 506943411563
BAD 506943411571
BAD 507080344297
BAD 507082710061
BAD 507082710067
BAD 507101287391
BAD 507104096599
BAD 507105003707
BAD 507105003709
BAD 507093640517
BAD 507106894823
BAD 507113650423
BAD 507118128221
BAD 507124660397
BAD 507125489791
BAD 507126133609
BAD 507126133621
BAD 507134067977
BAD 507134634361
BAD 507137222483
BAD 507138337273
BAD 507138590813
BAD 507140563597
BAD 507142739273
BAD 507143459153
BAD 507147259009
BAD 507147900211
BAD 507147900229
BAD 507148397123
BAD 507148738081
BAD 507149467907
BAD 507150458081
BAD 507150458083
BAD 507150458093
BAD 507155598427
BAD 507155740583
BAD 507156288113
BAD 507156531529
BAD 507231799741
BAD 507298131413
BAD 507298131427
BAD 507298377517
BAD 507298842343
BAD 507449218489
BAD 507449218519
BAD 507237590089
BAD 507238575887
BAD 507238575889
BAD 507304283137
BAD 507304283141
BAD 507239758723
BAD 507240416869
BAD 507241607633
BAD 507243686461
BAD 507457135201
BAD 507288520813
BAD 507288520819
BAD 507311669747
BAD 507311669749
BAD 507258324767
BAD 507183476383
BAD 507459759671
BAD 507290747167
BAD 507183476389
BAD 507459759673
BAD 507459759679
BAD 507258579199
BAD 507258579203
BAD 507258579209
BAD 507258579211
BAD 507291437383
BAD 507291650653
BAD 507313848953
BAD 507186029843
BAD 507186029851
BAD 507246378031
BAD 507246422597
BAD 507295238761
BAD 507262363339
BAD 507262363343
BAD 507262363351
BAD 507465467549
BAD 507296905813
BAD 507297747223
BAD 507203037293
BAD 507203037301
BAD 507267551071
BAD 507333459889
BAD 507333776671
BAD 507333776681
BAD 507164201783
BAD 507164201807
BAD 507164201809
BAD 507164201827
BAD 507207762701
BAD 507336084691
BAD 507164832203
BAD 507167364637
BAD 507216292643
BAD 507273045203
BAD 507216845173
BAD 507216845183
BAD 507168248159
BAD 507168248161
BAD 507273203167
BAD 507274088423
BAD 507211209103
BAD 507435311653
BAD 507275229767
BAD 507212359967
BAD 507169425991
BAD 507213157127
BAD 507338193223
BAD 507171538243
BAD 507171707369
BAD 507277497563
BAD 507439519001
BAD 507439519003
BAD 507278137777
BAD 507439749413
BAD 507225234983
BAD 507367917163
BAD 507279773369
BAD 507439749463
BAD 507399427231
BAD 507439749473
BAD 507279773401
BAD 507367917167
BAD 507399427237
BAD 507340817239
BAD 507367917211
BAD 507439973707
BAD 507226173929
BAD 507343220333
BAD 507343220359
BAD 507227107663
BAD 507418206649
BAD 507418206653
BAD 507418206667
BAD 507441463733
BAD 507441463741
BAD 507442656451
BAD 507346630801
BAD 507230049349
BAD 507420920827
BAD 507375466757
BAD 507375466789
BAD 507375466799
BAD 507318333229
BAD 507445883183
BAD 507447822953
BAD 507447822961
BAD 507410095123
BAD 507410701411
BAD 507410701459
BAD 507410701463
BAD 507380261081
BAD 507469757033
BAD 507349284703
BAD 507350375963
BAD 507384684383
BAD 507384684397
BAD 507381434149
BAD 507470791777
BAD 507470968457
BAD 507325532123
BAD 507386111107
BAD 507472517941
BAD 507472666873
BAD 507330763327
BAD 507357148343
BAD 507357148351
BAD 507428687417
BAD 507428687419
BAD 507390333577
BAD 507476416189
BAD 507476416193
BAD 507476416199
BAD 507476960873
BAD 507359051809
BAD 507359051839
BAD 507392075693
BAD 507392075699
BAD 507392075719
BAD 507359567483
BAD 507477937751
BAD 507360867493
BAD 507360867511
BAD 507360867529
BAD 507394432849
BAD 507480727777
BAD 507480727781
BAD 507480727783
BAD 507361854247
BAD 507397308349
BAD 507364676041
BAD 507490405043
BAD 507494343241
BAD 507494981353
BAD 507494981359
BAD 507495503843
BAD 507507585229
BAD 507507585259
BAD 507519081497
BAD 507519081499
BAD 507519472741
BAD 507523079663
BAD 507523079669
BAD 507523079671
BAD 507523079677
BAD 507523079681
BAD 507523079683
BAD 507523079689
BAD 507524815241
BAD 507524815243
BAD 507526516249
BAD 507526516253
BAD 507526516291
BAD 507529062023
BAD 507532269877
BAD 507532269883
BAD 507550621703
BAD 507551262233
BAD 507553007729
BAD 507554346617
BAD 507554346619
BAD 507554346623
BAD 507554346643
BAD 507556188023
BAD 507556500557
BAD 507556500623
BAD 507556500637
BAD 507558942983
BAD 507558943033
BAD 507533536481
BAD 507534577153
BAD 507564310837
BAD 507564310849
BAD 507564310853
BAD 507539046929
BAD 507539453741
BAD 507539453749
BAD 507539453753
BAD 507566229263
BAD 507549723157
BAD 507583424437
BAD 507585912259
BAD 507589594969
BAD 507590018437
BAD 507568397893
BAD 507568397957
BAD 507634062437
BAD 507634624999
BAD 507634625009
BAD 507592616569
BAD 507636060751
BAD 507636169541
BAD 507595454857
BAD 507595987153
BAD 507639945257
BAD 507639945259
BAD 507574055687
BAD 507574055689
BAD 507574978733
BAD 507574978793
BAD 507598088407
BAD 507598088447
BAD 507598088449
BAD 507641711053
BAD 507641815883
BAD 507576267169
BAD 507644103563
BAD 507645887701
BAD 507657979303
BAD 507659857021
BAD 507663410311
BAD 507664983841
BAD 507665464673
BAD 507665734799
BAD 507665734801
BAD 507600356513
BAD 507601101547
BAD 507801914597
BAD 507618234239
BAD 507618764713
BAD 507603701509
BAD 507622774343
BAD 507622774369
BAD 507607836691
BAD 507607836713
BAD 507608611339
BAD 507608611381
BAD 507608611403
BAD 507609625987
BAD 507610924319
BAD 507610924321
BAD 507735045799
BAD 507735045803
BAD 507812941591
BAD 507735477103
BAD 507814623749
BAD 507814623751
BAD 507670761979
BAD 507670762003
BAD 507816298999
BAD 507701327233
BAD 507738859279
BAD 507616130101
BAD 507616130107
BAD 507754908679
BAD 507772188631
BAD 507819846533
BAD 507703272983
BAD 507740716943
BAD 507674184113
BAD 507741080881
BAD 507704117971
BAD 507756672893
BAD 507837402599
BAD 507837402601
BAD 507705311599
BAD 507838589033
BAD 507743807803
BAD 507743807807
BAD 507792937307
BAD 507792937319
BAD 507792937321
BAD 507858094111
BAD 507776384083
BAD 507839446579
BAD 507678131777
BAD 507678131791
BAD 507858999523
BAD 507708247939
BAD 507760578961
BAD 507691052303
BAD 507860750093
BAD 507709464061
BAD 507779068873
BAD 507779068877
BAD 507779068879
BAD 507779068913
BAD 507874854023
BAD 507841020821
BAD 507841020823
BAD 507841020829
BAD 507841020833
BAD 507692436553
BAD 507692436557
BAD 507826952953
BAD 507826952957
BAD 507826952959
BAD 507709957849
BAD 507747723383
BAD 507747723473
BAD 507779920691
BAD 507779920709
BAD 507875666003
BAD 507827583407
BAD 507827583409
BAD 507862506317
BAD 507877580849
BAD 507798394619
BAD 507712381853
BAD 507862506329
BAD 507841850183
BAD 507877580851
BAD 507877580941
BAD 507827854159
BAD 507697139461
BAD 507801139357
BAD 507766290979
BAD 507766290991
BAD 507766291009
BAD 507766291013
BAD 507829694513
BAD 507715013173
BAD 507699684161
BAD 507716714473
BAD 507846234463
BAD 507847071653
BAD 507847071659
BAD 507847071661
BAD 507847989833
BAD 507848237993
BAD 507848238019
BAD 507832992221
BAD 507832992223
BAD 507832992229
BAD 507718908139
BAD 507718908149
BAD 507719136121
BAD 507728680477
BAD 507733653073
BAD 507733653127
BAD 507733653151
BAD 507733653157
BAD 507734149553
BAD 507886400323
BAD 507886400327
BAD 507889102283
BAD 507889102289
BAD 507889102291
BAD 507889102297
BAD 507889343839
BAD 507889343873
BAD 507891049481
BAD 507891049483
BAD 507891632693
BAD 507892265479
BAD 507892265483
BAD 507892265533
BAD 507897354593
BAD 507898248157
BAD 507919042777
BAD 507919418597
BAD 507919418599
BAD 507920120867
BAD 507927160603
BAD 507907552871
BAD 507929153323
BAD 507908535661
BAD 507930325013
BAD 507913504403
BAD 507913504411
BAD 507914186503
BAD 507914823631
BAD 507938330657
BAD 507938330659
BAD 507938330663
BAD 507953386417
BAD 507953386487
BAD 507953386489
BAD 507956039443
BAD 507956039447
BAD 507956039449
BAD 507957319033
BAD 507957319043
BAD 507957319057
BAD 507957319061
BAD 507958665241
BAD 507960113707
BAD 507961250117
BAD 507961250119
BAD 507961874731
BAD 507963195557
BAD 507963195559
BAD 507963195563
BAD 507964815143
BAD 507965467753
BAD 507965654201
BAD 507967352899
BAD 508021422353
BAD 508021422361
BAD 508026919723
BAD 508026919733
BAD 508028816303
BAD 507972410251
BAD 507972479239
BAD 507973792441
BAD 507973792451
BAD 507973792453
BAD 507973792463
BAD 508031862889
BAD 507975131869
BAD 508053123553
BAD 508053192901
BAD 508035482263
BAD 507979963009
BAD 508056514061
BAD 508056514073
BAD 507983004517
BAD 508058922433
BAD 507984283253
BAD 508062162953
BAD 508254470309
BAD 508062944437
BAD 508062944461
BAD 508062944551
BAD 508063100929
BAD 508063587407
BAD 508064376577
BAD 508064376587
BAD 508256819491
BAD 508065924571
BAD 508065924577
BAD 508065924581
BAD 508066993711
BAD 508259904043
BAD 508260035611
BAD 508272952043
BAD 508039632349
BAD 508262793229
BAD 508042049219
BAD 508275829069
BAD 508275829073
BAD 508275932119
BAD 508275932123
BAD 508275983627
BAD 508275983629
BAD 508042730623
BAD 508263435623
BAD 508042730627
BAD 508263435629
BAD 508042793059
BAD 508043105863
BAD 508043756141
BAD 508043828233
BAD 508043828239
BAD 508277144729
BAD 508277297161
BAD 508044938563
BAD 508044938573
BAD 508044938591
BAD 508044938593
BAD 508277622001
BAD 508267153393
BAD 508267153403
BAD 508268013619
BAD 508268013623
BAD 508046951701
BAD 508046951707
BAD 508047985477
BAD 508281214489
BAD 508282062361
BAD 508282062451
BAD 508051124209
BAD 508051124213
BAD 508051777633
BAD 508285190813
BAD 508154962993
BAD 508287200227
BAD 508287200251
BAD 508287200279
BAD 508287200303
BAD 508287528061
BAD 508160580359
BAD 508160903993
BAD 508160929337
BAD 508166232703
BAD 508166232709
BAD 508240574671
BAD 508240574683
BAD 508171336867
BAD 507993584479
BAD 507993584491
BAD 508171880023
BAD 508168045433
BAD 508241629331
BAD 508241629333
BAD 508071206641
BAD 507995841383
BAD 508242738173
BAD 508072160737
BAD 508169602319
BAD 508169602321
BAD 508169602337
BAD 508187385283
BAD 508170408703
BAD 508170408709
BAD 508174790023
BAD 507997850749
BAD 507997850761
BAD 508074938551
BAD 508137481013
BAD 508104752873
BAD 508105225049
BAD 508105225051
BAD 508105225057
BAD 508105225063
BAD 508000340129
BAD 508249519073
BAD 508191163163
BAD 508178436373
BAD 508105912429
BAD 508249519079
BAD 508191163169
BAD 508000340149
BAD 508249519081
BAD 508191163171
BAD 508079221849
BAD 508079873701
BAD 508080257053
BAD 508080257063
BAD 508080257071
BAD 508080257077
BAD 508080409523
BAD 508080409537
BAD 508180050307
BAD 508080964271
BAD 508080964273
BAD 508288389703
BAD 508109488487
BAD 508109488489
BAD 508194863263
BAD 508288520659
BAD 508288520669
BAD 508288520671
BAD 508109778377
BAD 508253428747
BAD 508289251933
BAD 508083316843
BAD 508144680157
BAD 508110612533
BAD 508144680181
BAD 508197321943
BAD 508083701479
BAD 508290030049
BAD 508111813943
BAD 508114037089
BAD 508200357493
BAD 508200357499
BAD 508002812453
BAD 508002812461
BAD 508002812467
BAD 508003146887
BAD 508003428707
BAD 508201817033
BAD 508004483893
BAD 508005358699
BAD 508005621517
BAD 508119883157
BAD 508296742453
BAD 508297252501
BAD 508009976269
BAD 508009976273
BAD 508100801753
BAD 508120990939
BAD 508011475297
BAD 508011946303
BAD 508011946307
BAD 508011946313
BAD 508304814617
BAD 508304814623
BAD 508123259971
BAD 508123259981
BAD 508012114943
BAD 508012125289
BAD 508305533767
BAD 508124963287
BAD 508306996957
BAD 508306996961
BAD 508221855019
BAD 508222165669
BAD 508222165673
BAD 508308144623
BAD 508308841801
BAD 508308841837
BAD 508225038611
BAD 508225038613
BAD 508225038631
BAD 508226442973
BAD 508226442979
BAD 508226442991
BAD 508226443001
BAD 508204715507
BAD 508204715509
BAD 508204715521
BAD 508312004401
BAD 508130618521
BAD 508130618551
BAD 508312950391
BAD 508132669637
BAD 508132669717
BAD 508132669721
BAD 508207976051
BAD 508207976053
BAD 508133966947
BAD 508134453041
BAD 508134453067
BAD 508231184899
BAD 508316738269
BAD 508232928061
BAD 508232928121
BAD 508212486389
BAD 508212486391
BAD 508234368493
BAD 508318611271
BAD 508214113283
BAD 508215552893
BAD 508215552917
BAD 508215552919
BAD 508325356423
BAD 508325816993
BAD 508325817001
BAD 508325817007
BAD 508216663973
BAD 508329100067
BAD 508218600781
BAD 508218600797
BAD 508218724021
BAD 508333014617
BAD 508333014619
BAD 508333014641
BAD 508333014689
BAD 508333014719
BAD 508333014727
BAD 508333135579
BAD 508333269397
BAD 508333269401
BAD 508334934143
BAD 508335221011
BAD 508336610723
BAD 508337207429
BAD 508338910267
BAD 508338910283
BAD 508342039531
BAD 508345011749
BAD 508345011751
BAD 508349560553
BAD 508357016941
BAD 508362550337
BAD 508362550351
BAD 508363274759
BAD 508364538827
BAD 508364538853
BAD 508366224151
BAD 508366496303
BAD 508366496377
BAD 508366898093
BAD 508366898101
BAD 508369179559
BAD 508370038513
BAD 508370872049
BAD 508370872069
BAD 508370872073
BAD 508388964241
BAD 508389436601
BAD 508389436603
BAD 508390332649
BAD 508390990259
BAD 508395162673
BAD 508400729303
BAD 508400729311
BAD 508373818223
BAD 508374050719
BAD 508375961323
BAD 508380049427
BAD 508457185681
BAD 508457185697
BAD 508457185699
BAD 508381628539
BAD 508457967023
BAD 508382758133
BAD 508382758151
BAD 508382758153
BAD 508382758171
BAD 508385788073
BAD 508465838477
BAD 508470977173
BAD 508442132837
BAD 508442132839
BAD 508523448431
BAD 508523448439
BAD 508443486883
BAD 508524964733
BAD 508527586043
BAD 508691444719
BAD 508528717999
BAD 508692906901
BAD 508707768763
BAD 508693345921
BAD 508530919783
BAD 508530919801
BAD 508451741599
BAD 508532360993
BAD 508532361031
BAD 508532438959
BAD 508532438963
BAD 508709766083
BAD 508711069549
BAD 508711069553
BAD 508711581253
BAD 508534438697
BAD 508534530157
BAD 508711911919
BAD 508714149397
BAD 508701785177
BAD 508702851721
BAD 508703116073
BAD 508703116081
BAD 508717145033
BAD 508704252269
BAD 508704252271
BAD 508706652109
BAD 508706652151
BAD 508721093449
BAD 508723662673
BAD 508624389989
BAD 508624389991
BAD 508677184693
BAD 508677184709
BAD 508432132501
BAD 508730352527
BAD 508574211511
BAD 508574211517
BAD 508574211521
BAD 508574362297
BAD 508574362301
BAD 508731317363
BAD 508731317371
BAD 508731317377
BAD 508733491297
BAD 508630898903
BAD 508577794763
BAD 508577794771
BAD 508682722021
BAD 508682722027
BAD 508632210439
BAD 508736332127
BAD 508736332129
BAD 508736332133
BAD 508683728381
BAD 508736332141
BAD 508683728383
BAD 508683970079
BAD 508683970103
BAD 508683970111
BAD 508633704773
BAD 508506518089
BAD 508507404721
BAD 508581047209
BAD 508685579527
BAD 508685579543
BAD 508685579569
BAD 508685579573
BAD 508508514139
BAD 508508787511
BAD 508636625647
BAD 508688597453
BAD 508585953493
BAD 508512015169
BAD 508539675703
BAD 508539675719
BAD 508539675727
BAD 508587989167
BAD 508588220821
BAD 508588220827
BAD 508514573419
BAD 508740965443
BAD 508741550209
BAD 508741550221
BAD 508741550227
BAD 508516177451
BAD 508516177453
BAD 508547211353
BAD 508547561947
BAD 508549109669
BAD 508549109671
BAD 508549896737
BAD 508549896739
BAD 508550360203
BAD 508749965729
BAD 508753621177
BAD 508754330363
BAD 508556012647
BAD 508606723813
BAD 508606723817
BAD 508606723819
BAD 508606852613
BAD 508607500831
BAD 508607500837
BAD 508612386019
BAD 508612554691
BAD 508472798089
BAD 508617053617
BAD 508617053629
BAD 508617778057
BAD 508617778061
BAD 508617778063
BAD 508621575139
BAD 508598349383
BAD 508476640213
BAD 508598614763
BAD 508477195949
BAD 508494298201
BAD 508494951659
BAD 508494951661
BAD 508495378907
BAD 508495406707
BAD 508495406711
BAD 508479193009
BAD 508557523289
BAD 508557523291
BAD 508481736299
BAD 508481736311
BAD 508481736313
BAD 508481736319
BAD 508559282239
BAD 508559282269
BAD 508482622103
BAD 508499231843
BAD 508483330367
BAD 508499627443
BAD 508500095053
BAD 508500095087
BAD 508500095093
BAD 508500773719
BAD 508562246707
BAD 508562289943
BAD 508406888837
BAD 508406888839
BAD 508501432601
BAD 508563211007
BAD 508501432603
BAD 508407136451
BAD 508407219979
BAD 508501575691
BAD 508567153823
BAD 508568068559
BAD 508568233253
BAD 508413591223
BAD 508572782959
BAD 508420039133
BAD 508660868959
BAD 508660868971
BAD 508662648839
BAD 508662648841
BAD 508652199469
BAD 508655207191
BAD 508757785777
BAD 508760110759
BAD 508762754791
BAD 508768348037
BAD 508808556119
BAD 508808556121
BAD 508791447823
BAD 508792975973
BAD 508796205881
BAD 508797641299
BAD 508875333697
BAD 508875333709
BAD 508875333713
BAD 508805434483
BAD 508875333721
BAD 508877826323
BAD 508878088597
BAD 508878925409
BAD 508878925411
BAD 508845686291
BAD 508845686317
BAD 508847696831
BAD 508849247941
BAD 508849247953
BAD 508884375991
BAD 508884375997
BAD 508776539389
BAD 508776677257
BAD 508776774721
BAD 508778083973
BAD 508778941999
BAD 508855386913
BAD 508780314299
BAD 508856982197
BAD 508856982199
BAD 508856982209
BAD 508856982259
BAD 508890765043
BAD 508861926011
BAD 508861926017
BAD 508861926019
BAD 508862210683
BAD 508862210687
BAD 508862210693
BAD 508863405473
BAD 508866421321
BAD 508869038921
BAD 508871026187
BAD 508872318443
BAD 508872318469
BAD 508874247929
BAD 508829860433
BAD 508830323647
BAD 508943520937
BAD 508833171001
BAD 508945674407
BAD 508945674409
BAD 508945674421
BAD 508834012801
BAD 508947610231
BAD 508949774483
BAD 508950585083
BAD 508952328817
BAD 508927005709
BAD 508930082251
BAD 508930082267
BAD 508930082273
BAD 508955410157
BAD 508955536021
BAD 508911865613
BAD 508911865621
BAD 508911865633
BAD 508957416263
BAD 508962394201
BAD 508962394211
BAD 508976371807
BAD 508976371867
BAD 508964755219
BAD 508964755231
BAD 509012460263
BAD 509013115997
BAD 509013115999
BAD 508936794511
BAD 508997292917
BAD 508997292919
BAD 509014242889
BAD 508998937361
BAD 508982864339
BAD 509015518861
BAD 508921577209
BAD 508984333211
BAD 508939980001
BAD 508922102123
BAD 508985246603
BAD 508985897243
BAD 509017237801
BAD 509017237811
BAD 508986125723
BAD 508986975533
BAD 509018326057
BAD 509018471341
BAD 508897348747
BAD 508988092973
BAD 508897572427
BAD 509005043203
BAD 508925196529
BAD 508974773243
BAD 509019169697
BAD 509019169699
BAD 509005099807
BAD 509005099831
BAD 508989255833
BAD 508975786609
BAD 508975804231
BAD 508975804277
BAD 508975804279
BAD 508975804291
BAD 508975804297
BAD 509006714731
BAD 508899997363
BAD 508991185621
BAD 508991185639
BAD 508903616101
BAD 509025879259
BAD 508907440579
BAD 509042930009
BAD 509044221383
BAD 509048136691
BAD 509049539743
BAD 509051894759
BAD 509052366763
BAD 509052366769
BAD 509110051267
BAD 509077868953
BAD 509110051279
BAD 509053480471
BAD 509077868989
BAD 509110357123
BAD 509078309063
BAD 509078309087
BAD 509078309093
BAD 509110638629
BAD 509112154193
BAD 509144078251
BAD 509144078257
BAD 509144369647
BAD 509096261483
BAD 509096261489
BAD 509097922511
BAD 509097922513
BAD 509115722683
BAD 509116186987
BAD 509117270183
BAD 509118086993
BAD 509118086999
BAD 509118087001
BAD 509151348169
BAD 509121559847
BAD 509155537843
BAD 509088886529
BAD 509158424657
BAD 509158424659
BAD 509159388637
BAD 509159730559
BAD 509159730571
BAD 509090477647
BAD 509090477657
BAD 509090477671
BAD 509125739071
BAD 509027229331
BAD 509027367313
BAD 509033056663
BAD 509037620983
BAD 509037620999
BAD 509061546349
BAD 509062927999
BAD 509067484441
BAD 509070136313
BAD 509073588323
BAD 509126895919
BAD 509127762239
BAD 509128619453
BAD 509129431849
BAD 509130025931
BAD 509130025933
BAD 509132890247
BAD 509132890249
BAD 509132890261
BAD 509132890267
BAD 509136668153
BAD 509160749569
BAD 509160749599
BAD 509162757913
BAD 509162757919
BAD 509162757923
BAD 509162757931
BAD 509164627033
BAD 509164627067
BAD 509164627087
BAD 509164701853
BAD 509166970223
BAD 509167960163
BAD 509167960219
BAD 509168181979
BAD 509168181983
BAD 509168182007
BAD 509168182009
BAD 509168735573
BAD 509172627811
BAD 509175811849
BAD 509175811853
BAD 509178695593
BAD 509183956753
BAD 509185017221
BAD 509185017223
BAD 509187208939
BAD 509192151241
BAD 509246129153
BAD 509247951151
BAD 509248451689
BAD 509220917017
BAD 509220917021
BAD 509253171983
BAD 509254243339
BAD 509255956277
BAD 509226606391
BAD 509258277349
BAD 509259157369
BAD 509259157373
BAD 509259976163
BAD 509261874889
BAD 509261874893
BAD 509262185209
BAD 509262185213
BAD 509265046663
BAD 509265046669
BAD 509231426083
BAD 509231426087
BAD 509231426089
BAD 509233883803
BAD 509236956757
BAD 509236956763
BAD 509238130963
BAD 509238985757
BAD 509240450063
BAD 509297415511
BAD 509243781311
BAD 509301063289
BAD 509301063317
BAD 509306147183
BAD 509306763209
BAD 509306763211
BAD 509306763241
BAD 509306763247
BAD 509415390949
BAD 509416517047
BAD 509416600393
BAD 509416869761
BAD 509416869763
BAD 509416869769
BAD 509418089753
BAD 509418089759
BAD 509418260209
BAD 509310006859
BAD 509397501343
BAD 509363554333
BAD 509363554463
BAD 509419469623
BAD 509419469659
BAD 509420179493
BAD 509420179501
BAD 509364920423
BAD 509364920431
BAD 509399586433
BAD 509365884221
BAD 509200901633
BAD 509423576681
BAD 509402321809
BAD 509369840671
BAD 509370298561
BAD 509404065691
BAD 509404065707
BAD 509404065713
BAD 509404065733
BAD 509373622949
BAD 509373622951
BAD 509404654921
BAD 509404654933
BAD 509404654943
BAD 509405053943
BAD 509406414229
BAD 509376069931
BAD 509210000867
BAD 509408451347
BAD 509328469387
BAD 509409702691
BAD 509409702731
BAD 509409702733
BAD 509330462723
BAD 509330462731
BAD 509330462749
BAD 509345606257
BAD 509346456701
BAD 509332580903
BAD 509332580909
BAD 509346973427
BAD 509347787797
BAD 509348065981
BAD 509348065999
BAD 509350648931
BAD 509335481701
BAD 509336791501
BAD 509378636527
BAD 509312317711
BAD 509355606679
BAD 509355898279
BAD 509342749703
BAD 509292285769
BAD 509384495993
BAD 509359255529
BAD 509386325137
BAD 509386325159
BAD 509386885253
BAD 509387425123
BAD 509387425133
BAD 509318917007
BAD 509318917013
BAD 509323510523
BAD 509433939827
BAD 509438274263
BAD 509438830127
BAD 509518711633
BAD 509518711651
BAD 509519172931
BAD 509443408043
BAD 509443408051
BAD 509443433137
BAD 509465927767
BAD 509495924339
BAD 509495924341
BAD 509445024379
BAD 509445024383
BAD 509529497977
BAD 509529746813
BAD 509470305863
BAD 509470305871
BAD 509528269223
BAD 509528269231
BAD 509530652809
BAD 509472907781
BAD 509472907789
BAD 509534187493
BAD 509474459423
BAD 509534302957
BAD 509534302961
BAD 509474585863
BAD 509534806943
BAD 509476726939
BAD 509536551679
BAD 509477516843
BAD 509480708623
BAD 509538166877
BAD 509481089969
BAD 509478284803
BAD 509478284813
BAD 509539593253
BAD 509540140727
BAD 509540140729
BAD 509483353573
BAD 509542101623
BAD 509542224727
BAD 509487775373
BAD 509544098863
BAD 509544313939
BAD 509492104259
BAD 509492104267
BAD 509492471759
BAD 509544862861
BAD 509494858259
BAD 509494858261
BAD 509495843113
BAD 509547456283
BAD 509550221993
BAD 509552720491
BAD 509555464573
BAD 509555464577
BAD 509556610909
BAD 509557525583
BAD 509561260001
BAD 509447800957
BAD 509459120123
BAD 509460674089
BAD 509461557701
BAD 509597473829
BAD 509597473831
BAD 509599572113
BAD 509600174801
BAD 509600174803
BAD 509600517743
BAD 509600518127
BAD 509600518129
BAD 509600794369
BAD 509580074659
BAD 509580199189
BAD 509604468991
BAD 509583418453
BAD 509609732371
BAD 509566988573
BAD 509567474453
BAD 509567474461
BAD 509610954599
BAD 509611227767
BAD 509613050213
BAD 509613184403
BAD 509613184427
BAD 509576887453
BAD 509576887471
BAD 509588192791
BAD 509588192797
BAD 509590458863
BAD 509593466401
BAD 509595281053
BAD 509596375433
BAD 509596375439
BAD 509596375441
BAD 509630941409
BAD 509631522691
BAD 509631912709
BAD 509634742621
BAD 509637455113
BAD 509639154263
BAD 509644135171
BAD 509613446761
BAD 509614112677
BAD 509614112743
BAD 509615566589
BAD 509620272929
BAD 509620972397
BAD 509621208409
BAD 509621208413
BAD 509699387741
BAD 509700405257
BAD 509700405259
BAD 509714186659
BAD 509737635409
BAD 509704291051
BAD 509628614203
BAD 509628614213
BAD 509628614219
BAD 509628614221
BAD 509628704647
BAD 509740375169
BAD 509740781219
BAD 509740781243
BAD 509629838407
BAD 509629920817
BAD 509629920859
BAD 509709486239
BAD 509709486241
BAD 509710961377
BAD 509710961411
BAD 509710961413
BAD 509710961423
BAD 509745727591
BAD 509745727597
BAD 509724406427
BAD 509725064273
BAD 509725211041
BAD 509725211113
BAD 509725211117
BAD 509725211119
BAD 509725211131
BAD 509725211137
BAD 509725211161
BAD 509726226073
BAD 509728649663
BAD 509856687107
BAD 509856687113
BAD 509856687121
BAD 509857292281
BAD 509857659433
BAD 509857659439
BAD 509857659449
BAD 509857659481
BAD 509858542579
BAD 509858542619
BAD 509858542621
BAD 509680800593
BAD 509680800611
BAD 509680800613
BAD 509680800623
BAD 509681176687
BAD 509682008273
BAD 509683560787
BAD 509685925549
BAD 509686332019
BAD 509882490121
BAD 509766284959
BAD 509798239667
BAD 509798239669
BAD 509798239673
BAD 509687232007
BAD 509687232013
BAD 509800732607
BAD 509768189603
BAD 509818279793
BAD 509802330241
BAD 509802330251
BAD 509802330253
BAD 509819465807
BAD 509819465809
BAD 509788142239
BAD 509788142327
BAD 509804904941
BAD 509804904943
BAD 509804904953
BAD 509692262441
BAD 509692262449
BAD 509692741429
BAD 509692741433
BAD 509822795641
BAD 509822795659
BAD 509789450593
BAD 509693278657
BAD 509694018233
BAD 509824421191
BAD 509824846123
BAD 509825044193
BAD 509695725443
BAD 509896552133
BAD 509809756633
BAD 509754054211
BAD 509754480583
BAD 509795639123
BAD 509795639131
BAD 509795639137
BAD 509778241351
BAD 509811959029
BAD 509797232887
BAD 509813821043
BAD 509813821051
BAD 509917348559
BAD 509917348561
BAD 509759105987
BAD 509918870869
BAD 509918870873
BAD 509918870887
BAD 509919366941
BAD 509919366953
BAD 509760899833
BAD 509920515343
BAD 509920515353
BAD 509647949093
BAD 509647949099
BAD 509647949101
BAD 509762096869
BAD 509762096873
BAD 509832185543
BAD 509648128553
BAD 509832783919
BAD 509664121543
BAD 509924399209
BAD 509924399213
BAD 509652318991
BAD 509668451857
BAD 509669032619
BAD 509653244393
BAD 509929347379
BAD 509929369787
BAD 509929369813
BAD 509669944519
BAD 509669944523
BAD 509670358621
BAD 509930317789
BAD 509654341891
BAD 509930539373
BAD 509671378369
BAD 509655284129
BAD 509655284153
BAD 509655931073
BAD 509899485191
BAD 509901600217
BAD 509901600233
BAD 509841832427
BAD 509842022461
BAD 509677294369
BAD 509660842463
BAD 509661328087
BAD 509662155649
BAD 509662307279
BAD 509662307281
BAD 509844791551
BAD 509907090487
BAD 509955485219
BAD 509956203683
BAD 509911389083
BAD 509911595593
BAD 509911944361
BAD 509959165637
BAD 509959512619
BAD 509960038339
BAD 509914213453
BAD 509961032611
BAD 509961032629
BAD 509961057721
BAD 509963103473
BAD 509932638337
BAD 509934302093
BAD 509935658863
BAD 509935658867
BAD 509935658887
BAD 509935987787
BAD 509935987789
BAD 509935987793
BAD 509939938429
BAD 509871909289
BAD 509872899409
BAD 509872899433
BAD 509872899439
BAD 509872899443
BAD 509946835597
BAD 509946835693
BAD 509876175377
BAD 509876175379
BAD 509948209501
BAD 509879549671
BAD 509879549677
BAD 509879549681
BAD 509969041651
BAD 509987948807
BAD 509987948809
BAD 509980109461
BAD 509980903519
BAD 509991220909
BAD 509991220913
BAD 509991220919
BAD 509998323313
RANGE 500000000000 510000000000 PRIMES 371094125 BAD 5022
