BAD 830022265591
BAD 830022981059
BAD 830022981061
BAD 830027917723
BAD 830032641187
BAD 830096556953
BAD 830281458091
BAD 830390514539
BAD 830348063947
BAD 830287633423
BAD 830352602881
BAD 830370736823
BAD 830126576143
BAD 830129402449
BAD 830378903621
BAD 830154719099
BAD 830154719101
BAD 830107134641
BAD 830107134643
BAD 830109437107
BAD 830174712847
BAD 830322630523
BAD 830184117733
BAD 830036230343
BAD 830329355147
BAD 830040824551
BAD 830335075891
BAD 830141063737
BAD 830207791823
BAD 830229984443
BAD 830001877171
BAD 830002577281
BAD 830190442579
BAD 830190442583
BAD 830190442591
BAD 830191531397
BAD 830191531399
BAD 830194799393
BAD 830198046289
BAD 830081830351
BAD 830082533563
BAD 830237819581
BAD 830060183317
BAD 830060183321
BAD 830064466703
BAD 830065532213
BAD 830407735403
BAD 830407735411
BAD 830410215773
BAD 830410215779
BAD 830414143501
BAD 830418746153
BAD 830418746161
BAD 830426595293
BAD 830429238979
BAD 830436236281
BAD 830438094331
BAD 830443499801
BAD 830443499803
BAD 830446399267
BAD 830446399271
BAD 830449596517
BAD 830470067003
BAD 830471128559
BAD 830471128561
BAD 830471128567
BAD 830472275693
BAD 830472275701
BAD 830477689913
BAD 830587710619
BAD 830587710629
BAD 830587710721
BAD 830587724699
BAD 830504638283
BAD 830482658023
BAD 830482658029
BAD 830510016781
BAD 830510016797
BAD 830510016799
BAD 830510016803
BAD 830510016811
BAD 830515631383
BAD 830516718487
BAD 830516718491
BAD 830522407399
BAD 830538939319
BAD 830538939323
BAD 830456307427
BAD 830547271651
BAD 830657022931
BAD 830669956621
BAD 830465277311
BAD 830465277319
BAD 830673820747
BAD 830673820751
BAD 830675429893
BAD 830557525673
BAD 830561581867
BAD 830679177721
BAD 830563569323
BAD 830692775377
BAD 830694164887
BAD 830638742509
BAD 830643727609
BAD 830792012563
BAD 830792664007
BAD 830793372967
BAD 830573524129
BAD 830577908023
BAD 830824001999
BAD 830581583701
BAD 830837833517
BAD 830807819813
BAD 830810703409
BAD 830818389493
BAD 830818389497
BAD 830818389503
BAD 830818389547
BAD 830820374143
BAD 830820849959
BAD 830820849961
BAD 830722122323
BAD 830622619133
BAD 830633799199
BAD 830633799209
BAD 830633799211
BAD 830840115517
BAD 830883922171
BAD 830977763071
BAD 831025229743
BAD 830941216933
BAD 830941332217
BAD 830941332271
BAD 830926840787
BAD 830926840789
BAD 830928257389
BAD 831058021363
BAD 831058021369
BAD 830907141217
BAD 830762503313
BAD 830990300353
BAD 831061444459
BAD 830993159093
BAD 830993159099
BAD 830993382353
BAD 830866346257
BAD 830867382271
BAD 830953312859
BAD 830913401041
BAD 830916156901
BAD 830916156953
BAD 831071233829
BAD 830972614111
BAD 831044397377
BAD 831047531107
BAD 831049660981
BAD 831019845221
BAD 831019845223
BAD 830771903431
BAD 830786932939
BAD 831170064007
BAD 831146227007
BAD 831147059797
BAD 831152425199
BAD 831210084623
BAD 831082865423
BAD 831082865429
BAD 831115169329
BAD 831118705463
BAD 831118705643
BAD 831237180481
BAD 831237180523
BAD 831250683617
BAD 831250683619
BAD 831250683623
BAD 831252041849
BAD 831255261149
BAD 831255925117
BAD 831256226821
BAD 831175009393
BAD 831175009397
BAD 831278612819
BAD 831278612821
BAD 831179417459
BAD 831179417461
BAD 831283883569
BAD 831183170843
BAD 831297959861
BAD 831337097257
BAD 831337097263
BAD 831337097267
BAD 831337097303
BAD 831342345829
BAD 831305832233
BAD 831188656159
BAD 831194825521
BAD 831471455707
BAD 831473914577
BAD 831197605831
BAD 831199499749
BAD 831200664457
BAD 831202915909
BAD 831202915913
BAD 831205447997
BAD 831205447999
BAD 831205901803
BAD 831417657877
BAD 831371302297
BAD 831373954781
BAD 831373954783
BAD 831264603859
BAD 831264603863
BAD 831387342361
BAD 831387342367
BAD 831266227717
BAD 831267307061
BAD 831426092737
BAD 831270473491
BAD 831429228151
BAD 831309339941
BAD 831309339943
BAD 831511221977
BAD 831511221979
BAD 831511858847
BAD 831395564459
BAD 831514562407
BAD 831516509251
BAD 831520198891
BAD 831520823117
BAD 831522287683
BAD 831445425623
BAD 831494321953
BAD 831498371863
BAD 831504265927
BAD 831504265939
BAD 831527166797
BAD 831527166829
BAD 831528017743
BAD 831536657891
BAD 831536657893
BAD 831548190763
BAD 831552306997
BAD 831552307009
BAD 831580865707
BAD 831587798551
BAD 831587798557
BAD 831592831109
BAD 831628899889
BAD 831642308327
BAD 831651056801
BAD 831651056809
BAD 831651056813
BAD 831644109787
BAD 831652549727
BAD 831652549729
BAD 831652549733
BAD 831618375703
BAD 831710589421
BAD 831710589427
BAD 831800895313
BAD 831802425547
BAD 831872977609
BAD 831877673849
BAD 831877673857
BAD 831681452281
BAD 831685358041
BAD 831688559257
BAD 831688559269
BAD 831689623733
BAD 831690525167
BAD 831561694441
BAD 831783299959
BAD 831784351693
BAD 831852097093
BAD 831852097103
BAD 831669810623
BAD 831670257293
BAD 831671163751
BAD 831728313919
BAD 831674307493
BAD 831735152257
BAD 831764104783
BAD 831794796901
BAD 831765715013
BAD 831765715021
BAD 831767209027
BAD 831767209111
BAD 831741160337
BAD 831749524483
BAD 831751367453
BAD 831751367521
BAD 831753852341
BAD 831753852343
BAD 831775314661
BAD 831722270839
BAD 831722270843
BAD 831815589443
BAD 831825761983
BAD 831825761989
BAD 831825761993
BAD 831969230249
BAD 831969230251
BAD 831969230273
BAD 831972103961
BAD 831974008693
BAD 831980806109
BAD 831980806117
BAD 831978485003
BAD 831897682673
BAD 831887112911
BAD 831887112913
BAD 832023612593
BAD 832023612619
BAD 831891741649
BAD 831911103343
BAD 831911103349
BAD 832038060047
BAD 832039842763
BAD 832062956183
BAD 832062956203
BAD 831917210963
BAD 831919167097
BAD 831919624339
BAD 831919624343
BAD 831925885337
BAD 831925885339
BAD 832064548433
BAD 832071537697
BAD 832078618837
BAD 831934864309
BAD 832088057089
BAD 832088057093
BAD 831936178067
BAD 832088057113
BAD 832092551923
BAD 832092551929
BAD 832092551933
BAD 832092898337
BAD 832092898339
BAD 831940333673
BAD 832094066359
BAD 831947343233
BAD 831947343239
BAD 831950883391
BAD 831952962493
BAD 831952962497
BAD 831952962499
BAD 831957138251
BAD 831957138253
BAD 831959581099
BAD 832099407889
BAD 832103682271
BAD 832103737123
BAD 832106447803
BAD 832106447813
BAD 832174876553
BAD 832174876573
BAD 832180469269
BAD 832223949673
BAD 832162182983
BAD 832239423343
BAD 832181777153
BAD 832181777159
BAD 832183148837
BAD 832183148921
BAD 832268400319
BAD 832320374513
BAD 832320374521
BAD 832196716283
BAD 832197528137
BAD 832332061909
BAD 832274100167
BAD 832274100169
BAD 832274626793
BAD 832328739799
BAD 832278576383
BAD 832301574997
BAD 832305096739
BAD 832305096743
BAD 832305096757
BAD 832305096761
BAD 832305197153
BAD 832306301971
BAD 832306302053
BAD 832306302101
BAD 832306302103
BAD 832306302109
BAD 832282587637
BAD 832282607671
BAD 832284363353
BAD 832340181781
BAD 832309888937
BAD 832309888939
BAD 832342982333
BAD 832346418301
BAD 832347697283
BAD 832413142681
BAD 832383095521
BAD 832391733097
BAD 832391733101
BAD 832126959361
BAD 832127777881
BAD 832428569143
BAD 832431745807
BAD 832441661189
BAD 832445647027
BAD 832454750921
BAD 832454750923
BAD 832455878183
BAD 832457748847
BAD 832531071023
BAD 832514791223
BAD 832132696639
BAD 832132696643
BAD 832135065691
BAD 832142394739
BAD 832143631411
BAD 832466987239
BAD 832471343689
BAD 832658438119
BAD 832658438123
BAD 832666489927
BAD 832666489931
BAD 832666489933
BAD 832673397679
BAD 832674999523
BAD 832675439447
BAD 832675626683
BAD 832677452483
BAD 832677452491
BAD 832679228783
BAD 832679228789
BAD 832679228791
BAD 832635879709
BAD 832641531133
BAD 832642363703
BAD 832642363711
BAD 832534095871
BAD 832534095881
BAD 832705198211
BAD 832690845197
BAD 832692866623
BAD 832542972557
BAD 832542972559
BAD 832711398023
BAD 832627918651
BAD 832776437557
BAD 832549188389
BAD 832572527341
BAD 832631301287
BAD 832631301289
BAD 832760030317
BAD 832763240467
BAD 832608342233
BAD 832256423129
BAD 832581969649
BAD 832552493693
BAD 832614188071
BAD 832560247531
BAD 832738031161
BAD 832738493633
BAD 832563851503
BAD 832593641461
BAD 832564162169
BAD 832565490871
BAD 832565658877
BAD 832597466879
BAD 832597466881
BAD 832264497473
BAD 832370068879
BAD 832370068883
BAD 832370068889
BAD 832376893499
BAD 832349958527
BAD 832349958529
BAD 832349958533
BAD 832353778423
BAD 832357014631
BAD 832486330127
BAD 832486330129
BAD 832493448113
BAD 832723080053
BAD 832733099399
BAD 832787055923
BAD 832787055929
BAD 832796625019
BAD 833163948443
BAD 833163948457
BAD 833166739373
BAD 832993650023
BAD 832994563361
BAD 833145844613
BAD 833170274513
BAD 833149172573
BAD 832955220241
BAD 832889628797
BAD 832889628799
BAD 832889628803
BAD 832873961093
BAD 832919700979
BAD 832919700983
BAD 832878721343
BAD 832923391849
BAD 832923419333
BAD 832879724251
BAD 833025781879
BAD 833025781883
BAD 833025781901
BAD 833025781909
BAD 833025781921
BAD 832884856211
BAD 832977746603
BAD 833098814543
BAD 833099009279
BAD 833102061163
BAD 833056265779
BAD 833056757653
BAD 833056757657
BAD 833045248691
BAD 833123826361
BAD 833053313041
BAD 833067307049
BAD 833131116619
BAD 833069662463
BAD 833070035773
BAD 833070035779
BAD 833134655231
BAD 833134655233
BAD 833006385949
BAD 833188418423
BAD 833073640703
BAD 833074335361
BAD 833076679207
BAD 833076679213
BAD 833076679217
BAD 833076914743
BAD 833014177939
BAD 833014177943
BAD 833083713613
BAD 833212030639
BAD 833217194617
BAD 833225142857
BAD 833233546267
BAD 833233546273
BAD 833235117763
BAD 833237116111
BAD 833309101663
BAD 833310669563
BAD 833320783891
BAD 833248455241
BAD 833256549691
BAD 833253517307
BAD 833253517309
BAD 833259327193
BAD 833271986087
BAD 833274064759
BAD 833274330743
BAD 833331386401
BAD 833331386413
BAD 833277486421
BAD 833334417221
BAD 833342781647
BAD 833342781653
BAD 833342925721
BAD 833342925739
BAD 833344428503
BAD 833347067269
BAD 833347067279
BAD 833347067281
BAD 833349303679
BAD 833495745713
BAD 833504153707
BAD 833504153753
BAD 833504153761
BAD 833625141967
BAD 833374170071
BAD 833374170073
BAD 833375040493
BAD 833375360267
BAD 833375360269
BAD 833384885917
BAD 833393070157
BAD 833387924029
BAD 833440526857
BAD 833442024067
BAD 833362768039
BAD 833362768057
BAD 833364197489
BAD 833427408469
BAD 833436327583
BAD 833467834099
BAD 833467834103
BAD 833472627193
BAD 833474210123
BAD 833474210131
BAD 833474210137
BAD 833474210141
BAD 833474210143
BAD 833474674321
BAD 833650362793
BAD 833525066761
BAD 833525066767
BAD 833525066771
BAD 833525066779
BAD 833526117979
BAD 833486473559
BAD 833655917737
BAD 833656910941
BAD 833534678569
BAD 833534678573
BAD 833534678591
BAD 833710048993
BAD 833714306413
BAD 833714306417
BAD 833716815797
BAD 833699346353
BAD 833720904173
BAD 833506566479
BAD 833506566481
BAD 833738211883
BAD 833689187251
BAD 833689187257
BAD 833749769737
BAD 833578481419
BAD 833751821843
BAD 833579488043
BAD 833515266869
BAD 833754631769
BAD 833545432873
BAD 833553872161
BAD 833611775603
BAD 833596638779
BAD 833596638781
BAD 833598348503
BAD 833783368307
BAD 833783368309
BAD 833860266541
BAD 833978317457
BAD 833835727961
BAD 833839133929
BAD 833911429523
BAD 833839847623
BAD 833839847627
BAD 833839847629
BAD 834046380403
BAD 833840942677
BAD 833840942681
BAD 833841044353
BAD 833841044371
BAD 834047472683
BAD 833987146637
BAD 833987146639
BAD 833993145871
BAD 833923973213
BAD 833925288659
BAD 833925288661
BAD 833944912159
BAD 833999317013
BAD 833950216613
BAD 834028965173
BAD 833954415991
BAD 833954416153
BAD 833957695939
BAD 833957695943
BAD 833957695981
BAD 834036974489
BAD 833853469531
BAD 833927968763
BAD 833968147321
BAD 833968835033
BAD 833973774779
BAD 833973774793
BAD 833975418737
BAD 833975418739
BAD 833975418743
BAD 834014521103
BAD 834014521163
BAD 833793013159
BAD 833793013201
BAD 834085181131
BAD 834085181141
BAD 834085181143
BAD 834138943129
BAD 834141017569
BAD 834141017573
BAD 834089525611
BAD 834089525617
BAD 834181332239
BAD 834181332241
BAD 834182653613
BAD 834162969649
BAD 834163737557
BAD 834188625773
BAD 834165483077
BAD 834119109437
BAD 834196984657
BAD 834198421963
BAD 834206335399
BAD 834206335411
BAD 834206335421
BAD 834208979477
BAD 834208979479
BAD 834208979509
BAD 834149295743
BAD 834153041873
BAD 834160385843
BAD 834261845513
BAD 834266315299
BAD 834093799579
BAD 834067451933
BAD 834241710257
BAD 834300422623
BAD 834281258521
BAD 834242801551
BAD 834244571761
BAD 834303797993
BAD 834097034447
BAD 834287844713
BAD 834073562923
BAD 834352425619
BAD 834352425631
BAD 834355486117
BAD 834313293823
BAD 834247701503
BAD 834215532391
BAD 834215702123
BAD 834320619179
BAD 834321560341
BAD 834322862257
BAD 834322862273
BAD 834324361279
BAD 834223413013
BAD 834223413017
BAD 834223413019
BAD 834224555837
BAD 834224555839
BAD 834362158249
BAD 834369897323
BAD 834404743331
BAD 834392127353
BAD 834395004889
BAD 834395004899
BAD 834395004901
BAD 834395004907
BAD 834411443329
BAD 834412240351
BAD 834511645703
BAD 834549358171
BAD 834549358177
BAD 834550495343
BAD 834552407861
BAD 834552407863
BAD 834552407867
BAD 834556521373
BAD 834515772157
BAD 834515772161
BAD 834516951689
BAD 834516951691
BAD 834633189589
BAD 834634570303
BAD 834600590519
BAD 834600590521
BAD 834600590543
BAD 834601157077
BAD 834601157081
BAD 834601157083
BAD 834658183453
BAD 834683501173
BAD 834620663353
BAD 834621664267
BAD 834624433639
BAD 834482618251
BAD 834467651431
BAD 834486624623
BAD 834486624641
BAD 834487459747
BAD 834470783647
BAD 834472972283
BAD 834493181593
BAD 834495487073
BAD 834495487081
BAD 834495487103
BAD 834446357713
BAD 834447403849
BAD 834452668117
BAD 834452668121
BAD 834452668123
BAD 834453794263
BAD 834851982197
BAD 834851982199
BAD 834851982203
BAD 834435059047
BAD 834435059057
BAD 834436391993
BAD 834537527407
BAD 834847121923
BAD 834847121929
BAD 834444244103
BAD 834444244111
BAD 834544261531
BAD 834719160859
BAD 834741008791
BAD 834807472159
BAD 834807472171
BAD 834807472183
BAD 834729933979
BAD 834809909413
BAD 834809909419
BAD 834784274609
BAD 834748088269
BAD 834884930611
BAD 834886737557
BAD 834700799789
BAD 834889968721
BAD 834891241273
BAD 834865655479
BAD 834871907797
BAD 834871907801
BAD 834871907803
BAD 834898372463
BAD 834898372471
BAD 834710504629
BAD 834710504723
BAD 834877406483
BAD 834904634041
BAD 834712909337
BAD 834712909339
BAD 834908731471
BAD 834943387939
BAD 834947746187
BAD 834947746189
BAD 834918106499
BAD 834976679113
BAD 834962846131
BAD 834963226781
BAD 834678397141
BAD 835002054353
BAD 835003462859
BAD 835003462861
BAD 835005225451
BAD 835033925461
BAD 835006662649
BAD 835006895431
BAD 835008315203
BAD 835008315223
BAD 835014216541
BAD 835014626843
BAD 835014626857
BAD 834989190523
BAD 835052716193
BAD 835052716249
BAD 834993325063
BAD 834995446993
BAD 834995446997
BAD 834995447003
BAD 835059512593
BAD 835064620801
BAD 835186482859
BAD 835188584341
BAD 835188584359
BAD 835139961611
BAD 835139961613
BAD 835209114367
BAD 835209114371
BAD 835209114373
BAD 835197170543
BAD 835197170551
BAD 835118579179
BAD 835214325949
BAD 835107052399
BAD 835127879947
BAD 835108934213
BAD 835108934239
BAD 835108934243
BAD 835130281277
BAD 835108934251
BAD 835110496141
BAD 835176953203
BAD 835313493629
BAD 835313493631
BAD 835315188691
BAD 835333118423
BAD 835333118443
BAD 835333118461
BAD 835317314003
BAD 835342481131
BAD 835235238833
BAD 835235238839
BAD 835235238841
BAD 835343653021
BAD 835252710337
BAD 835252710343
BAD 835250907157
BAD 835086891109
BAD 835086891113
BAD 835360897711
BAD 835360897717
BAD 835360897733
BAD 835361809333
BAD 835361809339
BAD 835361809343
BAD 835364538803
BAD 835092545899
BAD 835092545951
BAD 835093322809
BAD 835367949181
BAD 835094461339
BAD 835094461381
BAD 835021621019
BAD 835067251861
BAD 835069078643
BAD 835069078667
BAD 835075843673
BAD 835441934659
BAD 835403019043
BAD 835403019047
BAD 835372103837
BAD 835373188891
BAD 835385020013
BAD 835271097467
BAD 835271097469
BAD 835273323553
BAD 835273323593
BAD 835395254053
BAD 835419843803
BAD 835424589953
BAD 835433667667
BAD 835570159519
BAD 835624586677
BAD 835624586681
BAD 835624586683
BAD 835627914661
BAD 835609886731
BAD 835611730663
BAD 835632414739
BAD 835693850647
BAD 835616137067
BAD 835695383993
BAD 835696443773
BAD 835654921043
BAD 835657400573
BAD 835662638519
BAD 835662638521
BAD 835662638539
BAD 835662638543
BAD 835508677747
BAD 835508677793
BAD 835508677799
BAD 835508677807
BAD 835644026381
BAD 835469973391
BAD 835648945997
BAD 835522414553
BAD 835522414567
BAD 835769250391
BAD 835490371823
BAD 835490371829
BAD 835490371831
BAD 835490371861
BAD 835525870853
BAD 835493228419
BAD 835554847163
BAD 835497038237
BAD 835497038239
BAD 835498771889
BAD 835561572829
BAD 835542517039
BAD 835500447517
BAD 835565939683
BAD 835565939701
BAD 835771638787
BAD 835771638799
BAD 835775371681
BAD 835787508043
BAD 835679821147
BAD 835682573119
BAD 835705045403
BAD 835710969391
BAD 835710969403
BAD 835714974823
BAD 835714974841
BAD 835742632511
BAD 835846847131
BAD 835850603281
BAD 835852543447
BAD 835853247661
BAD 835725189127
BAD 835725189133
BAD 835726713961
BAD 835727963101
BAD 835727963107
BAD 835727963113
BAD 835727963117
BAD 835873478359
BAD 835879635751
BAD 835906323181
BAD 835907211143
BAD 835891281191
BAD 835891281193
BAD 835886836069
BAD 835886836073
BAD 835886924869
BAD 835887176947
BAD 835937347901
BAD 835916400071
BAD 835916400073
BAD 835916400103
BAD 835899915481
BAD 836008014773
BAD 836008014781
BAD 836110347913
BAD 836114944649
BAD 836114944657
BAD 836016329663
BAD 836120152669
BAD 836122204891
BAD 835810263451
BAD 835814580661
BAD 835814580683
BAD 835814580703
BAD 835814580709
BAD 835817880707
BAD 835788345961
BAD 836096906107
BAD 836096906111
BAD 836096987027
BAD 836096987029
BAD 836123806963
BAD 835801583363
BAD 836134253057
BAD 836135649901
BAD 836058924829
BAD 836060495399
BAD 836068982059
BAD 835830966209
BAD 835830966211
BAD 836084001353
BAD 836084001359
BAD 836084001371
BAD 836084001373
BAD 836040389281
BAD 836040389311
BAD 835838086229
BAD 835838086231
BAD 836027136457
BAD 836187027677
BAD 836187027679
BAD 835971764311
BAD 835972165181
BAD 835972165183
BAD 835974017509
BAD 835974017513
BAD 835979466743
BAD 835856142349
BAD 835856142353
BAD 835862886641
BAD 835862886643
BAD 835864811753
BAD 836208431561
BAD 836208431563
BAD 836243143231
BAD 836220242059
BAD 836220242063
BAD 836265371833
BAD 836267341453
BAD 836269474253
BAD 836269474307
BAD 836225833159
BAD 836225833169
BAD 836281142573
BAD 836232768991
BAD 836235375013
BAD 836288010119
BAD 836300080537
BAD 836191352473
BAD 836191352483
BAD 836142326651
BAD 836142326653
BAD 836195957981
BAD 836195957983
BAD 836144289427
BAD 836199543037
BAD 836156690233
BAD 836359746421
BAD 836362965989
BAD 836369856323
BAD 836371195243
BAD 836345985379
BAD 836376351919
BAD 836376351931
BAD 836378005129
BAD 836378005157
BAD 836378005159
BAD 836378005163
BAD 836378005193
BAD 836478631369
BAD 836384414029
BAD 836485150771
BAD 836503665863
BAD 836452518833
BAD 836463089311
BAD 836464176199
BAD 836464176209
BAD 836464176211
BAD 836425684013
BAD 836405503543
BAD 836405503547
BAD 836458659173
BAD 836436503341
BAD 836438295619
BAD 836511592027
BAD 836511767491
BAD 836515107149
BAD 836515107151
BAD 836333043643
BAD 836561807611
BAD 836338974319
BAD 836341666123
BAD 836341666129
BAD 836595317851
BAD 836586043913
BAD 836617379821
BAD 836602657027
BAD 836605589579
BAD 836605589581
BAD 836630413783
BAD 836632132481
BAD 836319435151
BAD 836640359509
BAD 836644457821
BAD 836650406929
BAD 836324592379
BAD 836324592391
BAD 836657187529
BAD 836658833063
BAD 836719426463
BAD 836535981319
BAD 836535981341
BAD 836535981343
BAD 836537013223
BAD 836537013227
BAD 836770248499
BAD 836775451277
BAD 836777595383
BAD 836777595391
BAD 836777595403
BAD 836554520413
BAD 836554520419
BAD 836554520423
BAD 836557631113
BAD 836756333899
BAD 836744365741
BAD 836705538817
BAD 836663454733
BAD 836798902283
BAD 836804258093
BAD 836814360829
BAD 836784125941
BAD 836814671401
BAD 836814671411
BAD 836814707123
BAD 836806208431
BAD 836806208449
BAD 836807817829
BAD 836836340059
BAD 836836340089
BAD 836839367341
BAD 836839367347
BAD 836839367359
BAD 836840153561
BAD 836840153563
BAD 836857825913
BAD 836865079249
BAD 836865079261
BAD 836868972623
BAD 836868972629
BAD 836868972631
BAD 836873950007
BAD 836878077017
BAD 836965502293
BAD 836947172297
BAD 836921021887
BAD 836890351967
BAD 836951874653
BAD 836890838089
BAD 836970092311
BAD 836954643079
BAD 836973801071
BAD 836973801073
BAD 836975040103
BAD 836681472443
BAD 836681472533
BAD 836685702977
BAD 836929912757
BAD 836929912759
BAD 836688720029
BAD 836688720031
BAD 837002119703
BAD 837004688731
BAD 837014801123
BAD 837010906313
BAD 837010906321
BAD 837020963599
BAD 837022972679
BAD 837026867041
BAD 837078301951
BAD 837034064171
BAD 837037568083
BAD 837097969657
BAD 836980608757
BAD 837117375383
BAD 836898260603
BAD 836898260609
BAD 836907018989
BAD 837049960447
BAD 837049960451
BAD 837049960457
BAD 837049960459
BAD 837052626103
BAD 837052947383
BAD 837054309703
BAD 837081335437
BAD 837249893849
BAD 837249893873
BAD 837242935447
BAD 837182175799
BAD 837182175803
BAD 837182175811
BAD 837165174203
BAD 837283340923
BAD 837187427467
BAD 837200557987
BAD 837200557993
BAD 837316484089
BAD 837316484099
BAD 837316484143
BAD 837316484149
BAD 837193478063
BAD 837220789063
BAD 837319992661
BAD 837319992703
BAD 837174171499
BAD 837322799923
BAD 837290063021
BAD 837290063023
BAD 837297450727
BAD 837297450733
BAD 837330909439
BAD 837330909451
BAD 837312585287
BAD 837312585289
BAD 837383992343
BAD 837392832239
BAD 837393085189
BAD 837379312673
BAD 837379312681
BAD 837381497549
BAD 837381497551
BAD 837397496753
BAD 837397804603
BAD 837397804609
BAD 837398043121
BAD 837398043137
BAD 837398043151
BAD 837398043169
BAD 837398043173
BAD 837142424033
BAD 837142424059
BAD 837142424071
BAD 837144737641
BAD 837163804391
BAD 837413187901
BAD 837434599777
BAD 837435068293
BAD 837451077109
BAD 837456049523
BAD 837457192541
BAD 837457192543
BAD 837457192591
BAD 837457192609
BAD 837457192613
BAD 837458914711
BAD 837349536973
BAD 837447091939
BAD 837463912211
BAD 837355194259
BAD 837363378043
BAD 837365059667
BAD 837416131597
BAD 837426767039
BAD 837430827353
BAD 837475519429
BAD 837482528633
BAD 837500290951
BAD 837510916819
BAD 837684403949
BAD 837684403951
BAD 837691311229
BAD 837667256611
BAD 837667429289
BAD 837668561731
BAD 837656706571
BAD 837656706581
BAD 837656706583
BAD 837695516389
BAD 837657761453
BAD 837736709087
BAD 837736709093
BAD 837699196993
BAD 837673405939
BAD 837660380591
BAD 837660380593
BAD 837676745671
BAD 837665807761
BAD 837743565853
BAD 837679839863
BAD 837680172697
BAD 837744292163
BAD 837554304163
BAD 837554456603
BAD 837705455281
BAD 837557286613
BAD 837787244753
BAD 837790554781
BAD 837792323051
BAD 837792323063
BAD 837635037143
BAD 837714378031
BAD 837714378107
BAD 837795265627
BAD 837564887927
BAD 837525202627
BAD 837525202643
BAD 837639357497
BAD 837569897089
BAD 837645674863
BAD 837645674867
BAD 837645674869
BAD 837632896427
BAD 837632896433
BAD 837536321317
BAD 837753265939
BAD 837753265949
BAD 837545022023
BAD 837549598087
BAD 837588416881
BAD 837772921639
BAD 837812875499
BAD 837812875531
BAD 837780479051
BAD 837780479057
BAD 837780479059
BAD 837829670107
BAD 837834744083
BAD 837834744091
BAD 837850147331
BAD 837850147333
BAD 837906837923
BAD 837915438449
BAD 837855474751
BAD 837862983047
BAD 837874605859
BAD 837874605863
BAD 837867248093
BAD 837881779261
BAD 837887389613
BAD 837893487001
BAD 837898927199
BAD 837918886187
BAD 837919952963
BAD 837919952971
BAD 837919952977
BAD 837920003911
BAD 837921765539
BAD 837929888449
BAD 837929888459
BAD 837929888461
BAD 837933079021
BAD 837949884119
BAD 837970235059
BAD 837963840299
BAD 837963863623
BAD 837963863629
BAD 837992085409
BAD 837994171933
BAD 837994171939
BAD 838038794479
BAD 838256383313
BAD 838256383319
BAD 838260732853
BAD 838260732863
BAD 838020264481
BAD 838022968261
BAD 838030306513
BAD 838031571271
BAD 838032448963
BAD 838032448969
BAD 838035790159
BAD 838035790171
BAD 838206770021
BAD 838130585693
BAD 838211601863
BAD 838214660281
BAD 838215386251
BAD 838215386257
BAD 838220116267
BAD 838171232413
BAD 838171266661
BAD 838177070821
BAD 838178346823
BAD 838086643657
BAD 838086643663
BAD 838104431819
BAD 838095841591
BAD 838095841643
BAD 838095972761
BAD 838097160211
BAD 838097160217
BAD 838097160253
BAD 838098299153
BAD 838100412511
BAD 838100412517
BAD 838100412529
BAD 838188761749
BAD 838116690241
BAD 838117735339
BAD 838117735361
BAD 838117735363
BAD 838117735373
BAD 838194016529
BAD 838138936729
BAD 838199657527
BAD 838341332509
BAD 838329783737
BAD 838203387823
BAD 838333564489
BAD 838151301739
BAD 838151384479
BAD 838078094423
BAD 838078094431
BAD 838336536703
BAD 838336536707
BAD 838064970181
BAD 838153405289
BAD 838153405321
BAD 838080134321
BAD 838065812461
BAD 838356555697
BAD 838082519251
BAD 838082519297
BAD 838082519299
BAD 838082519303
BAD 838363385059
BAD 838372141073
BAD 838372141081
BAD 838372695271
BAD 838378814881
BAD 838380911743
BAD 838383109913
BAD 838390550329
BAD 838394758853
BAD 838422184729
BAD 838271777723
BAD 838273034917
BAD 838231412569
BAD 838282721753
BAD 838282721767
BAD 838242886157
BAD 838288810199
BAD 838310573209
BAD 838310573213
BAD 838301801977
BAD 838317656489
BAD 838317656497
BAD 838475743519
BAD 838478375131
BAD 838479161467
BAD 838486568939
BAD 838491837529
BAD 838550574049
BAD 838550574061
BAD 838500772729
BAD 838614138587
BAD 838614138589
BAD 838514351533
BAD 838515610661
BAD 838515610663
BAD 838674486679
BAD 838524073117
BAD 838524073217
BAD 838525968323
BAD 838724365967
BAD 838694396629
BAD 838694396633
BAD 838694396647
BAD 838727637799
BAD 838729337627
BAD 838729337629
BAD 838703533159
BAD 838719430193
BAD 838719430201
BAD 838560895877
BAD 838758537703
BAD 838760396701
BAD 838761266743
BAD 838761266747
BAD 838571074577
BAD 838770132857
BAD 838770132859
BAD 838772690071
BAD 838648517911
BAD 838649716789
BAD 838649716813
BAD 838752579983
BAD 838753301873
BAD 838829477461
BAD 838829477467
BAD 838829947591
BAD 838829947597
BAD 838835647297
BAD 838777006411
BAD 838847947213
BAD 838817558263
BAD 838817558269
BAD 838817558273
BAD 838861875169
BAD 838863918779
BAD 838868669029
BAD 838869452933
BAD 838874418049
BAD 838913791657
BAD 838917441919
BAD 838917441931
BAD 838921394461
BAD 838923669967
BAD 838927804973
BAD 838933669603
BAD 838892144039
BAD 838895104109
BAD 838895104111
BAD 838895285029
BAD 838905213803
BAD 838978224229
BAD 839113381727
BAD 838978996489
BAD 838978996561
BAD 838980330977
BAD 838980399601
BAD 839116005743
BAD 838980695419
BAD 838953665813
BAD 838953665819
BAD 838955907103
BAD 839118848237
BAD 838966519777
BAD 838989529381
BAD 838989529387
BAD 838990416547
BAD 839060843197
BAD 839070198503
BAD 839048508349
BAD 839050274989
BAD 839051609191
BAD 839051609197
BAD 839030331361
BAD 839001637829
BAD 839008214087
BAD 839008214089
BAD 839100515789
BAD 839100515791
BAD 839025443429
BAD 839025443437
BAD 839025443449
BAD 839025443453
BAD 839107955783
BAD 839080671619
BAD 839080671623
BAD 839080671629
BAD 839080671631
BAD 839087924713
BAD 839091489517
BAD 839131731733
BAD 839133477227
BAD 839133477229
BAD 839133477233
BAD 839133814681
BAD 839211373493
BAD 839214915151
BAD 839142679229
BAD 839142679231
BAD 839142679237
BAD 839228856953
BAD 839228857057
BAD 839220873523
BAD 839224166813
BAD 839224166821
BAD 839181688729
BAD 839171821141
BAD 839258604799
BAD 839258604803
BAD 839157964951
BAD 839157965017
BAD 839157965101
BAD 839157965161
BAD 839159127229
BAD 839159127253
BAD 839194051903
BAD 839194051909
BAD 839196832717
BAD 839200560727
BAD 839200560733
BAD 839205473233
BAD 839317644259
BAD 839262141997
BAD 839262477181
BAD 839262803887
BAD 839277646657
BAD 839277646667
BAD 839281811617
BAD 839283789083
BAD 839284011001
BAD 839420209099
BAD 839420209129
BAD 839420328683
BAD 839425613183
BAD 839368466903
BAD 839370294187
BAD 839506009103
BAD 839506009109
BAD 839511483827
BAD 839511483829
BAD 839512182799
BAD 839438751527
BAD 839446892521
BAD 839448955493
BAD 839452054171
BAD 839453763539
BAD 839471387627
BAD 839475460793
BAD 839347718387
BAD 839347718389
BAD 839348968933
BAD 839336937001
BAD 839338267021
BAD 839341392679
BAD 839341392697
BAD 839341392709
BAD 839378597263
BAD 839378599601
BAD 839383658671
BAD 839383658677
BAD 839383658689
BAD 839393713373
BAD 839394644041
BAD 839516628499
BAD 839667040141
BAD 839667040171
BAD 839519254927
BAD 839526105647
BAD 839674084849
BAD 839534611921
BAD 839675499899
BAD 839584188643
BAD 839584188647
BAD 839584188649
BAD 839585288903
BAD 839592072001
BAD 839593096673
BAD 839551805893
BAD 839554119799
BAD 839555655109
BAD 839555655137
BAD 839555655139
BAD 839555655143
BAD 839622375509
BAD 839622375511
BAD 839556996121
BAD 839642473183
BAD 839644004897
BAD 839628941581
BAD 839605271971
BAD 839605271977
BAD 839609488813
BAD 839576769907
BAD 839653462493
BAD 839655754313
BAD 839659494623
BAD 839659494631
BAD 839800651849
BAD 839800651981
BAD 839754686839
BAD 839755024873
BAD 839755024877
BAD 839807086553
BAD 839811844913
BAD 839812090303
BAD 839768421619
BAD 839768421623
BAD 839768421643
BAD 839768556493
BAD 839771357753
BAD 839773113481
BAD 839773113493
BAD 839843476403
BAD 839844067991
BAD 839687511683
BAD 839691715249
BAD 839692653851
BAD 839732702383
BAD 839732702387
BAD 839738971237
BAD 839933788459
BAD 839941576451
BAD 839875858841
BAD 839879323883
BAD 839879323891
BAD 839879323897
BAD 839853576053
BAD 839862926783
BAD 839992784143
BAD 839992784149
BAD 839992784153
BAD 839971727479
BAD 839953276549
BAD 839954713831
BAD 839958103783
BAD 839976413123
BAD 839960663939
RANGE 830000000000 840000000000 PRIMES 364286197 BAD 1728
