BAD 870228503413
BAD 870234525877
BAD 870137475593
BAD 870369526823
BAD 870272645719
BAD 870189852293
BAD 870210435019
BAD 870276761813
BAD 870169068773
BAD 870180378061
BAD 870183596587
BAD 870364486289
BAD 870364486291
BAD 870364486309
BAD 870023600063
BAD 870239317777
BAD 870239317861
BAD 870239317879
BAD 870119839189
BAD 870239637767
BAD 870239637769
BAD 870028167829
BAD 870101782021
BAD 870101810119
BAD 870030744509
BAD 870010320247
BAD 870010320251
BAD 870010320253
BAD 870012100301
BAD 870012100303
BAD 870033198491
BAD 870033198493
BAD 870033198499
BAD 870107611013
BAD 870051378461
BAD 870051378463
BAD 870130192093
BAD 870130192097
BAD 870054681893
BAD 870113612183
BAD 870085615913
BAD 870089818471
BAD 870090480367
BAD 870251794943
BAD 870253080559
BAD 870092767631
BAD 870092767633
BAD 870390331007
BAD 870390331009
BAD 870098559697
BAD 870098559709
BAD 870098559713
BAD 870392567593
BAD 870392567609
BAD 870392567621
BAD 870392567623
BAD 870392567633
BAD 870263846519
BAD 870263846521
BAD 870264905383
BAD 870266458849
BAD 870335750483
BAD 870339415373
BAD 870340408127
BAD 870340408129
BAD 870342635581
BAD 870344214073
BAD 870344214083
BAD 870345021023
BAD 870345021041
BAD 870068933429
BAD 870068933431
BAD 870347034773
BAD 870328572499
BAD 870402659551
BAD 870402659561
BAD 870402659563
BAD 870493642351
BAD 870502297673
BAD 870502297681
BAD 870505901591
BAD 870505901593
BAD 870455451241
BAD 870455451251
BAD 870455451253
BAD 870459584873
BAD 870516656333
BAD 870541549081
BAD 870542442743
BAD 870524142841
BAD 870528907489
BAD 870559444693
BAD 870813570359
BAD 870815269901
BAD 870815269903
BAD 870815269927
BAD 870815269981
BAD 870815270021
BAD 870574303381
BAD 870818672543
BAD 870577222951
BAD 870582208231
BAD 870823918729
BAD 870823918733
BAD 870828844471
BAD 870828844477
BAD 870837140449
BAD 870841821151
BAD 870843275101
BAD 870844005859
BAD 870847701049
BAD 870848769173
BAD 870874792399
BAD 870874792423
BAD 870874792433
BAD 870850146877
BAD 870850146889
BAD 870878188181
BAD 870854266363
BAD 870891171781
BAD 870891171793
BAD 870796592999
BAD 870796593001
BAD 870857102041
BAD 870857102123
BAD 870857102131
BAD 870914433947
BAD 870898003697
BAD 870597805789
BAD 870926834929
BAD 870921455633
BAD 870921455659
BAD 870870718273
BAD 870870718283
BAD 870870718313
BAD 870871000099
BAD 870931055633
BAD 870931055641
BAD 870931055653
BAD 870602546371
BAD 870602546377
BAD 870691431887
BAD 870691930531
BAD 870691930547
BAD 870621043657
BAD 870606148147
BAD 870644305273
BAD 870673653491
BAD 870646950689
BAD 870632878777
BAD 870724009229
BAD 870724009231
BAD 870764609677
BAD 870651733753
BAD 870727478431
BAD 870653645867
BAD 870736232071
BAD 870662360483
BAD 870745045231
BAD 870746864513
BAD 870747141773
BAD 870752272223
BAD 870707405233
BAD 870707405263
BAD 870707405273
BAD 870718372417
BAD 870781508581
BAD 870782241961
BAD 870951501923
BAD 870951501929
BAD 870951501943
BAD 870951501949
BAD 870976836859
BAD 870976836889
BAD 870985457011
BAD 870985457029
BAD 870956403073
BAD 870961756673
BAD 871007952481
BAD 871007952499
BAD 871016408897
BAD 871016408923
BAD 871031624543
BAD 871032870569
BAD 871032870571
BAD 871004457419
BAD 871091209921
BAD 871097813461
BAD 871098053083
BAD 871098899653
BAD 871098899659
BAD 871118471203
BAD 871103857727
BAD 871076904713
BAD 871078696681
BAD 871081580591
BAD 871141656061
BAD 871141656067
BAD 871154301949
BAD 871154348671
BAD 871246556273
BAD 871246556281
BAD 871247146747
BAD 871249849793
BAD 871255918097
BAD 871256910287
BAD 871208003843
BAD 871211120063
BAD 871193125093
BAD 871217833823
BAD 871222852861
BAD 871222852873
BAD 871190466593
BAD 871190466623
BAD 871190466631
BAD 871065363563
BAD 871226813813
BAD 871227778919
BAD 871227778921
BAD 871342688347
BAD 871234665113
BAD 871409616307
BAD 871313863019
BAD 871412562781
BAD 871412562851
BAD 871319388707
BAD 871131050737
BAD 871131311503
BAD 871424790893
BAD 871425757429
BAD 871263644597
BAD 871263644599
BAD 871269319111
BAD 871446543073
BAD 871454795867
BAD 871457392007
BAD 871457392009
BAD 871459380901
BAD 871431398843
BAD 871435572811
BAD 871435572817
BAD 871439781397
BAD 871305374063
BAD 871307128369
BAD 871307128409
BAD 871307128411
BAD 871460601107
BAD 871463317223
BAD 871464723169
BAD 871471889623
BAD 871482235753
BAD 871484328181
BAD 871498731503
BAD 871535663423
BAD 871535663431
BAD 871524128051
BAD 871524128053
BAD 871363765429
BAD 871568697007
BAD 871569914251
BAD 871546377077
BAD 871548230503
BAD 871550331473
BAD 871559022517
BAD 871627985479
BAD 871678258001
BAD 871634081783
BAD 871593075443
BAD 871635868531
BAD 871682507561
BAD 871682507569
BAD 871682507573
BAD 871682507581
BAD 871682507593
BAD 871685357429
BAD 871641597793
BAD 871641597797
BAD 871641597803
BAD 871666662577
BAD 871666662599
BAD 871667392543
BAD 871671686357
BAD 871671686359
BAD 871674455317
BAD 871674455321
BAD 871814881261
BAD 871912618393
BAD 871912618397
BAD 871912618399
BAD 871863136801
BAD 871863136819
BAD 871868267239
BAD 871868267243
BAD 871869844309
BAD 871916147527
BAD 871871057303
BAD 871918466233
BAD 871823290103
BAD 871823290111
BAD 871919398877
BAD 871919398879
BAD 871874388313
BAD 871747097251
BAD 871877171329
BAD 871850030911
BAD 871850030923
BAD 871623532069
BAD 871623532081
BAD 871857465907
BAD 871857465911
BAD 871857883769
BAD 871600957567
BAD 871600957583
BAD 871891090591
BAD 871891090597
BAD 871904865709
BAD 871607674471
BAD 871892275853
BAD 871893644119
BAD 871609362781
BAD 871609362787
BAD 871786692199
BAD 871788911701
BAD 871696324217
BAD 871696324223
BAD 871712106413
BAD 871704122719
BAD 871715861039
BAD 871715861041
BAD 871728387349
BAD 871839153221
BAD 871839153223
BAD 871729233317
BAD 871723602823
BAD 871734977657
BAD 871726581839
BAD 871726581857
BAD 871739850929
BAD 871739850931
BAD 871739850959
BAD 871947355933
BAD 871951773683
BAD 871951773691
BAD 871806367577
BAD 871952723281
BAD 871956420619
BAD 871811862673
BAD 871963555613
BAD 871963555633
BAD 871963555649
BAD 871970386843
BAD 871981286213
BAD 871993297523
BAD 871994669023
BAD 872047377083
BAD 872013972761
BAD 872013972763
BAD 872053502923
BAD 872053502927
BAD 872053502933
BAD 872021935111
BAD 872004166211
BAD 872004166213
BAD 872004166217
BAD 872004166219
BAD 872122081561
BAD 872068373447
BAD 872125424461
BAD 872072078093
BAD 872072078099
BAD 872073659539
BAD 872073659543
BAD 872073659549
BAD 872141932709
BAD 872141932861
BAD 872105540941
BAD 872105541023
BAD 872079845107
BAD 872143258339
BAD 872088381023
BAD 872107186163
BAD 872111308309
BAD 872112220373
BAD 872112220381
BAD 872113124899
BAD 872113124903
BAD 872147785787
BAD 872096721739
BAD 872096721751
BAD 872150805293
BAD 872157250313
BAD 872158212139
BAD 872162281657
BAD 872162281663
BAD 872162281667
BAD 872199036763
BAD 872201681149
BAD 872209652003
BAD 872210866763
BAD 872210866783
BAD 872210866789
BAD 872169641281
BAD 872177042003
BAD 872177227681
BAD 872220408937
BAD 872221705339
BAD 872368358161
BAD 872353810277
BAD 872361844927
BAD 872361844933
BAD 872362584593
BAD 872363230733
BAD 872402727887
BAD 872234381041
BAD 872236100251
BAD 872236100279
BAD 872189819519
BAD 872189819521
BAD 872415791791
BAD 872190963547
BAD 872190963551
BAD 872386261157
BAD 872386261171
BAD 872386261177
BAD 872281912399
BAD 872250655417
BAD 872250655421
BAD 872397422359
BAD 872397422363
BAD 872255518327
BAD 872255518339
BAD 872255518349
BAD 872280215753
BAD 872280215761
BAD 872280215767
BAD 872299019633
BAD 872299019639
BAD 872299019653
BAD 872485795567
BAD 872486454677
BAD 872486764813
BAD 872487833449
BAD 872487833471
BAD 872262736669
BAD 872494073419
BAD 872311945909
BAD 872311945913
BAD 872312410483
BAD 872496982087
BAD 872496982111
BAD 872420305357
BAD 872465073967
BAD 872465073971
BAD 872465073973
BAD 872465074021
BAD 872465074027
BAD 872420985103
BAD 872420985119
BAD 872517581599
BAD 872517581603
BAD 872423254699
BAD 872502382613
BAD 872523660781
BAD 872433043133
BAD 872433381307
BAD 872527045603
BAD 872344772633
BAD 872554434649
BAD 872477613181
BAD 872477613209
BAD 872477613211
BAD 872320236527
BAD 872572572821
BAD 872574035573
BAD 872577581809
BAD 872565718309
BAD 872566497463
BAD 872582026549
BAD 872582026553
BAD 872582026559
BAD 872566777003
BAD 872608433243
BAD 872608433251
BAD 872612122013
BAD 872612122021
BAD 872612224543
BAD 872614950679
BAD 872583964501
BAD 872583964507
BAD 872583964519
BAD 872597728913
BAD 872622218473
BAD 872630292829
BAD 872636105611
BAD 872636105617
BAD 872638415611
BAD 872655836581
BAD 872675037991
BAD 872685202357
BAD 872685202399
BAD 872953032527
BAD 872963815369
BAD 872696947373
BAD 872701461571
BAD 872802910493
BAD 872802910501
BAD 872986636477
BAD 872843392501
BAD 872990193043
BAD 872810400733
BAD 872991698129
BAD 872993586911
BAD 872994931849
BAD 872996645351
BAD 872996645363
BAD 872996645377
BAD 872888923289
BAD 872851876727
BAD 872869572109
BAD 873018047543
BAD 872938826623
BAD 872872637837
BAD 872872637839
BAD 872872637843
BAD 872791724377
BAD 872821749707
BAD 872795825449
BAD 872878282421
BAD 872878282429
BAD 872949301597
BAD 872880132727
BAD 872880132731
BAD 873020807371
BAD 873021460781
BAD 873033935143
BAD 872969748083
BAD 872969748089
BAD 872973709723
BAD 872973709733
BAD 872976640331
BAD 872983027099
BAD 872983027117
BAD 872983027121
BAD 872983027123
BAD 872860589317
BAD 873042863879
BAD 873042863881
BAD 872904802793
BAD 873046083323
BAD 872774635673
BAD 872774635687
BAD 872778288433
BAD 872778559207
BAD 872778609163
BAD 872918756273
BAD 872719541933
BAD 872723887831
BAD 872723887837
BAD 872725920901
BAD 872726125969
BAD 872753720093
BAD 872753720123
BAD 872764841023
BAD 872764841029
BAD 872764841033
BAD 872738713619
BAD 872738713621
BAD 872743676719
BAD 872743676723
BAD 873074733931
BAD 873061050361
BAD 873061050373
BAD 873064878583
BAD 873272494069
BAD 873239816269
BAD 873239816279
BAD 873221687033
BAD 873223527733
BAD 873230599343
BAD 873230617387
BAD 873231350377
BAD 873232064113
BAD 873237614077
BAD 873105713969
BAD 873105713971
BAD 873127102763
BAD 873127102769
BAD 873109501351
BAD 873131180941
BAD 873131180969
BAD 873115372013
BAD 873289419061
BAD 873306779843
BAD 873319828573
BAD 873173062849
BAD 873164140073
BAD 873182793919
BAD 873460725383
BAD 873462730463
BAD 873462730477
BAD 873463206241
BAD 873463206247
BAD 873463291373
BAD 873475325729
BAD 873475325731
BAD 873475325759
BAD 873475325761
BAD 873561194861
BAD 873591797899
BAD 873576378469
BAD 873576899231
BAD 873576899233
BAD 873576899243
BAD 873594996889
BAD 873491317903
BAD 873598199933
BAD 873598199939
BAD 873598199941
BAD 873549347071
BAD 873498765863
BAD 873498765877
BAD 873499639561
BAD 873605892433
BAD 873605892437
BAD 873342092179
BAD 873353239417
BAD 873374008723
BAD 873375843449
BAD 873375843451
BAD 873412934441
BAD 873426524573
BAD 873402109367
BAD 873402109369
BAD 873402109379
BAD 873402109381
BAD 873386365447
BAD 873386365519
BAD 873326301361
BAD 873327571387
BAD 873388488047
BAD 873434083969
BAD 873331272739
BAD 873331272743
BAD 873436683349
BAD 873436688687
BAD 873436688689
BAD 873436688693
BAD 873438465901
BAD 873512870003
BAD 873371588743
BAD 873445050721
BAD 873445050749
BAD 873445050773
BAD 873725753711
BAD 873730865243
BAD 873735603289
BAD 873757913537
BAD 873645934129
BAD 873686982479
BAD 873686982481
BAD 873611648191
BAD 873633962687
BAD 873633962689
BAD 873635320489
BAD 873635320501
BAD 873614459563
BAD 873619098307
BAD 873623117467
BAD 873666010297
BAD 873666010303
BAD 873666010309
BAD 873666010313
BAD 873693261713
BAD 873707657243
BAD 873830126237
BAD 873820153573
BAD 873839332159
BAD 873847679801
BAD 873847955273
BAD 873847955311
BAD 873776014429
BAD 873776452337
BAD 873797923021
BAD 873799001441
BAD 873851944013
BAD 873799931713
BAD 873981588173
BAD 874012511191
BAD 874016095429
BAD 874031198023
BAD 874033151023
BAD 873960206059
BAD 873960206137
BAD 873960206143
BAD 873971698907
BAD 873971698909
BAD 873859438393
BAD 873918725531
BAD 873934076611
BAD 873934076627
BAD 873939852341
BAD 873939852343
BAD 873940057909
BAD 874085605651
BAD 873999261593
BAD 874231865491
BAD 874184026393
BAD 874005227219
BAD 874238139209
BAD 874238139223
BAD 874238139239
BAD 874238139241
BAD 874238139251
BAD 874239668149
BAD 874239668153
BAD 874250186309
BAD 874250186311
BAD 874198378463
BAD 874251158623
BAD 874203493469
BAD 874213726873
BAD 873878052239
BAD 873878052241
BAD 874218370651
BAD 874172127217
BAD 874172127221
BAD 874172127223
BAD 874225222873
BAD 874225222883
BAD 873883047353
BAD 873883377139
BAD 873958446737
BAD 873886382731
BAD 873889963433
BAD 874279749397
BAD 874279749403
BAD 874280730181
BAD 874113661259
BAD 874113661261
BAD 874055695831
BAD 874138236523
BAD 874138236527
BAD 874138236529
BAD 874294247573
BAD 874126464811
BAD 874061878121
BAD 874152520331
BAD 874152520333
BAD 874159188983
BAD 874298423753
BAD 874300359109
BAD 874302546893
BAD 874307190209
BAD 874308993553
BAD 874264009309
BAD 874264026667
BAD 874267166347
BAD 874452186943
BAD 874453978339
BAD 874460031343
BAD 874485278929
BAD 874403603113
BAD 874486259149
BAD 874518221701
BAD 874487562041
BAD 874487562043
BAD 874407538463
BAD 874491019099
BAD 874433328833
BAD 874433328841
BAD 874440890821
BAD 874607541121
BAD 874608439577
BAD 874608439597
BAD 874608439609
BAD 874608439613
BAD 874379268043
BAD 874379268053
BAD 874609427101
BAD 874380962071
BAD 874613669959
BAD 874388255731
BAD 874388255737
BAD 874682652527
BAD 874683287677
BAD 874683287689
BAD 874683287711
BAD 874683287713
BAD 874472892677
BAD 874472892679
BAD 874312109947
BAD 874419377659
BAD 874637606377
BAD 874581764183
BAD 874335262291
BAD 874335262363
BAD 874335570631
BAD 874595172643
BAD 874615555843
BAD 874344850373
BAD 874344850387
BAD 874555364209
BAD 874555364219
BAD 874624091357
BAD 874624091359
BAD 874564470917
BAD 874564470919
BAD 874564470929
BAD 874564470931
BAD 874564470973
BAD 874624594763
BAD 874624594901
BAD 874624594903
BAD 874556317309
BAD 874566087763
BAD 874561132513
BAD 874561132519
BAD 874562673811
BAD 874563038521
BAD 874657646713
BAD 874665467209
BAD 874662838663
BAD 874662838667
BAD 874534493033
BAD 874536111167
BAD 874539194303
BAD 874714796119
BAD 874679191861
BAD 874542773383
BAD 874718748181
BAD 874719526853
BAD 874782796429
BAD 874775949743
BAD 874811341871
BAD 874778933579
BAD 874813140893
BAD 874813140899
BAD 874701473201
BAD 874701473203
BAD 874705134013
BAD 874705134019
BAD 874705134031
BAD 874711110353
BAD 874711110379
BAD 874711293187
BAD 874825312609
BAD 874865882179
BAD 874841417239
BAD 874857922681
BAD 874860503779
BAD 875143971113
BAD 875143971137
BAD 875184652271
BAD 875184652273
BAD 875108540743
BAD 875174124709
BAD 875189932417
BAD 875189932447
BAD 875150209189
BAD 875177081509
BAD 875163197551
BAD 875199452779
BAD 874897789267
BAD 875223658369
BAD 875223658373
BAD 875233532783
BAD 875233532791
BAD 874923197999
BAD 874923198001
BAD 874940731187
BAD 874941514127
BAD 874941514129
BAD 874943560037
BAD 874931464651
BAD 874972778599
BAD 874979516071
BAD 875039655109
BAD 875039669183
BAD 875239197691
BAD 875239686353
BAD 875240972413
BAD 875240972447
BAD 875240972449
BAD 875240972453
BAD 875244882937
BAD 875246766649
BAD 875069457877
BAD 875069690447
BAD 875069690449
BAD 875071969771
BAD 875075344621
BAD 875001862463
BAD 875082019639
BAD 875082019729
BAD 875055740903
BAD 875026510937
BAD 875066205877
BAD 875066349593
BAD 875066349697
BAD 874983635959
BAD 875202943831
BAD 875204330419
BAD 875204330423
BAD 875205443747
BAD 875086955269
BAD 875086955273
BAD 875216648653
BAD 875216648659
BAD 875216648671
BAD 874992677291
BAD 874992677303
BAD 875090228713
BAD 875095548421
BAD 875095548433
BAD 875335858681
BAD 875335858687
BAD 875336324147
BAD 875327033641
BAD 875327793707
BAD 875346836191
BAD 875349717523
BAD 875349717527
BAD 875350016041
BAD 875350016053
BAD 875355852251
BAD 875361136057
BAD 875361136063
BAD 875368156433
BAD 875306869439
BAD 875306869441
BAD 875306869447
BAD 875309881447
BAD 875311268591
BAD 875408048077
BAD 875417583451
BAD 875534355637
BAD 875375494163
BAD 875375494171
BAD 875375494187
BAD 875274393181
BAD 875275799089
BAD 875383162343
BAD 875384303753
BAD 875385317627
BAD 875385317629
BAD 875385317633
BAD 875385317689
BAD 875385317707
BAD 875282688211
BAD 875282688229
BAD 875445363347
BAD 875445363349
BAD 875445363361
BAD 875446810409
BAD 875446810411
BAD 875451255499
BAD 875451255517
BAD 875472721891
BAD 875475790403
BAD 875478792389
BAD 875463395839
BAD 875463395843
BAD 875674944427
BAD 875676353581
BAD 875676510229
BAD 875682462307
BAD 875539233859
BAD 875547740203
BAD 875547740237
BAD 875547740239
BAD 875706112081
BAD 875490632243
BAD 875567557979
BAD 875567557981
BAD 875567557987
BAD 875491469161
BAD 875714242961
BAD 875588708089
BAD 875589475961
BAD 875589475963
BAD 875723429213
BAD 875747700691
BAD 875496854569
BAD 875499247397
BAD 875733169111
BAD 875733169133
BAD 875595340957
BAD 875734282903
BAD 875637180037
BAD 875756132569
BAD 875642374829
BAD 875572331509
BAD 875573154751
BAD 875573154763
BAD 875573154767
BAD 875576124121
BAD 875658563861
BAD 875658563863
BAD 875658563867
BAD 875659719689
BAD 875659719691
BAD 875619643589
BAD 875782479503
BAD 875788655509
BAD 875788655537
BAD 875853144191
BAD 875853144193
BAD 875870847473
BAD 875832133831
BAD 875806893811
BAD 875891504069
BAD 876113990699
BAD 876114775597
BAD 876121875413
BAD 876122175857
BAD 876122175883
BAD 875821454489
BAD 875821454491
BAD 875821454503
BAD 876161915509
BAD 876163286231
BAD 876163286233
BAD 876163286237
BAD 876163286239
BAD 876163860601
BAD 876008095121
BAD 876008095129
BAD 875975829767
BAD 875975829769
BAD 875923835263
BAD 875923835273
BAD 876015211969
BAD 875912211301
BAD 875987745187
BAD 875957852071
BAD 875913906781
BAD 875918328631
BAD 876056730803
BAD 875963623531
BAD 875969575211
BAD 876071577769
BAD 876072728807
BAD 876196552249
BAD 876200961473
BAD 876178024507
BAD 876178024517
BAD 876178024523
BAD 876178024529
BAD 876178024531
BAD 876178024543
BAD 876041335363
BAD 876043006759
BAD 876189174199
BAD 876046807021
BAD 876056017271
BAD 876056017273
BAD 875874315787
BAD 875874315803
BAD 875880817423
BAD 876211523333
BAD 876211523339
BAD 876225242731
BAD 876218635321
BAD 876231668867
BAD 876231668869
BAD 876231668911
BAD 876098686717
BAD 876102675167
BAD 876102675169
BAD 876104542309
BAD 876104686213
BAD 876104686217
BAD 876276697033
BAD 876263115113
BAD 876263350253
BAD 876268744193
BAD 876269937833
BAD 876242539121
BAD 876296749841
BAD 876300917983
BAD 876378511651
BAD 876307823081
BAD 876252942143
BAD 876388298983
BAD 876388298987
BAD 876390631453
BAD 876409185781
BAD 876446614201
BAD 876449122739
BAD 876449122741
BAD 876449122763
BAD 876449122771
BAD 876450211009
BAD 876453016619
BAD 876453650363
BAD 876458658403
BAD 876364068169
BAD 876364198249
BAD 876462310883
BAD 876419960183
BAD 876366880273
BAD 876471395731
BAD 876475959943
BAD 876475959949
BAD 876427332383
BAD 876506438569
BAD 876506438651
BAD 876428971973
BAD 876438861481
BAD 876438861539
BAD 876319918819
BAD 876478896383
BAD 876482498569
BAD 876482498581
BAD 876482498587
BAD 876350889683
BAD 876350889787
BAD 876513208639
BAD 876491953739
BAD 876491953741
BAD 876520649909
BAD 876396649147
BAD 876399312553
BAD 876408664519
BAD 876560872883
BAD 876562405373
BAD 876572047123
BAD 876557471201
BAD 876557471203
BAD 876559766311
BAD 876645320149
BAD 876645320153
BAD 876608363723
BAD 876581418257
BAD 876581418259
BAD 876588845747
BAD 876588845749
BAD 876532290589
BAD 876532290811
BAD 876532290817
BAD 876539517253
BAD 876541341787
BAD 876700695931
BAD 876612279863
BAD 876612279869
BAD 876612279871
BAD 876612279889
BAD 876612700651
BAD 876613901599
BAD 876613901609
BAD 876613901633
BAD 876702529757
BAD 876702529763
BAD 876702529919
BAD 876702529921
BAD 876704518567
BAD 876661633039
BAD 876661633051
BAD 876630137839
BAD 876666076739
BAD 876666076771
BAD 876666076777
BAD 876672499883
BAD 876672499921
BAD 876675117379
BAD 876675117389
BAD 876675117391
BAD 876675261523
BAD 876781091701
BAD 876781091707
BAD 876785012827
BAD 876719334637
BAD 876719513827
BAD 876723322403
BAD 876682785301
BAD 876805614413
BAD 876805664047
BAD 876806069459
BAD 876815698489
BAD 876815698531
BAD 876815698537
BAD 876819689633
BAD 876686768959
BAD 876822439279
BAD 876746514113
BAD 876966101959
BAD 876966101971
BAD 876849070021
BAD 876849070033
BAD 876971272069
BAD 876855787321
BAD 876856320551
BAD 876856320553
BAD 876772909451
BAD 876888036203
BAD 876949689023
BAD 876866584717
BAD 876866584721
BAD 876866584723
BAD 876866584733
BAD 876876526321
BAD 876877171883
BAD 876877171909
BAD 876937324807
BAD 876939067601
BAD 876939067603
BAD 876897520363
BAD 876898216429
BAD 876902295209
BAD 876902295211
BAD 877033825813
BAD 877033825819
BAD 876995557129
BAD 877040242093
BAD 877045018127
BAD 877077053071
BAD 877003502629
BAD 877007143373
BAD 877116203833
BAD 877105329833
BAD 877107684163
BAD 877167072167
BAD 877168960483
BAD 877112420861
BAD 877112420867
BAD 877112420869
BAD 877112421007
BAD 877128304553
BAD 877140074873
BAD 877175080189
BAD 877141381381
BAD 877141381387
BAD 877177959971
BAD 877162121597
BAD 877162121599
BAD 877162728863
BAD 877216867957
BAD 877187323951
BAD 877193956363
BAD 877198868881
BAD 877204306733
BAD 877204306739
BAD 877204306777
BAD 877206755167
BAD 877212088741
BAD 877059332791
BAD 877059332819
BAD 877063153303
BAD 877266401029
BAD 877231582993
BAD 877231770073
BAD 877273851767
BAD 877283566829
BAD 877284504227
BAD 877285545319
BAD 877276942811
BAD 877276942813
BAD 877277057023
BAD 877277096873
BAD 877277096881
BAD 877289083639
BAD 877279367417
BAD 877292949067
BAD 877241254493
BAD 877245249451
BAD 877302902257
BAD 877336062893
BAD 877342695377
BAD 877342695379
BAD 877344158699
BAD 877347537433
BAD 877325893621
BAD 877417886551
BAD 877417886567
BAD 877417886663
BAD 877421777513
BAD 877427889497
BAD 877430791667
BAD 877430791669
BAD 877404472223
BAD 877404472229
BAD 877404472237
BAD 877507151077
BAD 877508634773
BAD 877512814579
BAD 877513546223
BAD 877513546241
BAD 877513546243
BAD 877518365573
BAD 877522319071
BAD 877485369311
BAD 877485369323
BAD 877526554519
BAD 877529939659
BAD 877531812347
BAD 877531812349
BAD 877464686123
BAD 877553822063
BAD 877553822107
BAD 877563855901
BAD 877563855907
BAD 877566043283
BAD 877469514227
BAD 877477231013
BAD 877584965927
BAD 877593156767
BAD 877596013873
BAD 877368805217
BAD 877368805219
BAD 877385157853
BAD 877611975211
BAD 877390754113
BAD 877728385921
BAD 877445362883
BAD 877703269643
BAD 877705545491
BAD 877818604343
BAD 877677072851
BAD 877677625991
BAD 877822176389
BAD 877822176391
BAD 877762282153
BAD 877823974543
BAD 877681201489
BAD 877833041599
BAD 877881204721
BAD 877838897899
BAD 877839313009
BAD 877883345873
BAD 877841523443
BAD 877885280917
BAD 877740748657
BAD 877740748673
BAD 877742590741
BAD 877743371993
BAD 877644650303
BAD 877776589117
BAD 877894906129
BAD 877895226563
BAD 877896417137
BAD 877619506123
BAD 877580980099
BAD 877580980123
BAD 877580980127
BAD 877581609431
BAD 877581609433
BAD 877625157407
BAD 877625526529
BAD 877627999411
BAD 877631400533
BAD 877631400539
BAD 877907986939
BAD 877908395347
BAD 877909919233
BAD 877987066309
BAD 877992999253
BAD 877994656213
BAD 877994656219
BAD 877791912901
BAD 877919735299
BAD 877933688813
BAD 878056868341
BAD 878056868347
BAD 878156795149
BAD 878159804167
BAD 878072379181
BAD 878072379211
BAD 878078361581
BAD 878078361583
BAD 878078362241
BAD 878078362253
BAD 878085084367
BAD 878190316033
BAD 878129729131
BAD 878092300381
BAD 878092300429
BAD 878195051641
BAD 878095352689
BAD 878095467679
BAD 878136807553
BAD 878037268651
BAD 877971586469
BAD 878102808227
BAD 878102808229
BAD 878039115229
BAD 877940065633
BAD 877940065637
BAD 878045875141
BAD 878045875207
BAD 878046867353
BAD 878049259903
BAD 878020464509
BAD 878020464511
BAD 877981417763
BAD 878052824741
BAD 878052824743
BAD 878052824749
BAD 877983956893
BAD 877983956933
BAD 877952779523
BAD 878105322023
BAD 877957970179
BAD 878111124433
BAD 878111124437
BAD 878111124439
BAD 878111407289
BAD 878111407291
BAD 878111508671
BAD 878118196471
BAD 878118196523
BAD 878237369993
BAD 878171648611
BAD 878178534743
BAD 878247662351
BAD 878247662353
BAD 878247662377
BAD 878249740253
BAD 878249740261
BAD 878249740267
BAD 878250538807
BAD 878251092253
BAD 878186783869
BAD 878209839901
BAD 878214487081
BAD 878278000189
BAD 878284782751
BAD 878254837819
BAD 878254837829
BAD 878289463489
BAD 878289968131
BAD 878258186683
BAD 878258186693
BAD 878260285117
BAD 878310902023
BAD 878311512833
BAD 878315449523
BAD 878359487221
BAD 878360068891
BAD 878460360697
BAD 878465373727
BAD 878465373743
BAD 878395641443
BAD 878374576411
BAD 878376981983
BAD 878376981991
BAD 878378693791
BAD 878380521059
BAD 878404912831
BAD 878384464291
BAD 878385055117
BAD 878385055123
BAD 878385055127
BAD 878386387457
BAD 878423976907
BAD 878429704267
BAD 878412247463
BAD 878412247477
BAD 878412247487
BAD 878412247501
BAD 878412247511
BAD 878412360563
BAD 878435265241
BAD 878435265251
BAD 878418421219
BAD 878421686809
BAD 878343140443
BAD 878343140447
BAD 878343140449
BAD 878345676643
BAD 878322753323
BAD 878322753337
BAD 878322753353
BAD 878322753359
BAD 878322753361
BAD 878323042489
BAD 878324179409
BAD 878324425423
BAD 878333014063
BAD 878333014187
BAD 878484896609
BAD 878708165989
BAD 878713842343
BAD 878714085149
BAD 878595235979
BAD 878595235981
BAD 878603384779
BAD 878604673847
BAD 878581831913
BAD 878581831943
BAD 878605407469
BAD 878734703333
BAD 878644439551
BAD 878644439557
BAD 878512395503
BAD 878512395511
BAD 878514834367
BAD 878654811799
BAD 878654811803
BAD 878654811809
BAD 878516702359
BAD 878516863981
BAD 878520039421
BAD 878545706377
BAD 878545706393
BAD 878548239539
BAD 878556555493
BAD 878613793969
BAD 878613793973
BAD 878559647773
BAD 878494412063
BAD 878494412071
BAD 878495282419
BAD 878748459053
BAD 878748459077
BAD 878748459079
BAD 878748459091
BAD 878498767283
BAD 878787716461
BAD 878787716467
BAD 878528002909
BAD 878823300013
BAD 878693151881
BAD 878693151883
BAD 878693151887
BAD 878695411283
BAD 878684556623
BAD 878663875589
BAD 878669470339
BAD 878897675717
BAD 878903515051
BAD 878846539657
BAD 878853402151
BAD 878861973559
BAD 878911850903
BAD 878911850917
BAD 878911850923
BAD 878932614793
BAD 879162022523
BAD 879168159983
BAD 879028092989
BAD 879028092991
BAD 879034091849
BAD 879034091851
BAD 879034486531
BAD 879091600661
BAD 879091600663
BAD 879060575749
BAD 879060575753
BAD 879073393909
BAD 879073393921
BAD 879046630747
BAD 879046630751
BAD 879046630753
BAD 879145112269
BAD 879150533143
BAD 879150533147
BAD 879152564911
BAD 879211348283
BAD 879215503093
BAD 879216229613
BAD 879216229621
BAD 879216229627
BAD 879221513279
BAD 879238451327
BAD 878969698609
BAD 878994929881
BAD 879003813707
BAD 879009851969
BAD 879009851971
BAD 879348279157
BAD 879325027961
BAD 879325027963
BAD 879325027967
BAD 879325027969
BAD 879354416621
BAD 879017923519
BAD 879017923523
BAD 879189228857
BAD 879189228859
BAD 879022267883
BAD 879198029849
BAD 879201433549
BAD 879201433553
BAD 879201683999
BAD 879202998119
BAD 879203181641
BAD 879203181643
BAD 879203181653
BAD 879140378513
BAD 879279769373
BAD 879281937991
BAD 879380407261
BAD 879286397083
BAD 879286397089
BAD 879428867209
BAD 879431926561
BAD 879431926577
BAD 879431926579
BAD 879435519073
BAD 879389946481
BAD 879391807207
BAD 879394648523
BAD 879423572947
BAD 879368643457
BAD 879403823783
BAD 879408389813
BAD 879411849187
BAD 879268803197
BAD 879272180131
BAD 879275404213
BAD 879275404219
BAD 879454506587
BAD 879454506589
BAD 879455072929
BAD 879456880039
BAD 879456880051
BAD 879308290423
BAD 879309311633
BAD 879484734019
BAD 879487091027
BAD 879494916851
BAD 879494916863
BAD 879476060101
BAD 879476060107
BAD 879476060123
BAD 879476060137
BAD 879476060143
BAD 879476684939
BAD 879476684941
BAD 879596796007
BAD 879816606637
BAD 879816606677
BAD 879816606679
BAD 879517055567
BAD 879517055569
BAD 879737969647
BAD 879767731897
BAD 879748726543
BAD 879748726643
BAD 879722981807
BAD 879725124923
BAD 879725124931
BAD 879508737791
BAD 879508737803
BAD 879745971977
BAD 879747438901
BAD 879510139051
BAD 879525928579
BAD 879525928583
BAD 879761620531
BAD 879550395413
BAD 879550395419
BAD 879558391193
BAD 879559883299
BAD 879580757317
BAD 879561006409
BAD 879571960913
BAD 879572603363
BAD 879593795057
BAD 879650205983
BAD 879579753583
BAD 879579753587
BAD 879579753589
BAD 879579753593
BAD 879692985793
BAD 879692985797
BAD 879693408331
BAD 879693408337
BAD 879529530521
BAD 879667350577
BAD 879673032629
BAD 879673032631
BAD 879634350493
BAD 879536589587
BAD 879537646789
BAD 879676930747
BAD 879677716081
BAD 879680089471
BAD 879680089493
BAD 879680089583
BAD 879812637343
BAD 879546117217
BAD 879697532773
BAD 879699548813
BAD 879700549657
BAD 879702521221
BAD 879702521239
BAD 879863126281
BAD 879866844331
BAD 879711769711
BAD 879872844857
BAD 879872844859
BAD 879887623259
BAD 879887623261
BAD 879897964471
BAD 879898088011
BAD 879967372307
BAD 879967372309
BAD 879971835511
BAD 879937530403
BAD 879937530413
BAD 879937530421
BAD 879904034993
BAD 879905484323
BAD 879949147879
BAD 879949237351
BAD 879959933353
BAD 879993625817
BAD 879993625831
BAD 879993625883
BAD 879996115507
BAD 879996115517
BAD 879924834379
BAD 879926002133
BAD 879926673113
BAD 879927721921
BAD 879931532209
BAD 879931532213
BAD 879931532219
RANGE 870000000000 880000000000 PRIMES 363672350 BAD 1719
