BAD 600157408129
BAD 600157824139
BAD 600157824163
BAD 600157824169
BAD 600157824173
BAD 600157824179
BAD 600157824181
BAD 600385350841
BAD 600129087589
BAD 600132220489
BAD 600351068399
BAD 600144335071
BAD 600144335081
BAD 600144335083
BAD 600144335093
BAD 600144335101
BAD 600146202143
BAD 600100845511
BAD 600106739657
BAD 600107776627
BAD 600116757607
BAD 600185191717
BAD 600190316533
BAD 600191322977
BAD 600191322979
BAD 600191323009
BAD 600085216337
BAD 600085216373
BAD 600354023329
BAD 600354023351
BAD 600304185721
BAD 600304185727
BAD 600354378797
BAD 600355176833
BAD 600196010377
BAD 600309702353
BAD 600360934373
BAD 600200418619
BAD 600172054487
BAD 600172054499
BAD 600172054501
BAD 600172829371
BAD 600367506793
BAD 600367506797
BAD 600367506799
BAD 600367506803
BAD 600367506811
BAD 600051814561
BAD 600053210707
BAD 600178147253
BAD 600178147271
BAD 600180235363
BAD 600180235373
BAD 600322834021
BAD 600322834037
BAD 600322834039
BAD 600322834099
BAD 600325232083
BAD 600063024019
BAD 600070193089
BAD 600070193119
BAD 600070193123
BAD 600071011483
BAD 600329181773
BAD 600072887269
BAD 600285485329
BAD 600285485333
BAD 600332580713
BAD 600289337569
BAD 600289337573
BAD 600335319691
BAD 600386949277
BAD 600018646243
BAD 600080225981
BAD 600080484259
BAD 600293820317
BAD 600293820319
BAD 600293820323
BAD 600272802121
BAD 600272802133
BAD 600272802197
BAD 600295555049
BAD 600023435959
BAD 600252337523
BAD 600395307803
BAD 600024301117
BAD 600275785177
BAD 600275785189
BAD 600275785303
BAD 600276207151
BAD 600277336913
BAD 600396560593
BAD 600255724231
BAD 600399753901
BAD 600031429147
BAD 600261958921
BAD 600032182093
BAD 600262770829
BAD 600263299487
BAD 600267205723
BAD 600226360717
BAD 600201337223
BAD 600201376283
BAD 600230250397
BAD 600201753841
BAD 600231168091
BAD 600210424217
BAD 600007224547
BAD 600011176873
BAD 600012151933
BAD 600040973641
BAD 600013328659
BAD 600013668119
BAD 600043606927
BAD 600043606931
BAD 600043606933
BAD 600247792523
BAD 600247792549
BAD 600420431953
BAD 600420431957
BAD 600420431959
BAD 600420517729
BAD 600421891471
BAD 600426736649
BAD 600540192547
BAD 600455663309
BAD 600428797669
BAD 600457666609
BAD 600458025473
BAD 600504070253
BAD 600491976589
BAD 600491976593
BAD 600492046607
BAD 600504157991
BAD 600504158077
BAD 600504158081
BAD 600504158083
BAD 600553864357
BAD 600492196363
BAD 600492550813
BAD 600492550817
BAD 600545092969
BAD 600460099207
BAD 600556644319
BAD 600556644323
BAD 600556644329
BAD 600432436999
BAD 600496462723
BAD 600496462781
BAD 600548411279
BAD 600463800113
BAD 600497725433
BAD 600559321561
BAD 600549883543
BAD 600561048193
BAD 600467526629
BAD 600501091559
BAD 600502226011
BAD 600741544177
BAD 600742825589
BAD 600742825591
BAD 600517133273
BAD 600517739251
BAD 600749851463
BAD 600751219489
BAD 600570695423
BAD 600643858231
BAD 600645314923
BAD 600575559439
BAD 600575559443
BAD 600575559473
BAD 600645596209
BAD 600522599251
BAD 600656366911
BAD 600524131331
BAD 600649804213
BAD 600649896247
BAD 600528212807
BAD 600528212827
BAD 600528212863
BAD 600581665643
BAD 600734353847
BAD 600529752649
BAD 600734353853
BAD 600654254339
BAD 600583505161
BAD 600583783771
BAD 600667384433
BAD 600606290827
BAD 600606290831
BAD 600606290833
BAD 600600633481
BAD 600608172127
BAD 600608172187
BAD 600756159649
BAD 600475837981
BAD 600756964433
BAD 600760302617
BAD 600760302619
BAD 600690074951
BAD 600690074953
BAD 600690075079
BAD 600614344103
BAD 600764102563
BAD 600764102581
BAD 600696398041
BAD 600696398047
BAD 600617546743
BAD 600617895617
BAD 600617895623
BAD 600617995921
BAD 600486110473
BAD 600697956533
BAD 600617995969
BAD 600486110479
BAD 600617995973
BAD 600486110491
BAD 600617995979
BAD 600617995981
BAD 600408300127
BAD 600412985383
BAD 600412985387
BAD 600774130279
BAD 600774130283
BAD 600413879929
BAD 600415051339
BAD 600415051351
BAD 600415051367
BAD 600621657061
BAD 600621657073
BAD 600621657079
BAD 600621657091
BAD 600709772783
BAD 600710140033
BAD 600710140039
BAD 600782769247
BAD 600784402237
BAD 600629560651
BAD 600715575563
BAD 600787526719
BAD 600787526723
BAD 600716342753
BAD 600716438831
BAD 600676542023
BAD 600717081619
BAD 600681254527
BAD 600681254533
BAD 600721259869
BAD 600721259893
BAD 600721259911
BAD 600682504613
BAD 600683987503
BAD 600687268219
BAD 600687268231
BAD 600789385111
BAD 600790847641
BAD 600792757627
BAD 600792757637
BAD 600796447837
BAD 600796447841
BAD 600796447843
BAD 600802001509
BAD 600877510301
BAD 600906456593
BAD 600877909217
BAD 600880575619
BAD 600880575643
BAD 600911995141
BAD 600884638331
BAD 600884847469
BAD 600903613381
BAD 600886719649
BAD 600915774317
BAD 600870122207
BAD 600870122213
BAD 600887849231
BAD 600922698107
BAD 600922698109
BAD 601079582431
BAD 600806641759
BAD 600806641763
BAD 600822146933
BAD 600822146941
BAD 600808689961
BAD 601085533343
BAD 601085558803
BAD 601085558807
BAD 601086167723
BAD 601151055287
BAD 601151513647
BAD 601151513653
BAD 600975814223
BAD 601088994487
BAD 601088994497
BAD 600814573921
BAD 600814573927
BAD 601090222883
BAD 600829829581
BAD 600830336299
BAD 600830336347
BAD 600817473743
BAD 601155670279
BAD 600831346279
BAD 601155670333
BAD 601042556677
BAD 600819034009
BAD 600821034631
BAD 600835115693
BAD 600837159079
BAD 600988857691
BAD 600988865107
BAD 601052303651
BAD 601052303653
BAD 601053356611
BAD 600845958941
BAD 600845958943
BAD 601125032303
BAD 601125032363
BAD 600942644077
BAD 601126192703
BAD 600945825877
BAD 600923110703
BAD 600946681609
BAD 600946815439
BAD 601013137339
BAD 601013137343
BAD 601134068791
BAD 600854469421
BAD 600854469427
BAD 600854469461
BAD 600854469463
BAD 600854469661
BAD 600854469701
BAD 600854469703
BAD 601015056563
BAD 601163087071
BAD 600952459477
BAD 600952459489
BAD 600952459493
BAD 601163892491
BAD 601163892493
BAD 600956547991
BAD 600956548001
BAD 600956548013
BAD 600956563807
BAD 600956563811
BAD 600956563939
BAD 600956563943
BAD 600956563951
BAD 601027632001
BAD 600930194581
BAD 601137701687
BAD 601166172241
BAD 601166333431
BAD 601166442883
BAD 600958861621
BAD 600958861627
BAD 600959387563
BAD 601030540141
BAD 601031044771
BAD 601031191447
BAD 601031297821
BAD 600932769727
BAD 600961655911
BAD 601140546277
BAD 600962286283
BAD 600962457919
BAD 600934083697
BAD 601022411629
BAD 601035414943
BAD 600967021591
BAD 600938314819
BAD 601172822759
BAD 601038828671
BAD 601038828673
BAD 601038828683
BAD 601038828713
BAD 600991605199
BAD 600992645933
BAD 600992645941
BAD 600993194437
BAD 600996775879
BAD 600996775903
BAD 600997291681
BAD 601180128877
BAD 601182273511
BAD 601058110447
BAD 601058110451
BAD 601003142437
BAD 601107799849
BAD 601062088873
BAD 601109705173
BAD 601062973981
BAD 601111166587
BAD 601068505951
BAD 601070686483
BAD 601070686487
BAD 601119906269
BAD 601119906271
BAD 601091386759
BAD 601091518283
BAD 601093316797
BAD 601093316801
BAD 601095659729
BAD 601095659741
BAD 601095659743
BAD 601095984571
BAD 601102979573
BAD 601102979599
BAD 601102979663
BAD 601103461393
BAD 601104810083
BAD 601104810121
BAD 601233131881
BAD 601233131887
BAD 601238547241
BAD 601244788201
BAD 601246984913
BAD 601260573779
BAD 601260573787
BAD 601260699181
BAD 601250893459
BAD 601262896477
BAD 601195100533
BAD 601255293143
BAD 601255352153
BAD 601255688953
BAD 601197545519
BAD 601256227597
BAD 601256227601
BAD 601256227603
BAD 601269935353
BAD 601270368901
BAD 601203464551
BAD 601274852029
BAD 601274852047
BAD 601274852051
BAD 601274852053
BAD 601208194529
BAD 601211469731
BAD 601213690243
BAD 601217797673
BAD 601218323729
BAD 601218323731
BAD 601546977547
BAD 601546977553
BAD 601554177967
BAD 601555053139
BAD 601559295023
BAD 601559485273
BAD 601477624441
BAD 601559707613
BAD 601484398261
BAD 601317422131
BAD 601363533233
BAD 601363791913
BAD 601491155627
BAD 601491155633
BAD 601414626383
BAD 601491802633
BAD 601415590939
BAD 601492165289
BAD 601492165291
BAD 601492165301
BAD 601492165303
BAD 601492261267
BAD 601367466131
BAD 601370799203
BAD 601329437353
BAD 601348869857
BAD 601348869859
BAD 601348974949
BAD 601560493073
BAD 601562006473
BAD 601341357481
BAD 601444708783
BAD 601429605263
BAD 601461397099
BAD 601461414979
BAD 601461414991
BAD 601564107973
BAD 601431071099
BAD 601275171149
BAD 601515753901
BAD 601515753919
BAD 601464475343
BAD 601464475379
BAD 601587149083
BAD 601587149101
BAD 601277457679
BAD 601567663001
BAD 601567663003
BAD 601434444983
BAD 601291936537
BAD 601291936541
BAD 601291936543
BAD 601279305413
BAD 601279305421
BAD 601500781591
BAD 601589493143
BAD 601501005289
BAD 601501005349
BAD 601501005367
BAD 601502341931
BAD 601502341933
BAD 601502341939
BAD 601570474343
BAD 601570816459
BAD 601470340721
BAD 601503595607
BAD 601472259637
BAD 601472259643
BAD 601592727829
BAD 601592727833
BAD 601592727839
BAD 601530257033
BAD 601593400567
BAD 601506878971
BAD 601473806053
BAD 601507141141
BAD 601531497659
BAD 601575084059
BAD 601299396031
BAD 601299396043
BAD 601475181893
BAD 601476152489
BAD 601476152491
BAD 601394802823
BAD 601301278307
BAD 601301278309
BAD 601534275169
BAD 601441994047
BAD 601441994051
BAD 601441994063
BAD 601442813173
BAD 601381761413
BAD 601381823479
BAD 601291292933
BAD 601291292957
BAD 601400942797
BAD 601400942809
BAD 601386979927
BAD 601391647201
BAD 601391911433
BAD 601608118649
BAD 601762049479
BAD 601763477039
BAD 601763477041
BAD 601764043061
BAD 601764043063
BAD 601764043073
BAD 601769963539
BAD 601770586883
BAD 601779116527
BAD 601779116531
BAD 601695708851
BAD 601695708853
BAD 601695715211
BAD 601695715213
BAD 601795740467
BAD 601795740487
BAD 601697864401
BAD 601777010777
BAD 601699889701
BAD 601798164433
BAD 601700758669
BAD 601663779953
BAD 601700993329
BAD 601784072531
BAD 601665055373
BAD 601665055399
BAD 601665055403
BAD 601665144097
BAD 601954659497
BAD 601665144109
BAD 601954659499
BAD 601784707649
BAD 601784707651
BAD 601955256323
BAD 601666722143
BAD 601958470489
BAD 601958470493
BAD 601706927959
BAD 601707950539
BAD 601670060273
BAD 601708821113
BAD 601789160149
BAD 601789160153
BAD 601789842637
BAD 601792193089
BAD 601672171501
BAD 601673666623
BAD 601673666641
BAD 601673666647
BAD 601793931337
BAD 601793931383
BAD 601675747549
BAD 601811124923
BAD 601811124931
BAD 601863579943
BAD 601863839543
BAD 601863839569
BAD 601813658063
BAD 601865500441
BAD 601813658143
BAD 601751601419
BAD 601751601421
BAD 601899850249
BAD 601814305387
BAD 601814305397
BAD 601814618857
BAD 601868646961
BAD 601648578469
BAD 601903199089
BAD 601923846991
BAD 601923847003
BAD 601923847009
BAD 601869926927
BAD 601869926929
BAD 601754951591
BAD 601754951593
BAD 601924274773
BAD 601924274779
BAD 601904658373
BAD 601651783883
BAD 601653880213
BAD 601873451929
BAD 601873451939
BAD 601873451941
BAD 601759050493
BAD 601873988633
BAD 601821958823
BAD 601909198721
BAD 601716441569
BAD 601716441593
BAD 601876310809
BAD 601717328809
BAD 601824465973
BAD 601717730329
BAD 601717730333
BAD 601878835793
BAD 601617433577
BAD 601617433579
BAD 601617433589
BAD 601617433591
BAD 601617433603
BAD 601617433609
BAD 601719861823
BAD 601721890621
BAD 601828612963
BAD 601828612967
BAD 601828612969
BAD 601828612981
BAD 601624276093
BAD 601726168093
BAD 601726168097
BAD 601726271903
BAD 601728511981
BAD 601730394011
BAD 601633543883
BAD 601732011343
BAD 601732011347
BAD 601637309851
BAD 601733924513
BAD 601733924521
BAD 601879701097
BAD 601679158657
BAD 601737648907
BAD 601640106491
BAD 601640106493
BAD 601640106541
BAD 601640106547
BAD 601680459833
BAD 601739765399
BAD 601739765401
BAD 601882910869
BAD 601882910873
BAD 601641143581
BAD 601740901067
BAD 601885018291
BAD 601642859039
BAD 601642859063
BAD 601887469013
BAD 601887685429
BAD 601887685433
BAD 601688287297
BAD 601688287301
BAD 601892571229
BAD 601892571233
BAD 601692277399
BAD 601692277411
BAD 601893754633
BAD 601693091977
BAD 601849872649
BAD 601850130073
BAD 601983416239
BAD 601852672163
BAD 601985596717
BAD 601987648277
BAD 601987648279
BAD 601967392709
BAD 601969092019
BAD 601990854013
BAD 601929583841
BAD 601973941321
BAD 601973941453
BAD 601973986043
BAD 601974810559
BAD 601975229543
BAD 601978881421
BAD 601939954709
BAD 601939954711
BAD 601836089857
BAD 601836154573
BAD 601836363397
BAD 601998140707
BAD 602003831503
BAD 602008069303
BAD 602009502053
BAD 602009502077
BAD 602009502079
BAD 602012949913
BAD 602064647909
BAD 602064647911
BAD 602107068139
BAD 602108586349
BAD 602108586353
BAD 602108586361
BAD 602108586383
BAD 602073048191
BAD 602030931259
BAD 602111319421
BAD 602111493173
BAD 602037626903
BAD 602037626909
BAD 602037626923
BAD 602037626933
BAD 602039533429
BAD 602039639953
BAD 602013932801
BAD 602026015291
BAD 602026015303
BAD 602026015321
BAD 602027536703
BAD 602027536709
BAD 602029319963
BAD 602083689677
BAD 602084171627
BAD 602084171629
BAD 602047383257
BAD 602048153933
BAD 602048288467
BAD 602087269603
BAD 602050709993
BAD 602087269607
BAD 602090010139
BAD 602090010143
BAD 602055592147
BAD 602055592181
BAD 602056739299
BAD 602056739303
BAD 602056739311
BAD 602096471479
BAD 602096471491
BAD 602097087433
BAD 602097087437
BAD 602097087439
BAD 602097087443
BAD 602097087469
BAD 602060775269
BAD 602060775271
BAD 602062432913
BAD 602167633247
BAD 602168014603
BAD 602168014607
BAD 602231816729
BAD 602231816731
BAD 602169847519
BAD 602169847523
BAD 602169847553
BAD 602234616817
BAD 602234616821
BAD 602217582173
BAD 602225767393
BAD 602228495461
BAD 602190490879
BAD 602149530979
BAD 602149530991
BAD 602149592167
BAD 602194091921
BAD 602194091923
BAD 602195333903
BAD 602195333917
BAD 602195333941
BAD 602303379793
BAD 602303379803
BAD 602195807783
BAD 602195807791
BAD 602136722287
BAD 602137703599
BAD 602137703603
BAD 602138602603
BAD 602306529659
BAD 602306828161
BAD 602306828183
BAD 602139839803
BAD 602139839813
BAD 602155820689
BAD 602309708311
BAD 602310340789
BAD 602142493123
BAD 602311016779
BAD 602287855711
BAD 602288123783
BAD 602144238439
BAD 602158241897
BAD 602313390533
BAD 602212156669
BAD 602352424669
BAD 602297522941
BAD 602297522963
BAD 602265752219
BAD 602358537127
BAD 602249741593
BAD 602115600859
BAD 602359645553
BAD 602359645567
BAD 602267972497
BAD 602269191977
BAD 602269191983
BAD 602252285137
BAD 602252285143
BAD 602120560429
BAD 602256463933
BAD 602258780881
BAD 602339211379
BAD 602318905711
BAD 602276148893
BAD 602276148899
BAD 602127210173
BAD 602278973873
BAD 602323507039
BAD 602365686163
BAD 602367734239
BAD 602367734303
BAD 602367734317
BAD 602327293727
BAD 602369584027
BAD 602331361777
BAD 602376009913
BAD 602376083003
BAD 602376083093
BAD 602380784129
BAD 602381355013
BAD 602381355019
BAD 602382815831
BAD 602382815833
BAD 602383728403
BAD 602383728407
BAD 602383728409
BAD 602383728413
BAD 602384403323
BAD 602384403329
BAD 602384403331
BAD 602384403337
BAD 602384403343
BAD 602387502859
BAD 602387502863
BAD 602387502869
BAD 602387502889
BAD 602387999839
BAD 602387999989
BAD 602388281323
BAD 602391091387
BAD 602392594957
BAD 602395018213
BAD 602451290509
BAD 602451290513
BAD 602454192127
BAD 602456332351
BAD 602456332427
BAD 602409584131
BAD 602458774763
BAD 602459979739
BAD 602459979743
BAD 602461166899
BAD 602461166903
BAD 602462060677
BAD 602464935859
BAD 602433394973
BAD 602434895633
BAD 602415937289
BAD 602438446681
BAD 602440021727
BAD 602444543059
BAD 602426311789
BAD 602426311793
BAD 602427698557
BAD 602427698671
BAD 602428936973
BAD 602449111141
BAD 602449223531
BAD 602449223533
BAD 602430882113
BAD 602468639063
BAD 602468639107
BAD 602469228373
BAD 602472810523
BAD 602501540273
BAD 602501865551
BAD 602502816793
BAD 602533999609
BAD 602516258347
BAD 602516258353
BAD 602537947919
BAD 602634747469
BAD 602566956473
BAD 602566956493
BAD 602568707837
BAD 602640534803
BAD 602640534841
BAD 602641344421
BAD 602641909939
BAD 602642799659
BAD 602642799721
BAD 602546348533
BAD 602546930131
BAD 602574544883
BAD 602647658497
BAD 602577142487
BAD 602602467041
BAD 602602467043
BAD 602602467053
BAD 602602467073
BAD 602548358273
BAD 602769999431
BAD 602623066819
BAD 602582564461
BAD 602585583031
BAD 602585583037
BAD 602585658091
BAD 602691561881
BAD 602691561893
BAD 602628232793
BAD 602693619509
BAD 602693619511
BAD 602588523083
BAD 602694319769
BAD 602694319771
BAD 602614052483
BAD 602558165569
BAD 602558165603
BAD 602592797783
BAD 602592797789
BAD 602592797791
BAD 602632925231
BAD 602632925233
BAD 602594344213
BAD 602594344217
BAD 602782095233
BAD 602782095241
BAD 602782095247
BAD 602782138087
BAD 602782138103
BAD 602564159191
BAD 602782138139
BAD 602595010883
BAD 602595254293
BAD 602595254297
BAD 602595254299
BAD 602783305141
BAD 602783444903
BAD 602783770711
BAD 602766258449
BAD 602566419307
BAD 602566419373
BAD 602656489873
BAD 602656489879
BAD 602656489889
BAD 602656489891
BAD 602660818373
BAD 602660818381
BAD 602661591683
BAD 602522640389
BAD 602522681269
BAD 602529260657
BAD 602529260659
BAD 602529645937
BAD 602530956451
BAD 602533267759
BAD 602533267771
BAD 602484913013
BAD 602487561059
BAD 602489626033
BAD 602495529973
BAD 602735554703
BAD 602736294353
BAD 602736294361
BAD 602736294367
BAD 602736294371
BAD 602736294373
BAD 602736644113
BAD 602736644123
BAD 602739197251
BAD 602704920841
BAD 602704920847
BAD 602714059823
BAD 602727651151
BAD 602668986121
BAD 602680240717
BAD 602803120373
BAD 602805387113
BAD 602806627141
BAD 602808791383
BAD 602808825649
BAD 602808825653
BAD 602809202843
BAD 602809202851
BAD 602809202857
BAD 602809202861
BAD 602812921003
BAD 602820618559
BAD 602820776627
BAD 602820776629
BAD 602826080771
BAD 602828600123
BAD 602831893903
BAD 602835232429
BAD 602795364053
BAD 602795541893
BAD 602795541899
BAD 602801117923
BAD 602801117927
BAD 602801117929
BAD 602801592433
BAD 602857232743
BAD 602857232749
BAD 602858589631
BAD 602861041303
BAD 602861237899
BAD 602902497947
BAD 602902497949
BAD 602902677347
BAD 602902677361
BAD 602902967003
BAD 602835975073
BAD 602906660431
BAD 602906660437
BAD 602911713961
BAD 602911713983
BAD 602913127811
BAD 602913127813
BAD 602915214383
BAD 602915639341
BAD 602915914891
BAD 603059563927
BAD 603060356629
BAD 603061995563
BAD 603064901893
BAD 603064901897
BAD 603064901917
BAD 602850769537
BAD 602886307997
BAD 602887531343
BAD 603067422623
BAD 602889542833
BAD 602890297637
BAD 602891089523
BAD 602891089531
BAD 603004003793
BAD 603004823131
BAD 603004823147
BAD 603004823149
BAD 603004823153
BAD 602897596853
BAD 603012846937
BAD 603013083251
BAD 602996699029
BAD 602996699033
BAD 603130721027
BAD 603130721029
BAD 603130721033
BAD 603131450923
BAD 603131450927
BAD 603131450969
BAD 603000125153
BAD 603000152647
BAD 603000152653
BAD 603137630033
BAD 603137630041
BAD 603137630047
BAD 603137810959
BAD 602940839719
BAD 603140071423
BAD 603140200801
BAD 603140200829
BAD 603132947323
BAD 602943927479
BAD 603156426091
BAD 603142855187
BAD 603157254151
BAD 603145964243
BAD 603158218393
BAD 603158322499
BAD 603146256563
BAD 603159580717
BAD 603159580721
BAD 603163281121
BAD 603164535443
BAD 603022778551
BAD 603168875539
BAD 603037296343
BAD 603037296377
BAD 603037296383
BAD 603037296391
BAD 603169420961
BAD 603169420963
BAD 603169420967
BAD 603169420969
BAD 603170490337
BAD 603025804273
BAD 603042317929
BAD 603042557839
BAD 603028571447
BAD 603028571449
BAD 603043830173
BAD 603044457893
BAD 602926276607
BAD 602926276609
BAD 603035258117
BAD 603035258123
BAD 603050526041
BAD 603050733709
BAD 602927403709
BAD 603036277237
BAD 603036277241
BAD 603036277243
BAD 602933480257
BAD 602933480263
BAD 602933480267
BAD 602933480269
BAD 602935221467
BAD 602935451773
BAD 602935451779
BAD 602935451791
BAD 603090230647
BAD 603091450141
BAD 603091450153
BAD 603091553993
BAD 603105415903
BAD 603106774729
BAD 603106774733
BAD 603106925273
BAD 603093526429
BAD 603110252209
BAD 602874302749
BAD 602874302753
BAD 603097624069
BAD 603173618431
BAD 603173645551
BAD 603098913889
BAD 603099266747
BAD 603116372743
BAD 603118138037
BAD 603118138039
BAD 603180171379
BAD 603180171383
BAD 603119554991
BAD 603119554993
BAD 602883131581
BAD 602884601089
BAD 603187120009
BAD 603085284631
BAD 603086366527
BAD 603208058003
BAD 602953507729
BAD 602955459437
BAD 602956902511
BAD 602956902533
BAD 602956902539
BAD 602956902563
BAD 602958039953
BAD 602958143231
BAD 602958143233
BAD 602958143237
BAD 602958997453
BAD 603221144843
BAD 602962758661
BAD 602963826203
BAD 602963826253
BAD 602967271831
BAD 602971750553
BAD 602975548559
BAD 602975548561
BAD 602975548583
BAD 602977670531
BAD 602979156319
BAD 602982417161
BAD 602983053859
BAD 602983053863
BAD 602985188263
BAD 603224482507
BAD 603224482517
BAD 603224482519
BAD 603229001629
BAD 603229001633
BAD 603230689099
BAD 603232467781
BAD 603232467793
BAD 603235783951
BAD 603235783957
BAD 603237159053
BAD 603237159079
BAD 603190449487
BAD 603190802527
BAD 603193394833
BAD 603193473329
BAD 603193473331
BAD 603194228149
BAD 603197687857
BAD 603197687863
BAD 603198145553
BAD 603200186903
BAD 603238184209
BAD 603242960611
BAD 603253206667
BAD 603253206679
BAD 603253206683
BAD 603291831113
BAD 603292842703
BAD 603304347439
BAD 603304347463
BAD 603323997467
BAD 603323997469
BAD 603326267821
BAD 603326426159
BAD 603326426161
BAD 603333810301
BAD 603334398769
BAD 603334398773
BAD 603334398827
BAD 603255963143
BAD 603260192329
BAD 603260192333
BAD 603272537929
BAD 603272944489
BAD 603272944517
BAD 603278916451
BAD 603286580137
BAD 603286580161
BAD 603407821153
BAD 603423125671
BAD 603413202209
BAD 603413202211
BAD 603426474577
BAD 603428669911
BAD 603417914401
BAD 603419370709
BAD 603419370713
BAD 603419370833
BAD 603421385393
BAD 603421385401
BAD 603421546969
BAD 603421547041
BAD 603375078233
BAD 603375239899
BAD 603375239903
BAD 603377881559
BAD 603562782223
BAD 603563635351
BAD 603342654227
BAD 603566316713
BAD 603566732723
BAD 603566732729
BAD 603566732731
BAD 603567291227
BAD 603573016537
BAD 603391736791
BAD 603388047683
BAD 603388083563
BAD 603401013323
BAD 603401013329
BAD 603401013331
BAD 603401439169
BAD 603401439181
BAD 603528415957
BAD 603532090009
BAD 603532090013
BAD 603575418811
BAD 603575418829
BAD 603361411589
BAD 603361411591
BAD 603533442293
BAD 603533442313
BAD 603577524419
BAD 603577524421
BAD 603307783249
BAD 603457623841
BAD 603457623851
BAD 603457728661
BAD 603582522943
BAD 603582522953
BAD 603582522967
BAD 603366902449
BAD 603368242973
BAD 603368443471
BAD 603369000263
BAD 603478228043
BAD 603478228051
BAD 603462371329
BAD 603478886383
BAD 603587850493
BAD 603465083761
BAD 603589631977
BAD 603589632013
BAD 603480301009
BAD 603480301013
BAD 603480301049
BAD 603480301051
BAD 603480301069
BAD 603480301079
BAD 603440948063
BAD 603482339717
BAD 603466962211
BAD 603320367211
BAD 603484261691
BAD 603484261693
BAD 603484261711
BAD 603485762543
BAD 603468939407
BAD 603489794293
BAD 603489794333
BAD 603489461467
BAD 603447664229
BAD 603447664231
BAD 603448632379
BAD 603452684239
BAD 603452684243
BAD 603452981141
BAD 603499599433
BAD 603509049371
BAD 603502977137
BAD 603502977139
BAD 603611831707
BAD 603515956973
BAD 603614858059
BAD 603614858089
BAD 603616707403
BAD 603618361921
BAD 603520654747
BAD 603521242823
BAD 603521860679
BAD 603521860681
BAD 603545348629
BAD 603545348633
BAD 603545348743
BAD 603592526947
BAD 603596199977
BAD 603596199979
BAD 603605554873
BAD 603644694421
BAD 603644694449
BAD 603644694451
BAD 603645496651
BAD 603654032081
BAD 603654032083
BAD 603654032089
BAD 603654784241
BAD 603655009753
BAD 603655009759
BAD 603667452233
BAD 603683320043
BAD 603683320049
BAD 603684024553
BAD 603684024557
BAD 603687645571
BAD 603693017869
BAD 603693417757
BAD 603700911953
BAD 603700911959
BAD 603700936537
BAD 603700936541
BAD 603700936543
BAD 603701427047
BAD 603701861333
BAD 603701861339
BAD 603701861341
BAD 603701861359
BAD 603701861369
BAD 603702166819
BAD 603706655351
BAD 603734796803
BAD 603734796829
BAD 603736390493
BAD 603717149003
BAD 603984447571
BAD 603984770713
BAD 603721908619
BAD 603721908623
BAD 603721908631
BAD 603721908661
BAD 603876897059
BAD 603876897061
BAD 603859543891
BAD 603861863387
BAD 603861863401
BAD 603861863413
BAD 603828272161
BAD 603829771099
BAD 603830021461
BAD 603830459783
BAD 603830675479
BAD 603883397251
BAD 603883397269
BAD 603883457407
BAD 603866969689
BAD 603833022007
BAD 603886469639
BAD 603868681337
BAD 603869046719
BAD 603869046721
BAD 603888534619
BAD 603808663819
BAD 603890529331
BAD 603776187043
BAD 603776420431
BAD 603818756041
BAD 603778629901
BAD 603820703581
BAD 604031520847
BAD 603821391913
BAD 603822419359
BAD 603822419383
BAD 603745469221
BAD 603745469233
BAD 604033305461
BAD 603824929727
BAD 604036029019
BAD 603750728239
BAD 603785765119
BAD 603785765123
BAD 604009796989
BAD 604009796993
BAD 603786828289
BAD 604037943583
BAD 603752127703
BAD 603752127709
BAD 603754130851
BAD 603754183093
BAD 603754684381
BAD 603754789531
BAD 604016171887
BAD 603964724761
BAD 604020732829
BAD 604003120493
BAD 604022091857
BAD 604022091859
BAD 603947168569
BAD 603974231563
BAD 603948626291
BAD 603948626293
BAD 603949643389
BAD 603949643393
BAD 603953146871
BAD 603953146873
BAD 603955277011
BAD 603955325693
BAD 603958766209
BAD 603794333383
BAD 603899530943
BAD 603937787611
BAD 603908027887
BAD 603842544313
BAD 603910985033
BAD 603910985039
BAD 603918038443
BAD 603918038453
BAD 603921945667
BAD 603849637481
BAD 603849637483
BAD 603849637493
BAD 603851331803
BAD 603854131973
BAD 603762000323
BAD 603768255977
BAD 603768255983
BAD 603768907673
BAD 603768907681
BAD 604048740929
BAD 604048740931
BAD 604050485543
BAD 604055039281
BAD 604056144661
BAD 604067874217
BAD 604075320449
BAD 604075320451
BAD 604092761059
BAD 604099425121
BAD 604099561283
BAD 604100037973
BAD 604105371803
BAD 604109101307
BAD 604206927977
BAD 604206927979
BAD 604206928033
BAD 604206928057
BAD 604128411391
BAD 604132334987
BAD 604132334989
BAD 604135750459
BAD 604137390169
BAD 604119211909
BAD 604119710329
BAD 604220748721
BAD 604150506023
BAD 604227302813
BAD 604227302821
BAD 604191184943
BAD 604192319741
BAD 604192319743
BAD 604192319749
BAD 604154905579
BAD 604154905619
BAD 604154905621
BAD 604194302989
BAD 604194302993
BAD 604156730819
BAD 604156730843
BAD 604160563841
BAD 604396929691
BAD 604396929701
BAD 604298475983
BAD 604397949251
BAD 604397949263
BAD 604397949293
BAD 604301466877
BAD 604286426551
BAD 604161776513
BAD 604351628183
BAD 604351628191
BAD 604162455823
BAD 604232583673
BAD 604353096079
BAD 604304800493
BAD 604234141801
BAD 604354792903
BAD 604289841697
BAD 604235736323
BAD 604235736329
BAD 604418421683
BAD 604418421833
BAD 604357541551
BAD 604237595183
BAD 604237595189
BAD 604237595191
BAD 604237595197
BAD 604293211267
BAD 604293211271
BAD 604293211273
BAD 604358984479
BAD 604358984491
BAD 604358984497
BAD 604169049389
BAD 604169049391
BAD 604361803043
BAD 604171861739
BAD 604423185623
BAD 604313472481
BAD 604313472493
BAD 604424164213
BAD 604174697417
BAD 604174697419
BAD 604362994933
BAD 604362994943
BAD 604363969883
BAD 604364334073
BAD 604427789479
BAD 604388725823
BAD 604318404763
BAD 604244944673
BAD 604246748353
BAD 604393038421
BAD 604367801473
BAD 604368117679
BAD 604327244263
BAD 604327244267
BAD 604252366519
BAD 604372099613
BAD 604255970347
BAD 604378242977
BAD 604328881633
BAD 604274240893
BAD 604331469373
BAD 604276834597
BAD 604276834607
BAD 604343245711
BAD 604343245717
BAD 604430599867
BAD 604431169421
BAD 604431169423
BAD 604434966781
BAD 604436583871
BAD 604437451483
BAD 604444800121
BAD 604445054491
BAD 604446327739
BAD 604446327743
BAD 604448126729
BAD 604449319561
BAD 604453763401
BAD 604453763413
BAD 604464070381
BAD 604531942219
BAD 604541277919
BAD 604542500329
BAD 604569974179
BAD 604570336109
BAD 604544946209
BAD 604479617089
BAD 604657909283
BAD 604551349201
BAD 604551349211
BAD 604482668917
BAD 604482668921
BAD 604661263961
BAD 604661263963
BAD 604661263967
BAD 604483445653
BAD 604662197101
BAD 604662197107
BAD 604486060967
BAD 604663101131
BAD 604491105679
BAD 604491362077
BAD 604491362081
BAD 604719241561
BAD 604798893233
BAD 604580479001
BAD 604581498797
BAD 604581498799
BAD 604581498803
BAD 604583580593
BAD 604583580599
BAD 604583580611
BAD 604583580613
BAD 604639039883
BAD 604727049263
BAD 604727049271
BAD 604588095511
BAD 604758531593
BAD 604758531721
BAD 604589393599
BAD 604822188533
BAD 604822188563
BAD 604822188589
BAD 604808133599
BAD 604810970507
BAD 604810970509
BAD 604810970513
BAD 604811837327
BAD 604828453573
BAD 604814006273
BAD 604829075569
BAD 604831130417
BAD 604831130419
BAD 604517352833
BAD 604520231969
BAD 604520231971
BAD 604520231977
BAD 604527526657
BAD 604528999219
BAD 604528999223
BAD 604736094439
BAD 604496999471
BAD 604500446531
BAD 604765276321
BAD 604505473163
BAD 604505868377
BAD 604505868383
BAD 604746847489
BAD 604506149567
BAD 604506369169
BAD 604508341819
BAD 604508355181
BAD 604508355193
BAD 604775038463
BAD 604775379521
BAD 604682803267
BAD 604682974633
BAD 604682974639
BAD 604847774599
BAD 604783022983
BAD 604786175569
BAD 604786175573
BAD 604786457189
BAD 604788731033
BAD 604788731047
BAD 604790178173
BAD 604790601383
BAD 604790601391
BAD 604790682383
BAD 604793647127
BAD 604666888249
BAD 604666888253
BAD 604667404829
BAD 604670748139
BAD 604670748151
BAD 604673843089
BAD 604673843107
BAD 604674058823
BAD 604615315027
BAD 604616678753
BAD 604622162303
BAD 604622906119
BAD 604625272151
BAD 604626298153
BAD 604626632809
BAD 604628620559
BAD 604628812063
BAD 604628812069
BAD 604630266923
BAD 604600545503
BAD 604698404543
BAD 604699677833
BAD 604699677839
BAD 604605539389
BAD 604613455843
BAD 604848641197
BAD 604851574051
BAD 604851574057
BAD 604852612291
BAD 604857615839
BAD 604857615841
BAD 604952791369
BAD 604953260143
BAD 604868601611
BAD 604868601613
BAD 604869863797
BAD 604869863803
BAD 604871514371
BAD 604962920609
BAD 604963819027
BAD 604964536909
BAD 604964536933
BAD 604964536937
BAD 604933902107
BAD 604933902109
BAD 605053705253
BAD 605057362109
BAD 605057362111
BAD 605066368651
BAD 604946296793
BAD 604948581179
BAD 605033848129
BAD 605037845591
BAD 605038406261
BAD 605038406263
BAD 605038406281
BAD 605038740437
BAD 605038740443
BAD 605038740461
BAD 605038740463
BAD 605039901703
BAD 604983192139
BAD 605044759987
BAD 604986243947
BAD 604986243949
BAD 604988713471
BAD 605019550981
BAD 605021674193
BAD 604994113313
BAD 604966190473
BAD 604995540341
BAD 604995540343
BAD 604915878691
BAD 604968137131
BAD 604917730069
BAD 605025609967
BAD 605025609973
BAD 604970640493
BAD 604970858719
BAD 604999492423
BAD 605101854157
BAD 605001040309
BAD 605103616703
BAD 604921293763
BAD 604921743599
BAD 605106472759
BAD 604976137279
BAD 604976137307
BAD 604976137309
BAD 604977189533
BAD 604978787209
BAD 604979364337
BAD 605008644979
BAD 605008644983
BAD 604926543119
BAD 604926543121
BAD 605111762251
BAD 604927185539
BAD 604901330599
BAD 604930218643
BAD 604930218647
BAD 604930218649
BAD 605013199313
BAD 604932184799
BAD 604932233161
BAD 605015646643
BAD 604909882943
BAD 604909882963
BAD 604909883003
BAD 604912016699
BAD 604912016701
BAD 604912078273
BAD 604912078279
BAD 604912078283
BAD 604912078291
BAD 605066805823
BAD 605067876607
BAD 605067876619
BAD 605070597437
BAD 605071322327
BAD 605071322329
BAD 605072559647
BAD 604885481443
BAD 604885481461
BAD 604885481491
BAD 604886184967
BAD 604886184971
BAD 604886185009
BAD 605074785713
BAD 605074785727
BAD 604887261247
BAD 605118659941
BAD 605076337643
BAD 605076429229
BAD 605076429233
BAD 605076429247
BAD 605135812693
BAD 605168490503
BAD 605135812703
BAD 605135812717
BAD 605135812733
BAD 604892444813
BAD 604892444869
BAD 604892444887
BAD 604892444941
BAD 604892707343
BAD 605090905103
BAD 605090905109
BAD 604893628853
BAD 604893723167
BAD 604893723169
BAD 604893723173
BAD 605170564153
BAD 604895917697
BAD 604895917699
BAD 605172157783
BAD 605174152087
BAD 605141132599
BAD 605175637799
BAD 605097521803
BAD 605130666871
BAD 605132379539
BAD 605132379541
BAD 605099147377
BAD 605099147383
BAD 605179237193
BAD 605179237199
BAD 605179809217
BAD 605182715257
BAD 605182715261
BAD 605183082893
BAD 605150674489
BAD 605159034143
BAD 605159034149
BAD 605164633823
BAD 605164633987
BAD 605223114193
BAD 605192675887
BAD 605194966223
BAD 605196034279
BAD 605196155831
BAD 605196155833
BAD 605198324867
BAD 605199018049
BAD 605239922779
BAD 605242923163
BAD 605208940481
BAD 605211964177
BAD 605211964183
BAD 605216036149
BAD 605216378587
BAD 605288003941
BAD 605289332803
BAD 605300237167
BAD 605306133277
BAD 605306133281
BAD 605306133283
BAD 605308356733
BAD 605311113181
BAD 605311914509
BAD 605311914511
BAD 605311914517
BAD 605312630809
BAD 605271256319
BAD 605276235103
BAD 605276235121
BAD 605277924049
BAD 605251509517
BAD 605251522331
BAD 605251522333
BAD 605253448973
BAD 605282384659
BAD 605264800213
BAD 605520908821
BAD 605522027093
BAD 605522649971
BAD 605522649973
BAD 605440064869
BAD 605529279643
BAD 605531447201
BAD 605319635119
BAD 605321486587
BAD 605321486603
BAD 605321486633
BAD 605322958861
BAD 605455061179
BAD 605455061191
BAD 605449296107
BAD 605469997189
BAD 605340357607
BAD 605340357613
BAD 605375750393
BAD 605328918773
BAD 605345324669
BAD 605345324671
BAD 605345748281
BAD 605345748283
BAD 605379502669
BAD 605379502681
BAD 605474725883
BAD 605475039623
BAD 605347847389
BAD 605347847393
BAD 605475368629
BAD 605403476707
BAD 605333106199
BAD 605405611183
BAD 605504541931
BAD 605504541937
BAD 605504541953
BAD 605406755323
BAD 605406755329
BAD 605406755347
BAD 605396779423
BAD 605408488981
BAD 605480656189
BAD 605508004789
BAD 605508381067
BAD 605481724307
BAD 605510890639
BAD 605484965411
BAD 605484965413
BAD 605415957931
BAD 605415957941
BAD 605416661347
BAD 605416661357
BAD 605417671013
BAD 605418231323
BAD 605594097139
BAD 605595648811
BAD 605596778363
BAD 605631363949
BAD 605597579311
BAD 605597579317
BAD 605597579329
BAD 605631738709
BAD 605631738713
BAD 605487376477
BAD 605487376499
BAD 605354318719
BAD 605354318729
BAD 605354318731
BAD 605491091461
BAD 605359483073
BAD 605421117901
BAD 605421417089
BAD 605421417091
BAD 605493753203
BAD 605364028231
BAD 605562041479
BAD 605501164399
BAD 605431520657
BAD 605501405539
BAD 605501405543
BAD 605433220409
BAD 605433220411
BAD 605537026123
BAD 605537026151
BAD 605538894791
BAD 605542032289
BAD 605544397651
BAD 605544397663
BAD 605547490747
BAD 605550073699
BAD 605550073703
BAD 605550745763
BAD 605550976501
BAD 605609470979
BAD 605609470981
BAD 605610021019
BAD 605616307159
BAD 605638590569
BAD 605649844909
BAD 605651435633
BAD 605570470051
BAD 605570470097
BAD 605652976969
BAD 605653634389
BAD 605653634393
BAD 605572259753
BAD 605572259759
BAD 605572259767
BAD 605574163531
BAD 605576054899
BAD 605576054903
BAD 605579017331
BAD 605583578407
BAD 605584979479
BAD 605586448319
BAD 605586448321
BAD 605675630809
BAD 605939883323
BAD 605677857331
BAD 605807403497
BAD 606041369911
BAD 606041369929
BAD 606041369939
BAD 605682056461
BAD 605943884477
BAD 605943884479
BAD 605945201557
BAD 605685519991
BAD 605728164137
BAD 605882705761
BAD 605882705767
BAD 605728254143
BAD 605729822351
BAD 605820851341
BAD 605729822353
BAD 605657850283
BAD 606052462453
BAD 605740059949
BAD 606054914629
BAD 605741616587
BAD 605741616589
BAD 605741616593
BAD 605661934543
BAD 605661934561
BAD 605734953413
BAD 606056155321
BAD 605735452549
BAD 605736838459
BAD 605668609691
BAD 605750538803
BAD 605752323733
BAD 605752323739
BAD 605752323751
BAD 605841378223
BAD 605841378229
BAD 605845709671
BAD 605845709713
BAD 605846105749
BAD 605704663801
BAD 605704663807
BAD 605704663843
BAD 605704663847
BAD 605704663849
BAD 605790972119
BAD 605790972121
BAD 605892827101
BAD 605792192749
BAD 605706607453
BAD 605706607459
BAD 605707053871
BAD 605794833887
BAD 605760615893
BAD 605760649943
BAD 605896233863
BAD 605709179863
BAD 605761767571
BAD 605795584553
BAD 605710375163
BAD 605764118203
BAD 605711774047
BAD 605711774051
BAD 605711774053
BAD 605711817509
BAD 605711817511
BAD 605800672583
BAD 605714042561
BAD 605714042671
BAD 605714042701
BAD 605691928637
BAD 605691928693
BAD 605692808621
BAD 605692808627
BAD 605692808629
BAD 605958758281
BAD 605694602003
BAD 605694789001
BAD 605961388079
BAD 605975806129
BAD 605961657739
BAD 605975952523
BAD 605977441711
BAD 605977441717
BAD 605977441781
BAD 605980535779
BAD 605824742993
BAD 605824743023
BAD 605926053223
BAD 605983985759
BAD 605828199751
BAD 605929445357
BAD 605930242037
BAD 605930242039
BAD 606014208157
BAD 605931561283
BAD 605772488441
BAD 605772488443
BAD 605772532303
BAD 605916195679
BAD 605988859741
BAD 606017353883
BAD 606017607653
BAD 605833583161
BAD 606018212453
BAD 605775734341
BAD 605992434239
BAD 605992434241
BAD 605992434269
BAD 606024191207
BAD 606024411493
BAD 605836155277
BAD 606025854949
BAD 605777523319
BAD 605780123959
BAD 605780291299
BAD 605997399353
BAD 605997399361
BAD 606022504343
BAD 605783204197
BAD 606000825281
BAD 606003806647
BAD 606003806663
BAD 606003806671
BAD 606003806677
BAD 605856342929
BAD 605860275749
BAD 605860275751
BAD 605862206077
BAD 605862206111
BAD 605862206113
BAD 605863081283
BAD 605864887919
BAD 605871490457
BAD 605871490459
BAD 606123949493
BAD 606123949499
BAD 606126054983
BAD 606126203959
BAD 606127196641
BAD 606075423011
BAD 606075423013
BAD 606078036233
BAD 606132537349
BAD 606084436523
BAD 606084885407
BAD 606084885409
BAD 606085127723
BAD 606086531093
BAD 606158830051
BAD 606158834233
BAD 606056787541
BAD 606056787551
BAD 606160778837
BAD 606175483649
BAD 606175483651
BAD 606163744283
BAD 606163744289
BAD 606175848583
BAD 606164841481
BAD 606164841517
BAD 606164841521
BAD 606164841523
BAD 606165217501
BAD 606165217507
BAD 606060747637
BAD 606165496171
BAD 606178596083
BAD 606061717763
BAD 606168063559
BAD 606064073689
BAD 606064845623
BAD 606065221609
BAD 606172386439
BAD 606173084333
BAD 606173084347
BAD 606069176431
BAD 606069176437
BAD 606069176441
BAD 606069176443
BAD 606097873783
BAD 606097873789
BAD 606097873793
BAD 606099451849
BAD 606277332139
BAD 606277332151
BAD 606101950429
BAD 606280357499
BAD 606286760803
BAD 606286760809
BAD 606286760813
BAD 606287281123
BAD 606287281129
BAD 606287281153
BAD 606291194063
BAD 606141051517
BAD 606141051521
BAD 606396832303
BAD 606398011129
BAD 606398011133
BAD 606148482353
BAD 606311445833
BAD 606311445841
BAD 606312350639
BAD 606312350641
BAD 606193306603
BAD 606193306613
BAD 606193306619
BAD 606312609979
BAD 606312609983
BAD 606401937811
BAD 606403321831
BAD 606196399519
BAD 606154075883
BAD 606293542133
BAD 606201066733
BAD 606298340393
BAD 606298534253
BAD 606320756737
BAD 606300017053
BAD 606321889597
BAD 606204828961
BAD 606302374303
BAD 606343993447
BAD 606345351589
BAD 606303832091
BAD 606324467813
BAD 606303832111
BAD 606268893539
BAD 606270765517
BAD 606271102763
BAD 606356364673
BAD 606356364689
BAD 606358327543
BAD 606412061933
BAD 606413184917
BAD 606211782821
BAD 606211782823
BAD 606428443051
BAD 606428764567
BAD 606377727589
BAD 606378206153
BAD 606215245411
BAD 606418373347
BAD 606379973513
BAD 606420332857
BAD 606420332863
BAD 606218346793
BAD 606420940033
BAD 606421982281
BAD 606425188597
BAD 606425188613
BAD 606222881597
BAD 606435454283
BAD 606439321463
BAD 606246554257
BAD 606246554281
BAD 606229230953
BAD 606452599673
BAD 606232820729
BAD 606326781961
BAD 606326781979
BAD 606255785101
BAD 606233766079
BAD 606233766091
BAD 606233766101
BAD 606457004081
BAD 606236228029
BAD 606329095081
BAD 606329095093
BAD 606330209939
BAD 606330281681
BAD 606330281701
BAD 606238409411
BAD 606240794413
BAD 606336225713
BAD 606336225721
BAD 606340644227
BAD 606460572721
BAD 606461476637
BAD 606461851591
BAD 606466757821
BAD 606467551201
BAD 606529162559
BAD 606530535283
BAD 606530535301
BAD 606561833971
BAD 606562378717
BAD 606531551203
BAD 606531832693
BAD 606534567239
BAD 606534567241
BAD 606566163527
BAD 606566163529
BAD 606567429131
BAD 606567429133
BAD 606567668857
BAD 606477183149
BAD 606477678019
BAD 606477688093
BAD 606477688129
BAD 606477688147
BAD 606536272159
BAD 606536272163
BAD 606481431223
BAD 606555316819
BAD 606537039337
BAD 606575291761
BAD 606575291767
BAD 606540734879
BAD 606540734881
BAD 606489178681
BAD 606490077139
BAD 606490077143
BAD 606490859879
BAD 606490859881
BAD 606498845947
BAD 606506657507
BAD 606506657509
BAD 606594356791
BAD 606614764489
BAD 606614764493
BAD 606514675493
BAD 606604766269
BAD 606834404461
BAD 606834404467
BAD 606618571343
BAD 606620739409
BAD 606645142921
BAD 606645142931
BAD 606645142933
BAD 606838898683
BAD 606841370257
BAD 606648531719
BAD 606648531721
BAD 606841950683
BAD 606625809259
BAD 606625809263
BAD 606625809269
BAD 606625809271
BAD 606580867801
BAD 606584009137
BAD 606658410601
BAD 606658570411
BAD 606590158721
BAD 606590412049
BAD 606663687871
BAD 606667519013
BAD 606677601863
BAD 606677601883
BAD 606677601953
BAD 606668809079
BAD 606668809081
BAD 606670142069
BAD 606685080367
BAD 606687527029
BAD 606734967343
BAD 606627973183
BAD 606627973297
BAD 606814462867
BAD 606852167993
BAD 606852921643
BAD 606853732283
BAD 606853732291
BAD 606746113321
BAD 606746113327
BAD 606746113333
BAD 606746113343
BAD 606746113349
BAD 606636793691
BAD 606636793729
BAD 606639234601
BAD 606641883709
BAD 606825035317
BAD 606792022339
BAD 606757002389
BAD 606757002391
BAD 606757669559
BAD 606757669561
BAD 606759192269
BAD 606760116803
BAD 606760116841
BAD 606760116847
BAD 606760388173
BAD 606766735493
BAD 606775494811
BAD 606799239889
BAD 606799729651
BAD 606804538993
BAD 606807323119
BAD 606808107121
BAD 606808107127
BAD 606695819713
BAD 606696026033
BAD 606697301153
BAD 606697301159
BAD 606697301179
BAD 606697301183
BAD 606713735279
BAD 606713735281
BAD 606716179549
BAD 606709424401
BAD 606709495423
BAD 606709495429
BAD 606709495439
BAD 606721016753
BAD 606721132973
BAD 606723194773
BAD 606723194783
BAD 606723194789
BAD 606724352011
BAD 606725257847
BAD 606725257849
BAD 606916308893
BAD 606920560931
BAD 606862480027
BAD 606928759711
BAD 606935814871
BAD 606938856353
BAD 606939730951
BAD 606944020819
BAD 606874634713
BAD 607065137551
BAD 606876346127
BAD 607069625753
BAD 607069693193
BAD 606879697513
BAD 606967421089
BAD 606880466407
BAD 607116340373
BAD 606972033667
BAD 606896233819
BAD 606997151419
BAD 607126608841
BAD 606997413749
BAD 606997413751
BAD 606998196733
BAD 606998196757
BAD 606892248271
BAD 606892248283
BAD 606894742693
BAD 606894742703
BAD 606905023897
BAD 606910254833
BAD 607005313253
BAD 607005313261
BAD 607006191413
BAD 607006938133
BAD 607006938137
BAD 607007655571
BAD 607008455813
BAD 607008455819
BAD 607008455821
BAD 607082383783
BAD 607084359503
BAD 607086444353
BAD 606950153071
BAD 606950153083
BAD 606950153087
BAD 607087050083
BAD 606951900103
BAD 606951900109
BAD 606952370179
BAD 607098898633
BAD 607098898639
BAD 607098898643
BAD 606952900717
BAD 607015571923
BAD 607091740063
BAD 607091740067
BAD 607091740069
BAD 607092537853
BAD 607102911893
BAD 607102911911
BAD 607102911913
BAD 607102911923
BAD 607103387089
BAD 607104557263
BAD 607020225913
BAD 607020225919
BAD 607020225923
BAD 607105190983
BAD 607105219927
BAD 607105517569
BAD 607106224289
BAD 607106224301
BAD 607106224303
BAD 607106224327
BAD 607106224357
BAD 606960730261
BAD 607034638831
BAD 607025254621
BAD 607025254639
BAD 607025254643
BAD 607025835113
BAD 607027094629
BAD 607027094633
BAD 607027602983
BAD 607027602989
BAD 607111830203
BAD 607111830209
BAD 607111830211
BAD 607046939479
BAD 607046939503
BAD 607181752427
BAD 607181752447
BAD 607049304709
BAD 607052813467
BAD 607055280373
BAD 607056522439
BAD 606980303581
BAD 607058118229
BAD 607058118257
BAD 607058118259
BAD 606980448103
BAD 607193883533
BAD 607133793841
BAD 607133793887
BAD 607060825297
BAD 607148242093
BAD 607148242097
BAD 607137742801
BAD 606983243221
BAD 606983243281
BAD 606983243287
BAD 607151583169
BAD 606987072353
BAD 607152923087
BAD 607143271807
BAD 607144259879
BAD 607144259881
BAD 607144641707
BAD 607144641709
BAD 607144641721
BAD 606990838613
BAD 606992497571
BAD 606995558903
BAD 606995558909
BAD 607218901217
BAD 607218901231
BAD 607171602649
BAD 607175134669
BAD 607175134673
BAD 607176838703
BAD 607229948957
BAD 607229948959
BAD 607234215649
BAD 607199960173
BAD 607200481861
BAD 607200913499
BAD 607202014789
BAD 607206132553
BAD 607257819089
BAD 607263748969
BAD 607382365067
BAD 607382365069
BAD 607382812891
BAD 607385685353
BAD 607333188571
BAD 607338078089
BAD 607338774773
BAD 607342154647
BAD 607344035303
BAD 607391502097
BAD 607348165741
BAD 607348165757
BAD 607348165759
BAD 607348165763
BAD 607393516259
BAD 607320648829
BAD 607322413561
BAD 607475156069
BAD 607324362991
BAD 607324990469
BAD 607324990471
BAD 607481029091
BAD 607482035063
BAD 607330321363
BAD 607330321379
BAD 607330321387
BAD 607330321469
BAD 607330321471
BAD 607533741277
BAD 607533741281
BAD 607576941571
BAD 607576941599
BAD 607417420019
BAD 607579882213
BAD 607488637423
BAD 607502710651
BAD 607579882219
BAD 607579882223
BAD 607265345233
BAD 607265345237
BAD 607541533057
BAD 607502783651
BAD 607502783653
BAD 607417420021
BAD 607417420039
BAD 607417420171
BAD 607266171121
BAD 607581472213
BAD 607581472219
BAD 607543472093
BAD 607505245103
BAD 607491753943
BAD 607491754021
BAD 607491754027
BAD 607419164981
BAD 607420383151
BAD 607365319217
BAD 607365319219
BAD 607495423211
BAD 607272763043
BAD 607546701959
BAD 607546701961
BAD 607510116071
BAD 607510116079
BAD 607274518897
BAD 607274518957
BAD 607274518987
BAD 607276836589
BAD 607516084873
BAD 607431957623
BAD 607378336517
BAD 607378336519
BAD 607378828027
BAD 607380769951
BAD 607380769967
BAD 607380769969
BAD 607380769973
BAD 607298807939
BAD 607298982113
BAD 607404675659
BAD 607404675701
BAD 607293978173
BAD 607300388983
BAD 607300388987
BAD 607300388993
BAD 607300389001
BAD 607301180099
BAD 607296417487
BAD 607432542889
BAD 607449275869
BAD 607449275941
BAD 607449858649
BAD 607435491379
BAD 607450948717
BAD 607450948721
BAD 607303679513
BAD 607436618629
BAD 607436786689
BAD 607436786701
BAD 607437250921
BAD 607452159049
BAD 607452159053
BAD 607361280973
BAD 607362109111
BAD 607362109117
BAD 607310536499
BAD 607312679297
BAD 607312679299
BAD 607448095841
BAD 607448095843
BAD 607520632597
BAD 607520632711
BAD 607521161873
BAD 607521161911
BAD 607521467753
BAD 607524375649
BAD 607524791053
BAD 607528421351
BAD 607530150649
BAD 607530150659
BAD 607530150727
BAD 607530150737
BAD 607530150739
BAD 607532213809
BAD 607601075453
BAD 607605370847
BAD 607549780447
BAD 607549780463
BAD 607549780471
BAD 607614297949
BAD 607615218503
BAD 607561601173
BAD 607583558867
BAD 607591758259
BAD 607597818683
BAD 607618537837
BAD 607618537843
BAD 607618537847
BAD 607623063493
BAD 607625239699
BAD 607625904541
BAD 607625904569
BAD 607627678003
BAD 607636463573
BAD 607640454331
BAD 607646084719
BAD 607646084723
BAD 607652347219
BAD 607661073533
BAD 607663953187
BAD 607906712183
BAD 607752205069
BAD 607916197969
BAD 607917299299
BAD 607988820931
BAD 607753387027
BAD 607990406633
BAD 607990406641
BAD 607990697159
BAD 607990697161
BAD 607990697179
BAD 607701012983
BAD 608000198191
BAD 608000198269
BAD 607759030559
BAD 607759030561
BAD 607759030573
BAD 607759030583
BAD 607760907203
BAD 607762136467
BAD 607869014383
BAD 607714451819
BAD 607714451821
BAD 607714451843
BAD 607670834429
BAD 607670834447
BAD 607671157411
BAD 607671157477
BAD 607871813209
BAD 607770875443
BAD 607674636383
BAD 607674636389
BAD 607674636391
BAD 607835603387
BAD 607772879797
BAD 607766312603
BAD 607777625779
BAD 607766312611
BAD 607840636771
BAD 607766312617
BAD 607777625797
BAD 607723883713
BAD 607955972719
BAD 607766985853
BAD 607724254097
BAD 607778851921
BAD 607841445377
BAD 607779534283
BAD 607676071711
BAD 607725215761
BAD 607780366969
BAD 607957435133
BAD 607885773983
BAD 607844226383
BAD 607887408497
BAD 607846167947
BAD 607846167949
BAD 607888038097
BAD 607681670951
BAD 607888357003
BAD 607847085299
BAD 607847085301
BAD 607847665897
BAD 607783969693
BAD 607847665927
BAD 607783969697
BAD 607783969699
BAD 607733195033
BAD 607733195077
BAD 607893181417
BAD 607919716603
BAD 607920067673
BAD 607920208333
BAD 607920208339
BAD 607896450803
BAD 607966637167
BAD 607967543093
BAD 607923995761
BAD 607927236467
BAD 607929217501
BAD 607929217513
BAD 607936526647
BAD 607936526651
BAD 607936526671
BAD 607938017389
BAD 607933935619
BAD 607942931191
BAD 607943297063
BAD 607948211477
BAD 607948951037
BAD 607948951039
BAD 607949717993
BAD 607949718007
BAD 607950575983
BAD 607786112449
BAD 607788751831
BAD 607790741861
BAD 607790741863
BAD 607790741869
BAD 607801829119
BAD 607688574739
BAD 607794119731
BAD 607796483059
BAD 607853327177
BAD 607798141273
BAD 607798141277
BAD 607798141303
BAD 607798141319
BAD 607809850651
BAD 607800139033
BAD 607811987689
BAD 607821350897
BAD 607697871983
BAD 607699806011
BAD 607699806013
BAD 607699807783
BAD 607824247763
BAD 607864799257
BAD 607864799281
BAD 607827031807
BAD 607867198793
BAD 607867198801
BAD 607867895497
BAD 607867895507
BAD 607736461447
BAD 607737253441
BAD 607737253447
BAD 607737730013
BAD 607739110177
BAD 607969526063
BAD 607972540187
BAD 607749244961
BAD 607749681887
BAD 607983128617
BAD 608010207811
BAD 607983665881
BAD 608011127137
BAD 607985858041
BAD 608015585483
BAD 608042702483
BAD 608042702521
BAD 608044215353
BAD 608046930833
BAD 608046930839
BAD 608049439999
BAD 608049440003
BAD 608050594471
BAD 608052522173
BAD 608023199659
BAD 608024169173
BAD 608058081193
BAD 608059452289
BAD 608059452307
BAD 608063300693
BAD 608063857769
BAD 608063930963
BAD 608075614217
BAD 608075778649
BAD 608078420903
BAD 608078605601
BAD 608080106111
BAD 608080106113
BAD 608081301991
BAD 608081380043
BAD 608083797187
BAD 608083797221
BAD 608084057821
BAD 608084057827
BAD 608170922323
BAD 608254515667
BAD 608256986483
BAD 608174351131
BAD 608262887473
BAD 608089939453
BAD 608089939459
BAD 608089939477
BAD 608089939537
BAD 608177178407
BAD 608177178409
BAD 608269286917
BAD 608270680169
BAD 608098214923
BAD 608184486887
BAD 608102366693
BAD 608153850071
BAD 608155192663
BAD 608155192669
BAD 608155372969
BAD 608204144441
BAD 608206403963
BAD 608165392381
BAD 608208685327
BAD 608208685351
BAD 608278299227
BAD 608278299229
BAD 608193625729
BAD 608210524531
BAD 608279573981
BAD 608279573983
BAD 608279573989
BAD 608195400529
BAD 608214634043
BAD 608198105377
BAD 608198319559
BAD 608283342367
BAD 608201003731
BAD 608122536001
BAD 608127247537
BAD 608127247549
BAD 608223487243
BAD 608129529907
BAD 608131913033
BAD 608132261273
BAD 608224695031
BAD 608238175411
BAD 608238299839
BAD 608238299849
BAD 608225115427
BAD 608239097671
BAD 608239427011
BAD 608233361383
BAD 608235769013
BAD 608137174087
BAD 608305496569
BAD 608305496581
BAD 608138227639
BAD 608307140431
BAD 608307140437
BAD 608138843801
BAD 608138843803
BAD 608318947531
BAD 608372698189
BAD 608148351737
BAD 608422598753
BAD 608149307863
BAD 608149307867
BAD 608149307869
BAD 608149307873
BAD 608379873853
BAD 608433049493
BAD 608433473653
BAD 608381606537
BAD 608381606579
BAD 608436336829
BAD 608385726401
BAD 608338513273
BAD 608104963801
BAD 608352039443
BAD 608353463387
BAD 608106601891
BAD 608108800763
BAD 608439330437
BAD 608439352519
BAD 608441939041
BAD 608116711361
BAD 608116711373
BAD 608116711381
BAD 608117300179
BAD 608117300183
BAD 608443894193
BAD 608117551843
BAD 608118490043
BAD 608118528427
BAD 608118528439
BAD 608118887609
BAD 608118887611
BAD 608445974963
BAD 608450935933
BAD 608451398843
BAD 608451599309
BAD 608451599311
BAD 608453115397
BAD 608454776777
BAD 608454776779
BAD 608455231429
BAD 608293342523
BAD 608293342537
BAD 608293342541
BAD 608295367891
BAD 608296036981
BAD 608389948519
BAD 608390599987
BAD 608300268623
BAD 608300268713
BAD 608391402067
BAD 608391945803
BAD 608359292003
BAD 608329727791
BAD 608302635373
BAD 608303019853
BAD 608304497473
BAD 608397533609
BAD 608406083321
BAD 608406083323
BAD 608408432179
BAD 608408432183
BAD 608401172453
BAD 608463704399
BAD 608468897383
BAD 608469150593
BAD 608469175007
BAD 608469175009
BAD 608472046187
BAD 608472046199
BAD 608472046201
BAD 608472046207
BAD 608473283993
BAD 608473502089
BAD 608523518903
BAD 608525704001
BAD 608478121763
BAD 608478162499
BAD 608478566687
BAD 608529287491
BAD 608529879901
BAD 608531162431
BAD 608533724243
BAD 608533724251
BAD 608535160157
BAD 608483811391
BAD 608488154947
BAD 608488154969
BAD 608488154971
BAD 608489200981
BAD 608506615369
BAD 608509216363
BAD 608510281723
BAD 608511162001
BAD 608512910701
BAD 608516854607
BAD 608516854609
BAD 608516854613
BAD 608517097571
BAD 608517239137
BAD 608518002089
BAD 608494388753
BAD 608505071263
BAD 608590946507
BAD 608592262609
BAD 608592262613
BAD 608592555293
BAD 608595238739
BAD 608595238819
BAD 608596296181
BAD 608573529607
BAD 608573675543
BAD 608600718181
BAD 608601999001
BAD 608579185883
BAD 608583266191
BAD 608587307333
BAD 608587824763
BAD 608588274689
BAD 608588274691
BAD 608559191497
BAD 608565061021
BAD 608565061067
BAD 608565061087
BAD 608565061129
BAD 608565061133
BAD 608606792977
BAD 608546390453
BAD 608628948979
BAD 608628948989
BAD 608657183611
BAD 608549403391
BAD 608615310397
BAD 608549403403
BAD 608633984041
BAD 608633984047
BAD 608633984051
BAD 608633984053
BAD 608551486051
BAD 608617308589
BAD 608618296211
BAD 608618681807
BAD 608620021073
BAD 608553090199
BAD 608553090203
BAD 608553090227
BAD 608553090239
BAD 608553090241
BAD 608553286171
BAD 608636776303
BAD 608636776309
BAD 608663563073
BAD 608707409377
BAD 608691553699
BAD 608693759593
BAD 608694306841
BAD 608669454893
BAD 608713519517
BAD 608672144263
BAD 608672144281
BAD 608714532211
BAD 608718236857
BAD 608719777283
BAD 608720057753
BAD 608720904587
BAD 608720904641
BAD 608705028427
BAD 608705028433
BAD 608760110017
BAD 608761091401
BAD 608761525969
BAD 608646388561
BAD 608646388591
BAD 608767305763
BAD 608767305779
BAD 608772857059
BAD 608687115931
BAD 608729180221
BAD 608730744781
BAD 608732513993
BAD 608740483859
BAD 608740483861
BAD 608842418573
BAD 608827179997
BAD 608830891741
BAD 608850517217
BAD 608831905837
BAD 608831905841
BAD 608831905849
BAD 608851107659
BAD 608851107661
BAD 608851107673
BAD 608852568433
BAD 608835275899
BAD 608855157217
BAD 608855157241
BAD 608855157247
BAD 608855157259
BAD 608855157271
BAD 608743541401
BAD 608838171349
BAD 608838171353
BAD 608744743921
BAD 608839874021
BAD 608839874023
BAD 608811256733
BAD 608750985923
BAD 608811928903
BAD 608812173337
BAD 608812963741
BAD 608752476113
BAD 608814794087
BAD 608753286511
BAD 608818169879
BAD 608864686723
BAD 608797345007
BAD 608822020879
BAD 608822020889
BAD 608867487121
BAD 608867487133
BAD 608867487149
BAD 608804101151
BAD 608804101153
BAD 608781187783
BAD 608781187787
BAD 608782560721
BAD 608783997233
BAD 608788803577
BAD 608788803583
BAD 608788803587
BAD 608788803607
BAD 608788803619
BAD 608788803631
BAD 608790952339
BAD 608791195631
BAD 608791195633
BAD 608892297599
BAD 608897737339
BAD 608898908573
BAD 608877432133
BAD 608877432181
BAD 608900516507
BAD 608900516509
BAD 608900516513
BAD 608877723241
BAD 608877723299
BAD 608877723301
BAD 608903518939
BAD 608903766649
BAD 608903838547
BAD 608881393873
BAD 608882488943
BAD 608904435901
BAD 608905396591
BAD 608905396597
BAD 608905396601
BAD 608905396613
BAD 608905396621
BAD 608906829077
BAD 608906829079
BAD 608908397359
BAD 608908590601
BAD 608908590607
BAD 608887474583
BAD 608888466169
BAD 608890246303
BAD 608890515931
BAD 608909511667
BAD 608912105551
BAD 608916562091
BAD 608916562141
BAD 608945845309
BAD 608949919159
BAD 608951051333
BAD 608951249911
BAD 608951557051
BAD 608958614531
BAD 608958614533
BAD 608928377531
BAD 608928377539
BAD 608969687149
BAD 608969687153
BAD 608979275483
BAD 608990947163
BAD 609029810801
BAD 609029810803
BAD 609033152491
BAD 608993353987
BAD 609035617039
BAD 608994912413
BAD 608994912419
BAD 609038209223
BAD 609038209231
BAD 609038209249
BAD 608998367207
BAD 608998889669
BAD 609061993951
BAD 608999932591
BAD 609001409987
BAD 609001409993
BAD 609064584727
BAD 609077996003
BAD 609077996011
BAD 609077996017
BAD 609006915073
BAD 609067669051
BAD 609080667893
BAD 609081640711
BAD 609008780803
BAD 609008780819
BAD 609011588599
BAD 609070500683
BAD 609013337951
BAD 609013829881
BAD 609086760539
BAD 609072850123
BAD 609016884811
BAD 609016884821
BAD 609016884823
BAD 609090147983
BAD 609019819141
BAD 609019819153
BAD 609019819157
BAD 609019819183
BAD 609024324817
BAD 609024324829
BAD 609025081417
BAD 609099559573
BAD 609099636227
BAD 609104251913
BAD 609104251933
BAD 609104379263
BAD 609104379287
BAD 609108093719
BAD 609108093721
BAD 609054502681
BAD 609057242117
BAD 609057242119
BAD 609212465843
BAD 609146120599
BAD 609214166399
BAD 609214166401
BAD 609214166423
BAD 609147101683
BAD 609147451589
BAD 609148787629
BAD 609163207579
BAD 609158273729
BAD 609165808267
BAD 609222177533
BAD 609225713947
BAD 609225713953
BAD 609225713963
BAD 609225821471
BAD 609225821473
BAD 609110635909
BAD 609113738603
BAD 609116903363
BAD 609128733139
BAD 609246115679
BAD 609194062117
BAD 609194062121
BAD 609194062123
BAD 609194845373
BAD 609198723877
BAD 609139449889
BAD 609202032581
BAD 609202032583
BAD 609204585817
BAD 609204604763
BAD 609256922471
BAD 609256922473
BAD 609256922479
BAD 609179862481
BAD 609258480379
BAD 609259746143
BAD 609259746157
BAD 609260383843
BAD 609237255043
BAD 609264714491
BAD 609264714493
BAD 609185716267
BAD 609185716297
BAD 609243404719
BAD 609243404723
BAD 609191654887
BAD 609276418033
BAD 609276418039
BAD 609277375613
BAD 609277375627
BAD 609277951801
BAD 609289884829
BAD 609293403517
BAD 609296308639
BAD 609297862213
BAD 609301705471
BAD 609306823487
BAD 609306823493
BAD 609307700437
BAD 609329851051
BAD 609366423571
BAD 609334344811
BAD 609315932941
BAD 609337006147
BAD 609323388799
BAD 609343326257
BAD 609343326259
BAD 609343326271
BAD 609344864801
BAD 609344864803
BAD 609383193781
BAD 609383581951
BAD 609383782213
BAD 609378425717
BAD 609392139799
BAD 609392139841
BAD 609392152199
BAD 609392152223
BAD 609419540869
BAD 609419540903
BAD 609439949611
BAD 609421583453
BAD 609428600311
BAD 609467408533
BAD 609469580341
BAD 609469580347
BAD 609471069293
BAD 609471107159
BAD 609405611359
BAD 609405611363
BAD 609410292991
BAD 609478588673
BAD 609484308359
BAD 609484308361
BAD 609486151553
BAD 609486151559
BAD 609489326521
BAD 609489395299
BAD 609495154537
BAD 609495317341
BAD 609452117257
BAD 609458380819
BAD 609458380823
BAD 609458380907
BAD 609458380913
BAD 609459360383
BAD 609536646949
BAD 609539496847
BAD 609539496851
BAD 609539890501
BAD 609516403081
BAD 609516403103
BAD 609516403109
BAD 609519541013
BAD 609505795189
BAD 609505795193
BAD 609647514299
BAD 609509015923
BAD 609510715291
BAD 609652624687
BAD 609655174291
BAD 609656775787
BAD 609656775799
BAD 609658690391
BAD 609661832029
BAD 609662398343
BAD 609547680461
BAD 609547818437
BAD 609549772763
BAD 609563142143
BAD 609552633149
BAD 609566651663
BAD 609566651717
BAD 609634162859
BAD 609634162861
BAD 609635066333
BAD 609560202547
BAD 609637546927
BAD 609638295751
BAD 609638295769
BAD 609573048709
BAD 609641285483
BAD 609641347967
BAD 609641347969
BAD 609578780693
BAD 609644296637
BAD 609614685403
BAD 609614685413
BAD 609614836433
BAD 609610696021
BAD 609620891317
BAD 609671080133
BAD 609627795089
BAD 609627795109
BAD 609672823129
BAD 609678507199
BAD 609678507203
BAD 609581463019
BAD 609714838399
BAD 609715388801
BAD 609715388833
BAD 609787638379
BAD 609792670127
BAD 609792670129
BAD 609792670133
BAD 609794753279
BAD 609765037351
BAD 609797629849
BAD 609766014839
BAD 609766014841
BAD 609767857253
BAD 609682403573
BAD 609806551037
BAD 609750925579
BAD 609750925583
BAD 609750925591
BAD 609810568231
BAD 609810743473
BAD 609780685321
BAD 609780803551
BAD 609694765793
BAD 609695012491
BAD 609695491763
BAD 609695491819
BAD 609695497759
BAD 609821036107
BAD 609758598121
BAD 609822735031
BAD 609822735107
BAD 609823729861
BAD 609760333769
BAD 609760333771
BAD 609824481757
BAD 609824969881
BAD 609824969947
BAD 609825803297
BAD 609825803299
BAD 609826663651
BAD 609826663657
BAD 609764197127
BAD 609764197129
BAD 609829476563
BAD 609709998811
BAD 609709998817
BAD 609711477931
BAD 609844142029
BAD 609847740713
BAD 609865404619
BAD 609865404623
BAD 609730903813
BAD 609883734431
BAD 609883734433
BAD 609873045193
BAD 609873356683
BAD 609884216561
BAD 609884216563
BAD 609884216573
BAD 609874898291
BAD 609874898293
BAD 609874898299
BAD 609733133987
BAD 609733133993
BAD 609887968939
BAD 609878467789
BAD 609879823477
BAD 609879823481
BAD 609848689651
BAD 609891694903
BAD 609740167937
BAD 609740167943
BAD 609741658663
BAD 609852404437
BAD 609745413421
BAD 609854644723
BAD 609856104521
BAD 609856104523
BAD 609856104527
BAD 609857269831
BAD 609858158647
BAD 609864634531
BAD 609907251053
BAD 609907785317
BAD 609907785323
BAD 609907785343
BAD 609909273461
BAD 609913581773
BAD 609913581787
BAD 609913581817
BAD 609924329041
BAD 609951977491
BAD 609951977507
BAD 609951977527
BAD 609957455099
BAD 609957455101
BAD 609963972733
BAD 609963972743
BAD 609933317221
BAD 609933835921
BAD 609983966551
BAD 609984359003
BAD 609985371949
BAD 609985371953
BAD 609937502533
BAD 609937502539
BAD 609937502543
BAD 609937502563
BAD 609988897423
BAD 609966777289
BAD 609966777293
BAD 609942737171
BAD 609942737179
BAD 609944977039
BAD 609944977043
BAD 609994472567
BAD 609994472569
BAD 609994472573
BAD 609976860371
BAD 609976860373
RANGE 600000000000 610000000000 PRIMES 368611149 BAD 3590
