BAD 890126477861
BAD 890156178931
BAD 890156178953
BAD 890252102521
BAD 890082462091
BAD 890082462127
BAD 890082462131
BAD 890166119761
BAD 890166119783
BAD 890166119797
BAD 890166119803
BAD 890263278923
BAD 890055245047
BAD 890266457939
BAD 890199836941
BAD 890060784343
BAD 890215592143
BAD 890388184883
BAD 890388184891
BAD 890110993313
BAD 890169869401
BAD 890396436019
BAD 890396690191
BAD 890175243983
BAD 890337996997
BAD 890337997013
BAD 890337997027
BAD 890376503449
BAD 890376503453
BAD 890182676023
BAD 890247543223
BAD 890383579159
BAD 890346708409
BAD 890251188427
BAD 890283838351
BAD 890351315251
BAD 890149243979
BAD 890149243981
BAD 890228109227
BAD 890303403503
BAD 890304205607
BAD 890304205613
BAD 890308102631
BAD 890308102633
BAD 890308102639
BAD 890322699601
BAD 890002312891
BAD 890314658339
BAD 890314658341
BAD 890296605791
BAD 890297978393
BAD 890043945257
BAD 890043945277
BAD 890027129743
BAD 890027129759
BAD 890031976681
BAD 890472175561
BAD 890482312933
BAD 890561287493
BAD 890561287501
BAD 890521995733
BAD 890521995767
BAD 890524843141
BAD 890526094001
BAD 890465269171
BAD 890465269181
BAD 890529398663
BAD 890529398749
BAD 890468350753
BAD 890468350763
BAD 890468576597
BAD 890468576603
BAD 890531976811
BAD 890531976833
BAD 890797875631
BAD 890538876001
BAD 890502182747
BAD 890502182783
BAD 890671619837
BAD 890671619839
BAD 890671619879
BAD 890671619881
BAD 890673280423
BAD 890610145913
BAD 890757443189
BAD 890746280231
BAD 890746280233
BAD 890747026291
BAD 890747026297
BAD 890762877467
BAD 890762877469
BAD 890709881791
BAD 890785209931
BAD 890787064333
BAD 890787064337
BAD 890689586671
BAD 890692696489
BAD 890505968579
BAD 890505968581
BAD 890648763031
BAD 890652192679
BAD 890652192827
BAD 890870042779
BAD 890870687783
BAD 890906024521
BAD 890907102289
BAD 890894084503
BAD 890902439993
BAD 890826291143
BAD 890826524747
BAD 890842901303
BAD 890828630387
BAD 890828630389
BAD 890919669683
BAD 890875993597
BAD 890846401883
BAD 890935574183
BAD 890855529757
BAD 890855529761
BAD 890855529763
BAD 890888333341
BAD 890888333347
BAD 890981342483
BAD 890981342521
BAD 890981342539
BAD 890989799831
BAD 891158255129
BAD 891158255131
BAD 891158255137
BAD 890940163559
BAD 890942002981
BAD 891168739057
BAD 891168739063
BAD 891168751303
BAD 890946575089
BAD 890964004417
BAD 891199064323
BAD 891202779853
BAD 891202779893
BAD 891202779899
BAD 891205450049
BAD 891205450129
BAD 891024099169
BAD 891024099181
BAD 891238989071
BAD 891238989073
BAD 891312794599
BAD 891242167693
BAD 891242167703
BAD 891325487099
BAD 891325528889
BAD 891059400307
BAD 891060088591
BAD 891323455423
BAD 891323455439
BAD 891333412819
BAD 891335056489
BAD 891293480251
BAD 891067374413
BAD 891300211651
BAD 891300211663
BAD 891307806397
BAD 891078216619
BAD 891079597129
BAD 891041890313
BAD 891044375899
BAD 891093975719
BAD 891093975721
BAD 891047478833
BAD 891097465259
BAD 891097465261
BAD 891097465273
BAD 891097465277
BAD 891049845487
BAD 891104603911
BAD 891109579037
BAD 891109579039
BAD 890999314463
BAD 890999314489
BAD 890999314493
BAD 891111101983
BAD 891117301601
BAD 891118800589
BAD 891021358967
BAD 891120913079
BAD 891342214823
BAD 891352730731
BAD 891355901263
BAD 891381315551
BAD 891381315553
BAD 891381315557
BAD 891436106569
BAD 891436106573
BAD 891438841343
BAD 891452360867
BAD 891392613571
BAD 891393629393
BAD 891396744971
BAD 891471420353
BAD 891475234291
BAD 891517537763
BAD 891519261613
BAD 891521179891
BAD 891521465777
BAD 891523110923
BAD 891482640571
BAD 891483966487
BAD 891483966493
BAD 891546107789
BAD 891546107791
BAD 891553076027
BAD 891553760753
BAD 891491285033
BAD 891593925331
BAD 891580616833
BAD 891600568399
BAD 891580616851
BAD 891600568519
BAD 891601810613
BAD 891601810643
BAD 891601810681
BAD 891606365413
BAD 891608143021
BAD 891585104689
BAD 891585104743
BAD 891585104747
BAD 891585104749
BAD 891609312961
BAD 891499388413
BAD 891499388419
BAD 891499526327
BAD 891502847551
BAD 891505043423
BAD 891749482783
BAD 891771866879
BAD 891779328289
BAD 891785059369
BAD 891627815389
BAD 891629956751
BAD 891629956753
BAD 891615501661
BAD 891617072303
BAD 891621511343
BAD 891622210673
BAD 891622414619
BAD 891622414621
BAD 891661209853
BAD 891672390569
BAD 891672390571
BAD 891674716703
BAD 891675168037
BAD 891737114777
BAD 891741269417
BAD 891881716009
BAD 891800220631
BAD 891800220637
BAD 891803287681
BAD 891891013067
BAD 891805053031
BAD 891806654701
BAD 891932852431
BAD 891969031279
BAD 891951789373
BAD 891972871417
BAD 891972871441
BAD 891957204707
BAD 891957204709
BAD 891923062879
BAD 891923062883
BAD 891923062889
BAD 891943192501
BAD 891962768219
BAD 891842736683
BAD 891842736737
BAD 891842736739
BAD 891844180793
BAD 891826387411
BAD 891865322693
BAD 891857589443
BAD 891858975571
BAD 891876282667
BAD 892025650213
BAD 892033135261
BAD 892034644883
BAD 891987347863
BAD 892047062527
BAD 892051676903
BAD 892051676917
BAD 891911843513
BAD 892056950303
BAD 891994616819
BAD 891999067913
BAD 892001820631
BAD 892070640863
BAD 892070640871
BAD 892098890407
BAD 892098890411
BAD 892098890413
BAD 892160680139
BAD 892160680141
BAD 892161460943
BAD 892138793191
BAD 892140861263
BAD 892142968337
BAD 892233139123
BAD 892233139129
BAD 892236189017
BAD 892236189023
BAD 892302750083
BAD 892302750113
BAD 892309727723
BAD 892192008361
BAD 892192008403
BAD 892284709273
BAD 892203785593
BAD 892295177833
BAD 892210499779
BAD 892212931009
BAD 892217129291
BAD 892222776769
BAD 892250650099
BAD 892250650111
BAD 892398904913
BAD 892257920507
BAD 892257920509
BAD 892262605471
BAD 892262605477
BAD 892262605547
BAD 892438381201
BAD 892273343519
BAD 892349326769
BAD 892362759331
BAD 892323252049
BAD 892323252061
BAD 892418894641
BAD 892328266483
BAD 892423243717
BAD 892403088113
BAD 892403088133
BAD 892410998057
BAD 892414409521
BAD 892366169881
BAD 892366169887
BAD 892339358761
BAD 892339358767
BAD 892378855141
BAD 892462917289
BAD 892344932371
BAD 892346379293
BAD 892566762343
BAD 892567679723
BAD 892571909113
BAD 892575466463
BAD 892707430529
BAD 892707839483
BAD 892714359739
BAD 892714359743
BAD 892639503211
BAD 892745411137
BAD 892745411149
BAD 892725185171
BAD 892725185173
BAD 892750618717
BAD 892726447523
BAD 892730050747
BAD 892485273739
BAD 892487073923
BAD 892487074057
BAD 892487074069
BAD 892688348479
BAD 892688348483
BAD 892690701521
BAD 892694054797
BAD 892695353161
BAD 892695353167
BAD 892695353177
BAD 892518813947
BAD 892538217947
BAD 892525989227
BAD 892549496647
BAD 892549741493
BAD 892622389523
BAD 892623932729
BAD 892625589203
BAD 892769144723
BAD 892769144741
BAD 892769144753
BAD 892777926329
BAD 892777926331
BAD 892592882359
BAD 892592882369
BAD 892592882371
BAD 892869173363
BAD 892798012651
BAD 892836882299
BAD 892837136423
BAD 892837136431
BAD 892900463207
BAD 892900481303
BAD 892883823289
BAD 892885498727
BAD 892885498733
BAD 892602177241
BAD 892602177301
BAD 892602248011
BAD 892851192371
BAD 892851192383
BAD 892608474937
BAD 892611098551
BAD 892613634161
BAD 892613634163
BAD 892819261177
BAD 892819261183
BAD 892819261193
BAD 892866031073
BAD 892866031081
BAD 892867046101
BAD 892831227487
BAD 892833295201
BAD 892751912659
BAD 892753755721
BAD 892814468501
BAD 892761726139
BAD 892762903003
BAD 892904194673
BAD 892904194681
BAD 892925119027
BAD 892929086723
BAD 892959808319
BAD 892959808343
BAD 892960578413
BAD 892970352251
BAD 892971980759
BAD 892974180053
BAD 892994281853
BAD 893001710701
BAD 893191721159
BAD 893191721161
BAD 893194922953
BAD 893172539659
BAD 893182340341
BAD 893182340353
BAD 893183215153
BAD 893038768579
BAD 893040063833
BAD 893040838609
BAD 893040838621
BAD 893041811813
BAD 893049113269
BAD 893058678283
BAD 893062421039
BAD 893357163431
BAD 893362826903
BAD 893315080883
BAD 893331152687
BAD 893370026851
BAD 893320307779
BAD 893320517171
BAD 893333864777
BAD 893336944823
BAD 893401272199
BAD 893374624679
BAD 893404033493
BAD 893378613901
BAD 893379340043
BAD 893385606713
BAD 893388167599
BAD 893088084619
BAD 893166589171
BAD 893167376483
BAD 893167376573
BAD 893093430041
BAD 893095026053
BAD 893117558651
BAD 893117558653
BAD 893117558657
BAD 893117558659
BAD 893119278229
BAD 893276532529
BAD 893142419959
BAD 893143145179
BAD 893263086271
BAD 893263969211
BAD 893270937463
BAD 893210277383
BAD 893211469583
BAD 893291491621
BAD 893291491681
BAD 893218450133
BAD 893301292493
BAD 893123483963
BAD 893130389033
BAD 893133861293
BAD 893136879563
BAD 893415300457
BAD 893432709529
BAD 893435444623
BAD 893239643983
BAD 893239643987
BAD 893232242503
BAD 893232242509
BAD 893244854153
BAD 893506606523
BAD 893507732737
BAD 893507732743
BAD 893507732753
BAD 893507732773
BAD 893511051031
BAD 893511051053
BAD 893518309693
BAD 893518309699
BAD 893568280001
BAD 893568280021
BAD 893571102037
BAD 893468392967
BAD 893468392969
BAD 893524206901
BAD 893525845441
BAD 893525845451
BAD 893525845453
BAD 893594486951
BAD 893546267311
BAD 893606294993
BAD 893586460243
BAD 893482091893
BAD 893482091897
BAD 893482091911
BAD 893779042861
BAD 893781815341
BAD 893787558901
BAD 893787558913
BAD 893788570693
BAD 893489731657
BAD 893492557823
BAD 893492557831
BAD 893493005893
BAD 893498874997
BAD 893659818437
BAD 893659818439
BAD 893661615761
BAD 893746891441
BAD 893746891459
BAD 893748858061
BAD 893621265907
BAD 893753496379
BAD 893755626229
BAD 893799125399
BAD 893799125407
BAD 893805363769
BAD 893709791269
BAD 893710737527
BAD 893710737529
BAD 893695616017
BAD 893695616029
BAD 893697006157
BAD 893698775093
BAD 893768835629
BAD 893770661897
BAD 893640788069
BAD 893640788071
BAD 893773065973
BAD 893773065979
BAD 893644327921
BAD 893645945737
BAD 893646837409
BAD 893639717869
BAD 893846176273
BAD 893846176277
BAD 893846176283
BAD 893848403677
BAD 893856416273
BAD 893944204807
BAD 893956692373
BAD 893958388651
BAD 893909207227
BAD 893909648341
BAD 893909648383
BAD 893909648407
BAD 893909648419
BAD 893909648431
BAD 893808639473
BAD 893918419243
BAD 893828994893
BAD 893921980727
BAD 893921980729
BAD 893921980733
BAD 893815720207
BAD 893937509393
BAD 893937509401
BAD 893938573513
BAD 893941574531
BAD 893941574543
BAD 893993270083
BAD 893993446639
BAD 893993446669
BAD 894005859247
BAD 894006634693
BAD 894006634699
BAD 893879592611
BAD 893880903121
BAD 893886559519
BAD 893886559523
BAD 893970816203
BAD 893973773531
BAD 893973773533
BAD 893976056167
BAD 893977410779
BAD 893977861981
BAD 894077535359
BAD 894077535361
BAD 894077535367
BAD 894078824467
BAD 894080495929
BAD 894090080251
BAD 894013606921
BAD 894021327253
BAD 894021327257
BAD 894021327259
BAD 894021327271
BAD 894028032277
BAD 894128717903
BAD 894095981423
BAD 894220422061
BAD 894072368687
BAD 894072368689
BAD 894233365013
BAD 894302636419
BAD 894097916191
BAD 894222058531
BAD 894099648391
BAD 894099648413
BAD 894195493883
BAD 894196136557
BAD 894225648947
BAD 894141119789
BAD 894141119791
BAD 894141119797
BAD 894201502567
BAD 894201502573
BAD 894246094523
BAD 894169036261
BAD 894179360383
BAD 894179360387
BAD 894176594683
BAD 894176594687
BAD 894176594693
BAD 894262496557
BAD 894263050663
BAD 894269252341
BAD 894189348967
BAD 894274919491
BAD 894274919501
BAD 894277535093
BAD 894330182261
BAD 894332449999
BAD 894332450003
BAD 894341006341
BAD 894343644661
BAD 894146963993
BAD 894146964001
BAD 894149489137
BAD 894412944017
BAD 894416756581
BAD 894423319109
BAD 894427093229
BAD 894428996731
BAD 894428996737
BAD 894347686753
BAD 894347686763
BAD 894432937513
BAD 894351597499
BAD 894433803337
BAD 894433803343
BAD 894433803383
BAD 894443499437
BAD 894360259451
BAD 894360259453
BAD 894289394543
BAD 894291267349
BAD 894381724571
BAD 894381724573
BAD 894381724583
BAD 894364767817
BAD 894364767823
BAD 894366723109
BAD 894375364943
BAD 894397450537
BAD 894399207973
BAD 894409609903
BAD 894409609909
BAD 894409609913
BAD 894475794343
BAD 894448338559
BAD 894676965527
BAD 894676965529
BAD 894676965541
BAD 894636393743
BAD 894636393769
BAD 894636393773
BAD 894680165453
BAD 894529878173
BAD 894644749759
BAD 894561361963
BAD 894561361987
BAD 894561362011
BAD 894536375443
BAD 894536375449
BAD 894692960779
BAD 894692960813
BAD 894695165537
BAD 894695165543
BAD 894696007237
BAD 894696007243
BAD 894766081201
BAD 894766081213
BAD 894737770757
BAD 894737770763
BAD 894737770813
BAD 894771420511
BAD 894771420533
BAD 894771420547
BAD 894744851983
BAD 894746223199
BAD 894746223211
BAD 894699218843
BAD 894702466261
BAD 894713070301
BAD 894713070311
BAD 894713070313
BAD 894713070323
BAD 894713070403
BAD 894713070409
BAD 894713070413
BAD 894713980337
BAD 894713980339
BAD 894714114761
BAD 894750905249
BAD 894755924119
BAD 894522596353
BAD 894522596371
BAD 894724685531
BAD 894489425633
BAD 894563909167
BAD 894565178603
BAD 894491292223
BAD 894493443611
BAD 894585620507
BAD 894585620519
BAD 894573369673
BAD 894617100917
BAD 894617100919
BAD 894590488579
BAD 894620259319
BAD 894621351031
BAD 894621351037
BAD 894610554941
BAD 894610555079
BAD 894610555081
BAD 894817228223
BAD 894814804927
BAD 894831928561
BAD 894832215527
BAD 894858215731
BAD 894837633829
BAD 894841326031
BAD 894918392959
BAD 894918393001
BAD 894918393011
BAD 894918393013
BAD 894900465247
BAD 894925651901
BAD 894884524459
BAD 894884524463
BAD 894885272299
BAD 894885272311
BAD 894911190421
BAD 894949681841
BAD 894914752099
BAD 894914752103
BAD 894954909073
BAD 894954909077
BAD 894954909083
BAD 894976747453
BAD 894978800591
BAD 894978800593
BAD 894978800633
BAD 894991593983
BAD 894992548459
BAD 894875278313
BAD 895089683483
BAD 895185903133
BAD 895188165301
BAD 895188990701
BAD 895197265519
BAD 895156786133
BAD 895100539493
BAD 895100539523
BAD 895160837119
BAD 895176454901
BAD 895176454903
BAD 895120819781
BAD 895120819783
BAD 895124768411
BAD 895124768413
BAD 895034474959
BAD 895043042573
BAD 895337053327
BAD 895269301127
BAD 895302654461
BAD 895274343497
BAD 895274343499
BAD 895274343503
BAD 895274343547
BAD 895274722957
BAD 895208986459
BAD 895286300653
BAD 895286300677
BAD 895216819669
BAD 895216819681
BAD 895323551333
BAD 895296475657
BAD 895296475669
BAD 895335066413
BAD 895399624187
BAD 895399624213
BAD 895362098557
BAD 895362098581
BAD 895254452033
BAD 895248810293
BAD 895413171883
BAD 895418102653
BAD 895420827877
BAD 895420827881
BAD 895420827883
BAD 895436550739
BAD 895438371241
BAD 895469573041
BAD 895450086767
BAD 895523789141
BAD 895523789143
BAD 895480706053
BAD 895517722667
BAD 895549867159
BAD 895489221733
BAD 895489221743
BAD 895489221751
BAD 895606666861
BAD 895688974157
BAD 895688974163
BAD 895556429869
BAD 895556429953
BAD 895556429959
BAD 895622182157
BAD 895638829861
BAD 895638829873
BAD 895638829879
BAD 895623901811
BAD 895623901903
BAD 895696408913
BAD 895696408939
BAD 895696408949
BAD 895631295289
BAD 895631295347
BAD 895647369733
BAD 895647369737
BAD 895636086229
BAD 895768611659
BAD 895768611667
BAD 895740569839
BAD 895740569851
BAD 895770538261
BAD 895578298933
BAD 895578298949
BAD 895754344369
BAD 895712531683
BAD 895712531687
BAD 895589875657
BAD 895716007883
BAD 895716007903
BAD 895716007909
BAD 895716269843
BAD 895716269857
BAD 895716269863
BAD 895716269867
BAD 895593359641
BAD 895716650261
BAD 895716650263
BAD 895724020171
BAD 895725000439
BAD 895726911161
BAD 895727308351
BAD 895732110919
BAD 895661098069
BAD 895666852931
BAD 895683615301
BAD 895685750893
BAD 895775451737
BAD 895776628771
BAD 895803354227
BAD 895822571821
BAD 895825812883
BAD 895825812887
BAD 895826482739
BAD 895831854103
BAD 895832919053
BAD 895832919067
BAD 895834015807
BAD 895992780869
BAD 895994535031
BAD 895858042699
BAD 896004601069
BAD 895919312089
BAD 895957685881
BAD 895986720091
BAD 895903393613
BAD 895968982793
BAD 896014996729
BAD 895871336917
BAD 895871336923
BAD 896017785379
BAD 896019358141
BAD 895874535511
BAD 896098921021
BAD 896098921027
BAD 895879717883
BAD 896058178139
BAD 896058178157
BAD 896100177851
BAD 896101209937
BAD 896060680297
BAD 896109947959
BAD 896109947963
BAD 896109947969
BAD 896110411379
BAD 896110411381
BAD 896110522423
BAD 896066318647
BAD 895945757041
BAD 895947712987
BAD 895952329087
BAD 895952329099
BAD 895810818841
BAD 895817721067
BAD 895817897473
BAD 896125849393
BAD 896075499023
BAD 896078000383
BAD 896078000423
BAD 896081111483
BAD 896023204103
BAD 896162446639
BAD 896164854331
BAD 896046974213
BAD 896046974269
BAD 896171149339
BAD 896049421307
BAD 896141087483
BAD 896143141249
BAD 896144765869
BAD 896146651429
BAD 896214493199
BAD 896214493201
BAD 896214493219
BAD 896216385017
BAD 896216385019
BAD 896216385023
BAD 896194882441
BAD 896194882511
BAD 896176756231
BAD 896177974943
BAD 896326216463
BAD 896326216481
BAD 896326216483
BAD 896430497959
BAD 896338459777
BAD 896247619013
BAD 896247619021
BAD 896409906409
BAD 896278170589
BAD 896278644109
BAD 896278644113
BAD 896414671111
BAD 896283430591
BAD 896284193023
BAD 896385442891
BAD 896445849521
BAD 896445849527
BAD 896445849529
BAD 896262809389
BAD 896455654411
BAD 896455654417
BAD 896458940371
BAD 896270019409
BAD 896270019413
BAD 896270019451
BAD 896294244907
BAD 896294244961
BAD 896225922773
BAD 896361029887
BAD 896361029891
BAD 896367443243
BAD 896479121491
BAD 896479218097
BAD 896240257069
BAD 896481227077
BAD 896481227087
BAD 896487016643
BAD 896578306471
BAD 896578306487
BAD 896578306501
BAD 896578306517
BAD 896583878341
BAD 896583878347
BAD 896583878371
BAD 896589359821
BAD 896467920409
BAD 896472824371
BAD 896512041619
BAD 896516617723
BAD 896519386643
BAD 896519749711
BAD 896519749717
BAD 896520301687
BAD 896520301711
BAD 896521021477
BAD 896521021489
BAD 896523994669
BAD 896528876281
BAD 896551039907
BAD 896551039913
BAD 896506091749
BAD 896712903571
BAD 896717982653
BAD 896641182739
BAD 896641813273
BAD 896658652303
BAD 896684287243
BAD 896742625591
BAD 896885252801
BAD 896885580893
BAD 896596239379
BAD 896604889493
BAD 896748527251
BAD 896748527267
BAD 896820537541
BAD 896825389363
BAD 896825389367
BAD 896759367571
BAD 896759716613
BAD 896759716627
BAD 896828389913
BAD 896835331759
BAD 896835331853
BAD 896763749647
BAD 896763749677
BAD 896866386613
BAD 896800032067
BAD 896801682509
BAD 896666755531
BAD 896869527487
BAD 896869527503
BAD 896802256319
BAD 896802256321
BAD 896804061869
BAD 896804061871
BAD 896805728237
BAD 896805728239
BAD 896806689997
BAD 896806690027
BAD 896783557729
BAD 896854477349
BAD 896790938821
BAD 897091255393
BAD 896983128533
BAD 896984847379
BAD 897003208669
BAD 897020440427
BAD 897020440429
BAD 897022488511
BAD 896995372291
BAD 896995372297
BAD 897010904773
BAD 897011287583
BAD 897025538207
BAD 896900156717
BAD 897042384487
BAD 897063784039
BAD 897042725119
BAD 897065756707
BAD 897049673797
BAD 896906584303
BAD 897073218031
BAD 897073218037
BAD 897073218071
BAD 897073218073
BAD 897060483727
BAD 897115276339
BAD 897119109283
BAD 897119109301
BAD 896916491843
BAD 896931254281
BAD 896931254293
BAD 896950786483
BAD 896956403683
BAD 896956403689
BAD 897097596481
BAD 897097596523
BAD 897097596533
BAD 896977540819
BAD 896977540831
BAD 897109225853
BAD 897148115203
BAD 897149987551
BAD 897137660897
BAD 897137660899
BAD 897141791813
BAD 897141791873
BAD 897141791881
BAD 897249707701
BAD 897315489677
BAD 897300113623
BAD 897301915711
BAD 897254878889
BAD 897308867593
BAD 897308867597
BAD 897308867599
BAD 897308867603
BAD 897327950201
BAD 897327950203
BAD 897384583883
BAD 897342455333
BAD 897389411993
BAD 897389411999
BAD 897389412001
BAD 897357473371
BAD 897357473407
BAD 897358239121
BAD 897398281051
BAD 897214227781
BAD 897214227863
BAD 897282330883
BAD 897282330887
BAD 897375341887
BAD 897376246981
BAD 897173467769
BAD 897173467777
BAD 897212353343
BAD 897235165747
BAD 897235165819
BAD 897228138997
BAD 897288374539
BAD 897270746503
BAD 897272300489
BAD 897189509417
BAD 897189509423
BAD 897273591173
BAD 897275024083
BAD 897275024089
BAD 897279017233
BAD 897433906829
BAD 897443986099
BAD 897431806741
BAD 897520713743
BAD 897520713787
BAD 897472673107
BAD 897451771291
BAD 897457950979
BAD 897457951003
BAD 897463150487
BAD 897463150489
BAD 897463150531
BAD 897463664453
BAD 897657762319
BAD 897661465891
BAD 897535113373
BAD 897704710963
BAD 897705514973
BAD 897711715163
BAD 897712063051
BAD 897715086409
BAD 897835774247
BAD 897835774249
BAD 897686555749
BAD 897715978157
BAD 897820335289
BAD 897849739957
BAD 897831743821
BAD 897669628411
BAD 897679572001
BAD 897679572037
BAD 897680753027
BAD 897804606211
BAD 897856048657
BAD 897856048699
BAD 897856048703
BAD 897810021211
BAD 897811583341
BAD 897861758587
BAD 897861758593
BAD 897817732387
BAD 897568397507
BAD 897757827251
BAD 897761526317
BAD 897761526379
BAD 897761526383
BAD 897576811291
BAD 897576811321
BAD 897578142379
BAD 897614353429
BAD 897722682091
BAD 897580762051
BAD 897580762063
BAD 897723422723
BAD 897552045067
BAD 897552424981
BAD 897560882573
BAD 897781349137
BAD 897639711109
BAD 897639711151
BAD 897954365911
BAD 897939150877
BAD 898042818073
BAD 897973541611
BAD 897943899383
BAD 897980273633
BAD 897980273657
BAD 897980273677
BAD 897998451937
BAD 898008577121
BAD 898056625283
BAD 898056625351
BAD 898068952061
BAD 898068952063
BAD 898068952073
BAD 897925732709
BAD 897868809533
BAD 897873028001
BAD 897910294783
BAD 897882355837
BAD 898105571983
BAD 898024251679
BAD 898028101013
BAD 898186333699
BAD 898081300309
BAD 898081300313
BAD 898200678253
BAD 898201006429
BAD 898201006489
BAD 898201006499
BAD 898089578833
BAD 898099108667
BAD 898100157481
BAD 898100157491
BAD 898100157509
BAD 898102615373
BAD 898272977431
BAD 898277313071
BAD 898281892021
BAD 898245049967
BAD 898283592769
BAD 898283656799
BAD 898283656811
BAD 898283656813
BAD 898246276241
BAD 898246276243
BAD 898246276247
BAD 898226797087
BAD 898227160349
BAD 898227160351
BAD 898152931493
BAD 898231831853
BAD 898231831859
BAD 898234053203
BAD 898373500007
BAD 898373500009
BAD 898310391637
BAD 898323409699
BAD 898323409703
BAD 898375607047
BAD 898388795641
BAD 898388795677
BAD 898389820733
BAD 898329810691
BAD 898329810713
BAD 898263296407
BAD 898471266727
BAD 898363614539
BAD 898363614541
BAD 898481400643
BAD 898481400679
BAD 898485102443
BAD 898485102451
BAD 898414985417
BAD 898439570423
BAD 898717997563
BAD 898509987043
BAD 898661272603
BAD 898661272643
BAD 898662174031
BAD 898517104721
BAD 898450064657
BAD 898518760343
BAD 898673265547
BAD 898695724853
BAD 898752476779
BAD 898433937539
BAD 898768353683
BAD 898770691081
BAD 898792433519
BAD 898792433521
BAD 898796352991
BAD 898798164443
BAD 898500972581
BAD 898500972583
BAD 898807359799
BAD 898545724963
BAD 898547874799
BAD 898547874803
BAD 898552022581
BAD 898564951069
BAD 898523612293
BAD 898570548569
BAD 898570548571
BAD 898529900209
BAD 898530107023
BAD 898536905183
BAD 898536905191
BAD 898538133481
BAD 898573566481
BAD 898574142133
BAD 898574427307
BAD 898574427313
BAD 898640365397
BAD 898607555479
BAD 898578323911
BAD 898626954413
BAD 898626954419
BAD 898613808439
BAD 898614760531
BAD 898619126569
BAD 898622544199
BAD 898678207657
BAD 898678538117
BAD 898678538119
BAD 898685354041
BAD 898812101633
BAD 898812101657
BAD 898812101659
BAD 898813169801
BAD 898817994209
BAD 898817994211
BAD 898786310971
BAD 898786758449
BAD 898786758451
BAD 898791034543
BAD 898892214841
BAD 898899124303
BAD 898902906703
BAD 898902906709
BAD 898885361629
BAD 898890681553
BAD 898890681659
BAD 898964720057
BAD 898964720063
BAD 898965203267
BAD 899002837781
BAD 899002837783
BAD 899002837787
BAD 899003867563
BAD 899005690673
BAD 898974873481
BAD 898957372477
BAD 898957601749
BAD 898985304863
BAD 898985304883
BAD 899034996421
BAD 898990952989
BAD 898924792573
BAD 899049906653
BAD 899054451961
BAD 899060997403
BAD 899060997413
BAD 899071979053
BAD 899076169309
BAD 899132263973
BAD 899132263987
BAD 899132263999
BAD 899132264053
BAD 899133457867
BAD 899120485537
BAD 899120485541
BAD 899120485553
BAD 899145255397
BAD 899016037537
BAD 899017307423
BAD 899017307431
BAD 899079051889
BAD 899024751839
BAD 899024751841
BAD 899204003573
BAD 899294992537
BAD 899346356941
BAD 899346356963
BAD 899346356969
BAD 899346356971
BAD 899380240321
BAD 899390462921
BAD 899394500827
BAD 899341379773
BAD 899341379777
BAD 899341379779
BAD 899093678851
BAD 899094596383
BAD 899096302943
BAD 899365712893
BAD 899365712941
BAD 899365712989
BAD 899366621107
BAD 899223053303
BAD 899225058013
BAD 899102033383
BAD 899377608433
BAD 899164938571
BAD 899184296561
BAD 899404360669
BAD 899407353571
BAD 899407353577
BAD 899415157681
BAD 899415157703
BAD 899415157709
BAD 899228960269
BAD 899240556107
BAD 899253708503
BAD 899258397607
BAD 899258397619
BAD 899569983383
BAD 899447229319
BAD 899447229323
BAD 899448036703
BAD 899529753613
BAD 899529753677
BAD 899529753679
BAD 899441277199
BAD 899441277221
BAD 899441277223
BAD 899586486961
BAD 899587184941
BAD 899587320817
BAD 899539693141
BAD 899470758383
BAD 899470758391
BAD 899470758413
BAD 899470893089
BAD 899470893091
BAD 899475305933
BAD 899627250523
BAD 899627640391
BAD 899627640397
BAD 899496905947
BAD 899496905953
BAD 899513821963
BAD 899513821967
BAD 899514135913
BAD 899514135917
BAD 899488970777
BAD 899488970789
BAD 899646380209
BAD 899525594059
BAD 899704459421
BAD 899649768947
BAD 899649768949
BAD 899558692103
BAD 899713272517
BAD 899663612863
BAD 899665512353
BAD 899676435191
BAD 899778844309
BAD 899778844313
BAD 899778844319
BAD 899715322069
BAD 899827320487
BAD 899751745693
BAD 899759058283
BAD 899759058287
BAD 899813670013
BAD 899813670037
BAD 899813670043
BAD 899919274993
BAD 899977378711
BAD 899977378717
BAD 899978406329
BAD 899832785603
BAD 899832785653
BAD 899837512801
BAD 899939835757
BAD 899852358403
BAD 899882188319
BAD 899882188321
BAD 899882188327
BAD 899882188339
BAD 899882251013
BAD 899882680313
BAD 899862387901
BAD 899862774337
BAD 899893124423
RANGE 890000000000 900000000000 PRIMES 363362604 BAD 1505
