BAD 790283269553
BAD 790235513701
BAD 790235513707
BAD 790221875557
BAD 790092641567
BAD 790249594297
BAD 790321243643
BAD 790321243661
BAD 790264784237
BAD 790288582639
BAD 790288582661
BAD 790288582663
BAD 790288582667
BAD 790288781773
BAD 790099918261
BAD 790099918343
BAD 790330228969
BAD 790308904873
BAD 790308904883
BAD 790332359783
BAD 790296090853
BAD 790314483389
BAD 790314483421
BAD 790317418901
BAD 790317418903
BAD 790301297633
BAD 790301764807
BAD 790301764817
BAD 790017855811
BAD 790019519519
BAD 790019519521
BAD 790130514409
BAD 790130514413
BAD 790130514463
BAD 790170106813
BAD 790175320243
BAD 790178747191
BAD 790178747213
BAD 790179493109
BAD 790179493111
BAD 790357134223
BAD 790053909019
BAD 790362699803
BAD 790362699809
BAD 790006556431
BAD 790062119227
BAD 790062486349
BAD 790009169021
BAD 790009169023
BAD 790009169029
BAD 790010040049
BAD 790012646851
BAD 790147044587
BAD 790147044593
BAD 790386271183
BAD 790386271243
BAD 790157492863
BAD 790157492879
BAD 790157492881
BAD 790395185243
BAD 790162675283
BAD 790340802151
BAD 790340848903
BAD 790186252909
BAD 790186283617
BAD 790186283629
BAD 790341237877
BAD 790345915727
BAD 790345915729
BAD 790346014547
BAD 790347784301
BAD 790192604783
BAD 790192604791
BAD 790349422561
BAD 790380263749
BAD 790380827183
BAD 790200324259
BAD 790200324283
BAD 790108114331
BAD 790110977527
BAD 790069532179
BAD 790071013399
BAD 790207892641
BAD 790209148879
BAD 790209607729
BAD 790080053537
BAD 790214217433
BAD 790082055319
BAD 790217828987
BAD 790217828989
BAD 790405837147
BAD 790460204629
BAD 790413319433
BAD 790413437441
BAD 790464295217
BAD 790464295219
BAD 790481526721
BAD 790484025523
BAD 790489214071
BAD 790508445449
BAD 790511645689
BAD 790492505989
BAD 790492506061
BAD 790492506121
BAD 790492506163
BAD 790497473483
BAD 790498076453
BAD 790421600923
BAD 790520689291
BAD 790523087723
BAD 790448859157
BAD 790524328361
BAD 790524328369
BAD 790426420061
BAD 790527217549
BAD 790527217553
BAD 790560621637
BAD 790551762631
BAD 790657205803
BAD 790573950269
BAD 790579110151
BAD 790579110173
BAD 790805731549
BAD 790622193643
BAD 790622193769
BAD 790622193833
BAD 790638696901
BAD 790641574369
BAD 790641574381
BAD 790820294293
BAD 790645563373
BAD 790645563377
BAD 790645563397
BAD 790829084897
BAD 790648819217
BAD 790831579639
BAD 790831579709
BAD 790831579711
BAD 790834053437
BAD 790834053439
BAD 790587874303
BAD 790839782477
BAD 790835819801
BAD 790835819803
BAD 790835819821
BAD 790835819827
BAD 790835819843
BAD 790874613973
BAD 790589479573
BAD 790589479591
BAD 790589479601
BAD 790589479613
BAD 790883127407
BAD 790883127409
BAD 790617013073
BAD 790895069269
BAD 790923296747
BAD 790923296749
BAD 790923384919
BAD 790923384929
BAD 790896037417
BAD 790915528339
BAD 790915528343
BAD 790855333703
BAD 790855333913
BAD 790928625107
BAD 790900962667
BAD 790900962673
BAD 790905221881
BAD 790863932959
BAD 790603752517
BAD 790938853093
BAD 790692162683
BAD 790682820047
BAD 790682820049
BAD 790697176699
BAD 790697381431
BAD 790706295721
BAD 790789736311
BAD 790732527301
BAD 790732527329
BAD 790796389199
BAD 790768899691
BAD 790747435679
BAD 790778859931
BAD 790778979049
BAD 790786633771
BAD 790787764411
BAD 790787974453
BAD 790941154207
BAD 790943996813
BAD 790954614167
BAD 790954614169
BAD 791006676923
BAD 791014848373
BAD 791174534803
BAD 791174534807
BAD 791174534809
BAD 791174534863
BAD 791176962379
BAD 791178715279
BAD 791178715337
BAD 791182758703
BAD 791076092887
BAD 791076092893
BAD 791079545281
BAD 791068467719
BAD 790966902437
BAD 790966902443
BAD 791131635403
BAD 791026084861
BAD 791026084867
BAD 791358282017
BAD 791035195231
BAD 791035195267
BAD 791048618959
BAD 790976009101
BAD 790976009107
BAD 790976028013
BAD 790976028023
BAD 791112689153
BAD 791206499287
BAD 791123087239
BAD 791123087243
BAD 791123546897
BAD 791243041111
BAD 791246533607
BAD 791246533621
BAD 791210936297
BAD 791255584897
BAD 791255584901
BAD 791218727503
BAD 791218727539
BAD 791221662199
BAD 791312113223
BAD 791232731657
BAD 791232731659
BAD 791324918821
BAD 791324918837
BAD 791238507991
BAD 791238540439
BAD 791260710743
BAD 791238540481
BAD 791260710749
BAD 791240793617
BAD 791262462863
BAD 791264729093
BAD 791268964307
BAD 791299612163
BAD 791335186309
BAD 791305915051
BAD 791280130807
BAD 791280130811
BAD 791285142677
BAD 791285142679
BAD 791290905137
BAD 791363630641
BAD 791366656193
BAD 791378032283
BAD 791378660329
BAD 791378660333
BAD 791379330451
BAD 791371978451
BAD 791386580657
BAD 791386580659
BAD 791389994123
BAD 791426320277
BAD 791426320291
BAD 791429336779
BAD 791429336783
BAD 791430836723
BAD 791432253023
BAD 791398834463
BAD 791399427443
BAD 791404697851
BAD 791421335741
BAD 791421335743
BAD 791421335759
BAD 791494597493
BAD 791495871667
BAD 791454875389
BAD 791465619829
BAD 791470107511
BAD 791509449979
BAD 791560893779
BAD 791564269201
BAD 791570210749
BAD 791545602241
BAD 791547917107
BAD 791511086719
BAD 791576002223
BAD 791576002253
BAD 791552495809
BAD 791555340769
BAD 791517866611
BAD 791537393861
BAD 791540065777
BAD 791524494547
BAD 791596056007
BAD 791597176399
BAD 791577310873
BAD 791577310877
BAD 791577310879
BAD 791578972369
BAD 791601667039
BAD 791580996361
BAD 791618345633
BAD 791618471023
BAD 791618471027
BAD 791585765533
BAD 791585765539
BAD 791585765543
BAD 791590990403
BAD 791591986187
BAD 791591986189
BAD 791591986193
BAD 791591986201
BAD 791627268829
BAD 791627268833
BAD 791780039593
BAD 791780856049
BAD 791678735011
BAD 791789277049
BAD 791789277053
BAD 791767578929
BAD 791767578937
BAD 791768659453
BAD 791768659463
BAD 791700978181
BAD 791703879961
BAD 791706959471
BAD 791706959473
BAD 791712281089
BAD 791717264713
BAD 791651180603
BAD 791651180611
BAD 791748706733
BAD 791635547201
BAD 791635547203
BAD 791635547281
BAD 791635547293
BAD 791752176623
BAD 791666020441
BAD 791812944631
BAD 791637535123
BAD 791637806731
BAD 791669124823
BAD 791824198987
BAD 791824198993
BAD 791824764727
BAD 791799258479
BAD 791804082829
BAD 791808907943
BAD 791810173549
BAD 791810173643
BAD 791848136491
BAD 791851284713
BAD 791852730997
BAD 791836285033
BAD 791853418403
BAD 791884610887
BAD 791884853471
BAD 791887376149
BAD 791887376153
BAD 791857382059
BAD 791843520113
BAD 791844229447
BAD 791890841603
BAD 791890907519
BAD 791924299031
BAD 791924299039
BAD 791924299043
BAD 791926919779
BAD 791926919783
BAD 791898344873
BAD 791864126887
BAD 791910235681
BAD 791998380983
BAD 791998381033
BAD 791982466763
BAD 791982789601
BAD 791982789607
BAD 791982789679
BAD 791982789683
BAD 791963318903
BAD 792000620717
BAD 791985505193
BAD 791985505211
BAD 791985505219
BAD 792007255903
BAD 792066030971
BAD 792066035791
BAD 792012472189
BAD 792012472193
BAD 792072234391
BAD 792072234397
BAD 791960904731
BAD 792077548991
BAD 792077548993
BAD 792080079053
BAD 792019294357
BAD 792019949969
BAD 792019949971
BAD 792022642273
BAD 792029265211
BAD 792050082091
BAD 792053129017
BAD 792057272731
BAD 792057613981
BAD 792248740583
BAD 792248740589
BAD 792249725483
BAD 792249725489
BAD 792260525059
BAD 792260525071
BAD 792262383079
BAD 792203997469
BAD 792232212917
BAD 792232212923
BAD 792232212931
BAD 792232603601
BAD 792217533661
BAD 792241640963
BAD 792223473169
BAD 792282786241
BAD 792288826913
BAD 792289907503
BAD 792290215237
BAD 792295117223
BAD 792295117231
BAD 792086302177
BAD 792094010311
BAD 792097037791
BAD 792097037803
BAD 792168394819
BAD 792099989419
BAD 792099989423
BAD 792100709927
BAD 792100709929
BAD 792103240681
BAD 792110466143
BAD 792300838181
BAD 792300838183
BAD 792139491797
BAD 792303729967
BAD 792307791181
BAD 792312301393
BAD 792268075189
BAD 792268330367
BAD 792269579243
BAD 792269579251
BAD 792269579261
BAD 792278237089
BAD 792278237227
BAD 792114206431
BAD 792114391837
BAD 792125299891
BAD 792488480617
BAD 792488973307
BAD 792490882307
BAD 792490882331
BAD 792490882333
BAD 792493646341
BAD 792534340333
BAD 792534340337
BAD 792536349481
BAD 792536349499
BAD 792537979879
BAD 792554122909
BAD 792457186793
BAD 792504718133
BAD 792507502051
BAD 792596830357
BAD 792598788211
BAD 792523461349
BAD 792433976801
BAD 792440627483
BAD 792332642393
BAD 792332642419
BAD 792447942241
BAD 792316457747
BAD 792316457749
BAD 792343147579
BAD 792343147591
BAD 792352643549
BAD 792367388741
BAD 792367388753
BAD 792373975403
BAD 792373975409
BAD 792385703233
BAD 792375550963
BAD 792417340681
BAD 792419286301
BAD 792419286331
BAD 792419286377
BAD 792380587393
BAD 792422774251
BAD 792396333721
BAD 792426988993
BAD 792404613541
BAD 792410700793
BAD 792669076489
BAD 792673970009
BAD 792681674843
BAD 792697708441
BAD 792578656561
BAD 792578656567
BAD 792579572947
BAD 792603075961
BAD 792603075997
BAD 792603076021
BAD 792721846321
BAD 792721846327
BAD 792721846333
BAD 792614166511
BAD 792614166559
BAD 792723722617
BAD 792653499691
BAD 792654342481
BAD 792615211481
BAD 792615211483
BAD 792725463367
BAD 792725463391
BAD 792730558733
BAD 792731109451
BAD 792733220693
BAD 792733220701
BAD 792634080893
BAD 792634080913
BAD 792664099193
BAD 792636756337
BAD 792646135459
BAD 792754557619
BAD 792760040101
BAD 792765707717
BAD 792765707719
BAD 792776405387
BAD 792776405389
BAD 792781254121
BAD 792783430039
BAD 792817257307
BAD 792823436641
BAD 792823666823
BAD 792823666829
BAD 792831291257
BAD 792706237207
BAD 792986947397
BAD 792986947399
BAD 792986947409
BAD 792986947411
BAD 792987797653
BAD 792989701913
BAD 792992433983
BAD 793011382561
BAD 793011382573
BAD 793013672179
BAD 793013672183
BAD 792792738667
BAD 792798440747
BAD 792852475381
BAD 792974650711
BAD 792974650723
BAD 792856001599
BAD 792856001603
BAD 792856137449
BAD 793053815423
BAD 793053815431
BAD 792982477607
BAD 792941932501
BAD 793058385881
BAD 793059960463
BAD 793059960467
BAD 792984693469
BAD 793060721807
BAD 792864071627
BAD 792864276961
BAD 792864741143
BAD 792866648813
BAD 792947119793
BAD 792948254353
BAD 792948254359
BAD 792948254363
BAD 792906681661
BAD 792906681667
BAD 792923860873
BAD 792958591351
BAD 792952661603
BAD 792931455907
BAD 792931455919
BAD 792916763671
BAD 792933934339
BAD 793104299993
BAD 793143528757
BAD 793154593607
BAD 793152583609
BAD 793162307719
BAD 793178388581
BAD 793179174569
BAD 793163935789
BAD 793163935793
BAD 793197108637
BAD 792837660379
BAD 792837660403
BAD 792837660409
BAD 792837660413
BAD 792880476943
BAD 792880476953
BAD 792843368357
BAD 792845030501
BAD 792845030503
BAD 792846551843
BAD 793225193357
BAD 793227201343
BAD 793229384099
BAD 793233310411
BAD 793248489679
BAD 793248514283
BAD 793249567717
BAD 793075608943
BAD 793120787209
BAD 793037991143
BAD 793037991167
BAD 793125977153
BAD 793046670541
BAD 793135343191
BAD 793485835937
BAD 793485835939
BAD 793449858181
BAD 793407964931
BAD 793407964933
BAD 793420453303
BAD 793421903321
BAD 793525882517
BAD 793576015159
BAD 793576126669
BAD 793576126687
BAD 793577256781
BAD 793543968331
BAD 793543968391
BAD 793543968421
BAD 793532372683
BAD 793534349323
BAD 793548174499
BAD 793539500659
BAD 793552637431
BAD 793592521441
BAD 793595499253
BAD 793327498363
BAD 793600369469
BAD 793600369477
BAD 793600369483
BAD 793601059231
BAD 793602826999
BAD 793395069991
BAD 793386310433
BAD 793397712749
BAD 793397712773
BAD 793337957197
BAD 793337957221
BAD 793293135473
BAD 793402795699
BAD 793301843069
BAD 793360789729
BAD 793363163071
BAD 793363163077
BAD 793363163081
BAD 793363163083
BAD 793369733983
BAD 793561656457
BAD 793561986491
BAD 793561986493
BAD 793564626121
BAD 793286699519
BAD 793286699521
BAD 793514566853
BAD 793519831781
BAD 793520953117
BAD 793427119879
BAD 793434905023
BAD 793728971521
BAD 793693800899
BAD 793693800901
BAD 793730628863
BAD 793694736691
BAD 793732427339
BAD 793712026603
BAD 793714203397
BAD 793703453539
BAD 793627357241
BAD 793627357249
BAD 793627788923
BAD 793706681023
BAD 793707043643
BAD 793721730359
BAD 793632513257
BAD 793632513259
BAD 793632513283
BAD 793632513287
BAD 793501298131
BAD 793501298153
BAD 793639263539
BAD 793640281403
BAD 793640281409
BAD 793640281411
BAD 793608395869
BAD 793647897587
BAD 793612605413
BAD 793761275459
BAD 793747485301
BAD 793747992203
BAD 793615613611
BAD 793775623117
BAD 793778974379
BAD 793778974381
BAD 793618865437
BAD 793655042137
BAD 793655042153
BAD 793665582029
BAD 793672801501
BAD 793672972567
BAD 793794608083
BAD 793794608119
BAD 793794608129
BAD 793799921779
BAD 793803880073
BAD 793916513947
BAD 793810476167
BAD 793810476169
BAD 793814700671
BAD 793993685063
BAD 793993685071
BAD 793993685083
BAD 793993685101
BAD 793860356491
BAD 793999969339
BAD 793865705333
BAD 794005461757
BAD 794006051807
BAD 793867146739
BAD 793842474143
BAD 793870763809
BAD 793870763813
BAD 793872543097
BAD 794030396521
BAD 794030396527
BAD 794030530897
BAD 794030530907
BAD 793828271659
BAD 793830197911
BAD 793896857407
BAD 793926323401
BAD 793855290143
BAD 793832919023
BAD 794043410449
BAD 794037419647
BAD 793875765211
BAD 793933717657
BAD 793838436737
BAD 793838436739
BAD 793880511349
BAD 794047804093
BAD 793840141987
BAD 793841262883
BAD 793882666741
BAD 793882666747
BAD 793883015509
BAD 793884520549
BAD 793884520553
BAD 793885212721
BAD 794014433323
BAD 794053879253
BAD 794162515303
BAD 794162515313
BAD 794056717957
BAD 794056717963
BAD 794116459483
BAD 794169092153
BAD 794169249743
BAD 794170793033
BAD 794126011423
BAD 794126011429
BAD 794126011433
BAD 794097439673
BAD 794097439679
BAD 794099827921
BAD 794110411909
BAD 793950436151
BAD 794198082619
BAD 793954298617
BAD 793954298623
BAD 793954298633
BAD 794205753953
BAD 793967176021
BAD 794061820633
BAD 794061820709
BAD 794061820711
BAD 794061820723
BAD 794075535241
BAD 794083568851
BAD 794083568867
BAD 794083568869
BAD 794083568951
BAD 794083568953
BAD 794086318061
BAD 794086318063
BAD 794147216299
BAD 794152009879
BAD 794152009883
BAD 794155174339
BAD 794155174349
BAD 794155174363
BAD 794155782313
BAD 794155782317
BAD 794155782319
BAD 794155782331
BAD 794158388663
BAD 794213335943
BAD 794183556017
BAD 794131971181
BAD 794188473677
BAD 794188473679
BAD 794247934063
BAD 794252541391
BAD 794383357249
BAD 794383357253
BAD 794430270593
BAD 794430831421
BAD 794394140873
BAD 794440960099
BAD 794442390271
BAD 794445328883
BAD 794445328889
BAD 794445328891
BAD 794414264783
BAD 794414264911
BAD 794419471249
BAD 794449435891
BAD 794403627271
BAD 794454913729
BAD 794407880059
BAD 794468940469
BAD 794477282513
BAD 794235931771
BAD 794239615111
BAD 794332224613
BAD 794333507953
BAD 794369282029
BAD 794369282041
BAD 794343099973
BAD 794343099989
BAD 794298002279
BAD 794377355617
BAD 794377646899
BAD 794318824399
BAD 794293670221
BAD 794322162187
BAD 794499696077
BAD 794527051963
BAD 794528320693
BAD 794641823233
BAD 794641823263
BAD 794538667763
BAD 794538667771
BAD 794542959841
BAD 794547089659
BAD 794545703251
BAD 794486925767
BAD 794486925769
BAD 794651191099
BAD 794680635719
BAD 794658356287
BAD 794658356293
BAD 794658847951
BAD 794741347937
BAD 794743760509
BAD 794744530429
BAD 794746136383
BAD 794746424729
BAD 794561760961
BAD 794561760991
BAD 794561761051
BAD 794563125593
BAD 794717902037
BAD 794717902039
BAD 794688811547
BAD 794698085297
BAD 794722345289
BAD 794700935881
BAD 794727497849
BAD 794728883593
BAD 794586878419
BAD 794594464777
BAD 794753450453
BAD 794570128909
BAD 794765441413
BAD 794765441417
BAD 794765441419
BAD 794769937849
BAD 794769937853
BAD 794771595587
BAD 794771595589
BAD 794865958199
BAD 794838788353
BAD 794872476947
BAD 794872476949
BAD 794872476961
BAD 794840901739
BAD 794841406867
BAD 794801285749
BAD 794851458893
BAD 794809091627
BAD 794810453557
BAD 794810453561
BAD 794792797003
BAD 794821659703
BAD 794821659733
BAD 794821659763
BAD 794821659767
BAD 794821659769
BAD 794821659773
BAD 794827922743
BAD 794831527081
BAD 794627667319
BAD 794925613903
BAD 794925613907
BAD 794930727551
BAD 794930727553
BAD 794930727557
BAD 794930727559
BAD 794973810947
BAD 794973810949
BAD 794983785163
BAD 794993697731
BAD 794993697733
BAD 795101964287
BAD 795101964289
BAD 795103837109
BAD 795109280327
BAD 795110488031
BAD 795110488033
BAD 795115208497
BAD 795115399807
BAD 795070529719
BAD 794963781923
BAD 794963816749
BAD 794963816753
BAD 795045894121
BAD 795045894133
BAD 795045894151
BAD 795047870543
BAD 795049265299
BAD 795082021813
BAD 795082591507
BAD 795051951313
BAD 795051951319
BAD 795061592357
BAD 795061592359
BAD 794898084373
BAD 794898699409
BAD 795095203151
BAD 794899044061
BAD 794899044077
BAD 794900631827
BAD 794900631829
BAD 794909595841
BAD 794948950193
BAD 795218209243
BAD 795218349491
BAD 795218349493
BAD 795218733389
BAD 795218733391
BAD 795154671449
BAD 795235038953
BAD 795235038989
BAD 795235038991
BAD 795159572113
BAD 795139191397
BAD 795240418963
BAD 795240418969
BAD 795240418979
BAD 795171264353
BAD 795231484763
BAD 795023504453
BAD 795023504459
BAD 795023504461
BAD 795023504467
BAD 795145705037
BAD 795027022217
BAD 795027022219
BAD 795258081817
BAD 795258081881
BAD 795210718517
BAD 795249845959
BAD 795249845963
BAD 795028973273
BAD 795028973449
BAD 795215852779
BAD 795215852789
BAD 795267740251
BAD 795267740257
BAD 795031138903
BAD 795031138921
BAD 795031138999
BAD 795123936169
BAD 795128327579
BAD 795132497311
BAD 795132497317
BAD 795133089481
BAD 795277280851
BAD 795284973277
BAD 795283368773
BAD 795299257327
BAD 795319567921
BAD 795322050793
BAD 795311158723
BAD 795312995959
BAD 795345521149
BAD 795347883041
BAD 795399319753
BAD 795410920319
BAD 795370907873
BAD 795370907887
BAD 795418532353
BAD 795373305061
BAD 795368216897
BAD 795198228031
BAD 795537445289
BAD 795537445291
BAD 795541679519
BAD 795541679521
BAD 795541679531
BAD 795541679533
BAD 795541679539
BAD 795588252203
BAD 795593456179
BAD 795599720059
BAD 795493116707
BAD 795493116709
BAD 795493116713
BAD 795493116721
BAD 795506621243
BAD 795506621257
BAD 795506621263
BAD 795523928209
BAD 795510471233
BAD 795527149223
BAD 795527441749
BAD 795514769747
BAD 795529702729
BAD 795556584967
BAD 795556584973
BAD 795518076533
BAD 795518309323
BAD 795518309393
BAD 795579671057
BAD 795579671059
BAD 795535129877
BAD 795535179503
BAD 795586184779
BAD 795459650483
BAD 795459680699
BAD 795468410299
BAD 795477633631
BAD 795822988693
BAD 795788783369
BAD 795790933969
BAD 795830365201
BAD 795773996779
BAD 795832463029
BAD 795704385739
BAD 795684922313
BAD 795707932433
BAD 795605548489
BAD 795606151159
BAD 795804096889
BAD 795754818281
BAD 795754818283
BAD 795740748421
BAD 795756048523
BAD 795756048553
BAD 795756604831
BAD 795743488873
BAD 795688573291
BAD 795765937349
BAD 795766352813
BAD 795768571639
BAD 795768739529
BAD 795768739531
BAD 795768739537
BAD 795637819693
BAD 795811397393
BAD 795816088051
BAD 795816652307
BAD 795816652313
BAD 795818855333
BAD 795818855339
BAD 795818855341
BAD 795839596493
BAD 795839596523
BAD 795942986357
BAD 795942986359
BAD 796059786037
BAD 796045133791
BAD 796047800869
BAD 796047800879
BAD 796050230303
BAD 796050230309
BAD 796050230333
BAD 796050230341
BAD 796051524799
BAD 796055011597
BAD 795959276183
BAD 795959276191
BAD 795882894743
BAD 795882894803
BAD 796023209357
BAD 795923864557
BAD 795986805221
BAD 795987894419
BAD 795987894421
BAD 795914102453
BAD 795857056793
BAD 795989392927
BAD 795916132343
BAD 795916132351
BAD 795970924219
BAD 795970924223
BAD 795917039719
BAD 795930808213
BAD 796030165201
BAD 796030165207
BAD 795890539651
BAD 796033850191
BAD 795934587067
BAD 795864677389
BAD 796073609581
BAD 796073609609
BAD 796038431647
BAD 796038431651
BAD 796038431653
BAD 796038431663
BAD 796038796433
BAD 796082008963
BAD 796084721657
BAD 796084721659
BAD 795902597597
BAD 795902597599
BAD 796110995947
BAD 796110995969
BAD 796110995971
BAD 796111410571
BAD 796114232209
BAD 796114232213
BAD 796114789147
BAD 796114789153
BAD 796114789157
BAD 796114789159
BAD 796118576221
BAD 796160020603
BAD 796122108163
BAD 796122675889
BAD 796167345067
BAD 796145032483
BAD 795991159763
BAD 796000551529
BAD 796009498553
BAD 796009498561
BAD 796012678673
BAD 796097683093
BAD 796182232543
BAD 796182232553
BAD 796183727629
BAD 796185407891
BAD 796185407893
BAD 796187040811
BAD 796187040829
BAD 796213525927
BAD 796200122941
BAD 796297627943
BAD 796277076487
BAD 796300073551
BAD 796300106183
BAD 796280840867
BAD 796280840869
BAD 796306582789
BAD 796306582793
BAD 796288657727
BAD 796393112743
BAD 796246485919
BAD 796246486001
BAD 796246486003
BAD 796246486019
BAD 796246513823
BAD 796447860679
BAD 796454086943
BAD 796454157637
BAD 796454157641
BAD 796457849813
BAD 796459681021
BAD 796476109993
BAD 796479101183
BAD 796493551649
BAD 796494262063
BAD 796494262133
BAD 796368020233
BAD 796499061403
BAD 796499061409
BAD 796499061419
BAD 796373620201
BAD 796373620249
BAD 796489706581
BAD 796506355763
BAD 796514259859
BAD 796508596033
BAD 796314445501
BAD 796322715841
BAD 796391095231
BAD 796391095273
BAD 796391516429
BAD 796429973359
BAD 796430153047
BAD 796543324151
BAD 796543324153
BAD 796432089799
BAD 796432089821
BAD 796432089823
BAD 796544798411
BAD 796544798453
BAD 796436667373
BAD 796436667379
BAD 796410763931
BAD 796556646503
BAD 796420896941
BAD 796424494417
BAD 796563282293
BAD 796563282311
BAD 796563282313
BAD 796338845327
BAD 796571712851
BAD 796575730943
BAD 796528063703
BAD 796529413861
BAD 796529413871
BAD 796529413879
BAD 796529413891
BAD 796532749867
BAD 796532749879
BAD 796532749889
BAD 796354002593
BAD 796678563649
BAD 796684288297
BAD 796684288303
BAD 796684288307
BAD 796684288313
BAD 796646269051
BAD 796582052419
BAD 796651980379
BAD 796654414823
BAD 796654414847
BAD 796654414849
BAD 796584324799
BAD 796659052187
BAD 796659052207
BAD 796659052223
BAD 796670206531
BAD 796711219411
BAD 796802340857
BAD 796802340863
BAD 796767968923
BAD 796767968929
BAD 796721394691
BAD 796721579483
BAD 796721579491
BAD 796792409993
BAD 796773293521
BAD 796773293551
BAD 796725190291
BAD 796725190297
BAD 796725190301
BAD 796807340003
BAD 796775573549
BAD 796775573551
BAD 796749621469
BAD 796753448641
BAD 796694884703
BAD 796700457713
BAD 796705100803
BAD 796705262891
BAD 796705262893
BAD 796705262897
BAD 796705262923
BAD 796705262933
BAD 796708721239
BAD 796708721243
BAD 796596567803
BAD 796598033753
BAD 796598033761
BAD 796601438939
BAD 796601438947
BAD 796630780357
BAD 796632446339
BAD 796632446341
BAD 796634698429
BAD 796727988053
BAD 796732300417
BAD 796901913211
BAD 796901913217
BAD 796901913229
BAD 796906334183
BAD 796847566687
BAD 796850429873
BAD 796850430001
BAD 796850823193
BAD 796858128263
BAD 796833993481
BAD 796839840271
BAD 796839840299
BAD 796841703979
BAD 796880381573
BAD 796880381579
BAD 796883713669
BAD 796884829739
BAD 796931243377
BAD 796935044329
BAD 796935044333
BAD 796979385589
BAD 796941663391
BAD 796982588491
BAD 796982588533
BAD 796944474593
BAD 796944689089
BAD 796991962807
BAD 796994350219
BAD 796865751653
BAD 797033115743
BAD 797003963363
BAD 797003963369
BAD 797008068869
BAD 796949399993
BAD 797010986713
BAD 796955785861
BAD 796957125337
BAD 796917573619
BAD 796917573623
BAD 796920246893
BAD 796976559571
BAD 797068693471
BAD 797073521417
BAD 797073521443
BAD 797076292741
BAD 797076292813
BAD 797076292819
BAD 797085906119
BAD 797079654827
BAD 797079654829
BAD 797090022629
BAD 797091456781
BAD 797115291253
BAD 797115291257
BAD 797115291263
BAD 797099562631
BAD 797118663589
BAD 797125375003
BAD 797125375009
BAD 797125375021
BAD 797130161843
BAD 797130161851
BAD 797046737371
BAD 797054683613
BAD 797151316243
BAD 797017149833
BAD 797204257723
BAD 797207851277
BAD 797315303597
BAD 797315303599
BAD 797323858141
BAD 797325471421
BAD 797325471427
BAD 797325471431
BAD 797325471433
BAD 797330485417
BAD 797330485433
BAD 797330485439
BAD 797222417401
BAD 797222638217
BAD 797222638259
BAD 797223407213
BAD 797186226479
BAD 797186226481
BAD 797229115103
BAD 797193714547
BAD 797176771459
BAD 797176771463
BAD 797331672803
BAD 797334266909
BAD 797178414731
BAD 797336022001
BAD 797294477633
BAD 797337467191
BAD 797343472669
BAD 797343472687
BAD 797264785883
BAD 797265481567
BAD 797367722539
BAD 797298175049
BAD 797370288203
BAD 797257307989
BAD 797269321609
BAD 797372913593
BAD 797372913611
BAD 797372913613
BAD 797270225933
BAD 797304430939
BAD 797305680491
BAD 797260075793
BAD 797483512789
BAD 797281210549
BAD 797281210553
BAD 797489417063
BAD 797489417069
BAD 797489417071
BAD 797490273143
BAD 797490586381
BAD 797496965071
BAD 797501580593
BAD 797503708193
BAD 797503708223
BAD 797441905289
BAD 797441905291
BAD 797452454273
BAD 797452454329
BAD 797452454341
BAD 797452454347
BAD 797458343329
BAD 797458343333
BAD 797458343347
BAD 797458343351
BAD 797419098919
BAD 797423370451
BAD 797423370481
BAD 797429679887
BAD 797429679889
BAD 797429679913
BAD 797429679919
BAD 797429679923
BAD 797572421213
BAD 797572421221
BAD 797572421563
BAD 797572421567
BAD 797572421573
BAD 797572648319
BAD 797574316769
BAD 797574316771
BAD 797574316793
BAD 797574316801
BAD 797580766483
BAD 797383745629
BAD 797383745633
BAD 797384493053
BAD 797387955547
BAD 797391211051
BAD 797353772393
BAD 797353772417
BAD 797353772419
BAD 797360386027
BAD 797360386049
BAD 797360386051
BAD 797360386073
BAD 797360386093
BAD 797361339881
BAD 797361339883
BAD 797364962819
BAD 797414706161
BAD 797414706163
BAD 797518180483
BAD 797518180493
BAD 797531010079
BAD 797807278237
BAD 797808674989
BAD 797812736737
BAD 797812957751
BAD 797812957757
BAD 797583488521
BAD 797692399703
BAD 797692399787
BAD 797692399843
BAD 797695352453
BAD 797841095563
BAD 797820245393
BAD 797820245399
BAD 797820245401
BAD 797699455129
BAD 797721401723
BAD 797721401731
BAD 797590161803
BAD 797769813913
BAD 797827579529
BAD 797827579531
BAD 797729483077
BAD 797795066839
BAD 797795946919
BAD 797599970753
BAD 797550657803
BAD 797550657833
BAD 797555930911
BAD 797558885491
BAD 797562502201
BAD 797564643859
BAD 797533185389
BAD 797533185391
BAD 797535646627
BAD 797636730637
BAD 797638468769
BAD 797638468771
BAD 797640721817
BAD 797640721819
BAD 797640721831
BAD 797643108121
BAD 797648572969
BAD 797668845691
BAD 797668845707
BAD 797668845709
BAD 797870058553
BAD 797679651577
BAD 797679651589
BAD 797884303933
BAD 797884303987
BAD 797757148553
BAD 797606434003
BAD 797757845477
BAD 797757845483
BAD 797757845509
BAD 797760016069
BAD 797762360281
BAD 797762360287
BAD 797702932501
BAD 797702932519
BAD 797702932597
BAD 797735984833
BAD 797710043483
BAD 797710043513
BAD 797710043521
BAD 797743504513
BAD 797744689759
BAD 797617410061
BAD 797617508299
BAD 797621436961
BAD 797625065383
BAD 797654044183
BAD 797905884211
BAD 797864071261
BAD 797864071273
BAD 797907266089
BAD 797907266113
BAD 797908242713
BAD 797908242727
BAD 797867091061
BAD 797867091079
BAD 797867091103
BAD 797913804271
BAD 797986819481
BAD 797894679541
BAD 797894679557
BAD 797992605413
BAD 797992605457
BAD 797992605461
BAD 797992605469
BAD 797995762523
BAD 797996687581
BAD 797901701563
BAD 798055440991
BAD 798055441033
BAD 798055441037
BAD 798055441039
BAD 798056572013
BAD 797999302049
BAD 797973521243
BAD 797974074721
BAD 797953549753
BAD 797954863133
BAD 797954863141
BAD 797954863151
BAD 797956594163
BAD 797979410689
BAD 797979410693
BAD 797979410779
BAD 797979410791
BAD 798010492369
BAD 797965981873
BAD 798050665603
BAD 798050665613
BAD 798029442271
BAD 798153927691
BAD 797943087983
BAD 797923334917
BAD 797931007747
BAD 797935542827
BAD 797935542829
BAD 798095271619
BAD 798095271629
BAD 798074105729
BAD 798076845053
BAD 798077220067
BAD 798077220097
BAD 798205762433
BAD 798208694747
BAD 798208694749
BAD 798208694753
BAD 798223342087
BAD 798136494457
BAD 798193055549
BAD 798193055551
BAD 798193502177
BAD 798193502179
BAD 798194665297
BAD 798195585799
BAD 798197824289
BAD 798197824309
BAD 798143730367
BAD 798143730379
BAD 798115532119
BAD 798407252371
BAD 798425010353
BAD 798430905749
BAD 798430905751
BAD 798432144319
BAD 798347602879
BAD 798347686373
BAD 798415756687
BAD 798350076763
BAD 798363404843
BAD 798437953373
BAD 798437953381
BAD 798441634943
BAD 798353636959
BAD 798353636963
BAD 798421380649
BAD 798354757973
BAD 798451776721
BAD 798451776767
BAD 798453415489
BAD 798454116157
BAD 798455610619
BAD 798455610629
BAD 798245854883
BAD 798251596039
BAD 798276441173
BAD 798260379703
BAD 798285880939
BAD 798285880943
BAD 798457376393
BAD 798459086021
BAD 798459086023
BAD 798470951543
BAD 798470951549
BAD 798298587523
BAD 798298975703
BAD 798300816517
BAD 798489791719
BAD 798489791753
BAD 798311698757
BAD 798313462217
BAD 798498069079
BAD 798486462121
BAD 798487220633
BAD 798507659783
BAD 798508837603
BAD 798512551831
BAD 798556487329
BAD 798556487341
BAD 798556487347
BAD 798556487353
BAD 798514744141
BAD 798514744151
BAD 798515034329
BAD 798567456257
BAD 798567456259
BAD 798567456263
BAD 798567478507
BAD 798567478543
BAD 798567478547
BAD 798595359739
BAD 798595359743
BAD 798575059067
BAD 798575059099
BAD 798575059103
BAD 798610266917
BAD 798603507991
BAD 798604466017
BAD 798604466021
BAD 798612453589
BAD 798582172387
BAD 798680339833
BAD 798680339839
BAD 798621779491
BAD 798659582177
BAD 798589219699
BAD 798659582179
BAD 798684609733
BAD 798725652301
BAD 798662856967
BAD 798663928189
BAD 798663928193
BAD 798664218901
BAD 798664218917
BAD 798664218923
BAD 798689658077
BAD 798741896923
BAD 798666523883
BAD 798656532829
BAD 798656532841
BAD 798669358237
BAD 798670063831
BAD 798757770509
BAD 798757770511
BAD 798751436393
BAD 798758887687
BAD 798714835381
BAD 798760121323
BAD 798760121329
BAD 798739042771
BAD 798754374659
BAD 798754374661
BAD 798754374673
BAD 798754374683
BAD 798719699341
BAD 798701446061
BAD 798701586259
BAD 798773965489
BAD 798879911911
BAD 798879911917
BAD 798880221079
BAD 798886175849
BAD 798886175851
BAD 798809601907
BAD 798809601917
BAD 798817237499
BAD 798817237501
BAD 798779321477
BAD 798779321479
BAD 798782834251
BAD 798782834261
BAD 798785346581
BAD 798789191539
BAD 798831024083
BAD 798832874353
BAD 798837247309
BAD 799062347273
BAD 798867021859
BAD 798867021863
BAD 798843796999
BAD 799075996451
BAD 798798929977
BAD 798798929983
BAD 798847227133
BAD 798847635463
BAD 798802575443
BAD 799113731287
BAD 799113731291
BAD 799113731293
BAD 798952928843
BAD 798956264473
BAD 799123854901
BAD 798917147023
BAD 798989185573
BAD 799157402633
BAD 799158252679
BAD 799158252691
BAD 799158252721
BAD 799158252727
BAD 799130354389
BAD 799087824421
BAD 799033078609
BAD 799053103951
BAD 798962886679
BAD 799136665871
BAD 799058965351
BAD 799058965357
BAD 799058965363
BAD 798966159301
BAD 798970499123
BAD 799093466959
BAD 799093466989
BAD 799093466993
BAD 798973834171
BAD 798973834177
BAD 799014582077
BAD 799014582103
BAD 799020626147
BAD 799101205501
BAD 799004520277
BAD 799105158043
BAD 799106804893
BAD 799106804933
BAD 799171403671
BAD 799171403677
BAD 799175783881
BAD 799188566933
BAD 799189408013
BAD 799212843241
BAD 799213692947
BAD 799223566459
BAD 799225919473
BAD 799197171569
BAD 799197171571
BAD 799199653433
BAD 799330937269
BAD 799332229939
BAD 799332229967
BAD 799374974929
BAD 799374974947
BAD 799498954909
BAD 799502471549
BAD 799502471563
BAD 799529587783
BAD 799379603333
BAD 799397478293
BAD 799506800273
BAD 799580190631
BAD 799383951143
BAD 799406448409
BAD 799406448413
BAD 799542685729
BAD 799590067583
BAD 799590067589
BAD 799590067651
BAD 799590742303
BAD 799471000219
BAD 799248059833
BAD 799429877303
BAD 799430698607
BAD 799430698609
BAD 799431302863
BAD 799431302881
BAD 799431713959
BAD 799257101311
BAD 799257101317
BAD 799434432859
BAD 799434432871
BAD 799434432889
BAD 799434432893
BAD 799434432917
BAD 799357084327
BAD 799316269777
BAD 799325624423
BAD 799263327077
BAD 799266016597
BAD 799266016603
BAD 799266016609
BAD 799266016613
BAD 799415190601
BAD 799269751463
BAD 799418348341
BAD 799424130653
BAD 799424130709
BAD 799232242849
BAD 799564818001
BAD 799564818023
BAD 799565956561
BAD 799567565371
BAD 799575551783
BAD 799480335113
BAD 799482694501
BAD 799550405749
BAD 799550405779
BAD 799489026319
BAD 799489026331
BAD 799489026353
BAD 799491619429
BAD 799294722367
BAD 799309413883
BAD 799293326341
BAD 799598819183
BAD 799598819191
BAD 799609129141
BAD 799631124223
BAD 799641588899
BAD 799641588901
BAD 799645090051
BAD 799656396229
BAD 799656396233
BAD 799755943703
BAD 799662918739
BAD 799825816129
BAD 799825816133
BAD 799849101287
BAD 799830971299
BAD 799799451961
BAD 799803270743
BAD 799803306983
BAD 799841166541
BAD 799841166547
BAD 799866091853
BAD 799792638871
BAD 799792638881
BAD 799717025663
BAD 799717025671
BAD 799722940459
BAD 799670160061
BAD 799705180763
BAD 799727878603
BAD 799676548549
BAD 799772983703
BAD 799711632833
BAD 799744237463
BAD 799617497369
BAD 799619222293
BAD 799937488223
BAD 799939169717
BAD 799939705567
BAD 799969536833
BAD 799898362279
BAD 799898362283
BAD 799905476509
BAD 799906223239
BAD 799906223243
BAD 799906223261
BAD 799907029403
BAD 799947724363
BAD 799909450079
BAD 799910312261
BAD 799910312263
BAD 799910703803
BAD 799980347147
BAD 799980347149
BAD 799983409703
BAD 799983409711
BAD 799950182671
BAD 799950182677
BAD 799950182687
BAD 799954860151
BAD 799955707787
BAD 799958992649
BAD 799958992681
BAD 799961827627
BAD 799961827631
BAD 799961827633
BAD 799998035537
BAD 799998035539
RANGE 790000000000 800000000000 PRIMES 364943939 BAD 1939
