BAD 840252403819
BAD 840260489699
BAD 840260489701
BAD 840000623351
BAD 840000623353
BAD 840305694289
BAD 840314513803
BAD 840389199061
BAD 840395188987
BAD 840395188991
BAD 840399304627
BAD 840401250473
BAD 840369156983
BAD 840369157021
BAD 840369157037
BAD 840369157039
BAD 840369975979
BAD 840155138593
BAD 840085645717
BAD 840085645723
BAD 840085645739
BAD 840085645741
BAD 840383324873
BAD 840383324881
BAD 840168625279
BAD 840385137769
BAD 840172390537
BAD 840092451773
BAD 840123447739
BAD 840123447743
BAD 840166717603
BAD 840166717609
BAD 840166717661
BAD 840125182187
BAD 840125182189
BAD 840177464611
BAD 840097727353
BAD 840131966923
BAD 840065378233
BAD 840067106069
BAD 840067106071
BAD 840186265073
BAD 840189904441
BAD 840326026651
BAD 840233536253
BAD 840140349899
BAD 840334310243
BAD 840205976177
BAD 840205976179
BAD 840200642867
BAD 840213062839
BAD 840215957303
BAD 840368882473
BAD 840238240823
BAD 840241579423
BAD 840241579427
BAD 840241579433
BAD 840067676533
BAD 840249830041
BAD 840249830051
BAD 840249830053
BAD 840249830071
BAD 840416850313
BAD 840419867489
BAD 840419867491
BAD 840419867503
BAD 840419867513
BAD 840424989133
BAD 840435367003
BAD 840435367007
BAD 840435688621
BAD 840443688313
BAD 840443688317
BAD 840443688319
BAD 840446845507
BAD 840457983329
BAD 840457983331
BAD 840457983349
BAD 840461986061
BAD 840461986073
BAD 840461986127
BAD 840461986129
BAD 840461986139
BAD 840461986157
BAD 840461986159
BAD 840464174747
BAD 840464174749
BAD 840464174761
BAD 840520479803
BAD 840489227833
BAD 840493607677
BAD 840527610509
BAD 840527720699
BAD 840531358643
BAD 840531358651
BAD 840621513769
BAD 840631214287
BAD 840631351309
BAD 840631351319
BAD 840631351321
BAD 840631351369
BAD 840817799539
BAD 840826877263
BAD 840836622097
BAD 840558954143
BAD 840560807761
BAD 840564094361
BAD 840564094369
BAD 840564094373
BAD 840642668029
BAD 840644105117
BAD 840646443563
BAD 840724300357
BAD 840571143697
BAD 840731890261
BAD 840733402031
BAD 840671221399
BAD 840576292903
BAD 840576292909
BAD 840576292921
BAD 840579319927
BAD 840582954833
BAD 840676963141
BAD 840589088197
BAD 840590853353
BAD 840599030783
BAD 840706315307
BAD 840706315313
BAD 840708298777
BAD 840708298783
BAD 840708298789
BAD 840708298823
BAD 840776019409
BAD 840709162549
BAD 840609188821
BAD 840612627593
BAD 840612627601
BAD 840656113669
BAD 840656113673
BAD 840785655509
BAD 840785655511
BAD 840785655517
BAD 840785655559
BAD 840663524693
BAD 840663524699
BAD 840666234649
BAD 840764681767
BAD 840765136231
BAD 840839645567
BAD 840741429571
BAD 840907097423
BAD 840860088811
BAD 840911921833
BAD 840867357961
BAD 840867358033
BAD 840867358043
BAD 840803762401
BAD 840803821477
BAD 840803821483
BAD 840870707431
BAD 840930238777
BAD 840933443563
BAD 840922129381
BAD 840894659299
BAD 840975320903
BAD 840977736383
BAD 840977736397
BAD 840991098989
BAD 840991098991
BAD 840959848373
BAD 840959848381
BAD 840962868469
BAD 840964885997
BAD 840965173471
BAD 840943489471
BAD 841319981903
BAD 841047302311
BAD 841050758393
BAD 841323966341
BAD 841054315523
BAD 841258428481
BAD 841300017163
BAD 841327518233
BAD 841303856153
BAD 841304366821
BAD 841304366827
BAD 841304366831
BAD 841331820499
BAD 841332065377
BAD 841305036203
BAD 841305036211
BAD 841336693933
BAD 841274312119
BAD 841279023469
BAD 841369459169
BAD 841369459171
BAD 841370098279
BAD 841370605681
BAD 841370605687
BAD 841370605693
BAD 841370605729
BAD 841287975989
BAD 841287975991
BAD 841288279697
BAD 841288279703
BAD 841096537223
BAD 841100685899
BAD 841028255231
BAD 841028255233
BAD 841028255237
BAD 841028255239
BAD 841035447233
BAD 841036327597
BAD 841057509529
BAD 841059493349
BAD 841063588033
BAD 841063588049
BAD 841063588051
BAD 841063588133
BAD 841178156761
BAD 841179019861
BAD 841112970857
BAD 841190837033
BAD 841121837587
BAD 841238563771
BAD 841125972403
BAD 841130717981
BAD 841130717983
BAD 841130717989
BAD 841166557351
BAD 841167974401
BAD 841168707721
BAD 841168707727
BAD 841143821669
BAD 841146211193
BAD 841146211201
BAD 841150649783
BAD 841150649791
BAD 841151608553
BAD 841151608571
BAD 841151608573
BAD 841155584299
BAD 841155584303
BAD 841205736421
BAD 841156168163
BAD 841427593571
BAD 841428474053
BAD 841254247943
BAD 841392770929
BAD 841392770963
BAD 841256234563
BAD 841436794711
BAD 841441069321
BAD 841383010613
BAD 841383010639
BAD 841383509431
BAD 841383509441
BAD 841383509443
BAD 841383509453
BAD 841385650177
BAD 841386555001
BAD 841389586049
BAD 841460715313
BAD 841463955271
BAD 841468719193
BAD 841544442989
BAD 841515715763
BAD 841515715771
BAD 841515832489
BAD 841546836203
BAD 841473259069
BAD 841552613689
BAD 841525710143
BAD 841525710149
BAD 841525710163
BAD 841555408741
BAD 841555408753
BAD 841573901369
BAD 841480140691
BAD 841480140701
BAD 841486695121
BAD 841529819971
BAD 841534066669
BAD 841541346593
BAD 841445377027
BAD 841629727793
BAD 841629727801
BAD 841629727811
BAD 841579349161
BAD 841584818639
BAD 841617178643
BAD 841619489377
BAD 841619929393
BAD 841619929399
BAD 841679379841
BAD 841680977341
BAD 841681547783
BAD 841784445017
BAD 841784445023
BAD 841692973921
BAD 841669733941
BAD 841793408107
BAD 841793408111
BAD 841645142581
BAD 841645142599
BAD 841645435583
BAD 841647488179
BAD 841654837999
BAD 841696695787
BAD 841699284271
BAD 841699284301
BAD 841709239103
BAD 841855260751
BAD 841884524963
BAD 841914383179
BAD 841895082997
BAD 841916838491
BAD 841916838493
BAD 841869384331
BAD 841932383431
BAD 841871209819
BAD 841934083891
BAD 841934083897
BAD 841956537581
BAD 841944771049
BAD 841729110931
BAD 841729351319
BAD 841729351321
BAD 841729351327
BAD 841730938093
BAD 841733857793
BAD 841736725987
BAD 841739439997
BAD 841741354411
BAD 841829941373
BAD 841713377521
BAD 841714385153
BAD 841754827273
BAD 841716846953
BAD 841717990543
BAD 841758564389
BAD 841760274083
BAD 841805232623
BAD 841805728177
BAD 841813258313
BAD 841809477799
BAD 841768842883
BAD 841774819231
BAD 841975341421
BAD 841981684147
BAD 841981684319
BAD 841981684333
BAD 841985534911
BAD 841991519297
BAD 842165911933
BAD 842215893487
BAD 842168256781
BAD 842171432383
BAD 842171432387
BAD 842171432393
BAD 842173142653
BAD 842133492821
BAD 842133492839
BAD 842133492841
BAD 842134918327
BAD 842176376243
BAD 842176376269
BAD 842231732413
BAD 842231732417
BAD 842226944851
BAD 842138554039
BAD 842139114227
BAD 842139114233
BAD 842139114239
BAD 842139114241
BAD 842139114247
BAD 842139114251
BAD 842139114253
BAD 842181323629
BAD 842140230433
BAD 842236658357
BAD 842236658359
BAD 842198859781
BAD 842010098827
BAD 842010098833
BAD 842010098837
BAD 842161264339
BAD 842210943293
BAD 842162492557
BAD 842017172273
BAD 842019097561
BAD 842019097573
BAD 842019097583
BAD 842019097589
BAD 842088407393
BAD 842101215119
BAD 842101215121
BAD 842104118591
BAD 842104118593
BAD 842104118599
BAD 842032846867
BAD 842036993929
BAD 842036993933
BAD 842042578291
BAD 842044001873
BAD 842046006691
BAD 842378088389
BAD 842049765919
BAD 842049765923
BAD 842050738819
BAD 842116207579
BAD 842051374369
BAD 842268408169
BAD 842268408173
BAD 842268408193
BAD 842269796603
BAD 842276734241
BAD 842281582783
BAD 842315996087
BAD 842315996089
BAD 842316649091
BAD 842316649093
BAD 842300814293
BAD 842301793943
BAD 842301793969
BAD 842284616191
BAD 842416221631
BAD 842491960669
BAD 842423848649
BAD 842423848657
BAD 842452909877
BAD 842428636043
BAD 842479006687
BAD 842459697361
BAD 842432972897
BAD 842462955641
BAD 842440933793
BAD 842530604767
BAD 842446577837
BAD 842446577839
BAD 842254397197
BAD 842254397203
BAD 842257436569
BAD 842258776141
BAD 842384846893
BAD 842264456507
BAD 842264456599
BAD 842264456603
BAD 842620050011
BAD 842397423079
BAD 842623715833
BAD 842623715839
BAD 842624498407
BAD 842624498413
BAD 842349153983
BAD 842352323299
BAD 842553228259
BAD 842354931571
BAD 842401700029
BAD 842567948087
BAD 842570816183
BAD 842572481719
BAD 842581008029
BAD 842535233329
BAD 842535233333
BAD 842535880079
BAD 842540645963
BAD 842540645971
BAD 842548651951
BAD 842588154979
BAD 842588154983
BAD 842591795099
BAD 842803842389
BAD 842670181099
BAD 842805459161
BAD 842786625853
BAD 842786625859
BAD 842753995583
BAD 842810861287
BAD 842674967531
BAD 842674967543
BAD 842676384317
BAD 842813692649
BAD 842794453961
BAD 842795681957
BAD 842795749013
BAD 842795749021
BAD 842795749043
BAD 842764380769
BAD 842840806039
BAD 842840806043
BAD 842855621821
BAD 842707537901
BAD 842707537913
BAD 842654983693
BAD 842666753393
BAD 842739249271
BAD 842684398837
BAD 842684398841
BAD 842684398847
BAD 842684398849
BAD 842749632121
BAD 842749632133
BAD 842750190497
BAD 842690280541
BAD 842908764713
BAD 842908764727
BAD 842909931893
BAD 842909931923
BAD 842910803957
BAD 842912264167
BAD 842916995423
BAD 842726311327
BAD 842899486159
BAD 842986893257
BAD 842990148137
BAD 842998021871
BAD 843002480783
BAD 842928654101
BAD 842928654103
BAD 842965180609
BAD 842966432003
BAD 842968367821
BAD 842985137003
BAD 842985137009
BAD 842985137011
BAD 842873933179
BAD 842884379569
BAD 842936892233
BAD 842937643781
BAD 842938628999
BAD 842942325983
BAD 842944810129
BAD 843070272563
BAD 843073669423
BAD 843120954877
BAD 843108709843
BAD 843108709853
BAD 843110191309
BAD 843125298391
BAD 843130549493
BAD 843058959593
BAD 843058959599
BAD 843058959601
BAD 843058959607
BAD 843048664903
BAD 843006510041
BAD 843006510043
BAD 843007158421
BAD 843010959257
BAD 843011512843
BAD 843013003717
BAD 843264074383
BAD 843265295101
BAD 843088991893
BAD 843096401207
BAD 843096401209
BAD 843097460867
BAD 843097709873
BAD 843097709893
BAD 843097709917
BAD 843097709921
BAD 843100021411
BAD 843100021417
BAD 843020085673
BAD 843226334983
BAD 843228271609
BAD 843229950139
BAD 843229950149
BAD 843233197999
BAD 843032485123
BAD 843032485159
BAD 843034830983
BAD 843176344291
BAD 843360701999
BAD 843360702001
BAD 843360941629
BAD 843360941671
BAD 843182291183
BAD 843184034437
BAD 843184034449
BAD 843366077857
BAD 843184475587
BAD 843245047927
BAD 843249175553
BAD 843249175567
BAD 843306013523
BAD 843308522503
BAD 843308522513
BAD 843317131537
BAD 843317224327
BAD 843319106263
BAD 843211357379
BAD 843322471309
BAD 843302919619
BAD 843302919623
BAD 843326345663
BAD 843328162933
BAD 843276865723
BAD 843276865729
BAD 843276865733
BAD 843340575223
BAD 843333945007
BAD 843333945011
BAD 843343813933
BAD 843343813943
BAD 843344022803
BAD 843335377111
BAD 843335377117
BAD 843337723703
BAD 843337723717
BAD 843337848473
BAD 843347732791
BAD 843349679663
BAD 843489882779
BAD 843493836049
BAD 843496506533
BAD 843427172131
BAD 843499790533
BAD 843499790537
BAD 843500587757
BAD 843431434789
BAD 843415598383
BAD 843434796419
BAD 843452944259
BAD 843458145793
BAD 843463081963
BAD 843466603373
BAD 843466603393
BAD 843396905413
BAD 843397266097
BAD 843398003999
BAD 843555981797
BAD 843630678577
BAD 843632208739
BAD 843575547211
BAD 843575651263
BAD 843684242131
BAD 843684242147
BAD 843687153233
BAD 843687283013
BAD 843743159803
BAD 843732515083
BAD 843752214271
BAD 843702595201
BAD 843702595207
BAD 843753955511
BAD 843753955519
BAD 843756638273
BAD 843741235261
BAD 843528150697
BAD 843530072773
BAD 843606292313
BAD 843606558107
BAD 843721144493
BAD 843721144507
BAD 843761924779
BAD 843761924791
BAD 843769260293
BAD 843769260329
BAD 843769260331
BAD 843769940803
BAD 843771195593
BAD 843771195623
BAD 843664297283
BAD 843667955227
BAD 843876580039
BAD 843877258201
BAD 843877258219
BAD 843850922207
BAD 843850922209
BAD 843851060573
BAD 843883573633
BAD 843883573639
BAD 843792062921
BAD 843792062941
BAD 843856211071
BAD 843858068329
BAD 843799676459
BAD 843800889499
BAD 843803165759
BAD 843803493803
BAD 843803493809
BAD 843803493811
BAD 843803493817
BAD 843803493823
BAD 843803823883
BAD 843804546253
BAD 843807036973
BAD 843810041059
BAD 843810681953
BAD 843810681971
BAD 843810681977
BAD 843810681979
BAD 843810681983
BAD 843865614233
BAD 843815636743
BAD 843816114331
BAD 843816114353
BAD 843835812049
BAD 843835812089
BAD 843835812091
BAD 843871065073
BAD 843836170847
BAD 843874024927
BAD 843874379507
BAD 843874379521
BAD 843823875143
BAD 843823875149
BAD 843823875151
BAD 843932135551
BAD 843939737213
BAD 843957734407
BAD 843977703091
BAD 843965900299
BAD 843965900311
BAD 843985842151
BAD 843988442683
BAD 843994087133
BAD 843972174919
BAD 843975517681
BAD 843975517687
BAD 844001044703
BAD 844001112923
BAD 844003464307
BAD 843910354717
BAD 843910354723
BAD 843910354753
BAD 844066132537
BAD 844010979967
BAD 843917864767
BAD 843923116513
BAD 843923116549
BAD 843924733877
BAD 843924733879
BAD 844029919939
BAD 844023224441
BAD 844031996971
BAD 844032052639
BAD 843903941059
BAD 843903941063
BAD 843906723119
BAD 844078072069
BAD 844078072073
BAD 844078072081
BAD 844078072087
BAD 844078072109
BAD 844078072111
BAD 844079249393
BAD 844083807473
BAD 844085642713
BAD 844092920371
BAD 844050857581
BAD 844050857627
BAD 844050857641
BAD 844050857653
BAD 844051093201
BAD 844055234179
BAD 844106702843
BAD 844273471843
BAD 844273471849
BAD 844274824951
BAD 844169048389
BAD 844170898303
BAD 844175085209
BAD 844175085211
BAD 844175085223
BAD 844175085227
BAD 844407941831
BAD 844407941833
BAD 844407941837
BAD 844407941843
BAD 844408781011
BAD 844462400479
BAD 844254495863
BAD 844348592167
BAD 844312853809
BAD 844222555741
BAD 844313322709
BAD 844313484719
BAD 844313484733
BAD 844260227929
BAD 844350614857
BAD 844361463373
BAD 844319942467
BAD 844323586643
BAD 844326375811
BAD 844332390529
BAD 844332390533
BAD 844333112743
BAD 844381031419
BAD 844343665537
BAD 844393525399
BAD 844393525403
BAD 844393525411
BAD 844416874159
BAD 844435031017
BAD 844435031021
BAD 844435031023
BAD 844425428551
BAD 844368500561
BAD 844369050841
BAD 844470365743
BAD 844369916009
BAD 844369916011
BAD 844369916021
BAD 844369916023
BAD 844370085379
BAD 844473106469
BAD 844473106471
BAD 844474941319
BAD 844474941361
BAD 844481814139
BAD 844500133753
BAD 844522162937
BAD 844570578563
BAD 844570578583
BAD 844570578587
BAD 844570578589
BAD 844599849017
BAD 844599849019
BAD 844575782363
BAD 844601913413
BAD 844605352117
BAD 844530689011
BAD 844609452721
BAD 844610523121
BAD 844532773013
BAD 844538227789
BAD 844544599183
BAD 844544599187
BAD 844544599189
BAD 844657110293
BAD 844658737739
BAD 844658737753
BAD 844658737763
BAD 844658737771
BAD 844658737777
BAD 844560781789
BAD 844561238981
BAD 844726671233
BAD 844726671241
BAD 844727473747
BAD 844728868591
BAD 844738351837
BAD 844747142653
BAD 844870005919
BAD 844871601359
BAD 844871601397
BAD 844614306001
BAD 844583642117
BAD 844631338163
BAD 844631760257
BAD 844632612379
BAD 844632622837
BAD 844586860531
BAD 844620268537
BAD 844620838891
BAD 844620838927
BAD 844629154571
BAD 844629154573
BAD 844815498017
BAD 844820621023
BAD 844765186273
BAD 844765186283
BAD 844765464463
BAD 844826445263
BAD 844826690473
BAD 844826690479
BAD 844927663277
BAD 844837830937
BAD 844837831009
BAD 844932015157
BAD 844843205377
BAD 844843205477
BAD 844847249453
BAD 844847508623
BAD 844847508647
BAD 844847508649
BAD 844758047537
BAD 844857486973
BAD 844858114957
BAD 844860980629
BAD 844864844011
BAD 844891646789
BAD 844891646791
BAD 844892795917
BAD 844693345579
BAD 844693773013
BAD 844694910523
BAD 844953645223
BAD 844953645227
BAD 845006937301
BAD 845014029373
BAD 845024373049
BAD 845028641893
BAD 845028657413
BAD 845030218171
BAD 845031297959
BAD 845031297961
BAD 845031297967
BAD 845038505557
BAD 845057361293
BAD 845058511441
BAD 845059083839
BAD 845090042323
BAD 845091752657
BAD 844936238617
BAD 844938441181
BAD 845201663213
BAD 845205210439
BAD 845205210449
BAD 844993597073
BAD 844977411623
BAD 844981781419
BAD 844982291081
BAD 845217873341
BAD 845217873343
BAD 845217873349
BAD 845302484783
BAD 845303471899
BAD 845068919491
BAD 845222021543
BAD 845072964629
BAD 845078829913
BAD 845173988599
BAD 845354502493
BAD 845188496041
BAD 845188496057
BAD 845188496059
BAD 845374027403
BAD 845374027409
BAD 845200241953
BAD 845395324069
BAD 845270963129
BAD 845276004107
BAD 845276004109
BAD 845123334721
BAD 845259213661
BAD 845262171511
BAD 845428521293
BAD 845429117737
BAD 845430496793
BAD 845431104983
BAD 845404134587
BAD 845404134593
BAD 845407799657
BAD 845407799659
BAD 845149529317
BAD 845520981733
BAD 845520981751
BAD 845521794991
BAD 845494942553
BAD 845500668049
BAD 845538989003
BAD 845545124167
BAD 845545124173
BAD 845545124191
BAD 845545124197
BAD 845549099149
BAD 845549099189
BAD 845549099191
BAD 845443490407
BAD 845451258961
BAD 845570207221
BAD 845569886113
BAD 845578558067
BAD 845583931547
BAD 845583931561
BAD 845474621107
BAD 845587067749
BAD 845587067791
BAD 845595092653
BAD 845599878589
BAD 845485048721
BAD 845661180391
BAD 845667603799
BAD 845667603811
BAD 845469077743
BAD 845469255329
BAD 845469255331
BAD 845822696377
BAD 845822696393
BAD 845825688079
BAD 845825688083
BAD 845796429571
BAD 845796429581
BAD 845772774667
BAD 845776158949
BAD 845783819989
BAD 845785755937
BAD 845638996693
BAD 845644155709
BAD 845741877623
BAD 845744289799
BAD 845744289857
BAD 845747923277
BAD 845728215511
BAD 845752245983
BAD 845752245997
BAD 845754172771
BAD 845736562621
BAD 845706210761
BAD 845706210763
BAD 845710075459
BAD 845710951549
BAD 845875767497
BAD 845674132189
BAD 845681298113
BAD 845681298127
BAD 845681298131
BAD 845930023453
BAD 845946310249
BAD 845813224901
BAD 845816086909
BAD 845956068961
BAD 845972562607
BAD 845975631569
BAD 845982756449
BAD 845982756491
BAD 846007307659
BAD 846007307669
BAD 846167564419
BAD 846172092769
BAD 846172092781
BAD 846172712303
BAD 846172712311
BAD 846018175537
BAD 845900456971
BAD 846127965209
BAD 846135419453
BAD 846136910503
BAD 845905187903
BAD 845905187909
BAD 845905187921
BAD 845905187923
BAD 845905187927
BAD 845905187929
BAD 846116338393
BAD 846180388069
BAD 846180388073
BAD 846073865053
BAD 846077518309
BAD 846077518313
BAD 846148241821
BAD 846099050123
BAD 846099050141
BAD 846099050143
BAD 846099050149
BAD 846100340489
BAD 846041426651
BAD 846041426653
BAD 846041426663
BAD 846041426669
BAD 846041426701
BAD 846041426707
BAD 846041426719
BAD 846041426723
BAD 846050860861
BAD 846054178063
BAD 845908724753
BAD 845913384473
BAD 845914516177
BAD 846202168853
BAD 846202168859
BAD 846002109973
BAD 846208009379
BAD 846208234919
BAD 846211544561
BAD 846215013509
BAD 846031828339
BAD 846263770927
BAD 846263770943
BAD 846277532251
BAD 846286134691
BAD 846331909603
BAD 846339473101
BAD 846241175497
BAD 846242759129
BAD 846254065739
BAD 846430001891
BAD 846431895623
BAD 846432072263
BAD 846388661539
BAD 846389901883
BAD 846350498479
BAD 846439540343
BAD 846226607201
BAD 846226607203
BAD 846354024991
BAD 846230839159
BAD 846302543663
BAD 846304898507
BAD 846409017851
BAD 846409017859
BAD 846414187379
BAD 846522215443
BAD 846461555161
BAD 846477294463
BAD 846358702843
BAD 846469869767
BAD 846469869769
BAD 846471244061
BAD 846488914549
BAD 846369551821
BAD 846495972109
BAD 846578470399
BAD 846578470403
BAD 846453680503
BAD 846454020547
BAD 846454020551
BAD 846395689067
BAD 846399037333
BAD 846399326321
BAD 846399326323
BAD 846407169241
BAD 846560089327
BAD 846560089339
BAD 846560089343
BAD 846562534487
BAD 846569246011
BAD 846570869569
BAD 846666013549
BAD 846556306441
BAD 846631472941
BAD 846632490787
BAD 846642520987
BAD 846642634867
BAD 846643470401
BAD 846643470403
BAD 846643470473
BAD 846644219389
BAD 846644219401
BAD 846646253941
BAD 846653351993
BAD 846654406063
BAD 846654574153
BAD 846654574169
BAD 846710994091
BAD 846613884553
BAD 846613963277
BAD 846723653473
BAD 846623432797
BAD 846623432801
BAD 846623432803
BAD 846733374233
BAD 846740785351
BAD 846741673517
BAD 846840172943
BAD 846840172949
BAD 846840172951
BAD 846843206191
BAD 846844675393
BAD 846844675403
BAD 846848219719
BAD 846851624287
BAD 846854080279
BAD 846930169781
BAD 846940019699
BAD 846940019701
BAD 846940019719
BAD 846811745051
BAD 846814228723
BAD 846819128059
BAD 846819128063
BAD 846819128069
BAD 846820993877
BAD 846681287603
BAD 846681543061
BAD 846683862653
BAD 846683862719
BAD 846683862721
BAD 846970475983
BAD 846978339703
BAD 846762210467
BAD 847024989277
BAD 846765859201
BAD 846765859207
BAD 846765859213
BAD 846914681929
BAD 846914681933
BAD 846914681939
BAD 846917965849
BAD 846806883691
BAD 846806883751
BAD 846927329029
BAD 846872527297
BAD 846872527307
BAD 846872527321
BAD 846872527327
BAD 846872527331
BAD 846948656947
BAD 846948656951
BAD 846949376993
BAD 846955781527
BAD 846961082687
BAD 847052890303
BAD 847052890309
BAD 847053748841
BAD 847053748843
BAD 847053748847
BAD 847057289521
BAD 847057289539
BAD 847057289543
BAD 847062577693
BAD 847062577703
BAD 846900865441
BAD 846902251267
BAD 846990633133
BAD 846992510461
BAD 846993587029
BAD 847074041251
BAD 847074041257
BAD 847074322189
BAD 847074791161
BAD 847074791183
BAD 847076101637
BAD 847076101639
BAD 847076101693
BAD 847079502013
BAD 847079502023
BAD 847079979007
BAD 847114442821
BAD 847117011331
BAD 847117011337
BAD 847087210609
BAD 847118143523
BAD 847092518197
BAD 847164963181
BAD 847169465383
BAD 847169535049
BAD 847172012593
BAD 847173788443
BAD 847175928461
BAD 847175928463
BAD 846997482743
BAD 847131904783
BAD 847145149919
BAD 847260071401
BAD 847288104031
BAD 847288104161
BAD 847288104331
BAD 847291830257
BAD 847235301503
BAD 847320135947
BAD 847302863941
BAD 847303344917
BAD 847303344919
BAD 847303344931
BAD 847102966169
BAD 847324181449
BAD 847106157083
BAD 847310001841
BAD 847352328379
BAD 847352328391
BAD 847218843703
BAD 847466583571
BAD 847226887009
BAD 847511232809
BAD 847523919509
BAD 847523919511
BAD 847523919533
BAD 847524447899
BAD 847528528897
BAD 847530628621
BAD 847530808829
BAD 847538639119
BAD 847543216789
BAD 847545311479
BAD 847546247017
BAD 847547279911
BAD 847547279939
BAD 847547279941
BAD 847548935221
BAD 847548935227
BAD 847549013989
BAD 847549014007
BAD 847383359029
BAD 847383359033
BAD 847400799857
BAD 847403166721
BAD 847411887563
BAD 847394274151
BAD 847394274281
BAD 847394274283
BAD 847413515029
BAD 847395598633
BAD 847596508687
BAD 847596508699
BAD 847598966413
BAD 847598966419
BAD 847332681829
BAD 847333312649
BAD 847340824573
BAD 847347892309
BAD 847347892357
BAD 847347892361
BAD 847639275907
BAD 847639275913
BAD 847645405393
BAD 847647873749
BAD 847378086463
BAD 847381641163
BAD 847381641167
BAD 847483830317
BAD 847690532863
BAD 847443839959
BAD 847444152953
BAD 847695887047
BAD 847496819993
BAD 847675900307
BAD 847675900363
BAD 847719531359
BAD 847719531361
BAD 847721615989
BAD 847653586789
BAD 847731182279
BAD 847731182281
BAD 847421184023
BAD 847424804467
BAD 847550366461
BAD 847427653939
BAD 847552389259
BAD 847553653357
BAD 847562122163
BAD 847563391613
BAD 847854226519
BAD 847854226537
BAD 847859393551
BAD 847787175539
BAD 847787175541
BAD 847787175551
BAD 847789416757
BAD 847789416763
BAD 847789416767
BAD 847789416769
BAD 847881730523
BAD 847884805309
BAD 847884805351
BAD 847843733623
BAD 847809024163
BAD 847847505013
BAD 847847505017
BAD 847810813873
BAD 847810813891
BAD 847814833793
BAD 847818677933
BAD 847818677947
BAD 847821467981
BAD 847821468007
BAD 847777003103
BAD 847827769343
BAD 847746120833
BAD 847746120847
BAD 847747104709
BAD 847750265521
BAD 847750265539
BAD 847705073239
BAD 847705073249
BAD 847752620291
BAD 847752620293
BAD 847756203871
BAD 847891576897
BAD 847896320153
BAD 847896320179
BAD 847896320191
BAD 847899265957
BAD 847899265963
BAD 847766773591
BAD 848023403041
BAD 848030995181
BAD 848030995183
BAD 847940201299
BAD 847946092619
BAD 848139826279
BAD 848143150357
BAD 848144525387
BAD 847962257867
BAD 847962257869
BAD 847962257873
BAD 848004210439
BAD 848004804019
BAD 848216121293
BAD 848216648233
BAD 848216648239
BAD 848216648243
BAD 848180054473
BAD 848184762587
BAD 848059264133
BAD 848059264141
BAD 848059264163
BAD 847982696063
BAD 847982696069
BAD 848047540943
BAD 848226490477
BAD 848229807109
BAD 848051679401
BAD 848051679403
BAD 848051679413
BAD 848080359383
BAD 848080359421
BAD 848201272453
BAD 848202916669
BAD 848082717799
BAD 848082717803
BAD 848082717809
BAD 847988027791
BAD 847989799639
BAD 847999229899
BAD 848162347783
BAD 848162497603
BAD 848165871811
BAD 848169378283
BAD 848305299923
BAD 848324760979
BAD 848316239213
BAD 848316944941
BAD 848336772557
BAD 848346275863
BAD 848349693361
BAD 848246345543
BAD 848277864409
BAD 848279450617
BAD 848279905783
BAD 848279905793
BAD 848281748023
BAD 848375485613
BAD 848291904703
BAD 848291904709
BAD 848269716361
BAD 848294596847
BAD 848300151451
BAD 848302846403
BAD 848302846423
BAD 848425767733
BAD 848363154521
BAD 848364090073
BAD 848435779369
BAD 848455187329
BAD 848540410933
BAD 848540410943
BAD 848541903203
BAD 848541903233
BAD 848660634103
BAD 848662612103
BAD 848528255881
BAD 848410571509
BAD 848411165117
BAD 848417363723
BAD 848417441323
BAD 848463247279
BAD 848395527299
BAD 848395527319
BAD 848395527323
BAD 848557996303
BAD 848568009623
BAD 848591769761
BAD 848514945077
BAD 848514945079
BAD 848686024079
BAD 848597641189
BAD 848597641211
BAD 848602354133
BAD 848712764467
BAD 848583468113
BAD 848583468121
BAD 848587194493
BAD 848480001247
BAD 848484440317
BAD 848492652913
BAD 848500494371
BAD 848782053311
BAD 848782828787
BAD 848782828793
BAD 848782828799
BAD 848691770197
BAD 848827098199
BAD 848828815427
BAD 848828815441
BAD 848839262303
BAD 848839262311
BAD 848839262317
BAD 848818566611
BAD 848629619821
BAD 848743861159
BAD 848743905631
BAD 848745988733
BAD 848748354547
BAD 848752650773
BAD 848846593459
BAD 848852514617
BAD 848852514619
BAD 848976003061
BAD 848976003067
BAD 848977894189
BAD 848978808499
BAD 848897010239
BAD 848897010251
BAD 848897010253
BAD 848897010257
BAD 848897010259
BAD 848897010263
BAD 848898200341
BAD 848919040217
BAD 848919040241
BAD 848919040243
BAD 848904465679
BAD 848764277993
BAD 848764278001
BAD 848944697617
BAD 848885448721
BAD 848770265821
BAD 848953187029
BAD 848955026509
BAD 848956623293
BAD 848956623299
BAD 848959262353
BAD 848960313869
BAD 848960313871
BAD 848960313899
BAD 848961899791
BAD 848937267733
BAD 849006644719
BAD 849006644723
BAD 849006644779
BAD 849006644791
BAD 848941521823
BAD 848941521829
BAD 848733330409
BAD 848737578211
BAD 848800477051
BAD 848804411867
BAD 848805133973
BAD 848805178457
BAD 848805178483
BAD 848805178499
BAD 849139878031
BAD 849140216471
BAD 849140216473
BAD 849141981073
BAD 849028954427
BAD 849028954429
BAD 849028954457
BAD 849145519031
BAD 849147686731
BAD 849151044737
BAD 849151156439
BAD 849041410673
BAD 849159869531
BAD 849066335023
BAD 849069386887
BAD 849070618463
BAD 849170010331
BAD 849211653023
BAD 849176256001
BAD 849200531891
BAD 849202032607
BAD 849081190021
BAD 849263168717
BAD 849267441251
BAD 849267894289
BAD 849270018481
BAD 849272272973
BAD 849273935207
BAD 849090706993
BAD 849228191137
BAD 849186078779
BAD 849186078781
BAD 849193440317
BAD 849245253361
BAD 849248928769
BAD 849255912377
BAD 849255912383
BAD 849255912391
BAD 849362208301
BAD 849366575989
BAD 849375483511
BAD 849281931097
BAD 849350265109
BAD 849350973481
BAD 849356796751
BAD 849357210743
BAD 849394485323
BAD 849429150113
BAD 849435085747
BAD 849435326897
BAD 849435326899
BAD 849435326903
BAD 849441514111
BAD 849441514123
BAD 849398422507
BAD 849398422519
BAD 849401113909
BAD 849402184789
BAD 849297142249
BAD 849300161191
BAD 849408832211
BAD 849408832213
BAD 849408832219
BAD 849421827931
BAD 849426747167
BAD 849490382443
BAD 849490382459
BAD 849490382491
BAD 849490382497
BAD 849490382501
BAD 849493193239
BAD 849493193243
BAD 849494234489
BAD 849544086709
BAD 849565339193
BAD 849580934869
BAD 849571172083
BAD 849571172089
BAD 849572522983
BAD 849587189543
BAD 849575453641
BAD 849575453663
BAD 849617535383
BAD 849551542583
BAD 849552272311
BAD 849652213523
BAD 849621386113
BAD 849556444423
BAD 849556444427
BAD 849556444433
BAD 849594766879
BAD 849594766883
BAD 849560278387
BAD 849633039529
BAD 849633039533
BAD 849643470413
BAD 849599811547
BAD 849469159621
BAD 849692626429
BAD 849715686383
BAD 849716248657
BAD 849716248663
BAD 849497330663
BAD 849730839767
BAD 849736790731
BAD 849736790737
BAD 849736790741
BAD 849736790743
BAD 849742521541
BAD 849742521547
BAD 849742903081
BAD 849746349293
BAD 849747169099
BAD 849804390229
BAD 849804390233
BAD 849808893247
BAD 849808893251
BAD 849867345673
BAD 849872577049
BAD 849780650051
BAD 849759976721
BAD 849514689409
BAD 849520106657
BAD 849520106663
BAD 849520106683
BAD 849888079373
BAD 849888079409
BAD 849900999823
BAD 849969967051
BAD 849912844537
BAD 849913051019
BAD 849913051021
BAD 849982147877
BAD 849982147879
BAD 849984256483
BAD 849930395731
BAD 849960558683
BAD 849818176651
BAD 849818176681
BAD 849932305021
BAD 849933627203
BAD 849835768079
BAD 849699240713
BAD 849699240721
BAD 849702977533
BAD 849849649967
BAD 849849649969
BAD 849849649973
BAD 849861635347
RANGE 840000000000 850000000000 PRIMES 364133062 BAD 1685
