BAD 570307565239
BAD 570254588383
BAD 570309519799
BAD 570309790909
BAD 570309790913
BAD 570257190341
BAD 570257190343
BAD 570258395299
BAD 570258395303
BAD 570287417363
BAD 570289095487
BAD 570289095499
BAD 570289095503
BAD 570336296779
BAD 570336296857
BAD 570138502649
BAD 570138502651
BAD 570138502657
BAD 570139297837
BAD 570291919543
BAD 570263923309
BAD 570292197337
BAD 570263981359
BAD 570292843651
BAD 570294284333
BAD 570126518267
BAD 570172098193
BAD 570172098203
BAD 570341916493
BAD 570268204469
BAD 570344016829
BAD 570149191663
BAD 570149191669
BAD 570149191771
BAD 570297740347
BAD 570173950837
BAD 570173950847
BAD 570173950849
BAD 570347445743
BAD 570175564843
BAD 570176474389
BAD 570350375981
BAD 570350375983
BAD 570351490637
BAD 570351490651
BAD 570178171403
BAD 570178171411
BAD 570180737369
BAD 570181242481
BAD 570218816851
BAD 570386370097
BAD 570319268489
BAD 570387533411
BAD 570223752053
BAD 570223752061
BAD 570388207099
BAD 570388207111
BAD 570388207117
BAD 570269849483
BAD 570352712737
BAD 570352712749
BAD 570070515967
BAD 570352712753
BAD 570274592689
BAD 570229929859
BAD 570275214017
BAD 570394930801
BAD 570395484961
BAD 570103946183
BAD 570327272917
BAD 570104963783
BAD 570356050007
BAD 570356050009
BAD 570190546111
BAD 570073826527
BAD 570073826537
BAD 570277652423
BAD 570231404929
BAD 570191144953
BAD 570191144969
BAD 570075037703
BAD 570329727361
BAD 570191424623
BAD 570191424631
BAD 570330134951
BAD 570330134953
BAD 570330134971
BAD 570076126003
BAD 570077671769
BAD 570077671771
BAD 570109704091
BAD 570193333859
BAD 570109704121
BAD 570109704137
BAD 570193333861
BAD 570109704139
BAD 570079326961
BAD 570079326967
BAD 570079956727
BAD 570195311603
BAD 570111487733
BAD 570195730789
BAD 570112190413
BAD 570361188697
BAD 570115629859
BAD 570364697011
BAD 570200339221
BAD 570367069529
BAD 570367069561
BAD 570367069567
BAD 570016969883
BAD 570019174289
BAD 570019174343
BAD 570152614807
BAD 570154051199
BAD 570022931083
BAD 570003898777
BAD 570087206347
BAD 570029990297
BAD 570050369029
BAD 570237315451
BAD 570052805143
BAD 570014622967
BAD 570054692611
BAD 570054692617
BAD 570054692653
BAD 570167537437
BAD 570094422013
BAD 570094422019
BAD 570055943497
BAD 570242420401
BAD 570058663567
BAD 570059850827
BAD 570248382073
BAD 570061964873
BAD 570065403571
BAD 570212268973
BAD 570212700847
BAD 570212700851
BAD 570212700853
BAD 570213147619
BAD 570043052153
BAD 570045326353
BAD 570045418507
BAD 570045418519
BAD 570045743363
BAD 570045743383
BAD 570048580921
BAD 570049738073
BAD 570378522871
BAD 570384098693
BAD 570384098707
BAD 570438466921
BAD 570439364311
BAD 570439364323
BAD 570444133393
BAD 570444624983
BAD 570445437013
BAD 570447016723
BAD 570447016729
BAD 570504370003
BAD 570505446127
BAD 570505446131
BAD 570505446187
BAD 570450843691
BAD 570509230301
BAD 570509230303
BAD 570510466759
BAD 570510466763
BAD 570473993549
BAD 570519884663
BAD 570475283857
BAD 570475283893
BAD 570481764001
BAD 570481764007
BAD 570482684929
BAD 570482820857
BAD 570422337307
BAD 570495558613
BAD 570431465777
BAD 570431465783
BAD 570498938483
BAD 570436111901
BAD 570687868159
BAD 570688239791
BAD 570407565421
BAD 570455781283
BAD 570455781289
BAD 570695798723
BAD 570695798731
BAD 570698653549
BAD 570458870017
BAD 570458870021
BAD 570458870027
BAD 570458870029
BAD 570459985531
BAD 570415375099
BAD 570639807763
BAD 570639807769
BAD 570640426403
BAD 570417893281
BAD 570417924283
BAD 570417988501
BAD 570703591673
BAD 570703591681
BAD 570703591699
BAD 570642150079
BAD 570704103757
BAD 570704103763
BAD 570463422871
BAD 570464078893
BAD 570647976517
BAD 570467606791
BAD 570624526267
BAD 570624526279
BAD 570521154257
BAD 570626006837
BAD 570538832219
BAD 570538832221
BAD 570627353221
BAD 570556516709
BAD 570556516711
BAD 570652534189
BAD 570556885543
BAD 570629359277
BAD 570526286489
BAD 570609664421
BAD 570609664423
BAD 570609664433
BAD 570609664441
BAD 570561807953
BAD 570529515013
BAD 570634107377
BAD 570612916673
BAD 570564982201
BAD 570532648423
BAD 570533615887
BAD 570593242487
BAD 570549094891
BAD 570549094897
BAD 570536425663
BAD 570570079351
BAD 570570079369
BAD 570570263843
BAD 570597001133
BAD 570598411583
BAD 570598411619
BAD 570598411627
BAD 570598411661
BAD 570598411711
BAD 570598411717
BAD 570552318263
BAD 570655871101
BAD 570659425261
BAD 570659884829
BAD 570659884831
BAD 570659895529
BAD 570601303157
BAD 570601303159
BAD 570669082667
BAD 570704768989
BAD 570721974397
BAD 570671740591
BAD 570738887123
BAD 570676078837
BAD 570676078849
BAD 570731749711
BAD 570733469927
BAD 570574348583
BAD 570745493119
BAD 570574621063
BAD 570716097893
BAD 570746254927
BAD 570736789957
BAD 570737539087
BAD 570683166127
BAD 570752648803
BAD 570753028343
BAD 570754053061
BAD 570584159111
BAD 570584159113
BAD 570585701183
BAD 570585701197
BAD 570585701233
BAD 570586661027
BAD 570687469463
BAD 570687586013
BAD 570687586019
BAD 570755735623
BAD 570756243461
BAD 570756613213
BAD 570757768043
BAD 570758520769
BAD 570759734491
BAD 570759734497
BAD 570762680119
BAD 570774090949
BAD 570775028209
BAD 570775544203
BAD 570799583647
BAD 570802277099
BAD 570802627097
BAD 570802627099
BAD 570783671063
BAD 570787352921
BAD 570787352923
BAD 570787352929
BAD 570788438419
BAD 570824948723
BAD 570824948731
BAD 570831546253
BAD 570874392229
BAD 570874392271
BAD 570876596467
BAD 570877783901
BAD 570805363651
BAD 570879205681
BAD 570807765907
BAD 570808819943
BAD 570809097233
BAD 570882924277
BAD 570884760799
BAD 570884929201
BAD 570856458727
BAD 570813860233
BAD 570813860237
BAD 570815189143
BAD 570815189149
BAD 570815189159
BAD 570859212073
BAD 570889134841
BAD 570889134847
BAD 570862265191
BAD 570889134853
BAD 570863561953
BAD 570863561963
BAD 570821106553
BAD 570821341963
BAD 570864103123
BAD 570864160103
BAD 570865238309
BAD 570865238311
BAD 570865238323
BAD 570867205529
BAD 570867431033
BAD 570843065509
BAD 570843065519
BAD 571158855383
BAD 571044554713
BAD 570848559733
BAD 570849114347
BAD 570849114349
BAD 571046247259
BAD 571046965309
BAD 571143996343
BAD 571162500487
BAD 571048546273
BAD 571048546279
BAD 570854867383
BAD 571055022431
BAD 571169228957
BAD 571010960929
BAD 571011072091
BAD 571011283333
BAD 571011283399
BAD 571056666493
BAD 571153565431
BAD 571172443463
BAD 571173460243
BAD 571014054623
BAD 571014981703
BAD 571015425599
BAD 571015425601
BAD 571015430911
BAD 571017824483
BAD 570940213339
BAD 570940213343
BAD 570941820829
BAD 570942946381
BAD 570945171373
BAD 570945733879
BAD 570946661333
BAD 571023694337
BAD 571124559079
BAD 571024636043
BAD 571024636051
BAD 570991051831
BAD 571128665993
BAD 571128666001
BAD 571128666023
BAD 571128666029
BAD 571133730799
BAD 570973868093
BAD 571133730803
BAD 571133730809
BAD 571076493409
BAD 571076493413
BAD 571076493443
BAD 570908712403
BAD 571034105933
BAD 570909802747
BAD 570975164429
BAD 570975407393
BAD 570893966233
BAD 570910613033
BAD 570999901441
BAD 570999901447
BAD 570999901489
BAD 570895282561
BAD 570958660763
BAD 570958660771
BAD 570913336457
BAD 570913336459
BAD 570979339393
BAD 571137956563
BAD 571083704143
BAD 570897903271
BAD 570981507361
BAD 570961590887
BAD 570898197061
BAD 570962758259
BAD 571086804943
BAD 571086804947
BAD 571086804949
BAD 571174930783
BAD 571175555263
BAD 571087877573
BAD 570929139167
BAD 570929139169
BAD 570902480431
BAD 570902806189
BAD 570966835099
BAD 570930125281
BAD 570967287287
BAD 570967287313
BAD 570903686401
BAD 571178642443
BAD 570930669623
BAD 571090108153
BAD 571090108157
BAD 571090108159
BAD 570932320501
BAD 570987728071
BAD 570988172753
BAD 570988172761
BAD 571194496087
BAD 571182230123
BAD 571183274219
BAD 571183752413
BAD 570935445833
BAD 570935445841
BAD 571109307949
BAD 571198105433
BAD 571109307953
BAD 571109307973
BAD 570938990777
BAD 571187452477
BAD 571188054029
BAD 571116232943
BAD 571116619939
BAD 571116619943
BAD 571057361393
BAD 571121836487
BAD 571121836489
BAD 571066277707
BAD 571070546363
BAD 571072615793
BAD 571209881941
BAD 571209881951
BAD 571210134893
BAD 571211706211
BAD 571211950657
BAD 571218558151
BAD 571261067341
BAD 571262159333
BAD 571262477453
BAD 571265481659
BAD 571241809609
BAD 571244443663
BAD 571246287977
BAD 571246287979
BAD 571248511843
BAD 571253995343
BAD 571225855637
BAD 571236191161
BAD 571236904969
BAD 571241243057
BAD 571334429971
BAD 571336059533
BAD 571338852289
BAD 571341225761
BAD 571461461033
BAD 571464044363
BAD 571465603283
BAD 571466032531
BAD 571580837263
BAD 571580837423
BAD 571466654779
BAD 571466920751
BAD 571466920753
BAD 571482225499
BAD 571482632029
BAD 571470064699
BAD 571470145459
BAD 571584242821
BAD 571586937023
BAD 571343740837
BAD 571344401707
BAD 571489062569
BAD 571489062583
BAD 571347063533
BAD 571593605291
BAD 571593605293
BAD 571348616407
BAD 571593605299
BAD 571309173901
BAD 571593605311
BAD 571348616411
BAD 571348616413
BAD 571348616417
BAD 571349686027
BAD 571353518287
BAD 571314394771
BAD 571314394843
BAD 571314630721
BAD 571354604243
BAD 571356016141
BAD 571320159049
BAD 571323851963
BAD 571323851981
BAD 571323851983
BAD 571294988827
BAD 571295756897
BAD 571296965761
BAD 571303919539
BAD 571304649589
BAD 571304649607
BAD 571304649613
BAD 571308532747
BAD 571276429211
BAD 571280423689
BAD 571280763283
BAD 571281767761
BAD 571281767789
BAD 571282994879
BAD 571282994881
BAD 571395649687
BAD 571396226047
BAD 571284437041
BAD 571284437057
BAD 571396420139
BAD 571396420141
BAD 571443876061
BAD 571443876097
BAD 571443876103
BAD 571399364251
BAD 571399380121
BAD 571513938187
BAD 571399808593
BAD 571401289321
BAD 571561019509
BAD 571410417661
BAD 571411950719
BAD 571411950721
BAD 571563743089
BAD 571412614319
BAD 571412614321
BAD 571600038077
BAD 571451548193
BAD 571521528961
BAD 571529974823
BAD 571529974837
BAD 571600805003
BAD 571406105929
BAD 571530740509
BAD 571406105969
BAD 571414657129
BAD 571406105971
BAD 571531343029
BAD 571601479159
BAD 571496163571
BAD 571496163577
BAD 571601662559
BAD 571601662561
BAD 571496530291
BAD 571496704073
BAD 571496704099
BAD 571496704159
BAD 571496704171
BAD 571454416087
BAD 571360768723
BAD 571360768729
BAD 571360886563
BAD 571604299373
BAD 571604299379
BAD 571428966023
BAD 571428966037
BAD 571534392103
BAD 571534392151
BAD 571362428743
BAD 571457562661
BAD 571363557773
BAD 571570911733
BAD 571457905651
BAD 571500894539
BAD 571500894541
BAD 571606713913
BAD 571536581999
BAD 571383740867
BAD 571383740869
BAD 571383740881
BAD 571383836743
BAD 571608362023
BAD 571608458149
BAD 571421017639
BAD 571421269477
BAD 571366916933
BAD 571421408759
BAD 571367611799
BAD 571422828551
BAD 571422828553
BAD 571424322281
BAD 571424322283
BAD 571391759209
BAD 571392044191
BAD 571508856691
BAD 571373126689
BAD 571373559151
BAD 571373559187
BAD 571544009987
BAD 571544855473
BAD 571548428371
BAD 571549457317
BAD 571551130193
BAD 571552121813
BAD 571555383457
BAD 571632837397
BAD 571640945857
BAD 571640945873
BAD 571641234817
BAD 571643623717
BAD 571643623729
BAD 571612109779
BAD 571613844001
BAD 571616747111
BAD 571616747113
BAD 571619003323
BAD 571646548819
BAD 571646548951
BAD 571653314041
BAD 571666309583
BAD 571668533257
BAD 571671374723
BAD 571677985051
BAD 571679599331
BAD 571680225983
BAD 571686319223
BAD 571686319231
BAD 571688077733
BAD 571689661471
BAD 571692790681
BAD 571719413897
BAD 571719413899
BAD 571723647463
BAD 571723775509
BAD 571724605651
BAD 571725484793
BAD 571701460219
BAD 571704480973
BAD 571704481037
BAD 571704481039
BAD 571704481043
BAD 571705896911
BAD 571705897003
BAD 571744970917
BAD 571707331471
BAD 571709182951
BAD 571709686213
BAD 571747921403
BAD 571711274543
BAD 571752905993
BAD 571756989077
BAD 571756989079
BAD 571778452463
BAD 571732816667
BAD 571734565553
BAD 571781920841
BAD 571781920847
BAD 571781920849
BAD 571964576699
BAD 571936641643
BAD 571936641649
BAD 571936641691
BAD 572000304061
BAD 572000304067
BAD 572000304091
BAD 571784234341
BAD 571970404009
BAD 571785751391
BAD 571785751393
BAD 571785751399
BAD 571971380657
BAD 571941998501
BAD 571941998503
BAD 571941998519
BAD 571980440989
BAD 571980564949
BAD 571742410601
BAD 571742476777
BAD 571972107841
BAD 571972107859
BAD 571972806751
BAD 572005250521
BAD 571788449293
BAD 571899636901
BAD 571899636923
BAD 572007253717
BAD 572007253733
BAD 571947752569
BAD 571947752573
BAD 572009019563
BAD 571790228777
BAD 572009566123
BAD 571901706253
BAD 571943649559
BAD 572009566133
BAD 571943649569
BAD 572011055989
BAD 571903521533
BAD 571905424807
BAD 571991809189
BAD 571906461323
BAD 571765026757
BAD 571765026761
BAD 571993447303
BAD 571768636531
BAD 571769059801
BAD 571769596421
BAD 571959312571
BAD 571799683223
BAD 571799850337
BAD 571799850341
BAD 571799850343
BAD 571773008633
BAD 571773008641
BAD 571773008663
BAD 571775947711
BAD 571775947763
BAD 571803467849
BAD 571803467959
BAD 571803714953
BAD 571805038331
BAD 571778101043
BAD 571806212633
BAD 571808601743
BAD 571811846161
BAD 571881267593
BAD 571881267599
BAD 571881267667
BAD 571881725017
BAD 571882979677
BAD 571883220347
BAD 571885896223
BAD 571888337653
BAD 571888337663
BAD 571813203473
BAD 571854603503
BAD 571814505679
BAD 571814505683
BAD 571814505781
BAD 571814636389
BAD 571890391999
BAD 571868881501
BAD 571869168811
BAD 571869168817
BAD 571869168821
BAD 571869168823
BAD 571912768591
BAD 571856380247
BAD 571912789249
BAD 571857063563
BAD 571892397203
BAD 571817469623
BAD 571818403733
BAD 571859348083
BAD 571859348087
BAD 571859348089
BAD 571859348147
BAD 571859348149
BAD 571859348153
BAD 571819632809
BAD 571915781149
BAD 571915781159
BAD 571915781161
BAD 571831218557
BAD 571831218559
BAD 571831239253
BAD 571831239263
BAD 571874363051
BAD 571874363057
BAD 571874363059
BAD 571874363063
BAD 571875277513
BAD 571875277517
BAD 571821461447
BAD 571876316659
BAD 571918947893
BAD 571823541409
BAD 571823541413
BAD 571919740669
BAD 571919740673
BAD 571877661143
BAD 571825605271
BAD 571825710923
BAD 571878062489
BAD 571878062491
BAD 571921937603
BAD 571827355997
BAD 571827356017
BAD 571827356021
BAD 571838259931
BAD 571839004579
BAD 572013502607
BAD 572013502609
BAD 572013502633
BAD 572013976837
BAD 572013976841
BAD 572085702413
BAD 572017699441
BAD 572017699447
BAD 572017809829
BAD 572017809833
BAD 572018452273
BAD 572020914659
BAD 572091401551
BAD 572095981939
BAD 572048980381
BAD 572025030517
BAD 572050379543
BAD 572050593953
BAD 572066156947
BAD 572067489023
BAD 572068349249
BAD 572071650869
BAD 572072304059
BAD 572072304061
BAD 572072514241
BAD 572075827801
BAD 572076322673
BAD 572030387701
BAD 572037037669
BAD 572037037679
BAD 572037037681
BAD 572042168869
BAD 572044398557
BAD 572044398559
BAD 572097368519
BAD 572097652069
BAD 572097652073
BAD 572097652081
BAD 572099449121
BAD 572099449123
BAD 572103154591
BAD 572103154603
BAD 572103594791
BAD 572103594793
BAD 572103594893
BAD 572104439383
BAD 572104439419
BAD 572107054867
BAD 572107054877
BAD 572107054879
BAD 572116654457
BAD 572123050789
BAD 572123483417
BAD 572124486863
BAD 572130686363
BAD 572130686371
BAD 572130686377
BAD 572218836323
BAD 572151576497
BAD 572151576499
BAD 572151608059
BAD 572152089059
BAD 572156152921
BAD 572251664923
BAD 572273048257
BAD 572234149519
BAD 572300654803
BAD 572234211623
BAD 572162294663
BAD 572258089859
BAD 572258089861
BAD 572162519611
BAD 572277013411
BAD 572277645991
BAD 572236284583
BAD 572236284593
BAD 572236284601
BAD 572183154001
BAD 572238043453
BAD 572238043469
BAD 572238043471
BAD 572278276781
BAD 572278276783
BAD 572278276789
BAD 572278276793
BAD 572305214077
BAD 572262359993
BAD 572184986213
BAD 572240278747
BAD 572240278759
BAD 572264868961
BAD 572308305053
BAD 572199635113
BAD 572199893123
BAD 572190443189
BAD 572191273141
BAD 572203457809
BAD 572195890537
BAD 572290309651
BAD 572290309673
BAD 572290778063
BAD 572209685507
BAD 572133170813
BAD 572133648091
BAD 572134218683
BAD 572211061087
BAD 572211061091
BAD 572293143923
BAD 572293143931
BAD 572211140419
BAD 572176155781
BAD 572176155787
BAD 572134771361
BAD 572176155829
BAD 572134771363
BAD 572176155833
BAD 572135828743
BAD 572135828753
BAD 572296841651
BAD 572296841653
BAD 572296960031
BAD 572138061661
BAD 572138061667
BAD 572138061673
BAD 572138061679
BAD 572138108593
BAD 572138108629
BAD 572138542447
BAD 572144826013
BAD 572145830749
BAD 572320769179
BAD 572322106669
BAD 572322106673
BAD 572325026509
BAD 572337464737
BAD 572327853707
BAD 572327853709
BAD 572339608541
BAD 572339608543
BAD 572329952041
BAD 572330978851
BAD 572386365251
BAD 572347909501
BAD 572386365253
BAD 572386365263
BAD 572400616103
BAD 572388029671
BAD 572388029677
BAD 572388204121
BAD 572402801989
BAD 572395811599
BAD 572397203897
BAD 572397203899
BAD 572351848571
BAD 572351848573
BAD 572351848577
BAD 572408133953
BAD 572398698671
BAD 572398698673
BAD 572352553049
BAD 572352553051
BAD 572369445169
BAD 572353048373
BAD 572409748523
BAD 572370204803
BAD 572410730347
BAD 572410730351
BAD 572356231231
BAD 572372901979
BAD 572372901983
BAD 572357020787
BAD 572357831273
BAD 572357915047
BAD 572357915053
BAD 572357915057
BAD 572357915069
BAD 572357915071
BAD 572375271749
BAD 572375271751
BAD 572375873023
BAD 572415350267
BAD 572415372989
BAD 572361750013
BAD 572362249757
BAD 572362249777
BAD 572362249801
BAD 572362557929
BAD 572364053671
BAD 572364053689
BAD 572452646611
BAD 572456350981
BAD 572467401689
BAD 572460440243
BAD 572462035177
BAD 572462035207
BAD 572462260973
BAD 572462261003
BAD 572463162587
BAD 572463162589
BAD 572466183959
BAD 572474593157
BAD 572476083301
BAD 572416954339
BAD 572477925373
BAD 572482373557
BAD 572421339319
BAD 572421339323
BAD 572422185833
BAD 572422290851
BAD 572422353319
BAD 572423834497
BAD 572426313971
BAD 572426313973
BAD 572428322527
BAD 572428322533
BAD 572428322593
BAD 572428322603
BAD 572429184533
BAD 572429566637
BAD 572431062163
BAD 572431062209
BAD 572431062211
BAD 572431762193
BAD 572498747441
BAD 572433287039
BAD 572434823357
BAD 572435136883
BAD 572435136893
BAD 572445761603
BAD 572502723323
BAD 572448868007
BAD 572507212499
BAD 572507453117
BAD 572510677231
BAD 572510677267
BAD 572685600793
BAD 572567453167
BAD 572567453173
BAD 572567453177
BAD 572567453179
BAD 572554641557
BAD 572571133411
BAD 572571133417
BAD 572691734093
BAD 572575382411
BAD 572560511993
BAD 572560512001
BAD 572563421531
BAD 572563421533
BAD 572563421557
BAD 572563776793
BAD 572566170469
BAD 572621714363
BAD 572601690679
BAD 572603216203
BAD 572604955583
BAD 572604955589
BAD 572604955591
BAD 572604955597
BAD 572655691109
BAD 572533768867
BAD 572533768879
BAD 572587380439
BAD 572657349001
BAD 572535096703
BAD 572535096719
BAD 572608292833
BAD 572610085921
BAD 572590569017
BAD 572590569037
BAD 572590569053
BAD 572610125449
BAD 572629024633
BAD 572629024637
BAD 572611395919
BAD 572611395949
BAD 572611423229
BAD 572611819613
BAD 572631166073
BAD 572592226363
BAD 572592420017
BAD 572592420019
BAD 572592420031
BAD 572612990129
BAD 572632214611
BAD 572538973571
BAD 572662845283
BAD 572594804857
BAD 572665349041
BAD 572616181939
BAD 572616538523
BAD 572543169967
BAD 572545160339
BAD 572599200757
BAD 572599200763
BAD 572702079463
BAD 572704689413
BAD 572518108333
BAD 572637163279
BAD 572637163283
BAD 572706897949
BAD 572707230757
BAD 572707656637
BAD 572707656641
BAD 572640907291
BAD 572642256631
BAD 572526798637
BAD 572646182161
BAD 572646182167
BAD 572712904837
BAD 572715212161
BAD 572650433617
BAD 572667749761
BAD 572667749783
BAD 572773841951
BAD 572778110987
BAD 572778111023
BAD 572778436873
BAD 572675270117
BAD 572675270119
BAD 572782167977
BAD 572782886293
BAD 572783230801
BAD 572783230807
BAD 572677316279
BAD 572677381151
BAD 572677381153
BAD 572680944827
BAD 572751969077
BAD 572751969079
BAD 572751969091
BAD 572754019609
BAD 572754019613
BAD 572754378853
BAD 572803862903
BAD 572755011293
BAD 572755096909
BAD 572759049539
BAD 572759049547
BAD 572808677521
BAD 572760636991
BAD 572809191223
BAD 572809191239
BAD 572810822611
BAD 572764233079
BAD 572764347541
BAD 572764347559
BAD 572812607513
BAD 572785939907
BAD 572788065119
BAD 572788121707
BAD 572788519673
BAD 572743165573
BAD 572743165583
BAD 572791186433
BAD 572744271817
BAD 572747278651
BAD 572796217879
BAD 572796217883
BAD 572796217891
BAD 572800426171
BAD 572801662817
BAD 572801662819
BAD 572728241123
BAD 572729455369
BAD 572729455373
BAD 572729455379
BAD 572729455381
BAD 572730692173
BAD 572731312297
BAD 572837195813
BAD 572837195839
BAD 572837461697
BAD 572837461699
BAD 572838196127
BAD 572863507303
BAD 572863507319
BAD 572839922063
BAD 572865360737
BAD 572866638371
BAD 572866638373
BAD 572867587553
BAD 572867587561
BAD 572844966647
BAD 572844966649
BAD 572845124857
BAD 572845124869
BAD 572849228177
BAD 572849228179
BAD 572849228183
BAD 572849833291
BAD 572888926133
BAD 572888926139
BAD 572888926147
BAD 572889913763
BAD 572819625673
BAD 572870080163
BAD 572870080171
BAD 572870080177
BAD 572893263101
BAD 572871039491
BAD 572871039493
BAD 572871866657
BAD 572871866659
BAD 572895001703
BAD 572895001727
BAD 572895001729
BAD 572895001733
BAD 572895439709
BAD 572895439729
BAD 572875109293
BAD 572875109299
BAD 572875109381
BAD 572826068209
BAD 572898815779
BAD 572826308783
BAD 572899106413
BAD 572877168713
BAD 572829305513
BAD 572830552649
BAD 572884138523
BAD 572904203383
BAD 572885293733
BAD 572885293751
BAD 572885293753
BAD 572906984701
BAD 572910171487
BAD 572910171503
BAD 572911778303
BAD 572911778311
BAD 572937157613
BAD 572938317463
BAD 572940345121
BAD 572941791293
BAD 572942301053
BAD 573071570023
BAD 572943760841
BAD 572943760843
BAD 572943760847
BAD 572943760849
BAD 573073446811
BAD 573073446817
BAD 572945303423
BAD 572956702303
BAD 572945303443
BAD 572958497273
BAD 573073570297
BAD 572961494221
BAD 573074801527
BAD 572964685487
BAD 573120968689
BAD 573077926117
BAD 573077926139
BAD 573077926153
BAD 573121163221
BAD 572965618627
BAD 572965618633
BAD 573121563197
BAD 573078276427
BAD 572966690123
BAD 572967549853
BAD 572967549953
BAD 573003534773
BAD 573079869937
BAD 573127117757
BAD 573128448491
BAD 573128448493
BAD 573081818671
BAD 573082404833
BAD 573082404847
BAD 573083058577
BAD 573131352553
BAD 573131352569
BAD 573132659311
BAD 573168642001
BAD 573013540327
BAD 572921171707
BAD 573085777057
BAD 573085777063
BAD 573086092643
BAD 572969884121
BAD 572969884133
BAD 572930607863
BAD 572973701593
BAD 572974700887
BAD 573000480977
BAD 573000480979
BAD 573000480991
BAD 573033159431
BAD 573033159467
BAD 573033159469
BAD 573033159473
BAD 573033386147
BAD 572933905177
BAD 572976515029
BAD 573058233703
BAD 572977690333
BAD 573036055133
BAD 573059343823
BAD 573059343827
BAD 573059343833
BAD 573036421471
BAD 572982377521
BAD 573063684307
BAD 572984439179
BAD 573087514957
BAD 573087514969
BAD 573087514973
BAD 573067659701
BAD 573037789397
BAD 573039074219
BAD 573039074221
BAD 573039074227
BAD 573106963643
BAD 573040580269
BAD 573091710803
BAD 573091710817
BAD 573208141381
BAD 573042515033
BAD 573042515041
BAD 573043026781
BAD 573113233529
BAD 573113233531
BAD 573138794147
BAD 573138794149
BAD 573138794153
BAD 573209994299
BAD 573140595803
BAD 573211772779
BAD 573118012507
BAD 573119675929
BAD 573119675939
BAD 573119676013
BAD 573050157529
BAD 573146421319
BAD 573051059489
BAD 573051059491
BAD 573147453121
BAD 573102436667
BAD 573217734421
BAD 573052256839
BAD 573220195231
BAD 573152615957
BAD 573188052211
BAD 573189204383
BAD 573193952281
BAD 573193952323
BAD 573175946821
BAD 573175946831
BAD 573200771581
BAD 573200771587
BAD 573181529161
BAD 573305147579
BAD 573305147581
BAD 573305147599
BAD 573308344837
BAD 573308344853
BAD 573308480209
BAD 573308664463
BAD 573308664469
BAD 573308664473
BAD 573311832953
BAD 573314988821
BAD 573314988823
BAD 573315521923
BAD 573315521971
BAD 573315868067
BAD 573320967229
BAD 573320979241
BAD 573254986313
BAD 573254986319
BAD 573254986321
BAD 573258039293
BAD 573258039301
BAD 573258039323
BAD 573258039331
BAD 573265337443
BAD 573266602087
BAD 573266602141
BAD 573274430671
BAD 573295054273
BAD 573239642509
BAD 573298777889
BAD 573298777913
BAD 573298777921
BAD 573300058223
BAD 573300672811
BAD 573301862071
BAD 573301862093
BAD 573278048573
BAD 573278711653
BAD 573243685843
BAD 573303901529
BAD 573303901531
BAD 573279617299
BAD 573305108071
BAD 573247378283
BAD 573247556941
BAD 573283481107
BAD 573283481123
BAD 573249689741
BAD 573287542433
BAD 573287542439
BAD 573287542441
BAD 573235944601
BAD 573389492699
BAD 573389492701
BAD 573393625369
BAD 573393625373
BAD 573394537841
BAD 573394537889
BAD 573339516083
BAD 573397817467
BAD 573402635933
BAD 573526618681
BAD 573526618711
BAD 573405045617
BAD 573405655481
BAD 573527929973
BAD 573527929979
BAD 573527929981
BAD 573349175899
BAD 573349175909
BAD 573575546651
BAD 573529999127
BAD 573383685541
BAD 573529999129
BAD 573575546653
BAD 573384273691
BAD 573384273697
BAD 573353199691
BAD 573577383889
BAD 573577383893
BAD 573577640821
BAD 573356721551
BAD 573356721559
BAD 573356721563
BAD 573533522503
BAD 573388290457
BAD 573388290469
BAD 573358846829
BAD 573358846831
BAD 573358846871
BAD 573358846873
BAD 573359084959
BAD 573359084971
BAD 573359085001
BAD 573362723851
BAD 573363953761
BAD 573585328619
BAD 573585328621
BAD 573585328639
BAD 573585328643
BAD 573539873461
BAD 573366595783
BAD 573587162041
BAD 573588461183
BAD 573423580801
BAD 573426731879
BAD 573426731881
BAD 573426731887
BAD 573426871351
BAD 573426871363
BAD 573426979127
BAD 573426979129
BAD 573426979133
BAD 573460997797
BAD 573429392279
BAD 573429392281
BAD 573414507047
BAD 573432072079
BAD 573463638073
BAD 573434144099
BAD 573418976953
BAD 573466944397
BAD 573466944451
BAD 573437474809
BAD 573437639869
BAD 573514143353
BAD 573557287883
BAD 573557287889
BAD 573517288637
BAD 573517288639
BAD 573517288651
BAD 573560087987
BAD 573560087993
BAD 573564936083
BAD 573564936089
BAD 573611547241
BAD 573565161241
BAD 573565161251
BAD 573599417191
BAD 573614002051
BAD 573614002063
BAD 573568107187
BAD 573568107199
BAD 573485022983
BAD 573485022991
BAD 573485023003
BAD 573485023019
BAD 573616428769
BAD 573570350267
BAD 573487531517
BAD 573489081029
BAD 573490704233
BAD 573490704239
BAD 573492237607
BAD 573324978073
BAD 573324978077
BAD 573622737539
BAD 573328088191
BAD 573328088197
BAD 573540556553
BAD 573540556579
BAD 573498971257
BAD 573332285969
BAD 573332557583
BAD 573500764643
BAD 573500764651
BAD 573500764657
BAD 573332625799
BAD 573332742391
BAD 573503742829
BAD 573503742841
BAD 573503742863
BAD 573547883417
BAD 573451712599
BAD 573550005437
BAD 573452315419
BAD 573552077369
BAD 573552077437
BAD 573455316901
BAD 573455435953
BAD 573556044209
BAD 573556044409
BAD 573556044419
BAD 573556044421
BAD 573556044443
BAD 573556044461
BAD 573556044463
BAD 573556746361
BAD 573624879637
BAD 573624879649
BAD 573634025873
BAD 573636161243
BAD 573637772677
BAD 573676000549
BAD 573676000553
BAD 573679152169
BAD 573679152173
BAD 573679964653
BAD 573685581709
BAD 573699912913
BAD 573706308563
BAD 573658237199
BAD 573660556127
BAD 573660556129
BAD 573660556141
BAD 573660677587
BAD 573722688611
BAD 573722688613
BAD 573663774823
BAD 573668655457
BAD 573668655499
BAD 573668655503
BAD 573671151509
BAD 573671151511
BAD 573671941379
BAD 573672830179
BAD 573673094153
BAD 573642381593
BAD 573644258633
BAD 573655241339
BAD 573655241363
BAD 573656501507
BAD 573656501521
BAD 573743772409
BAD 573743772473
BAD 573747926273
BAD 573750027061
BAD 573750027091
BAD 573750616223
BAD 573764341093
BAD 573764341097
BAD 573764341099
BAD 573764341103
BAD 573764341193
BAD 573764341201
BAD 573797072353
BAD 573798835903
BAD 573799945597
BAD 573799945633
BAD 573799945637
BAD 573799945639
BAD 573769944173
BAD 573779274547
BAD 573779274559
BAD 573779677321
BAD 573772425013
BAD 573772425019
BAD 573780840653
BAD 573780840673
BAD 573804464383
BAD 573804500449
BAD 573805509593
BAD 573726652399
BAD 573727444099
BAD 573787398169
BAD 573789424157
BAD 573730425811
BAD 573730425817
BAD 573808308551
BAD 573808308553
BAD 573732831709
BAD 573732831719
BAD 573733585003
BAD 573733585013
BAD 573733715617
BAD 573735493501
BAD 573809425741
BAD 573740012779
BAD 573740650619
BAD 573812135069
BAD 573814887497
BAD 573818914223
BAD 574012149751
BAD 574015004873
BAD 574015004879
BAD 574015004881
BAD 574015316659
BAD 574016635433
BAD 574017045353
BAD 574017045361
BAD 574018322191
BAD 574018322209
BAD 573860946293
BAD 574024788023
BAD 573865653419
BAD 573865653421
BAD 573845900443
BAD 573847256197
BAD 573828018871
BAD 573852542807
BAD 573880435943
BAD 573881178529
BAD 573881622799
BAD 573881875387
BAD 573881875393
BAD 573881875397
BAD 573977726173
BAD 573977726197
BAD 573856724821
BAD 573884936101
BAD 573834799651
BAD 573834799673
BAD 573979363367
BAD 573979363369
BAD 573887188333
BAD 573888463243
BAD 573983260867
BAD 573983260913
BAD 573889460959
BAD 573983635697
BAD 573983635699
BAD 573839519839
BAD 573989389957
BAD 573989935531
BAD 573989935543
BAD 573944506021
BAD 573945720893
BAD 573947619403
BAD 573947619439
BAD 573950684213
BAD 573950684221
BAD 573950684227
BAD 573932035309
BAD 573952523821
BAD 573934524299
BAD 573934524301
BAD 573934622069
BAD 573934843903
BAD 573934843927
BAD 573954219593
BAD 573954819563
BAD 573911996953
BAD 573893739127
BAD 573894453953
BAD 573897503941
BAD 573899441939
BAD 573899935253
BAD 573922934621
BAD 573922934623
BAD 573995350283
BAD 573905773577
BAD 573905773579
BAD 573996202369
BAD 573905773583
BAD 573996708689
BAD 573997577033
BAD 573907874581
BAD 574027314001
BAD 574032730633
BAD 574032730651
BAD 574032730657
BAD 574033503649
BAD 574033503653
BAD 574034207809
BAD 574043515921
BAD 574047469001
BAD 574047469003
BAD 574049525701
BAD 574052785073
BAD 574053193019
BAD 574053846103
BAD 574053846109
BAD 574055686291
BAD 574055686297
BAD 574057114321
BAD 574059375391
BAD 574059375397
BAD 574070412809
BAD 574072180613
BAD 574074777533
BAD 574074974581
BAD 574097258467
BAD 574097258479
BAD 574078598207
BAD 574078598209
BAD 574102446677
BAD 574104952159
BAD 574087446773
BAD 574093559471
BAD 574113176809
BAD 574115344883
BAD 574117122947
BAD 574117122949
BAD 574124103713
BAD 574124596483
BAD 574124596489
BAD 574124596501
BAD 574145515913
BAD 574145515919
BAD 574147484671
BAD 574147704601
BAD 574150087327
BAD 574150087409
BAD 574150087411
BAD 574154573389
BAD 574154573393
BAD 574159394491
BAD 574160180707
BAD 574160180723
BAD 574137594031
BAD 574139436529
BAD 574140718339
BAD 574140718343
BAD 574142030543
BAD 574166095963
BAD 574167624203
BAD 574173228319
BAD 574173228323
BAD 574195397197
BAD 574196946187
BAD 574197267601
BAD 574199690587
BAD 574203503443
BAD 574203503449
BAD 574203703219
BAD 574203703231
BAD 574203703237
BAD 574205357501
BAD 574205357503
BAD 574222606219
BAD 574222606229
BAD 574222606231
BAD 574226868773
BAD 574226868779
BAD 574226868781
BAD 574210670287
BAD 574247104943
BAD 574251121099
BAD 574251710497
BAD 574251710587
BAD 574258526929
BAD 574260126403
BAD 574231631177
BAD 574231631179
BAD 574238151743
BAD 574240945549
BAD 574181235143
BAD 574182452101
BAD 574183869041
BAD 574183869043
BAD 574267720391
BAD 574267720393
BAD 574186096403
BAD 574268038741
BAD 574268038759
BAD 574268038763
BAD 574268038801
BAD 574272561491
BAD 574274317483
BAD 574313842673
BAD 574314772489
BAD 574314772519
BAD 574317156173
BAD 574317156181
BAD 574330056127
BAD 574330056137
BAD 574333633481
BAD 574322574769
BAD 574335565009
BAD 574414863511
BAD 574325612479
BAD 574303963283
BAD 574337320717
BAD 574416418529
BAD 574416418531
BAD 574309620359
BAD 574309620361
BAD 574343888903
BAD 574310593333
BAD 574345109659
BAD 574395881537
BAD 574395881539
BAD 574395881713
BAD 574364468863
BAD 574396979033
BAD 574396979041
BAD 574424970233
BAD 574366425481
BAD 574366425517
BAD 574425816353
BAD 574425816361
BAD 574399266853
BAD 574368689369
BAD 574368689371
BAD 574373725039
BAD 574373725043
BAD 574376993527
BAD 574347439879
BAD 574351162183
BAD 574355309581
BAD 574358396413
BAD 574358396431
BAD 574358396449
BAD 574293496883
BAD 574360275289
BAD 574360313063
BAD 574360986233
BAD 574379991191
BAD 574380851087
BAD 574389893689
BAD 574394243629
BAD 574513197289
BAD 574514174813
BAD 574515527549
BAD 574516471261
BAD 574517243653
BAD 574527186199
BAD 574527186203
BAD 574482955973
BAD 574449271349
BAD 574449271351
BAD 574449377681
BAD 574449377683
BAD 574451692127
BAD 574455951133
BAD 574490955877
BAD 574490956103
BAD 574432312253
BAD 574463507809
BAD 574433759371
BAD 574492853327
BAD 574492853329
BAD 574492876891
BAD 574464528179
BAD 574464528181
BAD 574458154453
BAD 574466288647
BAD 574466288651
BAD 574466288653
BAD 574441902383
BAD 574441902389
BAD 574444057051
BAD 574444972691
BAD 574444972693
BAD 574472909333
BAD 574530713413
BAD 574532244733
BAD 574535895419
BAD 574535895421
BAD 574539958141
BAD 574540462201
BAD 574567071853
BAD 574567267133
BAD 574548787409
BAD 574548787411
BAD 574571180101
BAD 574554905893
BAD 574597567969
BAD 574598752009
BAD 574600174711
BAD 574601005171
BAD 574582088291
BAD 574582088309
BAD 574592776741
BAD 574592841631
BAD 574594631957
BAD 574594631959
BAD 574630748221
BAD 574630748233
BAD 574638494779
BAD 574641497641
BAD 574643289299
BAD 574643289301
BAD 574643289323
BAD 574645718939
BAD 574646383013
BAD 574651675007
BAD 574651675009
BAD 574651675021
BAD 574651675027
BAD 574615494847
BAD 574615494863
BAD 574618677673
BAD 574658354213
BAD 574658354219
BAD 574658390171
BAD 574658390179
BAD 574716915347
BAD 574716915349
BAD 574624897043
BAD 574718917849
BAD 574628787091
BAD 574628787101
BAD 574722764281
BAD 574722764303
BAD 574700818907
BAD 574722764309
BAD 574722764311
BAD 574722764323
BAD 574722764333
BAD 574722764347
BAD 574628805943
BAD 574723245319
BAD 574723245323
BAD 574663436587
BAD 574726902641
BAD 574705843507
BAD 574705843583
BAD 574729904401
BAD 574683431341
BAD 574730546857
BAD 574731134993
BAD 574687185271
BAD 574687185277
BAD 574694243077
BAD 574696652329
BAD 574750784479
BAD 574750784483
BAD 574732550633
BAD 574764644213
BAD 574787745937
BAD 574816859797
BAD 574818608207
BAD 574790492431
BAD 574818608209
BAD 574818608213
BAD 574744791713
BAD 574820531983
BAD 574820531993
BAD 574746698809
BAD 574802424487
BAD 574806586253
BAD 574806586283
BAD 574806586303
BAD 574806796441
BAD 574806796523
BAD 574807291043
BAD 574807291057
BAD 574827594223
BAD 574827594227
BAD 574827594259
BAD 574670510263
BAD 574670870407
BAD 574672851397
BAD 574673886121
BAD 574674446923
BAD 574773255521
BAD 574775000123
BAD 574775168003
BAD 574780276691
BAD 574866990889
BAD 574866990913
BAD 574874268443
BAD 574933655743
BAD 574836135109
BAD 574933655749
BAD 574836135121
BAD 574874295173
BAD 574933716197
BAD 574933716199
BAD 574837141819
BAD 574837141829
BAD 574935516109
BAD 574840701173
BAD 574841573497
BAD 574939153619
BAD 574848069181
BAD 574880978369
BAD 574946721931
BAD 574954738123
BAD 574954993477
BAD 574856667953
BAD 574856667961
BAD 574857270739
BAD 574957631093
BAD 574957631099
BAD 574859951447
BAD 574963496201
BAD 574918145899
BAD 574918145903
BAD 574921829173
BAD 574921829189
BAD 574921829221
BAD 574922993507
BAD 574922993509
BAD 574925086147
BAD 574925238499
BAD 574926123367
BAD 574977606067
BAD 574928857361
BAD 574928857369
BAD 574890194843
BAD 574890867217
BAD 574890867241
BAD 574891240951
BAD 574891240969
BAD 574892882623
BAD 574906552351
BAD 574910751323
BAD 574911066953
BAD 574911066973
BAD 574911066991
BAD 574912764823
BAD 574985873783
BAD 574987435741
BAD 574987435747
BAD 574987614811
BAD 575017787677
BAD 575020533559
BAD 574995922703
BAD 574998027301
BAD 575025656077
BAD 575029884787
BAD 575033366959
BAD 575040117049
BAD 575040117053
BAD 575046122437
BAD 575001347311
BAD 575046695677
BAD 575047550227
BAD 575047550237
BAD 575047550239
BAD 575004031859
BAD 575049434257
BAD 575049434261
BAD 575049434263
BAD 575007970111
BAD 575009604437
BAD 575009604439
BAD 575015077033
BAD 575016209531
BAD 575016209533
BAD 575057692639
BAD 575069902417
BAD 575084506411
BAD 575084506417
BAD 575084506421
BAD 575063262887
BAD 575063262889
BAD 575066258597
BAD 575095115993
BAD 575097521923
BAD 575097521927
BAD 575103045709
BAD 575103045719
BAD 575103045721
BAD 575105686031
BAD 575105686039
BAD 575108248543
BAD 575110044893
BAD 575110902143
BAD 575111668787
BAD 575111668801
BAD 575111821681
BAD 575117118913
BAD 575151267311
BAD 575113175491
BAD 575119051393
BAD 575119051399
BAD 575119051411
BAD 575116232767
BAD 575158419487
BAD 575158748119
BAD 575158748123
BAD 575189637329
BAD 575160172031
BAD 575160172033
BAD 575160172099
BAD 575191303111
BAD 575191303117
BAD 575191383731
BAD 575191383733
BAD 575180221513
BAD 575194696673
BAD 575129523679
BAD 575129523751
BAD 575164563803
BAD 575194851041
BAD 575194851043
BAD 575195476157
BAD 575195476159
BAD 575165625521
BAD 575165625523
BAD 575165625533
BAD 575196723833
BAD 575196784249
BAD 575166997859
BAD 575166997861
BAD 575166997877
BAD 575132390743
BAD 575132390747
BAD 575132651321
BAD 575132651323
BAD 575132651329
BAD 575198676211
BAD 575219660053
BAD 575200773481
BAD 575223520133
BAD 575223520189
BAD 575226773089
BAD 575227116263
BAD 575138764283
BAD 575227624429
BAD 575228202413
BAD 575141693299
BAD 575145523789
BAD 575145523793
BAD 575205212227
BAD 575206804057
BAD 575213092481
BAD 575213092483
BAD 575252610733
BAD 575252923943
BAD 575255941987
BAD 575259055871
BAD 575261134951
BAD 575276396749
BAD 575277148639
BAD 575277148661
BAD 575234525353
BAD 575235854287
BAD 575280318829
BAD 575280318859
BAD 575280318863
BAD 575236595071
BAD 575292023767
BAD 575237550731
BAD 575237550749
BAD 575318023963
BAD 575239339463
BAD 575299176407
BAD 575299176409
BAD 575299176421
BAD 575299883243
BAD 575248391863
BAD 575300812441
BAD 575300812447
BAD 575250313067
BAD 575250313069
BAD 575250850093
BAD 575250850103
BAD 575251252951
BAD 575364817693
BAD 575368729079
BAD 575368729081
BAD 575372599723
BAD 575380271707
BAD 575319088583
BAD 575319088601
BAD 575321286833
BAD 575323005793
BAD 575324844557
BAD 575324844559
BAD 575344999531
BAD 575349338093
BAD 575332450163
BAD 575332450313
BAD 575333741837
BAD 575333741839
BAD 575386040653
BAD 575386935379
BAD 575388772207
BAD 575393685187
BAD 575393685203
BAD 575395287349
BAD 575396940997
BAD 575396941001
BAD 575396941003
BAD 575397908707
BAD 575422735897
BAD 575423838499
BAD 575424725443
BAD 575424725453
BAD 575424725461
BAD 575399704643
BAD 575400660503
BAD 575400660559
BAD 575400660563
BAD 575403971071
BAD 575403971081
BAD 575403971083
BAD 575402181383
BAD 575402181391
BAD 575428811611
BAD 575404957241
BAD 575435155303
BAD 575413915319
BAD 575414246243
BAD 575414623297
BAD 575438563927
BAD 575438664197
BAD 575416793989
BAD 575416793993
BAD 575444388889
BAD 575444497013
BAD 575444497021
BAD 575448661859
BAD 575458577929
BAD 575460156283
BAD 575505432169
BAD 575505484417
BAD 575509170563
BAD 575509170581
BAD 575509170583
BAD 575509170689
BAD 575512448527
BAD 575514404329
BAD 575520559247
BAD 575520559249
BAD 575520559291
BAD 575487060923
BAD 575487060959
BAD 575487060961
BAD 575522024281
BAD 575487630353
BAD 575488191547
BAD 575491224589
BAD 575491791503
BAD 575539535513
BAD 575539535521
BAD 575495836483
BAD 575496920003
BAD 575570268527
BAD 575570268529
BAD 575541866813
BAD 575570902747
BAD 575532363431
BAD 575532363433
BAD 575500494323
BAD 575555010083
BAD 575533927279
BAD 575533927303
BAD 575533927321
BAD 575575830919
BAD 575559205219
BAD 575560109281
BAD 575560538281
BAD 575580492083
BAD 575564728667
BAD 575582596733
BAD 575583908719
BAD 575583908723
BAD 575585126177
BAD 575585126189
BAD 575585126191
BAD 575585126203
BAD 575568448817
BAD 575568554881
BAD 575620386503
BAD 575621018899
BAD 575469488603
BAD 575470148579
BAD 575470148581
BAD 575472610651
BAD 575626714219
BAD 575474983639
BAD 575627433769
BAD 575629344803
BAD 575629649093
BAD 575629649131
BAD 575478554723
BAD 575479384769
BAD 575479384771
BAD 575632835447
BAD 575485017323
BAD 575634634717
BAD 575634634721
BAD 575635288541
BAD 575635288549
BAD 575636469983
BAD 575609807833
BAD 575609807897
BAD 575613526399
BAD 575613526409
BAD 575618560963
BAD 575618560981
BAD 575673824743
BAD 575673824753
BAD 575663109031
BAD 575685555143
BAD 575665502143
BAD 575666374411
BAD 575666374417
BAD 575666374421
BAD 575711839333
BAD 575712827009
BAD 575637986251
BAD 575638188973
BAD 575643746243
BAD 575718118207
BAD 575718118211
BAD 575718118219
BAD 575651541053
BAD 575722713497
BAD 575722713499
BAD 575689803431
BAD 575727230843
BAD 575728153397
BAD 575728719661
BAD 575728719667
BAD 575738643679
BAD 575738983843
BAD 575694654011
BAD 575694654023
BAD 575694843173
BAD 575695126021
BAD 575741007593
BAD 575695676783
BAD 575735358503
BAD 575735358511
BAD 575735358533
BAD 575697189973
BAD 575697189983
BAD 575736268609
BAD 575771555257
BAD 575700804737
BAD 575700804739
BAD 575700804743
BAD 575700804751
BAD 575772379643
BAD 575772379649
BAD 575750809433
BAD 575756681153
BAD 575752268191
BAD 575752268197
BAD 575777694631
BAD 575759143643
BAD 575759143649
BAD 575759143651
BAD 575761758541
BAD 575781696307
BAD 575781953189
BAD 575763786373
BAD 575784563617
BAD 575765746793
BAD 575767444339
BAD 575768533819
BAD 575770926593
BAD 575789099219
BAD 575790729989
BAD 575790729991
BAD 575806856179
BAD 575807114933
BAD 575792081749
BAD 575793016093
BAD 575809998091
BAD 575794530139
BAD 575794530151
BAD 575813040091
BAD 575813040097
BAD 575814023723
BAD 575814171809
BAD 575814171811
BAD 575816659291
BAD 575816921359
BAD 575798924189
BAD 575798924191
BAD 575820944483
BAD 575801232607
BAD 575804790863
BAD 575911824781
BAD 575914908787
BAD 575914908799
BAD 576007997533
BAD 576007997659
BAD 575878085161
BAD 575920193441
BAD 575881776443
BAD 575881776451
BAD 576014650111
BAD 576014650117
BAD 575886057547
BAD 575886057553
BAD 575849650073
BAD 575828237903
BAD 575828237909
BAD 575828237911
BAD 576019863871
BAD 576019863877
BAD 576020439433
BAD 575856997927
BAD 575858297437
BAD 575858467501
BAD 576031965433
BAD 575858664023
BAD 575864353117
BAD 575864802061
BAD 575973043969
BAD 575973043973
BAD 575973476069
BAD 575869827061
BAD 575979413213
BAD 575979413279
BAD 575871700801
BAD 575940046373
BAD 575992793351
BAD 575992793353
BAD 575941402381
BAD 575956927339
BAD 575994734149
BAD 575943840929
BAD 575943840931
BAD 575946171763
BAD 575927299249
BAD 575927299253
BAD 575927374931
BAD 575998687357
BAD 575961031913
BAD 575961031939
BAD 575931284119
BAD 575931284129
BAD 575931284197
BAD 576004367227
BAD 576004367231
BAD 576004367233
BAD 575954408453
BAD 575966852569
BAD 575955665489
BAD 575955665491
BAD 575968986349
BAD 575968986367
BAD 575937749509
BAD 575892521641
BAD 575892964663
BAD 575893300757
BAD 575900496659
BAD 576056972329
BAD 576060944807
BAD 576090479717
BAD 576090479719
BAD 576090479761
BAD 576095527703
BAD 576101365969
BAD 576103133423
BAD 576158743883
BAD 576161148083
BAD 576131460917
BAD 576131460953
BAD 576131460959
BAD 576131461069
BAD 576140816723
BAD 576140816729
BAD 576140816731
BAD 576134573101
BAD 576134573107
BAD 576134573137
BAD 576134573143
BAD 576142734289
BAD 576165304621
BAD 576146003513
BAD 576081360949
BAD 576081360961
BAD 576137396573
BAD 576150938581
BAD 576085302983
BAD 576109265783
BAD 576110092139
BAD 576110092141
BAD 576110092157
BAD 576174780319
BAD 576113476597
BAD 576115452259
BAD 576180668813
BAD 576181760983
BAD 576118580731
BAD 576182628037
BAD 576183264409
BAD 576183264413
BAD 576183264421
BAD 576043637237
BAD 576043637243
BAD 576120845359
BAD 576120845371
BAD 576122516953
BAD 576052100383
BAD 576053415439
BAD 576189428513
BAD 576055848829
BAD 576190449721
BAD 576210006653
BAD 576210411199
BAD 576220296037
BAD 576220800163
BAD 576221663671
BAD 576223257191
BAD 576191613203
BAD 576195498859
BAD 576197236507
BAD 576198721759
BAD 576206993041
BAD 576263439907
BAD 576263439911
BAD 576263439923
BAD 576263439949
BAD 576266485763
BAD 576266485771
BAD 576298710199
BAD 576299505241
BAD 576299505269
BAD 576270283889
BAD 576270283891
BAD 576310642451
BAD 576333771901
BAD 576333771917
BAD 576333771919
BAD 576333771941
BAD 576333771953
BAD 576427737679
BAD 576302735069
BAD 576430157011
BAD 576224545051
BAD 576432568111
BAD 576314321029
BAD 576340474783
BAD 576434646973
BAD 576315667729
BAD 576341254549
BAD 576341254553
BAD 576271551301
BAD 576436802153
BAD 576272070659
BAD 576437326177
BAD 576437326181
BAD 576437326183
BAD 576437326193
BAD 576273282401
BAD 576273282437
BAD 576318644953
BAD 576273758119
BAD 576273758131
BAD 576318930857
BAD 576233897089
BAD 576345918157
BAD 576324053359
BAD 576324053363
BAD 576349828553
BAD 576349828567
BAD 576238141793
BAD 576238141799
BAD 576238326593
BAD 576238326619
BAD 576382037821
BAD 576382397333
BAD 576382397341
BAD 576382642487
BAD 576382642489
BAD 576354013009
BAD 576385623353
BAD 576385623361
BAD 576355759583
BAD 576357607603
BAD 576357607607
BAD 576243441091
BAD 576243441149
BAD 576245219743
BAD 576245219749
BAD 576246518093
BAD 576247093223
BAD 576251545501
BAD 576251545511
BAD 576252305557
BAD 576252480911
BAD 576252480913
BAD 576253259909
BAD 576254625517
BAD 576257389861
BAD 576257389867
BAD 576395955227
BAD 576395955229
BAD 576359965523
BAD 576359965529
BAD 576360138331
BAD 576370374259
BAD 576370374277
BAD 576373994491
BAD 576373994501
BAD 576373994503
BAD 576374989909
BAD 576374990033
BAD 576374990039
BAD 576374990041
BAD 576409195111
BAD 576409195133
BAD 576413826421
BAD 576414334357
BAD 576414334381
BAD 576414334387
BAD 576414499741
BAD 576421452799
BAD 576421452829
BAD 576421452833
BAD 576421515653
BAD 576442955047
BAD 576443325001
BAD 576448384441
BAD 576448389247
BAD 576448389263
BAD 576450189193
BAD 576453352159
BAD 576461496859
BAD 576461496881
BAD 576461496883
BAD 576461530591
BAD 576461530597
BAD 576535221029
BAD 576537270031
BAD 576551334193
BAD 576500597599
BAD 576500597611
BAD 576541721971
BAD 576582030631
BAD 576582395573
BAD 576503555911
BAD 576503555917
BAD 576503728387
BAD 576507121537
BAD 576508364521
BAD 576509462569
BAD 576590194673
BAD 576476589197
BAD 576476605249
BAD 576478479851
BAD 576478479853
BAD 576484379123
BAD 576484379131
BAD 576484379137
BAD 576484379143
BAD 576484379203
BAD 576489592073
BAD 576510363323
BAD 576491212543
BAD 576492022441
BAD 576512464013
BAD 576516950591
BAD 576516950593
BAD 576568056089
BAD 576568056121
BAD 576572173673
BAD 576572173699
BAD 576572173703
BAD 576520375283
BAD 576522485551
BAD 576522485557
BAD 576522485573
BAD 576576486859
BAD 576593568211
BAD 576596610103
BAD 576596954449
BAD 576598918613
BAD 576614749897
BAD 576616274393
BAD 576616323869
BAD 576616323883
BAD 576618092551
BAD 576605619451
BAD 576624234287
BAD 576624234289
BAD 576606237937
BAD 576606237941
BAD 576630573511
BAD 576626121961
BAD 576680486033
BAD 576680486059
BAD 576632965357
BAD 576632965397
BAD 576632965399
BAD 576626891857
BAD 576626941537
BAD 576609494533
BAD 576609946343
BAD 576609946349
BAD 576609946351
BAD 576609946369
BAD 576609946373
BAD 576609946573
BAD 576682180033
BAD 576682180037
BAD 576635391821
BAD 576635391823
BAD 576672878963
BAD 576675616849
BAD 576687547771
BAD 576646249409
BAD 576646249411
BAD 576643650787
BAD 576650882723
BAD 576701140937
BAD 576701140943
BAD 576693206161
BAD 576693206189
BAD 576693206191
BAD 576693206197
BAD 576702595613
BAD 576704288143
BAD 576705463441
BAD 576708983869
BAD 576709603543
BAD 576727027249
BAD 576659866253
BAD 576783587599
BAD 576783587717
BAD 576783587719
BAD 576785107523
BAD 576793658863
BAD 576831606457
BAD 576831606467
BAD 576831606469
BAD 576832984279
BAD 576832984283
BAD 576832984297
BAD 576832984303
BAD 576834410443
BAD 576730553071
BAD 576835639703
BAD 576837372037
BAD 576837372061
BAD 576735338461
BAD 576735618443
BAD 576762327077
BAD 576762327079
BAD 576745523839
BAD 576746274301
BAD 576771124789
BAD 576744418249
BAD 576744418253
BAD 576752475589
BAD 576754405001
BAD 576759555487
BAD 576817201559
BAD 576817201561
BAD 576817493411
BAD 576799567937
BAD 576804593509
BAD 576804593513
BAD 576806793007
BAD 576851525401
BAD 576854251163
BAD 576857294683
BAD 576914962601
BAD 576942410861
BAD 576921372241
BAD 576922595191
BAD 576922595209
BAD 576924213127
BAD 576926258983
BAD 576926837953
BAD 576926837959
BAD 576863765131
BAD 576864670103
BAD 576864670111
BAD 576864670117
BAD 576865800337
BAD 576865800353
BAD 576867625027
BAD 576879149641
BAD 576879149647
BAD 576868682947
BAD 576872477183
BAD 576872477243
BAD 576874992571
BAD 576887946991
BAD 576887946997
BAD 576888037813
BAD 576890942239
BAD 577047908923
BAD 577047908939
BAD 576898847341
BAD 576898847353
BAD 576898847359
BAD 576900039967
BAD 576901296949
BAD 576903093133
BAD 576966966799
BAD 576971092823
BAD 576971717131
BAD 577019071549
BAD 577134822113
BAD 577134822139
BAD 577020626671
BAD 577020626683
BAD 576909474319
BAD 576909474331
BAD 577137075001
BAD 577022659589
BAD 577137642469
BAD 577114354307
BAD 577114354309
BAD 577114354321
BAD 576977288291
BAD 577116623813
BAD 577140711029
BAD 577140711031
BAD 576981481789
BAD 577117360213
BAD 576982545593
BAD 576982545599
BAD 577028124373
BAD 576984841339
BAD 576984841343
BAD 577144771193
BAD 577144911703
BAD 577121747879
BAD 577145514199
BAD 576987186253
BAD 576987186287
BAD 576987302543
BAD 577123029289
BAD 577125242191
BAD 577128162077
BAD 576951736721
BAD 577066105853
BAD 577066105859
BAD 577073689561
BAD 577097466917
BAD 577097466919
BAD 577082275967
BAD 577082275969
BAD 577099126999
BAD 577099127029
BAD 577099702877
BAD 577099702939
BAD 577099702943
BAD 577100284279
BAD 577100284351
BAD 577100284357
BAD 577030908529
BAD 576998135359
BAD 577087497299
BAD 576998135411
BAD 577105553119
BAD 577001989769
BAD 577001989771
BAD 577035630607
BAD 577108770991
BAD 577092180529
BAD 577036943071
BAD 577036943083
BAD 577039776857
BAD 577112166031
BAD 577096244731
BAD 577044027563
BAD 577044317587
BAD 577008369151
BAD 577045957849
BAD 577045957871
BAD 577045957883
BAD 577045957921
BAD 577200078383
BAD 577180813777
BAD 577203271373
BAD 577184207497
BAD 577184207507
BAD 577184207513
BAD 577206573767
BAD 577186984967
BAD 577211506283
BAD 577189635983
BAD 577213597619
BAD 577213597621
BAD 577235638669
BAD 577193985553
BAD 577240426523
BAD 577240552687
BAD 577196126753
BAD 577197109991
BAD 577246952987
BAD 577149228769
BAD 577150219853
BAD 577215902467
BAD 577215902491
BAD 577164639773
BAD 577154915059
BAD 577221571733
BAD 577223427889
BAD 577223427899
BAD 577223427901
BAD 577160269039
BAD 577283304413
BAD 577283304419
BAD 577283304421
BAD 577161719521
BAD 577225019809
BAD 577227471109
BAD 577227808973
BAD 577174757723
BAD 577176565697
BAD 577176565699
BAD 577176565703
BAD 577176565709
BAD 577176565711
BAD 577176750487
BAD 577177024253
BAD 577290875197
BAD 577291416893
BAD 577293365197
BAD 577296976987
BAD 577254051659
BAD 577255235429
BAD 577257709519
BAD 577262381497
BAD 577265948839
BAD 577269608023
BAD 577273624489
BAD 577308681581
BAD 577308681583
BAD 577314451321
BAD 577314451331
BAD 577314451333
BAD 577401587117
BAD 577401740873
BAD 577315837717
BAD 577315837723
BAD 577317423511
BAD 577406459089
BAD 577406459099
BAD 577406459101
BAD 577406459107
BAD 577322139367
BAD 577322714887
BAD 577386451673
BAD 577407637153
BAD 577409238181
BAD 577327376491
BAD 577390770571
BAD 577391936293
BAD 577331193289
BAD 577393709471
BAD 577393709513
BAD 577331639933
BAD 577331639939
BAD 577410011327
BAD 577410011329
BAD 577410011333
BAD 577410915979
BAD 577416282769
BAD 577416966403
BAD 577416966421
BAD 577417406611
BAD 577417406647
BAD 577398360083
BAD 577419432917
BAD 577423130191
BAD 577373318699
BAD 577373318719
BAD 577428444163
BAD 577429051169
BAD 577466291723
BAD 577466291729
BAD 577429986827
BAD 577429986829
BAD 577429986863
BAD 577431187351
BAD 577431187357
BAD 577471459571
BAD 577471459573
BAD 577471459577
BAD 577471459583
BAD 577476878243
BAD 577477895947
BAD 577477896001
BAD 577479193861
BAD 577479546331
BAD 577480873699
BAD 577481289113
BAD 577435305767
BAD 577335146057
BAD 577335146071
BAD 577335146083
BAD 577335390703
BAD 577335390707
BAD 577342449533
BAD 577343757943
BAD 577447004389
BAD 577500742723
BAD 577484629681
BAD 577485432893
BAD 577485928681
BAD 577503950899
BAD 577518844957
BAD 577503950909
BAD 577518844961
BAD 577361077507
BAD 577489829459
BAD 577489829461
BAD 577509278897
BAD 577510778941
BAD 577512072043
BAD 577494980833
BAD 577531606453
BAD 577546558811
BAD 577547356921
BAD 577460229659
BAD 577460229667
BAD 577556966153
BAD 577560776731
BAD 577560776743
BAD 577584560401
BAD 577563171239
BAD 577564878889
BAD 577564878893
BAD 577564878901
BAD 577565071009
BAD 577565878081
BAD 577566114353
BAD 577566201143
BAD 577566201151
BAD 577571820979
BAD 577572449417
BAD 577576031941
BAD 577576889509
BAD 577576911943
BAD 577600913303
BAD 577602151223
BAD 577604396069
BAD 577604396071
BAD 577605004741
BAD 577605004751
BAD 577619576869
BAD 577609514263
BAD 577685614463
BAD 577685614469
BAD 577614012163
BAD 577614012179
BAD 577628851381
BAD 577629067823
BAD 577616003281
BAD 577616003299
BAD 577630556933
BAD 577630556939
BAD 577630556941
BAD 577632628063
BAD 577633040671
BAD 577691629069
BAD 577693494841
BAD 577694492093
BAD 577694492101
BAD 577671095873
BAD 577672612789
BAD 577674060463
BAD 577676120953
BAD 577676120963
BAD 577676120969
BAD 577676120971
BAD 577677875933
BAD 577680329389
BAD 577657227949
BAD 577662376021
BAD 577634619319
BAD 577634619439
BAD 577638462353
BAD 577644477379
BAD 577644477383
BAD 577644477391
BAD 577644477401
BAD 577649056021
BAD 577703200939
BAD 577705228549
BAD 577705228553
BAD 577705228601
BAD 577705765501
BAD 577706443081
BAD 577706585893
BAD 577708550879
BAD 577708550899
BAD 577710824903
BAD 577710824927
BAD 577712656009
BAD 577713595111
BAD 577737365923
BAD 577741391303
BAD 577741391309
BAD 577742168833
BAD 577749352549
BAD 577749352553
BAD 577769720509
BAD 577770173179
BAD 577770173191
BAD 577779113383
BAD 577779113389
BAD 577779113393
BAD 577788363293
BAD 577788363337
BAD 577788363367
BAD 577805454223
BAD 577790346061
BAD 577783654579
BAD 577792687981
BAD 577809613793
BAD 577794424159
BAD 577811227793
BAD 577796425403
BAD 577812813307
BAD 577797561113
BAD 577722293767
BAD 577752860221
BAD 577752860227
BAD 577754231869
BAD 577727702977
BAD 577758252091
BAD 577728010373
BAD 577728010393
BAD 577758532997
BAD 577758599969
BAD 577859622583
BAD 577859622611
BAD 577863076061
BAD 577767571609
BAD 577767571613
BAD 577867979723
BAD 577838432089
BAD 577839405817
BAD 577839801257
BAD 577842122219
BAD 577903957793
BAD 577819498423
BAD 577908263203
BAD 577911655523
BAD 577911655561
BAD 577849687487
BAD 577849687489
BAD 577849687501
BAD 577849687507
BAD 577913126183
BAD 577825397041
BAD 577850641861
BAD 577825961773
BAD 577825961809
BAD 577869802141
BAD 577888461133
BAD 577924598249
BAD 577924598257
BAD 577925073043
BAD 577926591889
BAD 577897197349
BAD 577928164633
BAD 577900624333
BAD 577883351497
BAD 577883380387
BAD 577934951479
BAD 577934951483
BAD 577934951509
BAD 577934951519
BAD 577942296167
BAD 577948398373
BAD 577950786509
BAD 578037009229
BAD 578037009233
BAD 578037009239
BAD 578037009241
BAD 578040407209
BAD 577960626119
BAD 577960626121
BAD 577961889809
BAD 577962306751
BAD 578043977051
BAD 577968244687
BAD 577968244699
BAD 577968244703
BAD 578050433839
BAD 578051999177
BAD 578051999179
BAD 578051999183
BAD 577988197849
BAD 577992029653
BAD 577999586519
BAD 578000682617
BAD 578000682619
BAD 578019820699
BAD 578001734447
BAD 577974920989
BAD 578022585157
BAD 578009766491
BAD 577977729149
BAD 578025456187
BAD 578025456193
BAD 578025842473
BAD 577980498713
BAD 578029522921
BAD 578029522957
BAD 578029523011
BAD 577982148169
BAD 577982148173
BAD 578017474577
BAD 578055895141
BAD 578056933693
BAD 578056933711
BAD 578056933733
BAD 578056933739
BAD 578061679387
BAD 578063066839
BAD 578064861863
BAD 578073717527
BAD 578074405949
BAD 578068482781
BAD 578086341683
BAD 578089085663
BAD 578089085671
BAD 578097529159
BAD 578097583823
BAD 578101292663
BAD 578105145859
BAD 578109714491
BAD 578111038931
BAD 578113773829
BAD 578116209137
BAD 578170914473
BAD 578122603367
BAD 578122603369
BAD 578119204771
BAD 578174352871
BAD 578126598593
BAD 578176136809
BAD 578128231433
BAD 578177974867
BAD 578183349529
BAD 578137878091
BAD 578140543633
BAD 578140664719
BAD 578143135993
BAD 578146443113
BAD 578146527083
BAD 578146896773
BAD 578147046649
BAD 578147046683
BAD 578147588773
BAD 578154566923
BAD 578154566939
BAD 578154567037
BAD 578155056841
BAD 578157650671
BAD 578158645697
BAD 578158645709
BAD 578158645711
BAD 578221685761
BAD 578222130271
BAD 578223056533
BAD 578167158169
BAD 578167352263
BAD 578224619081
BAD 578224619083
BAD 578169083963
BAD 578226565351
BAD 578226736141
BAD 578233603501
BAD 578234147903
BAD 578235939847
BAD 578235939859
BAD 578235939907
BAD 578207497649
BAD 578254805671
BAD 578254805677
BAD 578213717177
BAD 578215834187
BAD 578216216959
BAD 578216236069
BAD 578216369077
BAD 578259152411
BAD 578259152413
BAD 578259152423
BAD 578242001047
BAD 578242600003
BAD 578242600049
BAD 578244146731
BAD 578244146737
BAD 578249505697
BAD 578274147823
BAD 578274147827
BAD 578274147833
BAD 578288801249
BAD 578325383029
BAD 578326129201
BAD 578326656541
BAD 578189658803
BAD 578189658811
BAD 578190440719
BAD 578280031253
BAD 578328311479
BAD 578328538729
BAD 578281134383
BAD 578195007721
BAD 578341792549
BAD 578281134397
BAD 578333256023
BAD 578195007739
BAD 578298143317
BAD 578334180401
BAD 578343766439
BAD 578196983069
BAD 578196983071
BAD 578283988039
BAD 578285550643
BAD 578200239559
BAD 578287041473
BAD 578351246101
BAD 578320335739
BAD 578320340527
BAD 578379527683
BAD 578379527707
BAD 578383002289
BAD 578383002391
BAD 578383002397
BAD 578387611673
BAD 578388097459
BAD 578359272209
BAD 578423061989
BAD 578423767549
BAD 578425246801
BAD 578426119171
BAD 578428675109
BAD 578395638959
BAD 578395638967
BAD 578443139759
BAD 578443139761
BAD 578397386647
BAD 578406440413
BAD 578398425469
BAD 578445077939
BAD 578445077941
BAD 578445077957
BAD 578445077963
BAD 578435014981
BAD 578435014987
BAD 578455322381
BAD 578455322383
BAD 578455322387
BAD 578420297167
BAD 578421817163
BAD 578421817177
BAD 578475819871
BAD 578527628123
BAD 578478263221
BAD 578527857811
BAD 578491099187
BAD 578491099189
BAD 578532544801
BAD 578533048673
BAD 578535170539
BAD 578486108311
BAD 578486108371
BAD 578486262317
BAD 578486262323
BAD 578536581289
BAD 578486399297
BAD 578486399299
BAD 578486399303
BAD 578538072713
BAD 578538072781
BAD 578489231113
BAD 578489231129
BAD 578505566489
BAD 578505566491
BAD 578507516449
BAD 578507516473
BAD 578562206399
BAD 578562206401
BAD 578563169027
BAD 578563169029
BAD 578456820803
BAD 578456820833
BAD 578565388153
BAD 578565589223
BAD 578517041747
BAD 578517041749
BAD 578567665073
BAD 578466458183
BAD 578466831539
BAD 578466831541
BAD 578570270599
BAD 578467458397
BAD 578522260117
BAD 578522260123
BAD 578468505163
BAD 578471741713
BAD 578540437933
BAD 578548017101
BAD 578550281867
BAD 578552268793
BAD 578575964339
BAD 578575964341
BAD 578582413879
BAD 578582976383
BAD 578587979681
BAD 578625850043
BAD 578626309883
BAD 578592699791
BAD 578628286477
BAD 578628286519
BAD 578629257827
BAD 578629362461
BAD 578629362463
BAD 578629362481
BAD 578633105801
BAD 578633105803
BAD 578633710693
BAD 578633710703
BAD 578634467753
BAD 578605646053
BAD 578605646057
BAD 578724683333
BAD 578727402181
BAD 578691211339
BAD 578731650619
BAD 578733093181
BAD 578733742603
BAD 578646694429
BAD 578650071631
BAD 578710425263
BAD 578653267163
BAD 578675401099
BAD 578715724343
BAD 578716110421
BAD 578655933221
BAD 578655933223
BAD 578655933241
BAD 578678062141
BAD 578699802397
BAD 578699885551
BAD 578747415577
BAD 578747415581
BAD 578700748141
BAD 578679711091
BAD 578680400497
BAD 578681381563
BAD 578681381567
BAD 578681381569
BAD 578702106973
BAD 578703418723
BAD 578686176799
BAD 578755678261
BAD 578690424331
BAD 578690424337
BAD 578609011583
BAD 578662075501
BAD 578662075543
BAD 578620224407
BAD 578620224409
BAD 578664404191
BAD 578621788883
BAD 578668105517
BAD 578671811213
BAD 578776178213
BAD 578776992151
BAD 578778026329
BAD 578778026341
BAD 578778026347
BAD 578787697591
BAD 578787697597
BAD 578787697603
BAD 578830039811
BAD 578836060367
BAD 578859321529
BAD 578859321533
BAD 578860839001
BAD 578863205299
BAD 578863205303
BAD 578839763657
BAD 578839763659
BAD 578841366871
BAD 578841366877
BAD 578867981479
BAD 578757825691
BAD 578809803713
BAD 578868763951
BAD 578809915381
BAD 578869767919
BAD 578869767953
BAD 578811264179
BAD 578811264181
BAD 578845519741
BAD 578846404867
BAD 578846633119
BAD 578872131293
BAD 578847894211
BAD 578763854593
BAD 578849229559
BAD 578849229571
BAD 578849333483
BAD 578849854553
BAD 578912240581
BAD 578850769597
BAD 578853268333
BAD 578769269809
BAD 578888697733
BAD 578915655559
BAD 578821357189
BAD 578856999841
BAD 578918444659
BAD 578921457871
BAD 578921457913
BAD 578892470089
BAD 578924437843
BAD 578894575397
BAD 578894575403
BAD 578792034169
BAD 578792034181
BAD 578792034287
BAD 578792558473
BAD 578900527823
BAD 578901874193
BAD 578795932343
BAD 578795932349
BAD 578797860001
BAD 578797860023
BAD 578907184291
BAD 578803142347
BAD 578803142353
BAD 578803142413
BAD 578964111727
BAD 578964111731
BAD 578968265947
BAD 578973838913
BAD 578973838921
BAD 578927209327
BAD 578930141887
BAD 578930141921
BAD 578932969561
BAD 578935425743
BAD 578935425769
BAD 578935425781
BAD 578976193823
BAD 579012654281
BAD 579012654287
BAD 579014178173
BAD 578982587873
BAD 578982587881
BAD 578982587891
BAD 578985120953
BAD 578987147747
BAD 578987147749
BAD 578987901673
BAD 578994008617
BAD 578995143833
BAD 578999204243
BAD 579080540827
BAD 579002171719
BAD 579086851547
BAD 579086851549
BAD 579086882057
BAD 579088476529
BAD 579088476541
BAD 579008794423
BAD 579089082661
BAD 579089243189
BAD 579089243191
BAD 579090908603
BAD 579090908611
BAD 579026280829
BAD 579035239487
BAD 579097648523
BAD 579037238581
BAD 579100583317
BAD 579037238587
BAD 579100583339
BAD 579037578167
BAD 579101328523
BAD 579046126391
BAD 579040401391
BAD 579040401403
BAD 579040401409
BAD 579040401413
BAD 579062082829
BAD 579149925163
BAD 579150215107
BAD 579064106129
BAD 579108167929
BAD 579153108031
BAD 579041504233
BAD 579041504243
BAD 579112041121
BAD 579112041127
BAD 579154049633
BAD 579042648733
BAD 579042883787
BAD 579052578217
BAD 579067469839
BAD 579067469843
BAD 579067470109
BAD 579067470143
BAD 579155937187
BAD 579067950691
BAD 579156557281
BAD 579115867339
BAD 579056250029
BAD 579056712803
BAD 579157810883
BAD 579069150097
BAD 579069915469
BAD 579070601917
BAD 579118472797
BAD 579131140603
BAD 579131140613
BAD 579071595787
BAD 579132854647
BAD 579133933333
BAD 579121514347
BAD 579138852469
BAD 579168922837
BAD 579168922841
BAD 579171344363
BAD 579171344369
BAD 579171344371
BAD 579176232589
BAD 579279078421
BAD 579291548809
BAD 579293461613
BAD 579293461619
BAD 579293461627
BAD 579293461631
BAD 579293461633
BAD 579293461639
BAD 579326534797
BAD 579250619693
BAD 579250619711
BAD 579250619713
BAD 579254527219
BAD 579255753529
BAD 579255753533
BAD 579256434931
BAD 579257887163
BAD 579294718201
BAD 579294718253
BAD 579259546561
BAD 579211038739
BAD 579330950533
BAD 579331743559
BAD 579331743563
BAD 579214020139
BAD 579214810241
BAD 579214810243
BAD 579214810261
BAD 579214810267
BAD 579301760833
BAD 579262791113
BAD 579217095703
BAD 579263839859
BAD 579263839867
BAD 579263839871
BAD 579263839873
BAD 579263839877
BAD 579263839879
BAD 579263839883
BAD 579308028667
BAD 579308028721
BAD 579308028727
BAD 579311287363
BAD 579311287369
BAD 579342590971
BAD 579342590989
BAD 579224629999
BAD 579226440841
BAD 579274131563
BAD 579365686147
BAD 579365686153
BAD 579366182123
BAD 579371454271
BAD 579200137861
BAD 579230603269
BAD 579201861811
BAD 579201861817
BAD 579201940043
BAD 579201940049
BAD 579201940073
BAD 579346091123
BAD 579202947649
BAD 579232859929
BAD 579205129319
BAD 579348705097
BAD 579348705101
BAD 579348705113
BAD 579207752407
BAD 579208095839
BAD 579208095841
BAD 579209375141
BAD 579356749487
BAD 579356926321
BAD 579179000641
BAD 579180488339
BAD 579185967169
BAD 579187497199
BAD 579191087879
BAD 579191087903
BAD 579193383617
BAD 579193383619
BAD 579193383623
BAD 579412210879
BAD 579412210889
BAD 579412210891
BAD 579430779149
BAD 579399574913
BAD 579399574921
BAD 579434607571
BAD 579422731991
BAD 579437364589
BAD 579438034687
BAD 579438034691
BAD 579438034697
BAD 579438034699
BAD 579411199729
BAD 579391481533
BAD 579442049059
BAD 579565198987
BAD 579514436807
BAD 579519997297
BAD 579573102659
BAD 579520827563
BAD 579520827569
BAD 579446920109
BAD 579446920111
BAD 579575320111
BAD 579522905719
BAD 579447723319
BAD 579523267223
BAD 579449816237
BAD 579449816243
BAD 579524673163
BAD 579450254969
BAD 579577819999
BAD 579531130667
BAD 579531130669
BAD 579525642413
BAD 579452065429
BAD 579452065433
BAD 579486591923
BAD 579533067499
BAD 579496035541
BAD 579488783837
BAD 579529117639
BAD 579456559699
BAD 579538444021
BAD 579494616893
BAD 579547519433
BAD 579502117163
BAD 579542522033
BAD 579494617007
BAD 579494617027
BAD 579549686719
BAD 579505847317
BAD 579466940963
BAD 579469336643
BAD 579557856389
BAD 579557856391
BAD 579512151019
BAD 579475276063
BAD 579475276067
BAD 579476588759
BAD 579476588767
BAD 579479096957
BAD 579479096969
BAD 579614390053
BAD 579617453869
BAD 579617453873
BAD 579618067669
BAD 579618067687
BAD 579618256531
BAD 579619371061
BAD 579627326393
BAD 579714829349
BAD 579716797147
BAD 579718509323
BAD 579718714517
BAD 579719592391
BAD 579720068471
BAD 579597785243
BAD 579583068167
BAD 579583491043
BAD 579585922151
BAD 579585922159
BAD 579585951827
BAD 579585951829
BAD 579589485373
BAD 579589485379
BAD 579633184523
BAD 579607477847
BAD 579607477861
BAD 579726152923
BAD 579726152927
BAD 579636236873
BAD 579637959749
BAD 579681516679
BAD 579681516683
BAD 579640756399
BAD 579640756403
BAD 579683825521
BAD 579686387857
BAD 579689483551
BAD 579663706441
BAD 579651165983
BAD 579696348241
BAD 579655682897
BAD 579655682899
BAD 579701421349
BAD 579702783167
BAD 579702783169
BAD 579705891113
BAD 579660488599
BAD 579661760467
BAD 579731155117
BAD 579707759963
BAD 579707759971
BAD 579707759977
BAD 579662961349
BAD 579708160841
BAD 579732358817
BAD 579709388101
BAD 579675481081
BAD 579678621979
BAD 579740204629
BAD 579740204633
BAD 579742046293
BAD 579745993403
BAD 579745993423
BAD 579745993433
BAD 579770146201
BAD 579752116709
BAD 579753858679
BAD 579753858773
BAD 579753858781
BAD 579754920643
BAD 579754920649
BAD 579754920653
BAD 579754920697
BAD 579756713551
BAD 579756713561
BAD 579761493643
BAD 579762430943
BAD 579764271223
BAD 579837323581
BAD 579841534351
BAD 579841534357
BAD 579817827233
BAD 579823730419
BAD 579824021969
BAD 579824021971
BAD 579827112523
BAD 579808148123
BAD 579828442537
BAD 579808926131
BAD 579808926133
BAD 579932689423
BAD 579932922259
BAD 579848911417
BAD 579938754977
BAD 579938754979
BAD 579882595781
BAD 579882595783
BAD 579883159651
BAD 579883159657
BAD 579883159663
BAD 579883159679
BAD 579853871983
BAD 579884973817
BAD 579854071273
BAD 579886803163
BAD 579888647911
BAD 579948013679
BAD 579948013681
BAD 579785398513
BAD 579893680351
BAD 579918756727
BAD 579918756733
BAD 579918756773
BAD 579871927669
BAD 579965808839
BAD 579965808841
BAD 579965808847
BAD 579860125357
BAD 579966461071
BAD 579860433799
BAD 579895969099
BAD 579879821753
BAD 579879922561
BAD 579928870567
BAD 579929446441
BAD 579796067849
BAD 579797256713
BAD 579979189483
BAD 579982093417
BAD 579898594997
BAD 579898594999
BAD 579954536657
BAD 579957062063
BAD 579957062071
BAD 579961314749
BAD 579910404823
BAD 579964222249
BAD 579983436233
BAD 579983436271
BAD 579985696379
BAD 579988355449
BAD 579990465137
BAD 579990465139
BAD 579990465143
BAD 579990465151
BAD 579991334543
BAD 579992110043
BAD 579993942433
BAD 579993942439
BAD 579993942443
BAD 579995686289
BAD 579996279301
BAD 579996279323
RANGE 570000000000 580000000000 PRIMES 369307709 BAD 3966
