BAD 990370552771
BAD 990370552777
BAD 990372780091
BAD 990372780119
BAD 990372780121
BAD 990372780127
BAD 990375724003
BAD 990375724007
BAD 990375724021
BAD 990381835987
BAD 990364295953
BAD 990139080893
BAD 990290574151
BAD 990292972363
BAD 990292972367
BAD 990292972381
BAD 990219927251
BAD 990219927253
BAD 990219927259
BAD 990219927271
BAD 990276634103
BAD 990118477223
BAD 990118477237
BAD 990351662929
BAD 990351662933
BAD 990162683687
BAD 990163177121
BAD 990284456813
BAD 990284456851
BAD 990284456857
BAD 990036979123
BAD 990036979147
BAD 990303185813
BAD 990019434871
BAD 990044688169
BAD 990107778593
BAD 990107778617
BAD 990310092931
BAD 990239270611
BAD 990027174683
BAD 990245747191
BAD 990248182681
BAD 990257952161
BAD 990257952163
BAD 990521259349
BAD 990674710793
BAD 990404188337
BAD 990404188339
BAD 990404188343
BAD 990439926713
BAD 990441376501
BAD 990720822829
BAD 990720822841
BAD 990444071989
BAD 990645918173
BAD 990410137523
BAD 990648372053
BAD 990411789649
BAD 990780297413
BAD 990780297421
BAD 990780297427
BAD 990489332353
BAD 990652811437
BAD 990784450307
BAD 990762851093
BAD 990762851107
BAD 990794281123
BAD 990770415211
BAD 990770415223
BAD 990669648139
BAD 990744332563
BAD 990744332573
BAD 990504497713
BAD 990460677013
BAD 990465006409
BAD 990513700861
BAD 990468597691
BAD 990468597967
BAD 990575100301
BAD 990426865403
BAD 990518308363
BAD 990519829703
BAD 990536934269
BAD 990536934271
BAD 990432795263
BAD 990434481409
BAD 990624312113
BAD 990626698913
BAD 990626698921
BAD 990626698927
BAD 990630770071
BAD 990727973177
BAD 990689262841
BAD 990689262961
BAD 990591905629
BAD 990567913483
BAD 990631414489
BAD 990632528453
BAD 990730127591
BAD 990730127593
BAD 990732428461
BAD 990732428467
BAD 990732428473
BAD 990732428479
BAD 990732428501
BAD 990732428509
BAD 990912268999
BAD 990915391793
BAD 990916109671
BAD 990845064767
BAD 990848050729
BAD 991060112311
BAD 990852007073
BAD 990854091683
BAD 991069462583
BAD 991069820269
BAD 991071273089
BAD 991176371923
BAD 991176371929
BAD 991093858067
BAD 991095363833
BAD 991096023653
BAD 991096023661
BAD 991096023667
BAD 990807884513
BAD 990807884519
BAD 990895588801
BAD 990898797241
BAD 990927631313
BAD 990928473461
BAD 990928473463
BAD 990932811733
BAD 991040314501
BAD 991051708847
BAD 991051708861
BAD 991033310359
BAD 991034289199
BAD 990956565143
BAD 990965991361
BAD 990968374789
BAD 990968374793
BAD 990824800723
BAD 990877692463
BAD 990884548891
BAD 990886603901
BAD 990836438633
BAD 990836438639
BAD 991009653841
BAD 990940221793
BAD 991202096669
BAD 991202096671
BAD 991020969187
BAD 990974981081
BAD 990974981083
BAD 990982000171
BAD 990954122023
BAD 990955255613
BAD 991122328639
BAD 991480379509
BAD 991526556751
BAD 991561412731
BAD 991501992211
BAD 991224696703
BAD 991584628043
BAD 991587076591
BAD 991540278031
BAD 991547826859
BAD 991547826877
BAD 991547826881
BAD 991609671233
BAD 991609671263
BAD 991382093063
BAD 991228572263
BAD 991281642163
BAD 991321149131
BAD 991308010397
BAD 991348606343
BAD 991348606357
BAD 991363433461
BAD 991372604269
BAD 991372604273
BAD 991374252139
BAD 991427981113
BAD 991430234453
BAD 991475367877
BAD 991476084461
BAD 991476101479
BAD 991411136537
BAD 991623499333
BAD 991624289497
BAD 991624289587
BAD 991696661051
BAD 991701852353
BAD 991721287187
BAD 991721287189
BAD 991902334541
BAD 991902334561
BAD 991903821683
BAD 991723812929
BAD 991723812931
BAD 991907638411
BAD 991745667071
BAD 991910569457
BAD 991910569459
BAD 992002395023
BAD 992008969459
BAD 992008969463
BAD 991642666879
BAD 991755646283
BAD 991755646289
BAD 991779716203
BAD 991781048603
BAD 991789043159
BAD 991866293227
BAD 991868352347
BAD 991876742761
BAD 991657147603
BAD 991658090461
BAD 991658090483
BAD 991730880199
BAD 991735266397
BAD 991813303963
BAD 991813303973
BAD 991765675583
BAD 991817913577
BAD 991858247071
BAD 991859110351
BAD 991859110357
BAD 991678513051
BAD 991678513061
BAD 991678513081
BAD 991914391337
BAD 991914391339
BAD 991829573599
BAD 991692248237
BAD 991884345409
BAD 991950944219
BAD 991950944221
BAD 991961525491
BAD 991975223303
BAD 992053406387
BAD 992053406389
BAD 992057705581
BAD 992040456931
BAD 992115569323
BAD 992125143019
BAD 992069117803
BAD 992110115303
BAD 992110115351
BAD 992113768801
BAD 992076899329
BAD 992149407679
BAD 992158065863
BAD 992424669473
BAD 992432670143
BAD 992286258983
BAD 992341462601
BAD 992341462603
BAD 992344641203
BAD 992345372191
BAD 992348573371
BAD 992348573383
BAD 992348573387
BAD 992198932693
BAD 992204269333
BAD 992390468917
BAD 992269747223
BAD 992394093293
BAD 992395545703
BAD 992273382271
BAD 992276793593
BAD 992435464591
BAD 992280989131
BAD 992251424581
BAD 992251424587
BAD 992251893559
BAD 992444835973
BAD 992444835979
BAD 992195572141
BAD 992405904803
BAD 992486250253
BAD 992472089003
BAD 992497335527
BAD 992473614709
BAD 992474427053
BAD 992476970731
BAD 992506729849
BAD 992506729883
BAD 992482529873
BAD 992515632541
BAD 992518794247
BAD 992518794251
BAD 992305006351
BAD 992368251713
BAD 992541571397
BAD 992378718841
BAD 992382049627
BAD 992550385273
BAD 992553977339
BAD 992553977341
BAD 992554195781
BAD 992554195783
BAD 992565212893
BAD 992584778209
BAD 992584778231
BAD 992584778233
BAD 992584778257
BAD 992584778267
BAD 992679920429
BAD 992679920431
BAD 992722084553
BAD 992702317853
BAD 992725510801
BAD 992725956577
BAD 992725956601
BAD 992729177863
BAD 992729177917
BAD 992729177927
BAD 992729177929
BAD 992619664021
BAD 992619664027
BAD 992623301149
BAD 992623301239
BAD 992751173963
BAD 992872549189
BAD 992627640241
BAD 992628100031
BAD 992628100033
BAD 992628100039
BAD 992628100043
BAD 992881122301
BAD 992881122307
BAD 992859730669
BAD 992824542349
BAD 992641440299
BAD 992649328009
BAD 992754495059
BAD 992764822213
BAD 992764822219
BAD 992805478657
BAD 992805478661
BAD 992988026377
BAD 992781441961
BAD 992991220601
BAD 992991220603
BAD 992924233579
BAD 992924233583
BAD 992983628983
BAD 992928369973
BAD 992984444423
BAD 992788858513
BAD 992985861871
BAD 992985861893
BAD 992931875563
BAD 992934730493
BAD 992935382863
BAD 993039756979
BAD 993155579503
BAD 993216533479
BAD 993216533483
BAD 993161817887
BAD 993161817889
BAD 993141024671
BAD 993165149813
BAD 993165149891
BAD 993173024783
BAD 993197616143
BAD 993150557117
BAD 993109289443
BAD 993109289507
BAD 993109289509
BAD 993076940753
BAD 993077345237
BAD 993086972123
BAD 993023856431
BAD 993023856457
BAD 993099279239
BAD 993099279241
BAD 993103021661
BAD 993103021663
BAD 993033026483
BAD 993054218971
BAD 993063379129
BAD 993063483037
BAD 993063483043
BAD 993340864067
BAD 993419585131
BAD 993503569063
BAD 993503890609
BAD 993421670107
BAD 993421670123
BAD 993477894121
BAD 993448258511
BAD 993448258513
BAD 993451683869
BAD 993325149263
BAD 993325149283
BAD 993258824197
BAD 993258824209
BAD 993258824213
BAD 993360707897
BAD 993360707903
BAD 993509231251
BAD 993510240601
BAD 993510240607
BAD 993263359663
BAD 993515038111
BAD 993290300183
BAD 993395106313
BAD 993335332049
BAD 993539579423
BAD 993405689897
BAD 993238028483
BAD 993238028501
BAD 993380018027
BAD 993274327327
BAD 993384414689
BAD 993384414691
BAD 993384414697
BAD 993387552271
BAD 993590460721
BAD 993602333299
BAD 993602333303
BAD 993582299839
BAD 993557807573
BAD 993557807633
BAD 993557807639
BAD 993586601899
BAD 993562248683
BAD 993612220267
BAD 993567271519
BAD 993540101269
BAD 993621776383
BAD 993622205761
BAD 993549517343
BAD 993632266111
BAD 993634353661
BAD 993730515797
BAD 993730515803
BAD 993734950487
BAD 993811740833
BAD 993755291077
BAD 993757929977
BAD 993757929979
BAD 993710454859
BAD 993710454871
BAD 993713441993
BAD 993713588611
BAD 993713588641
BAD 993798740969
BAD 993798740971
BAD 993806727401
BAD 993831838099
BAD 993932174071
BAD 993840093613
BAD 993894945751
BAD 993841164599
BAD 993841164601
BAD 993841164619
BAD 993934370063
BAD 993912598279
BAD 993865670813
BAD 993900544271
BAD 993900544279
BAD 993903046441
BAD 993889885939
BAD 993872134741
BAD 993891091813
BAD 993891091819
BAD 993960678001
BAD 994019323343
BAD 994019323357
BAD 993965415367
BAD 993965415371
BAD 993965415383
BAD 993995179987
BAD 993995179993
BAD 994033339861
BAD 994094058913
BAD 994094410457
BAD 994094410459
BAD 994089585739
BAD 994089585743
BAD 994063160033
BAD 994201070053
BAD 994201070059
BAD 994102747811
BAD 994102747831
BAD 994072026359
BAD 994072026361
BAD 994104017773
BAD 994120876297
BAD 994073118781
BAD 994109062643
BAD 994109583041
BAD 994109583043
BAD 994175265151
BAD 994176267961
BAD 994176872771
BAD 994158835093
BAD 994158835097
BAD 994158835099
BAD 994140895217
BAD 994140895219
BAD 994186094543
BAD 994187328157
BAD 994187328361
BAD 994190424079
BAD 994190424083
BAD 994192834423
BAD 994345571573
BAD 994389026251
BAD 994353120667
BAD 994353195013
BAD 994353195019
BAD 994356291683
BAD 994356748109
BAD 994418567071
BAD 994435128637
BAD 994427361133
BAD 994442567821
BAD 994444466809
BAD 994328872549
BAD 994343886259
BAD 994344829651
BAD 994403902669
BAD 994403902673
BAD 994230627361
BAD 994242192197
BAD 994242192199
BAD 994315349759
BAD 994315349761
BAD 994325541073
BAD 994506492047
BAD 994506492053
BAD 994466586809
BAD 994267547209
BAD 994267547213
BAD 994246487393
BAD 994534082623
BAD 994534082627
BAD 994534082629
BAD 994462176947
BAD 994253238137
BAD 994253620643
BAD 994584829991
BAD 994584829993
BAD 994519666123
BAD 994716650177
BAD 994716650197
BAD 994740892879
BAD 994740892883
BAD 994742086153
BAD 994648373233
BAD 994653487411
BAD 994653487417
BAD 994653487427
BAD 994653487433
BAD 994699825907
BAD 994657705553
BAD 994657975921
BAD 994673348059
BAD 994673348063
BAD 994709948909
BAD 994709948923
BAD 994638249937
BAD 994638271663
BAD 994638271667
BAD 994642656739
BAD 994611702113
BAD 994762956307
BAD 994768038137
BAD 994768327181
BAD 994768885997
BAD 994769870851
BAD 994850114443
BAD 994825304293
BAD 994875306407
BAD 994875306409
BAD 994833058013
BAD 994878453113
BAD 994878453119
BAD 994848246083
BAD 994889950291
BAD 994889950303
BAD 994889950309
BAD 994891129189
BAD 995007733723
BAD 995010665731
BAD 994949396711
BAD 994963882673
BAD 995019075319
BAD 995031671129
BAD 995031671131
BAD 994799641393
BAD 994810185683
BAD 995067488497
BAD 995056636843
BAD 995056636853
BAD 995090168791
BAD 995090168803
BAD 995065404253
BAD 995112186857
BAD 995112186877
BAD 994934619533
BAD 994784136109
BAD 995121881087
BAD 995124390317
BAD 994793574689
BAD 994925433889
BAD 994925433893
BAD 994927069211
BAD 994927069219
BAD 995243982947
BAD 995243982949
BAD 995269483381
BAD 995269483387
BAD 995202161687
BAD 995202161689
BAD 995205190939
BAD 995035734733
BAD 995214292847
BAD 995216289721
BAD 995193512239
BAD 995193512251
BAD 995193661127
BAD 995193661129
BAD 995044152503
BAD 995256426377
BAD 995256426379
BAD 995256426383
BAD 995046836411
BAD 995288784673
BAD 995265025583
BAD 995165189597
BAD 995165189611
BAD 995353112953
BAD 995353112983
BAD 995170574227
BAD 995356573063
BAD 995324808323
BAD 995362994869
BAD 995365218721
BAD 995365897879
BAD 995365897921
BAD 995314406623
BAD 995314406627
BAD 995349779659
BAD 995349779707
BAD 995405663683
BAD 995405663731
BAD 995405663741
BAD 995405663743
BAD 995411485307
BAD 995393564443
BAD 995543982913
BAD 995543982949
BAD 995445984859
BAD 995435382947
BAD 995549289673
BAD 995449007957
BAD 995570425579
BAD 995570425583
BAD 995622958339
BAD 995639936813
BAD 995579024567
BAD 995579024569
BAD 995657005633
BAD 995657005639
BAD 995657005649
BAD 995658835643
BAD 995586495271
BAD 995586495289
BAD 995490688679
BAD 995490688681
BAD 995601157777
BAD 995601666107
BAD 995601666109
BAD 995601666119
BAD 995601666121
BAD 995670278467
BAD 995492698309
BAD 995371446919
BAD 995372939929
BAD 995377143643
BAD 995377143647
BAD 995699510833
BAD 995609524523
BAD 995729669731
BAD 995757305029
BAD 995742348259
BAD 995682281767
BAD 995785418273
BAD 995707500661
BAD 995716805641
BAD 995792391679
BAD 995792391683
BAD 995816088151
BAD 995820024713
BAD 995875695193
BAD 995875695211
BAD 995881730579
BAD 995950576787
BAD 995855612839
BAD 995856814973
BAD 995871831109
BAD 995871831113
BAD 996093867229
BAD 996143754709
BAD 996013597231
BAD 996013597237
BAD 996156741841
BAD 996113012707
BAD 996123607987
BAD 996066726271
BAD 995973016249
BAD 995973016253
BAD 995977116751
BAD 995982788683
BAD 995989192853
BAD 996164655203
BAD 995993143309
BAD 996168935303
BAD 996193732819
BAD 996208731493
BAD 996243833623
BAD 996261661333
BAD 996261661337
BAD 996207175489
BAD 996218801423
BAD 996001764551
BAD 996001764553
BAD 996001764559
BAD 996249067459
BAD 996257680727
BAD 996257680729
BAD 996273873173
BAD 996085480727
BAD 996133298569
BAD 996133464047
BAD 996133464049
BAD 996240500897
BAD 996055059841
BAD 996276153349
BAD 996396575903
BAD 996401755777
BAD 996401894177
BAD 996401894179
BAD 996402365551
BAD 996432560611
BAD 996432560623
BAD 996386316323
BAD 996386316329
BAD 996391516207
BAD 996314359133
BAD 996314359147
BAD 996321467821
BAD 996328853231
BAD 996339401657
BAD 996340278319
BAD 996414369121
BAD 996415682513
BAD 996423594253
BAD 996424254113
BAD 996177993529
BAD 996177993533
BAD 996188527627
BAD 996189048763
BAD 996571992803
BAD 996796472989
BAD 996772918613
BAD 996661318589
BAD 996661318591
BAD 996662015347
BAD 996662015351
BAD 996662015353
BAD 996701010457
BAD 996752868703
BAD 996705359917
BAD 996705359921
BAD 996709256227
BAD 996673765393
BAD 996673765403
BAD 996452523727
BAD 996452523739
BAD 996460769873
BAD 996460769879
BAD 996468661429
BAD 996469058791
BAD 996470796331
BAD 996470796337
BAD 996613155431
BAD 996738594301
BAD 996626511953
BAD 996681461401
BAD 996681964819
BAD 996543910729
BAD 996782631709
BAD 996631912973
BAD 996633812717
BAD 996633812719
BAD 996633906901
BAD 996633906937
BAD 996633995957
BAD 996637523093
BAD 996496119737
BAD 996496119739
BAD 996791926973
BAD 996599103683
BAD 996651640421
BAD 996505796161
BAD 996607620473
BAD 996607620487
BAD 996528271279
BAD 996528271283
BAD 996581136233
BAD 996581136253
BAD 996724657237
BAD 996879556993
BAD 996879556999
BAD 996847369759
BAD 996889060291
BAD 996968036873
BAD 996856470383
BAD 996969732683
BAD 996856986137
BAD 996929518457
BAD 996931469299
BAD 996935177341
BAD 996938036767
BAD 996938036771
BAD 996939232799
BAD 996939232801
BAD 996940222309
BAD 996945616817
BAD 996945616819
BAD 996956289887
BAD 996956972149
BAD 996956972159
BAD 996956972161
BAD 996959349307
BAD 996961045547
BAD 996865734593
BAD 996917604841
BAD 997210991047
BAD 997213175269
BAD 996985912781
BAD 996985912787
BAD 996985912789
BAD 996985912861
BAD 996986741617
BAD 996986741627
BAD 996999496663
BAD 996999496673
BAD 997000641289
BAD 997024806139
BAD 997242063613
BAD 997165801403
BAD 997273302637
BAD 997288110691
BAD 997291456891
BAD 997291456901
BAD 997291456913
BAD 997296721339
BAD 997297620073
BAD 997306111133
BAD 997309883629
BAD 997352267869
BAD 997064187667
BAD 997314047347
BAD 997322904839
BAD 997356469567
BAD 997228589993
BAD 997228589999
BAD 997068548041
BAD 997228590031
BAD 997331242357
BAD 997331242363
BAD 997335401989
BAD 997337188039
BAD 997345128749
BAD 997073337749
BAD 997073337751
BAD 997073337769
BAD 997408775443
BAD 997408775449
BAD 997408775453
BAD 997375407143
BAD 997415778943
BAD 997415778949
BAD 997422120763
BAD 997505884561
BAD 997719820483
BAD 997719820523
BAD 997722370441
BAD 997652828831
BAD 997652828833
BAD 997570729313
BAD 997574706949
BAD 997562881817
BAD 997613912909
BAD 997615418753
BAD 997640486707
BAD 997641308143
BAD 997644007697
BAD 997644007699
BAD 997443926719
BAD 997443926723
BAD 997447709633
BAD 997699702429
BAD 997534727317
BAD 997534727363
BAD 997539794107
BAD 997539977563
BAD 997481895721
BAD 997781748211
BAD 997740270127
BAD 997747183019
BAD 997747183021
BAD 997618040707
BAD 997625093611
BAD 997626374707
BAD 997629344783
BAD 997717085851
BAD 997788942391
BAD 997790133589
BAD 997790133601
BAD 997790133611
BAD 997794287977
BAD 997795854599
BAD 997795854623
BAD 997805009353
BAD 997805009359
BAD 997819398847
BAD 997904957411
BAD 997906739617
BAD 997906739623
BAD 997906739629
BAD 997923280597
BAD 997923280609
BAD 997946645359
BAD 997946645393
BAD 997851861343
BAD 997860433159
BAD 997861784167
BAD 997861784191
BAD 998142077693
BAD 998142077719
BAD 997976650949
BAD 997978204547
BAD 997978204549
BAD 997981755377
BAD 997892043581
BAD 997892043583
BAD 998029653871
BAD 998029653877
BAD 998029653997
BAD 998032290181
BAD 998161345591
BAD 998171010047
BAD 998171010049
BAD 998094412849
BAD 998129905853
BAD 997873872361
BAD 998003259467
BAD 998003259469
BAD 998011422923
BAD 998210989849
BAD 998081461141
BAD 998081461147
BAD 998042166367
BAD 998104134803
BAD 998105656913
BAD 998107019269
BAD 998193347891
BAD 998049703927
BAD 998050926601
BAD 998056194313
BAD 998063297317
BAD 998063297321
BAD 998063297323
BAD 998063297327
BAD 998235125579
BAD 998235125581
BAD 998241684541
BAD 998242023049
BAD 998242023059
BAD 998242023061
BAD 998248869859
BAD 998266870261
BAD 998266870277
BAD 998278815283
BAD 998306958169
BAD 998317385101
BAD 998318191807
BAD 998352762929
BAD 998352762931
BAD 998352762937
BAD 998333032033
BAD 998374977091
BAD 998374977097
BAD 998375902753
BAD 998375902763
BAD 998386570847
BAD 998386570849
BAD 998363624551
BAD 998368286327
BAD 998368286329
BAD 998369093347
BAD 998389151743
BAD 998420284759
BAD 998477349841
BAD 998529211079
BAD 998487185977
BAD 998443513099
BAD 998445095807
BAD 998422424453
BAD 998422424459
BAD 998466064559
BAD 998470365817
BAD 998470365821
BAD 998437872871
BAD 998561267953
BAD 998636678807
BAD 998636678827
BAD 998600863307
BAD 998490574777
BAD 998604751693
BAD 998513541769
BAD 998716653773
BAD 998726122627
BAD 998728632973
BAD 998728632977
BAD 998728632983
BAD 998728633003
BAD 998681935133
BAD 998733447799
BAD 998703405977
BAD 998703405979
BAD 998703406013
BAD 998574493883
BAD 998540251447
BAD 998540251451
BAD 998540251453
BAD 998648544703
BAD 998648544709
BAD 998648544713
BAD 998648544721
BAD 998648544727
BAD 998652553219
BAD 998792983129
BAD 998797354507
BAD 998807676343
BAD 998827441609
BAD 998830278169
BAD 998873680591
BAD 998842421267
BAD 998848240673
BAD 998848240681
BAD 998855002433
BAD 998855397619
BAD 998913357419
BAD 998915659303
BAD 998915659307
BAD 998915659309
BAD 998915659319
BAD 998915659321
BAD 998915659403
BAD 998918555779
BAD 998918555783
BAD 998959237849
BAD 998970864557
BAD 998970864559
BAD 998973656431
BAD 999035439263
BAD 999068023321
BAD 999080288389
BAD 999074434931
BAD 999136794589
BAD 998929774561
BAD 998929774571
BAD 998929774573
BAD 999142869961
BAD 998932364399
BAD 998932364401
BAD 998978695313
BAD 998978822173
BAD 998981171213
BAD 998982587521
BAD 999103485511
BAD 999106488103
BAD 999106488151
BAD 999106553059
BAD 999106553063
BAD 998996815871
BAD 999001608901
BAD 999177572233
BAD 999190434961
BAD 999190434971
BAD 999190434973
BAD 999194071283
BAD 999196350007
BAD 999021604771
BAD 999114936679
BAD 999114936683
BAD 999114936691
BAD 999125978063
BAD 999150918991
BAD 999150919009
BAD 999346309519
BAD 999346309523
BAD 999349328293
BAD 999371097341
BAD 999371097343
BAD 999371097349
BAD 999371097353
BAD 999371097359
BAD 999342216973
BAD 999374574559
BAD 999411301729
BAD 999411864767
BAD 999411864769
BAD 999275188091
BAD 999236117293
BAD 999295019563
BAD 999306343393
BAD 999306343397
BAD 999309278221
BAD 999309278281
BAD 999505138903
BAD 999505138909
BAD 999544469773
BAD 999544639553
BAD 999448122319
BAD 999457760621
BAD 999480853643
BAD 999477126133
BAD 999615928477
BAD 999615928489
BAD 999627711899
BAD 999628426639
BAD 999635798543
BAD 999671102641
BAD 999646533433
BAD 999679035427
BAD 999680723869
BAD 999514528871
BAD 999603197143
BAD 999607035443
BAD 999607746433
BAD 999550357081
BAD 999550357087
BAD 999580443541
BAD 999581322689
BAD 999553425349
BAD 999554752541
BAD 999554752543
BAD 999831660329
BAD 999699428269
BAD 999699509621
BAD 999699509623
BAD 999835334879
BAD 999835334881
BAD 999835334887
BAD 999591508757
BAD 999592172363
BAD 999592172393
BAD 999592172407
BAD 999596331277
BAD 999596331289
BAD 999596331299
BAD 999596331301
BAD 999712475431
BAD 999713601949
BAD 999864919283
BAD 999810736681
BAD 999810743719
BAD 999781328893
BAD 999781328899
BAD 999783001279
BAD 999786441263
BAD 999726500771
BAD 999726500779
BAD 999726500783
BAD 999734276243
BAD 999983015897
BAD 999991276633
BAD 999973487333
BAD 999997304443
BAD 999997304513
BAD 999980841193
BAD 999939366739
BAD 999950602247
BAD 999950602249
BAD 999955530263
BAD 999882880967
BAD 999882880993
BAD 999882880999
BAD 999889997881
BAD 999889997893
BAD 999889997903
BAD 999827530843
BAD 999898783033
RANGE 990000000000 1000000000000 PRIMES 361977421 BAD 1203
