BAD 850255220723
BAD 850255220729
BAD 850257058373
BAD 850257058379
BAD 850356076159
BAD 850257735989
BAD 850360200127
BAD 850360200139
BAD 850360200143
BAD 850264697011
BAD 850153405639
BAD 850153405643
BAD 850153405669
BAD 850155274643
BAD 850156752241
BAD 850232732731
BAD 850162810111
BAD 850292646611
BAD 850296972827
BAD 850308094513
BAD 850308094567
BAD 850150600441
BAD 850300919243
BAD 850399148213
BAD 850401461303
BAD 850381854541
BAD 850381854551
BAD 850321284847
BAD 850093634449
BAD 850001938453
BAD 850002342053
BAD 850002342151
BAD 850003020719
BAD 850003020721
BAD 850003020731
BAD 850003020733
BAD 850003059589
BAD 850330750363
BAD 850330750369
BAD 850331841361
BAD 850272929609
BAD 850025208091
BAD 850012569257
BAD 850014173521
BAD 850014173527
BAD 850014173531
BAD 850168568453
BAD 850110402443
BAD 850171691233
BAD 850171999223
BAD 850279664629
BAD 850238816461
BAD 850183233997
BAD 850244145287
BAD 850244145293
BAD 850244145301
BAD 850244145307
BAD 850068553091
BAD 850068553093
BAD 850249457263
BAD 850195055813
BAD 850074435157
BAD 850077665341
BAD 850198058791
BAD 850198058803
BAD 850083294457
BAD 850052445443
BAD 850062221563
BAD 850424388113
BAD 850436463467
BAD 850436463469
BAD 850405248151
BAD 850521050723
BAD 850521050749
BAD 850521618959
BAD 850409502599
BAD 850409502601
BAD 850410528557
BAD 850497866929
BAD 850530076951
BAD 850416959113
BAD 850471253791
BAD 850462583527
BAD 850463046523
BAD 850463046529
BAD 850463093993
BAD 850463094001
BAD 850463094017
BAD 850463094031
BAD 850463094037
BAD 850463094043
BAD 850507367891
BAD 850508825233
BAD 850508825339
BAD 850511939273
BAD 850516555849
BAD 850516555853
BAD 850516555859
BAD 850551510359
BAD 850552360789
BAD 850552360793
BAD 850552360817
BAD 850656980587
BAD 850759601959
BAD 850663727597
BAD 850716493673
BAD 850716557419
BAD 850716557423
BAD 850555899527
BAD 850557234421
BAD 850739376737
BAD 850622737583
BAD 850623526981
BAD 850742789783
BAD 850624554413
BAD 850624554443
BAD 850569332303
BAD 850625417881
BAD 850627267057
BAD 850589706917
BAD 850589706919
BAD 850631552809
BAD 850632901757
BAD 850632901759
BAD 850634794313
BAD 850637306791
BAD 850729292839
BAD 850596148849
BAD 850791802363
BAD 850682300053
BAD 850682300059
BAD 850682300063
BAD 850785638029
BAD 850597966847
BAD 850787455901
BAD 850600743271
BAD 850600743281
BAD 850601912429
BAD 850601912431
BAD 850640867459
BAD 850610318297
BAD 850610318303
BAD 850610318359
BAD 850579876481
BAD 850823510063
BAD 850701664849
BAD 850701664853
BAD 850583510479
BAD 850584868171
BAD 850584868181
BAD 850584868183
BAD 850829225053
BAD 850704384863
BAD 850836479939
BAD 850899233123
BAD 850899233131
BAD 850924337083
BAD 850929899849
BAD 850929899851
BAD 850929899863
BAD 850929899867
BAD 850930991693
BAD 850861977817
BAD 850879727749
BAD 850879727791
BAD 850849833137
BAD 850912092523
BAD 850915717361
BAD 850854521911
BAD 850855057009
BAD 850870335307
BAD 850921144223
BAD 850939927267
BAD 850939927273
BAD 850945452619
BAD 850946633609
BAD 850956123649
BAD 850987252069
BAD 850987252081
BAD 850987252103
BAD 850995408317
BAD 850965342061
BAD 850965342067
BAD 851005214519
BAD 851005442317
BAD 851005442333
BAD 850969530923
BAD 851243134759
BAD 851315348431
BAD 851315348453
BAD 851315555749
BAD 851250563021
BAD 851252159567
BAD 851252159609
BAD 851275114321
BAD 851275114331
BAD 851275114343
BAD 851256712349
BAD 851256712351
BAD 851109069541
BAD 851285370707
BAD 851285370709
BAD 851285370713
BAD 851285370721
BAD 851260903903
BAD 851273323193
BAD 851200506613
BAD 851200506641
BAD 851228727533
BAD 851229579059
BAD 851229579061
BAD 851229579073
BAD 851232881207
BAD 851232881209
BAD 851330596849
BAD 851331802201
BAD 851331802207
BAD 851331802213
BAD 851334025741
BAD 851334494929
BAD 851008071241
BAD 851008071247
BAD 851009569957
BAD 851339039191
BAD 851014326653
BAD 851015962639
BAD 851061188233
BAD 851061188239
BAD 851066083381
BAD 851159271737
BAD 851068817177
BAD 851176485259
BAD 851032526011
BAD 851142345409
BAD 851147197619
BAD 851150788009
BAD 851150788013
BAD 851152585501
BAD 851300908279
BAD 851300908351
BAD 851046020023
BAD 851302593809
BAD 851106400063
BAD 851049710213
BAD 851106400087
BAD 851049710243
BAD 851306020219
BAD 851055511091
BAD 851055511093
BAD 851346989419
BAD 851126624659
BAD 851350803559
BAD 851139268901
BAD 851139776587
BAD 851444773973
BAD 851445770431
BAD 851450287957
BAD 851427615431
BAD 851427615433
BAD 851434786561
BAD 851512402423
BAD 851512720999
BAD 851502879979
BAD 851481763303
BAD 851481763309
BAD 851482739357
BAD 851484826147
BAD 851487675613
BAD 851487675617
BAD 851488427243
BAD 851535656143
BAD 851535656149
BAD 851535656159
BAD 851535656161
BAD 851473486823
BAD 851360433431
BAD 851360433433
BAD 851360433439
BAD 851413787461
BAD 851413787467
BAD 851396106403
BAD 851730513463
BAD 851735027519
BAD 851737685767
BAD 851547619613
BAD 851774725367
BAD 851774725369
BAD 851716503653
BAD 851599912463
BAD 851719595851
BAD 851723761481
BAD 851706604193
BAD 851751813709
BAD 851751813727
BAD 851709632177
BAD 851782371637
BAD 851578162913
BAD 851832290513
BAD 851620248683
BAD 851620248691
BAD 851783604169
BAD 851783604173
BAD 851835284593
BAD 851835284603
BAD 851644309847
BAD 851644309849
BAD 851649910193
BAD 851627786563
BAD 851650619363
BAD 851651759641
BAD 851663314279
BAD 851590794661
BAD 851679500333
BAD 851632120739
BAD 851632120741
BAD 851655971473
BAD 851680227067
BAD 851876545547
BAD 851876545549
BAD 851670450649
BAD 851635968103
BAD 851803569739
BAD 851811473707
BAD 851853912211
BAD 851853912241
BAD 851879861621
BAD 851880697847
BAD 851880697849
BAD 851980337891
BAD 851980337927
BAD 851980659419
BAD 851980659421
BAD 851939476291
BAD 851989327639
BAD 851976220079
BAD 851977415851
BAD 851978555933
BAD 851897005987
BAD 851912677373
BAD 851912677381
BAD 851947612801
BAD 851947621279
BAD 851921050843
BAD 851949613981
BAD 852225324919
BAD 852032880373
BAD 852035436841
BAD 852151459597
BAD 852156091139
BAD 852156091141
BAD 852044096809
BAD 852157464083
BAD 852157464163
BAD 852157464173
BAD 852254243059
BAD 852044467249
BAD 852255174097
BAD 852110090989
BAD 852263009267
BAD 852282582451
BAD 852273348109
BAD 852308034803
BAD 852004560181
BAD 852087190583
BAD 852087673951
BAD 852087673961
BAD 852087673963
BAD 852007386641
BAD 852184673101
BAD 852093355159
BAD 852013235719
BAD 852192335887
BAD 852195940829
BAD 852195940831
BAD 852173489243
BAD 852173489249
BAD 852173489273
BAD 852174402203
BAD 852178995683
BAD 852180231493
BAD 852071966453
BAD 852140698403
BAD 852140698411
BAD 852232637261
BAD 852141676153
BAD 852115439603
BAD 852234667267
BAD 852079413221
BAD 852079413223
BAD 852079413239
BAD 852119760091
BAD 852147319279
BAD 852120681109
BAD 852120681121
BAD 852243951743
BAD 852029523143
BAD 852341617823
BAD 852203246161
BAD 852427200733
BAD 852427800047
BAD 852427800053
BAD 852436452481
BAD 852436452487
BAD 852437136581
BAD 852437136583
BAD 852437136587
BAD 852437136589
BAD 852439346543
BAD 852439346623
BAD 852440980621
BAD 852453676141
BAD 852455500613
BAD 852505729321
BAD 852505729363
BAD 852505729367
BAD 852448450723
BAD 852463996697
BAD 852464221993
BAD 852510478231
BAD 852467118137
BAD 852350300467
BAD 852350300471
BAD 852350873639
BAD 852350873641
BAD 852488232899
BAD 852488232901
BAD 852488232941
BAD 852488232943
BAD 852488232961
BAD 852489674119
BAD 852490944313
BAD 852490944317
BAD 852490944323
BAD 852476468297
BAD 852480013909
BAD 852357234529
BAD 852403061773
BAD 852404220407
BAD 852410955679
BAD 852363580853
BAD 852519075229
BAD 852531679621
BAD 852393283757
BAD 852393283759
BAD 852376174787
BAD 852376174789
BAD 852572686703
BAD 852559362511
BAD 852559490143
BAD 852620204413
BAD 852621533389
BAD 852741685519
BAD 852743677579
BAD 852745296127
BAD 852774985663
BAD 852774985669
BAD 852536384939
BAD 852536384941
BAD 852707460769
BAD 852707460797
BAD 852707460799
BAD 852783229943
BAD 852634198363
BAD 852634198373
BAD 852717118103
BAD 852819821153
BAD 852823109387
BAD 852823109389
BAD 852549828349
BAD 852549828353
BAD 852825583541
BAD 852825583543
BAD 852652318081
BAD 852886928693
BAD 852886928713
BAD 852888514123
BAD 852890300503
BAD 852894973493
BAD 852894973499
BAD 852658957729
BAD 852850363763
BAD 852585913343
BAD 852590890399
BAD 852872313211
BAD 852597275269
BAD 852754998583
BAD 852884695199
BAD 852884695207
BAD 852765208523
BAD 852718105513
BAD 852724284179
BAD 852730649893
BAD 852671629483
BAD 852672741149
BAD 852685699231
BAD 852920932471
BAD 852921796981
BAD 852903962611
BAD 852908965801
BAD 852953338973
BAD 852912369929
BAD 852930393691
BAD 852930393697
BAD 852934300733
BAD 852934717199
BAD 852977415623
BAD 852981400763
BAD 853056805259
BAD 853056805261
BAD 853056805273
BAD 853074685517
BAD 853074685523
BAD 853164509947
BAD 853140738019
BAD 853008477457
BAD 853008477463
BAD 853141673473
BAD 853167881009
BAD 853168433371
BAD 853015185413
BAD 853015185419
BAD 853015185443
BAD 853149690413
BAD 853124733089
BAD 853124733091
BAD 853105834201
BAD 853108890737
BAD 853108890743
BAD 853133519993
BAD 853134105883
BAD 853120287917
BAD 853032244853
BAD 853032605881
BAD 852991093811
BAD 852991093813
BAD 853374856291
BAD 853224939811
BAD 853227547069
BAD 853379156537
BAD 853379156549
BAD 853379156551
BAD 852997893337
BAD 853379864191
BAD 853379864203
BAD 853380397601
BAD 853000248097
BAD 853052999683
BAD 853232259403
BAD 853192060349
BAD 853192060351
BAD 853233104963
BAD 853237214671
BAD 853358223719
BAD 853358223721
BAD 853358223727
BAD 853292960477
BAD 853364621843
BAD 853364621849
BAD 853298000299
BAD 853342827943
BAD 853342827947
BAD 853255527083
BAD 853348896949
BAD 853090644163
BAD 853090824373
BAD 853248205501
BAD 853269446153
BAD 853269446167
BAD 853097103619
BAD 853282135861
BAD 853213074323
BAD 853219078291
BAD 853219202897
BAD 853389349369
BAD 853514801063
BAD 853516637047
BAD 853516637053
BAD 853516637059
BAD 853516637063
BAD 853516637087
BAD 853516637089
BAD 853516637093
BAD 853518436471
BAD 853518922189
BAD 853394205179
BAD 853522079353
BAD 853522504343
BAD 853400370139
BAD 853496954119
BAD 853496995763
BAD 853498813009
BAD 853477224907
BAD 853479834553
BAD 853526582239
BAD 853487487103
BAD 853487487107
BAD 853450397519
BAD 853528029313
BAD 853528029317
BAD 853596394993
BAD 853422968861
BAD 853422968863
BAD 853423014559
BAD 853423549763
BAD 853424316091
BAD 853424328529
BAD 853428323149
BAD 853428941081
BAD 853428941083
BAD 853435507447
BAD 853609891613
BAD 853553442793
BAD 853456110643
BAD 853642155979
BAD 853644488869
BAD 853650163819
BAD 853650714121
BAD 853650714131
BAD 853650714139
BAD 853650714157
BAD 853624671173
BAD 853634896253
BAD 853662580973
BAD 853662626681
BAD 853662626683
BAD 853580226173
BAD 853711513483
BAD 853711513489
BAD 853712889121
BAD 853715364409
BAD 853715364413
BAD 853820793053
BAD 853800178901
BAD 853800178927
BAD 853800351791
BAD 853800351793
BAD 853801191787
BAD 853807120393
BAD 853807408579
BAD 853831258793
BAD 853831258799
BAD 853831258801
BAD 853839301793
BAD 853839301801
BAD 853674303457
BAD 853847649847
BAD 853847649857
BAD 853847649859
BAD 853847649869
BAD 853849911883
BAD 853853756479
BAD 853855711217
BAD 853911261551
BAD 853911261557
BAD 853911261559
BAD 853915663327
BAD 853917963593
BAD 853897259251
BAD 853865528363
BAD 853921146553
BAD 853900546663
BAD 853868387807
BAD 853889059637
BAD 853903343063
BAD 853870532869
BAD 853903343081
BAD 853870532873
BAD 853870532881
BAD 853891843939
BAD 853760118053
BAD 853924504583
BAD 853690758979
BAD 853762480063
BAD 853740268853
BAD 853740268861
BAD 853740268883
BAD 853740268963
BAD 853770405121
BAD 853770405127
BAD 853770405133
BAD 853770605827
BAD 853748477683
BAD 853756950121
BAD 853937411617
BAD 853940501047
BAD 853940501053
BAD 853953982169
BAD 853953982171
BAD 854114632901
BAD 853984084949
BAD 853984084951
BAD 853984160177
BAD 853984160179
BAD 854121994951
BAD 853987512031
BAD 854125778819
BAD 854028023413
BAD 854028023417
BAD 854132029873
BAD 853970483273
BAD 853970483299
BAD 853970932699
BAD 853970932831
BAD 854046300511
BAD 854177640377
BAD 854143918889
BAD 854143918891
BAD 854183119817
BAD 854183119819
BAD 854186891323
BAD 854213117743
BAD 854213887883
BAD 854213887889
BAD 854213903513
BAD 854214457451
BAD 854193669649
BAD 854220570233
BAD 854150631913
BAD 854151456217
BAD 854020427543
BAD 854020463393
BAD 854020463419
BAD 854080373131
BAD 854080610821
BAD 854080610833
BAD 854080610837
BAD 854080610839
BAD 854081799289
BAD 854082795229
BAD 854082795301
BAD 854228940479
BAD 854086136053
BAD 854176095433
BAD 854176095439
BAD 854235303799
BAD 854267649691
BAD 854269275047
BAD 854269275049
BAD 854274458857
BAD 854274458861
BAD 854296697887
BAD 854275743991
BAD 854298531349
BAD 854309250677
BAD 854309250679
BAD 854336236307
BAD 854336236309
BAD 854336236321
BAD 854338710583
BAD 854338710587
BAD 854338710593
BAD 854194362979
BAD 854194362997
BAD 854195889991
BAD 854210507783
BAD 854292298919
BAD 854292298921
BAD 854292298927
BAD 854324916023
BAD 854324916037
BAD 854324916043
BAD 854325512479
BAD 854325512507
BAD 854325512581
BAD 854325512587
BAD 854325512591
BAD 854325896033
BAD 854345504449
BAD 854353284461
BAD 854374811729
BAD 854469073163
BAD 854469073207
BAD 854469073217
BAD 854400681781
BAD 854499439853
BAD 854530694579
BAD 854517259579
BAD 854518026587
BAD 854518026589
BAD 854383516843
BAD 854523289883
BAD 854385204949
BAD 854387558209
BAD 854390936629
BAD 854568165721
BAD 854609895683
BAD 854556638989
BAD 854556638993
BAD 854479835663
BAD 854484689939
BAD 854457248713
BAD 854488464553
BAD 854491838911
BAD 854491838917
BAD 854491838927
BAD 854491838971
BAD 854495529493
BAD 854595680723
BAD 854445408151
BAD 854416828171
BAD 854417297047
BAD 854652775421
BAD 854652775423
BAD 854653966193
BAD 854617673747
BAD 854617673837
BAD 854617673839
BAD 854765719061
BAD 854765719063
BAD 854765719069
BAD 854777002283
BAD 854633287861
BAD 854633287867
BAD 854751804307
BAD 854756682937
BAD 854698427371
BAD 854698925629
BAD 854699202689
BAD 854699202691
BAD 854724944933
BAD 854700785203
BAD 854683531703
BAD 854707883093
BAD 854689067189
BAD 854690074009
BAD 854690074037
BAD 854690074039
BAD 854690074097
BAD 854690074099
BAD 854690074103
BAD 854690214199
BAD 854691296941
BAD 854732501221
BAD 854786531581
BAD 854666689249
BAD 854695691501
BAD 854672033833
BAD 854795884367
BAD 854678147551
BAD 854679813629
BAD 854747635649
BAD 854747635657
BAD 854747635681
BAD 854805677629
BAD 854805677659
BAD 854832936943
BAD 854835561269
BAD 854835561271
BAD 854820359971
BAD 854820359977
BAD 854844879703
BAD 854845465459
BAD 854827407719
BAD 854905819753
BAD 854907485881
BAD 854907485909
BAD 854909937727
BAD 854993154049
BAD 854912937023
BAD 854912937037
BAD 854915412397
BAD 854915412413
BAD 854947167863
BAD 854947167883
BAD 854947167887
BAD 854948510431
BAD 854949936703
BAD 854918736817
BAD 854918736821
BAD 854922421099
BAD 854954663659
BAD 854932073861
BAD 854890492249
BAD 854967984461
BAD 854967984463
BAD 855003898291
BAD 855004056917
BAD 855004056919
BAD 855004056923
BAD 855010419787
BAD 855010419833
BAD 854977466731
BAD 855012435293
BAD 854981504947
BAD 855013988683
BAD 855050562349
BAD 855061893487
BAD 855065302291
BAD 855065723851
BAD 855033134471
BAD 855068596831
BAD 855070584811
BAD 855151215571
BAD 855080198359
BAD 855083279759
BAD 855099371837
BAD 855099371839
BAD 855035846419
BAD 855038155903
BAD 855219348679
BAD 855219502499
BAD 855219502507
BAD 855122026973
BAD 855229235963
BAD 855229236011
BAD 855229236013
BAD 855229236031
BAD 855231099277
BAD 855129776219
BAD 855215159693
BAD 855215723269
BAD 855131455681
BAD 855252296981
BAD 855254644273
BAD 855288203611
BAD 855288780347
BAD 855320121437
BAD 855320289301
BAD 855320289319
BAD 855320289323
BAD 855291528503
BAD 855181497767
BAD 855181497769
BAD 855345981541
BAD 855345981547
BAD 855182499173
BAD 855182499187
BAD 855102341089
BAD 855105063613
BAD 855113768549
BAD 855113768557
BAD 855113768563
BAD 855246302929
BAD 855246302957
BAD 855246302959
BAD 855246302971
BAD 855246515449
BAD 855247290727
BAD 855247290739
BAD 855247290743
BAD 855302254073
BAD 855302254097
BAD 855302254099
BAD 855306128693
BAD 855306128717
BAD 855317579771
BAD 855353114039
BAD 855353114041
BAD 855366943633
BAD 855280379363
BAD 855280488707
BAD 855280488709
BAD 855368007679
BAD 855282328339
BAD 855282328343
BAD 855282635899
BAD 855282788663
BAD 855387913199
BAD 855387913201
BAD 855393669601
BAD 855373345271
BAD 855373345273
BAD 855380536609
BAD 855380536613
BAD 855527045573
BAD 855541024993
BAD 855542142493
BAD 855620943647
BAD 855620943649
BAD 855545649601
BAD 855551032723
BAD 855677308579
BAD 855677308583
BAD 855616121299
BAD 855685243901
BAD 855685243913
BAD 855616872137
BAD 855616872139
BAD 855616958201
BAD 855686030981
BAD 855686030989
BAD 855598575409
BAD 855446809879
BAD 855446809883
BAD 855497327143
BAD 855499140931
BAD 855751632529
BAD 855456427327
BAD 855456427333
BAD 855456427337
BAD 855463357607
BAD 855463357613
BAD 855510065477
BAD 855510065479
BAD 855511635389
BAD 855511635397
BAD 855647268163
BAD 855648629527
BAD 855648629531
BAD 855648629557
BAD 855697110137
BAD 855697237069
BAD 855697426169
BAD 855843192461
BAD 855848652871
BAD 855580368323
BAD 855585612709
BAD 855569337919
BAD 855708309109
BAD 855708309121
BAD 855711683389
BAD 855715234351
BAD 855762815209
BAD 855762815213
BAD 855790076689
BAD 855771359719
BAD 855795572081
BAD 855905823697
BAD 855912699661
BAD 855912699673
BAD 855920121577
BAD 855943378781
BAD 855865804511
BAD 855865804531
BAD 855866909773
BAD 855772097099
BAD 855772097101
BAD 855928416803
BAD 855928416823
BAD 855869710789
BAD 855947425951
BAD 855947425961
BAD 855890494477
BAD 855777039659
BAD 855777039661
BAD 855778617671
BAD 855779585209
BAD 855898332503
BAD 855898332511
BAD 855899348917
BAD 855899348921
BAD 855899348923
BAD 855899348929
BAD 855887106773
BAD 855899672923
BAD 855782793919
BAD 855955708939
BAD 855955708943
BAD 855955708963
BAD 855955708967
BAD 855902149969
BAD 855902149987
BAD 855904161109
BAD 855998104891
BAD 855978646283
BAD 856280552923
BAD 856280552927
BAD 856280552929
BAD 856244837351
BAD 856244837353
BAD 856244837389
BAD 856285104683
BAD 856308819151
BAD 856308819173
BAD 856311536573
BAD 856048878037
BAD 856048878131
BAD 856048878133
BAD 856327693703
BAD 856314686767
BAD 856314686791
BAD 856315413397
BAD 856271156207
BAD 856271156243
BAD 856271156249
BAD 856050800027
BAD 856050800029
BAD 856050800039
BAD 856050800041
BAD 856273041179
BAD 856332845419
BAD 856332845429
BAD 856028383633
BAD 856334953517
BAD 856334953519
BAD 856338223361
BAD 856338223369
BAD 856338223381
BAD 856338656027
BAD 856338656029
BAD 856054394191
BAD 856032864151
BAD 856368049127
BAD 856369477577
BAD 856372979747
BAD 856035386083
BAD 856035386093
BAD 856035386099
BAD 856035925753
BAD 856038125903
BAD 856038125911
BAD 856015552349
BAD 856015552351
BAD 856142690797
BAD 856148438941
BAD 856224261131
BAD 856224261133
BAD 856112616391
BAD 856075353193
BAD 856386458507
BAD 856227989191
BAD 856388011903
BAD 856125044449
BAD 856125227053
BAD 856174628977
BAD 856084206323
BAD 856089217339
BAD 856189261973
BAD 856348809629
BAD 856348809637
BAD 856348809661
BAD 856461656333
BAD 856465354681
BAD 856484069957
BAD 856484070007
BAD 856470419537
BAD 856470419543
BAD 856544334769
BAD 856544334791
BAD 856397918713
BAD 856401165901
BAD 856404258617
BAD 856404258623
BAD 856556979899
BAD 856431128563
BAD 856431817093
BAD 856431817097
BAD 856431817099
BAD 856440425669
BAD 856440425671
BAD 856448059321
BAD 856448663243
BAD 856450310633
BAD 856522495091
BAD 856522495093
BAD 856665642491
BAD 856665642493
BAD 856410010553
BAD 856410010559
BAD 856411813111
BAD 856416437377
BAD 856425163553
BAD 856613754263
BAD 856623393929
BAD 856623401693
BAD 856623401779
BAD 856623401783
BAD 856577986829
BAD 856562449759
BAD 856562449763
BAD 856624386533
BAD 856624386547
BAD 856624386557
BAD 856695071371
BAD 856697530309
BAD 856588352143
BAD 856739532293
BAD 856741788829
BAD 856686332119
BAD 856750194229
BAD 856751852569
BAD 856723747291
BAD 856756192093
BAD 856756192099
BAD 856595924867
BAD 856595924869
BAD 856598813437
BAD 856762839473
BAD 856767636493
BAD 856649466643
BAD 856649946379
BAD 856649946391
BAD 856629942073
BAD 856658846371
BAD 856658846383
BAD 856658846387
BAD 856658846389
BAD 856531394647
BAD 856534560313
BAD 856640575031
BAD 856640575033
BAD 856786704259
BAD 856789887211
BAD 856540965887
BAD 856542045473
BAD 856821620227
BAD 856823677693
BAD 856833720607
BAD 856835434813
BAD 856835434831
BAD 856839897503
BAD 856897045133
BAD 856843882513
BAD 856920193163
BAD 856920193289
BAD 856903606201
BAD 856920193291
BAD 856920193321
BAD 856879466659
BAD 856879466683
BAD 856879715863
BAD 856883827201
BAD 856867930951
BAD 856929410633
BAD 856938975091
BAD 856938975103
BAD 856938975143
BAD 856938975149
BAD 856846985389
BAD 856851451769
BAD 856858532483
BAD 856946168137
BAD 856948635871
BAD 856949870893
BAD 856949870899
BAD 856951622491
BAD 856951622497
BAD 856951770019
BAD 856953985051
BAD 856957418557
BAD 856957418561
BAD 856957418563
BAD 856957418567
BAD 856957512211
BAD 856966226911
BAD 857014108711
BAD 857098535743
BAD 857098535747
BAD 857031027199
BAD 857103122047
BAD 857103122063
BAD 857034659423
BAD 856986453157
BAD 857054654273
BAD 857054654279
BAD 857182532761
BAD 857210593501
BAD 857210593531
BAD 857149241593
BAD 857219864887
BAD 857002942519
BAD 857152818331
BAD 857226421673
BAD 857289632669
BAD 857289632671
BAD 857292803219
BAD 857292803221
BAD 857320071637
BAD 857320687651
BAD 857231982949
BAD 857323927807
BAD 857323927813
BAD 857295282751
BAD 857234780981
BAD 857278560709
BAD 857278560713
BAD 857256271931
BAD 857280344377
BAD 857280344381
BAD 857260577321
BAD 857260577323
BAD 857260577333
BAD 857304119263
BAD 857306819153
BAD 857067861383
BAD 857067861389
BAD 857074278383
BAD 857075853793
BAD 857136604223
BAD 857123392529
BAD 857168090393
BAD 857173864777
BAD 857173864783
BAD 857353453393
BAD 857335773601
BAD 857336318911
BAD 857345078431
BAD 857382471013
BAD 857391021323
BAD 857416731679
BAD 857451814789
BAD 857451814819
BAD 857465701709
BAD 857465701711
BAD 857573047459
BAD 857576856593
BAD 857635883063
BAD 857635883077
BAD 857642126251
BAD 857587875203
BAD 857589454877
BAD 857589454879
BAD 857591501077
BAD 857594626349
BAD 857594626351
BAD 857626432081
BAD 857626432099
BAD 857550476483
BAD 857554937089
BAD 857652579727
BAD 857652579737
BAD 857652579739
BAD 857654764829
BAD 857654764831
BAD 857614917079
BAD 857657404663
BAD 857560441427
BAD 857667111893
BAD 857667111901
BAD 857687654323
BAD 857687654339
BAD 857534858963
BAD 857737686863
BAD 857737783271
BAD 857501410163
BAD 857501410169
BAD 857501410261
BAD 857505901729
BAD 857744714161
BAD 857511741061
BAD 857512071049
BAD 857718735589
BAD 857721097381
BAD 857518300187
BAD 857751642793
BAD 857751642799
BAD 857854147027
BAD 857854147043
BAD 857854147069
BAD 857808493237
BAD 857526358069
BAD 857861905687
BAD 857527997629
BAD 857527997657
BAD 857773645279
BAD 857773645283
BAD 857774202113
BAD 857774967173
BAD 857822254543
BAD 857783104357
BAD 857836056761
BAD 857832149903
BAD 857877122033
BAD 857882776343
BAD 857891786371
BAD 857893787299
BAD 857899365151
BAD 857899822847
BAD 857902668661
BAD 857917558297
BAD 857938345247
BAD 857938345249
BAD 857938345291
BAD 857969347817
BAD 857969347819
BAD 857969818973
BAD 857986316179
BAD 857986316183
BAD 857957797819
BAD 857992469263
BAD 857993730743
BAD 857997220373
BAD 857966966551
BAD 857935148773
BAD 857935148779
BAD 857935148783
BAD 857999074567
BAD 858015039061
BAD 858036739517
BAD 858043240213
BAD 858050168713
BAD 858052886641
BAD 858087769619
BAD 858095876641
BAD 858096024323
BAD 858098381641
BAD 858380952277
BAD 858381163873
BAD 858381163877
BAD 858381163879
BAD 858381163883
BAD 858406015231
BAD 858408341993
BAD 858071644343
BAD 858384815161
BAD 858384815179
BAD 858409350961
BAD 858054011329
BAD 858054011333
BAD 858072830513
BAD 858073829359
BAD 858415313159
BAD 858076402723
BAD 858076402739
BAD 858076402741
BAD 858357804943
BAD 858360934843
BAD 858360934903
BAD 858343875637
BAD 858391536241
BAD 858079894051
BAD 858079894057
BAD 858347820797
BAD 858370762591
BAD 858331575973
BAD 858331575989
BAD 858331575991
BAD 858302147917
BAD 858335444279
BAD 858404880499
BAD 858192584149
BAD 858194511137
BAD 858194511143
BAD 858194511157
BAD 858194511169
BAD 858155499871
BAD 858165191393
BAD 858166937027
BAD 858166937029
BAD 858173225573
BAD 858176410733
BAD 858280663663
BAD 858179491811
BAD 858180055871
BAD 858263297429
BAD 858263297431
BAD 858427257383
BAD 858427257397
BAD 858107902891
BAD 858287635267
BAD 858432094837
BAD 858432094853
BAD 858114622853
BAD 858124864403
BAD 858207680521
BAD 858129738451
BAD 858215062919
BAD 858215062921
BAD 858144687007
BAD 858134589413
BAD 858454398383
BAD 858463400261
BAD 858464865919
BAD 858488653579
BAD 858489649453
BAD 858489649463
BAD 858510608573
BAD 858510608633
BAD 858574793413
BAD 858574793431
BAD 858575561003
BAD 858585515803
BAD 858586692251
BAD 858534176449
BAD 858537090503
BAD 858741844049
BAD 858749403683
BAD 858749403727
BAD 858597829351
BAD 858597829357
BAD 858597829367
BAD 858603668983
BAD 858609224177
BAD 858616996723
BAD 858616996753
BAD 858539739721
BAD 858549054617
BAD 858549054619
BAD 858550814047
BAD 858552229027
BAD 858833971453
BAD 858833971459
BAD 858633174211
BAD 858776130683
BAD 858729940051
BAD 858778005271
BAD 858636361889
BAD 858841159279
BAD 858841159283
BAD 858841425721
BAD 858708667853
BAD 858783692639
BAD 858691565393
BAD 858739885117
BAD 858696206453
BAD 858715595999
BAD 858715596001
BAD 858696963169
BAD 858696963181
BAD 858697614193
BAD 858700895519
BAD 858720554669
BAD 858720554677
BAD 858720554683
BAD 858720554687
BAD 858720554689
BAD 858703924051
BAD 858707227493
BAD 858688160003
BAD 858797411453
BAD 858883691543
BAD 858887091323
BAD 858926831317
BAD 858952658143
BAD 858952658147
BAD 858934723993
BAD 858912534947
BAD 858939622603
BAD 858942184591
BAD 858918868909
BAD 858918868963
BAD 858918868993
BAD 858918868999
BAD 858924089239
BAD 858924089273
BAD 858858370333
BAD 858894717403
BAD 858896184959
BAD 858896184961
BAD 858896615723
BAD 858897664829
BAD 858897664831
BAD 858900215759
BAD 858845653189
BAD 858976469431
BAD 858966733223
BAD 858966733231
BAD 858967853941
BAD 858974480783
BAD 859001050189
BAD 859003646299
BAD 859021025399
BAD 859021210849
BAD 859177381457
BAD 859177381459
BAD 859177381463
BAD 859180293019
BAD 859148605013
BAD 859148605019
BAD 859149776851
BAD 859191087331
BAD 859191087347
BAD 859191087353
BAD 859062192223
BAD 859078089619
BAD 859071389719
BAD 859072196789
BAD 859072196791
BAD 859089898259
BAD 859073182789
BAD 859098552511
BAD 859098552527
BAD 859132507399
BAD 859137007307
BAD 859137118811
BAD 859248891961
BAD 859252479037
BAD 859252479047
BAD 859252479049
BAD 859029626671
BAD 859029626677
BAD 859029626681
BAD 859029626683
BAD 859315581269
BAD 859316303921
BAD 859320648091
BAD 859320888037
BAD 859320888137
BAD 859266497603
BAD 859424123029
BAD 859425101837
BAD 859425211097
BAD 859270277543
BAD 859270277549
BAD 859326780733
BAD 859326971983
BAD 859428746321
BAD 859280696401
BAD 859280696411
BAD 859305628483
BAD 859345258669
BAD 859310313611
BAD 859310313613
BAD 859386612983
BAD 859394172257
BAD 859199277931
BAD 859122141049
BAD 859202779403
BAD 859202779411
BAD 859202779469
BAD 859202779471
BAD 859209014941
BAD 859232491003
BAD 859447262059
BAD 859449112141
BAD 859449453623
BAD 859454656603
BAD 859235530253
BAD 859237716983
BAD 859362610343
BAD 859366435567
BAD 859366435573
BAD 859366435579
BAD 859372377713
BAD 859530025829
BAD 859530025831
BAD 859515910307
BAD 859515910313
BAD 859516351061
BAD 859516351063
BAD 859374692989
BAD 859374693029
BAD 859376524519
BAD 859436879243
BAD 859466521939
BAD 859466521943
BAD 859546036519
BAD 859546036523
BAD 859399637903
BAD 859399637911
BAD 859564143563
BAD 859638205397
BAD 859661883877
BAD 859661883889
BAD 859685156311
BAD 859688023669
BAD 859688023673
BAD 859689979501
BAD 859664445727
BAD 859668020243
BAD 859668763537
BAD 859721058533
BAD 859722270397
BAD 859726616953
BAD 859726616971
BAD 859726617019
BAD 859727020183
BAD 859705313021
BAD 859705313023
BAD 859731591613
BAD 859731591623
BAD 859735891439
BAD 859745530073
BAD 859785854153
BAD 859791330821
BAD 859791330823
BAD 859797390121
BAD 859878953917
BAD 859878954059
BAD 859878954061
BAD 859817119103
BAD 859817119111
BAD 859899562309
BAD 859899562321
BAD 859899562331
BAD 859821429799
BAD 859903801591
BAD 859904568199
BAD 859905842491
BAD 859859991593
BAD 859912929451
BAD 859912929457
BAD 859549596793
BAD 859551672613
BAD 859602292207
BAD 859584945077
BAD 859750222693
BAD 859751415059
BAD 859800292849
BAD 859801113529
BAD 859762972669
BAD 859764265133
BAD 859935127069
BAD 859837406977
BAD 859941854311
BAD 859839064613
BAD 859839110107
BAD 859839110113
BAD 859946807677
BAD 859840839713
BAD 859840839719
BAD 859840839721
BAD 859848045473
BAD 859768684409
BAD 859779613969
BAD 859780248739
BAD 859780248757
BAD 859780248763
BAD 859780266119
BAD 859959678673
BAD 859965715967
BAD 859967018929
BAD 859971176569
RANGE 850000000000 860000000000 PRIMES 363977008 BAD 1703
