BAD 910084586441
BAD 910084586443
BAD 910087331371
BAD 910097006411
BAD 910146703289
BAD 910146703303
BAD 910153863181
BAD 910153863187
BAD 910153863191
BAD 910155572401
BAD 910166269087
BAD 910270698991
BAD 910270699001
BAD 910024985713
BAD 910281619021
BAD 910281619033
BAD 910283857687
BAD 910106536093
BAD 910114159531
BAD 910114159543
BAD 910114159547
BAD 910388775563
BAD 910068996607
BAD 910070906981
BAD 910072144483
BAD 910374767221
BAD 910374767233
BAD 910399815007
BAD 910400552927
BAD 910400552947
BAD 910238071459
BAD 910382216413
BAD 910238071469
BAD 910238071471
BAD 910033782499
BAD 910033782503
BAD 910251101267
BAD 910251101269
BAD 910251101273
BAD 910035450953
BAD 910125813983
BAD 910126177837
BAD 910127463199
BAD 910127666363
BAD 910127720309
BAD 910127720311
BAD 910127720371
BAD 910128184253
BAD 910038777553
BAD 910038860281
BAD 910038860293
BAD 910303886383
BAD 910224102833
BAD 910042113377
BAD 910312944379
BAD 910312944383
BAD 910312944389
BAD 910312944391
BAD 910312944397
BAD 910312944413
BAD 910312944451
BAD 910201505413
BAD 910340397523
BAD 910000506559
BAD 910000506563
BAD 910000506589
BAD 910000506593
BAD 910000506599
BAD 910000506601
BAD 910003476079
BAD 910328054437
BAD 910329337471
BAD 910330388899
BAD 910286289487
BAD 910251816521
BAD 910257925303
BAD 910300939633
BAD 910300939637
BAD 910300939643
BAD 910300939651
BAD 910054488073
BAD 910262595031
BAD 910055610979
BAD 910266087559
BAD 910061215429
BAD 910187411333
BAD 910187411359
BAD 910187411363
BAD 910187411369
BAD 910189534831
BAD 910191826891
BAD 910195614623
BAD 910421347721
BAD 910405646317
BAD 910411589587
BAD 910457890151
BAD 910441876447
BAD 910443168337
BAD 910451484499
BAD 910452326489
BAD 910475132473
BAD 910477422467
BAD 910477422469
BAD 910477422473
BAD 910482516109
BAD 910547209493
BAD 910501227113
BAD 910553615791
BAD 910563572671
BAD 910565974597
BAD 910568452531
BAD 910568751437
BAD 910568751439
BAD 910503401723
BAD 910508370539
BAD 910608428803
BAD 910608428813
BAD 910629990421
BAD 910575324587
BAD 910575324599
BAD 910575324601
BAD 910575766609
BAD 910640821973
BAD 910641732391
BAD 910579208687
BAD 910579208689
BAD 910645010029
BAD 910597227409
BAD 910599488089
BAD 910603102049
BAD 910603102051
BAD 910661534947
BAD 910661534971
BAD 910661534977
BAD 910814274691
BAD 910815675859
BAD 910815675863
BAD 910819153429
BAD 910832001283
BAD 910832001293
BAD 910832001307
BAD 910853578861
BAD 910855132963
BAD 910705036693
BAD 910957299887
BAD 910970776627
BAD 910970776691
BAD 910713439633
BAD 910739960821
BAD 910973627323
BAD 910878323423
BAD 910744990097
BAD 910980752911
BAD 910981385123
BAD 910982385463
BAD 910982385473
BAD 910721419441
BAD 910884504289
BAD 910751623141
BAD 910752049819
BAD 910752049843
BAD 910885481543
BAD 911051064953
BAD 911006800723
BAD 911053859503
BAD 911053859509
BAD 910753071689
BAD 910753071691
BAD 911021255689
BAD 910794097019
BAD 910794097021
BAD 910794097063
BAD 911026406933
BAD 911026406971
BAD 910891710871
BAD 910800945113
BAD 911062794793
BAD 911062794797
BAD 911062794799
BAD 910805225311
BAD 910910221609
BAD 910942408591
BAD 910942408601
BAD 910942408603
BAD 910942408609
BAD 910936346329
BAD 910919041369
BAD 910919041381
BAD 910946632441
BAD 910947931757
BAD 910947931771
BAD 910954276403
BAD 910955727067
BAD 910990777621
BAD 910996879789
BAD 910998942169
BAD 911004315943
BAD 911006329703
BAD 911156101069
BAD 911205055223
BAD 911205055237
BAD 911109645613
BAD 911117689129
BAD 911119925333
BAD 911292399557
BAD 911292399559
BAD 911295430711
BAD 911297442767
BAD 911226596281
BAD 911227603771
BAD 911227603777
BAD 911242792939
BAD 911242792949
BAD 911242792951
BAD 911246055479
BAD 911237701441
BAD 911075815487
BAD 911082140597
BAD 911082140599
BAD 911317625269
BAD 911319578179
BAD 911344178299
BAD 911346950629
BAD 911479662349
BAD 911480048203
BAD 911480048207
BAD 911480048209
BAD 911178841891
BAD 911178841897
BAD 911497163047
BAD 911497163063
BAD 911160779761
BAD 911165195599
BAD 911165195617
BAD 911165980189
BAD 911166394051
BAD 911166643043
BAD 911169900001
BAD 911173545521
BAD 911173545523
BAD 911173545539
BAD 911361839161
BAD 911418024667
BAD 911466313831
BAD 911510125453
BAD 911515090831
BAD 911515770577
BAD 911210944223
BAD 911216176217
BAD 911216176219
BAD 911278204787
BAD 911278204789
BAD 911522038087
BAD 911439506167
BAD 911327581763
BAD 911340569749
BAD 911603913383
BAD 911584306837
BAD 911605354441
BAD 911591031839
BAD 911591031853
BAD 911260140449
BAD 911260140451
BAD 911272105561
BAD 911380787539
BAD 911380787543
BAD 911383719041
BAD 911616206807
BAD 911549496751
BAD 911552789141
BAD 911552789143
BAD 911661515629
BAD 911658565067
BAD 911663973397
BAD 911665551557
BAD 911665551583
BAD 911665551593
BAD 911701905319
BAD 911559196243
BAD 911559196297
BAD 911703109223
BAD 911703109243
BAD 911703109253
BAD 911708090663
BAD 911713430393
BAD 911536465537
BAD 911536627307
BAD 911716446371
BAD 911716446373
BAD 911719358029
BAD 911541849457
BAD 911541849461
BAD 911726512397
BAD 911726512399
BAD 911684816971
BAD 911684816983
BAD 911688514577
BAD 911689126687
BAD 911631035131
BAD 911635708579
BAD 911635708583
BAD 911635708597
BAD 911635708609
BAD 911802476369
BAD 911805184603
BAD 911736892537
BAD 911905348589
BAD 911905348603
BAD 911905348621
BAD 911907147797
BAD 911907147799
BAD 911922333109
BAD 911909705527
BAD 911909705533
BAD 911909705537
BAD 911909705543
BAD 911743803571
BAD 911965253569
BAD 911965253603
BAD 911995623631
BAD 912004267487
BAD 912038468531
BAD 912038468533
BAD 912012991397
BAD 912012991399
BAD 912012991403
BAD 912042794513
BAD 912086888497
BAD 911853469699
BAD 911856158621
BAD 911856158623
BAD 911774420897
BAD 911774420899
BAD 911774420903
BAD 911774420911
BAD 911842201513
BAD 911842201519
BAD 911870526331
BAD 912145513033
BAD 912145513073
BAD 911929597093
BAD 911929597097
BAD 911929597099
BAD 912183358369
BAD 912183358381
BAD 912189558569
BAD 912189558571
BAD 912060485671
BAD 911880537811
BAD 911881093567
BAD 912193347127
BAD 911885952743
BAD 911895063733
BAD 911946783661
BAD 911948862763
BAD 911951880079
BAD 911951880083
BAD 912209198843
BAD 912209198851
BAD 911960066093
BAD 911961709313
BAD 912232941079
BAD 912232941091
BAD 912098728253
BAD 912098728259
BAD 912215383423
BAD 912215383427
BAD 912215383441
BAD 912258410561
BAD 912258410563
BAD 912260678419
BAD 912220439101
BAD 912263178173
BAD 912263178199
BAD 912264339359
BAD 912264339361
BAD 912223431781
BAD 912078401153
BAD 912078401167
BAD 912079768463
BAD 912274697317
BAD 912167814247
BAD 912173850787
BAD 912180260633
BAD 912180617123
BAD 912180617129
BAD 912117845003
BAD 912301477001
BAD 912330472853
BAD 912330472861
BAD 912282243811
BAD 912333477563
BAD 912333477571
BAD 912334080137
BAD 912419614181
BAD 912422789749
BAD 912365793827
BAD 912351314689
BAD 912353245571
BAD 912353723539
BAD 912353723599
BAD 912551967713
BAD 912437585491
BAD 912437585497
BAD 912437585509
BAD 912437585513
BAD 912357104437
BAD 912357104441
BAD 912382575457
BAD 912382575463
BAD 912440615329
BAD 912441492409
BAD 912560082503
BAD 912560082509
BAD 912560403967
BAD 912364237747
BAD 912534356711
BAD 912534356737
BAD 912506393837
BAD 912506393839
BAD 912509336443
BAD 912509336449
BAD 912510221347
BAD 912398110033
BAD 912511995293
BAD 912399046147
BAD 912635472509
BAD 912412649989
BAD 912415918327
BAD 912619537183
BAD 912619537201
BAD 912623926607
BAD 912623926609
BAD 912626517661
BAD 912626517667
BAD 912628840271
BAD 912628840273
BAD 912611624047
BAD 912493146811
BAD 912493146821
BAD 912493146823
BAD 912482394773
BAD 912482394793
BAD 912482394797
BAD 912516629603
BAD 912516629623
BAD 912662149417
BAD 912584618711
BAD 912584842927
BAD 912585217177
BAD 912588897421
BAD 912528579931
BAD 912590662013
BAD 912595832791
BAD 912703192103
BAD 912674475733
BAD 912687477379
BAD 912695846089
BAD 912745528243
BAD 912745528249
BAD 912751281961
BAD 912777776959
BAD 912782278237
BAD 912783425597
BAD 912783425599
BAD 912783461363
BAD 912760540849
BAD 912767017343
BAD 912904452071
BAD 912904452073
BAD 912798232657
BAD 912855694769
BAD 912855694771
BAD 912857328991
BAD 912819768271
BAD 912926182709
BAD 912926182711
BAD 912926182717
BAD 912926182723
BAD 912930811999
BAD 912833976023
BAD 912847740097
BAD 912953945843
BAD 912957656227
BAD 912978830051
BAD 912978830053
BAD 912978830069
BAD 912963926597
BAD 913021688323
BAD 913021688333
BAD 913078005241
BAD 913079316379
BAD 913029008587
BAD 913029479273
BAD 913034221769
BAD 912807177367
BAD 912945900929
BAD 912945900931
BAD 912950025181
BAD 912808980229
BAD 912951420883
BAD 912952066711
BAD 912993589307
BAD 912993589309
BAD 912993603169
BAD 912810909523
BAD 912996296689
BAD 912996296699
BAD 912996296701
BAD 912996296777
BAD 912996512359
BAD 912816381821
BAD 912816381823
BAD 913056723263
BAD 913010012281
BAD 913014960577
BAD 913016981633
BAD 913019291251
BAD 913141679873
BAD 913107335821
BAD 913152311089
BAD 913115756983
BAD 913091717117
BAD 913091717119
BAD 913091717123
BAD 913171142491
BAD 913134434827
BAD 913157494261
BAD 913157494267
BAD 913158640861
BAD 913158640883
BAD 913159856393
BAD 913179928223
BAD 913226148617
BAD 913239238523
BAD 913194585893
BAD 913276542049
BAD 913291281103
BAD 913291281107
BAD 913205775059
BAD 913205775061
BAD 913210020103
BAD 913214450917
BAD 913218825187
BAD 913490028193
BAD 913515562097
BAD 913568461291
BAD 913568616203
BAD 913429120633
BAD 913451182603
BAD 913452867991
BAD 913452867997
BAD 913403865211
BAD 913403865233
BAD 913462387139
BAD 913462387141
BAD 913356166651
BAD 913363715161
BAD 913380820951
BAD 913598049101
BAD 913598049103
BAD 913599595771
BAD 913615605913
BAD 913615605923
BAD 913309347383
BAD 913310032291
BAD 913310386381
BAD 913387687217
BAD 913478880343
BAD 913480076251
BAD 913481790341
BAD 913349846491
BAD 913352178313
BAD 913352178317
BAD 913354685209
BAD 913675322993
BAD 913675322999
BAD 913675323007
BAD 913678769687
BAD 913683163577
BAD 913683163579
BAD 913710819803
BAD 913714776803
BAD 913722978283
BAD 913722978293
BAD 913722978307
BAD 913536290003
BAD 913731718747
BAD 913731718751
BAD 913538490413
BAD 913538490419
BAD 913538490421
BAD 913579881953
BAD 913585964611
BAD 913589870131
BAD 913741354189
BAD 913755414437
BAD 913699470559
BAD 913705171693
BAD 913705171703
BAD 913705171711
BAD 914029222727
BAD 914029222787
BAD 914029222789
BAD 914034746567
BAD 914035532897
BAD 914035532911
BAD 913915531819
BAD 913930680727
BAD 913930680731
BAD 913880285023
BAD 914079079483
BAD 914054814823
BAD 914086960531
BAD 913787477963
BAD 913787477969
BAD 913787477971
BAD 913789530301
BAD 914119917421
BAD 914119917479
BAD 914119917481
BAD 913797224071
BAD 914131537093
BAD 914131744717
BAD 913804034329
BAD 913804034333
BAD 913820388479
BAD 914141115829
BAD 914141115893
BAD 914016153577
BAD 914018192767
BAD 914020842043
BAD 914020842047
BAD 914062918919
BAD 914062918921
BAD 913945528987
BAD 913945529023
BAD 913945677991
BAD 914066273737
BAD 914066273741
BAD 913951348601
BAD 913951348603
BAD 913849654567
BAD 913849654573
BAD 913854379057
BAD 914003489653
BAD 914007630259
BAD 914107246531
BAD 913892812717
BAD 913895590381
BAD 913904688413
BAD 913961109713
BAD 913964433533
BAD 914144804437
BAD 914146380463
BAD 914167756519
BAD 914158862473
BAD 914185984141
BAD 914185984147
BAD 914214970483
BAD 914214970489
BAD 914221830481
BAD 914225895469
BAD 914225895523
BAD 914225895559
BAD 914239493581
BAD 914243829977
BAD 914295785593
BAD 914295785597
BAD 914295785603
BAD 914269057027
BAD 914269057033
BAD 914316825503
BAD 914319735761
BAD 914319735829
BAD 914322512501
BAD 914600308021
BAD 914602296079
BAD 914569664929
BAD 914569664933
BAD 914278573787
BAD 914409391837
BAD 914411298743
BAD 914378923433
BAD 914521959503
BAD 914583214297
BAD 914448837227
BAD 914448837251
BAD 914589428791
BAD 914450359573
BAD 914330965703
BAD 914333583481
BAD 914420822113
BAD 914441124287
BAD 914595259891
BAD 914633895533
BAD 914480967811
BAD 914638181393
BAD 914344349843
BAD 914344349861
BAD 914469160153
BAD 914623678799
BAD 914642272177
BAD 914474038369
BAD 914642577169
BAD 914642577193
BAD 914642577203
BAD 914642577241
BAD 914477596897
BAD 914477596943
BAD 914647380121
BAD 914350576387
BAD 914350576427
BAD 914495490841
BAD 914353434691
BAD 914651414197
BAD 914658491783
BAD 914546869127
BAD 914546869129
BAD 914562414617
BAD 914677792943
BAD 914699737673
BAD 914708688409
BAD 914694039841
BAD 914715226603
BAD 914717713573
BAD 914721242107
BAD 914721242117
BAD 914721242119
BAD 914724961103
BAD 914738551729
BAD 914743496987
BAD 914813466383
BAD 914954494981
BAD 914882824957
BAD 914888986819
BAD 914898481897
BAD 914815725587
BAD 914815725589
BAD 914818204837
BAD 914764891367
BAD 914764891387
BAD 914764891393
BAD 914852076907
BAD 914852076913
BAD 914772196643
BAD 915036136129
BAD 914969697781
BAD 914969697893
BAD 914969697911
BAD 914864300359
BAD 914847566033
BAD 915044266867
BAD 915046936213
BAD 915054924503
BAD 915057125663
BAD 915120728471
BAD 915122054137
BAD 915125427277
BAD 915125472119
BAD 914781871279
BAD 914781871291
BAD 914787952537
BAD 914792857133
BAD 914792857141
BAD 914795255371
BAD 914795255417
BAD 914795255419
BAD 914795255431
BAD 914795963933
BAD 914795963941
BAD 915135340921
BAD 915136371277
BAD 915137824519
BAD 915138870263
BAD 915140013199
BAD 915140013223
BAD 914917208143
BAD 914917208147
BAD 914919405481
BAD 914919405487
BAD 915106379233
BAD 915106951699
BAD 915153316291
BAD 915157928719
BAD 915157928723
BAD 915159218821
BAD 915219599773
BAD 915162537851
BAD 915162887099
BAD 915162887101
BAD 915210789329
BAD 915210789331
BAD 915246060151
BAD 915250167473
BAD 915217191683
BAD 915228138709
BAD 915230642497
BAD 915259045937
BAD 915453172289
BAD 915571409947
BAD 915372448699
BAD 915380954659
BAD 915380954671
BAD 915383202659
BAD 915383202661
BAD 915540889129
BAD 915268303531
BAD 915321658639
BAD 915327201361
BAD 915330910667
BAD 915330910687
BAD 915592104157
BAD 915595874927
BAD 915595874929
BAD 915595874933
BAD 915282674303
BAD 915282674311
BAD 915357531871
BAD 915293029309
BAD 915358486753
BAD 915299398033
BAD 915301187113
BAD 915366160589
BAD 915366160591
BAD 915405381937
BAD 915367994539
BAD 915340810253
BAD 915340810273
BAD 915340810277
BAD 915424808041
BAD 915424808047
BAD 915503448721
BAD 915507132457
BAD 915515277253
BAD 915611136977
BAD 915613869631
BAD 915615028051
BAD 915617167141
BAD 915390693331
BAD 915471468103
BAD 915626840153
BAD 915631246417
BAD 915631246421
BAD 915632041637
BAD 915658706077
BAD 915674416543
BAD 915745885183
BAD 915763090531
BAD 915715086079
BAD 915795316363
BAD 915795316409
BAD 915795316411
BAD 915795316417
BAD 915766506997
BAD 915767643677
BAD 915927993173
BAD 915927993179
BAD 915930810799
BAD 915930810803
BAD 915930810811
BAD 915930810841
BAD 915842099743
BAD 915821592017
BAD 915821592019
BAD 915887774119
BAD 915772780063
BAD 915772780099
BAD 915864731933
BAD 915864731953
BAD 915785205943
BAD 915832765703
BAD 915833505179
BAD 915940349131
BAD 915911573309
BAD 915916370543
BAD 915916370549
BAD 915723232051
BAD 915730113391
BAD 915904515199
BAD 915904515203
BAD 915904515209
BAD 916008291859
BAD 916041736999
BAD 916176040613
BAD 916044034229
BAD 916044034231
BAD 916124122703
BAD 916182709921
BAD 916049758937
BAD 916184678779
BAD 916053562147
BAD 916053718301
BAD 916053718303
BAD 916138753577
BAD 916109848673
BAD 916109848679
BAD 916109848681
BAD 915998436433
BAD 916077010447
BAD 916077010501
BAD 915962109011
BAD 916121648899
BAD 915964261879
BAD 915964261889
BAD 915965306183
BAD 915977713733
BAD 915978152851
BAD 916088703731
BAD 916150689413
BAD 915983257823
BAD 916153635031
BAD 916153635037
BAD 916154037923
BAD 915985128287
BAD 915985128293
BAD 915985993367
BAD 915985993369
BAD 916166343109
BAD 916167427607
BAD 916167427633
BAD 916167427639
BAD 916096424827
BAD 916169594891
BAD 916171749593
BAD 916105377841
BAD 916063408243
BAD 916067338541
BAD 916067338553
BAD 916210304179
BAD 916223661973
BAD 916265158621
BAD 916268176783
BAD 916272269389
BAD 916283823953
BAD 916283872747
BAD 916307381557
BAD 916514753753
BAD 916520084507
BAD 916520084509
BAD 916521006523
BAD 916521006539
BAD 916386175799
BAD 916386175801
BAD 916386175813
BAD 916387891973
BAD 916473726211
BAD 916573419137
BAD 916498409461
BAD 916574337103
BAD 916574337113
BAD 916449720353
BAD 916449720359
BAD 916449720367
BAD 916449720379
BAD 916449720383
BAD 916507645307
BAD 916507645309
BAD 916509293857
BAD 916452567599
BAD 916452567601
BAD 916453334501
BAD 916400542583
BAD 916406092873
BAD 916406092907
BAD 916406092909
BAD 916408223141
BAD 916408223161
BAD 916331739803
BAD 916340113393
BAD 916366529677
BAD 916366529699
BAD 916367163541
BAD 916374166933
BAD 916374166943
BAD 916344800113
BAD 916344800131
BAD 916346078293
BAD 916597576049
BAD 916597576051
BAD 916429086091
BAD 916436764249
BAD 916533373801
BAD 916534513277
BAD 916628712091
BAD 916713358879
BAD 916725105161
BAD 916726968643
BAD 916687973239
BAD 916614561067
BAD 916648712093
BAD 916620378733
BAD 916620378749
BAD 916621285553
BAD 916797106969
BAD 916797478747
BAD 916800876007
BAD 916806632899
BAD 916733205763
BAD 916664217047
BAD 916738201009
BAD 916738201013
BAD 916739094977
BAD 916739094979
BAD 916672465517
BAD 916741681433
BAD 916821677281
BAD 916824652297
BAD 916849628089
BAD 916859138579
BAD 916837450099
BAD 916938258083
BAD 916899109927
BAD 916899109943
BAD 916905035047
BAD 916907622079
BAD 916953935899
BAD 916953935903
BAD 916914108809
BAD 916914108811
BAD 916863297913
BAD 916883824867
BAD 916996282193
BAD 916967968789
BAD 916967968793
BAD 917001928643
BAD 916971171637
BAD 917035877803
BAD 917038102439
BAD 917044587581
BAD 917044587583
BAD 917149631269
BAD 917149631273
BAD 917149869641
BAD 917156079179
BAD 917167138513
BAD 917167138529
BAD 917113792117
BAD 917239830979
BAD 917240829233
BAD 917126674403
BAD 917126674447
BAD 917126674463
BAD 917126674483
BAD 917219279941
BAD 917219776051
BAD 917225384773
BAD 917187355703
BAD 917190492611
BAD 917190492613
BAD 917190492619
BAD 917229505579
BAD 917191908673
BAD 917257646257
BAD 917258890789
BAD 917260216363
BAD 917019712283
BAD 916987994059
BAD 917066410231
BAD 917142048803
BAD 917111028803
BAD 917074056013
BAD 917213576077
BAD 917298460261
BAD 917300909879
BAD 917300909881
BAD 917308741553
BAD 917308744357
BAD 917313668603
BAD 917415670823
BAD 917424538847
BAD 917451770663
BAD 917451770671
BAD 917451770693
BAD 917453160497
BAD 917503093699
BAD 917504886989
BAD 917504887031
BAD 917488499573
BAD 917489455429
BAD 917523589861
BAD 917472856847
BAD 917472856849
BAD 917491128199
BAD 917527183303
BAD 917479749353
BAD 917479749413
BAD 917479749421
BAD 917437351849
BAD 917602674953
BAD 917335198531
BAD 917343224423
BAD 917322053149
BAD 917322688019
BAD 917322688021
BAD 917345685733
BAD 917322982819
BAD 917346199321
BAD 917387742281
BAD 917387742289
BAD 917387742319
BAD 917388329243
BAD 917388329261
BAD 917567144287
BAD 917548203961
BAD 917548203973
BAD 917674771939
BAD 917681162119
BAD 917654787607
BAD 917663570071
BAD 917663570077
BAD 917663570111
BAD 917663570113
BAD 917663570123
BAD 917702279041
BAD 917716502503
BAD 917688208147
BAD 917688208223
BAD 917688544973
BAD 917689097267
BAD 917689097341
BAD 917726701849
BAD 917726701861
BAD 917734068341
BAD 917734068343
BAD 917734068347
BAD 917753158999
BAD 917755180763
BAD 917755180789
BAD 917808643373
BAD 917808643379
BAD 917764445071
BAD 917764445077
BAD 917764445083
BAD 917765064919
BAD 917817335401
BAD 917780889691
BAD 917742035323
BAD 917745483841
BAD 917749402951
BAD 917790369281
BAD 917800424381
BAD 917844885077
BAD 917844885079
BAD 917846942449
BAD 917878253587
BAD 917883712943
BAD 917974162487
BAD 917953995863
BAD 917957935351
BAD 918012284543
BAD 918012284617
BAD 918012284621
BAD 917922731093
BAD 917922731123
BAD 917922731183
BAD 917988188329
BAD 917989282079
BAD 917989282081
BAD 917895997561
BAD 918065293367
BAD 918078471319
BAD 918078471353
BAD 918082575143
BAD 917945101873
BAD 917945101891
BAD 917952003389
BAD 917952003391
BAD 918027385507
BAD 918027385511
BAD 918029369671
BAD 918171550741
BAD 918207356119
BAD 918145027451
BAD 918174459277
BAD 918145708507
BAD 918174459281
BAD 918151709879
BAD 918218054791
BAD 918197266733
BAD 918155429839
BAD 918160945501
BAD 918102396413
BAD 918102396451
BAD 918253518397
BAD 918235525591
BAD 918261313603
BAD 918261313609
BAD 918261313621
BAD 918261313631
BAD 918263196679
BAD 918263196691
BAD 918293684093
BAD 918352557197
BAD 918580605169
BAD 918558352177
BAD 918558352181
BAD 918558352183
BAD 918560192131
BAD 918562167623
BAD 918562630621
BAD 918530198693
BAD 918530198701
BAD 918531386963
BAD 918566623879
BAD 918566623883
BAD 918567706759
BAD 918521640241
BAD 918521671303
BAD 918397219321
BAD 918400267999
BAD 918456886201
BAD 918460613701
BAD 918437979983
BAD 918437979989
BAD 918437979997
BAD 918437980037
BAD 918437980039
BAD 918437980043
BAD 918468932057
BAD 918468932081
BAD 918317389313
BAD 918317389331
BAD 918317389333
BAD 918317389343
BAD 918668539897
BAD 918318872183
BAD 918318872189
BAD 918605715173
BAD 918605715179
BAD 918606527191
BAD 918490962973
BAD 918491903159
BAD 918645022289
BAD 918406532893
BAD 918655262741
BAD 918655262743
BAD 918655262747
BAD 918277887301
BAD 918277887311
BAD 918277887313
BAD 918631801057
BAD 918422083963
BAD 918322233991
BAD 918377768653
BAD 918477289969
BAD 918478595197
BAD 918359091709
BAD 918482675839
BAD 918482675843
BAD 918688616047
BAD 918734757709
BAD 918734757713
BAD 918734757749
BAD 918774637241
BAD 918758048867
BAD 918758048869
BAD 918759765047
BAD 918792288563
BAD 918762497251
BAD 918798449953
BAD 918800220139
BAD 918806108557
BAD 918887704331
BAD 918887704333
BAD 919029743449
BAD 919033951699
BAD 919039103629
BAD 919039486867
BAD 919040294569
BAD 919096089803
BAD 918826071641
BAD 919090444373
BAD 918840547763
BAD 918840547769
BAD 918841021837
BAD 919128106913
BAD 919196103703
BAD 919200521237
BAD 919185344333
BAD 919201062943
BAD 919201063009
BAD 919201063013
BAD 919201063019
BAD 919201063021
BAD 919203611257
BAD 919203611273
BAD 919203611281
BAD 919162086709
BAD 919191669667
BAD 919141017547
BAD 919142906579
BAD 919142906581
BAD 919174951007
BAD 918899988221
BAD 918983405917
BAD 918904240469
BAD 918989801101
BAD 918935904473
BAD 918939010259
BAD 918939010261
BAD 918939010267
BAD 918942531251
BAD 918942531253
BAD 918940784191
BAD 918950394667
BAD 919076088979
BAD 918961941803
BAD 919013418041
BAD 919013418067
BAD 919004311507
BAD 919155762509
BAD 919215102607
BAD 919223561363
BAD 919223629249
BAD 919223629253
BAD 919242085681
BAD 919262242037
BAD 919262242039
BAD 919262242051
BAD 919273574449
BAD 919278769111
BAD 919290105589
BAD 919295926789
BAD 919316835529
BAD 919306695137
BAD 919319849099
BAD 919319849101
BAD 919319849113
BAD 919320881123
BAD 919310836331
BAD 919310836333
BAD 919310836337
BAD 919387902949
BAD 919390486723
BAD 919391804281
BAD 919404442507
BAD 919404772933
BAD 919634432897
BAD 919634432903
BAD 919640234633
BAD 919641810097
BAD 919428755269
BAD 919328489153
BAD 919446058129
BAD 919451902123
BAD 919451902147
BAD 919487473459
BAD 919489397909
BAD 919465959163
BAD 919470776779
BAD 919470776857
BAD 919665897911
BAD 919471907707
BAD 919668100441
BAD 919529705779
BAD 919496515019
BAD 919497603487
BAD 919497603499
BAD 919497603503
BAD 919535418323
BAD 919535418349
BAD 919536779543
BAD 919539683207
BAD 919539683213
BAD 919544189957
BAD 919544189959
BAD 919590507769
BAD 919721733067
BAD 919575236543
BAD 919575236549
BAD 919575236551
BAD 919575236557
BAD 919575236561
BAD 919575236563
BAD 919786072603
BAD 919751479313
BAD 919740078079
BAD 919740078083
BAD 919742644693
BAD 919790779123
BAD 919790779129
BAD 919744480717
BAD 919579564411
BAD 919795585307
BAD 919795585309
BAD 919513975091
BAD 919513975097
BAD 919513975099
BAD 919513975231
BAD 919803415703
BAD 919627804957
BAD 919527192923
BAD 919810378273
BAD 919611077327
BAD 919888141999
BAD 919891873973
BAD 919893790031
BAD 919894482359
BAD 919894482361
BAD 919898333743
BAD 919898333749
BAD 919933197691
BAD 919940241593
BAD 919945564931
BAD 919945564933
BAD 919946832943
BAD 919681895081
BAD 919871130767
BAD 919871130769
BAD 919844417819
BAD 919845519893
BAD 919916802293
BAD 919920217523
BAD 919920994933
BAD 919920994939
BAD 919920994943
BAD 919928798863
BAD 919988111929
BAD 919988111957
BAD 919988111963
BAD 919988112103
BAD 919991481323
BAD 919992273881
BAD 919974674651
BAD 919981374187
BAD 919981374199
BAD 919981374217
BAD 919981374233
BAD 919981374239
BAD 919981374241
RANGE 910000000000 920000000000 PRIMES 363083845 BAD 1431
