BAD 730387160731
BAD 730400216543
BAD 730220901383
BAD 730222880353
BAD 730222880357
BAD 730271209951
BAD 730271209957
BAD 730271209961
BAD 730271209963
BAD 730274347009
BAD 730274347013
BAD 730274347021
BAD 730277445773
BAD 730319320013
BAD 730260738601
BAD 730260738611
BAD 730260738617
BAD 730260738619
BAD 730280538331
BAD 730280538353
BAD 730185268333
BAD 730185268339
BAD 730186249733
BAD 730264143619
BAD 730265326397
BAD 730190427469
BAD 730336474589
BAD 730142194387
BAD 730324927751
BAD 730175766667
BAD 730175766673
BAD 730175766689
BAD 730175766701
BAD 730175766703
BAD 730144373531
BAD 730146813763
BAD 730146813769
BAD 730342182499
BAD 730149339223
BAD 730180892209
BAD 730343432479
BAD 730343657573
BAD 730183526299
BAD 730183526311
BAD 730183526333
BAD 730183526353
BAD 730183526357
BAD 730348964959
BAD 730350080893
BAD 730152916957
BAD 730152916963
BAD 730152916981
BAD 730004799283
BAD 730004799287
BAD 730004799289
BAD 730004799299
BAD 730004799301
BAD 730307171569
BAD 730158771253
BAD 730309594243
BAD 730161095143
BAD 730161095149
BAD 730247875967
BAD 730043436253
BAD 730043436257
BAD 730043436259
BAD 730043436263
BAD 730354445311
BAD 730354445329
BAD 730354587407
BAD 730354587409
BAD 730012622173
BAD 730318681559
BAD 730122545407
BAD 730069728979
BAD 730018063283
BAD 730071231739
BAD 730128530713
BAD 730075601683
BAD 730075601687
BAD 730023346081
BAD 730207937203
BAD 730207937213
BAD 730029425077
BAD 730031831387
BAD 730113613939
BAD 730213733617
BAD 730214600471
BAD 730214600473
BAD 730214600477
BAD 730214600513
BAD 730289142053
BAD 730289689643
BAD 730375742549
BAD 730092060899
BAD 730092060913
BAD 730092625993
BAD 730094143111
BAD 730379268193
BAD 730379268197
BAD 730301857309
BAD 730402785913
BAD 730402785919
BAD 730402785923
BAD 730405958923
BAD 730406735431
BAD 730407784499
BAD 730407784501
BAD 730411296259
BAD 730412177611
BAD 730412177617
BAD 730413645349
BAD 730413645359
BAD 730413645361
BAD 730416985483
BAD 730416985499
BAD 730416985583
BAD 730419524767
BAD 730436759023
BAD 730437062717
BAD 730437062723
BAD 730554272059
BAD 730556082743
BAD 730560357181
BAD 730562321663
BAD 730567832741
BAD 730568412949
BAD 730487008003
BAD 730604121281
BAD 730604121283
BAD 730604121287
BAD 730605309463
BAD 730520617439
BAD 730607066243
BAD 730497503479
BAD 730479629221
BAD 730607066251
BAD 730529636849
BAD 730529636869
BAD 730529636873
BAD 730608540713
BAD 730608540751
BAD 730618470721
BAD 730689199133
BAD 730696174133
BAD 730797050701
BAD 730670757199
BAD 730670757203
BAD 730801859303
BAD 730703789243
BAD 730453338931
BAD 730455518743
BAD 730455518761
BAD 730574849801
BAD 730574849803
BAD 730468155337
BAD 730468155341
BAD 730587366319
BAD 730587366449
BAD 730587366451
BAD 730577082853
BAD 730745906173
BAD 730747076083
BAD 730748023729
BAD 730748498119
BAD 730751654693
BAD 730590918391
BAD 730756364213
BAD 730623066289
BAD 730674169613
BAD 730674169639
BAD 730675346917
BAD 730675346923
BAD 730675346957
BAD 730675346959
BAD 730602767311
BAD 730602767359
BAD 730781048209
BAD 730708922303
BAD 730726171559
BAD 730726171561
BAD 730719295807
BAD 730719295819
BAD 730727300591
BAD 730727300593
BAD 730727426837
BAD 730727426839
BAD 730727426843
BAD 730727426851
BAD 730733722967
BAD 730733722981
BAD 730807238881
BAD 730811827133
BAD 730833467857
BAD 730837278487
BAD 730837890259
BAD 730839129739
BAD 730847023741
BAD 730848320333
BAD 730851062393
BAD 730851062399
BAD 730851062401
BAD 730860525559
BAD 730861600939
BAD 730862084047
BAD 730863153871
BAD 730866591713
BAD 730866591853
BAD 730866591877
BAD 730880865733
BAD 730898880511
BAD 730903411103
BAD 731027400799
BAD 731030453393
BAD 731019462427
BAD 731019462463
BAD 731037063457
BAD 731039089903
BAD 731021873903
BAD 731021873909
BAD 731022401671
BAD 731039414453
BAD 731113659181
BAD 731193154411
BAD 731060762723
BAD 731091338071
BAD 731155749889
BAD 731196664747
BAD 731199144211
BAD 731066838331
BAD 731066838349
BAD 731098366697
BAD 730911182033
BAD 730916277257
BAD 730917930863
BAD 730921367993
BAD 730997717587
BAD 730928000381
BAD 730928000389
BAD 731004405269
BAD 731005256903
BAD 731046994529
BAD 731050581601
BAD 731050581607
BAD 731053261123
BAD 731053261129
BAD 730938713471
BAD 730938713473
BAD 730974431503
BAD 730984796309
BAD 730984796317
BAD 730985125373
BAD 730942391359
BAD 730957109149
BAD 730946378509
BAD 730947770617
BAD 730947770621
BAD 730947770627
BAD 730963146007
BAD 730951055143
BAD 730967225881
BAD 731081695307
BAD 731177863147
BAD 731187210713
BAD 731171514517
BAD 731171514523
BAD 731190985027
BAD 731211488783
BAD 731222910421
BAD 731224344133
BAD 731226556327
BAD 731239019479
BAD 731249300851
BAD 731262645367
BAD 731285983823
BAD 731295100741
BAD 731297744179
BAD 731301208303
BAD 731313055861
BAD 731470878737
BAD 731470878739
BAD 731446068961
BAD 731446069457
BAD 731475833917
BAD 731447422843
BAD 731511765727
BAD 731455095431
BAD 731455095433
BAD 731455216957
BAD 731455216969
BAD 731455437541
BAD 731455437563
BAD 731455437577
BAD 731519201849
BAD 731519201851
BAD 731431555583
BAD 731432963029
BAD 731432963033
BAD 731432963059
BAD 731505535351
BAD 731434921051
BAD 731434921057
BAD 731438943031
BAD 731440775293
BAD 731440943813
BAD 731442414233
BAD 731546803957
BAD 731327486171
BAD 731327486173
BAD 731327486177
BAD 731327486179
BAD 731644852699
BAD 731644852723
BAD 731644852727
BAD 731559613513
BAD 731559613517
BAD 731559881431
BAD 731333419567
BAD 731376799843
BAD 731377312769
BAD 731378114063
BAD 731378665643
BAD 731380279583
BAD 731586782629
BAD 731587236343
BAD 731359930243
BAD 731365405261
BAD 731346523057
BAD 731397816577
BAD 731349040403
BAD 731399831783
BAD 731371447123
BAD 731371447129
BAD 731371452211
BAD 731413868203
BAD 731413868209
BAD 731413868221
BAD 731415070751
BAD 731415070753
BAD 731419643753
BAD 731564228407
BAD 731596795739
BAD 731597491657
BAD 731599434221
BAD 731599505149
BAD 731604336377
BAD 731604467989
BAD 731613124579
BAD 731680681253
BAD 731681911043
BAD 731619819803
BAD 731621451481
BAD 731621451487
BAD 731623752449
BAD 731623752451
BAD 731623752473
BAD 731623752481
BAD 731706248761
BAD 731709345233
BAD 731714494087
BAD 731721311731
BAD 731724072991
BAD 731724073009
BAD 731780111473
BAD 731780811919
BAD 731791423679
BAD 731793590453
BAD 731793590459
BAD 731793590461
BAD 731793687893
BAD 731793687953
BAD 731818779767
BAD 731819873989
BAD 731811895237
BAD 731757026093
BAD 731870807197
BAD 731875675283
BAD 731875675291
BAD 731875675301
BAD 731875675303
BAD 731965024823
BAD 731882155663
BAD 732098923033
BAD 732098923043
BAD 732098923051
BAD 732098923063
BAD 732098923067
BAD 732098923069
BAD 732098923123
BAD 732099426943
BAD 732099844849
BAD 732100243639
BAD 732100243643
BAD 732102014957
BAD 732102015031
BAD 732102015037
BAD 732102015041
BAD 731888537573
BAD 732110340019
BAD 731916110929
BAD 731916110941
BAD 731893454953
BAD 731893552763
BAD 731921128307
BAD 731921128321
BAD 731925456739
BAD 731926214759
BAD 731926489913
BAD 731951166241
BAD 731956448933
BAD 731959661029
BAD 731959664993
BAD 731962106503
BAD 732000558277
BAD 732000558281
BAD 731848488229
BAD 731848488233
BAD 731848488269
BAD 732004473359
BAD 731852219281
BAD 731832883451
BAD 732004892911
BAD 732006481121
BAD 732006481123
BAD 732006481127
BAD 731855110621
BAD 731855110633
BAD 732008898241
BAD 732123569731
BAD 732123569741
BAD 731931889921
BAD 731933526913
BAD 731934202007
BAD 731934202009
BAD 731858335867
BAD 731841301669
BAD 731841301673
BAD 731841301733
BAD 731936005981
BAD 732135318653
BAD 732151370239
BAD 732151370273
BAD 732152224693
BAD 731940125743
BAD 731940125753
BAD 731899380263
BAD 732156062107
BAD 732156062111
BAD 732156114961
BAD 732156114967
BAD 732015001849
BAD 732158396173
BAD 731903600089
BAD 731903600093
BAD 732169789081
BAD 732169789097
BAD 732160603171
BAD 731905028497
BAD 732172639043
BAD 731981775841
BAD 731909600087
BAD 732181098283
BAD 732181098287
BAD 732181098289
BAD 732181098293
BAD 732022336957
BAD 731911541269
BAD 731911920293
BAD 731911920301
BAD 731911920317
BAD 731911920319
BAD 732185255069
BAD 732185255071
BAD 732191525347
BAD 732194436793
BAD 732194436797
BAD 732194436803
BAD 732194436839
BAD 731989758529
BAD 731991646523
BAD 731991646559
BAD 732067962643
BAD 732073876003
BAD 732073876007
BAD 732032489281
BAD 732032489291
BAD 732032489303
BAD 732032489347
BAD 732082826483
BAD 732082826491
BAD 732037718089
BAD 732039522881
BAD 732039522883
BAD 732039522911
BAD 732039522913
BAD 732041923477
BAD 732092229061
BAD 732044236943
BAD 732044337151
BAD 732057160169
BAD 732057160171
BAD 732057160183
BAD 732057160187
BAD 732236899357
BAD 732249552577
BAD 732249552583
BAD 732249552589
BAD 732253499083
BAD 732261794203
BAD 732221606959
BAD 732221606993
BAD 732221607001
BAD 732221775053
BAD 732224169461
BAD 732224169463
BAD 732224169533
BAD 732268464313
BAD 732268464331
BAD 732268555313
BAD 732268555321
BAD 732269600131
BAD 732271322791
BAD 732210565469
BAD 732287129269
BAD 732300072683
BAD 732301750057
BAD 732312992731
BAD 732383082293
BAD 732383082317
BAD 732537357709
BAD 732350671243
BAD 732350671253
BAD 732388658303
BAD 732352848751
BAD 732543584191
BAD 732355719149
BAD 732548153683
BAD 732549647251
BAD 732550051039
BAD 732550051043
BAD 732550051049
BAD 732315272701
BAD 732357551147
BAD 732357551183
BAD 732357551197
BAD 732359262721
BAD 732484275037
BAD 732484275121
BAD 732484275139
BAD 732484727753
BAD 732484727761
BAD 732322159609
BAD 732322159651
BAD 732333385219
BAD 732364351561
BAD 732468418967
BAD 732468418973
BAD 732469171897
BAD 732400512919
BAD 732400512931
BAD 732400512937
BAD 732471312031
BAD 732491641009
BAD 732328867279
BAD 732335243243
BAD 732477082979
BAD 732479076169
BAD 732413651953
BAD 732458698399
BAD 732458698403
BAD 732518712943
BAD 732518712953
BAD 732521344759
BAD 732525164743
BAD 732525164747
BAD 732528224903
BAD 732505574701
BAD 732605230051
BAD 732617878229
BAD 732606521939
BAD 732607413833
BAD 732516183943
BAD 732610587763
BAD 732628124009
BAD 732582206911
BAD 732582824371
BAD 732419783723
BAD 732552820189
BAD 732552820193
BAD 732370068433
BAD 732557939693
BAD 732557939699
BAD 732561019159
BAD 732561019163
BAD 732561019181
BAD 732374092069
BAD 732654434107
BAD 732565127839
BAD 732565127843
BAD 732566599591
BAD 732595027147
BAD 732595027189
BAD 732380385301
BAD 732598378027
BAD 732663360323
BAD 732664398841
BAD 732664398847
BAD 732666605611
BAD 732635785229
BAD 732639344387
BAD 732648369389
BAD 732648369391
BAD 732648606181
BAD 732650609191
BAD 732669386699
BAD 732669386707
BAD 732702797587
BAD 732702797597
BAD 732708170179
BAD 732712701953
BAD 732716512279
BAD 732694504639
BAD 732718550869
BAD 732730733767
BAD 732731799913
BAD 732735211951
BAD 732735211997
BAD 732738447019
BAD 732745601779
BAD 732747543449
BAD 732747543467
BAD 732747543469
BAD 732748195103
BAD 732748586201
BAD 732748586203
BAD 732839311679
BAD 732840040433
BAD 732852421921
BAD 732852421927
BAD 732852421933
BAD 732955566229
BAD 732943187311
BAD 732904228519
BAD 732904228523
BAD 732904375613
BAD 732945341851
BAD 732945341857
BAD 732945341861
BAD 732804038209
BAD 732908966039
BAD 732908966047
BAD 732806203399
BAD 732915017509
BAD 732915017539
BAD 732915017543
BAD 732915017563
BAD 732949755607
BAD 732951144773
BAD 732951144787
BAD 733020971959
BAD 733022433727
BAD 732993914131
BAD 733001923477
BAD 732818030533
BAD 733033174343
BAD 732793725593
BAD 732796195643
BAD 733017563423
BAD 733017563429
BAD 733035627097
BAD 732798477343
BAD 732798477353
BAD 732799451929
BAD 732970172453
BAD 732975560183
BAD 732975560189
BAD 732833492071
BAD 732980278819
BAD 733061103227
BAD 733061779039
BAD 732982384913
BAD 733071336779
BAD 733080332851
BAD 732869025607
BAD 733111780381
BAD 733118709469
BAD 732881039279
BAD 732891392423
BAD 733040762869
BAD 733040762873
BAD 733040762879
BAD 733041768409
BAD 732895660501
BAD 732933172613
BAD 732897536321
BAD 732897536323
BAD 733047787561
BAD 733050918307
BAD 733052566333
BAD 733124381141
BAD 733131868943
BAD 733131868949
BAD 733134889519
BAD 733135814317
BAD 733151399143
BAD 733158377813
BAD 733165126751
BAD 733165126753
BAD 733173074749
BAD 733179248573
BAD 733179248587
BAD 733240283219
BAD 733240283221
BAD 733240283231
BAD 733240283233
BAD 733240697089
BAD 733240697093
BAD 733241311393
BAD 733207504847
BAD 733207504849
BAD 733207504891
BAD 733210328971
BAD 733211572243
BAD 733211958319
BAD 733213792849
BAD 733440426049
BAD 733445942699
BAD 733448206999
BAD 733448207003
BAD 733448207029
BAD 733390847611
BAD 733453880639
BAD 733453880641
BAD 733396987429
BAD 733396987459
BAD 733397358619
BAD 733524241999
BAD 733342427317
BAD 733342427327
BAD 733348374361
BAD 733348614767
BAD 733348614769
BAD 733348614773
BAD 733348614781
BAD 733365280943
BAD 733367086279
BAD 733196681563
BAD 733323358267
BAD 733324601963
BAD 733324746733
BAD 733200274327
BAD 733326885901
BAD 733332714097
BAD 733491901097
BAD 733491901099
BAD 733458987143
BAD 733480569617
BAD 733258697069
BAD 733259481197
BAD 733259481209
BAD 733482207331
BAD 733261853677
BAD 733485504733
BAD 733485504751
BAD 733575462353
BAD 733578995423
BAD 733509593701
BAD 733509593717
BAD 733509593723
BAD 733509593731
BAD 733268745137
BAD 733268745151
BAD 733505651803
BAD 733512771623
BAD 733513436059
BAD 733513436063
BAD 733516012813
BAD 733586063677
BAD 733586063689
BAD 733542493927
BAD 733545048763
BAD 733545048781
BAD 733552367993
BAD 733552368013
BAD 733376224003
BAD 733236273667
BAD 733236273677
BAD 733236273683
BAD 733383844247
BAD 733384829357
BAD 733388041453
BAD 733293305677
BAD 733293305681
BAD 733293305683
BAD 733297273507
BAD 733299606049
BAD 733411741891
BAD 733557932141
BAD 733557932143
BAD 733318173799
BAD 733275412063
BAD 733275412069
BAD 733558671511
BAD 733428643879
BAD 733428643889
BAD 733428643891
BAD 733562484133
BAD 733564388287
BAD 733569643049
BAD 733569643159
BAD 733595023387
BAD 733595127149
BAD 733595127151
BAD 733597677751
BAD 733603976297
BAD 733603976299
BAD 733605338813
BAD 733605338821
BAD 733605338827
BAD 733605338839
BAD 733605338849
BAD 733605750947
BAD 733641726541
BAD 733641726547
BAD 733649687279
BAD 733656317627
BAD 733656317629
BAD 733656317633
BAD 733620869173
BAD 733622046439
BAD 733623605731
BAD 733697061847
BAD 733702344709
BAD 733702344743
BAD 733702913527
BAD 733706485139
BAD 733659005951
BAD 733686151897
BAD 733686506881
BAD 733739407721
BAD 733739407729
BAD 733740274283
BAD 733687902491
BAD 733688640953
BAD 733714150723
BAD 733715098813
BAD 733667005637
BAD 733667005639
BAD 733760571631
BAD 733760994203
BAD 733783091971
BAD 733792516813
BAD 733813698049
BAD 733752876679
BAD 733813847869
BAD 733813847887
BAD 733817052571
BAD 733817052607
BAD 733817488909
BAD 733817488913
BAD 733806723179
BAD 733827161827
BAD 733827161831
BAD 733827161833
BAD 733829208257
BAD 733835313181
BAD 734000600189
BAD 734000600191
BAD 734000600197
BAD 733982324041
BAD 733847185223
BAD 733847185229
BAD 733847185231
BAD 733847185241
BAD 733847185243
BAD 733847369569
BAD 733851710597
BAD 733990596301
BAD 733990596307
BAD 733879616089
BAD 733880232343
BAD 733880797879
BAD 733881205933
BAD 733884628973
BAD 733886590583
BAD 733910040607
BAD 733913731181
BAD 733918007371
BAD 734079433279
BAD 734080984531
BAD 734009849647
BAD 734009849653
BAD 734084415613
BAD 734085041707
BAD 734010443149
BAD 734086966213
BAD 734086966253
BAD 734071400077
BAD 734072320447
BAD 734091696917
BAD 734016000373
BAD 734092268101
BAD 734092268111
BAD 734092268113
BAD 734017128547
BAD 734095679203
BAD 734097385103
BAD 734018247637
BAD 734147070361
BAD 734107811641
BAD 733959619703
BAD 734109855989
BAD 734109855991
BAD 734034089617
BAD 734034089629
BAD 733961648443
BAD 733961648447
BAD 733961648449
BAD 734036150027
BAD 734036150033
BAD 734036150041
BAD 734036150047
BAD 733862000957
BAD 733972592057
BAD 733868485957
BAD 734162713073
BAD 734168436667
BAD 734176035289
BAD 734176035293
BAD 734176176599
BAD 734176176631
BAD 734176176637
BAD 734179117037
BAD 734179117051
BAD 733893304789
BAD 734179117057
BAD 733893304799
BAD 733893304801
BAD 733893697057
BAD 733893697063
BAD 733893697081
BAD 734181023887
BAD 734181267983
BAD 733946811473
BAD 734198547491
BAD 733948866047
BAD 733950466919
BAD 734203209253
BAD 734203285601
BAD 734203285603
BAD 734187248479
BAD 734204239231
BAD 734204239273
BAD 734190561931
BAD 733955966539
BAD 734193231319
BAD 733958883409
BAD 733904609299
BAD 733904609303
BAD 734117299177
BAD 734117299213
BAD 734125424663
BAD 734126250857
BAD 734126250859
BAD 734137458631
BAD 734139334829
BAD 734249133287
BAD 734280532879
BAD 734280532883
BAD 734228983121
BAD 734283547279
BAD 734229271933
BAD 734229271957
BAD 734230109759
BAD 734230225699
BAD 734232044761
BAD 734232834241
BAD 734287206319
BAD 734287206329
BAD 734238443027
BAD 734238898009
BAD 734290950251
BAD 734265517651
BAD 734244281713
BAD 734274736249
BAD 734274736253
BAD 734275068859
BAD 734296342513
BAD 734308488923
BAD 734368996919
BAD 734376809587
BAD 734356146077
BAD 734356146079
BAD 734565870553
BAD 734516714423
BAD 734565870557
BAD 734565870559
BAD 734565870593
BAD 734424539941
BAD 734424844969
BAD 734569478749
BAD 734343544327
BAD 734343544331
BAD 734343544339
BAD 734438387959
BAD 734526409483
BAD 734530727863
BAD 734529806893
BAD 734503838683
BAD 734544106861
BAD 734544106867
BAD 734546102929
BAD 734379722501
BAD 734399362351
BAD 734391314219
BAD 734391314221
BAD 734407036171
BAD 734588055533
BAD 734592745129
BAD 734592745163
BAD 734594279479
BAD 734495615209
BAD 734495615213
BAD 734474616853
BAD 734551982419
BAD 734455852133
BAD 734455852147
BAD 734461303591
BAD 734626443391
BAD 734607599603
BAD 734703911419
BAD 734673048323
BAD 734677001239
BAD 734677001243
BAD 734677286311
BAD 734635015613
BAD 734638864147
BAD 734638864151
BAD 734638864153
BAD 734638864159
BAD 734646913493
BAD 734646913541
BAD 734646913543
BAD 734647049887
BAD 734647049891
BAD 734685769471
BAD 734687726041
BAD 734649481133
BAD 734650712899
BAD 734650712903
BAD 734695982773
BAD 734661483643
BAD 734661483649
BAD 734661483653
BAD 734721666193
BAD 734721976837
BAD 734722506293
BAD 734722506299
BAD 734722843333
BAD 734722843339
BAD 734722843343
BAD 734722843357
BAD 734725424471
BAD 734725424473
BAD 734725424483
BAD 734730539243
BAD 734730539251
BAD 734730539327
BAD 734730539329
BAD 734730539339
BAD 734785016491
BAD 734786051509
BAD 734786539103
BAD 734788285249
BAD 734790068161
BAD 734792648209
BAD 734792648221
BAD 734886581287
BAD 734891730373
BAD 734901269911
BAD 734901269917
BAD 734919008699
BAD 734919008701
BAD 734749282523
BAD 734749749343
BAD 734901945299
BAD 734893661273
BAD 734895006059
BAD 734895006061
BAD 734921969941
BAD 734906965477
BAD 734753638253
BAD 734772080857
BAD 734772261973
BAD 734757759413
BAD 734853021479
BAD 734927476643
BAD 734775786841
BAD 734775954307
BAD 734777673169
BAD 734805229729
BAD 734805229733
BAD 734929933757
BAD 734931287239
BAD 734914962361
BAD 734860368001
BAD 734808908489
BAD 734811098689
BAD 734811147683
BAD 734811147691
BAD 734736842569
BAD 734736842579
BAD 734819454469
BAD 735016396901
BAD 735016396903
BAD 734813529523
BAD 734813529563
BAD 734739095903
BAD 735017386927
BAD 735017386931
BAD 735017386933
BAD 734933727769
BAD 735020211487
BAD 734936790563
BAD 734936790631
BAD 734936813509
BAD 734744186623
BAD 734744186663
BAD 734744186677
BAD 734837184821
BAD 734828029891
BAD 734828029937
BAD 734828029939
BAD 734828029951
BAD 734871216089
BAD 734871216091
BAD 734871216109
BAD 734876447303
BAD 735027702293
BAD 735031163333
BAD 735031826603
BAD 735031826611
BAD 734954369783
BAD 734954369797
BAD 734958773677
BAD 734962293473
BAD 734966847961
BAD 734975369243
BAD 734979760483
BAD 735000352991
BAD 735000352993
BAD 735002263007
BAD 735009653179
BAD 735015655537
BAD 735054038461
BAD 735054038471
BAD 735054038473
BAD 735054038479
BAD 735054038539
BAD 735058454113
BAD 735058454131
BAD 735060351143
BAD 735102046883
BAD 735062835041
BAD 735106205371
BAD 735108512329
BAD 735115717837
BAD 735115717849
BAD 735088624819
BAD 735090190381
BAD 735094929823
BAD 735098439233
BAD 735098439287
BAD 735098439289
BAD 735098439293
BAD 735067647709
BAD 735098439301
BAD 735100062733
BAD 735075932551
BAD 735081402499
BAD 735140386081
BAD 735140386087
BAD 735142753753
BAD 735142753757
BAD 735149286383
BAD 735149286401
BAD 735150275227
BAD 735125091413
BAD 735125091419
BAD 735150834013
BAD 735150834017
BAD 735159243859
BAD 735167115469
BAD 735217383787
BAD 735217383793
BAD 735356363953
BAD 735356363957
BAD 735357089833
BAD 735357089837
BAD 735365646709
BAD 735365646713
BAD 735367660343
BAD 735367660459
BAD 735177475819
BAD 735321173383
BAD 735321173401
BAD 735180954091
BAD 735180954097
BAD 735322443707
BAD 735324478627
BAD 735324478633
BAD 735324478639
BAD 735324478643
BAD 735327245209
BAD 735327591643
BAD 735328752029
BAD 735402279559
BAD 735402279593
BAD 735242738903
BAD 735242738911
BAD 735272262653
BAD 735275498603
BAD 735275498609
BAD 735275498611
BAD 735248203037
BAD 735408571531
BAD 735278118737
BAD 735278118739
BAD 735278118797
BAD 735278118811
BAD 735278241499
BAD 735278241517
BAD 735386002249
BAD 735413901647
BAD 735389444341
BAD 735285134011
BAD 735285134093
BAD 735285134099
BAD 735338582287
BAD 735341361373
BAD 735373359683
BAD 735373595753
BAD 735306175717
BAD 735222716243
BAD 735294686143
BAD 735294686153
BAD 735376712303
BAD 735376712309
BAD 735376712311
BAD 735384317287
BAD 735384317293
BAD 735384347029
BAD 735351628741
BAD 735351628747
BAD 735519771509
BAD 735519771517
BAD 735523831751
BAD 735427136233
BAD 735427509721
BAD 735427509727
BAD 735427509731
BAD 735187065931
BAD 735535409569
BAD 735190468433
BAD 735258327787
BAD 735265698163
BAD 735266258267
BAD 735266258269
BAD 735266258281
BAD 735266258291
BAD 735267678031
BAD 735267678053
BAD 735503081749
BAD 735504767597
BAD 735454646293
BAD 735481705073
BAD 735481705117
BAD 735486492863
BAD 735487337089
BAD 735488397451
BAD 735489054593
BAD 735465388291
BAD 735494214779
BAD 735544519823
BAD 735544650121
BAD 735590274599
BAD 735568246657
BAD 735605074793
BAD 735609426803
BAD 735609426809
BAD 735609551167
BAD 735618271757
BAD 735673108789
BAD 735673108823
BAD 735675226849
BAD 735656364593
BAD 735657258433
BAD 735684204863
BAD 735685326781
BAD 735685326799
BAD 735659110663
BAD 735645491569
BAD 735790218523
BAD 735648051409
BAD 735792368293
BAD 735695126633
BAD 735695126653
BAD 735695126669
BAD 735695126671
BAD 735650197349
BAD 735650197351
BAD 735650197369
BAD 735650197441
BAD 735650916863
BAD 735795647633
BAD 735785257507
BAD 735758990569
BAD 735758990573
BAD 735634619653
BAD 735761158219
BAD 735770315563
BAD 735706349153
BAD 735709889251
BAD 735712464083
BAD 735730143931
BAD 735804924581
BAD 735804924583
BAD 735805706029
BAD 735806084063
BAD 735821685829
BAD 735943710739
BAD 735943710751
BAD 735945158783
BAD 735945158791
BAD 735891840667
BAD 735894225653
BAD 735955595467
BAD 735737899307
BAD 735737899381
BAD 735738555533
BAD 735864846407
BAD 735744599119
BAD 735745569877
BAD 735873682283
BAD 735873682309
BAD 735878315779
BAD 735924588367
BAD 735879892703
BAD 735881935909
BAD 735928396507
BAD 735956207653
BAD 735956207669
BAD 735956207681
BAD 735956207689
BAD 735885154909
BAD 735929002709
BAD 735929002777
BAD 735909063979
BAD 735888612857
BAD 735888732809
BAD 735888732811
BAD 735961613141
BAD 735961613143
BAD 735961613147
BAD 735934781311
BAD 735826034663
BAD 735830298251
BAD 735914747713
BAD 735833289649
BAD 735919771033
BAD 735991439257
BAD 735991847053
BAD 735837656581
BAD 735837656599
BAD 735837656611
BAD 735838007911
BAD 735838007929
BAD 735995754457
BAD 735995754469
BAD 735995754581
BAD 735995799137
BAD 735995799139
BAD 735997913071
BAD 736000861517
BAD 736000861523
BAD 736003400329
BAD 736003400357
BAD 736003400359
BAD 736003400437
BAD 736003400443
BAD 736003400449
BAD 736003400453
BAD 736003400521
BAD 735974244541
BAD 735974244547
BAD 735984666421
BAD 735989187139
BAD 736011583067
BAD 736068256523
BAD 736177351223
BAD 736187623837
BAD 736187623841
BAD 736124115997
BAD 736125873433
BAD 736125873443
BAD 736125873451
BAD 736025246423
BAD 736025246431
BAD 736138131671
BAD 736032195623
BAD 736138831157
BAD 736138831159
BAD 736138831163
BAD 736140337921
BAD 736109248913
BAD 736168638421
BAD 736168638497
BAD 736170488329
BAD 736092886103
BAD 736080207503
BAD 736094403593
BAD 736171308919
BAD 736171308923
BAD 736115509039
BAD 736115509043
BAD 736116118957
BAD 736085560057
BAD 736085560061
BAD 736086443581
BAD 736087547827
BAD 736087547843
BAD 736121551523
BAD 736156754539
BAD 736197236087
BAD 736205280829
BAD 736205280841
BAD 736043311403
BAD 736043578667
BAD 736043578679
BAD 736043578681
BAD 736044443083
BAD 736046804359
BAD 736056515603
BAD 736325728451
BAD 736325728459
BAD 736332291481
BAD 736277484521
BAD 736290080173
BAD 736347865027
BAD 736381406143
BAD 736388038963
BAD 736390659271
BAD 736392045427
BAD 736408907503
BAD 736411387897
BAD 736412544631
BAD 736414272977
BAD 736414370999
BAD 736414371001
BAD 736418926157
BAD 736420197493
BAD 736429819031
BAD 736498679363
BAD 736498679369
BAD 736498679591
BAD 736498679593
BAD 736501983803
BAD 736502014069
BAD 736447359883
BAD 736458905263
BAD 736460623181
BAD 736479021743
BAD 736481328301
BAD 736463911583
BAD 736465487377
BAD 736486682101
BAD 736560062647
BAD 736560062671
BAD 736560062683
BAD 736544519663
BAD 736564415863
BAD 736551999121
BAD 736554517319
BAD 736569741767
BAD 736569741769
BAD 736520798381
BAD 736576086167
BAD 736578473833
BAD 736293506539
BAD 736592215427
BAD 736299713881
BAD 736300902619
BAD 736533379367
BAD 736533379369
BAD 736533379381
BAD 736217027083
BAD 736217027087
BAD 736539841811
BAD 736540984891
BAD 736540984897
BAD 736540984901
BAD 736540984903
BAD 736255381651
BAD 736395034939
BAD 736395034943
BAD 736611945499
BAD 736611945527
BAD 736611945583
BAD 736612197283
BAD 736650778081
BAD 736652128049
BAD 736654427617
BAD 736654427623
BAD 736259577541
BAD 736260074119
BAD 736260074131
BAD 736261639879
BAD 736625507539
BAD 736625507543
BAD 736408107839
BAD 736271852611
BAD 736229512087
BAD 736233636751
BAD 736313396453
BAD 736313396491
BAD 736627513511
BAD 736627513513
BAD 736632017357
BAD 736632298483
BAD 736637649733
BAD 736663452079
BAD 736666070243
BAD 736666070281
BAD 736671873193
BAD 736675083149
BAD 736676747731
BAD 736704728659
BAD 736704728663
BAD 736705674979
BAD 736709258783
BAD 736717237939
BAD 736717310689
BAD 736597766461
BAD 736686745433
BAD 736690030507
BAD 736745465737
BAD 736601264017
BAD 736762594727
BAD 736762594741
BAD 736751538857
BAD 736754418241
BAD 736755378773
BAD 736796652169
BAD 736796652181
BAD 736796652187
BAD 736799365493
BAD 736800327247
BAD 736804826293
BAD 736807751003
BAD 736810431223
BAD 736831004957
BAD 736837414501
BAD 736785944711
BAD 736785944737
BAD 736786458169
BAD 736786458173
BAD 736788205129
BAD 736793073487
BAD 736852486571
BAD 736819700803
BAD 736857093407
BAD 736857093409
BAD 736929336443
BAD 736935878573
BAD 736912746541
BAD 736920472471
BAD 736926780749
BAD 737041598053
BAD 736900242499
BAD 736901961437
BAD 736901961443
BAD 736907870443
BAD 736907870449
BAD 736907870453
BAD 736910575549
BAD 737113756681
BAD 737113756741
BAD 737081745833
BAD 737136938977
BAD 737136938983
BAD 737139202453
BAD 737088419183
BAD 737121266957
BAD 737166328369
BAD 737091741103
BAD 737127903859
BAD 737172778313
BAD 737192377723
BAD 737192865811
BAD 736949007757
BAD 736951010507
BAD 736951010513
BAD 736869106993
BAD 736869106997
BAD 736869106999
BAD 737071664003
BAD 737071664009
BAD 737071664011
BAD 737071664059
BAD 737071693549
BAD 737074779853
BAD 737152654801
BAD 737078110009
BAD 737079216569
BAD 736959576373
BAD 736959576383
BAD 737159012453
BAD 737220331789
BAD 737163703919
BAD 737097005023
BAD 736876742321
BAD 736876742323
BAD 736876742377
BAD 736876742383
BAD 736876742401
BAD 737100429881
BAD 736889893561
BAD 737106529157
BAD 736890926977
BAD 737110609861
BAD 737111341399
BAD 737209945837
BAD 737209945841
BAD 736984852099
BAD 736984852103
BAD 736990362679
BAD 736990362701
BAD 736965524003
BAD 737234091739
BAD 737235189307
BAD 737236628441
BAD 736969114463
BAD 737268714673
BAD 737244171817
BAD 737244171841
BAD 737244593719
BAD 737245994887
BAD 737275188707
BAD 737275188709
BAD 737276538391
BAD 737277301703
BAD 737049932963
BAD 737050702051
BAD 737283558007
BAD 737053797443
BAD 737053797457
BAD 737285624521
BAD 737285624527
BAD 737285624539
BAD 736996306309
BAD 736996306313
BAD 737061475261
BAD 737015393599
BAD 737015393629
BAD 737295409189
BAD 737008162697
BAD 737008162699
BAD 737008231639
BAD 737008231643
BAD 737011846523
BAD 737011846531
BAD 737260744001
BAD 737260744009
BAD 737261094151
BAD 737300111419
BAD 737300111423
BAD 737302722547
BAD 737304338311
BAD 737304338333
BAD 737310150823
BAD 737314316131
BAD 737314316143
BAD 737329347347
BAD 737330516521
BAD 737330516539
BAD 737330516543
BAD 737330516551
BAD 737339223031
BAD 737352026093
BAD 737353298281
BAD 737357815981
BAD 737357816059
BAD 737389283509
BAD 737390890759
BAD 737390890763
BAD 737390890771
BAD 737390890793
BAD 737391547213
BAD 737405952443
BAD 737405952473
BAD 737409267547
BAD 737409267559
BAD 737410200563
BAD 737477142673
BAD 737375341699
BAD 737377598239
BAD 737654387381
BAD 737654387383
BAD 737628917461
BAD 737379269663
BAD 737656689589
BAD 737611956349
BAD 737613682549
BAD 737613881461
BAD 737665210703
BAD 737522763301
BAD 737526086903
BAD 737435062303
BAD 737439952913
BAD 737444011583
BAD 737450911657
BAD 737455209019
BAD 737416873099
BAD 737416873103
BAD 737701365571
BAD 737702125151
BAD 737461910501
BAD 737461910503
BAD 737420639323
BAD 737511943879
BAD 737705133733
BAD 737705133757
BAD 737686931383
BAD 737686931393
BAD 737721822923
BAD 737543168333
BAD 737723091517
BAD 737544266659
BAD 737544266663
BAD 737688737369
BAD 737688737371
BAD 737688737377
BAD 737688737393
BAD 737691387661
BAD 737715197573
BAD 737716105229
BAD 737634642491
BAD 737695526839
BAD 737695526849
BAD 737695526851
BAD 737642111681
BAD 737642111683
BAD 737682624893
BAD 737734435567
BAD 737734435619
BAD 737734435621
BAD 737489612857
BAD 737647619783
BAD 737492263273
BAD 737649204709
BAD 737743124311
BAD 737498259271
BAD 737587587853
BAD 737587587883
BAD 737587587887
BAD 737587587889
BAD 737552187013
BAD 737552187017
BAD 737745468637
BAD 737749487053
BAD 737751028669
BAD 737599402493
BAD 737560101079
BAD 737770545583
BAD 737773960507
BAD 737774562683
BAD 737763391373
BAD 737763391381
BAD 737767699769
BAD 737767699771
BAD 737767699777
BAD 737767699789
BAD 737767699793
BAD 737783756477
BAD 737787220189
BAD 737787619207
BAD 737791261861
BAD 737853090959
BAD 737853953933
BAD 737872081381
BAD 737872779667
BAD 737860475939
BAD 737875440397
BAD 737861752681
BAD 737878069787
BAD 737825646853
BAD 737882616461
BAD 737882616469
BAD 737882616473
BAD 737882616487
BAD 737883222553
BAD 737833383533
BAD 737833383541
BAD 737837515171
BAD 737885351681
BAD 737885351683
BAD 737885351719
BAD 737886171769
BAD 737889570547
BAD 738187382941
BAD 738171243239
BAD 738171243253
BAD 738172319749
BAD 738191893729
BAD 738195744919
BAD 738195744931
BAD 738199476671
BAD 738199476673
BAD 738109620407
BAD 738113373031
BAD 738117629311
BAD 738117629321
BAD 738117629323
BAD 738117629341
BAD 738119296357
BAD 737970979877
BAD 737970979883
BAD 737974860289
BAD 738169077073
BAD 738169847617
BAD 738204761941
BAD 738204762023
BAD 737979659647
BAD 737979659653
BAD 737935356713
BAD 738247565233
BAD 738247565243
BAD 738247565249
BAD 738008112763
BAD 738217749937
BAD 738249319867
BAD 738226487269
BAD 738226487281
BAD 738218823343
BAD 738218823347
BAD 738220483339
BAD 738009171307
BAD 738009171311
BAD 738009171313
BAD 738009171337
BAD 738009171343
BAD 738009171359
BAD 738009596197
BAD 738009596209
BAD 738262414597
BAD 738262414601
BAD 738010315519
BAD 738010315531
BAD 738010691543
BAD 738042657019
BAD 738017281373
BAD 738017281381
BAD 738018440363
BAD 738018440381
BAD 738018923119
BAD 738018923129
BAD 738049334513
BAD 738050400623
BAD 738020125573
BAD 738020125613
BAD 738138431143
BAD 738025272781
BAD 738026059051
BAD 737940826867
BAD 738030696971
BAD 738030696973
BAD 738033610907
BAD 738149287459
BAD 738149287471
BAD 737957893741
BAD 737959254143
BAD 737963439539
BAD 737963439541
BAD 737903324101
BAD 737905606169
BAD 737905606171
BAD 737911869007
BAD 737915554279
BAD 737915554283
BAD 737915554303
BAD 737992038391
BAD 737992770187
BAD 738075380881
BAD 738080256259
BAD 738085800061
BAD 738120504299
BAD 738120504301
BAD 738120504313
BAD 738093878597
BAD 738120504323
BAD 738093878611
BAD 738124054321
BAD 738055840343
BAD 738129643219
BAD 738129643231
BAD 738130616837
BAD 738130616851
BAD 738132165167
BAD 738067760713
BAD 738068146723
BAD 738280058317
BAD 738280058323
BAD 738288949843
BAD 738288949859
BAD 738288949861
BAD 738289136857
BAD 738289136861
BAD 738289136863
BAD 738289529869
BAD 738289529881
BAD 738340581289
BAD 738342999649
BAD 738331364819
BAD 738331364821
BAD 738337838479
BAD 738374977489
BAD 738384355403
BAD 738384355409
BAD 738384355411
BAD 738384355417
BAD 738384579787
BAD 738384579791
BAD 738384579859
BAD 738308826623
BAD 738308826631
BAD 738387865549
BAD 738309727723
BAD 738312967019
BAD 738313587679
BAD 738313587689
BAD 738313587691
BAD 738313690999
BAD 738314957911
BAD 738415284427
BAD 738421674169
BAD 738626598889
BAD 738629998133
BAD 738634834979
BAD 738634834981
BAD 738636719603
BAD 738638169473
BAD 738638169481
BAD 738638169487
BAD 738424543723
BAD 738425857207
BAD 738428181419
BAD 738431386247
BAD 738431386249
BAD 738358488613
BAD 738436526171
BAD 738436526173
BAD 738362318933
BAD 738371062441
BAD 738441218863
BAD 738445360117
BAD 738450101407
BAD 738450992843
BAD 738452204989
BAD 738452871493
BAD 738391980593
BAD 738607994161
BAD 738397189771
BAD 738397408351
BAD 738609071423
BAD 738609123907
BAD 738609123937
BAD 738609363733
BAD 738399975359
BAD 738399975361
BAD 738403663939
BAD 738403663951
BAD 738618931321
BAD 738643150523
BAD 738460572181
BAD 738598652731
BAD 738463689191
BAD 738463689211
BAD 738495097519
BAD 738468090673
BAD 738510342643
BAD 738470292841
BAD 738501634943
BAD 738504544993
BAD 738505680413
BAD 738519097577
BAD 738522817171
BAD 738477193429
BAD 738478499557
BAD 738573282137
BAD 738489086683
BAD 738546141989
BAD 738548954257
BAD 738548954263
BAD 738585198251
BAD 738585198257
BAD 738554441461
BAD 738526209469
BAD 738587151859
BAD 738559516543
BAD 738531028933
BAD 738534994081
BAD 738538005949
BAD 738538005979
BAD 738538005983
BAD 738677007553
BAD 738677628173
BAD 738678930739
BAD 738680929897
BAD 738692547653
BAD 738684505343
BAD 738685181561
BAD 738695763517
BAD 738716797463
BAD 738716797601
BAD 738716797603
BAD 738740959849
BAD 738747377813
BAD 738758667037
BAD 738764911711
BAD 738764911783
BAD 738737153437
BAD 738756401371
BAD 738740109329
BAD 738740109361
BAD 738740109397
BAD 738740109403
BAD 738740109413
BAD 738740109563
BAD 738769154269
BAD 738777320933
BAD 738801625453
BAD 738801625459
BAD 738805731091
BAD 738809225233
BAD 738809225237
BAD 738810343589
BAD 738815327477
BAD 738815327479
BAD 738816382561
BAD 738816382613
BAD 738830720143
BAD 738867211279
BAD 738842394421
BAD 738844095421
BAD 738849460121
BAD 738849460123
BAD 738928553437
BAD 738936361981
BAD 738937282379
BAD 738937304473
BAD 738937877287
BAD 738937877291
BAD 738937877299
BAD 738900412933
BAD 738900412993
BAD 738900412997
BAD 738943330067
BAD 738943949551
BAD 738907541641
BAD 739028032243
BAD 739028716109
BAD 739031971921
BAD 739032885343
BAD 739035545477
BAD 739035545489
BAD 739035545603
BAD 739040088617
BAD 739077179573
BAD 739084435399
BAD 739084435403
BAD 739084435417
BAD 739095321961
BAD 739114227499
BAD 739114227503
BAD 739118926883
BAD 739120081853
BAD 739121386009
BAD 739122576481
BAD 739160565713
BAD 739179497107
BAD 739179497123
BAD 739169519533
BAD 739169691839
BAD 739170276917
BAD 739170276919
BAD 739171316941
BAD 739171868483
BAD 739172048543
BAD 739154423963
BAD 739154423971
BAD 739174468079
BAD 739187315611
BAD 739159434331
BAD 739193249203
BAD 739193408773
BAD 739136913049
BAD 739136913059
BAD 739136913061
BAD 739139840479
BAD 739139984071
BAD 739207165663
BAD 738959962073
BAD 738977876893
BAD 739067496203
BAD 738978877213
BAD 738980496229
BAD 738965073683
BAD 738983348071
BAD 739047784661
BAD 739047784663
BAD 738970564523
BAD 738987303433
BAD 738975781997
BAD 738975782003
BAD 739054964539
BAD 738877529107
BAD 739210935773
BAD 738885261407
BAD 738885261409
BAD 739005995059
BAD 739005995159
BAD 739217650453
BAD 738920991079
BAD 738921110401
BAD 738921110413
BAD 738921110419
BAD 739220522087
BAD 739220522093
BAD 739220522141
BAD 738924198673
BAD 738924198697
BAD 739246401877
BAD 739231563271
BAD 739233158009
BAD 739236014971
BAD 739254942691
BAD 739254942697
BAD 739258114253
BAD 739334373223
BAD 739338404911
BAD 739269363887
BAD 739269363893
BAD 739314340663
BAD 739355060749
BAD 739320807691
BAD 739356513199
BAD 739356513239
BAD 739356513241
BAD 739356513253
BAD 739299687353
BAD 739327058947
BAD 739327059007
BAD 739308096403
BAD 739308096407
BAD 739309315711
BAD 739280973919
BAD 739281430339
BAD 739281430343
BAD 739283866729
BAD 739284064583
BAD 739285838009
BAD 739285838017
BAD 739285838033
BAD 739287759563
BAD 739362303203
BAD 739362303209
BAD 739371328747
BAD 739374178219
BAD 739380642527
BAD 739382315003
BAD 739416990973
BAD 739416990979
BAD 739416990997
BAD 739434143783
BAD 739434566491
BAD 739387957501
BAD 739398850219
BAD 739390990879
BAD 739401575051
BAD 739424381497
BAD 739406869219
BAD 739410589303
BAD 739450473499
BAD 739467904423
BAD 739453043377
BAD 739453043401
BAD 739470809117
BAD 739471009091
BAD 739471630913
BAD 739471630921
BAD 739472777137
BAD 739459564423
BAD 739478044189
BAD 739631736721
BAD 739647360323
BAD 739623906547
BAD 739638106331
BAD 739638233903
BAD 739638233911
BAD 739639231997
BAD 739639683331
BAD 739642096033
BAD 739651446571
BAD 739651446577
BAD 739652908201
BAD 739653451099
BAD 739656300709
BAD 739656644929
BAD 739659475021
BAD 739533220823
BAD 739534612787
BAD 739534612807
BAD 739534612811
BAD 739611413887
BAD 739563261053
BAD 739563261061
BAD 739563261067
BAD 739563261071
BAD 739545787493
BAD 739566976741
BAD 739566976763
BAD 739550848787
BAD 739552287127
BAD 739575363113
BAD 739575432671
BAD 739575432677
BAD 739575432727
BAD 739553836303
BAD 739553836309
BAD 739553836313
BAD 739553836319
BAD 739553836321
BAD 739593912907
BAD 739593912917
BAD 739578066683
BAD 739508763197
BAD 739508763199
BAD 739562611961
BAD 739515919469
BAD 739489955341
BAD 739492603477
BAD 739523069983
BAD 739493016407
BAD 739493016421
BAD 739493608201
BAD 739493608223
BAD 739688541569
BAD 739688541589
BAD 739528323097
BAD 739694051011
BAD 739694051027
BAD 739694051029
BAD 739694445739
BAD 739696766467
BAD 739815720097
BAD 739787399479
BAD 739799593823
BAD 739789801411
BAD 739789801417
BAD 739789801507
BAD 739790052109
BAD 739823162279
BAD 739837149229
BAD 739828625807
BAD 739671963397
BAD 739671963421
BAD 739673169271
BAD 739673169289
BAD 739810559333
BAD 739847758717
BAD 739850546971
BAD 739850546977
BAD 739700166277
BAD 739701456863
BAD 739701456883
BAD 739704870503
BAD 739757354603
BAD 739864707541
BAD 739760269789
BAD 739760269799
BAD 739714426081
BAD 739717235113
BAD 739719024563
BAD 739720189937
BAD 739720189939
BAD 739737017057
BAD 739737017059
BAD 739740795067
BAD 739741521797
BAD 739743123751
BAD 739727058823
BAD 739881871879
BAD 739768029271
BAD 739770460369
BAD 739888736207
BAD 739773842917
BAD 739776717733
BAD 739894553303
BAD 739895689553
BAD 739905123983
BAD 739780710113
BAD 739780710121
BAD 739897959497
BAD 739907227861
BAD 739907227867
BAD 739911363077
BAD 739911363083
BAD 739911363089
BAD 739911363091
BAD 739911363157
BAD 739923910969
BAD 739923910981
BAD 739923910987
BAD 739923910991
BAD 739923910993
BAD 739923911107
BAD 739923911149
BAD 739930928791
BAD 739866182521
BAD 739874514529
BAD 739941655357
BAD 739943159191
BAD 739993118149
BAD 739993118153
BAD 739993118173
BAD 739969728151
BAD 739969978093
BAD 739969978109
BAD 739977470107
BAD 739961198213
BAD 739980782621
BAD 739980782659
BAD 739964554267
BAD 739964554271
RANGE 730000000000 740000000000 PRIMES 365991636 BAD 2344
