BAD 970035329119
BAD 970046607773
BAD 970046607779
BAD 970255248829
BAD 970369236541
BAD 970377956123
BAD 970121238649
BAD 970121238661
BAD 970381377971
BAD 970385262971
BAD 970385263027
BAD 970385263031
BAD 970385263033
BAD 970338470953
BAD 970273874419
BAD 970273874443
BAD 970274275483
BAD 970274275493
BAD 970191401093
BAD 970191401119
BAD 970390066369
BAD 970031619113
BAD 970199800579
BAD 970199870953
BAD 970081870033
BAD 970081870039
BAD 970053325411
BAD 970083786613
BAD 970053631163
BAD 970233216991
BAD 970095831959
BAD 970096751149
BAD 970096751153
BAD 970400957059
BAD 970207010989
BAD 970179689839
BAD 970183306601
BAD 970156334177
BAD 970240850963
BAD 970246541767
BAD 970248442531
BAD 970326363499
BAD 970166762281
BAD 970166762287
BAD 970329609919
BAD 970329609923
BAD 970331189819
BAD 970417861249
BAD 970424355851
BAD 970424355853
BAD 970429071637
BAD 970432077689
BAD 970456334191
BAD 970462370029
BAD 970508030861
BAD 970447515319
BAD 970523127829
BAD 970523127851
BAD 970514817229
BAD 970514817241
BAD 970533806149
BAD 970496021459
BAD 970496021461
BAD 970501240873
BAD 970469910647
BAD 970469910649
BAD 970469910653
BAD 970471880761
BAD 970477752091
BAD 970539443459
BAD 970709723359
BAD 970622057401
BAD 970678895749
BAD 970594189517
BAD 970684272541
BAD 970600905851
BAD 970600905853
BAD 970600905863
BAD 970600905877
BAD 970600905881
BAD 970600905887
BAD 970600905889
BAD 970600905893
BAD 970608806873
BAD 970613173433
BAD 970613173487
BAD 970613173489
BAD 970696696999
BAD 970696816081
BAD 970699186823
BAD 970617026189
BAD 970617026191
BAD 970618313747
BAD 970618313761
BAD 970618313767
BAD 970702497979
BAD 970662037957
BAD 970665669481
BAD 970727089489
BAD 970824615533
BAD 970738440157
BAD 970740427373
BAD 970742723449
BAD 970833255713
BAD 970834134691
BAD 970834134701
BAD 970816823281
BAD 970816823299
BAD 970819873129
BAD 970792765819
BAD 970792765823
BAD 970792765849
BAD 970792765853
BAD 970792765963
BAD 970749937589
BAD 970794798599
BAD 970794798601
BAD 970774306529
BAD 970774306531
BAD 970777610129
BAD 970785319831
BAD 970786843181
BAD 970786843183
BAD 970873692101
BAD 970864575883
BAD 970890087203
BAD 970898176481
BAD 970898176483
BAD 970914784397
BAD 970902296971
BAD 970962659539
BAD 970962659543
BAD 970965850139
BAD 970967702101
BAD 970969827809
BAD 970969827811
BAD 970975732631
BAD 971141247919
BAD 971141247953
BAD 971330767553
BAD 971330767579
BAD 971331005273
BAD 971331005279
BAD 971331005287
BAD 971331005311
BAD 971336736551
BAD 971154148567
BAD 971300221841
BAD 971242021553
BAD 971305648471
BAD 971283721063
BAD 971246907109
BAD 971284047667
BAD 971247766343
BAD 971247766361
BAD 971285923121
BAD 971034244493
BAD 971072701463
BAD 971038799461
BAD 971079776729
BAD 971079776731
BAD 971093079469
BAD 971096637509
BAD 971097338839
BAD 971097338843
BAD 971087879659
BAD 970992653843
BAD 971115400043
BAD 971041406281
BAD 971041406287
BAD 971042253463
BAD 971049058373
BAD 971049058393
BAD 971017949347
BAD 971022588103
BAD 971205997549
BAD 971125403803
BAD 971220024673
BAD 971222065013
BAD 971224207913
BAD 971224207957
BAD 971132717593
BAD 971240256433
BAD 971139221813
BAD 971139221827
BAD 971139221851
BAD 971476439959
BAD 971476439971
BAD 971476574611
BAD 971398086203
BAD 971398647143
BAD 971405593943
BAD 971471192047
BAD 971418813119
BAD 971418813121
BAD 971493630491
BAD 971493630493
BAD 971494794469
BAD 971428448899
BAD 971504547163
BAD 971440508317
BAD 971440508329
BAD 971442350317
BAD 971352044821
BAD 971354355343
BAD 971362745981
BAD 971390417551
BAD 971390417597
BAD 971390417603
BAD 971550936469
BAD 971554733077
BAD 971538497599
BAD 971542306291
BAD 971543426573
BAD 971583112309
BAD 971584895689
BAD 971584895693
BAD 971590561987
BAD 971852621989
BAD 971855355953
BAD 971731085293
BAD 971595603271
BAD 971630714609
BAD 971630714611
BAD 971696135569
BAD 971696135573
BAD 971696135581
BAD 971740225177
BAD 971740341463
BAD 971743226473
BAD 971744632823
BAD 971756948629
BAD 971757098969
BAD 971757098971
BAD 971642012371
BAD 971833425973
BAD 971837658763
BAD 971837658767
BAD 971837658769
BAD 971878955701
BAD 971795985037
BAD 971845048381
BAD 971687903671
BAD 971804056009
BAD 971821367611
BAD 971941640759
BAD 971998705387
BAD 972003176843
BAD 971969895739
BAD 971988795119
BAD 971972956373
BAD 971989984321
BAD 971991916703
BAD 972008724199
BAD 972009934019
BAD 971977331659
BAD 971977331671
BAD 971978671691
BAD 971978671693
BAD 971978671757
BAD 971978671759
BAD 972052370899
BAD 972019349759
BAD 972019349761
BAD 972025797403
BAD 972105145681
BAD 972105483421
BAD 972255405809
BAD 972255405811
BAD 972255655237
BAD 972232407647
BAD 972232407649
BAD 972031459951
BAD 972031459979
BAD 972031459981
BAD 972203150333
BAD 972203150339
BAD 972318051899
BAD 972036760153
BAD 972037889377
BAD 972149628959
BAD 972157817641
BAD 972157817647
BAD 972044459123
BAD 972163501193
BAD 972269690177
BAD 972279098633
BAD 972286396201
BAD 972294180973
BAD 972175219651
BAD 972118181521
BAD 972218954059
BAD 972339528931
BAD 972339573871
BAD 972193691941
BAD 972361196507
BAD 972361196509
BAD 972348340133
BAD 972363446407
BAD 972416847203
BAD 972421436101
BAD 972380906993
BAD 972401115967
BAD 972380906999
BAD 972380907007
BAD 972380907013
BAD 972427198877
BAD 972427198879
BAD 972410596411
BAD 972432237719
BAD 972432237871
BAD 972397609763
BAD 972468135139
BAD 972474954643
BAD 972478141157
BAD 972478141171
BAD 972455682547
BAD 972497069281
BAD 972497069287
BAD 972602140943
BAD 972602140949
BAD 972526133629
BAD 972526133633
BAD 972611101079
BAD 972611101081
BAD 972611973979
BAD 972552740993
BAD 972552961619
BAD 972552961621
BAD 972555557159
BAD 972559159381
BAD 972559739923
BAD 972638847437
BAD 972567266509
BAD 972567266513
BAD 972438545513
BAD 972438545521
BAD 972447370567
BAD 972447370571
BAD 972582364759
BAD 972657548719
BAD 972789662267
BAD 972789662269
BAD 972742593553
BAD 972539659129
BAD 972539659187
BAD 972800502329
BAD 972750336713
BAD 972750336721
BAD 972543228871
BAD 972718189843
BAD 972718189847
BAD 972770500489
BAD 972721037423
BAD 972721037441
BAD 972721037443
BAD 972721037447
BAD 972830152009
BAD 972732011569
BAD 972594013043
BAD 972844188739
BAD 972844188749
BAD 972844188751
BAD 972684533963
BAD 972883315333
BAD 972857590009
BAD 972857590013
BAD 972693393851
BAD 972693393853
BAD 972693393863
BAD 972892588939
BAD 972893894551
BAD 972929004847
BAD 972933853069
BAD 972933853127
BAD 972935356909
BAD 972756848873
BAD 972756848879
BAD 972756848881
BAD 972678528407
BAD 972680661103
BAD 972942969601
BAD 972944491733
BAD 972944491747
BAD 972947053459
BAD 973139571923
BAD 973139571931
BAD 973139571953
BAD 973142703419
BAD 973227686551
BAD 973229058187
BAD 973232511217
BAD 973236174181
BAD 973236174191
BAD 973175546899
BAD 972989664677
BAD 972989664679
BAD 972989664683
BAD 973211106731
BAD 973211106733
BAD 973213233221
BAD 972995087179
BAD 973127780567
BAD 973203149861
BAD 973203149869
BAD 973071595151
BAD 973071595193
BAD 973071595201
BAD 973071909001
BAD 973073803201
BAD 973275767173
BAD 973275767183
BAD 973260999959
BAD 973260999961
BAD 973075268183
BAD 973280315351
BAD 973280315353
BAD 973280315363
BAD 973270766227
BAD 973085629673
BAD 973293408623
BAD 973293408649
BAD 973294761899
BAD 973101644453
BAD 973058809703
BAD 973308671869
BAD 973390415807
BAD 973390477253
BAD 973397333651
BAD 973397333653
BAD 973403422403
BAD 973165546151
BAD 973165546153
BAD 973323248347
BAD 973328578009
BAD 973170680483
BAD 973346924287
BAD 973350588391
BAD 973352900761
BAD 973441301957
BAD 973441301971
BAD 973441301999
BAD 973583552363
BAD 973541557853
BAD 973361310601
BAD 973361460997
BAD 973361461003
BAD 973483690583
BAD 973486822423
BAD 973488743341
BAD 973488743347
BAD 973463553367
BAD 973432589359
BAD 973369242259
BAD 973369242283
BAD 973369242289
BAD 973470379283
BAD 973470939323
BAD 973471871279
BAD 973561809203
BAD 973561809211
BAD 973561809229
BAD 973561809239
BAD 973500652973
BAD 973571175529
BAD 973528621889
BAD 973537682927
BAD 973609688999
BAD 973609712573
BAD 973610333107
BAD 973613243663
BAD 973618146961
BAD 973618146967
BAD 973711207061
BAD 973711207067
BAD 973711207069
BAD 973745897339
BAD 973771650653
BAD 973771650727
BAD 973750708261
BAD 973750708267
BAD 973756582013
BAD 973756903283
BAD 973509920219
BAD 973594425751
BAD 973594425757
BAD 973600578409
BAD 973601472563
BAD 973601919571
BAD 973606531673
BAD 973606531679
BAD 973677426413
BAD 973677426419
BAD 973679850631
BAD 973667676017
BAD 973667676019
BAD 973689849997
BAD 973689850013
BAD 973833226801
BAD 973948702619
BAD 973948702621
BAD 973949719973
BAD 973728204013
BAD 973860538843
BAD 973860932351
BAD 973860932353
BAD 973937778859
BAD 973735492537
BAD 973885380203
BAD 973959799411
BAD 973959799433
BAD 973961711143
BAD 973961803537
BAD 974026609357
BAD 974026609363
BAD 974026609373
BAD 974026609379
BAD 974026609403
BAD 973897445083
BAD 973897445123
BAD 973901866733
BAD 973901866741
BAD 973903142167
BAD 973973730739
BAD 973991077921
BAD 974019185507
BAD 974022808643
BAD 974024909303
BAD 973800129233
BAD 973803735083
BAD 973804303531
BAD 974008747823
BAD 974061574063
BAD 974070392569
BAD 974049960511
BAD 974049960523
BAD 974049960529
BAD 973919089021
BAD 974053525129
BAD 974076750893
BAD 974076750929
BAD 974076750931
BAD 974076750937
BAD 974057321033
BAD 974115248993
BAD 974095969291
BAD 974107817563
BAD 974204143519
BAD 974204458009
BAD 974192473703
BAD 974225235233
BAD 974227206409
BAD 974247022429
BAD 974255238127
BAD 974312610451
BAD 974260661527
BAD 974322199621
BAD 974301984167
BAD 974301984169
BAD 974308084159
BAD 974308084163
BAD 974308635481
BAD 974308635499
BAD 974328029351
BAD 974269608359
BAD 974278144771
BAD 974281896799
BAD 974281896803
BAD 974282320573
BAD 974282320577
BAD 974282320579
BAD 974282320601
BAD 974286401089
BAD 974286401093
BAD 974292913507
BAD 974377099909
BAD 974377099931
BAD 974535854491
BAD 974544628297
BAD 974544628301
BAD 974349450989
BAD 974450323897
BAD 974452001933
BAD 974452001969
BAD 974568683371
BAD 974568683377
BAD 974568683383
BAD 974551272413
BAD 974359996201
BAD 974577857837
BAD 974461174343
BAD 974462219407
BAD 974393263783
BAD 974394564631
BAD 974394564641
BAD 974394564643
BAD 974394564653
BAD 974419855589
BAD 974489288053
BAD 974397434551
BAD 974404487491
BAD 974600926549
BAD 974600926553
BAD 974613759569
BAD 974633090423
BAD 974659212259
BAD 974622034381
BAD 974622034387
BAD 974622034391
BAD 974645711537
BAD 974645711539
BAD 974647093969
BAD 974477344559
BAD 974516543993
BAD 974528585729
BAD 974528585731
BAD 974498364223
BAD 974498413961
BAD 974676703933
BAD 974764230061
BAD 974768383769
BAD 974768383819
BAD 974726793203
BAD 974818786927
BAD 974821276921
BAD 974828971819
BAD 974712280819
BAD 974712280831
BAD 974968601039
BAD 974968601041
BAD 974970963019
BAD 974973661043
BAD 974998596709
BAD 974998596713
BAD 974998596721
BAD 974975799257
BAD 974978021267
BAD 974979275681
BAD 974979275689
BAD 974697446423
BAD 974697446431
BAD 974916340891
BAD 974917133777
BAD 974917133779
BAD 974788608901
BAD 974790987721
BAD 974860918279
BAD 974809450463
BAD 974809450487
BAD 974809450493
BAD 975084246121
BAD 975089073577
BAD 975119628449
BAD 975119628451
BAD 975130040749
BAD 975078166903
BAD 975078166913
BAD 975078166921
BAD 975171956531
BAD 975171956533
BAD 975171956557
BAD 975005295193
BAD 975051242623
BAD 975059246971
BAD 975059247091
BAD 975043788883
BAD 975202422923
BAD 975185471371
BAD 975185471423
BAD 975191076361
BAD 975198359053
BAD 975213729863
BAD 975241878769
BAD 975227172229
BAD 975229937779
BAD 975229937783
BAD 975229937791
BAD 975109261943
BAD 975114920011
BAD 975114920029
BAD 975155085031
BAD 975158683679
BAD 975255300997
BAD 975255301001
BAD 975255301003
BAD 975312871153
BAD 975342404483
BAD 975347978161
BAD 975406694173
BAD 975409369321
BAD 975275958473
BAD 975282006691
BAD 975396543229
BAD 975329756131
BAD 975330760387
BAD 975332281621
BAD 975333331043
BAD 975362744663
BAD 975362744669
BAD 975334467829
BAD 975503237843
BAD 975505153393
BAD 975299258123
BAD 975299258137
BAD 975517541591
BAD 975458837179
BAD 975460374349
BAD 975556268179
BAD 975556517581
BAD 975604122803
BAD 975604122817
BAD 975596565221
BAD 975599202211
BAD 975599202223
BAD 975369750389
BAD 975369750391
BAD 975541014901
BAD 975623263943
BAD 975623263949
BAD 975447831769
BAD 975631266751
BAD 975430245997
BAD 975502322261
BAD 975502498163
BAD 975474051031
BAD 975474051037
BAD 975525227491
BAD 975645263641
BAD 975645263701
BAD 975739722421
BAD 975740667413
BAD 975743640997
BAD 975877226341
BAD 975877226347
BAD 975654750881
BAD 975863895499
BAD 975867914839
BAD 975870887083
BAD 975870887087
BAD 975897571903
BAD 975842444617
BAD 975842444623
BAD 975901878949
BAD 975823127779
BAD 975837796567
BAD 975756378151
BAD 975760878709
BAD 975760878721
BAD 975763357879
BAD 975771145253
BAD 975672020093
BAD 975692146007
BAD 975693414341
BAD 975693414343
BAD 975693414347
BAD 975693414349
BAD 975681363383
BAD 975681363427
BAD 975681363431
BAD 975774719149
BAD 975681684181
BAD 975787595773
BAD 975787595779
BAD 975787595843
BAD 975798463823
BAD 975800623481
BAD 975802089289
BAD 975802190749
BAD 975911628031
BAD 976060934201
BAD 976065511649
BAD 976065511651
BAD 976162319443
BAD 976165964581
BAD 976167137131
BAD 976167137137
BAD 976170698689
BAD 976102283551
BAD 976078310873
BAD 976079908129
BAD 976080615271
BAD 976196511061
BAD 976198637593
BAD 976198637599
BAD 976175260253
BAD 975967006699
BAD 975982804739
BAD 975986547803
BAD 975992708573
BAD 975992708599
BAD 976026395293
BAD 976026395321
BAD 976026395327
BAD 976026395329
BAD 976027003739
BAD 976027003741
BAD 975996184903
BAD 976031664043
BAD 976140768653
BAD 976140768661
BAD 976033140889
BAD 976022101367
BAD 976038121381
BAD 976043252731
BAD 976046932351
BAD 976047298283
BAD 976055813147
BAD 976055813149
BAD 976209017957
BAD 976209017963
BAD 976217365853
BAD 976222090693
BAD 976258975553
BAD 976258975583
BAD 976265373469
BAD 976235396329
BAD 976266829303
BAD 976295889733
BAD 976327675493
BAD 976279684771
BAD 976279684777
BAD 976247069573
BAD 976257853069
BAD 976257853091
BAD 976320398791
BAD 976342951667
BAD 976342951669
BAD 976372565359
BAD 976381444021
BAD 976399397401
BAD 976460192273
BAD 976408790779
BAD 976468209169
BAD 976468209173
BAD 976410043729
BAD 976410043733
BAD 976411920259
BAD 976442914801
BAD 976449184567
BAD 976423823941
BAD 976425301759
BAD 976569076961
BAD 976569076963
BAD 976573818799
BAD 976427106947
BAD 976427106961
BAD 976427164789
BAD 976429764319
BAD 976437594271
BAD 976440559727
BAD 976440559729
BAD 976577356291
BAD 976578281933
BAD 976479779029
BAD 976547471791
BAD 976547471797
BAD 976484429093
BAD 976587424471
BAD 976487147107
BAD 976487752063
BAD 976487752067
BAD 976487752069
BAD 976487752073
BAD 976622147821
BAD 976622147827
BAD 976623004823
BAD 976538365813
BAD 976538897753
BAD 976538897759
BAD 976697375089
BAD 976705454971
BAD 976604495239
BAD 976606940303
BAD 976610220503
BAD 976748037127
BAD 976770300523
BAD 976808859379
BAD 976809321113
BAD 976794605671
BAD 976811736851
BAD 976811736853
BAD 976812004711
BAD 976812004723
BAD 976839309421
BAD 976819217989
BAD 976820673463
BAD 976824812857
BAD 976824879313
BAD 976824879319
BAD 976685253571
BAD 976716549359
BAD 976867450607
BAD 976867450609
BAD 976903342969
BAD 976909391113
BAD 976909391123
BAD 976980436889
BAD 976884911623
BAD 976997011201
BAD 976958229323
BAD 977010785143
BAD 977130867721
BAD 977140862359
BAD 977090454523
BAD 977144056019
BAD 977146421059
BAD 977056046731
BAD 977057858269
BAD 977121783797
BAD 977153140087
BAD 977125480193
BAD 977127539209
BAD 977157145907
BAD 976968144883
BAD 977174639537
BAD 977179176709
BAD 977097140113
BAD 977107594163
BAD 976930903547
BAD 976930903549
BAD 977069278153
BAD 976936109077
BAD 977022149573
BAD 977221033141
BAD 977222359549
BAD 977222359567
BAD 977222359583
BAD 977294767079
BAD 977185990139
BAD 977185990141
BAD 977186712169
BAD 977238344261
BAD 977200587301
BAD 977307856981
BAD 977251106761
BAD 977252911111
BAD 977255277241
BAD 977255373151
BAD 977377363463
BAD 977324943949
BAD 977324943953
BAD 977324943961
BAD 977326279087
BAD 977331252683
BAD 977390482489
BAD 977390482493
BAD 977390482499
BAD 977390482501
BAD 977390482511
BAD 977390482513
BAD 977390482529
BAD 977393440657
BAD 977393440663
BAD 977339136673
BAD 977413100681
BAD 977413100683
BAD 977413100711
BAD 977347263023
BAD 977364967121
BAD 977364967123
BAD 977364967127
BAD 977364967129
BAD 977552506687
BAD 977552506691
BAD 977565024287
BAD 977692826063
BAD 977697776023
BAD 977602724537
BAD 977602724551
BAD 977604481921
BAD 977604481927
BAD 977595418441
BAD 977670116273
BAD 977670116279
BAD 977672544637
BAD 977627416789
BAD 977517056371
BAD 977517056377
BAD 977725750657
BAD 977576152141
BAD 977577410063
BAD 977764004491
BAD 977764648417
BAD 977732541517
BAD 977732541529
BAD 977779830871
BAD 977804492689
BAD 977707768403
BAD 977707768421
BAD 977795869643
BAD 977795869651
BAD 977858755087
BAD 977716353023
BAD 977878633609
BAD 977883062573
BAD 977838186649
BAD 977838186653
BAD 977848716113
BAD 977849578763
BAD 977849578781
BAD 977746116967
BAD 978074928139
BAD 977942329061
BAD 977946396433
BAD 978217039493
BAD 978217039531
BAD 978218662313
BAD 978179919727
BAD 978184202573
BAD 977908878143
BAD 978043025161
BAD 977909589757
BAD 978222144637
BAD 978166755151
BAD 978167451109
BAD 978168326467
BAD 978283467907
BAD 978051685057
BAD 978054492169
BAD 977918330891
BAD 978062530043
BAD 978068013919
BAD 978254545349
BAD 978254545351
BAD 977961321811
BAD 977961321859
BAD 977967280789
BAD 978031986871
BAD 977984943499
BAD 978031986881
BAD 977993979203
BAD 977996965109
BAD 977996965111
BAD 978245132719
BAD 978245132723
BAD 978246169099
BAD 978246169157
BAD 978087933793
BAD 978087933883
BAD 978091838209
BAD 978092406307
BAD 977919476167
BAD 977921305843
BAD 978100778059
BAD 977928441937
BAD 977928441949
BAD 978142452367
BAD 977933613763
BAD 978297910027
BAD 978113171813
BAD 978113853109
BAD 978113853113
BAD 978114058357
BAD 978308241023
BAD 978309651679
BAD 978317550337
BAD 978422516809
BAD 978428214791
BAD 978428214793
BAD 978377394649
BAD 978380141819
BAD 978488344913
BAD 978330746719
BAD 978332523199
BAD 978332523209
BAD 978332523211
BAD 978494119349
BAD 978494119357
BAD 978494119403
BAD 978496152611
BAD 978503072633
BAD 978504316807
BAD 978504316813
BAD 978512663839
BAD 978515359651
BAD 978518990311
BAD 978520516973
BAD 978445682653
BAD 978395358463
BAD 978523240613
BAD 978523240621
BAD 978542364829
BAD 978568922767
BAD 978554796421
BAD 978695165221
BAD 978630780943
BAD 978703954793
BAD 978703954799
BAD 978703954801
BAD 978659223739
BAD 978659223757
BAD 978613639403
BAD 978674516569
BAD 978674664749
BAD 978681508733
BAD 978729123403
BAD 978682986349
BAD 978730514947
BAD 978687754379
BAD 978689441047
BAD 978743796997
BAD 978743797001
BAD 978748799071
BAD 978755612123
BAD 978814817443
BAD 978814817447
BAD 978778132489
BAD 978778132511
BAD 978778132513
BAD 978817135633
BAD 978780809663
BAD 978788749399
BAD 978850503823
BAD 978833063737
BAD 978876864781
BAD 978876864787
BAD 978882084337
BAD 978862260151
BAD 978862260163
BAD 978866992463
BAD 978872018591
BAD 979029341713
BAD 978945198983
BAD 978926656027
BAD 978926656033
BAD 978926656069
BAD 978906693673
BAD 978906693683
BAD 978950113511
BAD 978938637343
BAD 978938637349
BAD 978938637353
BAD 978940543963
BAD 978940543967
BAD 978940543969
BAD 978997393763
BAD 978985520999
BAD 978985521001
BAD 978985910741
BAD 979007521213
BAD 979123510399
BAD 979126739099
BAD 979126739119
BAD 979045666057
BAD 979131807763
BAD 979108709947
BAD 979059218899
BAD 979059218911
BAD 979140358639
BAD 979213531843
BAD 979149418921
BAD 979223063603
BAD 979183051009
BAD 979183051019
BAD 979158952969
BAD 978961790819
BAD 978968655529
BAD 979009599553
BAD 979075589839
BAD 979244288683
BAD 979252637551
BAD 979282060793
BAD 979276094831
BAD 979276094833
BAD 979276094837
BAD 979276094851
BAD 979317144367
BAD 979320533273
BAD 979320533299
BAD 979320533309
BAD 979295375693
BAD 979295375813
BAD 979295375819
BAD 979306874347
BAD 979306874353
BAD 979380410279
BAD 979449099983
BAD 979386545327
BAD 979386545329
BAD 979402578247
BAD 979391769563
BAD 979404534323
BAD 979406370923
BAD 979457940793
BAD 979410724157
BAD 979617008663
BAD 979480865161
BAD 979483439653
BAD 979483439663
BAD 979624695263
BAD 979502067787
BAD 979502067793
BAD 979502067799
BAD 979502067829
BAD 979502067893
BAD 979628962093
BAD 979628962097
BAD 979628962099
BAD 979495106593
BAD 979535122933
BAD 979535122939
BAD 979463346163
BAD 979518523967
BAD 979518523969
BAD 979519861519
BAD 979647649271
BAD 979545502517
BAD 979545502519
BAD 979528249901
BAD 979576286569
BAD 979576286573
BAD 979577485583
BAD 979577485589
BAD 979577825843
BAD 979579467511
BAD 979684393243
BAD 979684393249
BAD 979684393273
BAD 979684393277
BAD 979684393279
BAD 979687424987
BAD 979669671587
BAD 979679658241
BAD 979679943191
BAD 979580707307
BAD 979580707309
BAD 979580707393
BAD 979582849507
BAD 979582849523
BAD 979583866501
BAD 979416689621
BAD 979416689623
BAD 979416689681
BAD 979416689683
BAD 979416689687
BAD 979416689689
BAD 979435004227
BAD 979436970319
BAD 979697943253
BAD 979699361747
BAD 979699361749
BAD 979796713439
BAD 979797530359
BAD 979797530363
BAD 979848676283
BAD 979848676291
BAD 979798286239
BAD 979865545669
BAD 979854408263
BAD 979801580297
BAD 979801580299
BAD 979802417857
BAD 979780246079
BAD 979862884579
BAD 979875367013
BAD 979813332293
BAD 979720692523
BAD 979725645079
BAD 979726075067
BAD 979751319193
BAD 979751319229
BAD 979759527757
BAD 979763366671
BAD 979845042461
BAD 979847333417
BAD 979847333419
BAD 979953844453
BAD 979903498429
BAD 979903918289
BAD 979920186703
BAD 979920186709
BAD 979959213503
BAD 979959213511
BAD 979959213517
BAD 979959213529
BAD 979959213533
BAD 979959213539
BAD 979942057621
BAD 979914653387
BAD 979731390289
BAD 979731390293
BAD 979891390301
BAD 979734540023
BAD 979738159097
RANGE 970000000000 980000000000 PRIMES 362243654 BAD 1284
