BAD 940023145751
BAD 940024486963
BAD 940102162711
BAD 940186921717
BAD 940279909867
BAD 940011321127
BAD 940261757441
BAD 940336986629
BAD 940336986637
BAD 940341607003
BAD 940342255913
BAD 940347635693
BAD 940347635701
BAD 940350583463
BAD 940044985723
BAD 940044985727
BAD 940044985729
BAD 940050165731
BAD 940050165737
BAD 940050165739
BAD 940154880619
BAD 940156539871
BAD 940330535611
BAD 940250112259
BAD 940130853107
BAD 940130853163
BAD 940303621297
BAD 940303621303
BAD 940391212487
BAD 940311925717
BAD 940311925739
BAD 940311925741
BAD 940313039287
BAD 940291131319
BAD 940399090009
BAD 940399090013
BAD 940400157469
BAD 940400371553
BAD 940296962729
BAD 940203678979
BAD 940203679003
BAD 940203679007
BAD 940203679013
BAD 940206561907
BAD 940206561911
BAD 940206561913
BAD 940373777059
BAD 940373777087
BAD 940097335427
BAD 940097335447
BAD 940097335453
BAD 940098711073
BAD 940385001139
BAD 940385001251
BAD 940385001253
BAD 940099184293
BAD 940363836151
BAD 940065927641
BAD 940065927643
BAD 940065927649
BAD 940065927673
BAD 940065927677
BAD 940065927679
BAD 940065927683
BAD 940403669651
BAD 940421161993
BAD 940421162003
BAD 940421162017
BAD 940424491109
BAD 940471480261
BAD 940409592769
BAD 940409592779
BAD 940409592781
BAD 940409592847
BAD 940409592853
BAD 940472759587
BAD 940472759591
BAD 940472759593
BAD 940472759599
BAD 940411867727
BAD 940427132657
BAD 940487954599
BAD 940478344459
BAD 940495295063
BAD 940499725339
BAD 940456572247
BAD 940505981183
BAD 940509504533
BAD 940509513973
BAD 940514539411
BAD 940515529013
BAD 940521071239
BAD 940528019293
BAD 940528019303
BAD 940528019309
BAD 940528019311
BAD 940531401683
BAD 940552517329
BAD 940553062027
BAD 940653181903
BAD 940711623443
BAD 940587510281
BAD 940587510283
BAD 940587510307
BAD 940590334753
BAD 940594779109
BAD 940596671537
BAD 940596671543
BAD 940596671549
BAD 940601697031
BAD 940873335601
BAD 940884832891
BAD 940554072473
BAD 940812965041
BAD 940888909847
BAD 940556028913
BAD 940816244453
BAD 940817921663
BAD 940829655349
BAD 940819838969
BAD 940819838971
BAD 940830602951
BAD 940830602953
BAD 940830602969
BAD 940834522981
BAD 940854633343
BAD 940734877471
BAD 940896187717
BAD 940898854513
BAD 940898854559
BAD 940898854561
BAD 940898854579
BAD 940898854583
BAD 940899288937
BAD 940909337971
BAD 940621905373
BAD 940621914587
BAD 940621964299
BAD 940690115303
BAD 940576870411
BAD 940938311743
BAD 940618444039
BAD 940583644051
BAD 940583644057
BAD 940586589883
BAD 940662712823
BAD 940769577619
BAD 940790583857
BAD 940745480629
BAD 940746760883
BAD 940746760897
BAD 940800693619
BAD 940747287721
BAD 940783964753
BAD 940788524167
BAD 940966362317
BAD 940966362319
BAD 940980210539
BAD 940980210553
BAD 940980210557
BAD 940952798813
BAD 940993830619
BAD 941007793189
BAD 941010166097
BAD 941010166099
BAD 941017990193
BAD 941027978483
BAD 941027978519
BAD 941039960009
BAD 941039960011
BAD 941039960017
BAD 941136563203
BAD 941136563209
BAD 941136563221
BAD 941057326631
BAD 941201619473
BAD 941074785887
BAD 941085893281
BAD 941306977133
BAD 941306977141
BAD 941306977147
BAD 941169072763
BAD 941242479497
BAD 941363621357
BAD 941364325697
BAD 941364325753
BAD 941209665061
BAD 941043312113
BAD 941043312137
BAD 941043312149
BAD 941043312151
BAD 941248963133
BAD 941326355383
BAD 941373423121
BAD 941225636213
BAD 941375238473
BAD 941054293667
BAD 941217052333
BAD 941217052339
BAD 941233914017
BAD 941233914043
BAD 941111060053
BAD 941111060077
BAD 941256783811
BAD 941112664267
BAD 941335335271
BAD 941237371733
BAD 941237464549
BAD 941175894143
BAD 941175894149
BAD 941175894151
BAD 941264323313
BAD 941271025889
BAD 941271025897
BAD 941348938939
BAD 941383622479
BAD 941383622483
BAD 941422356703
BAD 941523106081
BAD 941454878873
BAD 941454878891
BAD 941454878893
BAD 941454878899
BAD 941485889063
BAD 941394650983
BAD 941602746587
BAD 941602746589
BAD 941602746593
BAD 941608233647
BAD 941608233649
BAD 941545872833
BAD 941650687057
BAD 941654576593
BAD 941688665353
BAD 941655165523
BAD 941691116131
BAD 941662198879
BAD 941812713313
BAD 941564480069
BAD 941564480071
BAD 941796809419
BAD 941796809431
BAD 941568124429
BAD 941824035017
BAD 941824338683
BAD 941801199349
BAD 941698633333
BAD 941577418687
BAD 941805228907
BAD 941828247097
BAD 941828247119
BAD 941828247121
BAD 941828247127
BAD 941572467169
BAD 941730135701
BAD 941846655601
BAD 941582288693
BAD 941838595813
BAD 941734372793
BAD 941852384747
BAD 941852384749
BAD 941898784951
BAD 941898784973
BAD 941898784979
BAD 941890794049
BAD 941742219673
BAD 941593639477
BAD 941593770079
BAD 941593770083
BAD 941593770119
BAD 941715248447
BAD 941715248449
BAD 941720461951
BAD 941720461963
BAD 941612439991
BAD 941612439997
BAD 941783820673
BAD 941783820683
BAD 941783820689
BAD 941724655733
BAD 941620019059
BAD 941620019071
BAD 941621013569
BAD 941621013577
BAD 941621013581
BAD 941621013583
BAD 941621013589
BAD 941757963899
BAD 941757963901
BAD 941760704021
BAD 941760704023
BAD 941760704033
BAD 941760704057
BAD 941920707883
BAD 941920707887
BAD 941920707983
BAD 941923145797
BAD 941927667589
BAD 941975893613
BAD 941997478117
BAD 942183479843
BAD 942018124343
BAD 942018124349
BAD 942018986933
BAD 942018986941
BAD 942021094801
BAD 941954948833
BAD 941954948843
BAD 942006213157
BAD 942023997007
BAD 942010625719
BAD 942010625729
BAD 942027612209
BAD 941958719809
BAD 942124750891
BAD 942070123541
BAD 942070123543
BAD 942135399769
BAD 942135399773
BAD 942201859003
BAD 942206212931
BAD 942206212933
BAD 942210792119
BAD 942150614233
BAD 942050422051
BAD 942050422057
BAD 942057464419
BAD 941980856507
BAD 941980996613
BAD 941982833723
BAD 942233746429
BAD 942329336659
BAD 941988741377
BAD 942243583717
BAD 942243583727
BAD 941991311059
BAD 942244474943
BAD 942090615379
BAD 942090615383
BAD 942097468561
BAD 942098027287
BAD 942097130693
BAD 942044548481
BAD 942044548483
BAD 942044548499
BAD 942044548507
BAD 942044757601
BAD 942108719219
BAD 942108719221
BAD 942109574089
BAD 942226668611
BAD 942226668613
BAD 942270654643
BAD 942279152117
BAD 942279152119
BAD 942262602991
BAD 942290281741
BAD 942290281747
BAD 942422734639
BAD 942422918011
BAD 942430778231
BAD 942430778299
BAD 942431793227
BAD 942431793229
BAD 942431793241
BAD 942450145751
BAD 942450145759
BAD 942452682637
BAD 942484433461
BAD 942453497353
BAD 942444835273
BAD 942493154989
BAD 942499861063
BAD 942470471113
BAD 942470471123
BAD 942523522489
BAD 942473627903
BAD 942481291471
BAD 942549363971
BAD 942332578303
BAD 942332578307
BAD 942332578309
BAD 942386576513
BAD 942373007599
BAD 942373007629
BAD 942338901929
BAD 942393326327
BAD 942393326341
BAD 942394032743
BAD 942394691999
BAD 942394692023
BAD 942395414167
BAD 942570597109
BAD 942570597113
BAD 942574342279
BAD 942620530963
BAD 942551189809
BAD 942635980051
BAD 942638303759
BAD 942640949539
BAD 942640949543
BAD 942633516373
BAD 942563974153
BAD 942647034013
BAD 942674373133
BAD 942600707047
BAD 942609203513
BAD 942657278477
BAD 942694372231
BAD 942785255563
BAD 942600054713
BAD 942826295783
BAD 942835423787
BAD 942835423793
BAD 942854279221
BAD 942716554631
BAD 942716554639
BAD 942717372227
BAD 942717372229
BAD 942848536313
BAD 942864060013
BAD 942865912627
BAD 942726870389
BAD 942726870391
BAD 942726870403
BAD 942730379489
BAD 942757944367
BAD 943033118663
BAD 942916495693
BAD 942916495699
BAD 942897774397
BAD 942901908847
BAD 942959614033
BAD 942966138173
BAD 942986564161
BAD 942986613557
BAD 942986613559
BAD 942987183893
BAD 942994760821
BAD 942982500697
BAD 942982500709
BAD 942929395831
BAD 943004925953
BAD 943004925959
BAD 943006754071
BAD 943014552703
BAD 943042942351
BAD 942948186823
BAD 942949411507
BAD 942949411519
BAD 942949411583
BAD 942950634653
BAD 943051059961
BAD 943051059967
BAD 943246419541
BAD 943246419547
BAD 943246419559
BAD 943246419571
BAD 943251077707
BAD 943104375943
BAD 943175057963
BAD 943175082589
BAD 943177119529
BAD 943177890049
BAD 943107361843
BAD 943107361853
BAD 943195559569
BAD 943195559573
BAD 943115154743
BAD 943143381703
BAD 943201059517
BAD 943201059527
BAD 943201059529
BAD 943150864883
BAD 943134602203
BAD 943136413117
BAD 943297499539
BAD 943205663143
BAD 943205663149
BAD 943166741863
BAD 943272476593
BAD 943279250873
BAD 943284239507
BAD 943284239509
BAD 943284239551
BAD 943255646153
BAD 943257947213
BAD 943259830367
BAD 943259830369
BAD 943266716269
BAD 943055711569
BAD 943542267467
BAD 943542267469
BAD 943546856003
BAD 943550716583
BAD 943476778117
BAD 943480372673
BAD 943523309251
BAD 943560737299
BAD 943382918461
BAD 943351488113
BAD 943351488127
BAD 943351488133
BAD 943510370953
BAD 943505248033
BAD 943409842103
BAD 943590598549
BAD 943431877211
BAD 943634110613
BAD 943635567233
BAD 943612883051
BAD 943612883053
BAD 943401594703
BAD 943623491971
BAD 943447312207
BAD 943447312217
BAD 943447312219
BAD 943725499177
BAD 943725499181
BAD 943735577539
BAD 943737714571
BAD 943821250079
BAD 943821250081
BAD 943691148613
BAD 943773387001
BAD 943773387019
BAD 943783637341
BAD 943786358029
BAD 943894017973
BAD 943900458019
BAD 943900714349
BAD 943900714357
BAD 943793380279
BAD 943840986889
BAD 943803731477
BAD 943806308843
BAD 943934043379
BAD 943934043383
BAD 943934043389
BAD 943934043391
BAD 943935359729
BAD 943935359737
BAD 943808332409
BAD 943935805433
BAD 943690691269
BAD 943867172981
BAD 943867172993
BAD 943867890773
BAD 943872966481
BAD 943872966493
BAD 943872966497
BAD 943872966499
BAD 943847397049
BAD 943848342799
BAD 943857852673
BAD 943858050959
BAD 943719151147
BAD 943721692051
BAD 943924559131
BAD 943962858841
BAD 943962858869
BAD 943962858871
BAD 944065348579
BAD 944010936041
BAD 944095004159
BAD 944095004161
BAD 944181066727
BAD 944181066737
BAD 944181066739
BAD 944181066743
BAD 944097971293
BAD 944181410539
BAD 944101983763
BAD 944075186869
BAD 944198132971
BAD 944187620093
BAD 944109095521
BAD 944021912783
BAD 944203574161
BAD 944079104687
BAD 944079104693
BAD 944079104699
BAD 944079104701
BAD 944081364973
BAD 944082687553
BAD 944210386727
BAD 944092148603
BAD 944092750039
BAD 944124073351
BAD 944125782707
BAD 944125782709
BAD 944125782757
BAD 944001700403
BAD 944001700409
BAD 944009417893
BAD 944029482623
BAD 944247982429
BAD 944250080573
BAD 944257939283
BAD 944297785867
BAD 944289751777
BAD 944289751781
BAD 944311443323
BAD 944311443329
BAD 944311443331
BAD 944293961101
BAD 944330728793
BAD 944338824943
BAD 944341666327
BAD 944222901263
BAD 944347432027
BAD 944312443979
BAD 944312443981
BAD 944351731249
BAD 944366769967
BAD 944395799239
BAD 944401220641
BAD 944401220647
BAD 944413327471
BAD 944413327579
BAD 944409238211
BAD 944409348721
BAD 944530831483
BAD 944530831487
BAD 944437008409
BAD 944502251753
BAD 944544748013
BAD 944544781519
BAD 944624834761
BAD 944624834779
BAD 944384879261
BAD 944479633943
BAD 944479633949
BAD 944569071601
BAD 944575361783
BAD 944575361801
BAD 944575361803
BAD 944637684647
BAD 944637684649
BAD 944644027339
BAD 944644027343
BAD 944650466843
BAD 944660916259
BAD 944660916263
BAD 944660916271
BAD 944462843843
BAD 944669123633
BAD 944671067089
BAD 944766916063
BAD 944766916081
BAD 944766916117
BAD 944676025639
BAD 944595978811
BAD 944595978817
BAD 944682363439
BAD 944695527631
BAD 944718498709
BAD 944718498733
BAD 944718498739
BAD 944718498743
BAD 944832549019
BAD 944835141979
BAD 944835141983
BAD 944732037187
BAD 944838558649
BAD 944840326159
BAD 944842261723
BAD 944842261739
BAD 944821940207
BAD 944882243791
BAD 944882243797
BAD 944804712169
BAD 944806035203
BAD 944812323047
BAD 944812323053
BAD 944797305337
BAD 944797305349
BAD 944896284883
BAD 944896284929
BAD 944896284931
BAD 944866092523
BAD 944866092529
BAD 944871156883
BAD 944876155901
BAD 944878677403
BAD 944881600253
BAD 944903385409
BAD 944910025123
BAD 944937776369
BAD 944937776371
BAD 944940019643
BAD 944949343579
BAD 944917987907
BAD 944917987919
BAD 944919617903
BAD 944979889387
BAD 944985608953
BAD 945006755689
BAD 945009292919
BAD 945015517133
BAD 945069216743
BAD 945062479687
BAD 945062479693
BAD 945066316501
BAD 945112931053
BAD 945112931069
BAD 945112931071
BAD 945115853263
BAD 945115853267
BAD 945203323979
BAD 945209680523
BAD 945212008021
BAD 945220533589
BAD 945221103403
BAD 945271456711
BAD 945038618273
BAD 945223146019
BAD 945172694237
BAD 945172694239
BAD 945147709711
BAD 945147709747
BAD 945147709763
BAD 945041796583
BAD 945229820321
BAD 945278637383
BAD 945229820323
BAD 945163773013
BAD 945043087507
BAD 945043087531
BAD 945043087537
BAD 945043087543
BAD 945181512683
BAD 945250248253
BAD 945250870339
BAD 945048510829
BAD 945048510863
BAD 945049684459
BAD 945197703563
BAD 945200660233
BAD 945340347173
BAD 945352744781
BAD 945354421909
BAD 945343504129
BAD 945031289063
BAD 945347610967
BAD 945303840619
BAD 945308238739
BAD 945316764739
BAD 945397880851
BAD 945120005239
BAD 945120820519
BAD 945287002433
BAD 945293162111
BAD 945297815537
BAD 945297815543
BAD 945297815563
BAD 945300186583
BAD 945431715521
BAD 945431715523
BAD 945438046219
BAD 945434209529
BAD 945434209549
BAD 945434209553
BAD 945452850833
BAD 945455990971
BAD 945492808231
BAD 945492808259
BAD 945492808261
BAD 945505303021
BAD 945505303033
BAD 945546879419
BAD 945546879421
BAD 945615069559
BAD 945615069563
BAD 945618869633
BAD 945618869669
BAD 945568718929
BAD 945378347623
BAD 945587166179
BAD 945590443081
BAD 945671343769
BAD 945671998043
BAD 945723929707
BAD 945730925233
BAD 945730925239
BAD 945731400049
BAD 945687104851
BAD 945713587001
BAD 945713587003
BAD 945777427391
BAD 945777427393
BAD 945799358789
BAD 945743351431
BAD 945743351437
BAD 945847394839
BAD 945850379867
BAD 945850379869
BAD 945852277159
BAD 945852277163
BAD 945852277169
BAD 945852277171
BAD 945852277177
BAD 945854160583
BAD 945647508529
BAD 945836830759
BAD 945626016221
BAD 945859592393
BAD 945861767869
BAD 945897497107
BAD 945899544409
BAD 945899544413
BAD 945958221101
BAD 945875082293
BAD 945915206273
BAD 945915206287
BAD 945915206293
BAD 945915316133
BAD 945916517317
BAD 945885461933
BAD 945972383989
BAD 945947115353
BAD 945947115367
BAD 945948346597
BAD 945948346643
BAD 945923981909
BAD 945932100203
BAD 946018621609
BAD 946057374853
BAD 946057875881
BAD 946057875883
BAD 946057875887
BAD 946061398129
BAD 946061398133
BAD 946083807503
BAD 946086621457
BAD 946056148727
BAD 945972697069
BAD 945977435411
BAD 945981949669
BAD 945986827883
BAD 945986827889
BAD 945991316471
BAD 946107106303
BAD 946117219583
BAD 946117219681
BAD 946142160631
BAD 946153941253
BAD 946153941259
BAD 946166078659
BAD 946092053341
BAD 946095977689
BAD 946098563797
BAD 946135163821
BAD 946135163839
BAD 946135163843
BAD 946362185393
BAD 946362185411
BAD 946362185413
BAD 946362805127
BAD 946262111957
BAD 946262111959
BAD 946262111999
BAD 946330704181
BAD 946266976153
BAD 946266976243
BAD 946266976247
BAD 946337918521
BAD 946272820261
BAD 946273710167
BAD 946273710169
BAD 946195287799
BAD 946195287803
BAD 946198723969
BAD 946232916263
BAD 946287224551
BAD 946423046221
BAD 946424946619
BAD 946379743391
BAD 946389655669
BAD 946389655681
BAD 946389655703
BAD 946406175293
BAD 946177012537
BAD 946177012541
BAD 946178391989
BAD 946180627061
BAD 946187809717
BAD 946255191533
BAD 946255191551
BAD 946213250933
BAD 946215976709
BAD 946310691251
BAD 946315705681
BAD 946517360777
BAD 946517360779
BAD 946517360783
BAD 946522788791
BAD 946527919583
BAD 946530134731
BAD 946532878883
BAD 946532878891
BAD 946426791329
BAD 946426791337
BAD 946542952363
BAD 946440852781
BAD 946444255283
BAD 946442039239
BAD 946448007181
BAD 946455075481
BAD 946581449467
BAD 946507866433
BAD 946508076853
BAD 946586781643
BAD 946646903179
BAD 946646903183
BAD 946591085603
BAD 946654097821
BAD 946654685761
BAD 946607372393
BAD 946657214837
BAD 946706780951
BAD 946628320223
BAD 946631788939
BAD 946636873759
BAD 946459358239
BAD 946460593003
BAD 946460593007
BAD 946460593009
BAD 946720323779
BAD 946720323781
BAD 946670278703
BAD 946670278753
BAD 946670278759
BAD 946675466753
BAD 946567162789
BAD 946682913263
BAD 946568295863
BAD 946571063287
BAD 946686848851
BAD 946483918823
BAD 946750092571
BAD 946759493191
BAD 946828987771
BAD 946783157543
BAD 946777427053
BAD 946846027381
BAD 946848641573
BAD 946848641579
BAD 946848641581
BAD 946851599693
BAD 946967334169
BAD 946989801893
BAD 946811860543
BAD 946955332207
BAD 946998925189
BAD 946998925321
BAD 946999223939
BAD 946999223941
BAD 946800779741
BAD 946822135099
BAD 946806143641
BAD 946808056969
BAD 946928491843
BAD 947007311059
BAD 947007311071
BAD 947072401771
BAD 947138384653
BAD 947146488733
BAD 946905022807
BAD 946938275861
BAD 946939121363
BAD 947168606941
BAD 947148645559
BAD 947148645563
BAD 947116870277
BAD 947116870279
BAD 947175729949
BAD 947152656301
BAD 947155842487
BAD 947016727529
BAD 947033572159
BAD 947038553837
BAD 947040684451
BAD 947056898173
BAD 946889217347
BAD 946889478481
BAD 947084600117
BAD 946894636243
BAD 947189688299
BAD 947215268437
BAD 947217474367
BAD 947223105743
BAD 947224164079
BAD 947224164083
BAD 947225244613
BAD 947228641369
BAD 947257732549
BAD 947283385277
BAD 947261397421
BAD 947338008653
BAD 947296958683
BAD 947296958689
BAD 947370586973
BAD 947390733283
BAD 947433032137
BAD 947437144561
BAD 947299654793
BAD 947309222309
BAD 947309222311
BAD 947330485789
BAD 947361113561
BAD 947667323657
BAD 947668412543
BAD 947624040199
BAD 947626709483
BAD 947708871761
BAD 947708871763
BAD 947708871773
BAD 947712884201
BAD 947712884203
BAD 947691100207
BAD 947717366117
BAD 947717366119
BAD 947519804333
BAD 947520260851
BAD 947520260857
BAD 947573669257
BAD 947417192093
BAD 947418491927
BAD 947466734833
BAD 947466734839
BAD 947466734843
BAD 947453213573
BAD 947473876711
BAD 947412340267
BAD 947544219169
BAD 947544219187
BAD 947544219203
BAD 947506165733
BAD 947506283239
BAD 947488194251
BAD 947488194253
BAD 947488194259
BAD 947511399727
BAD 947514194467
BAD 947554500743
BAD 947554500757
BAD 947499270253
BAD 947557170979
BAD 947736906847
BAD 947743598303
BAD 947756041163
BAD 947835090203
BAD 947839067269
BAD 947841387893
BAD 947874053117
BAD 947874053123
BAD 947880137027
BAD 947918529443
BAD 947823867979
BAD 947823867983
BAD 947887013729
BAD 947892269383
BAD 947898467311
BAD 947898467317
BAD 947934296213
BAD 948141283351
BAD 947793943807
BAD 947793943813
BAD 948094030243
BAD 947797306957
BAD 948097096379
BAD 948097096381
BAD 948097096469
BAD 948097096489
BAD 948097490633
BAD 947814968461
BAD 947814968473
BAD 947771261057
BAD 948050023663
BAD 947774168197
BAD 947778140383
BAD 947939497469
BAD 947939497471
BAD 947939497517
BAD 947940294109
BAD 947941938199
BAD 947995975127
BAD 948123827579
BAD 948132907879
BAD 947971165159
BAD 947977611949
BAD 947977611967
BAD 948111950671
BAD 948114650149
BAD 947959706927
BAD 947959706929
BAD 947960002291
BAD 948172966229
BAD 948186485879
BAD 948218342387
BAD 948218342389
BAD 948220226321
BAD 948062177599
BAD 948240113881
BAD 948240247861
BAD 948071060257
BAD 948267609743
BAD 948084271339
BAD 948306473813
BAD 948310949959
BAD 948163520617
BAD 948316270201
BAD 948165387859
BAD 948292338713
BAD 948298632469
BAD 948285525853
BAD 948389030137
BAD 948438318631
BAD 948400126867
BAD 948453160883
BAD 948369239033
BAD 948369239039
BAD 948369239053
BAD 948454745437
BAD 948539954359
BAD 948530338351
BAD 948530338373
BAD 948536450629
BAD 948561966383
BAD 948561966403
BAD 948561966409
BAD 948561966413
BAD 948566392133
BAD 948329748259
BAD 948600348757
BAD 948680977051
BAD 948681622391
BAD 948611469583
BAD 948611469587
BAD 948695284321
BAD 948697323661
BAD 948647127983
BAD 948508222019
BAD 948508222021
BAD 948508222027
BAD 948652364603
BAD 948654309019
BAD 948654309023
BAD 948476718919
BAD 948476718923
BAD 948485639993
BAD 948722969149
BAD 948731648363
BAD 948673106629
BAD 948904785659
BAD 948741519181
BAD 948745247143
BAD 948745247147
BAD 948751631231
BAD 948813732137
BAD 948578779243
BAD 948578779249
BAD 948578779627
BAD 948578779633
BAD 948822764917
BAD 948822764947
BAD 948580268437
BAD 948580268443
BAD 948780594427
BAD 948780594431
BAD 948771301561
BAD 948783740323
BAD 948582622789
BAD 948784316429
BAD 948787148923
BAD 948825443353
BAD 948587510293
BAD 948845403151
BAD 948837871831
BAD 948840141811
BAD 948854206639
BAD 948858077623
BAD 948633702773
BAD 948937356319
BAD 948959967509
BAD 948961502119
BAD 948955876879
BAD 948958964857
BAD 948968951939
BAD 948968951941
BAD 948978802301
BAD 948794357377
BAD 948796048397
BAD 948796048399
BAD 948804605341
BAD 948806371699
BAD 948806371703
BAD 948807554843
BAD 948914314157
BAD 949057966837
BAD 949009503223
BAD 949102574513
BAD 949079420579
BAD 949083361591
BAD 949092692099
BAD 949092692101
BAD 949147901791
BAD 949261704473
BAD 949153526627
BAD 949276471943
BAD 949250347847
BAD 949203011543
BAD 949203011569
BAD 949298851687
BAD 949298851703
BAD 949371351373
BAD 949371351391
BAD 949371351413
BAD 949333891843
BAD 949315102081
BAD 949317353077
BAD 949309750853
BAD 949309750861
BAD 949354408459
BAD 949343958653
BAD 949360554137
BAD 949360554139
BAD 949397894197
BAD 949285561927
BAD 949407832369
BAD 949411294501
BAD 949381194691
BAD 949497147829
BAD 949498198157
BAD 949500148561
BAD 949393421461
BAD 949393421519
BAD 949393421521
BAD 949394482693
BAD 949394482703
BAD 949445813887
BAD 949460046883
BAD 949631496061
BAD 949599795593
BAD 949644952783
BAD 949646525923
BAD 949604295473
BAD 949605801817
BAD 949581939479
BAD 949547585923
BAD 949547585929
BAD 949434368903
BAD 949586798359
BAD 949558464037
BAD 949594289531
BAD 949594289533
BAD 949559425459
BAD 949542356281
BAD 949471577543
BAD 949473346009
BAD 949473346013
BAD 949569950393
BAD 949573455079
BAD 949579525651
BAD 949683202807
BAD 949683202861
BAD 949714961549
BAD 949717106027
BAD 949717146043
BAD 949717146047
BAD 949723343581
BAD 949654493413
BAD 949654493419
BAD 949417378249
BAD 949417378253
BAD 949423587403
BAD 949785892463
BAD 949796886613
BAD 949796886617
BAD 949818979289
BAD 949846546613
BAD 949865784541
BAD 949868462579
BAD 949878039289
BAD 949878039293
BAD 949879785031
BAD 949749519647
BAD 949749519659
BAD 949749519661
BAD 949751321317
BAD 949753207027
BAD 949669692289
BAD 949671947681
BAD 949733211419
BAD 949733211421
BAD 949733211437
BAD 949733211439
BAD 949762537819
BAD 949775314681
BAD 949779254783
BAD 949741363427
BAD 949741363429
BAD 949741363433
BAD 949741374233
BAD 949799212567
BAD 949799212577
BAD 949919483899
BAD 949921066547
BAD 949921066553
BAD 949923092203
BAD 949811732813
BAD 949929913987
BAD 949929913991
BAD 949900203001
BAD 949905068183
BAD 949894196651
BAD 949894196653
BAD 949894196683
BAD 949945353233
BAD 949962669941
BAD 949962669949
BAD 949963205293
BAD 949965060983
BAD 949965060991
BAD 949967018699
BAD 949968869959
RANGE 940000000000 950000000000 PRIMES 362663463 BAD 1327
