BAD 810091662473
BAD 810017618413
BAD 810026211133
BAD 810027732559
BAD 810101067289
BAD 810037525939
BAD 810037525967
BAD 810225559771
BAD 810107332651
BAD 810041212051
BAD 810041212073
BAD 810042611671
BAD 810144209353
BAD 810114368983
BAD 810145948783
BAD 810204827513
BAD 810362351377
BAD 810365714243
BAD 810165142487
BAD 810165142489
BAD 810335808851
BAD 810056028389
BAD 810056028391
BAD 810336747173
BAD 810057553687
BAD 810339735367
BAD 810339735379
BAD 810280241873
BAD 810390154403
BAD 810008240359
BAD 810009934781
BAD 810010213811
BAD 810010213813
BAD 810066193093
BAD 810066193103
BAD 810348797443
BAD 810396934681
BAD 810396934687
BAD 810074136307
BAD 810351587611
BAD 810326992973
BAD 810239773699
BAD 810239857711
BAD 810240742999
BAD 810240743003
BAD 810330253673
BAD 810333258617
BAD 810333258619
BAD 810335154259
BAD 810123844553
BAD 810123844559
BAD 810123844561
BAD 810123844567
BAD 810123844643
BAD 810246225263
BAD 810246225311
BAD 810304297321
BAD 810128118533
BAD 810128118539
BAD 810128118557
BAD 810128118559
BAD 810249391277
BAD 810249391279
BAD 810249391291
BAD 810249996667
BAD 810250582073
BAD 810307703761
BAD 810308580923
BAD 810131505541
BAD 810382964371
BAD 810382964387
BAD 810384552557
BAD 810384552559
BAD 810296834623
BAD 810296834629
BAD 810297095269
BAD 810297095273
BAD 810255066263
BAD 810261312481
BAD 810261312493
BAD 810264518033
BAD 810267853441
BAD 810192229501
BAD 810192229513
BAD 810436609057
BAD 810459330451
BAD 810462007051
BAD 810465979261
BAD 810448488439
BAD 810469585421
BAD 810470847323
BAD 810524273017
BAD 810524273023
BAD 810411198787
BAD 810411198803
BAD 810412705309
BAD 810414095641
BAD 810414262159
BAD 810528766849
BAD 810476433787
BAD 810531706783
BAD 810486647833
BAD 810422863933
BAD 810496319317
BAD 810509821873
BAD 810514053211
BAD 810514133843
BAD 810776498449
BAD 810781183033
BAD 810592300267
BAD 810605048137
BAD 810605439073
BAD 810808598863
BAD 810808598881
BAD 810623416087
BAD 810639852833
BAD 810705288727
BAD 810705288739
BAD 810611152003
BAD 810822588649
BAD 810709252489
BAD 810711233573
BAD 810631164971
BAD 810617221549
BAD 810617221553
BAD 810829233259
BAD 810648683737
BAD 810652650763
BAD 810652650817
BAD 810893644993
BAD 810893644997
BAD 810893644999
BAD 810893645011
BAD 810857440051
BAD 810897651037
BAD 810859303703
BAD 810863262347
BAD 810878125531
BAD 810724627147
BAD 810724627151
BAD 810558597293
BAD 810850638379
BAD 810867536131
BAD 810852541063
BAD 810852541067
BAD 810914991641
BAD 810914991643
BAD 810914991647
BAD 810916455169
BAD 810565085609
BAD 810565085611
BAD 810744759623
BAD 810730625611
BAD 810744759631
BAD 810731541491
BAD 810731541493
BAD 810933225833
BAD 810933225841
BAD 810571326889
BAD 810586938409
BAD 810586938479
BAD 810586938481
BAD 810656803711
BAD 810656803717
BAD 810695236643
BAD 810697445359
BAD 810697593457
BAD 810669310673
BAD 810673243981
BAD 810676834441
BAD 810939963443
BAD 810942822161
BAD 810942822163
BAD 810942822169
BAD 810951058783
BAD 810991032727
BAD 810995970643
BAD 810995970647
BAD 810995970649
BAD 810997811653
BAD 810998887763
BAD 810999258271
BAD 811000902337
BAD 810976679701
BAD 810985781803
BAD 810985781807
BAD 811126442303
BAD 810989769631
BAD 810989769637
BAD 810989769647
BAD 811137960403
BAD 811069315717
BAD 811069315723
BAD 811159087381
BAD 811251658523
BAD 811251658531
BAD 811173784181
BAD 811143957101
BAD 811145236633
BAD 811145236637
BAD 811185028583
BAD 811148265931
BAD 811150889761
BAD 811154449933
BAD 811154449939
BAD 811194344581
BAD 811196998783
BAD 811197114883
BAD 811197114887
BAD 811200488003
BAD 811205990173
BAD 811206342917
BAD 811292981977
BAD 811282082719
BAD 811282082771
BAD 811285545467
BAD 811016627341
BAD 811094827589
BAD 811101572419
BAD 811216993309
BAD 811089371513
BAD 811269334517
BAD 811037856217
BAD 811037856227
BAD 811037856229
BAD 811236122119
BAD 811347744091
BAD 811353273491
BAD 811355902127
BAD 811355902129
BAD 811355902219
BAD 811355902223
BAD 811396467263
BAD 811478186513
BAD 811429038559
BAD 811481414813
BAD 811483144867
BAD 811483144873
BAD 811443649493
BAD 811443649501
BAD 811447356451
BAD 811450480727
BAD 811450480733
BAD 811450480747
BAD 811512190501
BAD 811452168103
BAD 811452168113
BAD 811452168119
BAD 811440184111
BAD 811440184117
BAD 811492413427
BAD 811492626083
BAD 811492776737
BAD 811492776739
BAD 811515134839
BAD 811517872861
BAD 811496168731
BAD 811496168753
BAD 811419528287
BAD 811419528289
BAD 811526874833
BAD 811531946941
BAD 811534347763
BAD 811534347769
BAD 811534347773
BAD 811534347779
BAD 811534347781
BAD 811376441093
BAD 811380049463
BAD 811380049483
BAD 811385599163
BAD 811550312513
BAD 811554465121
BAD 811554465151
BAD 811554465173
BAD 811721112347
BAD 811727589403
BAD 811727589467
BAD 811569319793
BAD 811576610359
BAD 811764093869
BAD 811764093871
BAD 811680519667
BAD 811770159653
BAD 811770159661
BAD 811601126363
BAD 811639712369
BAD 811639712371
BAD 811773106943
BAD 811605521917
BAD 811687692631
BAD 811687692661
BAD 811688113477
BAD 811616715911
BAD 811616715913
BAD 811616715919
BAD 811608762413
BAD 811608812957
BAD 811616893133
BAD 811616893141
BAD 811693135111
BAD 811693135117
BAD 811746490759
BAD 811619603323
BAD 811619877433
BAD 811619877437
BAD 811867584601
BAD 811787432611
BAD 811869168137
BAD 811869168139
BAD 811623344473
BAD 811870105063
BAD 811885230791
BAD 811885230859
BAD 811874063479
BAD 811874063491
BAD 811888962761
BAD 811756050803
BAD 811877942573
BAD 811805156489
BAD 811805156497
BAD 811806760717
BAD 811645028741
BAD 811645028759
BAD 811855547977
BAD 811856339201
BAD 811648149947
BAD 811648338049
BAD 811823521643
BAD 811823521673
BAD 811823521679
BAD 811823521681
BAD 811839736483
BAD 811703398777
BAD 811742324563
BAD 811898776651
BAD 811912648837
BAD 811912648847
BAD 811901795849
BAD 811918398061
BAD 811918549549
BAD 811918549553
BAD 811906050953
BAD 811938585803
BAD 811938585817
BAD 811956463753
BAD 811956463757
BAD 811965609937
BAD 811965609941
BAD 812271738469
BAD 812008735883
BAD 812008735897
BAD 812204972707
BAD 812130945103
BAD 812130945127
BAD 812130945133
BAD 812209463809
BAD 811988060063
BAD 812239710767
BAD 812152764109
BAD 812152764113
BAD 811995463861
BAD 812038179319
BAD 812246461603
BAD 812246483141
BAD 812246483143
BAD 812162789239
BAD 812189829823
BAD 812189829827
BAD 812215565879
BAD 812215565881
BAD 812045050681
BAD 812196083371
BAD 812231218819
BAD 812231369723
BAD 812072450723
BAD 812083760399
BAD 812083760401
BAD 812085703873
BAD 812085703883
BAD 812095886243
BAD 812020371917
BAD 812020371919
BAD 812020371923
BAD 812025443347
BAD 812168124973
BAD 812173176259
BAD 812304450931
BAD 812310892751
BAD 812310892753
BAD 812052346403
BAD 812099144477
BAD 812099144497
BAD 812126866367
BAD 812259221731
BAD 812259221737
BAD 812319962569
BAD 812112153893
BAD 812113847473
BAD 812328082679
BAD 812328082681
BAD 812281718257
BAD 812281718273
BAD 812286558143
BAD 812286558151
BAD 812286558163
BAD 812292855173
BAD 812332168801
BAD 812333125783
BAD 812419406587
BAD 812336281027
BAD 812426056727
BAD 812338341721
BAD 812338341743
BAD 812428966411
BAD 812428966441
BAD 812349457547
BAD 812356660343
BAD 812357178967
BAD 812523494843
BAD 812526617831
BAD 812526617839
BAD 812526617843
BAD 812528517223
BAD 812529616519
BAD 812363922463
BAD 812363922473
BAD 812364682211
BAD 812531712919
BAD 812484898913
BAD 812483020529
BAD 812497840261
BAD 812408788621
BAD 812538857423
BAD 812539614259
BAD 812452199129
BAD 812452199131
BAD 812457696409
BAD 812457696439
BAD 812634117563
BAD 812641530229
BAD 812617251601
BAD 812373095999
BAD 812373096001
BAD 812373096023
BAD 812373096037
BAD 812373096043
BAD 812650098529
BAD 812630781601
BAD 812630781607
BAD 812559406381
BAD 812561547101
BAD 812561547103
BAD 812571580837
BAD 812575668857
BAD 812575668859
BAD 812575668913
BAD 812575668917
BAD 812575668923
BAD 812600867657
BAD 812606074613
BAD 812385549589
BAD 812385549593
BAD 812610461233
BAD 812611279819
BAD 812387945827
BAD 812705960401
BAD 812707982393
BAD 812708394373
BAD 812617118213
BAD 812717188757
BAD 812717188771
BAD 812742458323
BAD 812746683743
BAD 812668787353
BAD 812672981941
BAD 812672981947
BAD 812672981951
BAD 812672981957
BAD 812790234469
BAD 812802260119
BAD 812791841843
BAD 812791841903
BAD 812791841909
BAD 812437608613
BAD 812437608617
BAD 812803616609
BAD 812804282243
BAD 812651384383
BAD 812794101089
BAD 812794101107
BAD 812721289999
BAD 812812906643
BAD 812722695949
BAD 812655405853
BAD 812682099533
BAD 812836360339
BAD 812657889601
BAD 812815437047
BAD 812823064793
BAD 812823064811
BAD 812725582531
BAD 812842491469
BAD 812727614879
BAD 812727614887
BAD 812727735049
BAD 812859677437
BAD 812684781361
BAD 812684781371
BAD 812684781373
BAD 812684781463
BAD 812689963123
BAD 812692577791
BAD 812904815231
BAD 812905640959
BAD 812905641001
BAD 812910204277
BAD 812946984053
BAD 812781427153
BAD 812871429137
BAD 812878888967
BAD 812880991081
BAD 812885197849
BAD 812927368633
BAD 812889059069
BAD 812889059071
BAD 812955655753
BAD 812955655777
BAD 812959978531
BAD 812961613159
BAD 812961651589
BAD 812962179863
BAD 812967632933
BAD 812967632947
BAD 813067485079
BAD 812970087913
BAD 812971924847
BAD 813092731489
BAD 812975262829
BAD 812975262833
BAD 812975262839
BAD 812975262881
BAD 813097334831
BAD 813073214357
BAD 813162744409
BAD 813180867259
BAD 813168941719
BAD 813146557987
BAD 813146557991
BAD 813150621953
BAD 813151956013
BAD 813256059893
BAD 812991279917
BAD 813004823933
BAD 813005642651
BAD 813005642653
BAD 813005863447
BAD 813247962811
BAD 812999304641
BAD 812999304643
BAD 812999304647
BAD 812999304659
BAD 812999304661
BAD 813250766033
BAD 813021355807
BAD 813036434971
BAD 813036435019
BAD 813197408501
BAD 813197408503
BAD 813203098153
BAD 813128011373
BAD 813131909089
BAD 813209790851
BAD 813105952667
BAD 813105952669
BAD 813215751289
BAD 813111053617
BAD 813111347861
BAD 813111347863
BAD 813217796663
BAD 813112346639
BAD 813113685253
BAD 813113685257
BAD 813113685259
BAD 813114220057
BAD 813237966727
BAD 813043738393
BAD 813046567253
BAD 813046567259
BAD 813046567261
BAD 813331810723
BAD 813331810727
BAD 813337105579
BAD 813337105591
BAD 813337105597
BAD 813353902733
BAD 813273981809
BAD 813273981811
BAD 813273981841
BAD 813275565391
BAD 813275979847
BAD 813357674543
BAD 813304024633
BAD 813362534323
BAD 813362534329
BAD 813378156883
BAD 813378156887
BAD 813378156889
BAD 813364241539
BAD 813364241551
BAD 813380603951
BAD 813380603963
BAD 813367212323
BAD 813491132239
BAD 813491132243
BAD 813494809879
BAD 813499640209
BAD 813499740517
BAD 813446966491
BAD 813447422803
BAD 813458850991
BAD 813460519831
BAD 813392160331
BAD 813414004801
BAD 813414004813
BAD 813416104493
BAD 813401045557
BAD 813401045563
BAD 813401045579
BAD 813401045581
BAD 813403786453
BAD 813437709841
BAD 813437709913
BAD 813521609297
BAD 813522866939
BAD 813522866941
BAD 813543512941
BAD 813475716673
BAD 813479037739
BAD 813479564297
BAD 813534636169
BAD 813566084731
BAD 813571773253
BAD 813571773257
BAD 813615034117
BAD 813620429059
BAD 813718179193
BAD 813722700853
BAD 813590397377
BAD 813591577133
BAD 813775708523
BAD 813777737453
BAD 813596168029
BAD 813596168041
BAD 813780523993
BAD 813782677051
BAD 813785599699
BAD 813600894863
BAD 813600894871
BAD 813600894877
BAD 813600894881
BAD 813600894901
BAD 813786239977
BAD 813786239983
BAD 813603265603
BAD 813773260171
BAD 813627238817
BAD 813630269239
BAD 813633653263
BAD 813947703937
BAD 813949145617
BAD 813636494557
BAD 813833535037
BAD 813840109039
BAD 813841173799
BAD 813912794131
BAD 813912794137
BAD 813932664967
BAD 813918705841
BAD 813920369593
BAD 813922575889
BAD 813923889017
BAD 813923889019
BAD 813923889041
BAD 813938824471
BAD 813792044203
BAD 813792044227
BAD 813792044231
BAD 813893849189
BAD 813893849191
BAD 813795091597
BAD 813895480061
BAD 813895480063
BAD 813895480067
BAD 813844554097
BAD 813845562377
BAD 813679361227
BAD 813847831969
BAD 813643002901
BAD 813737487631
BAD 813745595959
BAD 813644685883
BAD 813817106539
BAD 813683441041
BAD 813867709987
BAD 813740656111
BAD 813740656117
BAD 813869308463
BAD 813650192353
BAD 813650926987
BAD 813905988617
BAD 813905988619
BAD 813855681871
BAD 813857722681
BAD 813824969897
BAD 813824969899
BAD 813655076041
BAD 813656422987
BAD 814030777141
BAD 814034534569
BAD 814034534581
BAD 814039079999
BAD 814040813893
BAD 813996644899
BAD 814009905287
BAD 814077863483
BAD 814016391269
BAD 814016391271
BAD 813979511339
BAD 813979511341
BAD 814060393717
BAD 814060783033
BAD 814067155051
BAD 813986569009
BAD 813986569013
BAD 814073831173
BAD 814073831183
BAD 814075978447
BAD 814043313571
BAD 814046319601
BAD 814279154713
BAD 814279154729
BAD 814118848793
BAD 814268035507
BAD 814286248483
BAD 814123949857
BAD 814289365411
BAD 814126359413
BAD 814293374837
BAD 814275394579
BAD 814055148391
BAD 814248577049
BAD 814249647929
BAD 814161254359
BAD 814309663711
BAD 814309795291
BAD 814196488453
BAD 814196488493
BAD 814199098613
BAD 814172904931
BAD 814173037549
BAD 814203265399
BAD 814204930249
BAD 814207674233
BAD 814207674257
BAD 814128047207
BAD 814128047209
BAD 814128047221
BAD 814128663331
BAD 814191812701
BAD 814130244727
BAD 814130244737
BAD 814130244743
BAD 814131973727
BAD 814131973729
BAD 814154413201
BAD 814365693061
BAD 814366566029
BAD 814367636129
BAD 814385826977
BAD 814385826979
BAD 814385826983
BAD 814336301021
BAD 814369031263
BAD 814337824789
BAD 814373222731
BAD 814392929971
BAD 814377081823
BAD 814213307903
BAD 814213307909
BAD 814213307911
BAD 814213307917
BAD 814219118861
BAD 814219118863
BAD 814221614797
BAD 814221614807
BAD 814227640363
BAD 814417102327
BAD 814419078433
BAD 814322653219
BAD 814420900471
BAD 814420900477
BAD 814422991937
BAD 814423439189
BAD 814423439191
BAD 814229026939
BAD 814233687721
BAD 814237036909
BAD 814434036931
BAD 814434036943
BAD 814434360119
BAD 814434360121
BAD 814445479717
BAD 814469577899
BAD 814514878433
BAD 814518688447
BAD 814682950163
BAD 814567352471
BAD 814567352491
BAD 814521883139
BAD 814521883141
BAD 814684195579
BAD 814527257969
BAD 814570252673
BAD 814498458523
BAD 814572004759
BAD 814580097439
BAD 814580097451
BAD 814584616981
BAD 814585290163
BAD 814586215943
BAD 814589136457
BAD 814589136461
BAD 814589136463
BAD 814589136467
BAD 814589136469
BAD 814589216533
BAD 814592681767
BAD 814486195931
BAD 814486195933
BAD 814632477739
BAD 814597382537
BAD 814597382539
BAD 814701899101
BAD 814644195577
BAD 814701899117
BAD 814701899119
BAD 814701899129
BAD 814701899131
BAD 814701899383
BAD 814701899387
BAD 814701899393
BAD 814605525287
BAD 814605525301
BAD 814617682939
BAD 814617682943
BAD 814548567713
BAD 814776299093
BAD 814776914953
BAD 814779386521
BAD 814561205483
BAD 814561205509
BAD 814562856923
BAD 814563124919
BAD 814563221123
BAD 814563221167
BAD 814658094589
BAD 814801428499
BAD 814801428503
BAD 814723883791
BAD 814726389413
BAD 814726389419
BAD 814727620183
BAD 814901137283
BAD 814918344217
BAD 814918344221
BAD 814918344223
BAD 814910352499
BAD 814910352511
BAD 814836650941
BAD 814922068201
BAD 814951970431
BAD 814924997071
BAD 814891947983
BAD 814954736839
BAD 814893779857
BAD 814895358373
BAD 814895358383
BAD 814930858519
BAD 814959049207
BAD 814949043739
BAD 814949043743
BAD 814949043751
BAD 814850200037
BAD 814850200039
BAD 814898053913
BAD 814898053927
BAD 814853016311
BAD 814853016353
BAD 814747824757
BAD 814747824769
BAD 814747824773
BAD 814855819387
BAD 814785473659
BAD 814763353913
BAD 814790683433
BAD 815043724321
BAD 815047512289
BAD 815084915791
BAD 815087091751
BAD 814818743419
BAD 815098084621
BAD 814871206489
BAD 814829492723
BAD 814829492731
BAD 814878365167
BAD 814990151849
BAD 814990151851
BAD 814990151863
BAD 814990910521
BAD 814993814813
BAD 815002907923
BAD 815002907933
BAD 815002908011
BAD 815005737361
BAD 815058930211
BAD 815063521639
BAD 815030959669
BAD 815069809549
BAD 815069809553
BAD 815178580739
BAD 815182975759
BAD 815113634131
BAD 815113634149
BAD 815121666739
BAD 815121666743
BAD 815235807259
BAD 815235807263
BAD 815201829571
BAD 815204627843
BAD 815248023409
BAD 815248023413
BAD 815208272033
BAD 815221194637
BAD 815222197297
BAD 815225436391
BAD 815225436401
BAD 815225877049
BAD 815336167291
BAD 815354192623
BAD 815354192641
BAD 815354192701
BAD 815358371221
BAD 815358371273
BAD 815358371279
BAD 815358371281
BAD 815358371299
BAD 815358371339
BAD 815358371341
BAD 815364809453
BAD 815364809461
BAD 815364992269
BAD 815368163783
BAD 815139952843
BAD 815144879389
BAD 815293880311
BAD 815296883393
BAD 815423501197
BAD 815427116971
BAD 815433577879
BAD 815320104943
BAD 815302482647
BAD 815302482649
BAD 815302482653
BAD 815302482661
BAD 815327305867
BAD 815259009637
BAD 815266111313
BAD 815186727241
BAD 815186727247
BAD 815186727253
BAD 815199432521
BAD 815152867741
BAD 815270433227
BAD 815271149527
BAD 815159087599
BAD 815275836863
BAD 815163310231
BAD 815516566103
BAD 815517303871
BAD 815485247033
BAD 815485577243
BAD 815404248511
BAD 815404248523
BAD 815573952107
BAD 815557662727
BAD 815410846967
BAD 815410846969
BAD 815410846993
BAD 815410847003
BAD 815411028673
BAD 815558592857
BAD 815558592859
BAD 815577063703
BAD 815579773873
BAD 815566921721
BAD 815566921723
BAD 815417547433
BAD 815486687251
BAD 815588664203
BAD 815589927431
BAD 815589927433
BAD 815589927437
BAD 815489052289
BAD 815489052293
BAD 815593406899
BAD 815495598959
BAD 815495598961
BAD 815640481081
BAD 815606675371
BAD 815612185657
BAD 815612185667
BAD 815632162997
BAD 815632162999
BAD 815651397839
BAD 815618995043
BAD 815618995049
BAD 815618995091
BAD 815455092481
BAD 815457164803
BAD 815460517061
BAD 815460517063
BAD 815464829177
BAD 815396854213
BAD 815695213537
BAD 815520771523
BAD 815520771529
BAD 815697759391
BAD 815527195849
BAD 815527195853
BAD 815527195859
BAD 815527330231
BAD 815527330237
BAD 815527330243
BAD 815538986539
BAD 815552797121
BAD 815552797123
BAD 815811858353
BAD 815811858359
BAD 815811858373
BAD 815812937087
BAD 815812937089
BAD 815812937099
BAD 815812937101
BAD 815813923609
BAD 815816022929
BAD 815741663567
BAD 815747726513
BAD 815748076399
BAD 815750595983
BAD 815752168897
BAD 815755161833
BAD 815755161839
BAD 815755161841
BAD 815759531731
BAD 815759531737
BAD 815760696679
BAD 815760696683
BAD 815765998199
BAD 815765998219
BAD 815865790309
BAD 815659108547
BAD 815871938803
BAD 815668393297
BAD 815670227507
BAD 815823448553
BAD 815825524373
BAD 815715928939
BAD 815715928943
BAD 815841392633
BAD 815846854247
BAD 815846854253
BAD 815850549599
BAD 815850549601
BAD 815850549607
BAD 815892558773
BAD 815892558781
BAD 815973307379
BAD 815973307381
BAD 815977220887
BAD 815979819293
BAD 815979819359
BAD 815927401403
BAD 815927401409
BAD 815927591603
BAD 815967020723
BAD 815935859929
BAD 815801627549
BAD 815801627551
BAD 816042093319
BAD 816044860733
BAD 815883261773
BAD 815885323553
BAD 816091882313
BAD 816129334597
BAD 816129682897
BAD 816134051731
BAD 816134762033
BAD 816136933141
BAD 816112750099
BAD 816119981431
BAD 816008736379
BAD 816010292281
BAD 816014792377
BAD 816001643029
BAD 816002160871
BAD 816002160947
BAD 816002160949
BAD 816022469453
BAD 816169308211
BAD 816068244679
BAD 816068244683
BAD 816225313963
BAD 816277528531
BAD 816200543071
BAD 816325853557
BAD 816201088621
BAD 816204323549
BAD 816204323551
BAD 816230383153
BAD 816271890529
BAD 816273800233
BAD 816349231129
BAD 816350066599
BAD 816350066603
BAD 816364803721
BAD 816350843389
BAD 816350843393
BAD 816350843401
BAD 816308909863
BAD 816352792657
BAD 816311576393
BAD 816370339727
BAD 816319798003
BAD 816319798009
BAD 816293599123
BAD 816299190953
BAD 816208752439
BAD 816212524513
BAD 816213036349
BAD 816221459951
BAD 816221459953
BAD 816221459957
BAD 816221459959
BAD 816221460001
BAD 816221460007
BAD 816221460011
BAD 816174137573
BAD 816178881619
BAD 816181374089
BAD 816181374091
BAD 816182582401
BAD 816182582407
BAD 816184045981
BAD 816459736069
BAD 816246831797
BAD 816246831839
BAD 816248819303
BAD 816472229491
BAD 816472229513
BAD 816257469143
BAD 816380318707
BAD 816476519297
BAD 816476519303
BAD 816434318813
BAD 816434570093
BAD 816436208587
BAD 816441389149
BAD 816441389161
BAD 816484402939
BAD 816484402949
BAD 816485613973
BAD 816493433461
BAD 816457156903
BAD 816501005239
BAD 816502455851
BAD 816502455863
BAD 816412724107
BAD 816412724111
BAD 816414060073
BAD 816508130467
BAD 816508130479
BAD 816509531611
BAD 816509531653
BAD 816416046029
BAD 816416046031
BAD 816421644443
BAD 816595207711
BAD 816600105583
BAD 816644827351
BAD 816652012303
BAD 816610684213
BAD 816654189233
BAD 816655202669
BAD 816655505359
BAD 816615701749
BAD 816659205899
BAD 816659205907
BAD 816618758743
BAD 816621176831
BAD 816702157913
BAD 816622886941
BAD 816704338069
BAD 816704338117
BAD 816636595937
BAD 816636595939
BAD 816667493641
BAD 816668073391
BAD 816676433779
BAD 816516897269
BAD 816516897271
BAD 816589079629
BAD 816575669653
BAD 816575669659
BAD 816534327517
BAD 816534327533
BAD 816715315771
BAD 816719437867
BAD 816724842421
BAD 816540271153
BAD 816540271159
BAD 816782893789
BAD 816784990163
BAD 816815743069
BAD 816816803323
BAD 816816803329
BAD 816820202819
BAD 816683758237
BAD 816874177793
BAD 816829722173
BAD 816829722199
BAD 816830621713
BAD 816746191909
BAD 816746191913
BAD 816755933837
BAD 816755933839
BAD 816755933843
BAD 816899236081
BAD 816900164287
BAD 816901137893
BAD 816910193191
BAD 817065963253
BAD 817065963271
BAD 817066568509
BAD 817066568519
BAD 817000305631
BAD 816985942219
BAD 816987581063
BAD 817078781317
BAD 817006929899
BAD 817006929901
BAD 816988114051
BAD 817009149883
BAD 816965817319
BAD 817047029443
BAD 816966848339
BAD 816995822521
BAD 816996094829
BAD 817015441219
BAD 817015441223
BAD 816958097881
BAD 816958097887
BAD 817062680617
BAD 817028026933
BAD 816803447167
BAD 816769866103
BAD 816770649451
BAD 816804836251
BAD 816805063313
BAD 816944318821
BAD 816776386879
BAD 816776836093
BAD 817134803867
BAD 817134803869
BAD 817156282939
BAD 817158665041
BAD 816913208897
BAD 816913208921
BAD 816913208963
BAD 817035948623
BAD 817035948661
BAD 817035948667
BAD 817035948671
BAD 817036180321
BAD 817036597009
BAD 816854662399
BAD 817037373073
BAD 817037373077
BAD 817043509669
BAD 817043509673
BAD 817043509747
BAD 817188076891
BAD 817114629917
BAD 817116512869
BAD 817119218899
BAD 817119218917
BAD 817208099789
BAD 817208099791
BAD 817212510181
BAD 817168912597
BAD 817168912633
BAD 817171157293
BAD 817248486211
BAD 817253374339
BAD 817214468017
BAD 817215207337
BAD 817263867617
BAD 817264329163
BAD 817226882011
BAD 817227991253
BAD 817305003353
BAD 817309623541
BAD 817310991163
BAD 817318206293
BAD 817323086101
BAD 817323086123
BAD 817329555811
BAD 817330763539
BAD 817330763573
BAD 817330763581
BAD 817373247421
BAD 817374677393
BAD 817379675353
BAD 817493204251
BAD 817493204263
BAD 817493204267
BAD 817493204327
BAD 817493204329
BAD 817288488743
BAD 817288488773
BAD 817288488781
BAD 817428834823
BAD 817472019913
BAD 817472019943
BAD 817472019961
BAD 817268086681
BAD 817268086711
BAD 817268086741
BAD 817271556083
BAD 817271671057
BAD 817274787919
BAD 817275649129
BAD 817395597773
BAD 817401830057
BAD 817401830059
BAD 817401830071
BAD 817407795781
BAD 817414019173
BAD 817347335747
BAD 817437142213
BAD 817444593421
BAD 817551273713
BAD 817234313393
BAD 817588486049
BAD 817588486051
BAD 817593446443
BAD 817450979101
BAD 817460834791
BAD 817619460377
BAD 817619632871
BAD 817541186719
BAD 817542249583
BAD 817653508339
BAD 817658237971
BAD 817514254699
BAD 817661711887
BAD 817570511419
BAD 817637394341
BAD 817648834867
BAD 817649872441
BAD 817741740119
BAD 817741740121
BAD 817686505159
BAD 817691679923
BAD 817691679929
BAD 817678702081
BAD 817837722739
BAD 817837722743
BAD 817679328149
BAD 817695667643
BAD 817843589281
BAD 817819884823
BAD 817846182113
BAD 817846365439
BAD 817810327291
BAD 817817063911
BAD 817715954863
BAD 817830631697
BAD 817830631699
BAD 817833894529
BAD 817777841879
BAD 817784322181
BAD 817764684427
BAD 817870006279
BAD 817876646999
BAD 817876647001
BAD 817883899561
BAD 817921889269
BAD 817921889273
BAD 817928209591
BAD 817928209597
BAD 817858126441
BAD 817858126453
BAD 817865385031
BAD 817867553183
BAD 818006608883
BAD 817885617803
BAD 817885617811
BAD 818013158953
BAD 817995586853
BAD 817996688371
BAD 817996688401
BAD 818054815129
BAD 818066732201
BAD 817903628371
BAD 817907944369
BAD 817911649001
BAD 817911649003
BAD 817912055759
BAD 817912055761
BAD 818188217233
BAD 818188217239
BAD 818188217243
BAD 818190504889
BAD 818192888011
BAD 818192888017
BAD 818193804889
BAD 818109652823
BAD 818109652831
BAD 818109652837
BAD 818246186551
BAD 818156929027
BAD 818156929099
BAD 818116693283
BAD 818116693291
BAD 818116693313
BAD 818088260419
BAD 817939177129
BAD 817939177141
BAD 817939177151
BAD 818175747121
BAD 818175747139
BAD 818118397367
BAD 818161560599
BAD 818119556203
BAD 818094309953
BAD 818096611133
BAD 818167975459
BAD 818167975463
BAD 818100495083
BAD 818070590573
BAD 818071749683
BAD 818072062309
BAD 818075019493
BAD 818075770727
BAD 818075770741
BAD 818077707677
BAD 818077707679
BAD 817951362001
BAD 818204628763
BAD 818127821477
BAD 818206126561
BAD 818150834153
BAD 818207444843
BAD 818269130381
BAD 818269130383
BAD 818134884829
BAD 818269130387
BAD 818269130389
BAD 818136464947
BAD 818219476339
BAD 818274544141
BAD 818281901197
BAD 818283536041
BAD 818031873823
BAD 818031873829
BAD 818036268067
BAD 818308256279
BAD 818308256281
BAD 818042888293
BAD 818045602111
BAD 818045602133
BAD 818047148851
BAD 818047148861
BAD 818047148869
BAD 818229225439
BAD 818230560703
BAD 818326601753
BAD 818326835119
BAD 818340860221
BAD 818363313013
BAD 818353879309
BAD 818353918981
BAD 818303039803
BAD 818411681713
BAD 818411681719
BAD 818411681723
BAD 818411681729
BAD 818425510523
BAD 818432349781
BAD 818432349799
BAD 818448736913
BAD 818538623473
BAD 818474131861
BAD 818478917527
BAD 818557115329
BAD 818557710899
BAD 818679209659
BAD 818568853117
BAD 818568853121
BAD 818584521913
BAD 818379023573
BAD 818379261949
BAD 818585589827
BAD 818381258843
BAD 818541607087
BAD 818460542153
BAD 818725322941
BAD 818725904177
BAD 818727225163
BAD 818727225167
BAD 818388223073
BAD 818511252451
BAD 818468540803
BAD 818468540807
BAD 818468540809
BAD 818395016963
BAD 818518856633
BAD 818397480499
BAD 818522515303
BAD 818522515313
BAD 818522810753
BAD 818594020507
BAD 818594020511
BAD 818594020513
BAD 818404466563
BAD 818641340873
BAD 818641340879
BAD 818404638283
BAD 818600035283
BAD 818603134093
BAD 818627087209
BAD 818652740483
BAD 818614823347
BAD 818631814477
BAD 818631814513
BAD 818655474359
BAD 818634602719
BAD 818786485549
BAD 818786485553
BAD 818786683369
BAD 818790241757
BAD 818791126463
BAD 818791126469
BAD 818829171311
BAD 818829171313
BAD 818829171317
BAD 818810424391
BAD 818816423297
BAD 818816423323
BAD 818857833221
BAD 818857833223
BAD 818857833271
BAD 818758982389
BAD 818769400237
BAD 818772502663
BAD 818720465221
BAD 818721519841
BAD 818900121079
BAD 818908487497
BAD 818860045279
BAD 818876286373
BAD 818876286379
BAD 818876286383
BAD 818878190279
BAD 818878190281
BAD 818878190309
BAD 818878190311
BAD 818887113983
BAD 818889907861
BAD 818890605563
BAD 818911165351
BAD 818911165379
BAD 818911254121
BAD 818911254127
BAD 818914007369
BAD 818914314329
BAD 818914314331
BAD 818922825769
BAD 819061042999
BAD 819061043011
BAD 819199560661
BAD 819067782661
BAD 818982677677
BAD 819070109731
BAD 818984623679
BAD 819203714281
BAD 818985763769
BAD 818985763811
BAD 818986245089
BAD 819208074229
BAD 819017741107
BAD 818971112159
BAD 818975381071
BAD 819026131219
BAD 819001006861
BAD 819002909497
BAD 819002909503
BAD 819002909507
BAD 819002909521
BAD 819002909539
BAD 819103274783
BAD 819103274789
BAD 819103274791
BAD 819105562243
BAD 819107772949
BAD 819107772953
BAD 819087430171
BAD 819144269677
BAD 819144269693
BAD 819092310409
BAD 819092968249
BAD 819154633411
BAD 819154633417
BAD 819164048887
BAD 819271451153
BAD 819273202381
BAD 819273816643
BAD 819034402943
BAD 819034402957
BAD 819136839413
BAD 819136939303
BAD 819137225681
BAD 819137225693
BAD 818951961097
BAD 818951961101
BAD 818951961103
BAD 818951961109
BAD 818951961151
BAD 819139056311
BAD 819139056313
BAD 819141835069
BAD 819141835073
BAD 819141835079
BAD 819141835081
BAD 819141835087
BAD 819141875183
BAD 818957695489
BAD 818935511357
BAD 818935511369
BAD 818935511371
BAD 818936020417
BAD 818936020421
BAD 818936020423
BAD 818936020453
BAD 818938857409
BAD 819227815339
BAD 819229070783
BAD 819050481079
BAD 819300789031
BAD 819304479319
BAD 819055837063
BAD 819118861307
BAD 819244270081
BAD 819240055817
BAD 819245066441
BAD 819245066443
BAD 819245066447
BAD 819245066449
BAD 819241080781
BAD 819123296507
BAD 819123296513
BAD 819242809477
BAD 819242809481
BAD 819248153203
BAD 819282766121
BAD 819370195439
BAD 819373463989
BAD 819373463999
BAD 819467091943
BAD 819329421023
BAD 819329421037
BAD 819329421041
BAD 819475539769
BAD 819476816891
BAD 819478712323
BAD 819478712333
BAD 819352905247
BAD 819352905269
BAD 819457643579
BAD 819457643581
BAD 819380308189
BAD 819383090873
BAD 819388350439
BAD 819341446249
BAD 819393978691
BAD 819398202739
BAD 819437915773
BAD 819401151329
BAD 819401290289
BAD 819403372729
BAD 819404466323
BAD 819404466343
BAD 819404466347
BAD 819421671083
BAD 819479496307
BAD 819480057961
BAD 819513949883
BAD 819513949889
BAD 819516164771
BAD 819516164773
BAD 819520870919
BAD 819520870921
BAD 819486287311
BAD 819506795431
BAD 819506795441
BAD 819493679903
BAD 819315628853
BAD 819533130131
BAD 819533130133
BAD 819541499137
BAD 819580751417
BAD 819580751419
BAD 819585328193
BAD 819587466223
BAD 819709022947
BAD 819709022953
BAD 819682682747
BAD 819682830059
BAD 819682830061
BAD 819682830067
BAD 819684151151
BAD 819684151163
BAD 819684151193
BAD 819685242863
BAD 819689611777
BAD 819696347453
BAD 819696347461
BAD 819732605743
BAD 819733202597
BAD 819733202599
BAD 819657137449
BAD 819737164531
BAD 819851924011
BAD 819746517983
BAD 819746517991
BAD 819885549751
BAD 819902810543
BAD 819726136741
BAD 819825772687
BAD 819825772691
BAD 819825772693
BAD 819909159557
BAD 819912616199
BAD 819772325791
BAD 819622398407
BAD 819622398409
BAD 819624638057
BAD 819624638059
BAD 819663685193
BAD 819601220237
BAD 819601220239
BAD 819601236283
BAD 819552247001
BAD 819833429183
BAD 819782379917
BAD 819873594263
BAD 819556822543
BAD 819556822547
BAD 819556822549
BAD 819556822559
BAD 819556822561
BAD 819749885501
BAD 819749885503
BAD 819749885509
BAD 819750879403
BAD 819566363893
BAD 819566363897
BAD 819566363899
BAD 819876651037
BAD 819559103003
BAD 819879317423
BAD 819846049973
BAD 819570430199
BAD 819805164643
BAD 819805164649
BAD 819764168833
BAD 819764168837
BAD 819919486999
BAD 819919519763
BAD 819920328397
BAD 819578043353
BAD 819578043359
BAD 819578043391
BAD 819931057471
BAD 819966422221
BAD 819975683987
BAD 819992726363
BAD 819992726381
BAD 819992726383
BAD 819936379799
BAD 819936379807
RANGE 810000000000 820000000000 PRIMES 364617365 BAD 1812
