BAD 760089779233
BAD 760090183703
BAD 760091761831
BAD 760236562819
BAD 760246036021
BAD 760249672387
BAD 760249672393
BAD 760351057729
BAD 760258255921
BAD 760308274513
BAD 760310316769
BAD 760269852851
BAD 760316734423
BAD 760390944923
BAD 760354653959
BAD 760354653997
BAD 760029659003
BAD 760029659041
BAD 760029659047
BAD 760396773593
BAD 760360411529
BAD 760141522429
BAD 760141522433
BAD 760142942843
BAD 760365875743
BAD 760366944067
BAD 760146291413
BAD 760149485671
BAD 760202563459
BAD 760202563517
BAD 760202563537
BAD 760220897929
BAD 760207289299
BAD 760035145327
BAD 760195166707
BAD 760042568161
BAD 760217561347
BAD 760328239577
BAD 760328239579
BAD 760153764211
BAD 760154276753
BAD 760171128727
BAD 760117486433
BAD 760117486463
BAD 760102094539
BAD 760120377997
BAD 760106897299
BAD 760110872753
BAD 760110872761
BAD 760128277703
BAD 760130006551
BAD 760370740007
BAD 760370740009
BAD 760371225283
BAD 760297939613
BAD 760298038681
BAD 760004041087
BAD 760064469859
BAD 760064469863
BAD 760406248549
BAD 760411678057
BAD 760497590291
BAD 760441285411
BAD 760443484417
BAD 760443484421
BAD 760455102229
BAD 760455102233
BAD 760463976977
BAD 760647256783
BAD 760649469509
BAD 760649469511
BAD 760558713403
BAD 760650368147
BAD 760650368311
BAD 760561459597
BAD 760567222321
BAD 760568086037
BAD 760539740197
BAD 760795464703
BAD 760797002429
BAD 760746482761
BAD 760746482777
BAD 760746482779
BAD 760752559403
BAD 760525466747
BAD 760525466749
BAD 760525470301
BAD 760534216291
BAD 760471471381
BAD 760471471387
BAD 760473209477
BAD 760473209479
BAD 760666531531
BAD 760828965469
BAD 760829189269
BAD 760829189273
BAD 760830781847
BAD 760830781849
BAD 760485325603
BAD 760485325609
BAD 760606288901
BAD 760606288933
BAD 760611136573
BAD 760626241651
BAD 760594073753
BAD 760573344799
BAD 760573344803
BAD 760573344809
BAD 760840721239
BAD 760840721243
BAD 760841757967
BAD 760844865383
BAD 760678918117
BAD 760680768781
BAD 760583811167
BAD 760583811173
BAD 760585586119
BAD 760585586129
BAD 760585586143
BAD 760585586153
BAD 760708998743
BAD 760729087697
BAD 760710529351
BAD 760710529357
BAD 760733980021
BAD 760734741919
BAD 760778539931
BAD 760778539933
BAD 760781328953
BAD 760782086321
BAD 760783809397
BAD 760783809403
BAD 760819419167
BAD 760819419169
BAD 760760931199
BAD 760787849233
BAD 760699704601
BAD 760699704607
BAD 760702189001
BAD 760769530271
BAD 760769530273
BAD 760873578449
BAD 760875918427
BAD 760912932551
BAD 760912932553
BAD 760879213711
BAD 760888281499
BAD 760894949791
BAD 760949389729
BAD 760949649077
BAD 760949649079
BAD 760950148339
BAD 760952759999
BAD 760856755181
BAD 760857337463
BAD 760857337489
BAD 760955630471
BAD 760955630473
BAD 760955630497
BAD 760955630531
BAD 760864449313
BAD 760957093187
BAD 760957093189
BAD 760957133011
BAD 760960003171
BAD 760960003189
BAD 760923435689
BAD 760963501631
BAD 760963501633
BAD 760963501643
BAD 760924627891
BAD 760924627943
BAD 760924895477
BAD 760924895483
BAD 760924895491
BAD 760871831539
BAD 760964962609
BAD 760935785803
BAD 760990534561
BAD 760994066159
BAD 760984802153
BAD 760984802159
BAD 760984802161
BAD 760996851947
BAD 760996851961
BAD 760996851977
BAD 760996851983
BAD 760996852009
BAD 760996852013
BAD 761000541649
BAD 761067107519
BAD 761126663057
BAD 761052509603
BAD 761052940789
BAD 761052940943
BAD 761055786233
BAD 761077730341
BAD 761081882003
BAD 761085047011
BAD 761087267327
BAD 761087267329
BAD 761087267333
BAD 761105518543
BAD 761105518559
BAD 761105518561
BAD 761115613009
BAD 761262239041
BAD 761192549123
BAD 761194586039
BAD 761200561763
BAD 761352320881
BAD 761152016557
BAD 761331225763
BAD 761354675857
BAD 761333887973
BAD 761338610453
BAD 761282690353
BAD 761287806751
BAD 761015954599
BAD 761317156153
BAD 761017154101
BAD 761369644367
BAD 761369644369
BAD 761291971093
BAD 761374814693
BAD 761374814701
BAD 761298835279
BAD 761304532321
BAD 761214659869
BAD 761219096023
BAD 761231420063
BAD 761159679199
BAD 761160894881
BAD 761160894883
BAD 761164312819
BAD 761186787379
BAD 761187128503
BAD 761187128539
BAD 761187128543
BAD 761449948087
BAD 761451678313
BAD 761451678319
BAD 761451678329
BAD 761451678331
BAD 761393965919
BAD 761393965921
BAD 761394458213
BAD 761395203689
BAD 761399214229
BAD 761560866643
BAD 761563766153
BAD 761563766179
BAD 761570789807
BAD 761571945961
BAD 761574828037
BAD 761603966251
BAD 761529573953
BAD 761535476423
BAD 761535476453
BAD 761679716573
BAD 761679716579
BAD 761680134979
BAD 761617424591
BAD 761617424593
BAD 761617424597
BAD 761617424599
BAD 761541501089
BAD 761624698111
BAD 761692079179
BAD 761693304259
BAD 761693304331
BAD 761639288933
BAD 761639643517
BAD 761422248481
BAD 761425014599
BAD 761425014601
BAD 761425393307
BAD 761459811979
BAD 761460330289
BAD 761467611271
BAD 761467611277
BAD 761473617197
BAD 761474555461
BAD 761495569909
BAD 761502075889
BAD 761486269573
BAD 761489724977
BAD 761489724979
BAD 761489725069
BAD 761545252423
BAD 761548407409
BAD 761549829263
BAD 761549829269
BAD 761667656291
BAD 761667656293
BAD 761745422533
BAD 761745798589
BAD 761749716691
BAD 761760600203
BAD 761584452593
BAD 761584764653
BAD 761796656927
BAD 761803078769
BAD 761807698591
BAD 761807698609
BAD 761511094327
BAD 761515964233
BAD 761515964243
BAD 761700859141
BAD 761704788311
BAD 761705131507
BAD 761705131511
BAD 761705131513
BAD 761769575201
BAD 761769575213
BAD 761769654791
BAD 761771617489
BAD 761771617493
BAD 761829182677
BAD 761715989299
BAD 761715989303
BAD 761836338101
BAD 761836338103
BAD 761730039199
BAD 761725898071
BAD 761732811509
BAD 761734103323
BAD 761736602041
BAD 761738750491
BAD 761739313681
BAD 761739313697
BAD 761743011023
BAD 761877214673
BAD 761889343207
BAD 761889343219
BAD 761893941569
BAD 761893941623
BAD 761893941629
BAD 761893941631
BAD 761894749909
BAD 761894749933
BAD 761853035269
BAD 761856955591
BAD 761859891697
BAD 761859891707
BAD 761936055383
BAD 761940716611
BAD 761945123231
BAD 761945123263
BAD 761813700629
BAD 761813700631
BAD 761814597391
BAD 761820101641
BAD 761822325323
BAD 761823095567
BAD 761823095569
BAD 761780061769
BAD 761782127683
BAD 761782127693
BAD 761785056623
BAD 761947041113
BAD 761949294277
BAD 761951849389
BAD 761960069753
BAD 761968877647
BAD 761970727099
BAD 761970727103
BAD 761971775029
BAD 762003024269
BAD 762003024271
BAD 762003024281
BAD 762003024283
BAD 762004478593
BAD 762004478597
BAD 762046149743
BAD 762051182869
BAD 762055034183
BAD 762056842331
BAD 762057190547
BAD 762057190549
BAD 762057527351
BAD 762102921533
BAD 762102921563
BAD 762105611723
BAD 762107078833
BAD 762108820399
BAD 762108820439
BAD 762108820441
BAD 762108820483
BAD 762111605119
BAD 762028135831
BAD 762252035393
BAD 762256976869
BAD 762258742319
BAD 762258742321
BAD 762170835137
BAD 762170835143
BAD 762172223419
BAD 762173760143
BAD 762173760163
BAD 762173760167
BAD 762173944801
BAD 762233744453
BAD 762176881429
BAD 762235408513
BAD 762235408591
BAD 762267032869
BAD 762301380109
BAD 762301380121
BAD 762301380133
BAD 762282462049
BAD 762275629043
BAD 762276128147
BAD 762310510261
BAD 762311459993
BAD 762313020593
BAD 762293496721
BAD 762280335373
BAD 762280335379
BAD 762280335389
BAD 762280335391
BAD 762314249797
BAD 762296156033
BAD 762298131241
BAD 762298131247
BAD 762218554883
BAD 762339102043
BAD 762339158327
BAD 762339158333
BAD 762339158341
BAD 762231302057
BAD 762231302059
BAD 762231302071
BAD 762231302101
BAD 762343006769
BAD 762343006771
BAD 762343006787
BAD 762345269611
BAD 762074653237
BAD 762074764133
BAD 762078173939
BAD 762329125609
BAD 762150987211
BAD 762150987239
BAD 762154125311
BAD 762158287411
BAD 762160057621
BAD 762160057627
BAD 762161516173
BAD 762161516177
BAD 762161516183
BAD 762162530267
BAD 762162859751
BAD 762162859753
BAD 762118175359
BAD 762118175363
BAD 762119420317
BAD 762121911851
BAD 762121911853
BAD 762369807083
BAD 762371559317
BAD 762371807347
BAD 762127530223
BAD 762359554861
BAD 762377935703
BAD 762379924993
BAD 762383786119
BAD 762383786123
BAD 762190730831
BAD 762084256259
BAD 762390018601
BAD 762390018631
BAD 762087757819
BAD 762090640981
BAD 762395819021
BAD 762395819083
BAD 762093624751
BAD 762443180971
BAD 762408124217
BAD 762447467641
BAD 762418617329
BAD 762419575243
BAD 762206046571
BAD 762460610123
BAD 762464632057
BAD 762428847589
BAD 762428847599
BAD 762431131381
BAD 762137479601
BAD 762137479603
BAD 762137511019
BAD 762143032669
BAD 762147163901
BAD 762147163909
BAD 762477148273
BAD 762478646407
BAD 762634701079
BAD 762501140383
BAD 762502594561
BAD 762641015959
BAD 762641767651
BAD 762641767661
BAD 762644132827
BAD 762644132839
BAD 762514583927
BAD 762578920427
BAD 762578920429
BAD 762584161349
BAD 762584161351
BAD 762585772231
BAD 762632293711
BAD 762564384949
BAD 762564883043
BAD 762594370801
BAD 762594370807
BAD 762597653683
BAD 762600374491
BAD 762600374509
BAD 762600374513
BAD 762534198893
BAD 762542909053
BAD 762543997807
BAD 762601111303
BAD 762669437869
BAD 762671812043
BAD 762673159769
BAD 762673159771
BAD 762673510141
BAD 762674321551
BAD 762676595101
BAD 762676595119
BAD 762676595123
BAD 762679659983
BAD 762680177933
BAD 762680750023
BAD 762681632263
BAD 762805268033
BAD 762697637431
BAD 762698926589
BAD 762698926601
BAD 762788012353
BAD 762788012359
BAD 762790225963
BAD 762795799253
BAD 762797464831
BAD 762797464837
BAD 762797464843
BAD 762741167767
BAD 762741167813
BAD 762488655121
BAD 762769245257
BAD 762777472553
BAD 762493560869
BAD 762495580817
BAD 762498619469
BAD 762842088623
BAD 762842407567
BAD 762842407571
BAD 762842407573
BAD 762845268767
BAD 762845268769
BAD 762845268781
BAD 762850458499
BAD 762707472997
BAD 762821807941
BAD 762653823683
BAD 762654105853
BAD 762826632619
BAD 762922320533
BAD 762970034303
BAD 762663441193
BAD 762970389323
BAD 762970389353
BAD 762907030687
BAD 762927307459
BAD 762933445163
BAD 762912087601
BAD 762912307621
BAD 762917098249
BAD 762982114549
BAD 762982114553
BAD 762983323051
BAD 762894086551
BAD 762895129771
BAD 762895129793
BAD 762985376611
BAD 762985657253
BAD 762985657261
BAD 762942970651
BAD 762942970663
BAD 762988580311
BAD 762718072693
BAD 762999397753
BAD 762966102781
BAD 762967022711
BAD 762724902749
BAD 762760405163
BAD 763017080393
BAD 763017080401
BAD 763025520031
BAD 763025854873
BAD 762853763327
BAD 762865563503
BAD 763054719211
BAD 763048346663
BAD 763050123053
BAD 763060036513
BAD 763064702689
BAD 763064702693
BAD 763072136017
BAD 763072136023
BAD 763072136027
BAD 763081393849
BAD 763083653161
BAD 763088634263
BAD 763092734389
BAD 763121729119
BAD 763122517483
BAD 763123197743
BAD 763126332593
BAD 763129206601
BAD 763129206613
BAD 762877872833
BAD 763131904141
BAD 763164813179
BAD 763164813181
BAD 763169172113
BAD 763326039263
BAD 763291616881
BAD 763224191843
BAD 763224325711
BAD 763333732177
BAD 763316320321
BAD 763321567753
BAD 763234537343
BAD 763234627951
BAD 763235950601
BAD 763274564917
BAD 763277162243
BAD 763287343081
BAD 763256661707
BAD 763257322687
BAD 763288038413
BAD 763263784211
BAD 763267749511
BAD 763270782563
BAD 763442556391
BAD 763449678427
BAD 763207453891
BAD 763174990141
BAD 763374095153
BAD 763188152039
BAD 763188152059
BAD 763188152071
BAD 763188152147
BAD 763188152149
BAD 763362065707
BAD 763190301113
BAD 763221188251
BAD 763379387971
BAD 763147579801
BAD 763148615737
BAD 763148615741
BAD 763148615743
BAD 763341447091
BAD 763343328367
BAD 763343328389
BAD 763387660459
BAD 763387660463
BAD 763203545773
BAD 763203545777
BAD 763349988139
BAD 763458895741
BAD 763465781899
BAD 763428966383
BAD 763428966389
BAD 763434894809
BAD 763434894811
BAD 763422011437
BAD 763422011447
BAD 763422011449
BAD 763422011453
BAD 763401116843
BAD 763401116851
BAD 763401116857
BAD 763479658897
BAD 763482469459
BAD 763487205889
BAD 763562895673
BAD 763491051611
BAD 763491051613
BAD 763578798559
BAD 763591801183
BAD 763591801187
BAD 763591801201
BAD 763591801207
BAD 763492382881
BAD 763566273797
BAD 763495336999
BAD 763495337027
BAD 763566781853
BAD 763582301941
BAD 763497896251
BAD 763572792383
BAD 763586072803
BAD 763589974033
BAD 763590155819
BAD 763501539937
BAD 763501540037
BAD 763501573927
BAD 763601393813
BAD 763606567091
BAD 763606567093
BAD 763540761163
BAD 763540761173
BAD 763540761187
BAD 763540952359
BAD 763540993913
BAD 763540993927
BAD 763613860417
BAD 763620016801
BAD 763658377319
BAD 763622491847
BAD 763634647697
BAD 763637579227
BAD 763637579231
BAD 763637579233
BAD 763637579239
BAD 763652828383
BAD 763524412459
BAD 763524412463
BAD 763535038949
BAD 763535038951
BAD 763535038969
BAD 763683300047
BAD 763685792153
BAD 763689270787
BAD 763725204149
BAD 763760151041
BAD 763760151043
BAD 763785977243
BAD 763786056923
BAD 763732603103
BAD 763732603111
BAD 763732603121
BAD 763732603129
BAD 763732603133
BAD 763732603141
BAD 763732828223
BAD 763790895173
BAD 763934482547
BAD 763737574241
BAD 763740046283
BAD 763740046291
BAD 763740046373
BAD 763940137067
BAD 763773568247
BAD 763773568249
BAD 763773568253
BAD 763941532597
BAD 763942238261
BAD 764012199199
BAD 763913032429
BAD 763913904781
BAD 763895219333
BAD 763895219407
BAD 763895219411
BAD 763895219413
BAD 763896613411
BAD 763917247553
BAD 763917326213
BAD 763920592189
BAD 763923102301
BAD 763923102307
BAD 763977332711
BAD 763825316803
BAD 763999958531
BAD 763999958537
BAD 763983227563
BAD 764039183423
BAD 764000992663
BAD 763828065257
BAD 764005963463
BAD 763989604997
BAD 764009041963
BAD 763989604999
BAD 763989605003
BAD 763989605021
BAD 763793413961
BAD 763793413963
BAD 763830871319
BAD 763831720973
BAD 763798254287
BAD 763798254293
BAD 764077334107
BAD 764077334183
BAD 764077334191
BAD 763842956641
BAD 763808774191
BAD 763808774329
BAD 764079816601
BAD 763697488867
BAD 763697488907
BAD 763697488909
BAD 763697488913
BAD 763697775361
BAD 763803622349
BAD 763818807643
BAD 763819157771
BAD 763808328233
BAD 763853771897
BAD 763853771899
BAD 763863173257
BAD 763863878579
BAD 763881102641
BAD 763863878581
BAD 763946238751
BAD 763947644329
BAD 763949011711
BAD 763869534839
BAD 763951515269
BAD 763956756679
BAD 763875022747
BAD 763875380813
BAD 763709897179
BAD 763711590023
BAD 763718226133
BAD 763967691259
BAD 763975613719
BAD 764063759269
BAD 764069406743
BAD 764070075589
BAD 764071681327
BAD 764049156467
BAD 764050536329
BAD 764050536331
BAD 764075572723
BAD 764075572727
BAD 764058152917
BAD 764277756863
BAD 764338910821
BAD 764338910827
BAD 764415229163
BAD 764424806329
BAD 764156029831
BAD 764159234317
BAD 764382289621
BAD 764382289733
BAD 764387450657
BAD 764365496359
BAD 764288778167
BAD 764138703751
BAD 764161589383
BAD 764373825013
BAD 764239805873
BAD 764450466383
BAD 764170784833
BAD 764170784837
BAD 764454595147
BAD 764457060233
BAD 764187780641
BAD 764247527179
BAD 764211486617
BAD 764211486631
BAD 764188479337
BAD 764189711707
BAD 764248847449
BAD 764205002857
BAD 764205002861
BAD 764214531433
BAD 764214550093
BAD 764194231393
BAD 764254596481
BAD 764208666443
BAD 764218819549
BAD 764223240931
BAD 764226968977
BAD 764313504593
BAD 764317460867
BAD 764317460869
BAD 764318493607
BAD 764396665889
BAD 764396665891
BAD 764397355619
BAD 764397355621
BAD 764323821907
BAD 764111308861
BAD 764113240493
BAD 764480354017
BAD 764480354021
BAD 764480354023
BAD 764098491943
BAD 764403231257
BAD 764403231259
BAD 764403231271
BAD 764328483467
BAD 764482090627
BAD 764116385051
BAD 764116385077
BAD 764469438391
BAD 764410682213
BAD 764411802631
BAD 764470216273
BAD 764470216277
BAD 764470216283
BAD 764472105109
BAD 764477389747
BAD 764477389751
BAD 764431900523
BAD 764433099919
BAD 764357250533
BAD 764440204441
BAD 764440204523
BAD 764358559513
BAD 764358559543
BAD 764443910239
BAD 764443910249
BAD 764444764627
BAD 764501314631
BAD 764532522137
BAD 764532522139
BAD 764533024523
BAD 764535203543
BAD 764636904643
BAD 764636904649
BAD 764636904659
BAD 764636904697
BAD 764641729997
BAD 764643897271
BAD 764548381721
BAD 764597294737
BAD 764557884707
BAD 764604196133
BAD 764605657279
BAD 764571306181
BAD 764743683961
BAD 764684200429
BAD 764685769103
BAD 764701567507
BAD 764585833303
BAD 764688833693
BAD 764619060143
BAD 764692059247
BAD 764694348083
BAD 764709337591
BAD 764589639083
BAD 764589639097
BAD 764589639109
BAD 764714368573
BAD 764714368577
BAD 764714368589
BAD 764723018161
BAD 764724616939
BAD 764726685773
BAD 764726685799
BAD 764727734263
BAD 764727734269
BAD 764728318163
BAD 764728318171
BAD 764728318177
BAD 764728318181
BAD 764728318183
BAD 764728318201
BAD 764664719341
BAD 764664719359
BAD 764664719363
BAD 764676050029
BAD 764676050041
BAD 764849993287
BAD 764849993291
BAD 764849993293
BAD 764856398881
BAD 764863075621
BAD 764864018761
BAD 764933626217
BAD 764871516239
BAD 764874925231
BAD 764938672681
BAD 764940850087
BAD 764942306123
BAD 764908072237
BAD 764908072241
BAD 764946517087
BAD 764828485907
BAD 764828485909
BAD 764828485919
BAD 764828485921
BAD 764830085863
BAD 764830085879
BAD 764830085881
BAD 764649995597
BAD 764657974831
BAD 764657974837
BAD 764658833167
BAD 764660325679
BAD 764660325683
BAD 764660325721
BAD 764660325733
BAD 764885842087
BAD 764838158873
BAD 764804159597
BAD 764804159599
BAD 764841793043
BAD 764781809929
BAD 764783497123
BAD 764787038401
BAD 764814653657
BAD 764767465703
BAD 764767465711
BAD 764767465733
BAD 764767465739
BAD 764768710513
BAD 764774102843
BAD 764776080631
BAD 764956542739
BAD 764960002381
BAD 764960347253
BAD 764961184021
BAD 764916446473
BAD 764924773937
BAD 764924773939
BAD 765053377139
BAD 765053377141
BAD 765034610941
BAD 765108098849
BAD 765108098851
BAD 765040507183
BAD 765041675371
BAD 765041901331
BAD 765063296747
BAD 765063296749
BAD 765044178967
BAD 765044785031
BAD 765044785033
BAD 765044785051
BAD 764985470479
BAD 765123931081
BAD 765114132241
BAD 765114132253
BAD 765001816493
BAD 764991729511
BAD 764991729529
BAD 765185532217
BAD 765188365919
BAD 765188416129
BAD 765189362323
BAD 765200256049
BAD 765068437193
BAD 765080586527
BAD 765080586533
BAD 765252980753
BAD 765085526549
BAD 765026611597
BAD 765092413313
BAD 765030290963
BAD 765030775127
BAD 765032518291
BAD 765032518307
BAD 765032813353
BAD 765032813371
BAD 765134200913
BAD 765141714049
BAD 765141714053
BAD 765141714067
BAD 765147070943
BAD 765422378837
BAD 765422378839
BAD 765422378843
BAD 765422653613
BAD 765426983647
BAD 765426983653
BAD 765427852393
BAD 765453825221
BAD 765453825223
BAD 765151640633
BAD 765209333353
BAD 765457918331
BAD 765457918333
BAD 765212906791
BAD 765463501519
BAD 765463577917
BAD 765155335603
BAD 765464365241
BAD 765158957749
BAD 765158957753
BAD 765158957789
BAD 765158957791
BAD 765467617267
BAD 765159569791
BAD 765467932969
BAD 765160834279
BAD 765395200573
BAD 765161726513
BAD 765397242833
BAD 765405749753
BAD 765406381721
BAD 765406381723
BAD 765220060907
BAD 765220060909
BAD 765415258639
BAD 765437836609
BAD 765415917523
BAD 765415917533
BAD 765439893931
BAD 765223115551
BAD 765223115557
BAD 765223115563
BAD 765448610803
BAD 765228680563
BAD 765269053933
BAD 765280147627
BAD 765234958099
BAD 765238989679
BAD 765322420981
BAD 765241750883
BAD 765241750891
BAD 765325684523
BAD 765326580019
BAD 765244510333
BAD 765244510339
BAD 765327236983
BAD 765342919673
BAD 765343980481
BAD 765345091639
BAD 765310475417
BAD 765311224621
BAD 765288598747
BAD 765288598759
BAD 765288598777
BAD 765292448621
BAD 765292448623
BAD 765294325801
BAD 765296213611
BAD 765537505627
BAD 765537505631
BAD 765537505633
BAD 765539609231
BAD 765546060743
BAD 765546060767
BAD 765547797929
BAD 765473626549
BAD 765473626553
BAD 765473626559
BAD 765352143973
BAD 765479864273
BAD 765481781699
BAD 765484120253
BAD 765484120283
BAD 765359339599
BAD 765487298921
BAD 765487298923
BAD 765493702619
BAD 765493702621
BAD 765493702637
BAD 765493702639
BAD 765495218417
BAD 765495218419
BAD 765495316673
BAD 765587958451
BAD 765591050537
BAD 765591050551
BAD 765687684589
BAD 765596990969
BAD 765596990971
BAD 765596991013
BAD 765597312133
BAD 765597689569
BAD 765597689573
BAD 765598173803
BAD 765711712903
BAD 765711712919
BAD 765711712921
BAD 765621194123
BAD 765721899289
BAD 765628418417
BAD 765628418419
BAD 765723585047
BAD 765723585049
BAD 765504471803
BAD 765504498079
BAD 765728141839
BAD 765730232489
BAD 765730232513
BAD 765732214853
BAD 765732214889
BAD 765636932933
BAD 765522079879
BAD 765522848359
BAD 765526921909
BAD 765527667353
BAD 765530970209
BAD 765514466113
BAD 765514466183
BAD 765514466191
BAD 765562625689
BAD 765575655437
BAD 765567274841
BAD 765614103347
BAD 765614103349
BAD 765742547767
BAD 765742547771
BAD 765879157633
BAD 765885548347
BAD 765864759001
BAD 765870921041
BAD 765870921043
BAD 765870921091
BAD 765838530997
BAD 765842095429
BAD 765842095463
BAD 765787771981
BAD 765849782461
BAD 765656336453
BAD 765660293381
BAD 765660293383
BAD 765660332033
BAD 765664169771
BAD 765664169773
BAD 765761959849
BAD 765908127113
BAD 765831845809
BAD 765831845813
BAD 765831845851
BAD 765910323823
BAD 765771232847
BAD 765916397027
BAD 765792631319
BAD 765792631321
BAD 765793947769
BAD 765983588717
BAD 765983588719
BAD 765983588731
BAD 765983675153
BAD 765983679301
BAD 765984243593
BAD 765984243599
BAD 765984243601
BAD 765984243631
BAD 766066646209
BAD 765967110023
BAD 766070880241
BAD 765943939099
BAD 765945345791
BAD 765945345793
BAD 765945345797
BAD 765945345799
BAD 766073026429
BAD 765954004499
BAD 765954004513
BAD 765954120641
BAD 765954120643
BAD 765954623477
BAD 765954623479
BAD 766014977363
BAD 765934722703
BAD 765993831773
BAD 765999185599
BAD 766002365797
BAD 766002365851
BAD 766004929303
BAD 766040857097
BAD 766077541793
BAD 766077541819
BAD 766078844101
BAD 766078844107
BAD 766078844117
BAD 766078844119
BAD 766078844129
BAD 766078844131
BAD 766031070661
BAD 766038601283
BAD 765805053571
BAD 765808193251
BAD 765808193263
BAD 766111794911
BAD 766111794913
BAD 766091240063
BAD 766115258213
BAD 766093142267
BAD 766101647627
BAD 766123026631
BAD 766104456437
BAD 766104456463
BAD 765820242757
BAD 765890139559
BAD 765890177543
BAD 765890177561
BAD 765900178987
BAD 765900178991
BAD 765900178999
BAD 766148835899
BAD 766148835901
BAD 766150642573
BAD 766150642577
BAD 766150642583
BAD 766153228249
BAD 766154521687
BAD 766158835097
BAD 766158835103
BAD 766159491679
BAD 766155231581
BAD 766163409103
BAD 766165776619
BAD 766193123419
BAD 766196657753
BAD 766176963007
BAD 766176963011
BAD 766176963053
BAD 766189283227
BAD 766346884981
BAD 766358901431
BAD 766279395697
BAD 766279395701
BAD 766279395703
BAD 766375488199
BAD 766395491689
BAD 766377835417
BAD 766377835441
BAD 766287593153
BAD 766381779349
BAD 766381779353
BAD 766399854553
BAD 766399854557
BAD 766399854559
BAD 766383862633
BAD 766383862637
BAD 766289371517
BAD 766325929823
BAD 766387005661
BAD 766546669727
BAD 766546849699
BAD 766547754109
BAD 766332771331
BAD 766332771341
BAD 766557825049
BAD 766570866337
BAD 766570866343
BAD 766443667069
BAD 766261417279
BAD 766261417283
BAD 766261996351
BAD 766450578407
BAD 766450578409
BAD 766450578433
BAD 766455894163
BAD 766455894167
BAD 766509929923
BAD 766230311159
BAD 766230498919
BAD 766230498923
BAD 766230498973
BAD 766512278629
BAD 766512278659
BAD 766512278663
BAD 766512560731
BAD 766319905613
BAD 766500723953
BAD 766503213347
BAD 766478439889
BAD 766478439893
BAD 766521734423
BAD 766240735747
BAD 766481181943
BAD 766482688639
BAD 766492639613
BAD 766413321497
BAD 766460480743
BAD 766245672553
BAD 766422616489
BAD 766223405551
BAD 766254582943
BAD 766534206721
BAD 766534414207
BAD 766534414211
BAD 766257283933
BAD 766257283937
BAD 766257283973
BAD 766291989601
BAD 766540751303
BAD 766542234259
BAD 766302697283
BAD 766680477859
BAD 766680676921
BAD 766680676943
BAD 766688213419
BAD 766690132031
BAD 766692035273
BAD 766714499339
BAD 766662720301
BAD 766640702183
BAD 766640702197
BAD 766640835619
BAD 766726741919
BAD 766726741927
BAD 766726741933
BAD 766726741939
BAD 766726741943
BAD 766614286037
BAD 766614286043
BAD 766670393903
BAD 766670393911
BAD 766672613719
BAD 766733698699
BAD 766735394609
BAD 766742667043
BAD 766744095769
BAD 766744095781
BAD 766698117407
BAD 766698509273
BAD 766700288719
BAD 766700288723
BAD 766597704623
BAD 766597704643
BAD 766598288063
BAD 766598288069
BAD 766598288089
BAD 766708816583
BAD 766602137297
BAD 766602515881
BAD 766606494263
BAD 766576803133
BAD 766576803137
BAD 766581912853
BAD 766585052159
BAD 766585052161
BAD 766585135949
BAD 766778415173
BAD 766850453779
BAD 766850453783
BAD 766587554773
BAD 766587554783
BAD 766786441139
BAD 766789305157
BAD 766877459287
BAD 766804962067
BAD 766886354821
BAD 766889338643
BAD 766889338651
BAD 766893585391
BAD 766927120951
BAD 766753269661
BAD 766831816403
BAD 766831816423
BAD 766831816511
BAD 766760104837
BAD 766838901349
BAD 766974682249
BAD 766975447853
BAD 766975447859
BAD 766977536551
BAD 766813119043
BAD 766821273371
BAD 766821273373
BAD 766821273377
BAD 766897000823
BAD 766950148103
BAD 766951217003
BAD 766953236017
BAD 766899310721
BAD 766899310741
BAD 766903415153
BAD 766939951703
BAD 767082249469
BAD 766944522833
BAD 767123538721
BAD 766981655273
BAD 767094880093
BAD 766981914631
BAD 766981914637
BAD 767097520411
BAD 766992085369
BAD 767106310433
BAD 767106310511
BAD 767106310513
BAD 767025121279
BAD 767025121283
BAD 767113042699
BAD 767043604819
BAD 767043604823
BAD 767059966349
BAD 767059966357
BAD 766999094977
BAD 767001771241
BAD 767006716591
BAD 767182873673
BAD 767183839531
BAD 767249784943
BAD 767250627193
BAD 767250627197
BAD 767224962289
BAD 767224962293
BAD 767260157791
BAD 767227505783
BAD 767167435381
BAD 767235429407
BAD 767235429409
BAD 767235429413
BAD 767235429469
BAD 767205874733
BAD 767205874759
BAD 767206463161
BAD 767206463189
BAD 767206463209
BAD 767206463213
BAD 767169866569
BAD 767238584993
BAD 767241061999
BAD 767176802071
BAD 767246411303
BAD 767145121339
BAD 767145121343
BAD 767145121349
BAD 767145121357
BAD 767390229259
BAD 767438589289
BAD 767438589331
BAD 767470558553
BAD 767427208157
BAD 767427208159
BAD 767448989663
BAD 767448989669
BAD 767514446947
BAD 767485079197
BAD 767489148343
BAD 767489148427
BAD 767489148431
BAD 767489776943
BAD 767493260671
BAD 767516852857
BAD 767516908943
BAD 767525107277
BAD 767406274801
BAD 767449726937
BAD 767458949809
BAD 767458949813
BAD 767281879393
BAD 767281879433
BAD 767286981323
BAD 767287286351
BAD 767276161493
BAD 767303024489
BAD 767303024491
BAD 767294805383
BAD 767336253991
BAD 767296392853
BAD 767314423397
BAD 767314423399
BAD 767314423411
BAD 767314501981
BAD 767314502023
BAD 767318039809
BAD 767318039857
BAD 767320781509
BAD 767320812751
BAD 767369113333
BAD 767372272913
BAD 767537110961
BAD 767537244907
BAD 767653073153
BAD 767653646531
BAD 767653646533
BAD 767655918643
BAD 767655918683
BAD 767604540919
BAD 767566954073
BAD 767566954093
BAD 767567308009
BAD 767628803269
BAD 767628803273
BAD 767630690017
BAD 767630690023
BAD 767630690027
BAD 767630690033
BAD 767613896131
BAD 767586819631
BAD 767586819641
BAD 767590541539
BAD 767581820809
BAD 767581820813
BAD 767591915947
BAD 767668470607
BAD 767739642643
BAD 767687501723
BAD 767688955963
BAD 767674069753
BAD 767674069769
BAD 767690423749
BAD 767753918053
BAD 767675939881
BAD 767675939887
BAD 767692546813
BAD 767757942821
BAD 767757942823
BAD 767696856601
BAD 767709294953
BAD 767764232707
BAD 767767853141
BAD 767767853143
BAD 767770961773
BAD 767774200969
BAD 767775545611
BAD 767854618423
BAD 767857012471
BAD 767862470231
BAD 767797571687
BAD 767803204843
BAD 767803204891
BAD 768139735949
BAD 768145374481
BAD 768145374511
BAD 768070019923
BAD 768070879759
BAD 768108585623
BAD 768109060223
BAD 768100579381
BAD 768100579387
BAD 768112822909
BAD 768112822913
BAD 768081977083
BAD 768082174507
BAD 768125986057
BAD 768130167271
BAD 768169166371
BAD 768170194081
BAD 767818308589
BAD 767828504057
BAD 767828504059
BAD 767953690459
BAD 767953690501
BAD 767953690507
BAD 767953803403
BAD 767953803413
BAD 767956438957
BAD 767956438961
BAD 767957516191
BAD 768020140651
BAD 767963062793
BAD 767978570563
BAD 767978950513
BAD 768030851461
BAD 768030851503
BAD 768031107563
BAD 767981720983
BAD 768050591003
BAD 768052147501
BAD 768009892781
BAD 768016624681
BAD 767840064181
BAD 767840473801
BAD 767840473817
BAD 767840473819
BAD 767915183689
BAD 767844099853
BAD 767844134033
BAD 767844134047
BAD 767844134053
BAD 767918844001
BAD 768068568721
BAD 767849804497
BAD 767850016951
BAD 768177495023
BAD 768182326433
BAD 767900368681
BAD 767987235887
BAD 767940014929
BAD 767989880641
BAD 767947333903
BAD 768000520031
BAD 767951563333
BAD 768203197913
BAD 768207180289
BAD 768210457919
BAD 768210457921
BAD 768213836659
BAD 768275145103
BAD 768275145109
BAD 768315485533
BAD 768216776731
BAD 768216776777
BAD 768216776779
BAD 768216776783
BAD 768280685747
BAD 768280685749
BAD 768339384233
BAD 768320316133
BAD 768345603691
BAD 768348062137
BAD 768352032677
BAD 768296940647
BAD 768297363397
BAD 768297363413
BAD 768297363419
BAD 768269123393
BAD 768269123449
BAD 768373817767
BAD 768374662613
BAD 768374850871
BAD 768374850883
BAD 768377883853
BAD 768384412687
BAD 768385677559
BAD 768585347449
BAD 768528206659
BAD 768529859291
BAD 768529859303
BAD 768530153299
BAD 768530153311
BAD 768530153329
BAD 768532540609
BAD 768532540613
BAD 768532540621
BAD 768535026199
BAD 768425833187
BAD 768398242757
BAD 768429523313
BAD 768433711783
BAD 768434226653
BAD 768435773603
BAD 768435996673
BAD 768435996683
BAD 768436843039
BAD 768438515093
BAD 768438515101
BAD 768438515111
BAD 768438515113
BAD 768438515137
BAD 768443293493
BAD 768444279289
BAD 768444279293
BAD 768445836143
BAD 768474681883
BAD 768362048761
BAD 768368127301
BAD 768368127323
BAD 768370969381
BAD 768590253169
BAD 768590253173
BAD 768564848509
BAD 768565573213
BAD 768467066183
BAD 768467596381
BAD 768567419483
BAD 768567419491
BAD 768508556603
BAD 768648632659
BAD 768648632663
BAD 768511339711
BAD 768649984523
BAD 768539665129
BAD 768514554193
BAD 768516494059
BAD 768715819891
BAD 768612608921
BAD 768612608923
BAD 768612608947
BAD 768612608963
BAD 768721266743
BAD 768547980803
BAD 768721859299
BAD 768721859303
BAD 768550984867
BAD 768622488143
BAD 768622488149
BAD 768676405837
BAD 768680511317
BAD 768630414373
BAD 768630414389
BAD 768500831563
BAD 768662991799
BAD 768689303527
BAD 768695122583
BAD 768671445049
BAD 768695864219
BAD 768695864221
BAD 768703963801
BAD 768729829997
BAD 768729829999
BAD 768737124601
BAD 768737124611
BAD 768737124613
BAD 768755919691
BAD 768756234023
BAD 768774716753
BAD 768774716761
BAD 768774716767
BAD 768777722413
BAD 768777722417
BAD 768777722423
BAD 768777722431
BAD 768779684093
BAD 768831943207
BAD 768831943211
BAD 768831943213
BAD 768791826617
BAD 768791826619
BAD 768835657361
BAD 768794200847
BAD 768794200849
BAD 768837198637
BAD 768795540119
BAD 768795540157
BAD 768795540283
BAD 768762281179
BAD 768840536137
BAD 768841350919
BAD 768844126807
BAD 768859429417
BAD 768773360759
BAD 768810601771
BAD 768852181639
BAD 768875528909
BAD 768856136989
BAD 768813752353
BAD 768883844251
BAD 768884771129
BAD 768884859653
BAD 768824791781
BAD 768824791783
BAD 769130243521
BAD 769130243543
BAD 769130372203
BAD 769134129053
BAD 769135195597
BAD 768996444263
BAD 768996714631
BAD 769102926611
BAD 769102926623
BAD 769102926667
BAD 769107668839
BAD 769009626577
BAD 769009626589
BAD 769010086777
BAD 769010891497
BAD 769115214589
BAD 769064683043
BAD 769065126107
BAD 769116228407
BAD 769116228409
BAD 769016924287
BAD 769066123081
BAD 769070194913
BAD 769070362507
BAD 769077887119
BAD 769083348503
BAD 769091223233
BAD 769279226641
BAD 769279226659
BAD 769287455401
BAD 769212387287
BAD 769212387289
BAD 769212387301
BAD 768905544331
BAD 768905817623
BAD 768905817637
BAD 769225180819
BAD 769225180831
BAD 768907418641
BAD 768950913061
BAD 768952961251
BAD 768952961269
BAD 768953434993
BAD 768912425947
BAD 768930630751
BAD 768930630763
BAD 768917764651
BAD 768919330447
BAD 768919330453
BAD 768934561279
BAD 768920256413
BAD 768934737569
BAD 768935804123
BAD 768936471221
BAD 768936471223
BAD 768923673953
BAD 768923673961
BAD 768924201449
BAD 769029866753
BAD 769032504671
BAD 769032504673
BAD 768976870499
BAD 769037652469
BAD 768961442869
BAD 768962362153
BAD 769039813463
BAD 769039813469
BAD 769039813471
BAD 768987309289
BAD 768987309403
BAD 768987309413
BAD 768987309427
BAD 768967125109
BAD 768988775567
BAD 768988775573
BAD 768989898463
BAD 768969015251
BAD 768969015253
BAD 768969015257
BAD 768969015259
BAD 768969015263
BAD 768969917887
BAD 768969917897
BAD 769196898931
BAD 769196898937
BAD 769231325459
BAD 769231325461
BAD 769164928261
BAD 769167330983
BAD 769208788459
BAD 769168882177
BAD 769209518873
BAD 769174669853
BAD 769244356943
BAD 769267580491
BAD 769182967823
BAD 769247123191
BAD 769247123219
BAD 769247123221
BAD 769250046787
BAD 769189809637
BAD 769189809643
BAD 769254765893
BAD 769297301243
BAD 769297301281
BAD 769193351041
BAD 769259952143
BAD 769298642479
BAD 769298736007
BAD 769260949889
BAD 769301122817
BAD 769301122819
BAD 769303242307
BAD 769321695833
BAD 769321695859
BAD 769324571227
BAD 769329234109
BAD 769154197607
BAD 769154197613
BAD 769348817387
BAD 769353650993
BAD 769354369309
BAD 769361787151
BAD 769364006003
BAD 769361064293
BAD 769384497451
BAD 769384497457
BAD 769384497473
BAD 769393036337
BAD 769393036339
BAD 769393036343
BAD 769400244383
BAD 769400244391
BAD 769400696191
BAD 769422267023
BAD 769409984971
BAD 769428858169
BAD 769431490039
BAD 769431490043
BAD 769431566599
BAD 769474571707
BAD 769474571713
BAD 769474571729
BAD 769474571743
BAD 769683272341
BAD 769683294533
BAD 769690386863
BAD 769690386869
BAD 769755027931
BAD 769757053433
BAD 769715429339
BAD 769768729193
BAD 769716026251
BAD 769525942519
BAD 769568933317
BAD 769760199731
BAD 769724073809
BAD 769505750701
BAD 769536288359
BAD 769508361851
BAD 769508361859
BAD 769508361863
BAD 769779635297
BAD 769779635299
BAD 769698182479
BAD 769699123549
BAD 769699123579
BAD 769539365341
BAD 769540130539
BAD 769540130543
BAD 769702730353
BAD 769702730359
BAD 769835616317
BAD 769838281501
BAD 769554358927
BAD 769579957513
BAD 769742590943
BAD 769597996763
BAD 769633055381
BAD 769614395401
BAD 769603738861
BAD 769800170089
BAD 769637867533
BAD 769637867543
BAD 769803919831
BAD 769639710647
BAD 769644782273
BAD 769851382457
BAD 769851382459
BAD 769851382471
BAD 769851382481
BAD 769851382483
BAD 769852253171
BAD 769852253173
BAD 769854109421
BAD 769646271323
BAD 769854570637
BAD 769649339531
BAD 769649339533
BAD 769654447411
BAD 769654447417
BAD 769654447421
BAD 769822418401
BAD 769881270289
BAD 769953663331
BAD 769953663341
BAD 769953663343
BAD 769958680291
BAD 769968200237
BAD 769940154397
BAD 769974149803
BAD 769974982487
BAD 769944295193
BAD 769992297043
BAD 769946477359
BAD 769997032537
BAD 769997032747
BAD 769980618839
BAD 769997519419
BAD 769886045491
BAD 769886812427
BAD 769903552087
BAD 769911157157
BAD 769911157159
BAD 769911157163
BAD 769911875129
BAD 769913425531
BAD 769913425537
BAD 769914121433
BAD 769914121441
BAD 769914555149
BAD 769920179341
BAD 769930893713
RANGE 760000000000 770000000000 PRIMES 365459032 BAD 2051
