BAD 490272599293
BAD 490272599303
BAD 490272599363
BAD 490273306687
BAD 490302543499
BAD 490051345093
BAD 490276221443
BAD 490276221451
BAD 490285788389
BAD 490053763943
BAD 490053763967
BAD 490053763981
BAD 490055127511
BAD 490337684891
BAD 490056347359
BAD 490056388099
BAD 490170541381
BAD 490186014431
BAD 490186014433
BAD 490340521907
BAD 490340521949
BAD 490171941089
BAD 490171941097
BAD 490171941109
BAD 490171941113
BAD 490252590349
BAD 490309708171
BAD 490342194977
BAD 490173497137
BAD 490060763761
BAD 490253568527
BAD 490295963477
BAD 490175170217
BAD 490345774013
BAD 490311328519
BAD 490189834531
BAD 490175170223
BAD 490311328523
BAD 490189860151
BAD 490296076913
BAD 490254224671
BAD 490297110713
BAD 490346955031
BAD 490176092011
BAD 490191321913
BAD 490176360077
BAD 490347431971
BAD 490065520837
BAD 490312746331
BAD 490066140853
BAD 490348881181
BAD 490067075093
BAD 490349439529
BAD 490349439533
BAD 490178069963
BAD 490178069971
BAD 490299848347
BAD 490299958147
BAD 490178589601
BAD 490257015071
BAD 490257268703
BAD 490351077109
BAD 490276775299
BAD 490276775311
BAD 490180362967
BAD 490180362977
BAD 490180362979
BAD 490316756731
BAD 490317156151
BAD 490317828277
BAD 490317828283
BAD 490318600049
BAD 490259641273
BAD 490198256929
BAD 490261378993
BAD 490262742217
BAD 490284685753
BAD 490202010743
BAD 490033867969
BAD 490033867979
BAD 490033867987
BAD 490202488003
BAD 490236122359
BAD 490203992153
BAD 490017955993
BAD 490206896539
BAD 490239914341
BAD 490239914347
BAD 490240262833
BAD 490240262839
BAD 490387660883
BAD 490389587089
BAD 490209721751
BAD 490209721753
BAD 490043264483
BAD 490210568761
BAD 490391325943
BAD 490391325947
BAD 490024889539
BAD 490024889587
BAD 490024889603
BAD 490391863921
BAD 490045408429
BAD 490045408439
BAD 490045408441
BAD 490392469337
BAD 490392469339
BAD 490392469361
BAD 490392469363
BAD 490244734981
BAD 490046636749
BAD 490047104303
BAD 490047532033
BAD 490048834643
BAD 490049442769
BAD 490029064141
BAD 490397415401
BAD 490397931391
BAD 490072524157
BAD 490399632661
BAD 490401461917
BAD 490401461933
BAD 490081356053
BAD 490083416111
BAD 490083595621
BAD 490083595627
BAD 490083595633
BAD 490083595697
BAD 490083595699
BAD 490083840167
BAD 490321682597
BAD 490322911381
BAD 490329365819
BAD 490085001589
BAD 490089232057
BAD 490091564813
BAD 490091770801
BAD 490091770807
BAD 490091770841
BAD 490091770843
BAD 490091770859
BAD 490093498313
BAD 490220292343
BAD 490220292347
BAD 490220877533
BAD 490220877557
BAD 490095146393
BAD 490095146399
BAD 490095146407
BAD 490095146413
BAD 490095146441
BAD 490000365299
BAD 490355768191
BAD 490370656549
BAD 490370656553
BAD 490370656561
BAD 490356433141
BAD 490002052781
BAD 490002052783
BAD 490002052789
BAD 490002258899
BAD 490226934451
BAD 490226934473
BAD 490226934529
BAD 490121327539
BAD 490121327543
BAD 490358296073
BAD 490228862269
BAD 490228862393
BAD 490228862447
BAD 490139777833
BAD 490140012959
BAD 490140012961
BAD 490005626039
BAD 490005626041
BAD 490361494373
BAD 490374711083
BAD 490374711089
BAD 490374711091
BAD 490006960913
BAD 490141042879
BAD 490007823031
BAD 490362613639
BAD 490126243069
BAD 490378156771
BAD 490126243073
BAD 490362613673
BAD 490126616839
BAD 490126616843
BAD 490363011647
BAD 490363011673
BAD 490232441693
BAD 490363471909
BAD 490232566771
BAD 490008327937
BAD 490232605283
BAD 490104678563
BAD 490129216517
BAD 490129216519
BAD 490009660141
BAD 490105448101
BAD 490365270617
BAD 490365424979
BAD 490365424981
BAD 490380482243
BAD 490380822377
BAD 490234646207
BAD 490381230307
BAD 490381230349
BAD 490011143033
BAD 490367478383
BAD 490012138043
BAD 490133431387
BAD 490367932781
BAD 490367932783
BAD 490108051163
BAD 490146565583
BAD 490133508653
BAD 490111372241
BAD 490151213603
BAD 490114250309
BAD 490154332567
BAD 490115929423
BAD 490155654649
BAD 490156537867
BAD 490157234953
BAD 490160844889
BAD 490160844893
BAD 490160844913
BAD 490160844923
BAD 490160844941
BAD 490167305003
BAD 490436311931
BAD 490436311933
BAD 490402792801
BAD 490403217923
BAD 490456504823
BAD 490456504841
BAD 490473828979
BAD 490508488453
BAD 490443480077
BAD 490509479221
BAD 490444062571
BAD 490510570357
BAD 490478218103
BAD 490422077633
BAD 490479380033
BAD 490422982039
BAD 490461496463
BAD 490512645859
BAD 490512645863
BAD 490423462289
BAD 490423482257
BAD 490423482259
BAD 490425009143
BAD 490463800831
BAD 490482324793
BAD 490425918859
BAD 490425918863
BAD 490405462093
BAD 490405462109
BAD 490465566637
BAD 490406504197
BAD 490407126541
BAD 490518070093
BAD 490449932789
BAD 490430589863
BAD 490431963269
BAD 490431963271
BAD 490431963293
BAD 490413056333
BAD 490413923359
BAD 490435124573
BAD 490418098957
BAD 490493246401
BAD 490520358721
BAD 490525347607
BAD 490537246039
BAD 490537462243
BAD 490538603593
BAD 490530323791
BAD 490543575947
BAD 490543575953
BAD 490543575959
BAD 490543575961
BAD 490532951509
BAD 490593960007
BAD 490593960011
BAD 490593960013
BAD 490535229773
BAD 490595674577
BAD 490595674579
BAD 490596465313
BAD 490596468811
BAD 490596741631
BAD 490597227893
BAD 490597271093
BAD 490597271107
BAD 490552073533
BAD 490552073581
BAD 490599028399
BAD 490600396009
BAD 490557367423
BAD 490603137929
BAD 490604461381
BAD 490604640391
BAD 490604640419
BAD 490604640469
BAD 490560348991
BAD 490577124571
BAD 490579469857
BAD 490579469869
BAD 490579469873
BAD 490608329713
BAD 490580627113
BAD 490580627123
BAD 490608537619
BAD 490608537623
BAD 490567708249
BAD 490586782339
BAD 490586782349
BAD 490586782351
BAD 490611955459
BAD 490642722007
BAD 490613620313
BAD 490645652213
BAD 490645652219
BAD 490645652221
BAD 490645652227
BAD 490615196153
BAD 490615196161
BAD 490615196167
BAD 490646672323
BAD 490617070001
BAD 490617070003
BAD 490648680169
BAD 490649084693
BAD 490651207759
BAD 490653256339
BAD 490653542191
BAD 490654640653
BAD 490654640657
BAD 490654640659
BAD 490654640701
BAD 490656494089
BAD 490688046439
BAD 490656664103
BAD 490688202143
BAD 490688202149
BAD 490656746633
BAD 490689232447
BAD 490690784713
BAD 490694525479
BAD 490664310233
BAD 490666629083
BAD 490698332731
BAD 490699729763
BAD 490701691397
BAD 490701691399
BAD 490704198949
BAD 490621744867
BAD 490624058003
BAD 490755065513
BAD 490755065519
BAD 490755768091
BAD 490626000533
BAD 490627387981
BAD 490627388023
BAD 490628763727
BAD 490628763769
BAD 490760676619
BAD 490760676631
BAD 490633635749
BAD 490633636027
BAD 490633636033
BAD 490633735379
BAD 490633735381
BAD 490633826927
BAD 490633826929
BAD 490633827049
BAD 490765845013
BAD 490765845049
BAD 490636846859
BAD 490637318939
BAD 490637318947
BAD 490790549099
BAD 490790549101
BAD 490790829707
BAD 490790829751
BAD 490797528083
BAD 490773229699
BAD 490773229703
BAD 490774693921
BAD 490776119447
BAD 490776119453
BAD 490776119531
BAD 490740968647
BAD 490674932989
BAD 490704703351
BAD 490704703361
BAD 490676252981
BAD 490676349091
BAD 490747359931
BAD 490685860141
BAD 490751623009
BAD 490751623013
BAD 490751623073
BAD 490751623079
BAD 490751623081
BAD 490714762337
BAD 490715645477
BAD 490715645479
BAD 490715807719
BAD 490753129483
BAD 490753129487
BAD 490716689509
BAD 490716689513
BAD 490716689521
BAD 490717482889
BAD 490720330993
BAD 490721519599
BAD 490724476093
BAD 490726198453
BAD 490726763719
BAD 490729288837
BAD 490729288843
BAD 490734039181
BAD 490736651033
BAD 490736651039
BAD 490736651071
BAD 490737301291
BAD 490839316397
BAD 490839316399
BAD 490841272193
BAD 490841272199
BAD 490844037121
BAD 490846467187
BAD 490846467193
BAD 490848215603
BAD 490849838023
BAD 490826825197
BAD 490828264679
BAD 490854507301
BAD 490891820233
BAD 490830609473
BAD 490891820239
BAD 490831324199
BAD 490831324201
BAD 490831366097
BAD 490831366099
BAD 490832900641
BAD 490832900647
BAD 490832900651
BAD 490832900653
BAD 490858707851
BAD 490858707853
BAD 490835201933
BAD 490860814403
BAD 490861685711
BAD 490898918233
BAD 490863301813
BAD 490865554609
BAD 490866550843
BAD 490866550861
BAD 490866625321
BAD 490867587163
BAD 490905427613
BAD 490905427619
BAD 491008563709
BAD 491010364423
BAD 491016503423
BAD 491016503429
BAD 490875068329
BAD 490875941539
BAD 491017692799
BAD 490876295093
BAD 491057946167
BAD 491057946173
BAD 491020918309
BAD 491020918321
BAD 491020918343
BAD 490878379261
BAD 490907781239
BAD 490907781241
BAD 491023155989
BAD 491023155991
BAD 490908376669
BAD 491061881929
BAD 491061881977
BAD 491061881983
BAD 491061881987
BAD 490909247737
BAD 490881501113
BAD 490881501127
BAD 490881501169
BAD 490881966143
BAD 490881966149
BAD 490912243981
BAD 490912244021
BAD 490912244023
BAD 490912244027
BAD 490912244029
BAD 490912244033
BAD 490912244041
BAD 491068092091
BAD 490810629943
BAD 490811149957
BAD 491069858077
BAD 491070055193
BAD 491071852393
BAD 490915908887
BAD 490916515433
BAD 490886930551
BAD 490918128109
BAD 490814231707
BAD 491043402037
BAD 491043402049
BAD 491043609233
BAD 491043609239
BAD 491043609241
BAD 491044507673
BAD 491047982023
BAD 491048088571
BAD 491048501101
BAD 490818677207
BAD 490818677243
BAD 490928106703
BAD 490821100249
BAD 490975416343
BAD 490975846447
BAD 490975846483
BAD 490975846489
BAD 490821873349
BAD 490931471353
BAD 490931471357
BAD 490931507929
BAD 490931870503
BAD 490941716009
BAD 490941716011
BAD 491055211103
BAD 490979709617
BAD 490979709799
BAD 490979709811
BAD 490957952987
BAD 490957952993
BAD 490957952999
BAD 490946407207
BAD 490982245813
BAD 490938224159
BAD 490982817361
BAD 490939118251
BAD 490990690537
BAD 490990690571
BAD 490962822283
BAD 490962822293
BAD 490962822299
BAD 490962981799
BAD 490991742037
BAD 490991966761
BAD 490952877893
BAD 490963787641
BAD 490964123369
BAD 490964123371
BAD 490964382553
BAD 490964382563
BAD 490993245401
BAD 490993245403
BAD 490993245409
BAD 490993245419
BAD 490987406387
BAD 490964549539
BAD 490966527287
BAD 490989447769
BAD 490996157401
BAD 490970068249
BAD 490970274373
BAD 490996958773
BAD 490998590123
BAD 490999312459
BAD 491000073107
BAD 491091659633
BAD 491003655661
BAD 491092534223
BAD 491004054953
BAD 491004511411
BAD 491004799699
BAD 491094305993
BAD 491004997193
BAD 491097187081
BAD 491098889977
BAD 491099206219
BAD 491100854291
BAD 491103439927
BAD 491104365383
BAD 491104365391
BAD 491105640691
BAD 491159291747
BAD 491159291767
BAD 491164656991
BAD 491076182713
BAD 491076182719
BAD 491027605729
BAD 491077129033
BAD 491168428463
BAD 491029846673
BAD 491169267649
BAD 491031743669
BAD 491035253461
BAD 491172810707
BAD 491036850449
BAD 491080537999
BAD 491109313339
BAD 491109313351
BAD 491111164351
BAD 491112714593
BAD 491115331571
BAD 491115331573
BAD 491119679333
BAD 491123077561
BAD 491179821413
BAD 491181167237
BAD 491182875539
BAD 491182875541
BAD 491185137119
BAD 491186662097
BAD 491187349283
BAD 491187349339
BAD 491187349343
BAD 491188799711
BAD 491188799713
BAD 491125403029
BAD 491125403033
BAD 491129038507
BAD 491130608539
BAD 491131540231
BAD 491132593387
BAD 491148989873
BAD 491149672999
BAD 491149673041
BAD 491149930729
BAD 491150081893
BAD 491150315693
BAD 491259646567
BAD 491243646541
BAD 491243646643
BAD 491263524991
BAD 491263525009
BAD 491263525013
BAD 491263525043
BAD 491230162921
BAD 491265859949
BAD 491232964253
BAD 491266535899
BAD 491156018393
BAD 491248775503
BAD 491267350729
BAD 491267350733
BAD 491267350771
BAD 491267951201
BAD 491267951203
BAD 491267951233
BAD 491234272831
BAD 491234272843
BAD 491250850763
BAD 491269893113
BAD 491237428613
BAD 491237428639
BAD 491237428651
BAD 491157209701
BAD 491209109473
BAD 491255178313
BAD 491257313023
BAD 491257967623
BAD 491192828851
BAD 491194807661
BAD 491217412403
BAD 491217412417
BAD 491219823229
BAD 491198776223
BAD 491200212049
BAD 491202328453
BAD 491204383951
BAD 491204383997
BAD 491222996989
BAD 491222997019
BAD 491223766193
BAD 491224006561
BAD 491207514877
BAD 491277285013
BAD 491278205659
BAD 491278393273
BAD 491279136113
BAD 491282371519
BAD 491282371523
BAD 491283124447
BAD 491283124477
BAD 491283414173
BAD 491283414179
BAD 491288469691
BAD 491290393597
BAD 491290393621
BAD 491419522303
BAD 491419522309
BAD 491419522313
BAD 491344756229
BAD 491344756271
BAD 491346212999
BAD 491392991743
BAD 491313079099
BAD 491445611269
BAD 491362933433
BAD 491363483843
BAD 491447400649
BAD 491397309527
BAD 491315101817
BAD 491315101819
BAD 491398308319
BAD 491449028363
BAD 491449363969
BAD 491352829447
BAD 491317516499
BAD 491318812741
BAD 491319148561
BAD 491369540551
BAD 491455156861
BAD 491455306681
BAD 491455818181
BAD 491407329691
BAD 491456835173
BAD 491456835203
BAD 491456835211
BAD 491321382203
BAD 491408653819
BAD 491408653823
BAD 491408653867
BAD 491408786161
BAD 491408786171
BAD 491408786173
BAD 491409143003
BAD 491409143011
BAD 491458588081
BAD 491458588157
BAD 491458588163
BAD 491327981503
BAD 491292391267
BAD 491292391283
BAD 491292459709
BAD 491293349663
BAD 491331507119
BAD 491381074279
BAD 491296017893
BAD 491383535693
BAD 491383921849
BAD 491383921859
BAD 491338639667
BAD 491338639669
BAD 491489327663
BAD 491510275153
BAD 491460527981
BAD 491460527983
BAD 491460527993
BAD 491510717881
BAD 491461462543
BAD 491461904603
BAD 491512151749
BAD 491512344527
BAD 491492883841
BAD 491514263797
BAD 491464546697
BAD 491468127223
BAD 491468196019
BAD 491469578671
BAD 491520789923
BAD 491522484641
BAD 491522484643
BAD 491522484647
BAD 491429077459
BAD 491429077463
BAD 491472074843
BAD 491472074851
BAD 491429310601
BAD 491429310607
BAD 491429310623
BAD 491429449843
BAD 491472471701
BAD 491433389917
BAD 491435830841
BAD 491437167049
BAD 491437167077
BAD 491437167079
BAD 491439040139
BAD 491439593741
BAD 491441316893
BAD 491441316901
BAD 491493414887
BAD 491493414889
BAD 491500713199
BAD 491500895191
BAD 491500895209
BAD 491500895227
BAD 491502938203
BAD 491502943453
BAD 491504188897
BAD 491506544197
BAD 491545064839
BAD 491545886813
BAD 491548602323
BAD 491548602329
BAD 491548602331
BAD 491554311349
BAD 491555260127
BAD 491555260129
BAD 491556612167
BAD 491557327013
BAD 491558952281
BAD 491559598771
BAD 491560212511
BAD 491533824589
BAD 491533824601
BAD 491533824623
BAD 491536451761
BAD 491537552843
BAD 491537552851
BAD 491540048089
BAD 491542808509
BAD 491542808513
BAD 491542808521
BAD 491560563979
BAD 491564698433
BAD 491565581957
BAD 491565581959
BAD 491565581963
BAD 491569140287
BAD 491569140289
BAD 491569140301
BAD 491569542421
BAD 491569542427
BAD 491611872319
BAD 491611893061
BAD 491612079347
BAD 491612079349
BAD 491612443897
BAD 491612739523
BAD 491612739529
BAD 491612739533
BAD 491614875491
BAD 491631136669
BAD 491616872311
BAD 491635978969
BAD 491637156583
BAD 491637156587
BAD 491637156589
BAD 491584592581
BAD 491584680683
BAD 491584898773
BAD 491584898789
BAD 491584898797
BAD 491646476003
BAD 491585437111
BAD 491648524579
BAD 491648524583
BAD 491648918041
BAD 491643593939
BAD 491650247701
BAD 491650247707
BAD 491650247723
BAD 491650247729
BAD 491650247731
BAD 491650247749
BAD 491643984379
BAD 491643984383
BAD 491650987589
BAD 491650987591
BAD 491621263883
BAD 491664810467
BAD 491621263891
BAD 491654119123
BAD 491621263901
BAD 491654865083
BAD 491666280907
BAD 491666280913
BAD 491623903853
BAD 491624401759
BAD 491624733023
BAD 491624906587
BAD 491624906593
BAD 491624906599
BAD 491668108357
BAD 491671888139
BAD 491672194207
BAD 491672385053
BAD 491676624079
BAD 491601590773
BAD 491762231911
BAD 491764064873
BAD 491766829517
BAD 491719410367
BAD 491768268773
BAD 491773748413
BAD 491774353013
BAD 491732216719
BAD 491732216749
BAD 491694708233
BAD 491734123193
BAD 491701195729
BAD 491883008191
BAD 491777999929
BAD 491734123277
BAD 491701574479
BAD 491701797491
BAD 491701797493
BAD 491703250613
BAD 491703869359
BAD 491885661739
BAD 491704470079
BAD 491705100707
BAD 491886934529
BAD 491886934531
BAD 491738349737
BAD 491738826883
BAD 491745484429
BAD 491746015141
BAD 491746015183
BAD 491746015193
BAD 491846741173
BAD 491747457437
BAD 491890331593
BAD 491891759539
BAD 491749680841
BAD 491749680899
BAD 491749680901
BAD 491829434123
BAD 491829434153
BAD 491709971003
BAD 491848775959
BAD 491709971009
BAD 491830506883
BAD 491848775989
BAD 491751259669
BAD 491752352323
BAD 491752352327
BAD 491850187177
BAD 491753612201
BAD 491753612209
BAD 491754011011
BAD 491754011017
BAD 491754011033
BAD 491754011041
BAD 491754134093
BAD 491780241481
BAD 491834035513
BAD 491834094463
BAD 491834094473
BAD 491835114653
BAD 491759914777
BAD 491838635863
BAD 491854467877
BAD 491840212861
BAD 491840212883
BAD 491840212891
BAD 491840607721
BAD 491840607799
BAD 491840632117
BAD 491840632123
BAD 491855775337
BAD 491855775343
BAD 491788739641
BAD 491788739677
BAD 491859885151
BAD 491860196161
BAD 491860196173
BAD 491793285769
BAD 491793285773
BAD 491679012529
BAD 491896015451
BAD 491681000693
BAD 491864144423
BAD 491682688927
BAD 491684804717
BAD 491684804719
BAD 491684804839
BAD 491687263453
BAD 491687263471
BAD 491872691777
BAD 491819307541
BAD 491819307613
BAD 491819341703
BAD 491906806463
BAD 491906806471
BAD 491906806493
BAD 491906806591
BAD 491906816777
BAD 491908119761
BAD 491908119763
BAD 491909347387
BAD 491910044161
BAD 491692377773
BAD 491692945831
BAD 491798227321
BAD 491693920111
BAD 491799088309
BAD 491827442453
BAD 491800839043
BAD 491804786419
BAD 491804939123
BAD 491808943973
BAD 491916385703
BAD 491921240779
BAD 491921523019
BAD 491924234017
BAD 491924234023
BAD 491924234027
BAD 491924358857
BAD 491924358859
BAD 491950512737
BAD 491950512743
BAD 491951413013
BAD 491952203089
BAD 491952973579
BAD 491956155979
BAD 491962444163
BAD 491933235253
BAD 491933235263
BAD 491933797933
BAD 491934310237
BAD 491934918413
BAD 491935565629
BAD 491942422099
BAD 492048803347
BAD 492049522513
BAD 492064963823
BAD 492065235611
BAD 491999210123
BAD 491967415279
BAD 492054358619
BAD 491969613703
BAD 492058025323
BAD 492001480183
BAD 492001480189
BAD 491972336333
BAD 491972336341
BAD 492061321933
BAD 491975197673
BAD 492062030399
BAD 491976617809
BAD 491976711563
BAD 491976711581
BAD 492007278619
BAD 492007278649
BAD 491978607319
BAD 492009838741
BAD 492078705029
BAD 491979731993
BAD 491983312217
BAD 491983312231
BAD 492018459791
BAD 491986542559
BAD 491986608979
BAD 491986624771
BAD 492031891649
BAD 492031891651
BAD 492031891657
BAD 492019902853
BAD 492022718003
BAD 492023627539
BAD 492037033223
BAD 492037033231
BAD 492037033237
BAD 492037722811
BAD 492037722823
BAD 492025485397
BAD 492026356631
BAD 492027082013
BAD 492027311627
BAD 492041113703
BAD 492041113709
BAD 492043379299
BAD 492046723141
BAD 492181147699
BAD 492184067273
BAD 492185796847
BAD 492185796863
BAD 492188704261
BAD 492083070053
BAD 492083070067
BAD 492198445811
BAD 492198445813
BAD 492198445819
BAD 492199268579
BAD 492199268581
BAD 492193422121
BAD 492193570501
BAD 492116035013
BAD 492196248923
BAD 492117071923
BAD 492119180387
BAD 492206073263
BAD 492119909261
BAD 492119909263
BAD 492087232963
BAD 492206960173
BAD 492121117823
BAD 492088799299
BAD 492121985767
BAD 492208908691
BAD 492122690701
BAD 492130801691
BAD 492130801693
BAD 492130801697
BAD 492130801699
BAD 492130842457
BAD 492123321139
BAD 492123321143
BAD 492123321149
BAD 492210022921
BAD 492126393091
BAD 492099404921
BAD 492095672533
BAD 492139083049
BAD 492129657113
BAD 492104129453
BAD 492104613223
BAD 492147687091
BAD 492147818893
BAD 492144271651
BAD 492144271657
BAD 492148966373
BAD 492144511897
BAD 492109016779
BAD 492109841329
BAD 492151702663
BAD 492151702673
BAD 492152083967
BAD 492164268173
BAD 492111789451
BAD 492111789469
BAD 492111789473
BAD 492111990371
BAD 492153391747
BAD 492153422323
BAD 492166433527
BAD 492166433531
BAD 492167730113
BAD 492156483083
BAD 492168100141
BAD 492157300189
BAD 492157300211
BAD 492157300213
BAD 492157974109
BAD 492170008019
BAD 492170008021
BAD 492283283993
BAD 492288052913
BAD 492288177679
BAD 492288345649
BAD 492288345673
BAD 492290308519
BAD 492290308529
BAD 492180701743
BAD 492292999621
BAD 492293534167
BAD 492293776069
BAD 492294817853
BAD 492248164217
BAD 492252817423
BAD 492252817429
BAD 492258402289
BAD 492216118871
BAD 492216975337
BAD 492263170381
BAD 492218886001
BAD 492263962499
BAD 492266831513
BAD 492219755737
BAD 492221447387
BAD 492232378291
BAD 492232676239
BAD 492272523397
BAD 492233571943
BAD 492273442721
BAD 492306754403
BAD 492306754417
BAD 492306754441
BAD 492306754453
BAD 492277195777
BAD 492239038493
BAD 492239084993
BAD 492225308023
BAD 492309067381
BAD 492225484043
BAD 492225529051
BAD 492240215783
BAD 492240215791
BAD 492227497261
BAD 492280030997
BAD 492280030999
BAD 492311649373
BAD 492242978419
BAD 492242978431
BAD 492312249391
BAD 492244163027
BAD 492314010403
BAD 492246555191
BAD 492246555193
BAD 492246893549
BAD 492318312133
BAD 492326691139
BAD 492326791321
BAD 492329243639
BAD 492329243641
BAD 492333494153
BAD 492333494203
BAD 492336637501
BAD 492338125067
BAD 492338241991
BAD 492342849539
BAD 492342849541
BAD 492344365873
BAD 492344396723
BAD 492344582963
BAD 492344583007
BAD 492348099233
BAD 492366615463
BAD 492366615469
BAD 492416741833
BAD 492404236703
BAD 492375858427
BAD 492405982867
BAD 492406292531
BAD 492406292533
BAD 492406388153
BAD 492379662889
BAD 492379662893
BAD 492379662899
BAD 492380564243
BAD 492427299289
BAD 492427299293
BAD 492427299319
BAD 492427299349
BAD 492381465223
BAD 492381465227
BAD 492381465229
BAD 492381894791
BAD 492381894793
BAD 492381894803
BAD 492410669567
BAD 492430454809
BAD 492431152043
BAD 492413417213
BAD 492415034933
BAD 492349049771
BAD 492354882031
BAD 492360677647
BAD 492362236771
BAD 492362238967
BAD 492362239043
BAD 492362239093
BAD 492362239097
BAD 492362239099
BAD 492363035539
BAD 492364608319
BAD 492382659367
BAD 492383307223
BAD 492383753321
BAD 492388721459
BAD 492433031813
BAD 492433031819
BAD 492433288381
BAD 492449806201
BAD 492450165833
BAD 492450956483
BAD 492392716339
BAD 492438545639
BAD 492455462767
BAD 492398108989
BAD 492444389209
BAD 492444389243
BAD 492444389251
BAD 492456906737
BAD 492457374197
BAD 492459158231
BAD 492448348423
BAD 492448348429
BAD 492448348433
BAD 492448679939
BAD 492448679941
BAD 492398925133
BAD 492398925143
BAD 492466784671
BAD 492468012391
BAD 492470558329
BAD 492472790129
BAD 492473661817
BAD 492480782723
BAD 492567717739
BAD 492567842803
BAD 492568463719
BAD 492570187913
BAD 492503777257
BAD 492503777273
BAD 492503777279
BAD 492503777281
BAD 492507828931
BAD 492507828961
BAD 492507828983
BAD 492571382011
BAD 492571382021
BAD 492585908561
BAD 492586106569
BAD 492619404637
BAD 492589087567
BAD 492621416179
BAD 492589801313
BAD 492621927113
BAD 492622184699
BAD 492622184701
BAD 492622184731
BAD 492574834693
BAD 492623192449
BAD 492517186129
BAD 492593280769
BAD 492519058981
BAD 492625809359
BAD 492594100577
BAD 492626883691
BAD 492627144679
BAD 492515594183
BAD 492580915999
BAD 492485004691
BAD 492515594189
BAD 492515594191
BAD 492515594213
BAD 492485418923
BAD 492534331073
BAD 492594841831
BAD 492535992439
BAD 492536297293
BAD 492530905819
BAD 492488770289
BAD 492631510879
BAD 492533296291
BAD 492607791233
BAD 492607791259
BAD 492539511473
BAD 492539511517
BAD 492543043579
BAD 492611010019
BAD 492669333719
BAD 492669333721
BAD 492669333773
BAD 492669333787
BAD 492669988411
BAD 492670632533
BAD 492494463151
BAD 492494923519
BAD 492495087883
BAD 492495087893
BAD 492545641141
BAD 492672045961
BAD 492673219021
BAD 492673585501
BAD 492673585543
BAD 492673585549
BAD 492673585553
BAD 492673585559
BAD 492673709321
BAD 492547749061
BAD 492674042537
BAD 492674042563
BAD 492675288893
BAD 492675288961
BAD 492550606019
BAD 492550606021
BAD 492550606027
BAD 492679661963
BAD 492552807931
BAD 492701532577
BAD 492702891407
BAD 492702891409
BAD 492703615139
BAD 492703615141
BAD 492557484173
BAD 492557484179
BAD 492685197923
BAD 492558121529
BAD 492559016377
BAD 492686288267
BAD 492559016381
BAD 492559016393
BAD 492686941603
BAD 492686941609
BAD 492706834091
BAD 492706834093
BAD 492708867653
BAD 492566628713
BAD 492566829773
BAD 492713735431
BAD 492714583069
BAD 492635036857
BAD 492635445851
BAD 492699755927
BAD 492699755929
BAD 492635711423
BAD 492640378051
BAD 492735699277
BAD 492736344299
BAD 492736568603
BAD 492736921163
BAD 492652364923
BAD 492730557523
BAD 492654013921
BAD 492741827639
BAD 492744529489
BAD 492744529493
BAD 492744529499
BAD 492744529507
BAD 492744529523
BAD 492749080739
BAD 492749080741
BAD 492749080753
BAD 492661065233
BAD 492749353711
BAD 492749823833
BAD 492664235123
BAD 492664280869
BAD 492664280873
BAD 492664760779
BAD 492666897743
BAD 492666897773
BAD 492752750753
BAD 492805422691
BAD 492754537189
BAD 492808594463
BAD 492785424049
BAD 492773854267
BAD 492758666671
BAD 492812674919
BAD 492761369383
BAD 492761369389
BAD 492761369393
BAD 492762321683
BAD 492762321787
BAD 492762321791
BAD 492817608449
BAD 492764542099
BAD 492764542103
BAD 492764720257
BAD 492764720267
BAD 492764720269
BAD 492782212357
BAD 492766444889
BAD 492793542289
BAD 492798045059
BAD 492798792193
BAD 492799037503
BAD 492801075449
BAD 492801075451
BAD 492819005663
BAD 492819005669
BAD 492819616427
BAD 492875437933
BAD 492875437939
BAD 492876180169
BAD 492822395183
BAD 492878943107
BAD 492826558561
BAD 492881097739
BAD 492881097743
BAD 492827017609
BAD 492827017621
BAD 492827017717
BAD 492827258023
BAD 492827258029
BAD 492862496081
BAD 492863221463
BAD 492863221489
BAD 492863221493
BAD 492867738697
BAD 492844570223
BAD 492846363239
BAD 492846363241
BAD 492846363259
BAD 492848259401
BAD 492848259403
BAD 492850563143
BAD 492850563151
BAD 492850563157
BAD 492936618103
BAD 492936618113
BAD 492936618121
BAD 492936618157
BAD 492938879569
BAD 492942738347
BAD 492942738349
BAD 493037014373
BAD 493037795297
BAD 492945940471
BAD 492945940523
BAD 492885745831
BAD 492886572053
BAD 493040459323
BAD 493041718669
BAD 492949706021
BAD 492949706023
BAD 492950982553
BAD 492951569993
BAD 492952685179
BAD 492970463801
BAD 492970463803
BAD 492892034981
BAD 492892034983
BAD 492892035289
BAD 492970766081
BAD 492971306689
BAD 492971306701
BAD 492892856167
BAD 492894873727
BAD 492894873733
BAD 492973633279
BAD 492973633283
BAD 492975526663
BAD 493052393557
BAD 492900994939
BAD 492984278749
BAD 492985213547
BAD 492985213549
BAD 492902730391
BAD 492902730427
BAD 492904794803
BAD 492904818247
BAD 492904818251
BAD 492904818253
BAD 492904818257
BAD 492904818269
BAD 492920032021
BAD 492909475673
BAD 492909475679
BAD 493053473413
BAD 492913608073
BAD 492917999753
BAD 493059873311
BAD 493023800923
BAD 493023800939
BAD 493024402757
BAD 493024402789
BAD 493068054709
BAD 493028273359
BAD 493028273383
BAD 493028273389
BAD 493073172731
BAD 493073172733
BAD 493073172737
BAD 493030749377
BAD 493031893051
BAD 493077147473
BAD 493077461147
BAD 493034854343
BAD 493036634183
BAD 493083400367
BAD 493003312489
BAD 493085905733
BAD 493006154803
BAD 493006154843
BAD 493007730277
BAD 493007730289
BAD 493007730437
BAD 493008106777
BAD 493008106781
BAD 493008106783
BAD 493090467383
BAD 493010762539
BAD 493092119593
BAD 493092302701
BAD 493092649691
BAD 493093068151
BAD 493093616063
BAD 493093616069
BAD 493206388699
BAD 493206415433
BAD 493015242463
BAD 493097810173
BAD 493097810209
BAD 493207745461
BAD 493207965091
BAD 493207965113
BAD 493106597317
BAD 493016573527
BAD 493016573563
BAD 493099805089
BAD 493120777213
BAD 493120777217
BAD 493121056277
BAD 493121056279
BAD 493140492227
BAD 493209505447
BAD 492993520193
BAD 493121742713
BAD 493140670681
BAD 492993520199
BAD 493140670753
BAD 493140706673
BAD 493140706679
BAD 493140706687
BAD 492963994997
BAD 492963995011
BAD 493101560071
BAD 493210634269
BAD 492964165739
BAD 492964165741
BAD 493101893131
BAD 493211094989
BAD 493211094991
BAD 493211094997
BAD 492994289119
BAD 492965058043
BAD 493103156899
BAD 492965691793
BAD 492965691797
BAD 493213793777
BAD 492965991923
BAD 493113505967
BAD 493195457903
BAD 493125952951
BAD 493125990653
BAD 493113804377
BAD 493145058283
BAD 493126499717
BAD 493197037301
BAD 493197037303
BAD 493170937559
BAD 493215929677
BAD 493215929681
BAD 493215929683
BAD 493215929693
BAD 493115607013
BAD 492998042461
BAD 493171436801
BAD 493171436803
BAD 493146664111
BAD 493147525399
BAD 493148377963
BAD 493000263047
BAD 493119075587
BAD 493149882343
BAD 493149882347
BAD 493132527851
BAD 493151436433
BAD 493151436473
BAD 493151436487
BAD 493151436541
BAD 493002556369
BAD 493002556391
BAD 493002556393
BAD 493002556399
BAD 493181775913
BAD 493186027427
BAD 493186027429
BAD 493186537937
BAD 493186537939
BAD 493263600163
BAD 493263600173
BAD 493264257049
BAD 493161145591
BAD 493161145637
BAD 493161145639
BAD 493264887637
BAD 493168313993
BAD 493170755537
BAD 493222937071
BAD 493227043711
BAD 493233884749
BAD 493237925647
BAD 493274167171
BAD 493240273793
BAD 493240273811
BAD 493240794983
BAD 493277074663
BAD 493242072241
BAD 493278193217
BAD 493278193223
BAD 493244061983
BAD 493245014419
BAD 493245753761
BAD 493280564929
BAD 493248326149
BAD 493282273951
BAD 493282273961
BAD 493282273963
BAD 493287122063
BAD 493307002781
BAD 493308378529
BAD 493311076991
BAD 493311809957
BAD 493311809959
BAD 493338928207
BAD 493338928261
BAD 493340028301
BAD 493341265433
BAD 493341627589
BAD 493341627593
BAD 493342141183
BAD 493319800459
BAD 493319999023
BAD 493346931463
BAD 493347464383
BAD 493347464431
BAD 493349036483
BAD 493351207579
BAD 493321921249
BAD 493322110363
BAD 493352679653
BAD 493323930233
BAD 493326809791
BAD 493328431793
BAD 493330203671
BAD 493330203673
BAD 493338085367
BAD 493288872599
BAD 493293271069
BAD 493297035691
BAD 493356768571
BAD 493357408639
BAD 493357408651
BAD 493303051867
BAD 493304469277
BAD 493304469313
BAD 493360503971
BAD 493360503973
BAD 493360503983
BAD 493362268813
BAD 493362878647
BAD 493365554117
BAD 493366312667
BAD 493366312669
BAD 493366312711
BAD 493368342679
BAD 493368342683
BAD 493372141417
BAD 493372141421
BAD 493372141429
BAD 493592684887
BAD 493593111343
BAD 493593137381
BAD 493372380989
BAD 493372381003
BAD 493372381009
BAD 493372381013
BAD 493372381031
BAD 493372381043
BAD 493372864741
BAD 493597342349
BAD 493597342351
BAD 493597924177
BAD 493597924181
BAD 493599054547
BAD 493375582801
BAD 493525317211
BAD 493525317217
BAD 493525317227
BAD 493600596443
BAD 493601594971
BAD 493601594977
BAD 493603430251
BAD 493528609253
BAD 493528609261
BAD 493529254373
BAD 493379441617
BAD 493379441623
BAD 493605096043
BAD 493606549441
BAD 493382720923
BAD 493384233367
BAD 493384233373
BAD 493384771813
BAD 493386010199
BAD 493386575263
BAD 493539928291
BAD 493409530387
BAD 493410536147
BAD 493410536149
BAD 493415554711
BAD 493415602663
BAD 493417776227
BAD 493417776251
BAD 493418163463
BAD 493423650721
BAD 493391907737
BAD 493391907739
BAD 493391907751
BAD 493425469879
BAD 493426708409
BAD 493428228431
BAD 493428228439
BAD 493428228443
BAD 493428228457
BAD 493430068433
BAD 493396734949
BAD 493433500019
BAD 493400315843
BAD 493541193473
BAD 493439956469
BAD 493440056429
BAD 493473194807
BAD 493441319479
BAD 493441387729
BAD 493473778229
BAD 493442102513
BAD 493545786781
BAD 493475367239
BAD 493547367673
BAD 493547367679
BAD 493489922747
BAD 493489922749
BAD 493490456429
BAD 493456969697
BAD 493445371193
BAD 493445371201
BAD 493445371213
BAD 493549882183
BAD 493549882193
BAD 493446743513
BAD 493479863197
BAD 493551174223
BAD 493607712823
BAD 493607712827
BAD 493480942337
BAD 493448491273
BAD 493448491279
BAD 493496274311
BAD 493460910491
BAD 493497324301
BAD 493497324317
BAD 493554019043
BAD 493554019051
BAD 493498241617
BAD 493498241623
BAD 493498241629
BAD 493498543357
BAD 493483193789
BAD 493464233083
BAD 493558910503
BAD 493464233089
BAD 493577268421
BAD 493577268463
BAD 493483732243
BAD 493483732351
BAD 493514926577
BAD 493465468567
BAD 493515335701
BAD 493485258647
BAD 493485258649
BAD 493579519463
BAD 493579519469
BAD 493579519471
BAD 493579519483
BAD 493579519487
BAD 493614396557
BAD 493455377647
BAD 493467795661
BAD 493487634097
BAD 493581397039
BAD 493581397051
BAD 493581397103
BAD 493581397289
BAD 493581397291
BAD 493488781189
BAD 493488781211
BAD 493617648397
BAD 493470312211
BAD 493470312217
BAD 493617809183
BAD 493584156623
BAD 493618597669
BAD 493618597673
BAD 493618597711
BAD 493619342179
BAD 493586148817
BAD 493571570731
BAD 493572901463
BAD 493676730377
BAD 493682657453
BAD 493686513653
BAD 493686513673
BAD 493686805693
BAD 493686977057
BAD 493686977059
BAD 493686977081
BAD 493686977083
BAD 493686977093
BAD 493688055409
BAD 493626871921
BAD 493629878983
BAD 493630756987
BAD 493642025843
BAD 493640544127
BAD 493644806659
BAD 493648195081
BAD 493648195087
BAD 493649491607
BAD 493649491609
BAD 493650757583
BAD 493650757609
BAD 493651468111
BAD 493656741901
BAD 493656741911
BAD 493658143567
BAD 493658143571
BAD 493659188699
BAD 493662781523
BAD 493662781537
BAD 493662781553
BAD 493668540587
BAD 493691568613
BAD 493696707619
BAD 493696707743
BAD 493696882561
BAD 493697736509
BAD 493699362733
BAD 493700345917
BAD 493706853643
BAD 493707862331
BAD 493709581997
BAD 493709581999
BAD 493712089163
BAD 493713977209
BAD 493714364519
BAD 493720088011
BAD 493777116761
BAD 493777601963
BAD 493741795279
BAD 493741795291
BAD 493744598299
BAD 493744669729
BAD 493784276473
BAD 493746633733
BAD 493746633749
BAD 493748071261
BAD 493748559287
BAD 493748559289
BAD 493750081579
BAD 493750943563
BAD 493758408653
BAD 493758408659
BAD 493758550399
BAD 493785761179
BAD 493785761239
BAD 493785761257
BAD 493759572013
BAD 493759662811
BAD 493760005339
BAD 493788016133
BAD 493788016153
BAD 493788256223
BAD 493764338519
BAD 493764824687
BAD 493765195019
BAD 493767270649
BAD 493768445047
BAD 493771906819
BAD 493757529841
BAD 493774696133
BAD 493811432633
BAD 493812296083
BAD 493727773393
BAD 493728398573
BAD 493729510073
BAD 493735224649
BAD 493735224691
BAD 493821791173
BAD 493821791179
BAD 493822285279
BAD 493822285283
BAD 493736000809
BAD 493736000819
BAD 493822740391
BAD 493822740407
BAD 493822740409
BAD 493823426587
BAD 493740015751
BAD 493961015803
BAD 493961890537
BAD 493962108239
BAD 493965460057
BAD 493965460061
BAD 493967459693
BAD 493967459701
BAD 493978995343
BAD 493978995347
BAD 493978995353
BAD 493978995361
BAD 493980194453
BAD 493980194509
BAD 493985564327
BAD 494027222063
BAD 494028810497
BAD 493990640723
BAD 494030584519
BAD 493991159119
BAD 493991441063
BAD 493849836289
BAD 494037288109
BAD 494037657739
BAD 494039570071
BAD 493830850913
BAD 494041053211
BAD 494010871231
BAD 494011802203
BAD 494011802213
BAD 494011955677
BAD 494011955681
BAD 493860664603
BAD 494012758573
BAD 494013320477
BAD 493834105343
BAD 493834105351
BAD 493836441953
BAD 493836441961
BAD 493836441971
BAD 493864875479
BAD 493864875481
BAD 493864875503
BAD 494017131613
BAD 493794206341
BAD 493795056343
BAD 493795056347
BAD 493866563903
BAD 493866563917
BAD 493796133847
BAD 493838728249
BAD 493797704767
BAD 493869269149
BAD 493798991611
BAD 493798991617
BAD 493871077813
BAD 493872435703
BAD 494026358113
BAD 494026358117
BAD 493803355819
BAD 493803355823
BAD 493803355831
BAD 493806357439
BAD 493808011133
BAD 494060849239
BAD 494060849251
BAD 494060849257
BAD 494061766421
BAD 494061766423
BAD 494061766483
BAD 493947015613
BAD 494064836081
BAD 493993134799
BAD 493893615679
BAD 493994582849
BAD 493994582881
BAD 493994582903
BAD 493948637503
BAD 493949712569
BAD 493933287349
BAD 493933287377
BAD 494067125401
BAD 493995890657
BAD 493995890659
BAD 493995890681
BAD 493995890683
BAD 493949944073
BAD 493949944099
BAD 493949973877
BAD 493950365837
BAD 494068148401
BAD 494068148407
BAD 494068148411
BAD 493996991993
BAD 493951445683
BAD 493951683263
BAD 493897309211
BAD 493936976557
BAD 493937295623
BAD 493954580993
BAD 493898200447
BAD 494071446493
BAD 493939932859
BAD 494071872751
BAD 494071872761
BAD 494003150153
BAD 493898733473
BAD 494003419163
BAD 494003419291
BAD 494003664073
BAD 494003664083
BAD 493942569511
BAD 494075128013
BAD 494075128021
BAD 494008210681
BAD 494008210753
BAD 494008210769
BAD 494008210771
BAD 493905984337
BAD 493906341713
BAD 493911293723
BAD 493911293753
BAD 493915127743
BAD 493915127747
BAD 493915543213
BAD 493915543217
BAD 493915543223
BAD 494044363097
BAD 494045695639
BAD 493920836509
BAD 493923800611
BAD 494053898549
BAD 494053898551
BAD 493876031549
BAD 493876031557
BAD 493877752607
BAD 493877752609
BAD 493883081569
BAD 493884625943
BAD 493886355383
BAD 493886355397
BAD 493886355407
BAD 493890579467
BAD 494096340827
BAD 494102699569
BAD 494102915029
BAD 494104308199
BAD 494105197321
BAD 494105197343
BAD 494107356629
BAD 494079416543
BAD 494082760273
BAD 494082804367
BAD 494082804373
BAD 494082804377
BAD 494111187733
BAD 494112295637
BAD 494112295639
BAD 494113121731
BAD 494113121737
BAD 494113121741
BAD 494113121743
BAD 494113121759
BAD 494114914877
BAD 494116254923
BAD 494087042473
BAD 494087915393
BAD 494087915401
BAD 494089583909
BAD 494161866629
BAD 494165143279
BAD 494166904183
BAD 494122388341
BAD 494172614303
BAD 494173132603
BAD 494176461313
BAD 494127541309
BAD 494127541339
BAD 494131364411
BAD 494132261477
BAD 494132261479
BAD 494135014913
BAD 494138305967
BAD 494139156883
BAD 494141289799
BAD 494146548971
BAD 494147967151
BAD 494153345443
BAD 494153889731
BAD 494153889743
BAD 494153889751
BAD 494153889769
BAD 494156215523
BAD 494157700979
BAD 494157700999
BAD 494212128667
BAD 494159348621
BAD 494214027221
BAD 494219226847
BAD 494219490707
BAD 494220149519
BAD 494183190379
BAD 494183190383
BAD 494226386351
BAD 494227517513
BAD 494188988597
BAD 494188988617
BAD 494193232249
BAD 494194697881
BAD 494194946761
BAD 494197335409
BAD 494197335413
BAD 494197335493
BAD 494198883359
BAD 494198883361
BAD 494262186713
BAD 494262186727
BAD 494262750001
BAD 494263198999
BAD 494263199011
BAD 494263219129
BAD 494263219159
BAD 494205114941
BAD 494205114943
BAD 494205512477
BAD 494208984601
BAD 494268691951
BAD 494268691957
BAD 494269657187
BAD 494269657201
BAD 494248565191
BAD 494280843893
BAD 494280843907
BAD 494280843911
BAD 494296574341
BAD 494251411141
BAD 494251411153
BAD 494251461097
BAD 494301087199
BAD 494301213467
BAD 494288477261
BAD 494304547171
BAD 494304547183
BAD 494291713849
BAD 494260112191
BAD 494294833861
BAD 494310038323
BAD 494310038329
BAD 494380761943
BAD 494383793663
BAD 494387110039
BAD 494388606457
BAD 494388606463
BAD 494388606589
BAD 494390075177
BAD 494390879141
BAD 494391795349
BAD 494393302037
BAD 494393302043
BAD 494393315183
BAD 494229753569
BAD 494229753571
BAD 494233272233
BAD 494235240937
BAD 494332933837
BAD 494332933847
BAD 494332933849
BAD 494333420327
BAD 494333420333
BAD 494333667469
BAD 494347157929
BAD 494348025859
BAD 494335983391
BAD 494241426961
BAD 494241953941
BAD 494242482749
BAD 494242482751
BAD 494452781063
BAD 494351563711
BAD 494351893801
BAD 494454543361
BAD 494340359923
BAD 494455202677
BAD 494354678183
BAD 494354777933
BAD 494354777941
BAD 494457143459
BAD 494457143461
BAD 494359339373
BAD 494359339393
BAD 494360973061
BAD 494364846307
BAD 494414989111
BAD 494417119019
BAD 494421584431
BAD 494422346179
BAD 494422346183
BAD 494373881803
BAD 494427234121
BAD 494403642059
BAD 494471786491
BAD 494407334303
BAD 494407950661
BAD 494473253119
BAD 494475535369
BAD 494478235343
BAD 494313438263
BAD 494313438379
BAD 494313456961
BAD 494313628597
BAD 494313628603
BAD 494313921659
BAD 494317808213
BAD 494318717623
BAD 494320539553
BAD 494325071047
BAD 494439427957
BAD 494513126843
BAD 494514885149
BAD 494514885173
BAD 494521896707
BAD 494521896709
BAD 494522140561
BAD 494523905191
BAD 494507900041
BAD 494507900053
BAD 494507900057
BAD 494507900059
BAD 494510987431
BAD 494530521647
BAD 494530521649
BAD 494531153143
BAD 494531153153
BAD 494532901637
BAD 494537009069
BAD 494540854603
BAD 494540854607
BAD 494541348883
BAD 494541541651
BAD 494584061641
BAD 494589251641
BAD 494589262543
BAD 494589262547
BAD 494592042323
BAD 494592845953
BAD 494601285691
BAD 494604829877
BAD 494604829879
BAD 494604829933
BAD 494563719079
BAD 494565408377
BAD 494565809377
BAD 494607631549
BAD 494608339129
BAD 494569929211
BAD 494569929283
BAD 494613542791
BAD 494613542807
BAD 494613542809
BAD 494576046817
BAD 494576046821
BAD 494576046823
BAD 494578077373
BAD 494547633157
BAD 494547633163
BAD 494548587913
BAD 494548928459
BAD 494552366977
BAD 494552734553
BAD 494556705583
BAD 494556705619
BAD 494562294773
BAD 494563364657
BAD 494563364663
BAD 494617478767
BAD 494620108141
BAD 494621409397
BAD 494623681249
BAD 494648274983
BAD 494623780969
BAD 494623780999
BAD 494652619459
BAD 494625415567
BAD 494655717053
BAD 494656373279
BAD 494656373287
BAD 494661214147
BAD 494661214171
BAD 494670273353
BAD 494670645083
BAD 494671294321
BAD 494671294333
BAD 494671294357
BAD 494672308093
BAD 494672308121
BAD 494751875987
BAD 494753142749
BAD 494754141769
BAD 494754141773
BAD 494757346673
BAD 494761014967
BAD 494761014973
BAD 494635871021
BAD 494761014977
BAD 494636167933
BAD 494636167943
BAD 494636391811
BAD 494636391857
BAD 494636391859
BAD 494637412447
BAD 494637915323
BAD 494640716839
BAD 494642664091
BAD 494681940451
BAD 494643692183
BAD 494865842609
BAD 494867430347
BAD 494686423157
BAD 494647235647
BAD 494647235651
BAD 494647235653
BAD 494868670931
BAD 494765780153
BAD 494687739467
BAD 494767519073
BAD 494770518997
BAD 494770519003
BAD 494770929349
BAD 494770929353
BAD 494770943353
BAD 494770943357
BAD 494874185209
BAD 494692266559
BAD 494874185227
BAD 494775705833
BAD 494692266569
BAD 494692266571
BAD 494775705839
BAD 494775705841
BAD 494877305669
BAD 494778291353
BAD 494695695503
BAD 494781083611
BAD 494697463231
BAD 494858194703
BAD 494859015529
BAD 494862991031
BAD 494862991033
BAD 494862991043
BAD 494864508737
BAD 494864508739
BAD 494781812053
BAD 494781812069
BAD 494781812071
BAD 494732964679
BAD 494733900253
BAD 494734153127
BAD 494734153129
BAD 494734153169
BAD 494734153171
BAD 494736599671
BAD 494737193791
BAD 494790614431
BAD 494737193837
BAD 494737193843
BAD 494737193849
BAD 494737193851
BAD 494737193911
BAD 494737193921
BAD 494794508783
BAD 494795832871
BAD 494818030181
BAD 494818030183
BAD 494818459913
BAD 494746556221
BAD 494747570983
BAD 494824110971
BAD 494824110973
BAD 494827608083
BAD 494829153361
BAD 494829153367
BAD 494717931919
BAD 494799232013
BAD 494723304877
BAD 494723304883
BAD 494801837239
BAD 494802743371
BAD 494726119859
BAD 494726119861
BAD 494699874113
BAD 494700552343
BAD 494808070069
BAD 494836500421
BAD 494836500449
BAD 494836500451
BAD 494705251763
BAD 494706198431
BAD 494706337919
BAD 494706337921
BAD 494707115893
BAD 494841435553
BAD 494841435559
BAD 494842113211
BAD 494708067991
BAD 494708068037
BAD 494708068039
BAD 494708068073
BAD 494843482747
BAD 494844720631
BAD 494846867401
BAD 494713501981
BAD 494883208777
BAD 494884792579
BAD 494884792583
BAD 494887769041
BAD 494894488273
BAD 494896569067
BAD 494904363847
BAD 494898378991
BAD 494905349027
BAD 494917460701
BAD 494911022429
BAD 494922505853
BAD 494924480033
BAD 494913810709
BAD 494914005181
BAD 494914005193
BAD 494914005233
BAD 494925449729
BAD 494928607939
BAD 494928607973
BAD 494928607981
BAD 494930998273
BAD 494967925013
BAD 494970468061
BAD 494970468067
BAD 494974637693
BAD 494976178163
BAD 494976811253
BAD 494977988983
BAD 494978976047
BAD 494978976049
BAD 494989127713
BAD 494989848413
BAD 494989848421
BAD 494981646043
BAD 494998881803
BAD 494999176297
BAD 494952089551
BAD 494954639713
BAD 494959452961
BAD 494961396107
BAD 494940950899
BAD 494961396109
BAD 494961396113
BAD 494943302839
BAD 494945139449
BAD 494945555969
BAD 495067901443
BAD 495069785191
BAD 495073471331
BAD 495075108097
BAD 495075108139
BAD 495075108161
BAD 495075108163
BAD 495075266761
BAD 495085582403
BAD 495088322633
BAD 495089828803
BAD 495090167287
BAD 495090167291
BAD 495090167293
BAD 495080519293
BAD 495080519299
BAD 495083359937
BAD 495096136099
BAD 495096136111
BAD 495096136127
BAD 495137287669
BAD 495137287681
BAD 495137845781
BAD 495138023701
BAD 495138023707
BAD 495138156833
BAD 495139312463
BAD 495099408511
BAD 495144160129
BAD 495001922053
BAD 495001922087
BAD 495001922089
BAD 495007557959
BAD 495008333177
BAD 495008333179
BAD 495008389727
BAD 495008546567
BAD 495008546569
BAD 495008546573
BAD 495015290911
BAD 495112042837
BAD 495112042853
BAD 495113175707
BAD 495113175709
BAD 495113175737
BAD 495113175763
BAD 495025084171
BAD 495117036451
BAD 495157728361
BAD 495030690379
BAD 495030850553
BAD 495159048929
BAD 495159048931
BAD 495032063891
BAD 495032063893
BAD 495161947627
BAD 495174544099
BAD 495179468933
BAD 495037139251
BAD 495223523209
BAD 495230010403
BAD 495230010413
BAD 495231654391
BAD 495050297881
BAD 495050564479
BAD 495050564483
BAD 495232656953
BAD 495052806803
BAD 495052913029
BAD 495055644157
BAD 495055644163
BAD 495055644169
BAD 495055644173
BAD 495055711823
BAD 495056294933
BAD 495057191801
BAD 495058970753
BAD 495117438377
BAD 495117438379
BAD 495119398237
BAD 495119398259
BAD 495119398261
BAD 495119398289
BAD 495119398297
BAD 495119877827
BAD 495119877829
BAD 495120413107
BAD 495120413113
BAD 495121373707
BAD 495064201223
BAD 495064201231
BAD 495064637167
BAD 495206963971
BAD 495234521569
BAD 495208634029
BAD 495210250207
BAD 495210250211
BAD 495210250217
BAD 495210250219
BAD 495210250253
BAD 495210392713
BAD 495127607813
BAD 495128524889
BAD 495128524897
BAD 495128524901
BAD 495128524939
BAD 495214785391
BAD 495214785397
BAD 495241472417
BAD 495216648863
BAD 495132051527
BAD 495132051529
BAD 495132051563
BAD 495132051571
BAD 495132051577
BAD 495248584969
BAD 495248584973
BAD 495268822051
BAD 495268822133
BAD 495269600701
BAD 495271864303
BAD 495271864403
BAD 495186417343
BAD 495186417353
BAD 495187781597
BAD 495278075449
BAD 495189543421
BAD 495190626079
BAD 495195422509
BAD 495197137471
BAD 495197240809
BAD 495198133823
BAD 495198245273
BAD 495252732199
BAD 495253842563
BAD 495254542381
BAD 495304562911
BAD 495304562917
BAD 495304999999
BAD 495262266533
BAD 495309461093
BAD 495309461099
BAD 495326956133
BAD 495326956153
BAD 495326956169
BAD 495326956171
BAD 495328618867
BAD 495330139523
BAD 495334158523
BAD 495285594961
BAD 495289434889
BAD 495292692793
BAD 495298990297
BAD 495298990331
BAD 495337984067
BAD 495337984069
BAD 495337984087
BAD 495345232483
BAD 495345232489
BAD 495348523591
BAD 495348523603
BAD 495348523609
BAD 495348523619
BAD 495386207153
BAD 495386207191
BAD 495386502439
BAD 495388240183
BAD 495371818609
BAD 495372714301
BAD 495396575299
BAD 495396575329
BAD 495376683673
BAD 495376683677
BAD 495376683679
BAD 495352711439
BAD 495397336081
BAD 495397336087
BAD 495381795211
BAD 495381795221
BAD 495401140097
BAD 495401140099
BAD 495401140103
BAD 495384741517
BAD 495356046571
BAD 495401538143
BAD 495361606723
BAD 495364088567
BAD 495439811233
BAD 495439811239
BAD 495439811249
BAD 495439811261
BAD 495444885227
BAD 495444885233
BAD 495449968823
BAD 495451179589
BAD 495451227589
BAD 495452191547
BAD 495406388401
BAD 495406392659
BAD 495406392661
BAD 495406392667
BAD 495406392683
BAD 495415242271
BAD 495415242277
BAD 495487702321
BAD 495456222143
BAD 495491818373
BAD 495457891703
BAD 495457891729
BAD 495458234023
BAD 495494134783
BAD 495494134789
BAD 495494747227
BAD 495494990119
BAD 495494990131
BAD 495496045909
BAD 495496045931
BAD 495496045951
BAD 495496045973
BAD 495497381809
BAD 495463318333
BAD 495500743847
BAD 495469296143
BAD 495522644753
BAD 495522644759
BAD 495522644761
BAD 495522644767
BAD 495523567969
BAD 495525061081
BAD 495525305147
BAD 495509027491
BAD 495526565873
BAD 495509698639
BAD 495510792901
BAD 495419399483
BAD 495528822253
BAD 495530235241
BAD 495538964023
BAD 495530742199
BAD 495530742211
BAD 495532271251
BAD 495420921487
BAD 495533873843
BAD 495543235793
BAD 495553722793
BAD 495543599569
BAD 495518750003
BAD 495519700471
BAD 495545976839
BAD 495545976841
BAD 495545976853
BAD 495545976859
BAD 495422754433
BAD 495558533581
BAD 495558814613
BAD 495425029303
BAD 495563307077
BAD 495563307079
BAD 495563307091
BAD 495567979111
BAD 495432319441
BAD 495432628729
BAD 495434105333
BAD 495620571227
BAD 495624676667
BAD 495624676669
BAD 495476582989
BAD 495476732299
BAD 495628502927
BAD 495628502933
BAD 495628856179
BAD 495629726261
BAD 495630285889
BAD 495630285893
BAD 495480961643
BAD 495630686737
BAD 495630759067
BAD 495634961467
BAD 495636659941
BAD 495636844819
BAD 495589140517
BAD 495589140521
BAD 495589140523
BAD 495591275587
BAD 495593537501
BAD 495593776439
BAD 495593960021
BAD 495593960023
BAD 495596981381
BAD 495570955409
BAD 495601861927
BAD 495601861939
BAD 495603373253
BAD 495689281123
BAD 495689281133
BAD 495692699407
BAD 495583192759
BAD 495583192763
BAD 495693080851
BAD 495639087247
BAD 495693736763
BAD 495639561961
BAD 495694763147
BAD 495694763149
BAD 495694763153
BAD 495641342857
BAD 495641342863
BAD 495641569559
BAD 495705670463
BAD 495642066793
BAD 495642945803
BAD 495643686767
BAD 495643686773
BAD 495707592661
BAD 495644075137
BAD 495644075141
BAD 495644255693
BAD 495644255707
BAD 495644255713
BAD 495711251071
BAD 495698524339
BAD 495698524357
BAD 495698524403
BAD 495713112551
BAD 495713112553
BAD 495713112563
BAD 495713112571
BAD 495713112593
BAD 495713112647
BAD 495713112649
BAD 495699439793
BAD 495702707791
BAD 495702707813
BAD 495653834449
BAD 495605401633
BAD 495605401639
BAD 495614149939
BAD 495617436289
BAD 495722310203
BAD 495676210877
BAD 495676210879
BAD 495725404843
BAD 495725404847
BAD 495725404849
BAD 495725972281
BAD 495677958169
BAD 495677958173
BAD 495678099109
BAD 495678099113
BAD 495678099121
BAD 495730935211
BAD 495731243633
BAD 495731243641
BAD 495731401387
BAD 495732009457
BAD 495734400589
BAD 495687212773
BAD 495736773683
BAD 495736773689
BAD 495662138311
BAD 495662259283
BAD 495662324477
BAD 495665204207
BAD 495793513157
BAD 495794214599
BAD 495796054541
BAD 495796054543
BAD 495797846993
BAD 495798556489
BAD 495799779847
BAD 495799779851
BAD 495799779859
BAD 495799779863
BAD 495799832303
BAD 495799832309
BAD 495803080189
BAD 495803080291
BAD 495743161117
BAD 495755888569
BAD 495751553291
BAD 495759839171
BAD 495759839173
BAD 495760121629
BAD 495761714113
BAD 495761714117
BAD 495761714131
BAD 495761714137
BAD 495761978731
BAD 495762976999
BAD 495764335603
BAD 495773084483
BAD 495775119233
BAD 495775906271
BAD 495768813361
BAD 495768813373
BAD 495768813383
BAD 495768813389
BAD 495768813391
BAD 495781700443
BAD 495782005657
BAD 495782170339
BAD 495770496233
BAD 495770865229
BAD 495826712477
BAD 495826712503
BAD 495827008151
BAD 495827008153
BAD 495829528969
BAD 495829528973
BAD 495831265057
BAD 495831265063
BAD 495834871243
BAD 495836922257
BAD 495838250041
BAD 495843500573
BAD 495844453217
BAD 495844453219
BAD 495849326851
BAD 495849326857
BAD 495855474113
BAD 495855474119
BAD 495856285823
BAD 495856637539
BAD 495850440829
BAD 495851302381
BAD 495957434521
BAD 495853371553
BAD 495861235367
BAD 495889045409
BAD 495893226931
BAD 495893406391
BAD 495864780907
BAD 495864780919
BAD 495877163161
BAD 495960998089
BAD 495895835507
BAD 495895835509
BAD 495870097427
BAD 495941984807
BAD 495941984809
BAD 495882369683
BAD 495964845899
BAD 495883985843
BAD 495884212321
BAD 495901515829
BAD 495901515841
BAD 495901515847
BAD 495901515853
BAD 495908513707
BAD 495908513713
BAD 495908594983
BAD 495908595019
BAD 495967805317
BAD 495904188869
BAD 495967843381
BAD 495904476763
BAD 495904476779
BAD 495968707547
BAD 495808884601
BAD 495808884629
BAD 495808884631
BAD 495970712647
BAD 495810342557
BAD 495972257269
BAD 495972257273
BAD 495913648987
BAD 495913648991
BAD 495812986261
BAD 495812986307
BAD 495812986309
BAD 495812986313
BAD 495952601281
BAD 495953085161
BAD 495916020799
BAD 495916106909
BAD 495916106911
BAD 495953204833
BAD 495916106929
BAD 495916107031
BAD 495953204839
BAD 495953204843
BAD 495953429929
BAD 495953571413
BAD 495953571419
BAD 495953571427
BAD 495916748339
BAD 495916928093
BAD 495916928099
BAD 495815496931
BAD 495919851667
BAD 495919851671
BAD 495919851673
BAD 495919997191
BAD 495919997233
BAD 495919997239
BAD 495818537411
BAD 495818537413
BAD 495922691923
BAD 495932283193
BAD 495936658249
BAD 495936658253
BAD 495938874679
BAD 495979441387
BAD 495979441393
BAD 495981508313
BAD 495983926237
BAD 495984814267
BAD 495988426411
BAD 495988426433
BAD 496048344643
BAD 496023562277
BAD 496055417521
BAD 496056354953
BAD 496031082853
BAD 496034502581
BAD 496038525403
BAD 496038525443
BAD 496038525449
BAD 496038538213
BAD 496038538217
BAD 496060380317
BAD 496060380323
BAD 496060380331
BAD 496060380337
BAD 496061281369
BAD 496062188603
BAD 496009735579
BAD 496064311163
BAD 496064311207
BAD 496064311219
BAD 496066220423
BAD 496069033193
BAD 496014468023
BAD 496014468029
BAD 496014468031
BAD 496016851441
BAD 496076412991
BAD 496018292989
BAD 496020892519
BAD 496079961919
BAD 496079961953
BAD 496022812741
BAD 495991308847
BAD 495991308853
BAD 495991308859
BAD 495991308863
BAD 495991308881
BAD 495992229937
BAD 495993713101
BAD 495996138691
BAD 495996138721
BAD 495996663983
BAD 495998627339
BAD 495999687277
BAD 496087395319
BAD 496087395421
BAD 496002022973
BAD 496193815597
BAD 496195862093
BAD 496160010169
BAD 496160010173
BAD 496149349253
BAD 496150679117
BAD 496150679119
BAD 496151344543
BAD 496152732017
BAD 496163767283
BAD 496154460187
BAD 496199000243
BAD 496199000249
BAD 496199000251
BAD 496165935553
BAD 496165935557
BAD 496168640827
BAD 496203598327
BAD 496203598333
BAD 496170899153
BAD 496173794131
BAD 496173794143
BAD 496090435231
BAD 496090798141
BAD 496090798193
BAD 496091122309
BAD 496093059367
BAD 496094564591
BAD 496094564593
BAD 496094564597
BAD 496094564599
BAD 496097343551
BAD 496099417211
BAD 496099417213
BAD 496099417223
BAD 496175136047
BAD 496175136049
BAD 496177712651
BAD 496103584369
BAD 496179857881
BAD 496106258983
BAD 496106259007
BAD 496111503553
BAD 496182299323
BAD 496182299329
BAD 496185020293
BAD 496125683329
BAD 496127900209
BAD 496115690051
BAD 496128711623
BAD 496128989479
BAD 496128989483
BAD 496129641533
BAD 496130566433
BAD 496130883043
BAD 496131001799
BAD 496131001801
BAD 496131001811
BAD 496134748429
BAD 496135244303
BAD 496136278877
BAD 496136278879
BAD 496122872059
BAD 496209917513
BAD 496209917521
BAD 496213828237
BAD 496217179373
BAD 496217179387
BAD 496217555971
BAD 496218916649
BAD 496309340347
BAD 496219969283
BAD 496311928513
BAD 496320565441
BAD 496361384383
BAD 496361384447
BAD 496323687803
BAD 496364129363
BAD 496298500807
BAD 496364926709
BAD 496364926711
BAD 496366333301
BAD 496366333303
BAD 496367962537
BAD 496368160381
BAD 496302781043
BAD 496304533759
BAD 496370731531
BAD 496373443933
BAD 496373443939
BAD 496374039779
BAD 496374039781
BAD 496374039787
BAD 496228758401
BAD 496229729843
BAD 496229729851
BAD 496233899269
BAD 496233899281
BAD 496235744539
BAD 496274688913
BAD 496274688919
BAD 496274688929
BAD 496343883499
BAD 496343888191
BAD 496344197663
BAD 496344197689
BAD 496344197693
BAD 496344421877
BAD 496393391213
BAD 496347775901
BAD 496348100363
BAD 496348100371
BAD 496348100383
BAD 496280936017
BAD 496282077623
BAD 496350413309
BAD 496350413333
BAD 496283392643
BAD 496351310473
BAD 496283777081
BAD 496283777083
BAD 496400095621
BAD 496352191067
BAD 496285224781
BAD 496411911397
BAD 496411911403
BAD 496411911419
BAD 496411911421
BAD 496411911427
BAD 496243657111
BAD 496358199817
BAD 496404766471
BAD 496414946899
BAD 496337095889
BAD 496358345333
BAD 496415419373
BAD 496291349473
BAD 496291349483
BAD 496246474501
BAD 496417920407
BAD 496417920409
BAD 496246749871
BAD 496341544561
BAD 496419880673
BAD 496419880681
BAD 496250125009
BAD 496260777017
BAD 496423726483
BAD 496265133083
BAD 496256739203
BAD 496266644417
BAD 496266981677
BAD 496267213483
BAD 496268465989
BAD 496268465999
BAD 496273657219
BAD 496273657223
BAD 496375945861
BAD 496375945873
BAD 496376777761
BAD 496379575969
BAD 496383594463
BAD 496384459421
BAD 496384903951
BAD 496447399439
BAD 496447399453
BAD 496527565153
BAD 496527565199
BAD 496527565201
BAD 496527565213
BAD 496527565217
BAD 496451928367
BAD 496528565513
BAD 496454226319
BAD 496531802959
BAD 496533851393
BAD 496533851399
BAD 496457924513
BAD 496458102703
BAD 496534875191
BAD 496538486701
BAD 496538486713
BAD 496494749953
BAD 496498428031
BAD 496498428059
BAD 496498428061
BAD 496499192779
BAD 496499192789
BAD 496501392623
BAD 496501594861
BAD 496597539323
BAD 496511290549
BAD 496607937019
BAD 496608081821
BAD 496513651717
BAD 496426499183
BAD 496609566377
BAD 496609566379
BAD 496609566391
BAD 496508164441
BAD 496508823413
BAD 496508823431
BAD 496431717037
BAD 496431717043
BAD 496431717049
BAD 496432098577
BAD 496521292789
BAD 496521292793
BAD 496524633893
BAD 496525353713
BAD 496525353749
BAD 496438973983
BAD 496438974001
BAD 496577081641
BAD 496577770001
BAD 496579338403
BAD 496583897611
BAD 496584131863
BAD 496591351987
BAD 496592625743
BAD 496561942651
BAD 496479257657
BAD 496479552997
BAD 496563334639
BAD 496565667617
BAD 496565845051
BAD 496565845057
BAD 496565845099
BAD 496565845103
BAD 496569870109
BAD 496569870113
BAD 496486917503
BAD 496489745137
BAD 496460102603
BAD 496463412793
BAD 496464084173
BAD 496545356431
BAD 496547227073
BAD 496551817219
BAD 496557796699
BAD 496558809217
BAD 496558975219
BAD 496558975223
BAD 496559488301
BAD 496559514631
BAD 496559514637
BAD 496559514653
BAD 496613626409
BAD 496618925603
BAD 496620968551
BAD 496622340211
BAD 496649558059
BAD 496649558077
BAD 496625679943
BAD 496625679959
BAD 496625679961
BAD 496625679967
BAD 496625679971
BAD 496625679973
BAD 496654953877
BAD 496658762533
BAD 496658762539
BAD 496763067991
BAD 496764912517
BAD 496712728189
BAD 496765873013
BAD 496765978279
BAD 496767555607
BAD 496767555611
BAD 496769105149
BAD 496770917437
BAD 496718881727
BAD 496720091531
BAD 496628517443
BAD 496746596539
BAD 496746596543
BAD 496629654979
BAD 496722404809
BAD 496775703509
BAD 496775703511
BAD 496722997669
BAD 496751406979
BAD 496724037811
BAD 496724225663
BAD 496725062203
BAD 496725388573
BAD 496727628907
BAD 496638672301
BAD 496639961869
BAD 496661748859
BAD 496677413741
BAD 496677413753
BAD 496677413761
BAD 496679149633
BAD 496679409283
BAD 496679409287
BAD 496679409293
BAD 496669453613
BAD 496669453627
BAD 496682020229
BAD 496671102773
BAD 496671722023
BAD 496685188081
BAD 496672943111
BAD 496672943113
BAD 496688269723
BAD 496675788361
BAD 496676313503
BAD 496688968441
BAD 496694003737
BAD 496795860277
BAD 496796042473
BAD 496797695747
BAD 496797695749
BAD 496798216337
BAD 496798216403
BAD 496700773427
BAD 496702832641
BAD 496783862713
BAD 496783928593
BAD 496784635783
BAD 496705642913
BAD 496784739439
BAD 496706367653
BAD 496706650411
BAD 496728446419
BAD 496708120423
BAD 496708120429
BAD 496788098383
BAD 496730501791
BAD 496709287573
BAD 496731000811
BAD 496731820919
BAD 496802831971
BAD 496791568001
BAD 496791568003
BAD 496792173961
BAD 496803958051
BAD 496734149377
BAD 496734149393
BAD 496735514101
BAD 496735514129
BAD 496735966283
BAD 496738548877
BAD 496738604077
BAD 496809727153
BAD 496809727157
BAD 496809727159
BAD 496809727207
BAD 496809727213
BAD 496739532361
BAD 496810059313
BAD 496740404879
BAD 496810494413
BAD 496811615633
BAD 496814120371
BAD 496814120377
BAD 496814508511
BAD 496815049163
BAD 496815971851
BAD 496817945101
BAD 496818630619
BAD 496818650443
BAD 496820369179
BAD 496825460407
BAD 496825460413
BAD 496825460429
BAD 496825460431
BAD 496832823667
BAD 496833520243
BAD 496835037679
BAD 496837326091
BAD 496899201871
BAD 496847419339
BAD 496837884617
BAD 496837884619
BAD 496899977947
BAD 496838642431
BAD 496838642437
BAD 496848722731
BAD 496902054919
BAD 496902054923
BAD 496903485601
BAD 496903485613
BAD 496851798119
BAD 496854005243
BAD 496854005251
BAD 496854005261
BAD 496855151189
BAD 496909666709
BAD 496842441871
BAD 496843455709
BAD 496858712323
BAD 496858712327
BAD 496844361413
BAD 496844708473
BAD 496869696941
BAD 496872968107
BAD 496876883441
BAD 496876883443
BAD 496878393383
BAD 496878393397
BAD 496951941139
BAD 496957741699
BAD 496957741703
BAD 496967533133
BAD 496967533141
BAD 496960078313
BAD 496960078319
BAD 496960547779
BAD 496960547789
BAD 496960547791
BAD 496961165179
BAD 496961756281
BAD 496961756287
BAD 496961756311
BAD 496931959009
BAD 496914532141
BAD 496934833963
BAD 496935736573
BAD 496976574821
BAD 496976574823
BAD 496976574833
BAD 496977032569
BAD 496937118421
BAD 496937118427
BAD 496937196331
BAD 496938386873
BAD 496917725389
BAD 496918113799
BAD 496979253187
BAD 496939816741
BAD 496981890407
BAD 496981890409
BAD 496922913967
BAD 496922913973
BAD 496984214249
BAD 496996859719
BAD 496943865083
BAD 496998936263
BAD 496985211917
BAD 496985211959
BAD 496999759283
BAD 496945225643
BAD 496927910071
BAD 497000518723
BAD 496879428613
BAD 497002481303
BAD 497002481323
BAD 497002481329
BAD 497002481333
BAD 497002481357
BAD 496989372497
BAD 496989372499
BAD 497003794543
BAD 496991397913
BAD 496882286123
BAD 496886503231
BAD 496888955161
BAD 497012845843
BAD 496893211561
BAD 497013076657
BAD 497013076663
BAD 497013581959
BAD 497016554401
BAD 497017283911
BAD 497018387587
BAD 497032589003
BAD 497032769689
BAD 497032769693
BAD 497021613343
BAD 497033128201
BAD 497038499147
BAD 497038499149
BAD 497038499161
BAD 497040989329
BAD 497047131587
BAD 497047131589
BAD 497042866823
BAD 497044498147
BAD 497044498151
BAD 497050404601
BAD 497057074541
BAD 497082885919
BAD 497082885931
BAD 497084638031
BAD 497084638033
BAD 497060191781
BAD 497093863859
BAD 497070900113
BAD 497070900133
BAD 497096586709
BAD 497073170921
BAD 497074555429
BAD 497077541029
BAD 497098067471
BAD 497098948193
BAD 497079244969
BAD 497103353641
BAD 497104140373
BAD 497108476259
BAD 497108476261
BAD 497108476297
BAD 497130633773
BAD 497130633799
BAD 497131082011
BAD 497131082017
BAD 497136532747
BAD 497136532751
BAD 497137815721
BAD 497148291251
BAD 497144693093
BAD 497180927839
BAD 497180927843
BAD 497184572923
BAD 497184962279
BAD 497162953229
BAD 497194909543
BAD 497196644213
BAD 497196995213
BAD 497232057631
BAD 497234067419
BAD 497283024883
BAD 497247902029
BAD 497247902033
BAD 497249557591
BAD 497251007467
BAD 497251069229
BAD 497252851729
BAD 497288546851
BAD 497288596643
BAD 497254047491
BAD 497254047503
BAD 497290820153
BAD 497254959679
BAD 497254959683
BAD 497256766429
BAD 497114983891
BAD 497270062607
BAD 497116014443
BAD 497270062609
BAD 497270062613
BAD 497258856713
BAD 497270634649
BAD 497166456443
BAD 497296893427
BAD 497296893439
BAD 497119140233
BAD 497119305721
BAD 497119305743
BAD 497119305763
BAD 497119868099
BAD 497119868101
BAD 497199009787
BAD 497121325471
BAD 497200936501
BAD 497202592597
BAD 497202592753
BAD 497204113891
BAD 497204113897
BAD 497206867879
BAD 497210786587
BAD 497211411289
BAD 497211569509
BAD 497211569513
BAD 497214785413
BAD 497219786537
BAD 497219916317
BAD 497226145919
BAD 497226145921
BAD 497230656997
BAD 497331886279
BAD 497335735769
BAD 497339938793
BAD 497342150887
BAD 497343001039
BAD 497343502531
BAD 497347631329
BAD 497322388973
BAD 497324570839
BAD 497387924707
BAD 497388157051
BAD 497396942479
BAD 497400511921
BAD 497366198779
BAD 497404446397
BAD 497404446401
BAD 497404446403
BAD 497404446457
BAD 497404446571
BAD 497349068561
BAD 497349068563
BAD 497349068569
BAD 497300937073
BAD 497369687471
BAD 497369687473
BAD 497369687629
BAD 497351029583
BAD 497409198173
BAD 497352398407
BAD 497353215329
BAD 497412385781
BAD 497356323691
BAD 497356323697
BAD 497356323703
BAD 497356323707
BAD 497414254079
BAD 497414254081
BAD 497414254087
BAD 497414295409
BAD 497414670383
BAD 497414707651
BAD 497307288901
BAD 497307908039
BAD 497360980483
BAD 497360980489
BAD 497377420387
BAD 497377420391
BAD 497377596511
BAD 497377596517
BAD 497377643071
BAD 497313746207
BAD 497424405661
BAD 497425314751
BAD 497425635089
BAD 497427882113
BAD 497430166853
BAD 497437140139
BAD 497437140143
BAD 497437270333
BAD 497449254727
BAD 497486031271
BAD 497442023503
BAD 497453308679
BAD 497453308687
BAD 497453371843
BAD 497487879103
BAD 497453989093
BAD 497445371119
BAD 497445997127
BAD 497445997141
BAD 497445997151
BAD 497446097947
BAD 497459992129
BAD 497460339437
BAD 497460646531
BAD 497460646537
BAD 497461530563
BAD 497461530569
BAD 497461530571
BAD 497461530593
BAD 497504199253
BAD 497504432303
BAD 497504432309
BAD 497504432311
BAD 497504432329
BAD 497494593931
BAD 497495278309
BAD 497495278331
BAD 497495278333
BAD 497464211603
BAD 497464211633
BAD 497516234629
BAD 497516964299
BAD 497518594763
BAD 497509013389
BAD 497553603277
BAD 497521092823
BAD 497521092833
BAD 497554571123
BAD 497522939659
BAD 497525690429
BAD 497514625511
BAD 497514625513
BAD 497561955361
BAD 497564897779
BAD 497531061473
BAD 497536070063
BAD 497539637809
BAD 497470030307
BAD 497470030313
BAD 497470059907
BAD 497540522989
BAD 497540523049
BAD 497472361201
BAD 497472675101
BAD 497472675103
BAD 497473489231
BAD 497474658853
BAD 497476361363
BAD 497476361413
BAD 497477359711
BAD 497477399857
BAD 497546572223
BAD 497547754793
BAD 497547754801
BAD 497480156231
BAD 497617403267
BAD 497618583157
BAD 497618583197
BAD 497618583199
BAD 497619806701
BAD 497586407939
BAD 497619806773
BAD 497619806791
BAD 497619806809
BAD 497588510597
BAD 497588678221
BAD 497591640047
BAD 497628026723
BAD 497595984751
BAD 497595984763
BAD 497596337479
BAD 497629318063
BAD 497633279053
BAD 497633279083
BAD 497672152343
BAD 497653315279
BAD 497653315303
BAD 497653315309
BAD 497653510141
BAD 497674151281
BAD 497654487541
BAD 497655140071
BAD 497676892523
BAD 497676892529
BAD 497676892543
BAD 497656095383
BAD 497677546321
BAD 497657405621
BAD 497600935703
BAD 497679407713
BAD 497602182953
BAD 497602419343
BAD 497603039653
BAD 497681227873
BAD 497659431299
BAD 497659431301
BAD 497659431307
BAD 497603461723
BAD 497604927871
BAD 497660509613
BAD 497637190801
BAD 497638320337
BAD 497606566217
BAD 497639095579
BAD 497639888411
BAD 497663201449
BAD 497608489283
BAD 497608757221
BAD 497664144853
BAD 497643503107
BAD 497643503117
BAD 497666056499
BAD 497666056501
BAD 497666056507
BAD 497645824231
BAD 497645824237
BAD 497646292211
BAD 497573451379
BAD 497612469811
BAD 497612469821
BAD 497613641363
BAD 497648134741
BAD 497615802811
BAD 497616631823
BAD 497616631847
BAD 497616631849
BAD 497581041599
BAD 497684312893
BAD 497687574259
BAD 497687873363
BAD 497687873377
BAD 497692110079
BAD 497698689437
BAD 497698689443
BAD 497698689451
BAD 497699170231
BAD 497700215003
BAD 497700215011
BAD 497700215017
BAD 497700215041
BAD 497734439393
BAD 497735062291
BAD 497735062303
BAD 497742666193
BAD 497747892263
BAD 497801410789
BAD 497802554903
BAD 497802554917
BAD 497784808621
BAD 497790422729
BAD 497773442129
BAD 497811068627
BAD 497792805493
BAD 497774604373
BAD 497812816801
BAD 497795116001
BAD 497795972633
BAD 497795988433
BAD 497795988497
BAD 497795988499
BAD 497814755959
BAD 497814791423
BAD 497777680381
BAD 497816352503
BAD 497816352541
BAD 497816484131
BAD 497816484133
BAD 497798753869
BAD 497798753873
BAD 497780105737
BAD 497780105741
BAD 497781237929
BAD 497781237953
BAD 497702051911
BAD 497703514003
BAD 497707879189
BAD 497708907433
BAD 497710406839
BAD 497711664181
BAD 497711664187
BAD 497711865031
BAD 497712514081
BAD 497712514111
BAD 497713430023
BAD 497714042521
BAD 497715786031
BAD 497715853013
BAD 497732135533
BAD 497732135543
BAD 497733086329
BAD 497733565271
BAD 497752474211
BAD 497752474213
BAD 497753224777
BAD 497753224789
BAD 497755128623
BAD 497759336119
BAD 497764315897
BAD 497765969761
BAD 497853193231
BAD 497871679453
BAD 497872231121
BAD 497872231123
BAD 497874374423
BAD 497857271663
BAD 497857822703
BAD 497876486011
BAD 497878425427
BAD 497878425431
BAD 497878425433
BAD 497879644279
BAD 497921400841
BAD 497921400853
BAD 497862531077
BAD 497926986923
BAD 497905384159
BAD 497928248663
BAD 497937032401
BAD 497885628299
BAD 497885628301
BAD 497885628319
BAD 497906486899
BAD 497937915383
BAD 497906766829
BAD 497938389737
BAD 497886290593
BAD 497954176943
BAD 497954176949
BAD 497938712507
BAD 497954753371
BAD 497887153391
BAD 497887153403
BAD 497955275837
BAD 497955275843
BAD 497908111213
BAD 497883697373
BAD 497883697429
BAD 497883697433
BAD 497932644793
BAD 497908502789
BAD 497888132171
BAD 497888132173
BAD 497884812013
BAD 497884812017
BAD 497884833833
BAD 497888595571
BAD 497888595577
BAD 497941327033
BAD 497889222409
BAD 497958518287
BAD 497912895019
BAD 497960613133
BAD 497892193459
BAD 497837344141
BAD 497962245337
BAD 497962245343
BAD 497948657413
BAD 497948657417
BAD 497948657419
BAD 497915546281
BAD 497962728023
BAD 497894320159
BAD 497894320163
BAD 497839198001
BAD 497895883427
BAD 497951029921
BAD 497896575307
BAD 497842968991
BAD 497843648821
BAD 497844237953
BAD 497844243613
BAD 497898541607
BAD 497898541643
BAD 497899823137
BAD 497986378861
BAD 497986807991
BAD 497986807993
BAD 497986954891
BAD 497987715163
BAD 497987715167
BAD 497972869001
BAD 497972869003
BAD 497972869007
BAD 497972869013
BAD 497989834583
BAD 497993449091
BAD 497993449097
BAD 497993449099
BAD 497993449103
BAD 497993926039
BAD 497993926043
BAD 497993926049
BAD 497979270343
BAD 497979270379
BAD 498001167449
BAD 498001167451
BAD 498001167463
BAD 497818877029
BAD 498002355863
BAD 497981571481
BAD 497822150491
BAD 497982179899
BAD 497824917431
BAD 497825254427
BAD 497825254429
BAD 497825254441
BAD 497825254447
BAD 498071518019
BAD 498071518051
BAD 497984790571
BAD 498071750419
BAD 497832033019
BAD 497832033073
BAD 497832033077
BAD 497832033079
BAD 498080876851
BAD 498082755349
BAD 498019670513
BAD 498020807807
BAD 498020807839
BAD 498022585051
BAD 498022585061
BAD 498022585063
BAD 498022585103
BAD 498024925891
BAD 498024925913
BAD 498025883363
BAD 498027037919
BAD 498031603549
BAD 498032688029
BAD 498032688031
BAD 498036933497
BAD 498036933503
BAD 498036933539
BAD 498033524029
BAD 498037989247
BAD 498064532957
BAD 498064532963
BAD 498041828083
BAD 498041874937
BAD 498043151477
BAD 498043151479
BAD 498043151483
BAD 498067889483
BAD 498044354779
BAD 498044354783
BAD 498044354789
BAD 498044354791
BAD 498068515559
BAD 498068515561
BAD 498068515603
BAD 498087104243
BAD 498047451899
BAD 498047451901
BAD 498015758161
BAD 498048852907
BAD 498048852911
BAD 498048852913
BAD 498090765919
BAD 498090765983
BAD 498018843631
BAD 498091834463
BAD 498019188713
BAD 498019188743
BAD 498094997749
BAD 498097159849
BAD 498097159853
BAD 498098220953
BAD 498099921047
BAD 498099921049
BAD 498101597509
BAD 498174781787
BAD 498175385767
BAD 498176658673
BAD 498176658697
BAD 498177902171
BAD 498179246063
BAD 498179246087
BAD 498179644883
BAD 498181438189
BAD 498183526103
BAD 498183777271
BAD 498184490851
BAD 498186764281
BAD 498208981553
BAD 498209107507
BAD 498212301271
BAD 498212301277
BAD 498216812161
BAD 498103473053
BAD 498104509127
BAD 498104509129
BAD 498219979199
BAD 498104509139
BAD 498104509141
BAD 498219979261
BAD 498104674273
BAD 498104674283
BAD 498220575499
BAD 498110589923
BAD 498140199523
BAD 498141815981
BAD 498141816001
BAD 498115167833
BAD 498117346567
BAD 498117623953
BAD 498146455327
BAD 498160325227
BAD 498160688407
BAD 498120717197
BAD 498120953597
BAD 498120953599
BAD 498121664407
BAD 498121664413
BAD 498121664437
BAD 498170158127
BAD 498170391487
BAD 498170391493
BAD 498170391503
BAD 498123838699
BAD 498123838703
BAD 498127393969
BAD 498189334673
BAD 498130490423
BAD 498191515117
BAD 498132943801
BAD 498133324547
BAD 498133324589
BAD 498195411697
BAD 498196317433
BAD 498196887593
BAD 498200570713
BAD 498200570719
BAD 498200570723
BAD 498203095367
BAD 498222673261
BAD 498222673283
BAD 498339583739
BAD 498339583741
BAD 498223710293
BAD 498288860669
BAD 498288860689
BAD 498342028243
BAD 498289845433
BAD 498289845437
BAD 498292345829
BAD 498292345849
BAD 498292345853
BAD 498293595101
BAD 498293595103
BAD 498293595113
BAD 498294016013
BAD 498346048687
BAD 498347707687
BAD 498348253883
BAD 498354768553
BAD 498302760271
BAD 498236370143
BAD 498236736271
BAD 498255570781
BAD 498304942547
BAD 498306726623
BAD 498259256251
BAD 498323115649
BAD 498310316599
BAD 498310815581
BAD 498325071301
BAD 498325071319
BAD 498325071323
BAD 498325071337
BAD 498325071421
BAD 498326687093
BAD 498326687099
BAD 498326687101
BAD 498326687107
BAD 498312283823
BAD 498313301687
BAD 498265798997
BAD 498265798999
BAD 498329682601
BAD 498331807403
BAD 498315671467
BAD 498243904043
BAD 498315671471
BAD 498359495639
BAD 498315671473
BAD 498331963609
BAD 498360483779
BAD 498360483781
BAD 498244881529
BAD 498333655243
BAD 498317970863
BAD 498317970869
BAD 498318066377
BAD 498318066383
BAD 498318066391
BAD 498334838329
BAD 498247413809
BAD 498247413821
BAD 498269345599
BAD 498269345603
BAD 498411044191
BAD 498411208387
BAD 498411208391
BAD 498411408217
BAD 498411408223
BAD 498269635349
BAD 498252979163
BAD 498413619259
BAD 498413619271
BAD 498370088093
BAD 498370088101
BAD 498371334589
BAD 498378618781
BAD 498415752811
BAD 498380101627
BAD 498417897199
BAD 498417897203
BAD 498418087273
BAD 498382248083
BAD 498383343221
BAD 498420094541
BAD 498385408957
BAD 498422098583
BAD 498386142743
BAD 498274250311
BAD 498274250333
BAD 498276588263
BAD 498283828753
BAD 498287206849
BAD 498287206853
BAD 498287732521
BAD 498392104363
BAD 498395140577
BAD 498523132351
BAD 498397475869
BAD 498398518381
BAD 498526206001
BAD 498528230353
BAD 498528459229
BAD 498528459241
BAD 498400869563
BAD 498531324703
BAD 498531858007
BAD 498402171919
BAD 498538567301
BAD 498539239969
BAD 498422788049
BAD 498427360033
BAD 498428515223
BAD 498432074117
BAD 498434495389
BAD 498441309361
BAD 498441309367
BAD 498436448063
BAD 498507089929
BAD 498507331741
BAD 498445092973
BAD 498445092991
BAD 498445239337
BAD 498445239343
BAD 498456223087
BAD 498456724169
BAD 498447048397
BAD 498509686813
BAD 498509686817
BAD 498510064909
BAD 498458871679
BAD 498459556663
BAD 498449580533
BAD 498450207071
BAD 498513995741
BAD 498452105959
BAD 498513995743
BAD 498452105969
BAD 498452105971
BAD 498463761619
BAD 498463761623
BAD 498463783171
BAD 498452771941
BAD 498515251711
BAD 498491574257
BAD 498465607511
BAD 498465607513
BAD 498491700937
BAD 498491700943
BAD 498491700953
BAD 498466781741
BAD 498517080409
BAD 498468528799
BAD 498494754559
BAD 498495648647
BAD 498495648649
BAD 498496030897
BAD 498496030909
BAD 498521544901
BAD 498497771977
BAD 498497840389
BAD 498501864181
BAD 498544562081
BAD 498504310489
BAD 498545393491
BAD 498545585359
BAD 498558171767
BAD 498558202837
BAD 498559006873
BAD 498547943623
BAD 498550365421
BAD 498552516181
BAD 498564291227
BAD 498564291229
BAD 498565679809
BAD 498567221389
BAD 498567221393
BAD 498567496313
BAD 498571384763
BAD 498571545079
BAD 498596550589
BAD 498612981773
BAD 498615297227
BAD 498600379339
BAD 498603195773
BAD 498603245873
BAD 498603534391
BAD 498619127243
BAD 498582091081
BAD 498620567377
BAD 498621469279
BAD 498583832119
BAD 498586156933
BAD 498586156951
BAD 498586156961
BAD 498586156997
BAD 498587334953
BAD 498472917487
BAD 498475299743
BAD 498476925161
BAD 498484560913
BAD 498484560919
BAD 498485593691
BAD 498485593693
BAD 498487081531
BAD 498488521589
BAD 498488521591
BAD 498626124413
BAD 498626124433
BAD 498629634169
BAD 498630406199
BAD 498630406201
BAD 498630406207
BAD 498641160029
BAD 498634887301
BAD 498636108227
BAD 498636108233
BAD 498636108241
BAD 498644072123
BAD 498676480457
BAD 498676480459
BAD 498692140819
BAD 498692140823
BAD 498692367829
BAD 498652456129
BAD 498652456139
BAD 498653433937
BAD 498684600577
BAD 498684628727
BAD 498656031031
BAD 498656298619
BAD 498696089011
BAD 498697174567
BAD 498697760359
BAD 498697760371
BAD 498689388203
BAD 498690536863
BAD 498702152423
BAD 498702152437
BAD 498703134133
BAD 498718065973
BAD 498718065977
BAD 498718065983
BAD 498703574269
BAD 498792413117
BAD 498792413129
BAD 498792413131
BAD 498792413137
BAD 498704083697
BAD 498704083699
BAD 498762322493
BAD 498762322501
BAD 498705708191
BAD 498794620801
BAD 498794664499
BAD 498794664503
BAD 498763059181
BAD 498721775449
BAD 498721775473
BAD 498706863199
BAD 498706863203
BAD 498706863209
BAD 498706863211
BAD 498764405987
BAD 498723236161
BAD 498796269331
BAD 498796860203
BAD 498767479253
BAD 498767479261
BAD 498767479267
BAD 498799089511
BAD 498799089533
BAD 498770800751
BAD 498770800753
BAD 498770800757
BAD 498801862639
BAD 498801862711
BAD 498801892373
BAD 498802597393
BAD 498802597399
BAD 498803796443
BAD 498803796473
BAD 498804043841
BAD 498807243587
BAD 498807243589
BAD 498779665067
BAD 498780437401
BAD 498783479209
BAD 498783479213
BAD 498785211017
BAD 498785211019
BAD 498725262901
BAD 498786500323
BAD 498727474853
BAD 498727474859
BAD 498789401401
BAD 498789849241
BAD 498791053157
BAD 498731907281
BAD 498731907283
BAD 498731907293
BAD 498731907313
BAD 498747476443
BAD 498747476449
BAD 498747476453
BAD 498747699277
BAD 498738515501
BAD 498738515503
BAD 498738829163
BAD 498754434181
BAD 498754748549
BAD 498754748551
BAD 498739499059
BAD 498756661523
BAD 498657540569
BAD 498657540571
BAD 498659079473
BAD 498660444407
BAD 498809753243
BAD 498809753257
BAD 498810903781
BAD 498814936289
BAD 498815433349
BAD 498816618409
BAD 498816618413
BAD 498816969151
BAD 498817790131
BAD 498817790143
BAD 498824887817
BAD 498824887819
BAD 498825463949
BAD 498825463951
BAD 498819555967
BAD 498819776513
BAD 498831817129
BAD 498824611543
BAD 498824785867
BAD 498833915183
BAD 498673722871
BAD 498834894379
BAD 498836195791
BAD 498840052111
BAD 498894041467
BAD 498894575299
BAD 498897970399
BAD 498902696401
BAD 498904586701
BAD 498908327389
BAD 498908627629
BAD 498875636117
BAD 498875636123
BAD 498875636131
BAD 498875859829
BAD 498876089837
BAD 498876089839
BAD 498876089911
BAD 498876283361
BAD 498876283363
BAD 498876283379
BAD 498859134353
BAD 498878853637
BAD 498860757247
BAD 498914300089
BAD 498914300099
BAD 498861166073
BAD 498861166163
BAD 498862384151
BAD 498863060461
BAD 498863646637
BAD 498863646643
BAD 498863646739
BAD 499011078103
BAD 499011078109
BAD 498865252939
BAD 498926366839
BAD 498866955949
BAD 498950178289
BAD 498888586127
BAD 498950178301
BAD 498980690519
BAD 499015576823
BAD 498961481261
BAD 498980690521
BAD 498930541289
BAD 498930641581
BAD 498930644593
BAD 498930644603
BAD 498950580437
BAD 498950580439
BAD 498950992159
BAD 499016672887
BAD 498951528263
BAD 498962624569
BAD 498951732091
BAD 499017322961
BAD 499017322963
BAD 499017832223
BAD 498984011531
BAD 498963593917
BAD 498963595829
BAD 498963595831
BAD 498933266833
BAD 498985318717
BAD 498934643863
BAD 498965636693
BAD 498955736723
BAD 498873580823
BAD 498956530903
BAD 498956530909
BAD 498936367313
BAD 498936788267
BAD 498970451809
BAD 498972105847
BAD 498939491933
BAD 498974863771
BAD 498975136277
BAD 498975136279
BAD 498842282903
BAD 498842418091
BAD 498848927519
BAD 498993328879
BAD 498850920023
BAD 498995332279
BAD 498851779133
BAD 498997858291
BAD 498999819559
BAD 499002394963
BAD 499003270553
BAD 499005793343
BAD 499079999573
BAD 499081208419
BAD 499085244661
BAD 499127294873
BAD 499062195833
BAD 499088558611
BAD 499088558623
BAD 499089006019
BAD 499064424503
BAD 499064424511
BAD 499091118737
BAD 499091118739
BAD 499066649957
BAD 499066649959
BAD 499128680579
BAD 499163520623
BAD 499045835423
BAD 499164238943
BAD 499045996613
BAD 499074045199
BAD 499074045203
BAD 499046814829
BAD 499075548271
BAD 499075548277
BAD 499166268541
BAD 499166530637
BAD 499134128677
BAD 499049985719
BAD 499050213049
BAD 499135695439
BAD 499170001349
BAD 499170001357
BAD 499171972613
BAD 499172301499
BAD 499139701699
BAD 499054603433
BAD 499174439843
BAD 499175430713
BAD 499058403617
BAD 499143340963
BAD 499095494509
BAD 499098796381
BAD 499111535063
BAD 499112779213
BAD 499100720879
BAD 499117844311
BAD 499144887739
BAD 499105892599
BAD 499105892603
BAD 499119088763
BAD 499119088789
BAD 499119088799
BAD 499119088801
BAD 499119911071
BAD 499108090373
BAD 499108090409
BAD 499121186077
BAD 499121186101
BAD 499108724753
BAD 499122024157
BAD 499149854821
BAD 499124409037
BAD 499124619319
BAD 499152259129
BAD 499152448133
BAD 499157247019
BAD 499026983537
BAD 499211962727
BAD 499034627251
BAD 499211962729
BAD 499212651341
BAD 499035891533
BAD 499038087487
BAD 499038087497
BAD 499038087533
BAD 499038126031
BAD 499218999001
BAD 499220603437
BAD 499220873009
BAD 499224393449
BAD 499226358811
BAD 499185853531
BAD 499186598723
BAD 499232440633
BAD 499232440639
BAD 499242130081
BAD 499243639603
BAD 499313172481
BAD 499313738267
BAD 499313738269
BAD 499321123271
BAD 499321123291
BAD 499321123297
BAD 499321599943
BAD 499412434733
BAD 499412434777
BAD 499326924793
BAD 499413834911
BAD 499327446749
BAD 499423972171
BAD 499246204673
BAD 499247011141
BAD 499248379313
BAD 499248379351
BAD 499248475417
BAD 499249335931
BAD 499249947869
BAD 499249947871
BAD 499345382279
BAD 499345382281
BAD 499258211219
BAD 499258211239
BAD 499258546411
BAD 499258585537
BAD 499405667209
BAD 499405887991
BAD 499406370829
BAD 499261897919
BAD 499261897921
BAD 499261950647
BAD 499408144253
BAD 499329489751
BAD 499262569471
BAD 499329810467
BAD 499329810509
BAD 499409615611
BAD 499409703283
BAD 499266314777
BAD 499353435001
BAD 499266932839
BAD 499354518211
BAD 499354518217
BAD 499354518227
BAD 499362858829
BAD 499362858833
BAD 499355561297
BAD 499270474709
BAD 499270474711
BAD 499365219473
BAD 499380490579
BAD 499380579263
BAD 499272583921
BAD 499272662789
BAD 499381495213
BAD 499381495219
BAD 499381495231
BAD 499381495247
BAD 499381516247
BAD 499381516279
BAD 499360117313
BAD 499360117331
BAD 499339676753
BAD 499274827573
BAD 499340247047
BAD 499340460139
BAD 499383411749
BAD 499276863661
BAD 499371697507
BAD 499388376779
BAD 499388376791
BAD 499377183457
BAD 499377183469
BAD 499377183499
BAD 499295785111
BAD 499295785147
BAD 499278694553
BAD 499278694573
BAD 499278694583
BAD 499278846961
BAD 499298452427
BAD 499298452511
BAD 499280877107
BAD 499280877113
BAD 499300958491
BAD 499281809911
BAD 499302084313
BAD 499197295579
BAD 499197295591
BAD 499303155563
BAD 499285554923
BAD 499288229543
BAD 499289351927
BAD 499289351989
BAD 499290878899
BAD 499290878903
BAD 499290878941
BAD 499290878963
BAD 499205184277
BAD 499205184293
BAD 499205184299
BAD 499205184301
BAD 499205184307
BAD 499206761531
BAD 499294470089
BAD 499294470091
BAD 499294482199
BAD 499294482209
BAD 499207970431
BAD 499208452591
BAD 499210331371
BAD 499210331393
BAD 499483806473
BAD 499532931673
BAD 499486314043
BAD 499486314053
BAD 499533488689
BAD 499533488723
BAD 499487584823
BAD 499535509027
BAD 499536512977
BAD 499492370569
BAD 499492408537
BAD 499538346709
BAD 499514315513
BAD 499492903123
BAD 499492903159
BAD 499430547487
BAD 499430602613
BAD 499494515813
BAD 499516371511
BAD 499540077587
BAD 499495062293
BAD 499495062301
BAD 499517303521
BAD 499517375389
BAD 499517375393
BAD 499517583181
BAD 499517815739
BAD 499464647887
BAD 499465241789
BAD 499465241791
BAD 499520321413
BAD 499520882923
BAD 499521228277
BAD 499521228281
BAD 499547173651
BAD 499468328683
BAD 499550018887
BAD 499550018899
BAD 499550018917
BAD 499469349713
BAD 499469349719
BAD 499469349721
BAD 499432717073
BAD 499550696269
BAD 499550696273
BAD 499471696501
BAD 499472058529
BAD 499553179217
BAD 499472058541
BAD 499553179219
BAD 499434958753
BAD 499554402331
BAD 499564523039
BAD 499564523041
BAD 499436420993
BAD 499436421007
BAD 499478316391
BAD 499478764523
BAD 499570926601
BAD 499570926643
BAD 499570926671
BAD 499580457589
BAD 499580457601
BAD 499580982757
BAD 499580982773
BAD 499496412361
BAD 499496420641
BAD 499496919451
BAD 499496919479
BAD 499572938629
BAD 499573076393
BAD 499573253281
BAD 499502715259
BAD 499502715263
BAD 499577891647
BAD 499506076493
BAD 499506076499
BAD 499506076501
BAD 499506076507
BAD 499506076513
BAD 499506076529
BAD 499507417021
BAD 499507417049
BAD 499507417051
BAD 499592905543
BAD 499511148679
BAD 499447493221
BAD 499461786799
BAD 499598073157
BAD 499601460983
BAD 499604877143
BAD 499604877173
BAD 499605855577
BAD 499607962369
BAD 499608574291
BAD 499631495513
BAD 499631668313
BAD 499631841283
BAD 499609677379
BAD 499609677383
BAD 499634071801
BAD 499634071819
BAD 499635216439
BAD 499636501081
BAD 499639944007
BAD 499644984367
BAD 499646333761
BAD 499999706159
BAD 499647756541
BAD 499999706161
BAD 499656685163
BAD 499659042943
BAD 499660222639
BAD 499660222643
BAD 499663147969
BAD 499663147993
BAD 499663148003
BAD 499624578337
BAD 499626344177
BAD 499790108959
BAD 499794741907
BAD 499734596329
BAD 499734596377
BAD 499739523799
BAD 499739948753
BAD 499739948767
BAD 499740185311
BAD 499740185317
BAD 499744155023
BAD 499744995947
BAD 499744995949
BAD 499745719103
BAD 499745719129
BAD 499745719133
BAD 499745719147
BAD 499747523089
BAD 499748608999
BAD 499665619171
BAD 499716046579
BAD 499716046591
BAD 499716046603
BAD 499756555801
BAD 499670589403
BAD 499670589433
BAD 499671488677
BAD 499671488681
BAD 499671488683
BAD 499757977681
BAD 499699076887
BAD 499699076893
BAD 499772443783
BAD 499772480293
BAD 499772480297
BAD 499720533397
BAD 499800517583
BAD 499699730749
BAD 499699730759
BAD 499720874819
BAD 499761342827
BAD 499761342841
BAD 499761342931
BAD 499701837559
BAD 499802416471
BAD 499802416483
BAD 499677540079
BAD 499677540179
BAD 499677540181
BAD 499722825113
BAD 499776412249
BAD 499763984617
BAD 499722825127
BAD 499678041931
BAD 499678502053
BAD 499706601221
BAD 499706601223
BAD 499706693099
BAD 499779149357
BAD 499728671371
BAD 499728763361
BAD 499710943111
BAD 499710943117
BAD 499730617039
BAD 499813884967
BAD 499817909909
BAD 499817909911
BAD 499817909917
BAD 499818067459
BAD 499818386527
BAD 499818386539
BAD 499823380963
BAD 499824549349
BAD 499824549353
BAD 499826582483
BAD 499827859393
BAD 499680695749
BAD 499830321481
BAD 499682692763
BAD 499690901341
BAD 499692633131
BAD 499899567833
BAD 499900293989
BAD 499902278653
BAD 499902278657
BAD 499903686229
BAD 499850430271
BAD 499852243391
BAD 499852243393
BAD 499853138489
BAD 499912419233
BAD 499912419247
BAD 499913061689
BAD 499913061691
BAD 499913647733
BAD 499913647741
BAD 499913647903
BAD 499917518063
BAD 499856998457
BAD 499857563537
BAD 499857563539
BAD 499919511823
BAD 499919511829
BAD 499953354559
BAD 499985153777
BAD 499985153779
BAD 499985281597
BAD 499954150153
BAD 499987283573
BAD 499956280807
BAD 499864358327
BAD 499864961803
BAD 499968365363
BAD 499958498617
BAD 499958498623
BAD 499968573571
BAD 499968573583
BAD 499960758391
BAD 499960758397
BAD 499960758403
BAD 499932593063
BAD 499963568029
BAD 499868788303
BAD 499997127991
BAD 499997127997
BAD 499869120799
BAD 499869226303
BAD 499933843237
BAD 499933843249
BAD 499997900377
BAD 499997900401
BAD 499870035827
BAD 499870035829
BAD 499870225013
BAD 499976417671
BAD 499837232903
BAD 499976847683
BAD 499976847691
BAD 499872052913
BAD 499872052921
BAD 499936652737
BAD 499936805521
BAD 499978440119
BAD 499978440121
BAD 499839959951
BAD 499839959953
BAD 499979715953
BAD 499940083759
BAD 499940083781
BAD 499842368533
BAD 499981974139
BAD 499981974143
BAD 499940622091
BAD 499842633601
BAD 499842633617
BAD 499842633623
BAD 499876050169
BAD 499876050173
BAD 499876550821
BAD 499876550827
BAD 499944922979
BAD 499944937279
BAD 499880143801
BAD 499881542317
BAD 499882221439
BAD 499948381957
BAD 499888424683
BAD 499888424687
BAD 499888424689
BAD 499890975029
BAD 499890975049
BAD 499892377591
BAD 499894061141
BAD 499894061143
BAD 499894061167
BAD 499894061209
BAD 499894061213
BAD 499895105447
BAD 499895170561
BAD 499896825433
BAD 499897362691
RANGE 490000000000 500000000000 PRIMES 371360200 BAD 5101
