BAD 550101056431
BAD 550287117631
BAD 550287117649
BAD 550185584527
BAD 550292416253
BAD 550252691467
BAD 550191035101
BAD 550254812131
BAD 550254812137
BAD 550192624873
BAD 550192624907
BAD 550192624909
BAD 550192624913
BAD 550255883869
BAD 550224926243
BAD 550226636353
BAD 550226648539
BAD 550226648563
BAD 550212238799
BAD 550299154861
BAD 550299919259
BAD 550299919261
BAD 550107476473
BAD 550229376001
BAD 550108279471
BAD 550108279477
BAD 550108279481
BAD 550199595793
BAD 550260384787
BAD 550260384803
BAD 550260384823
BAD 550233644843
BAD 550233851539
BAD 550111634797
BAD 550261324253
BAD 550263621799
BAD 550263707111
BAD 550263707113
BAD 550268410597
BAD 550153733693
BAD 550117499947
BAD 550137537713
BAD 550137537721
BAD 550034226529
BAD 550138931161
BAD 550168177529
BAD 550141579459
BAD 550235954713
BAD 550170581803
BAD 550170581819
BAD 550369296233
BAD 550369503773
BAD 550040425037
BAD 550122548093
BAD 550171958071
BAD 550173314857
BAD 550371937903
BAD 550371937933
BAD 550174598843
BAD 550174598851
BAD 550147638449
BAD 550067798563
BAD 550389579601
BAD 550373914591
BAD 550126343639
BAD 550389579611
BAD 550048747111
BAD 550177959329
BAD 550147638451
BAD 550048747117
BAD 550244056279
BAD 550048747123
BAD 550048747211
BAD 550178019119
BAD 550178019121
BAD 550167719713
BAD 550167719753
BAD 550068457129
BAD 550376076769
BAD 550180505141
BAD 550180505143
BAD 550070037203
BAD 550070249921
BAD 550070249923
BAD 550391666731
BAD 550246706213
BAD 550392360239
BAD 550392360257
BAD 550182478471
BAD 550072097041
BAD 550072097053
BAD 550131510353
BAD 550132653709
BAD 550250516923
BAD 550384453483
BAD 550384453517
BAD 550384453519
BAD 550400188027
BAD 550400188049
BAD 550081831997
BAD 550335855497
BAD 550335855499
BAD 550337924743
BAD 550337924749
BAD 550017215689
BAD 550344468511
BAD 550270717111
BAD 550092390499
BAD 550092390503
BAD 550092390517
BAD 550092426293
BAD 550271206207
BAD 550304721469
BAD 550272258083
BAD 550272258089
BAD 550349271631
BAD 550025054869
BAD 550308584101
BAD 550308584131
BAD 550323290929
BAD 550323290939
BAD 550323290941
BAD 550099887923
BAD 550278210683
BAD 550027419211
BAD 550027419217
BAD 550279259011
BAD 550029238433
BAD 550280265193
BAD 550005250523
BAD 550032490393
BAD 550050929587
BAD 550051688513
BAD 550329608893
BAD 550329608897
BAD 550053045473
BAD 550331112913
BAD 550331112917
BAD 550331282833
BAD 550318183007
BAD 550318183013
BAD 550334175409
BAD 550015048789
BAD 550354749233
BAD 550354749253
BAD 550063848703
BAD 550063848713
BAD 550064152291
BAD 550066286563
BAD 550362312541
BAD 550362312571
BAD 550362312583
BAD 550362323647
BAD 550362696421
BAD 550362745027
BAD 550363047307
BAD 550364373931
BAD 550368515857
BAD 550454309857
BAD 550454309887
BAD 550454309891
BAD 550454309893
BAD 550455105803
BAD 550455105817
BAD 550494291727
BAD 550498051297
BAD 550409145229
BAD 550501336009
BAD 550502040713
BAD 550421913347
BAD 550425429907
BAD 550426344983
BAD 550426345003
BAD 550426348897
BAD 550427133281
BAD 550470419173
BAD 550470419179
BAD 550470419183
BAD 550470419231
BAD 550470419243
BAD 550430572387
BAD 550430572403
BAD 550430572411
BAD 550472976439
BAD 550431264791
BAD 550431264793
BAD 550476009691
BAD 550476009703
BAD 550476009739
BAD 550477326067
BAD 550477326071
BAD 550480645541
BAD 550480645543
BAD 550483154107
BAD 550438093873
BAD 550451051167
BAD 550587650719
BAD 550588256227
BAD 550589649209
BAD 550590257507
BAD 550590257509
BAD 550592136449
BAD 550521813509
BAD 550521813511
BAD 550707549619
BAD 550596173947
BAD 550525396957
BAD 550526768263
BAD 550526768269
BAD 550711441921
BAD 550599747031
BAD 550712474449
BAD 550638770293
BAD 550576539167
BAD 550529293273
BAD 550599747037
BAD 550529293277
BAD 550529293319
BAD 550503499967
BAD 550504738711
BAD 550504738759
BAD 550715883323
BAD 550642478263
BAD 550580269013
BAD 550603420729
BAD 550781107969
BAD 550534460159
BAD 550534460167
BAD 550534460173
BAD 550644766981
BAD 550719498257
BAD 550535568439
BAD 550583416069
BAD 550646179277
BAD 550509536333
BAD 550784098703
BAD 550784903497
BAD 550784903503
BAD 550784903509
BAD 550785701243
BAD 550785701273
BAD 550785834397
BAD 550786028869
BAD 550512442367
BAD 550513184951
BAD 550513184953
BAD 550540008947
BAD 550519537783
BAD 550519537801
BAD 550554544009
BAD 550557768121
BAD 550557768133
BAD 550548600541
BAD 550548600551
BAD 550549220059
BAD 550550019529
BAD 550567935067
BAD 550569915979
BAD 550789034959
BAD 550725570229
BAD 550725570233
BAD 550726767221
BAD 550726767223
BAD 550797442933
BAD 550797442939
BAD 550605558647
BAD 550605558649
BAD 550605558653
BAD 550605558661
BAD 550606363399
BAD 550606363403
BAD 550800782197
BAD 550800782201
BAD 550800805283
BAD 550692242641
BAD 550693335187
BAD 550693335253
BAD 550733976547
BAD 550733976623
BAD 550733976629
BAD 550803906557
BAD 550803906559
BAD 550747721813
BAD 550697435401
BAD 550698286429
BAD 550698410209
BAD 550750263703
BAD 550751635043
BAD 550752294377
BAD 550752613643
BAD 550616475601
BAD 550616479267
BAD 550703148733
BAD 550617532009
BAD 550763805679
BAD 550619548343
BAD 550659229073
BAD 550661196271
BAD 550661196299
BAD 550627023743
BAD 550667479627
BAD 550667479631
BAD 550628743627
BAD 550667479633
BAD 550628743631
BAD 550681992043
BAD 550681992053
BAD 550683647911
BAD 550806924743
BAD 550808726603
BAD 550811242381
BAD 550811303893
BAD 550811303897
BAD 550811674643
BAD 550812881959
BAD 550812881963
BAD 550825183093
BAD 550825648741
BAD 550826985539
BAD 550826985581
BAD 550827068683
BAD 550814938403
BAD 550815362821
BAD 550829462569
BAD 550821205999
BAD 550821206017
BAD 550878358039
BAD 550838209463
BAD 550884603397
BAD 550885545079
BAD 550886263273
BAD 550856707411
BAD 550839575953
BAD 550857163981
BAD 550857470809
BAD 550857470881
BAD 550841334587
BAD 550858762723
BAD 550844034077
BAD 550844034079
BAD 550844426291
BAD 550863634501
BAD 550863634507
BAD 550863634513
BAD 550863790327
BAD 550863790331
BAD 550845205093
BAD 550846149949
BAD 550849420543
BAD 550890116573
BAD 550852298963
BAD 550852498921
BAD 550894885769
BAD 550894885771
BAD 550899828407
BAD 550902448879
BAD 550902448883
BAD 550903365949
BAD 550903365953
BAD 551044558333
BAD 551045867269
BAD 551046491227
BAD 551050697303
BAD 551050697387
BAD 550909520059
BAD 550912550833
BAD 551009135023
BAD 550914519409
BAD 550914519413
BAD 550914825481
BAD 550916046229
BAD 551053468853
BAD 551053468859
BAD 551054114987
BAD 551054114993
BAD 550918501433
BAD 551093087981
BAD 551093087983
BAD 550958426107
BAD 550973109881
BAD 550973109901
BAD 550974016013
BAD 551015301623
BAD 550961225497
BAD 551015537651
BAD 550961899157
BAD 550961899171
BAD 551095810513
BAD 551096001791
BAD 551096001793
BAD 551016688333
BAD 550963868891
BAD 550963868893
BAD 550991823763
BAD 550991823821
BAD 550991823881
BAD 550991823883
BAD 550992841793
BAD 550992841801
BAD 550992841811
BAD 550992841813
BAD 551098904131
BAD 551021305693
BAD 550981323433
BAD 550981323467
BAD 550981323469
BAD 551021705783
BAD 551099791069
BAD 551099791091
BAD 551099791093
BAD 551099791103
BAD 551099791129
BAD 550995747983
BAD 550996443433
BAD 550996443443
BAD 551100991549
BAD 551162719729
BAD 551101464887
BAD 551101464889
BAD 550932454957
BAD 550970966333
BAD 550998877283
BAD 550998877291
BAD 551058025733
BAD 551165321359
BAD 550934873633
BAD 550999934003
BAD 551000749813
BAD 550936720469
BAD 550936720471
BAD 551104759351
BAD 551104759363
BAD 551002392443
BAD 551061556049
BAD 551106076361
BAD 551106076363
BAD 551106076369
BAD 551170316903
BAD 551170316909
BAD 551170316911
BAD 551171346863
BAD 551067378949
BAD 551067937501
BAD 551067937507
BAD 551068025089
BAD 551068025093
BAD 551032445023
BAD 551032967971
BAD 551192458519
BAD 550941200813
BAD 551107532753
BAD 551193978121
BAD 551174682083
BAD 551197374979
BAD 551110413653
BAD 551110413661
BAD 551176685413
BAD 551176685417
BAD 551131283533
BAD 551131283543
BAD 551198146403
BAD 551177717417
BAD 551131978591
BAD 551179234189
BAD 551134088227
BAD 551114278259
BAD 551114278261
BAD 550948772261
BAD 551182883243
BAD 551182883249
BAD 551182883257
BAD 551182883311
BAD 551182960117
BAD 551136635117
BAD 550950117721
BAD 551184321053
BAD 551184321067
BAD 551184321073
BAD 551138154607
BAD 551138154613
BAD 551141910229
BAD 551141910233
BAD 551201860109
BAD 551201860117
BAD 551143351141
BAD 551140840039
BAD 551119632823
BAD 551119632829
BAD 551188923871
BAD 551120852003
BAD 551206264649
BAD 551190470821
BAD 551190470827
BAD 550954431353
BAD 551146458721
BAD 550954851913
BAD 551146574711
BAD 551146602527
BAD 551146602529
BAD 551146602599
BAD 551081075491
BAD 551081689729
BAD 551081689733
BAD 551083752211
BAD 551151810557
BAD 551154078347
BAD 551155472449
BAD 551157184489
BAD 551210831539
BAD 551214028661
BAD 551214028663
BAD 551215265149
BAD 551220935761
BAD 551225177059
BAD 551222996033
BAD 551231145001
BAD 551235058223
BAD 551238138491
BAD 551238138509
BAD 551238138511
BAD 551241316837
BAD 551241316841
BAD 551247307187
BAD 551248180789
BAD 551248720039
BAD 551251304819
BAD 551251304827
BAD 551251630537
BAD 551251630541
BAD 551251630543
BAD 551251630549
BAD 551252699323
BAD 551256299791
BAD 551276836703
BAD 551280104873
BAD 551282640247
BAD 551282640253
BAD 551283442033
BAD 551283442043
BAD 551287363079
BAD 551288571499
BAD 551288571503
BAD 551288571511
BAD 551289604829
BAD 551289604837
BAD 551260153531
BAD 551260153537
BAD 551260385419
BAD 551261092201
BAD 551264025527
BAD 551267760419
BAD 551268694891
BAD 551292217873
BAD 551273222809
BAD 551296845331
BAD 551303956739
BAD 551303956741
BAD 551303956747
BAD 551303956757
BAD 551306653759
BAD 551306653763
BAD 551446391911
BAD 551446971773
BAD 551448047903
BAD 551452433479
BAD 551452433513
BAD 551452793197
BAD 551409377383
BAD 551456130559
BAD 551412276733
BAD 551420091863
BAD 551420091889
BAD 551420091923
BAD 551424874543
BAD 551309916643
BAD 551360706181
BAD 551360706187
BAD 551360706199
BAD 551360706209
BAD 551360706217
BAD 551361781787
BAD 551396884333
BAD 551377231981
BAD 551397704251
BAD 551397704261
BAD 551377883753
BAD 551365050853
BAD 551365050889
BAD 551365050893
BAD 551430737197
BAD 551431897573
BAD 551431897579
BAD 551433034147
BAD 551384858953
BAD 551384858963
BAD 551384858977
BAD 551384928233
BAD 551318206303
BAD 551437544587
BAD 551437544633
BAD 551437544701
BAD 551319373981
BAD 551319373993
BAD 551374034941
BAD 551389692047
BAD 551341225159
BAD 551406328411
BAD 551440841269
BAD 551341225163
BAD 551319604831
BAD 551442149833
BAD 551442294773
BAD 551408577851
BAD 551408577859
BAD 551408577871
BAD 551408577877
BAD 551392030909
BAD 551321215279
BAD 551342860051
BAD 551344253891
BAD 551344253893
BAD 551347775911
BAD 551484073417
BAD 551485798183
BAD 551351297801
BAD 551351297803
BAD 551351977699
BAD 551351977703
BAD 551352498491
BAD 551352498493
BAD 551352498517
BAD 551352498533
BAD 551353532659
BAD 551353532663
BAD 551491809941
BAD 551491809943
BAD 551356279099
BAD 551492738549
BAD 551464368547
BAD 551629155877
BAD 551476339723
BAD 551476339727
BAD 551529816713
BAD 551635870741
BAD 551534185151
BAD 551639148589
BAD 551536565929
BAD 551536566041
BAD 551643467119
BAD 551643467131
BAD 551643562597
BAD 551539898369
BAD 551542098187
BAD 551542516561
BAD 551594485523
BAD 551595118043
BAD 551595503843
BAD 551597192317
BAD 551602200031
BAD 551505740677
BAD 551565795721
BAD 551545609297
BAD 551569485559
BAD 551584776023
BAD 551551795901
BAD 551551795903
BAD 551570569499
BAD 551571715741
BAD 551554332349
BAD 551554619437
BAD 551589137951
BAD 551558779831
BAD 551559492623
BAD 551612823977
BAD 551613144517
BAD 551613144521
BAD 551614348231
BAD 551616727313
BAD 551616727331
BAD 551619427553
BAD 551619427561
BAD 551621842087
BAD 551652219917
BAD 551652219919
BAD 551623349657
BAD 551623349659
BAD 551623354573
BAD 551654132833
BAD 551654132837
BAD 551654132839
BAD 551654132851
BAD 551624880571
BAD 551625351533
BAD 551655261029
BAD 551655261049
BAD 551655760657
BAD 551625951917
BAD 551626608487
BAD 551657333251
BAD 551660253341
BAD 551661202789
BAD 551661202909
BAD 551661202913
BAD 551663281801
BAD 551668163791
BAD 551668163831
BAD 551668163833
BAD 551668982383
BAD 551668982393
BAD 551668982399
BAD 551668982401
BAD 551669159971
BAD 551670121679
BAD 551670121703
BAD 551670121711
BAD 551670422509
BAD 551674086919
BAD 551674086923
BAD 551697594541
BAD 551699586989
BAD 551699770733
BAD 551699770759
BAD 551699770763
BAD 551699770771
BAD 551699770777
BAD 551699993881
BAD 551677839751
BAD 551677839767
BAD 551680989091
BAD 551685592697
BAD 551688665071
BAD 551688773221
BAD 551688773227
BAD 551689723633
BAD 551690266891
BAD 551692554739
BAD 551693156059
BAD 551728249343
BAD 551730748763
BAD 551731070927
BAD 551732398967
BAD 551732398969
BAD 551732776849
BAD 551732776853
BAD 551737369411
BAD 551737369441
BAD 551738409973
BAD 551740465261
BAD 551740465267
BAD 551779036441
BAD 551795185063
BAD 551781284449
BAD 551785497931
BAD 551712371489
BAD 551785497937
BAD 551712371491
BAD 551788628803
BAD 551790155131
BAD 551716387687
BAD 551716521571
BAD 551880747883
BAD 551811033649
BAD 551882141203
BAD 551882141207
BAD 551882141219
BAD 551882141311
BAD 551883750169
BAD 551883750179
BAD 551883750181
BAD 551883750199
BAD 551721955669
BAD 551791563683
BAD 551885462761
BAD 551885462773
BAD 551886945067
BAD 551919607441
BAD 551919607493
BAD 551724787793
BAD 551919755903
BAD 551889112003
BAD 551889112013
BAD 551833009537
BAD 551890039073
BAD 551922581789
BAD 551922581809
BAD 551922581813
BAD 551893523491
BAD 551893644331
BAD 551893825409
BAD 551926946243
BAD 551839282613
BAD 551841473747
BAD 551841473759
BAD 551841473761
BAD 551812849879
BAD 551812849883
BAD 551747386453
BAD 551747635507
BAD 551747635567
BAD 551819465083
BAD 551940931483
BAD 551941395937
BAD 551941395949
BAD 551942034257
BAD 551942034263
BAD 551942034271
BAD 551822108711
BAD 551822108713
BAD 551942696047
BAD 551942696051
BAD 551942696113
BAD 551765401013
BAD 551765401021
BAD 551765401027
BAD 551944955719
BAD 551754960413
BAD 551825863423
BAD 551765401043
BAD 551765401051
BAD 551825863427
BAD 551755110259
BAD 551755429403
BAD 551826775613
BAD 551845565413
BAD 551847598583
BAD 551758787761
BAD 551847865561
BAD 551847865571
BAD 551773199689
BAD 551773199693
BAD 551773654921
BAD 551776788169
BAD 551857861627
BAD 551859497113
BAD 551901290947
BAD 551901290951
BAD 551901290953
BAD 551901995419
BAD 551901995423
BAD 551903723747
BAD 551905104173
BAD 551905104187
BAD 551907275687
BAD 551907275693
BAD 551949882233
BAD 551952333019
BAD 551957338217
BAD 551959080487
BAD 551961303589
BAD 551863431149
BAD 551863431151
BAD 551985370831
BAD 551987691823
BAD 551867900273
BAD 551867900279
BAD 551867900281
BAD 551990948087
BAD 551871817967
BAD 551871817969
BAD 551992031323
BAD 551993456827
BAD 552007461293
BAD 551878073651
BAD 551878073653
BAD 552009341893
BAD 552009403403
BAD 552009403411
BAD 551970295579
BAD 551971579853
BAD 551976135121
BAD 552033828173
BAD 552085109167
BAD 552055755413
BAD 552055755421
BAD 552086969351
BAD 552037081709
BAD 552037081711
BAD 552057303961
BAD 552090119467
BAD 552090119533
BAD 552091328869
BAD 552041024401
BAD 552016629223
BAD 552016629233
BAD 552016629239
BAD 552093515257
BAD 552093515279
BAD 552022684757
BAD 552101018431
BAD 552111369521
BAD 552064642343
BAD 552067781677
BAD 552069870119
BAD 552069929711
BAD 552069929743
BAD 552070178029
BAD 552070178041
BAD 552075036581
BAD 552079998553
BAD 552079998557
BAD 552119787859
BAD 552120032393
BAD 552120232493
BAD 552120232519
BAD 552125523193
BAD 552164283907
BAD 552232485071
BAD 552148699033
BAD 552237793423
BAD 552237793427
BAD 552237793433
BAD 552238196291
BAD 552238196297
BAD 552238196299
BAD 552238806247
BAD 552238806293
BAD 552240306353
BAD 552172659889
BAD 552172659893
BAD 552172659901
BAD 552241070551
BAD 552241070597
BAD 552241070599
BAD 552242175757
BAD 552174319673
BAD 552242935723
BAD 552155190439
BAD 552176989759
BAD 552156794873
BAD 552156794881
BAD 552156794927
BAD 552156794929
BAD 552157746529
BAD 552157746533
BAD 552281827897
BAD 552158024129
BAD 552133032457
BAD 552288147947
BAD 552290789321
BAD 552290789327
BAD 552290789431
BAD 552291301409
BAD 552292895059
BAD 552292986481
BAD 552292986493
BAD 552292986503
BAD 552293122411
BAD 552293122417
BAD 552293122421
BAD 552218732633
BAD 552218732641
BAD 552218732647
BAD 552218732651
BAD 552248834791
BAD 552219513067
BAD 552250135651
BAD 552265265131
BAD 552250802461
BAD 552220966393
BAD 552221578697
BAD 552268091603
BAD 552269995357
BAD 552255756029
BAD 552223893083
BAD 552271270853
BAD 552257187413
BAD 552225863599
BAD 552299914259
BAD 552299914261
BAD 552300232123
BAD 552227049499
BAD 552227049503
BAD 552258762721
BAD 552258842231
BAD 552276536839
BAD 552278282333
BAD 552278282341
BAD 552278410111
BAD 552278462809
BAD 552309492751
BAD 552203194493
BAD 552206172361
BAD 552206172367
BAD 552206172373
BAD 552207224911
BAD 552207235829
BAD 552207235831
BAD 552402288443
BAD 552402394183
BAD 552402394189
BAD 552404497243
BAD 552405587753
BAD 552184254031
BAD 552411160549
BAD 552189456421
BAD 552194799721
BAD 552449864573
BAD 552350869957
BAD 552440694781
BAD 552440694787
BAD 552443207363
BAD 552454513493
BAD 552355422137
BAD 552355962833
BAD 552355962839
BAD 552355962841
BAD 552456870871
BAD 552358940929
BAD 552358940941
BAD 552359703409
BAD 552360037729
BAD 552316342153
BAD 552316342187
BAD 552316342189
BAD 552316655987
BAD 552320404939
BAD 552321140159
BAD 552324337309
BAD 552326918639
BAD 552326918641
BAD 552326918659
BAD 552333997399
BAD 552333997403
BAD 552333997519
BAD 552327524183
BAD 552331258343
BAD 552342507503
BAD 552342507511
BAD 552346302997
BAD 552347987437
BAD 552347987441
BAD 552370515919
BAD 552488730263
BAD 552488730271
BAD 552488730281
BAD 552374685329
BAD 552382976723
BAD 552383481649
BAD 552492816721
BAD 552493421971
BAD 552471930097
BAD 552472013647
BAD 552472013651
BAD 552472641923
BAD 552388328381
BAD 552388328383
BAD 552379542331
BAD 552495672587
BAD 552474958957
BAD 552497281433
BAD 552476535511
BAD 552393170333
BAD 552479342323
BAD 552479342341
BAD 552482635583
BAD 552397133063
BAD 552397133069
BAD 552416568113
BAD 552418330951
BAD 552418804013
BAD 552421122797
BAD 552424860193
BAD 552424860203
BAD 552428243137
BAD 552428243161
BAD 552430455637
BAD 552430477639
BAD 552499946693
BAD 552499946701
BAD 552499946707
BAD 552499946717
BAD 552499946723
BAD 552499946731
BAD 552501283603
BAD 552509245333
BAD 552514800379
BAD 552514800473
BAD 552518533639
BAD 552525904369
BAD 552525904373
BAD 552527174621
BAD 552527174623
BAD 552527174627
BAD 552527174629
BAD 552527174663
BAD 552527174677
BAD 552527228909
BAD 552529347037
BAD 552529347043
BAD 552570106441
BAD 552572845277
BAD 552531195967
BAD 552532468993
BAD 552577062563
BAD 552582485431
BAD 552535209643
BAD 552537813563
BAD 552537813601
BAD 552544721693
BAD 552557816491
BAD 552610711129
BAD 552560380849
BAD 552612946289
BAD 552564398833
BAD 552584033633
BAD 552586342043
BAD 552592594097
BAD 552593388553
BAD 552621604547
BAD 552621604567
BAD 552621604753
BAD 552622344691
BAD 552670996723
BAD 552672064297
BAD 552599785583
BAD 552676202651
BAD 552599830543
BAD 552599830553
BAD 552599830561
BAD 552682480453
BAD 552649888523
BAD 552651178837
BAD 552664999363
BAD 552664999373
BAD 552709415131
BAD 552709415149
BAD 552710724593
BAD 552714945709
BAD 552714945743
BAD 552716958319
BAD 552716986873
BAD 552685229963
BAD 552686111777
BAD 552686111779
BAD 552728219401
BAD 552728219447
BAD 552688309141
BAD 552690129863
BAD 552692583563
BAD 552695789011
BAD 552695867359
BAD 552696824599
BAD 552696824611
BAD 552697109983
BAD 552697109989
BAD 552741141439
BAD 552743068973
BAD 552743068993
BAD 552743069003
BAD 552743990861
BAD 552743990863
BAD 552746969549
BAD 552769260529
BAD 552836734651
BAD 552774439513
BAD 552842555579
BAD 552842555597
BAD 552842555599
BAD 552779810419
BAD 552779810431
BAD 552780798029
BAD 552781656487
BAD 552782296069
BAD 552847488509
BAD 552847488511
BAD 552847488527
BAD 552806850529
BAD 552806850551
BAD 552754694893
BAD 552756529453
BAD 552757748947
BAD 552816501301
BAD 552761965241
BAD 552761965243
BAD 552764550469
BAD 552764550473
BAD 552765883963
BAD 552818916049
BAD 552822881959
BAD 552873585203
BAD 552874034903
BAD 552885817489
BAD 552878024299
BAD 552834939233
BAD 552834939331
BAD 552834939337
BAD 552834939341
BAD 552834939343
BAD 552834939347
BAD 552834939367
BAD 552834939373
BAD 552834939379
BAD 552834939401
BAD 552834939403
BAD 552834939407
BAD 552880153523
BAD 552883759867
BAD 552894852091
BAD 552896419979
BAD 552896419981
BAD 552896419987
BAD 552897778469
BAD 552897778471
BAD 552901302859
BAD 552857814569
BAD 552857814571
BAD 552857843749
BAD 552857843753
BAD 552860538829
BAD 552789448459
BAD 552861610241
BAD 552792644003
BAD 552794668249
BAD 552794668253
BAD 552863344441
BAD 552863344447
BAD 552863438011
BAD 552797495167
BAD 552799452143
BAD 552903503981
BAD 552903503983
BAD 552904964533
BAD 552904964537
BAD 552904964539
BAD 552908072293
BAD 552912096931
BAD 552912096973
BAD 552937481443
BAD 552938501419
BAD 552921924901
BAD 552923882843
BAD 552923883013
BAD 552926132989
BAD 552946052213
BAD 552933327613
BAD 552933327619
BAD 552933327623
BAD 552933327629
BAD 552933468931
BAD 552977521373
BAD 552979071871
BAD 552979501663
BAD 552980596463
BAD 552982863157
BAD 553038881477
BAD 553039245637
BAD 553040758819
BAD 553041602977
BAD 553047910553
BAD 553048558129
BAD 553049348513
BAD 553049348519
BAD 553049348521
BAD 553104492467
BAD 553104492469
BAD 553108671061
BAD 553108671067
BAD 553110284227
BAD 552987382841
BAD 552987382861
BAD 552987382867
BAD 552987382873
BAD 552987382879
BAD 552989485177
BAD 552989485183
BAD 552953062073
BAD 553114227889
BAD 552989485187
BAD 552989485189
BAD 552991231633
BAD 552991580203
BAD 553117122053
BAD 553054154761
BAD 553003375937
BAD 553003375973
BAD 552958329289
BAD 553055526073
BAD 553003494529
BAD 553004131411
BAD 552992974529
BAD 552992974531
BAD 552992974537
BAD 553058601481
BAD 553021595947
BAD 553022202919
BAD 552965021393
BAD 552965021473
BAD 553026198743
BAD 553098553067
BAD 553098553069
BAD 553098553081
BAD 553098561439
BAD 553098561503
BAD 553018160587
BAD 553031507579
BAD 553101581843
BAD 553032635303
BAD 553069708531
BAD 553069708537
BAD 553173330631
BAD 553072752391
BAD 553176875969
BAD 553176875971
BAD 553074889321
BAD 553074889333
BAD 553179141631
BAD 553180329413
BAD 553182144019
BAD 553182144061
BAD 553186061749
BAD 553186227239
BAD 553186227241
BAD 553186227247
BAD 553086884737
BAD 553141094557
BAD 553143163051
BAD 553144292147
BAD 553159893667
BAD 553162319107
BAD 553164915503
BAD 553168811051
BAD 553168811053
BAD 553150376563
BAD 553169449771
BAD 553152237839
BAD 553153592851
BAD 553153592857
BAD 553153592869
BAD 553153592881
BAD 553153701563
BAD 553204990973
BAD 553195253563
BAD 553209354197
BAD 553209354199
BAD 553123005863
BAD 553198050347
BAD 553198150697
BAD 553198150699
BAD 553198150709
BAD 553198150711
BAD 553199784901
BAD 553127691559
BAD 553127691563
BAD 553215768101
BAD 553129749331
BAD 553130844697
BAD 553130844709
BAD 553130844713
BAD 553220323193
BAD 553220323207
BAD 553132072819
BAD 553134662923
BAD 553256528791
BAD 553257183533
BAD 553289452283
BAD 553247285329
BAD 553262120783
BAD 553292859047
BAD 553309671469
BAD 553247285333
BAD 553293495143
BAD 553293495151
BAD 553310092729
BAD 553310092733
BAD 553311485359
BAD 553295168039
BAD 553265990423
BAD 553266047969
BAD 553251026149
BAD 553266921479
BAD 553266921481
BAD 553270616963
BAD 553270616993
BAD 553270617019
BAD 553300324403
BAD 553300324411
BAD 553300324417
BAD 553300324483
BAD 553227268739
BAD 553227268747
BAD 553229152813
BAD 553232268241
BAD 553233064133
BAD 553236074581
BAD 553236074591
BAD 553280842901
BAD 553280842903
BAD 553280842909
BAD 553280842913
BAD 553281295867
BAD 553282635049
BAD 553287803617
BAD 553287803641
BAD 553323879961
BAD 553329855593
BAD 553336305023
BAD 553336305061
BAD 553337747359
BAD 553337747363
BAD 553372408811
BAD 553372408867
BAD 553376031191
BAD 553352295479
BAD 553352295481
BAD 553352590859
BAD 553360592077
BAD 553366448329
BAD 553366448339
BAD 553370115853
BAD 553370115863
BAD 553370554193
BAD 553507074049
BAD 553492329961
BAD 553508286673
BAD 553509725071
BAD 553494426871
BAD 553510333501
BAD 553510333507
BAD 553495097237
BAD 553525364269
BAD 553495914931
BAD 553495914943
BAD 553526723779
BAD 553498466821
BAD 553498466827
BAD 553498466891
BAD 553528721513
BAD 553498917833
BAD 553529113831
BAD 553529113843
BAD 553529113847
BAD 553529113849
BAD 553529695249
BAD 553529818717
BAD 553529818747
BAD 553472958821
BAD 553472958823
BAD 553519083961
BAD 553519198889
BAD 553474438303
BAD 553474837897
BAD 553520519267
BAD 553520519269
BAD 553534579267
BAD 553500977641
BAD 553500977647
BAD 553477379227
BAD 553522088279
BAD 553522088281
BAD 553535978381
BAD 553535978383
BAD 553535978389
BAD 553408150303
BAD 553538210903
BAD 553389013663
BAD 553389700793
BAD 553389700807
BAD 553412326261
BAD 553431288889
BAD 553431288899
BAD 553431288901
BAD 553393447987
BAD 553485250309
BAD 553395198253
BAD 553459726133
BAD 553459726139
BAD 553459726153
BAD 553459726159
BAD 553418784497
BAD 553397030737
BAD 553436601217
BAD 553462009783
BAD 553462009831
BAD 553462009861
BAD 553462470481
BAD 553399109891
BAD 553421124133
BAD 553463302313
BAD 553402394317
BAD 553472874293
BAD 553543062517
BAD 553545621929
BAD 553545621931
BAD 553546952473
BAD 553546952477
BAD 553546952479
BAD 553548954121
BAD 553548954131
BAD 553548999077
BAD 553446271849
BAD 553446271853
BAD 553448422081
BAD 553450314553
BAD 553640845309
BAD 553641450121
BAD 553592526413
BAD 553641804823
BAD 553641804841
BAD 553578357307
BAD 553595257093
BAD 553595257097
BAD 553595257099
BAD 553677674569
BAD 553645986589
BAD 553647580489
BAD 553680114389
BAD 553680114413
BAD 553649285213
BAD 553600201673
BAD 553600652279
BAD 553600652281
BAD 553601068913
BAD 553601068919
BAD 553652031743
BAD 553652031749
BAD 553652267479
BAD 553684742029
BAD 553684742033
BAD 553588416421
BAD 553589075671
BAD 553589075803
BAD 553589075807
BAD 553687135291
BAD 553688533561
BAD 553614099617
BAD 553614099631
BAD 553614244399
BAD 553614933811
BAD 553556923333
BAD 553615437731
BAD 553615437733
BAD 553615437737
BAD 553624738369
BAD 553560835909
BAD 553625085623
BAD 553625550713
BAD 553623248641
BAD 553566600347
BAD 553630627873
BAD 553630627877
BAD 553634743063
BAD 553660392283
BAD 553660392289
BAD 553663874557
BAD 553663874563
BAD 553667884141
BAD 553692674501
BAD 553692674503
BAD 553693349101
BAD 553702522099
BAD 553702522103
BAD 553705399823
BAD 553705776601
BAD 553705776607
BAD 553707376967
BAD 553707376969
BAD 553707414811
BAD 553708664321
BAD 553708664323
BAD 553708664329
BAD 553714774667
BAD 553714774733
BAD 553718262497
BAD 553718262499
BAD 553721364991
BAD 553721546353
BAD 553721546369
BAD 553722995491
BAD 553726972241
BAD 553726972243
BAD 553732616509
BAD 553732616513
BAD 553775704591
BAD 553775704597
BAD 553776140389
BAD 553736355127
BAD 553739675869
BAD 553740248099
BAD 553740248137
BAD 553740248143
BAD 553785966137
BAD 553788242521
BAD 553788242543
BAD 553789870951
BAD 553789870957
BAD 553791177077
BAD 553791516757
BAD 553768501567
BAD 553772798419
BAD 553742498473
BAD 553742498479
BAD 553742498483
BAD 553743651463
BAD 553744028041
BAD 553745862259
BAD 553746148639
BAD 553749158983
BAD 553827222203
BAD 553749842389
BAD 553750477471
BAD 553750751549
BAD 553750751551
BAD 553834502989
BAD 553834803661
BAD 553834803673
BAD 553834803727
BAD 553859891881
BAD 553756485343
BAD 553756485349
BAD 553756485353
BAD 553838765143
BAD 553863108283
BAD 553865194073
BAD 553865418649
BAD 553865418653
BAD 553865418661
BAD 553866188173
BAD 553894657831
BAD 553894657837
BAD 553894657843
BAD 553895183161
BAD 553895743441
BAD 553895743447
BAD 553897600271
BAD 553897600313
BAD 553898871923
BAD 553910659451
BAD 553899774721
BAD 553910659453
BAD 553899774733
BAD 553899774787
BAD 553874324459
BAD 553874324461
BAD 553874324467
BAD 553913083447
BAD 553913675221
BAD 553902881479
BAD 553902881489
BAD 553903703809
BAD 553903809713
BAD 553914793889
BAD 553915700509
BAD 553842626863
BAD 553842626881
BAD 553843617427
BAD 553843617517
BAD 553918814213
BAD 553918906531
BAD 553844754019
BAD 553846384261
BAD 553792672931
BAD 553792672933
BAD 553849035589
BAD 553798876259
BAD 553799731343
BAD 553813206733
BAD 553813577617
BAD 553813577633
BAD 553814388019
BAD 553880338463
BAD 553815367471
BAD 553815512221
BAD 553880899841
BAD 553881003593
BAD 553816305649
BAD 553816305709
BAD 553816305719
BAD 553805541161
BAD 553816990949
BAD 553816990957
BAD 553883529263
BAD 553818699923
BAD 553819503137
BAD 553819503143
BAD 553886164333
BAD 553886164339
BAD 554044840429
BAD 554046470053
BAD 554046470111
BAD 554046470113
BAD 554046470119
BAD 554049249683
BAD 553948531069
BAD 553950238033
BAD 553950238043
BAD 554053349053
BAD 554055426653
BAD 553953952507
BAD 554055916703
BAD 553955467301
BAD 554011141391
BAD 554058790619
BAD 554012909143
BAD 554012934413
BAD 553959078073
BAD 553959078083
BAD 553999903823
BAD 554017827641
BAD 554017827653
BAD 554017827673
BAD 554018829379
BAD 554002013797
BAD 554019201233
BAD 554004173033
BAD 554020609313
BAD 553937120119
BAD 553937120123
BAD 554006666659
BAD 554006666663
BAD 554007123653
BAD 553941460217
BAD 553941460223
BAD 553941733951
BAD 553961251693
BAD 553961251709
BAD 553961251777
BAD 553961251793
BAD 553962458911
BAD 553962929249
BAD 553962929251
BAD 554084011867
BAD 553963891447
BAD 553964654557
BAD 553965794059
BAD 554065809263
BAD 554090082827
BAD 554090082829
BAD 554091072061
BAD 554067973483
BAD 553980694283
BAD 553980694321
BAD 554093361433
BAD 553971304283
BAD 553983632303
BAD 553974272087
BAD 554073691583
BAD 554073693097
BAD 554073693101
BAD 553975771213
BAD 553986126413
BAD 554075729719
BAD 554076274693
BAD 554076451739
BAD 554076451741
BAD 553987070537
BAD 553988239009
BAD 554095502179
BAD 554095574743
BAD 554095574749
BAD 554096601077
BAD 554027629069
BAD 554027629073
BAD 554027729119
BAD 554028476401
BAD 554031172043
BAD 554032039861
BAD 554034755473
BAD 554041016533
BAD 554041016623
BAD 554041016651
BAD 554041016653
BAD 554111565199
BAD 554113235749
BAD 554116019129
BAD 554116019131
BAD 554116099099
BAD 554118398363
BAD 554124705389
BAD 554124705391
BAD 554124804347
BAD 554124804349
BAD 554126289803
BAD 554126617417
BAD 554147715271
BAD 554177969693
BAD 554180168387
BAD 554180168401
BAD 554182571507
BAD 554182959749
BAD 554160873083
BAD 554184679093
BAD 554196959237
BAD 554163724889
BAD 554165468573
BAD 554189749951
BAD 554189749957
BAD 554203208063
BAD 554191436363
BAD 554208159893
BAD 554171842661
BAD 554171842663
BAD 554171842667
BAD 554171842669
BAD 554209959571
BAD 554173438901
BAD 554237524567
BAD 554237524573
BAD 554212963547
BAD 554213636429
BAD 554221316947
BAD 554221550291
BAD 554249571301
BAD 554224299883
BAD 554226029639
BAD 554226029653
BAD 554226029657
BAD 554226029659
BAD 554226029663
BAD 554252081333
BAD 554253296491
BAD 554254827713
BAD 554254827719
BAD 554256855601
BAD 554131696441
BAD 554281121323
BAD 554285400209
BAD 554285400211
BAD 554285400217
BAD 554285704211
BAD 554285704213
BAD 554286102157
BAD 554320548113
BAD 554320896139
BAD 554324268053
BAD 554325553961
BAD 554325553963
BAD 554325760843
BAD 554325760847
BAD 554325760853
BAD 554294500393
BAD 554328363811
BAD 554263242451
BAD 554265253133
BAD 554296917091
BAD 554269827233
BAD 554270350087
BAD 554273628869
BAD 554273628871
BAD 554301177403
BAD 554274489367
BAD 554302253429
BAD 554302253431
BAD 554276503399
BAD 554276537543
BAD 554463274763
BAD 554466535171
BAD 554466535177
BAD 554466535187
BAD 554381744017
BAD 554382157969
BAD 554383623323
BAD 554370501697
BAD 554385929023
BAD 554385929033
BAD 554385929063
BAD 554476068359
BAD 554476729369
BAD 554389991033
BAD 554389991041
BAD 554389991053
BAD 554392417639
BAD 554376957971
BAD 554376957973
BAD 554431727513
BAD 554434327459
BAD 554434327493
BAD 554434327687
BAD 554436082609
BAD 554437666553
BAD 554398168223
BAD 554331176363
BAD 554399997289
BAD 554399997293
BAD 554399997301
BAD 554399997341
BAD 554399997343
BAD 554503789339
BAD 554402347237
BAD 554337305153
BAD 554402740063
BAD 554402740069
BAD 554402740081
BAD 554403547367
BAD 554338806113
BAD 554339413027
BAD 554339413031
BAD 554339425499
BAD 554339425501
BAD 554404330813
BAD 554507928811
BAD 554510192569
BAD 554511164833
BAD 554511164849
BAD 554344914859
BAD 554344914863
BAD 554408384573
BAD 554448989753
BAD 554511408991
BAD 554511409003
BAD 554511631873
BAD 554511832447
BAD 554450664617
BAD 554450664619
BAD 554450664623
BAD 554450664631
BAD 554450664653
BAD 554450664667
BAD 554450664679
BAD 554415557167
BAD 554416323091
BAD 554419763173
BAD 554419763179
BAD 554424885409
BAD 554426786393
BAD 554427148831
BAD 554427148837
BAD 554427148841
BAD 554427148843
BAD 554428086271
BAD 554428086283
BAD 554479976929
BAD 554479976933
BAD 554480933329
BAD 554496012349
BAD 554352757919
BAD 554352757921
BAD 554353635133
BAD 554356755523
BAD 554356755527
BAD 554356755529
BAD 554357276119
BAD 554514170893
BAD 554515670281
BAD 554517030803
BAD 554517466837
BAD 554517466861
BAD 554517809669
BAD 554518070473
BAD 554518942507
BAD 554522600287
BAD 554563782427
BAD 554572646167
BAD 554572646197
BAD 554572646203
BAD 554576178353
BAD 554576642629
BAD 554576664893
BAD 554576664913
BAD 554599996813
BAD 554602180843
BAD 554602336349
BAD 554583731791
BAD 554585180003
BAD 554605716103
BAD 554605716107
BAD 554605716109
BAD 554633188163
BAD 554633188171
BAD 554586828137
BAD 554586828139
BAD 554586828143
BAD 554607831013
BAD 554607831023
BAD 554587971643
BAD 554636031409
BAD 554637418631
BAD 554590808243
BAD 554612279659
BAD 554612403773
BAD 554535383161
BAD 554535383167
BAD 554642158549
BAD 554594419439
BAD 554594419441
BAD 554594419447
BAD 554594419459
BAD 554555108509
BAD 554644397003
BAD 554646669793
BAD 554543790569
BAD 554543790571
BAD 554560691239
BAD 554560691249
BAD 554561766559
BAD 554546454691
BAD 554651786467
BAD 554654330723
BAD 554656327943
BAD 554663297143
BAD 554618987947
BAD 554619386609
BAD 554619386611
BAD 554622949183
BAD 554667231847
BAD 554667406369
BAD 554668392983
BAD 554669047217
BAD 554669047223
BAD 554669968943
BAD 554669968949
BAD 554673369953
BAD 554674782583
BAD 554677584623
BAD 554677584631
BAD 554678940259
BAD 554716234663
BAD 554716234669
BAD 554722382197
BAD 554724858319
BAD 554724858329
BAD 554727102583
BAD 554728720193
BAD 554728720199
BAD 554728720201
BAD 554732789593
BAD 554702796919
BAD 554734210529
BAD 554705494961
BAD 554738812031
BAD 554710915417
BAD 554771882117
BAD 554771882123
BAD 554742463669
BAD 554773221241
BAD 554773221259
BAD 554757903437
BAD 554757903439
BAD 554757903443
BAD 554775179503
BAD 554775179507
BAD 554746556543
BAD 554777014559
BAD 554747274649
BAD 554822551609
BAD 554762360437
BAD 554780194741
BAD 554825291003
BAD 554848935967
BAD 554848935973
BAD 554826770387
BAD 554826770389
BAD 554830861729
BAD 554854431683
BAD 554854686733
BAD 554854686739
BAD 554854686751
BAD 554854979999
BAD 554855804071
BAD 554855804101
BAD 554833685983
BAD 554834184119
BAD 554835658417
BAD 554866427429
BAD 554866427431
BAD 554868755677
BAD 554842507949
BAD 554871175241
BAD 554871175253
BAD 554783149579
BAD 554783465723
BAD 554862027983
BAD 554872487929
BAD 554872487933
BAD 554876214359
BAD 554787113203
BAD 554787181621
BAD 554787971791
BAD 554789647697
BAD 554793187261
BAD 554793187283
BAD 554793273743
BAD 554805138373
BAD 554814814439
BAD 554683192013
BAD 554683192033
BAD 554686809511
BAD 554688681073
BAD 554915991697
BAD 554915991733
BAD 554915991739
BAD 554915991743
BAD 554915991761
BAD 554915991767
BAD 554915991769
BAD 554915991779
BAD 554916653243
BAD 554916653251
BAD 554883262567
BAD 554883650809
BAD 554886195053
BAD 554920040713
BAD 554920040723
BAD 554921829421
BAD 554892254369
BAD 554892254383
BAD 554895039487
BAD 554895039493
BAD 554895039497
BAD 554895039499
BAD 554898773731
BAD 554928194441
BAD 554899477409
BAD 554899477411
BAD 554899477423
BAD 554901539513
BAD 554901539519
BAD 554902590191
BAD 554902590199
BAD 554902857563
BAD 554903364109
BAD 554903894317
BAD 554905056763
BAD 554905056787
BAD 554905828531
BAD 554905828597
BAD 554905828601
BAD 554913240487
BAD 554982854507
BAD 554982854509
BAD 554982854513
BAD 554986946519
BAD 555020787791
BAD 555020787793
BAD 555005209799
BAD 555005209819
BAD 555005499847
BAD 554990545409
BAD 554990545411
BAD 554992302619
BAD 554993138573
BAD 554994096697
BAD 554954517589
BAD 555010448719
BAD 555010448723
BAD 554994700891
BAD 555010805017
BAD 554955602501
BAD 554955602503
BAD 555011944499
BAD 554996850677
BAD 554957520157
BAD 554996850679
BAD 554997241111
BAD 555012396667
BAD 555012396671
BAD 554998287919
BAD 555027833093
BAD 554970762197
BAD 555030189089
BAD 555032881489
BAD 554974103953
BAD 554974103989
BAD 554932835161
BAD 554936065639
BAD 555055838783
BAD 555056540581
BAD 555058284553
BAD 555059437249
BAD 555059437259
BAD 555072556319
BAD 555072556321
BAD 555072556327
BAD 555072616057
BAD 555072616061
BAD 555073025359
BAD 555073108043
BAD 555074027161
BAD 555074027173
BAD 555074027203
BAD 555034201363
BAD 555035070017
BAD 555035070019
BAD 555036498161
BAD 555036498199
BAD 555036498217
BAD 555037667423
BAD 555038380763
BAD 555038593987
BAD 555038593999
BAD 555079927849
BAD 555044300809
BAD 555044300813
BAD 555152224201
BAD 555154550243
BAD 555089961091
BAD 555156760307
BAD 555157146443
BAD 555092792581
BAD 555092792599
BAD 555092792609
BAD 555094170271
BAD 555159823591
BAD 555097423987
BAD 555163555889
BAD 555163659751
BAD 555099144317
BAD 555099144319
BAD 555099144323
BAD 555101301661
BAD 555165155731
BAD 555167668949
BAD 555169365497
BAD 555172049503
BAD 555109527653
BAD 555177184883
BAD 555113483191
BAD 555113796889
BAD 555181792283
BAD 555128083021
BAD 555133420913
BAD 555202955803
BAD 555207814351
BAD 555189575989
BAD 555189576023
BAD 555209482073
BAD 555209482081
BAD 555209482097
BAD 555209482111
BAD 555258298171
BAD 555212017471
BAD 555212017483
BAD 555259642313
BAD 555260708441
BAD 555193338943
BAD 555320476163
BAD 555320476187
BAD 555320476189
BAD 555322038259
BAD 555322038263
BAD 555263715137
BAD 555263715151
BAD 555196619507
BAD 555196619519
BAD 555322199213
BAD 555322199221
BAD 555322199239
BAD 555322199251
BAD 555271378141
BAD 555199108441
BAD 555135801139
BAD 555267243007
BAD 555267316579
BAD 555199977091
BAD 555285128243
BAD 555285128267
BAD 555285128269
BAD 555285128413
BAD 555267538531
BAD 555267538537
BAD 555285382973
BAD 555303059963
BAD 555327346493
BAD 555290131793
BAD 555290131801
BAD 555328363159
BAD 555291126343
BAD 555222751021
BAD 555141714019
BAD 555291611899
BAD 555277938991
BAD 555278114659
BAD 555223485841
BAD 555223888123
BAD 555143823281
BAD 555305832973
BAD 555333233101
BAD 555227904863
BAD 555227904877
BAD 555334719889
BAD 555318103253
BAD 555240347071
BAD 555245075717
BAD 555245075719
BAD 555248708701
BAD 555403852427
BAD 555403852429
BAD 555406063627
BAD 555406319791
BAD 555412580731
BAD 555413899309
BAD 555413899319
BAD 555413899321
BAD 555413899333
BAD 555417188311
BAD 555418147069
BAD 555354809963
BAD 555354810007
BAD 555354810019
BAD 555356354953
BAD 555356354957
BAD 555391843739
BAD 555359397301
BAD 555359397311
BAD 555393515333
BAD 555396404239
BAD 555397399939
BAD 555398838899
BAD 555401407181
BAD 555401407189
BAD 555401407193
BAD 555364834859
BAD 555364834861
BAD 555364834867
BAD 555365255521
BAD 555367318699
BAD 555336378097
BAD 555336527371
BAD 555337418551
BAD 555338349473
BAD 555370587571
BAD 555372449663
BAD 555346567999
BAD 555381212339
BAD 555349778003
BAD 555385254533
BAD 555420821243
BAD 555420821251
BAD 555422561431
BAD 555422912201
BAD 555422912203
BAD 555426380759
BAD 555426380767
BAD 555428291881
BAD 555432189517
BAD 555433054537
BAD 555438617233
BAD 555441128227
BAD 555443361773
BAD 555443361779
BAD 555444269647
BAD 555444269657
BAD 555444269659
BAD 555444269663
BAD 555447229013
BAD 555489978313
BAD 555489978317
BAD 555536754503
BAD 555453406309
BAD 555453406331
BAD 555470182741
BAD 555470182747
BAD 555454635023
BAD 555540497191
BAD 555455965849
BAD 555457171757
BAD 555542587373
BAD 555542587381
BAD 555542587387
BAD 555543147683
BAD 555500026013
BAD 555460058303
BAD 555460432789
BAD 555474699319
BAD 555544214333
BAD 555464626111
BAD 555548415953
BAD 555548448577
BAD 555549803153
BAD 555549803161
BAD 555549803177
BAD 555620973689
BAD 555624075841
BAD 555639691219
BAD 555627156983
BAD 555627156989
BAD 555627156991
BAD 555627744467
BAD 555627744491
BAD 555627744493
BAD 555641852999
BAD 555641853001
BAD 555642981373
BAD 555643282763
BAD 555631030237
BAD 555631030249
BAD 555631030259
BAD 555631030261
BAD 555632506217
BAD 555646215389
BAD 555651105349
BAD 555524890441
BAD 555528232123
BAD 555529118891
BAD 555510958339
BAD 555556142641
BAD 555556142651
BAD 555556142719
BAD 555512539123
BAD 555512724803
BAD 555532013917
BAD 555556376327
BAD 555556376329
BAD 555556376341
BAD 555515611513
BAD 555614238769
BAD 555536382859
BAD 555561046399
BAD 555561204139
BAD 555672527999
BAD 555673493831
BAD 555673493833
BAD 555673493839
BAD 555565893991
BAD 555565893997
BAD 555705852421
BAD 555678301133
BAD 555567123743
BAD 555709517723
BAD 555680991589
BAD 555681771067
BAD 555586952383
BAD 555586952387
BAD 555712525493
BAD 555712847959
BAD 555683984591
BAD 555686736053
BAD 555716567851
BAD 555591862363
BAD 555592996333
BAD 555724567373
BAD 555724775401
BAD 555719920631
BAD 555719920633
BAD 555720203581
BAD 555726622697
BAD 555726622699
BAD 555726761063
BAD 555598475123
BAD 555598475129
BAD 555688668559
BAD 555688835731
BAD 555599932213
BAD 555600841451
BAD 555601567019
BAD 555601567021
BAD 555733745141
BAD 555660825373
BAD 555603382853
BAD 555664326619
BAD 555665537201
BAD 555669853493
BAD 555670017341
BAD 555670017359
BAD 555573497293
BAD 555701960819
BAD 555739054009
BAD 555739274581
BAD 555741511849
BAD 555805341983
BAD 555805341989
BAD 555805341991
BAD 555805341997
BAD 555747754363
BAD 555809717933
BAD 555750871703
BAD 555752917501
BAD 555764789659
BAD 555764789663
BAD 555814227181
BAD 555815140733
BAD 555768299939
BAD 555768299941
BAD 555769745953
BAD 555818104033
BAD 555819797903
BAD 555776746417
BAD 555784137869
BAD 555784956871
BAD 555785071651
BAD 555786372209
BAD 555786925313
BAD 555791946893
BAD 555791946901
BAD 555794825329
BAD 555821761219
BAD 555830788063
BAD 555831265771
BAD 555831265777
BAD 555835858063
BAD 555838767527
BAD 555838767529
BAD 555872231701
BAD 555872231711
BAD 555872231713
BAD 555873958447
BAD 555875447893
BAD 555848585483
BAD 555848585497
BAD 555848585587
BAD 555849096479
BAD 555881442107
BAD 555882473281
BAD 555885044137
BAD 555853628753
BAD 555886931867
BAD 555886931869
BAD 555887042479
BAD 555942238921
BAD 555942470617
BAD 555865947473
BAD 555932219281
BAD 555933726937
BAD 555933726947
BAD 555933726949
BAD 555934112731
BAD 555948479089
BAD 555938877679
BAD 555869114683
BAD 555870846701
BAD 555870846703
BAD 555906826201
BAD 555906826243
BAD 555906826249
BAD 555907818379
BAD 555911329117
BAD 555911572837
BAD 555912538057
BAD 555913594253
BAD 556033871587
BAD 556034565859
BAD 555957992171
BAD 555957992173
BAD 555957992179
BAD 555960705931
BAD 555960705941
BAD 555960705943
BAD 555960965719
BAD 555964648237
BAD 555964648249
BAD 555964648273
BAD 555965762431
BAD 555966539137
BAD 555892071617
BAD 555892071619
BAD 555892071719
BAD 555892096807
BAD 556040967143
BAD 556043894117
BAD 556043894123
BAD 555898280809
BAD 555900041663
BAD 555901302809
BAD 555901302811
BAD 555901350601
BAD 556062945553
BAD 556050847243
BAD 556065650011
BAD 556065650017
BAD 555995588903
BAD 555996736133
BAD 555997949671
BAD 555997949719
BAD 556096864733
BAD 556055925253
BAD 555999816973
BAD 556071742883
BAD 555977420239
BAD 556071874291
BAD 556071874297
BAD 556071874313
BAD 556125339283
BAD 556004391991
BAD 556106549113
BAD 556106549123
BAD 555983067247
BAD 555983067257
BAD 555983067259
BAD 556113712607
BAD 556007737939
BAD 556007738003
BAD 556131765229
BAD 556077781927
BAD 556116220703
BAD 556012162873
BAD 556012162999
BAD 556012163011
BAD 556012163023
BAD 556117587169
BAD 556117587173
BAD 556134406483
BAD 555987772399
BAD 556013392513
BAD 556118341433
BAD 556135690819
BAD 556135690829
BAD 556118950489
BAD 556137454163
BAD 556120367533
BAD 556083306661
BAD 556122958411
BAD 556140084631
BAD 556140084637
BAD 556019570441
BAD 556019570443
BAD 556086984083
BAD 556022647189
BAD 556174851503
BAD 556175068727
BAD 556186530569
BAD 556186530577
BAD 556186530593
BAD 556190475979
BAD 556190475983
BAD 556190476003
BAD 556190476013
BAD 556144765453
BAD 556146068539
BAD 556156623703
BAD 556214147149
BAD 556214147213
BAD 556219385303
BAD 556158027673
BAD 556159563301
BAD 556159563307
BAD 556196167789
BAD 556198451051
BAD 556198892479
BAD 556167315103
BAD 556167315139
BAD 556167900209
BAD 556202619967
BAD 556170119003
BAD 556203799313
BAD 556203799321
BAD 556243423633
BAD 556244736979
BAD 556245697589
BAD 556251198299
BAD 556251198301
BAD 556251198319
BAD 556256824021
BAD 556256824037
BAD 556228229497
BAD 556228591483
BAD 556232260169
BAD 556233694637
BAD 556234643389
BAD 556264591111
BAD 556266222797
BAD 556269649703
BAD 556309068031
BAD 556309068043
BAD 556309068047
BAD 556309068053
BAD 556309068061
BAD 556316635583
BAD 556316792917
BAD 556316800357
BAD 556319992583
BAD 556274953009
BAD 556277659429
BAD 556277659433
BAD 556293340481
BAD 556346477191
BAD 556298019923
BAD 556298918573
BAD 556299385801
BAD 556299385813
BAD 556288224409
BAD 556288224413
BAD 556288237409
BAD 556428103873
BAD 556428428483
BAD 556429602863
BAD 556304400103
BAD 556353920561
BAD 556353920569
BAD 556354278061
BAD 556354278079
BAD 556354278083
BAD 556305354901
BAD 556435014851
BAD 556436126209
BAD 556306912879
BAD 556306912883
BAD 556307166361
BAD 556307166367
BAD 556496287283
BAD 556364108281
BAD 556364278807
BAD 556307836163
BAD 556366445251
BAD 556409138851
BAD 556477569889
BAD 556410186833
BAD 556410186877
BAD 556440283771
BAD 556499193463
BAD 556499474039
BAD 556441316069
BAD 556441316071
BAD 556479065039
BAD 556510258111
BAD 556510353961
BAD 556461072373
BAD 556511198071
BAD 556480680631
BAD 556480680683
BAD 556413188587
BAD 556413188593
BAD 556413188599
BAD 556413188603
BAD 556413188609
BAD 556370956091
BAD 556396038511
BAD 556371847949
BAD 556371847951
BAD 556463541859
BAD 556463541863
BAD 556396998239
BAD 556483228607
BAD 556374036739
BAD 556417952183
BAD 556506057799
BAD 556488454997
BAD 556488454999
BAD 556489484953
BAD 556489484963
BAD 556404548653
BAD 556404548657
BAD 556528723981
BAD 556492194919
BAD 556492354037
BAD 556492354039
BAD 556492354057
BAD 556407097711
BAD 556521493823
BAD 556521493849
BAD 556470954649
BAD 556470954653
BAD 556472342059
BAD 556472342131
BAD 556472462971
BAD 556325534299
BAD 556325534371
BAD 556525596619
BAD 556449814831
BAD 556449814847
BAD 556449814849
BAD 556326954811
BAD 556326954863
BAD 556329899693
BAD 556331514751
BAD 556331596217
BAD 556455272237
BAD 556455272239
BAD 556540580599
BAD 556455702113
BAD 556332834511
BAD 556458035531
BAD 556338533693
BAD 556375480009
BAD 556375480013
BAD 556376757887
BAD 556376757889
BAD 556377578551
BAD 556381886959
BAD 556382860157
BAD 556387792421
BAD 556387792423
BAD 556387792427
BAD 556387796903
BAD 556388607227
BAD 556390162739
BAD 556547563531
BAD 556548132121
BAD 556548812333
BAD 556560659233
BAD 556551606323
BAD 556561427393
BAD 556553640067
BAD 556553640077
BAD 556553640079
BAD 556554864143
BAD 556565548579
BAD 556566354143
BAD 556557385541
BAD 556576824547
BAD 556581071269
BAD 556581071303
BAD 556581071311
BAD 556632884789
BAD 556633312519
BAD 556634530633
BAD 556634530649
BAD 556614211081
BAD 556614211103
BAD 556637815387
BAD 556637815411
BAD 556618861807
BAD 556639692709
BAD 556622239549
BAD 556622239619
BAD 556622924953
BAD 556623007141
BAD 556623007147
BAD 556623655759
BAD 556625049919
BAD 556625049923
BAD 556595103151
BAD 556595103173
BAD 556643897699
BAD 556643897701
BAD 556595309267
BAD 556595309269
BAD 556595309273
BAD 556596984301
BAD 556646949083
BAD 556646949091
BAD 556650236971
BAD 556650310849
BAD 556650310873
BAD 556652022403
BAD 556653178087
BAD 556655796803
BAD 556656232807
BAD 556605020989
BAD 556606329079
BAD 556608398873
BAD 556609301783
BAD 556677594883
BAD 556677700991
BAD 556677700993
BAD 556689038603
BAD 556689038611
BAD 556689038617
BAD 556689038621
BAD 556689038623
BAD 556689774961
BAD 556691065859
BAD 556728693071
BAD 556729891763
BAD 556914899119
BAD 556831741339
BAD 556831741343
BAD 556732789973
BAD 556918427189
BAD 556918641709
BAD 556884833059
BAD 556833459289
BAD 556833459293
BAD 556833684191
BAD 556887068147
BAD 556887068149
BAD 556887647977
BAD 556887648007
BAD 556923204379
BAD 556838039363
BAD 556838299553
BAD 556839568249
BAD 556839568309
BAD 556925905673
BAD 556841512523
BAD 556841782229
BAD 556842161683
BAD 556741588609
BAD 556743560371
BAD 556743560377
BAD 556744136671
BAD 556744136701
BAD 556744136723
BAD 556744136731
BAD 556930439099
BAD 556930439101
BAD 556930902233
BAD 556747697749
BAD 556932203089
BAD 556749437731
BAD 556933707709
BAD 556750646929
BAD 556935163013
BAD 556864344403
BAD 556864344409
BAD 556864640467
BAD 556753507757
BAD 556866252463
BAD 556940587373
BAD 556755915049
BAD 556867908763
BAD 556899626137
BAD 556762946491
BAD 556944812023
BAD 556870867291
BAD 556870867309
BAD 556870867313
BAD 556944956863
BAD 556764661109
BAD 556764661111
BAD 556712738693
BAD 556902470041
BAD 556765071803
BAD 556674922501
BAD 556904848081
BAD 556715701309
BAD 556716938783
BAD 556709677039
BAD 556908865111
BAD 556780759547
BAD 556795191991
BAD 556720005113
BAD 556850838589
BAD 556782178373
BAD 556777202437
BAD 556852357651
BAD 556721843089
BAD 556911626683
BAD 556799094809
BAD 556853506577
BAD 556853506579
BAD 556854352463
BAD 556854352471
BAD 556723877959
BAD 556812508411
BAD 556814033063
BAD 556803138263
BAD 556726547569
BAD 556726547593
BAD 556814909843
BAD 556815730319
BAD 556815730321
BAD 556815730327
BAD 556805579731
BAD 556859941801
BAD 556860611717
BAD 556860611719
BAD 556791522839
BAD 556807241993
BAD 556807628647
BAD 556818670763
BAD 556794035141
BAD 556810712743
BAD 556824484351
BAD 556826800643
BAD 556951457477
BAD 556951457479
BAD 556951457483
BAD 556951699201
BAD 556952366263
BAD 556953226121
BAD 556957193651
BAD 556958788459
BAD 556962347761
BAD 556963588903
BAD 556963880329
BAD 556965447847
BAD 556969721101
BAD 556973892203
BAD 556976716033
BAD 556976940991
BAD 556979679019
BAD 556979679023
BAD 556987809383
BAD 556989920603
BAD 556994767523
BAD 556994767529
BAD 556994767531
BAD 556995341633
BAD 557015761483
BAD 557016461633
BAD 557016461641
BAD 557017639049
BAD 557019723737
BAD 557019723739
BAD 557025494827
BAD 556997114299
BAD 557027822971
BAD 556999577993
BAD 556999578017
BAD 556999578019
BAD 557001217723
BAD 557003186161
BAD 557005101127
BAD 557009818957
BAD 557010454589
BAD 557010454591
BAD 557010454597
BAD 557011144783
BAD 557012789633
BAD 557012789639
BAD 557039397227
BAD 557039992903
BAD 557040494099
BAD 557047248559
BAD 557041143587
BAD 557041143601
BAD 557050430809
BAD 557050430819
BAD 557050430821
BAD 557051342873
BAD 557061567253
BAD 557061849427
BAD 557115699293
BAD 557117042249
BAD 557118095257
BAD 557120819173
BAD 557121474139
BAD 557121527551
BAD 557121527593
BAD 557122556671
BAD 557122585969
BAD 557123052763
BAD 557123052767
BAD 557123052769
BAD 557130629449
BAD 557130629453
BAD 557134764323
BAD 557130272603
BAD 557135162587
BAD 557135162593
BAD 557135329433
BAD 557135329447
BAD 557135329451
BAD 557135329453
BAD 557100797467
BAD 557140050683
BAD 557140050689
BAD 557105716883
BAD 557110366909
BAD 557144399179
BAD 557112266849
BAD 557145689239
BAD 557084072071
BAD 557084681089
BAD 557197473883
BAD 557148782503
BAD 557252000423
BAD 557066745197
BAD 557066745199
BAD 557066745203
BAD 557150090779
BAD 557150090789
BAD 557198920651
BAD 557150409931
BAD 557150830627
BAD 557150830631
BAD 557150830633
BAD 557255154121
BAD 557069126597
BAD 557069126599
BAD 557069860189
BAD 557069893591
BAD 557152994971
BAD 557321466973
BAD 557074160491
BAD 557201635883
BAD 557152994977
BAD 557256738559
BAD 557321466979
BAD 557152995023
BAD 557321466983
BAD 557075040143
BAD 557204989567
BAD 557076956243
BAD 557076956263
BAD 557205578333
BAD 557205578341
BAD 557158046779
BAD 557079318647
BAD 557158551031
BAD 557262526943
BAD 557159321449
BAD 557330350051
BAD 557330350067
BAD 557330350069
BAD 557299605851
BAD 557300358607
BAD 557306305949
BAD 557306305951
BAD 557306305967
BAD 557306598781
BAD 557231118869
BAD 557231200223
BAD 557309641963
BAD 557166636661
BAD 557167404071
BAD 557266914433
BAD 557266914437
BAD 557266914439
BAD 557266914443
BAD 557312945753
BAD 557182737151
BAD 557169840301
BAD 557169840323
BAD 557235867119
BAD 557235867121
BAD 557235867137
BAD 557283719123
BAD 557283719149
BAD 557285807873
BAD 557286939821
BAD 557286939823
BAD 557287083841
BAD 557273261459
BAD 557273734163
BAD 557175118639
BAD 557287706029
BAD 557188236439
BAD 557289557183
BAD 557177228917
BAD 557242345603
BAD 557242345607
BAD 557189847169
BAD 557189847173
BAD 557276772757
BAD 557243437007
BAD 557189847191
BAD 557276906437
BAD 557337956453
BAD 557243985707
BAD 557243985709
BAD 557244192377
BAD 557297322833
BAD 557245842541
BAD 557178387361
BAD 557340452791
BAD 557340452813
BAD 557180500321
BAD 557365399733
BAD 557194379957
BAD 557194379969
BAD 557343360323
BAD 557367494713
BAD 557367687623
BAD 557367687631
BAD 557355259597
BAD 557356669577
BAD 557356669579
BAD 557369928701
BAD 557348000557
BAD 557371730297
BAD 557228027449
BAD 557228027453
BAD 557373219113
BAD 557373601651
BAD 557373601657
BAD 557373601663
BAD 557363133863
BAD 557378542009
BAD 557378542013
BAD 557378542027
BAD 557364759257
BAD 557381137399
BAD 557403247123
BAD 557403247127
BAD 557403247129
BAD 557409068551
BAD 557461049491
BAD 557435107921
BAD 557461881763
BAD 557439167269
BAD 557439167293
BAD 557439495931
BAD 557447162683
BAD 557447162687
BAD 557447162689
BAD 557447162693
BAD 557447944973
BAD 557387345063
BAD 557448772459
BAD 557416245319
BAD 557419068727
BAD 557392509959
BAD 557398159183
BAD 557427003293
BAD 557431108753
BAD 557469129233
BAD 557471942851
BAD 557472649631
BAD 557472649633
BAD 557472649637
BAD 557472649639
BAD 557472649757
BAD 557474181227
BAD 557474181233
BAD 557478661679
BAD 557478661703
BAD 557478661721
BAD 557478661723
BAD 557482203017
BAD 557486345959
BAD 557486930599
BAD 557486930621
BAD 557489413681
BAD 557496816671
BAD 557735380883
BAD 557736815071
BAD 557737784353
BAD 557767946521
BAD 557671012243
BAD 557671317589
BAD 557777484787
BAD 557778460621
BAD 557780585371
BAD 557633844857
BAD 557782502119
BAD 557635751963
BAD 557635751971
BAD 557783222093
BAD 557784186331
BAD 557638541549
BAD 557683038901
BAD 557683038907
BAD 557683557559
BAD 557619505129
BAD 557619505139
BAD 557653823567
BAD 557653823569
BAD 557654074597
BAD 557717939717
BAD 557517247033
BAD 557657850619
BAD 557660091673
BAD 557660193323
BAD 557693191439
BAD 557705462527
BAD 557570935643
BAD 557570935651
BAD 557571133213
BAD 557554544423
BAD 557572008601
BAD 557572008607
BAD 557502350641
BAD 557585911507
BAD 557729284823
BAD 557633122201
BAD 557535010667
BAD 557574429563
BAD 557708516383
BAD 557535010673
BAD 557504329861
BAD 557556855539
BAD 557535517639
BAD 557557248889
BAD 557666325341
BAD 557666325343
BAD 557666325353
BAD 557587698337
BAD 557711055469
BAD 557577480739
BAD 557508447277
BAD 557538717389
BAD 557538717391
BAD 557538717403
BAD 557590930363
BAD 557590930373
BAD 557715113251
BAD 557540941943
BAD 557592320849
BAD 557592320851
BAD 557582193989
BAD 557582193991
BAD 557592626887
BAD 557543561447
BAD 557599998509
BAD 557599998511
BAD 557549384159
BAD 557549400563
BAD 557757730081
BAD 557762074313
BAD 557762074321
BAD 557762074327
BAD 557762074351
BAD 557763454789
BAD 557766115771
BAD 557601688153
BAD 557601688159
BAD 557601688211
BAD 557601688213
BAD 557603574397
BAD 557616226579
BAD 557852240137
BAD 557853408877
BAD 557853592321
BAD 557853592327
BAD 557853592333
BAD 557856391223
BAD 557861948543
BAD 557861948551
BAD 557862241171
BAD 557867274599
BAD 557803278737
BAD 557803681459
BAD 557832661313
BAD 557813883689
BAD 557784685489
BAD 557813883691
BAD 557814480781
BAD 557834050297
BAD 557816616743
BAD 557816616751
BAD 557816702819
BAD 557787712297
BAD 557787712301
BAD 557787712303
BAD 557817775069
BAD 557791022333
BAD 557791022339
BAD 557800193443
BAD 557871070417
BAD 557871562783
BAD 557875362263
BAD 557875362269
BAD 557875362271
BAD 557889428513
BAD 557889428521
BAD 557889428533
BAD 557889428539
BAD 557889428543
BAD 557889811579
BAD 557889811639
BAD 557889811643
BAD 557891753603
BAD 557923192339
BAD 557923566289
BAD 557923566293
BAD 557924915533
BAD 557926405987
BAD 557926406003
BAD 557929213469
BAD 557929249711
BAD 557929886771
BAD 557934297731
BAD 557935085033
BAD 557948017177
BAD 558105058747
BAD 558105307567
BAD 558105307577
BAD 558105307579
BAD 557949300169
BAD 557950042861
BAD 558038400827
BAD 557951513783
BAD 557951513789
BAD 557951721673
BAD 557951721683
BAD 558142823353
BAD 558174098353
BAD 558110007031
BAD 558176682893
BAD 558176682901
BAD 558146139973
BAD 558146246719
BAD 558146246761
BAD 558146672137
BAD 558044186131
BAD 558114437261
BAD 558114691999
BAD 558115081361
BAD 558184781681
BAD 558184781701
BAD 558186100421
BAD 558153597271
BAD 557904553579
BAD 557904669799
BAD 557905850701
BAD 557914433449
BAD 557916937189
BAD 558160590661
BAD 558021211001
BAD 558021211073
BAD 558022863187
BAD 558163430261
BAD 558163430263
BAD 558164270761
BAD 558166532977
BAD 558169023389
BAD 558054219301
BAD 557970861869
BAD 557970861871
BAD 558008828761
BAD 558060872029
BAD 557980191331
BAD 557980191343
BAD 557957116967
BAD 558016478153
BAD 558123119401
BAD 557957116973
BAD 558065386079
BAD 557988060803
BAD 558123119429
BAD 558065386103
BAD 557988060809
BAD 557988060823
BAD 557988060827
BAD 557988060829
BAD 557988060841
BAD 558123348623
BAD 557957630809
BAD 558017134561
BAD 557985711169
BAD 557959408763
BAD 558067862333
BAD 557960610371
BAD 558067984651
BAD 558067984657
BAD 558019313723
BAD 558086959621
BAD 558126366491
BAD 558126366493
BAD 558068872051
BAD 558068872063
BAD 558087543983
BAD 558126841141
BAD 557962590979
BAD 557962591057
BAD 558069305503
BAD 558127222027
BAD 557963958883
BAD 557965270493
BAD 557965661303
BAD 558092170763
BAD 557967547289
BAD 558100606981
BAD 558103354189
BAD 558076891513
BAD 558076891517
BAD 558080158759
BAD 558080346877
BAD 558080346913
BAD 558081865577
BAD 558083128039
BAD 558223525553
BAD 558256858559
BAD 558256858561
BAD 558256858609
BAD 558257597813
BAD 558227200549
BAD 558262537691
BAD 558262933981
BAD 558263568703
BAD 558232141783
BAD 558232141933
BAD 558204487877
BAD 558204487879
BAD 558205497181
BAD 558208361327
BAD 558208361329
BAD 558208586513
BAD 558191938571
BAD 558191938573
BAD 558194037901
BAD 558211607587
BAD 558215348407
BAD 558215508757
BAD 558202001971
BAD 558241082689
BAD 558242644769
BAD 558276499051
BAD 558276541531
BAD 558276964657
BAD 558249616759
BAD 558284849047
BAD 558284849051
BAD 558284849053
BAD 558286868653
BAD 558286868669
BAD 558287134231
BAD 558288910541
BAD 558288910559
BAD 558288910561
BAD 558305195281
BAD 558305413489
BAD 558291738503
BAD 558292935517
BAD 558308758229
BAD 558311788949
BAD 558296962213
BAD 558296962231
BAD 558296962309
BAD 558296962313
BAD 558296962319
BAD 558297256763
BAD 558313827143
BAD 558314027123
BAD 558314155253
BAD 558314847557
BAD 558325686679
BAD 558325686689
BAD 558325686691
BAD 558326208787
BAD 558318486211
BAD 558327433819
BAD 558327433823
BAD 558328303231
BAD 558328303243
BAD 558328303261
BAD 558321347603
BAD 558321347609
BAD 558321347611
BAD 558331940477
BAD 558303436043
BAD 558333955759
BAD 558335063501
BAD 558335408317
BAD 558335408329
BAD 558335408333
BAD 558336017699
BAD 558355945523
BAD 558355945529
BAD 558356495419
BAD 558356495423
BAD 558356495429
BAD 558341302399
BAD 558357419041
BAD 558342337321
BAD 558342337327
BAD 558359864837
BAD 558360228133
BAD 558386915869
BAD 558346857511
BAD 558388592389
BAD 558388592393
BAD 558349468219
BAD 558349808389
BAD 558351581807
BAD 558411884761
BAD 558412892207
BAD 558412892209
BAD 558412900289
BAD 558412900291
BAD 558415635889
BAD 558418324931
BAD 558391132501
BAD 558391370659
BAD 558395011639
BAD 558489284123
BAD 558439764167
BAD 558473903843
BAD 558492747353
BAD 558492747391
BAD 558493072147
BAD 558496001969
BAD 558506978327
BAD 558506978329
BAD 558506978333
BAD 558496985791
BAD 558457992229
BAD 558512113933
BAD 558501950957
BAD 558501950959
BAD 558453901471
BAD 558517064453
BAD 558517573787
BAD 558464180867
BAD 558465057593
BAD 558487939679
BAD 558466206679
BAD 558466698619
BAD 558466698623
BAD 558466698637
BAD 558468847171
BAD 558468847177
BAD 558470516581
BAD 558583714151
BAD 558583714153
BAD 558425405389
BAD 558428346767
BAD 558428346769
BAD 558428456071
BAD 558428456077
BAD 558430855523
BAD 558562202689
BAD 558563005339
BAD 558563138149
BAD 558563138153
BAD 558563573881
BAD 558563573899
BAD 558435278693
BAD 558566081263
BAD 558566196977
BAD 558566196983
BAD 558568385797
BAD 558568385801
BAD 558526181263
BAD 558526181273
BAD 558526181309
BAD 558526463239
BAD 558438481099
BAD 558438481109
BAD 558528725093
BAD 558528725101
BAD 558528725107
BAD 558571744433
BAD 558572864071
BAD 558572864089
BAD 558535722193
BAD 558535722197
BAD 558535872907
BAD 558536563843
BAD 558539587159
BAD 558539587189
BAD 558544106083
BAD 558551224531
BAD 558674164003
BAD 558677413249
BAD 558677413253
BAD 558678226517
BAD 558625471363
BAD 558625471367
BAD 558625471373
BAD 558680465543
BAD 558632301559
BAD 558640276981
BAD 558687615601
BAD 558687615617
BAD 558687615623
BAD 558643661423
BAD 558643661431
BAD 558690593269
BAD 558645482939
BAD 558649498207
BAD 558659672453
BAD 558659756623
BAD 558659756639
BAD 558661027699
BAD 558652767889
BAD 558662907721
BAD 558662907731
BAD 558665355331
BAD 558655813171
BAD 558669588823
BAD 558670129519
BAD 558607801211
BAD 558593926483
BAD 558595541281
BAD 558611365093
BAD 558611365099
BAD 558611365121
BAD 558613891163
BAD 558599663191
BAD 558616510163
BAD 558601731091
BAD 558602873219
BAD 558602873221
BAD 558603205621
BAD 558619124543
BAD 558604170151
BAD 558604170211
BAD 558621865159
BAD 558693602023
BAD 558694544927
BAD 558696583483
BAD 558701946619
BAD 558701946623
BAD 558701946629
BAD 558701946631
BAD 558701946637
BAD 558702248659
BAD 558703515649
BAD 558703515653
BAD 558703515661
BAD 558704278733
BAD 558704585539
BAD 558705905293
BAD 558705905299
BAD 558707182507
BAD 558775263559
BAD 558780076171
BAD 558758343151
BAD 558761841751
BAD 558788354123
BAD 558788354153
BAD 558746172253
BAD 558789373687
BAD 558789373691
BAD 558791132063
BAD 558728835391
BAD 558728835397
BAD 558749594551
BAD 558749594561
BAD 558749594563
BAD 558749594567
BAD 558749594569
BAD 558749594573
BAD 558749739503
BAD 558773861851
BAD 558749739523
BAD 558730586917
BAD 558750608453
BAD 558752444573
BAD 558753404483
BAD 558754795309
BAD 558755946949
BAD 558735445069
BAD 558736959523
BAD 558739670581
BAD 558739817947
BAD 558739817983
BAD 558796312709
BAD 558796316047
BAD 558800480923
BAD 558802452781
BAD 558802452787
BAD 558803491283
BAD 558803491289
BAD 558803491291
BAD 558804568219
BAD 558807660809
BAD 558807660811
BAD 558809778907
BAD 558809778911
BAD 558809778913
BAD 558810681229
BAD 558912632209
BAD 558920201641
BAD 558921436981
BAD 558921436999
BAD 558710989313
BAD 558711754373
BAD 558713660941
BAD 558923355943
BAD 558823030177
BAD 558823030193
BAD 558823666747
BAD 558831723683
BAD 558833657341
BAD 558839379071
BAD 558839379073
BAD 558878909539
BAD 558879047879
BAD 558942898159
BAD 558942938867
BAD 558881885491
BAD 558859018063
BAD 558883740139
BAD 558885874669
BAD 558893830357
BAD 558893830367
BAD 558886581833
BAD 558894418969
BAD 558887384059
BAD 558895567907
BAD 558895567913
BAD 558948724013
BAD 558889143367
BAD 558865533529
BAD 558889668361
BAD 558889668553
BAD 558889668559
BAD 558898147909
BAD 558950064709
BAD 558950064713
BAD 558890283337
BAD 558899393093
BAD 558951506303
BAD 558967330673
BAD 558967399517
BAD 558967399519
BAD 558844566199
BAD 558844566211
BAD 558845254259
BAD 558902405251
BAD 558954291823
BAD 558970625293
BAD 558904349099
BAD 558869713979
BAD 558869713981
BAD 558971877991
BAD 558956072401
BAD 558905497013
BAD 558871526233
BAD 558974885327
BAD 558958412303
BAD 558908588041
BAD 558908588047
BAD 558850823437
BAD 558874882567
BAD 558874882571
BAD 558995495351
BAD 558995640871
BAD 558995640881
BAD 558995640883
BAD 558925611353
BAD 558927734657
BAD 558929041739
BAD 558930247459
BAD 558931494799
BAD 558931494817
BAD 558934837723
BAD 558976362787
BAD 558976625461
BAD 558976625483
BAD 558938042869
BAD 558982464181
BAD 558941110163
BAD 558990066473
BAD 559027561711
BAD 559059891601
BAD 559011921343
BAD 559013351929
BAD 559016245057
BAD 559067496301
BAD 559067496307
BAD 559038506041
BAD 559070335781
BAD 559040724299
BAD 559022010167
BAD 559070335783
BAD 559040724301
BAD 559070335801
BAD 559070335807
BAD 559070335819
BAD 559025652751
BAD 559049062249
BAD 559056873343
BAD 559057182707
BAD 559057182709
BAD 559077025547
BAD 559077025553
BAD 559080208763
BAD 559080301963
BAD 559082173231
BAD 559085347357
BAD 559085752579
BAD 559085752583
BAD 559085752679
BAD 559085752681
BAD 559085752697
BAD 559085752699
BAD 559088992123
BAD 559088992129
BAD 559096614353
BAD 559096614361
BAD 559101419449
BAD 559101419453
BAD 559121689591
BAD 559122138193
BAD 559122545633
BAD 559107945919
BAD 559107945923
BAD 559153014493
BAD 559153014509
BAD 559158187813
BAD 559158187817
BAD 559158187823
BAD 559158187829
BAD 559158187831
BAD 559158187837
BAD 559158187843
BAD 559126815019
BAD 559126815073
BAD 559126815077
BAD 559128037723
BAD 559128161821
BAD 559130697863
BAD 559130697907
BAD 559130697913
BAD 559130697919
BAD 559182949693
BAD 559139115289
BAD 559192064609
BAD 559143185989
BAD 559143542509
BAD 559196939221
BAD 559198098763
BAD 559199410747
BAD 559199410751
BAD 559199410753
BAD 559202461309
BAD 559202461313
BAD 559202461319
BAD 559379104751
BAD 559203187561
BAD 559205710867
BAD 559386958901
BAD 559386958903
BAD 559163863267
BAD 559209275957
BAD 559209275959
BAD 559209459889
BAD 559391045539
BAD 559368988831
BAD 559369483537
BAD 559370868943
BAD 559168662937
BAD 559171710353
BAD 559171710413
BAD 559171710421
BAD 559172154859
BAD 559210984903
BAD 559210993181
BAD 559210993183
BAD 559175951333
BAD 559176774623
BAD 559249695973
BAD 559330773919
BAD 559213572233
BAD 559282024351
BAD 559214255381
BAD 559332688429
BAD 559332728303
BAD 559399831609
BAD 559399831621
BAD 559400531983
BAD 559284923833
BAD 559285168159
BAD 559286377063
BAD 559402862177
BAD 559402862203
BAD 559402862219
BAD 559287119453
BAD 559218569153
BAD 559405186399
BAD 559297765111
BAD 559297765123
BAD 559407580231
BAD 559220232931
BAD 559408298047
BAD 559408810423
BAD 559269547201
BAD 559221549259
BAD 559221549277
BAD 559221549281
BAD 559300078109
BAD 559410606851
BAD 559339277183
BAD 559354023689
BAD 559354023691
BAD 559340479871
BAD 559271824009
BAD 559272762709
BAD 559272762743
BAD 559303046311
BAD 559303046317
BAD 559303046321
BAD 559303046329
BAD 559303581931
BAD 559274479411
BAD 559274990581
BAD 559225005803
BAD 559305053833
BAD 559305053837
BAD 559226078707
BAD 559276555223
BAD 559276555237
BAD 559276555273
BAD 559318730857
BAD 559318731091
BAD 559324648681
BAD 559326257131
BAD 559228533373
BAD 559230884117
BAD 559230884119
BAD 559230884131
BAD 559231189849
BAD 559232811727
BAD 559235833469
BAD 559235833477
BAD 559239835591
BAD 559412150779
BAD 559412258711
BAD 559418702677
BAD 559422801527
BAD 559422801529
BAD 559422801533
BAD 559422801601
BAD 559422801607
BAD 559447511089
BAD 559423585927
BAD 559423585957
BAD 559448048989
BAD 559448048993
BAD 559449457423
BAD 559450220323
BAD 559426364659
BAD 559451052481
BAD 559451052491
BAD 559451052493
BAD 559451615917
BAD 559456282999
BAD 559458972571
BAD 559466762339
BAD 559460934607
BAD 559460934611
BAD 559472922473
BAD 559472922493
BAD 559473907669
BAD 559473907673
BAD 559440300149
BAD 559440300151
BAD 559474598413
BAD 559441846939
BAD 559478432741
BAD 559478432743
BAD 559481007929
BAD 559481007931
BAD 559481007937
BAD 559484961821
BAD 559484961823
BAD 559491464879
BAD 559491464881
BAD 559493836177
BAD 559529787517
BAD 559530964711
BAD 559531473049
BAD 559534144333
BAD 559534144343
BAD 559534425809
BAD 559534425811
BAD 559514953069
BAD 559542039239
BAD 559542039241
BAD 559542039253
BAD 559542490853
BAD 559542626459
BAD 559544000333
BAD 559544265751
BAD 559528391077
BAD 559496772413
BAD 559497110131
BAD 559497922231
BAD 559497985003
BAD 559498139929
BAD 559500690677
BAD 559500836143
BAD 559501331791
BAD 559502741747
BAD 559502741929
BAD 559508973073
BAD 559508973077
BAD 559508973083
BAD 559549658191
BAD 559550506069
BAD 559550506091
BAD 559550506093
BAD 559554617243
BAD 559554617249
BAD 559559731681
BAD 559559731693
BAD 559559731697
BAD 559562273087
BAD 559562273089
BAD 559567821821
BAD 559567821823
BAD 559567821863
BAD 559574525791
BAD 559576597849
BAD 559748109643
BAD 559749066029
BAD 559749066031
BAD 559751543947
BAD 559751543951
BAD 559754468797
BAD 559754468849
BAD 559754468851
BAD 559758284971
BAD 559762223479
BAD 559762461997
BAD 559603983923
BAD 559606967611
BAD 559606967617
BAD 559606967653
BAD 559612914811
BAD 559718828287
BAD 559718828293
BAD 559720533527
BAD 559724322427
BAD 559724322433
BAD 559724322449
BAD 559582189633
BAD 559582360969
BAD 559588049029
BAD 559663682737
BAD 559590805289
BAD 559590805297
BAD 559594439603
BAD 559595064031
BAD 559670876509
BAD 559671202117
BAD 559672829797
BAD 559672829819
BAD 559596534527
BAD 559596534529
BAD 559596534533
BAD 559596534577
BAD 559618106323
BAD 559618131649
BAD 559675419203
BAD 559624326113
BAD 559736190157
BAD 559736190161
BAD 559736190163
BAD 559737063467
BAD 559737063469
BAD 559625621407
BAD 559625621447
BAD 559625621449
BAD 559627225169
BAD 559628070143
BAD 559628675897
BAD 559628675899
BAD 559650939733
BAD 559782005989
BAD 559743445427
BAD 559652209063
BAD 559652463961
BAD 559703783669
BAD 559703783671
BAD 559704491551
BAD 559704512881
BAD 559706000929
BAD 559787333717
BAD 559747384771
BAD 559707042173
BAD 559789229189
BAD 559789229191
BAD 559789530151
BAD 559708041593
BAD 559791276721
BAD 559709094887
BAD 559792092413
BAD 559632522061
BAD 559632731183
BAD 559711592917
BAD 559711834007
BAD 559711834009
BAD 559794376601
BAD 559660542293
BAD 559833953633
BAD 559833953641
BAD 559633823393
BAD 559798353157
BAD 559796139157
BAD 559796253361
BAD 559635933511
BAD 559837848631
BAD 559771200631
BAD 559841397263
BAD 559639739303
BAD 559779204073
BAD 559865210753
BAD 559780975321
BAD 559867057753
BAD 559867057759
BAD 559867522231
BAD 559867522267
BAD 559867522349
BAD 559646228731
BAD 559646228737
BAD 559646228741
BAD 559646228761
BAD 559869378121
BAD 559809782731
BAD 559809782747
BAD 559870627411
BAD 559870627417
BAD 559870627429
BAD 559870685779
BAD 559871218339
BAD 559871993971
BAD 559872583247
BAD 559855819729
BAD 559873170811
BAD 559857169411
BAD 559857535427
BAD 559857535429
BAD 559857535439
BAD 559696520863
BAD 559857535441
BAD 559857810079
BAD 559875211531
BAD 559875211537
BAD 559875841009
BAD 559876112503
BAD 559876972153
BAD 559876972339
BAD 559877267087
BAD 559815316663
BAD 559816390043
BAD 559816390057
BAD 559816390061
BAD 559822884899
BAD 559823133539
BAD 559825344721
BAD 559924655839
BAD 559925806423
BAD 559926581429
BAD 559955326669
BAD 559955326673
BAD 559955326681
BAD 559899310073
BAD 559964558311
BAD 559964558317
BAD 559965425447
BAD 559965425449
BAD 559909516853
BAD 559909516891
BAD 559910255633
BAD 559913673817
BAD 559934509039
BAD 559937630597
BAD 559937630599
BAD 559941813493
BAD 559943549227
BAD 559943549251
BAD 559943549257
BAD 559974823301
BAD 559985841301
BAD 559976109001
BAD 559986819841
BAD 559976953187
BAD 559976953189
BAD 559976953201
BAD 559997100413
BAD 559998909739
BAD 559998909773
BAD 559998909779
BAD 559998909781
RANGE 550000000000 560000000000 PRIMES 369795956 BAD 4208
