BAD 470353072313
BAD 470017033441
BAD 470273631203
BAD 470353757509
BAD 470019348391
BAD 470019348397
BAD 470034873109
BAD 470084381033
BAD 470152001161
BAD 470020098953
BAD 470085044651
BAD 470356525027
BAD 470085457637
BAD 470085782759
BAD 470037096271
BAD 470021864119
BAD 470086591801
BAD 470022613633
BAD 470022613637
BAD 470022613639
BAD 470039370421
BAD 470280135053
BAD 470088424237
BAD 470039840419
BAD 470039926849
BAD 470024367653
BAD 470041885177
BAD 470282322977
BAD 470124929191
BAD 470043773281
BAD 470159836739
BAD 470358847999
BAD 470127734359
BAD 470093113993
BAD 470093114123
BAD 470363532143
BAD 470132292953
BAD 470132292997
BAD 470132604421
BAD 470132604427
BAD 470132604433
BAD 470132604439
BAD 470132604443
BAD 470165940557
BAD 470096653031
BAD 470096875169
BAD 470368461229
BAD 470099841191
BAD 470237143933
BAD 470386271323
BAD 470387326499
BAD 470389427701
BAD 470168386999
BAD 470168494057
BAD 470241764207
BAD 470242075021
BAD 470242075031
BAD 470242075033
BAD 470003585351
BAD 470003585353
BAD 470003585357
BAD 470393078713
BAD 470171263351
BAD 470394281197
BAD 470244561533
BAD 470172900403
BAD 470006287579
BAD 470395953901
BAD 470395953917
BAD 470395953919
BAD 470395953947
BAD 470395953949
BAD 470174153557
BAD 470007531211
BAD 470398794923
BAD 470336517199
BAD 470336839681
BAD 470337429983
BAD 470249735383
BAD 470286212873
BAD 470286212887
BAD 470401822193
BAD 470287597433
BAD 470008629217
BAD 470288119373
BAD 470288119393
BAD 470181097229
BAD 470181097231
BAD 470181097237
BAD 470340994709
BAD 470340997303
BAD 470011899713
BAD 470290291397
BAD 470184291023
BAD 470014091947
BAD 470014419913
BAD 470014920707
BAD 470014920709
BAD 470016426773
BAD 470016426799
BAD 470260219837
BAD 470260219843
BAD 470261430503
BAD 470261430511
BAD 470261430517
BAD 470261430521
BAD 470261430523
BAD 470297613559
BAD 470262474091
BAD 470298715343
BAD 470298715363
BAD 470348631229
BAD 470299865533
BAD 470300461727
BAD 470301650591
BAD 470265889151
BAD 470265889153
BAD 470352108901
BAD 470268009833
BAD 470375362441
BAD 470377355219
BAD 470377619209
BAD 470384694673
BAD 470385168971
BAD 470385168973
BAD 470304630727
BAD 470304630737
BAD 470304630739
BAD 470309208203
BAD 470311528007
BAD 470311528019
BAD 470311528033
BAD 470315427797
BAD 470185299643
BAD 470185299673
BAD 470186239373
BAD 470104765477
BAD 470104765489
BAD 470105190223
BAD 470186812463
BAD 470105882353
BAD 470189178973
BAD 470204969027
BAD 470204969029
BAD 470204969033
BAD 470108384419
BAD 470207021077
BAD 470192377357
BAD 470071536241
BAD 470220467753
BAD 470220467771
BAD 470073426517
BAD 470073671503
BAD 470222051147
BAD 470319818629
BAD 470135135761
BAD 470135705659
BAD 470074975691
BAD 470210650999
BAD 470195513959
BAD 470075270437
BAD 470075270461
BAD 470075270477
BAD 470075390273
BAD 470075390287
BAD 470075521733
BAD 470075521739
BAD 470075521771
BAD 470195827033
BAD 470196993281
BAD 470196993283
BAD 470196993289
BAD 470196993293
BAD 470137167811
BAD 470137167859
BAD 470323338319
BAD 470077454971
BAD 470213768053
BAD 470079368753
BAD 470326855157
BAD 470327024773
BAD 470217610523
BAD 470327909423
BAD 470333456959
BAD 470333738813
BAD 470146980913
BAD 470334553207
BAD 470150623849
BAD 470150623853
BAD 470051326621
BAD 470051738773
BAD 470058709229
BAD 470058709231
BAD 470061468161
BAD 470061468167
BAD 470062063369
BAD 470066082023
BAD 470453883349
BAD 470453883353
BAD 470453883359
BAD 470490473171
BAD 470470632607
BAD 470459883643
BAD 470459883653
BAD 470461373227
BAD 470472781087
BAD 470472781091
BAD 470461899547
BAD 470462504563
BAD 470494393519
BAD 470474127863
BAD 470466095423
BAD 470476582259
BAD 470468932499
BAD 470468932501
BAD 470468932711
BAD 470468932727
BAD 470468932729
BAD 470469092813
BAD 470495222839
BAD 470496026327
BAD 470497429373
BAD 470499671927
BAD 470499671933
BAD 470499764479
BAD 470499892861
BAD 470499892867
BAD 470481626921
BAD 470403274217
BAD 470403274219
BAD 470403274223
BAD 470590391003
BAD 470592066929
BAD 470405805167
BAD 470593591121
BAD 470593591123
BAD 470408796059
BAD 470408796061
BAD 470595489919
BAD 470410433477
BAD 470410433483
BAD 470505120409
BAD 470505120419
BAD 470598478583
BAD 470598478643
BAD 470438111813
BAD 470427777739
BAD 470427777749
BAD 470428875979
BAD 470428876009
BAD 470510384657
BAD 470510725991
BAD 470511667081
BAD 470511813131
BAD 470511813133
BAD 470511813137
BAD 470511813139
BAD 470513775799
BAD 470433158093
BAD 470434717957
BAD 470449147351
BAD 470449556303
BAD 470417117147
BAD 470417117153
BAD 470450407813
BAD 470450903837
BAD 470570731513
BAD 470570731517
BAD 470638587469
BAD 470638587473
BAD 470638587491
BAD 470638587493
BAD 470571399073
BAD 470639072909
BAD 470572096703
BAD 470640770659
BAD 470572970521
BAD 470643848341
BAD 470579211247
BAD 470579211251
BAD 470649305143
BAD 470649653797
BAD 470580337531
BAD 470580569399
BAD 470580569401
BAD 470582881927
BAD 470582881931
BAD 470583838561
BAD 470583838567
BAD 470623618483
BAD 470623618523
BAD 470624029069
BAD 470521363099
BAD 470540506259
BAD 470541745679
BAD 470555901401
BAD 470556252083
BAD 470543220743
BAD 470543531699
BAD 470543531701
BAD 470543531707
BAD 470557482293
BAD 470630222539
BAD 470545938143
BAD 470630222549
BAD 470526542581
BAD 470630222551
BAD 470545938199
BAD 470526961459
BAD 470558524069
BAD 470559167693
BAD 470528596009
BAD 470528614747
BAD 470548861313
BAD 470562843983
BAD 470634512087
BAD 470551936111
BAD 470552845013
BAD 470636158483
BAD 470535900127
BAD 470535900151
BAD 470636878871
BAD 470637229639
BAD 470565031333
BAD 470565395147
BAD 470565395149
BAD 470567030083
BAD 470567030099
BAD 470567708659
BAD 470607528283
BAD 470615621899
BAD 470616041123
BAD 470616704227
BAD 470616704263
BAD 470616704267
BAD 470620139851
BAD 470660076571
BAD 470664945407
BAD 470664945409
BAD 470690174839
BAD 470690324933
BAD 470692432913
BAD 470698307011
BAD 470698307017
BAD 470699627219
BAD 470703761251
BAD 470758083151
BAD 470758527641
BAD 470759126311
BAD 470759126317
BAD 470763277351
BAD 470766194053
BAD 470706007873
BAD 470708458153
BAD 470715046853
BAD 470719421509
BAD 470719421519
BAD 470719421521
BAD 470740996007
BAD 470744164909
BAD 470744880713
BAD 470744880731
BAD 470791356353
BAD 470791356367
BAD 470745035953
BAD 470792614883
BAD 470794237279
BAD 470794237283
BAD 470748571763
BAD 470748684713
BAD 470722323167
BAD 470749490579
BAD 470725134877
BAD 470725134883
BAD 470805160951
BAD 470805160957
BAD 470733869443
BAD 470733869453
BAD 470734220423
BAD 470736455723
BAD 470736981821
BAD 470736981823
BAD 470677526041
BAD 470678370797
BAD 470680800481
BAD 470840839129
BAD 470841762661
BAD 470682311713
BAD 470843421709
BAD 470846633129
BAD 470847537961
BAD 470847597001
BAD 470849799157
BAD 470850478537
BAD 470850478699
BAD 470851923397
BAD 470854851253
BAD 470824174069
BAD 470824556989
BAD 470819933203
BAD 470819933209
BAD 470819933267
BAD 470820334717
BAD 470820925361
BAD 470828941967
BAD 470828941969
BAD 470834311637
BAD 470834311639
BAD 470835139843
BAD 470838463583
BAD 470926395871
BAD 470926395913
BAD 470926395923
BAD 470927095073
BAD 470928933467
BAD 470944357943
BAD 470932787267
BAD 470949338689
BAD 470949338693
BAD 471011210363
BAD 471011310689
BAD 471011310691
BAD 471011420017
BAD 470936413951
BAD 470937957473
BAD 470938134437
BAD 470938134439
BAD 470938345379
BAD 470952136483
BAD 471014541797
BAD 471014541799
BAD 470938919603
BAD 471015232621
BAD 470954145049
BAD 470955924899
BAD 471020044069
BAD 471021870223
BAD 471021870233
BAD 471023794159
BAD 471023794169
BAD 471024217429
BAD 471024475543
BAD 471024704971
BAD 471026425301
BAD 471029034061
BAD 470875598663
BAD 470875598701
BAD 470875598707
BAD 470875682477
BAD 470875682479
BAD 470857884719
BAD 470877500179
BAD 470961083149
BAD 470877500183
BAD 470858540003
BAD 470877500189
BAD 470961083161
BAD 470877500209
BAD 470961083171
BAD 470858540057
BAD 470858540059
BAD 471036386419
BAD 471036386423
BAD 471036386441
BAD 470961949313
BAD 470962183591
BAD 470962183597
BAD 471037732133
BAD 471037732141
BAD 471038645333
BAD 470975264041
BAD 470976250477
BAD 470882931853
BAD 470882931859
BAD 470882931923
BAD 470882931929
BAD 470882931931
BAD 470997657881
BAD 470997657883
BAD 470978407871
BAD 470978419831
BAD 470979645713
BAD 471000050167
BAD 471000050179
BAD 471000149573
BAD 470969999347
BAD 471000695311
BAD 470867354921
BAD 470867354933
BAD 470981111911
BAD 470887838363
BAD 470982509149
BAD 471003438449
BAD 471003953753
BAD 470983585411
BAD 470983585417
BAD 470983585427
BAD 470890224199
BAD 470891522873
BAD 470892044603
BAD 470892392497
BAD 470892392507
BAD 470986315901
BAD 470986315903
BAD 470894337169
BAD 470894525323
BAD 470988230863
BAD 470897277469
BAD 470898207133
BAD 470901544951
BAD 470902903853
BAD 470903020583
BAD 471041648689
BAD 471041941463
BAD 471042372973
BAD 471045232127
BAD 471045232129
BAD 471045232187
BAD 470906580503
BAD 471047812471
BAD 470909314817
BAD 470909338519
BAD 470910200779
BAD 471049276193
BAD 470915140483
BAD 470917832219
BAD 470917832221
BAD 470918929703
BAD 470918929709
BAD 470918929711
BAD 471052255403
BAD 470921446637
BAD 471054118793
BAD 471078925351
BAD 471060291577
BAD 471060291697
BAD 471060291701
BAD 471062636461
BAD 471084140929
BAD 471084140953
BAD 471065417443
BAD 471084756529
BAD 471084756533
BAD 471070242211
BAD 471070583701
BAD 471124542467
BAD 471130775393
BAD 471131154271
BAD 471131154289
BAD 471131154293
BAD 471138384533
BAD 471138912367
BAD 471209524579
BAD 471209524601
BAD 471209524603
BAD 471210663893
BAD 471213858317
BAD 471213858319
BAD 471214099033
BAD 471227926987
BAD 471228953231
BAD 471228953233
BAD 471230118397
BAD 471220569199
BAD 471220569203
BAD 471236451031
BAD 471236451047
BAD 471236451053
BAD 471236451061
BAD 471239887673
BAD 471239887691
BAD 471240805993
BAD 471241137841
BAD 471115265749
BAD 471117191459
BAD 471178753259
BAD 471178753261
BAD 471117401863
BAD 471117401869
BAD 471117401873
BAD 471179138933
BAD 471179138939
BAD 471091634929
BAD 471180108923
BAD 471180551701
BAD 471180551719
BAD 471093417833
BAD 471093417929
BAD 471093417953
BAD 471095308267
BAD 471095586613
BAD 471118822891
BAD 471187263593
BAD 471187263601
BAD 471187263607
BAD 471120660511
BAD 471120847069
BAD 471188903851
BAD 471099480893
BAD 471122430271
BAD 471190027219
BAD 471099777397
BAD 471099777409
BAD 471122971939
BAD 471100158049
BAD 471123897163
BAD 471123897173
BAD 471123897203
BAD 471141450523
BAD 471141457253
BAD 471141457261
BAD 471144306019
BAD 471244097521
BAD 471244231921
BAD 471152878129
BAD 471246019823
BAD 471246019831
BAD 471156208643
BAD 471282794869
BAD 471284620273
BAD 471284620283
BAD 471160723927
BAD 471251587943
BAD 471251587949
BAD 471162607063
BAD 471164600633
BAD 471164600657
BAD 471164600659
BAD 471255014653
BAD 471255014669
BAD 471288876451
BAD 471168311039
BAD 471168311041
BAD 471168679999
BAD 471168886481
BAD 471168886483
BAD 471191917543
BAD 471191917549
BAD 471194633831
BAD 471194945761
BAD 471195238673
BAD 471200381263
BAD 471201123331
BAD 471202684531
BAD 471203595463
BAD 471266572901
BAD 471267498473
BAD 471269139503
BAD 471269139511
BAD 471292443799
BAD 471292443803
BAD 471294190841
BAD 471297088891
BAD 471297850763
BAD 471298771763
BAD 471299467141
BAD 471299833141
BAD 471299833159
BAD 471301366883
BAD 471396061553
BAD 471396061559
BAD 471411805643
BAD 471397303903
BAD 471342445969
BAD 471415905643
BAD 471342777683
BAD 471399087697
BAD 471417587533
BAD 471400576657
BAD 471400576663
BAD 471378741049
BAD 471380109383
BAD 471346387157
BAD 471346387159
BAD 471419563921
BAD 471327839413
BAD 471327839417
BAD 471327839419
BAD 471328960849
BAD 471381639823
BAD 471404480221
BAD 471309551333
BAD 471422204027
BAD 471349138103
BAD 471423311839
BAD 471349901543
BAD 471424601281
BAD 471313107581
BAD 471313107583
BAD 471425094421
BAD 471351627451
BAD 471351627469
BAD 471351627473
BAD 471314013503
BAD 471352133543
BAD 471352133617
BAD 471336122077
BAD 471337683931
BAD 471317503157
BAD 471355993189
BAD 471355993201
BAD 471318911653
BAD 471357294907
BAD 471321003089
BAD 471321003091
BAD 471321800503
BAD 471321900631
BAD 471322042733
BAD 471322780783
BAD 471322780787
BAD 471360014639
BAD 471360254089
BAD 471362132977
BAD 471365017483
BAD 471447519427
BAD 471370304723
BAD 471370304737
BAD 471447976763
BAD 471450370247
BAD 471450370249
BAD 471450370253
BAD 471452003291
BAD 471452003293
BAD 471455571991
BAD 471455571997
BAD 471456161131
BAD 471457469603
BAD 471457469629
BAD 471430966711
BAD 471431638651
BAD 471433716199
BAD 471433716203
BAD 471433716311
BAD 471434776783
BAD 471435854063
BAD 471436616983
BAD 471436616999
BAD 471440331083
BAD 471440331091
BAD 471441168703
BAD 471441168707
BAD 471460958083
BAD 471460958099
BAD 471461536891
BAD 471461536901
BAD 471461694763
BAD 471462696877
BAD 471463924627
BAD 471466279021
BAD 471466279051
BAD 471466502401
BAD 471466574947
BAD 471466883707
BAD 471466883711
BAD 471466883731
BAD 471478609487
BAD 471479414773
BAD 471472965919
BAD 471472965923
BAD 471481880251
BAD 471482220169
BAD 471482220173
BAD 471482873063
BAD 471485458333
BAD 471489963463
BAD 471490417789
BAD 471501486871
BAD 471512068793
BAD 471514032433
BAD 471507999359
BAD 471509120617
BAD 471517977067
BAD 471519444107
BAD 471532051099
BAD 471523322623
BAD 471523676357
BAD 471535441609
BAD 471535441613
BAD 471537068423
BAD 471541880297
BAD 471543636821
BAD 471543636899
BAD 471546040313
BAD 471547736609
BAD 471547736617
BAD 471661138867
BAD 471628655923
BAD 471662124113
BAD 471551903707
BAD 471636138443
BAD 471636138461
BAD 471636416239
BAD 471636416281
BAD 471637975267
BAD 471641702737
BAD 471641702743
BAD 471642233143
BAD 471642952667
BAD 471674307199
BAD 471585814507
BAD 471588573803
BAD 471588647389
BAD 471588647461
BAD 471594132421
BAD 471594896117
BAD 471594896119
BAD 471600193423
BAD 471600335839
BAD 471600657013
BAD 471600657019
BAD 471600677971
BAD 471612193309
BAD 471612193313
BAD 471612193337
BAD 471603751583
BAD 471612193369
BAD 471612442673
BAD 471605236621
BAD 471607114831
BAD 471645277393
BAD 471646498823
BAD 471646498853
BAD 471646498867
BAD 471646498903
BAD 471608379793
BAD 471608424407
BAD 471608424409
BAD 471647240993
BAD 471610053661
BAD 471618456863
BAD 471562022089
BAD 471618456871
BAD 471562022093
BAD 471652081099
BAD 471652081111
BAD 471565038719
BAD 471568039441
BAD 471568039447
BAD 471570056401
BAD 471571056923
BAD 471571299889
BAD 471623998861
BAD 471660200633
BAD 471572218729
BAD 471572448307
BAD 471572448313
BAD 471572519659
BAD 471627334133
BAD 471627334153
BAD 471627334169
BAD 471572967353
BAD 471572967361
BAD 471573506249
BAD 471573506251
BAD 471576377179
BAD 471576377183
BAD 471679399879
BAD 471679399883
BAD 471679399889
BAD 471679447039
BAD 471679610573
BAD 471679610603
BAD 471680575153
BAD 471684800317
BAD 471684800329
BAD 471685395523
BAD 471685395541
BAD 471687935963
BAD 471688085753
BAD 471690580769
BAD 471692100379
BAD 471693239713
BAD 471761778289
BAD 471811972283
BAD 471746190379
BAD 471778544491
BAD 471813616933
BAD 471813660049
BAD 471813669533
BAD 471773679847
BAD 471773679851
BAD 471773679857
BAD 471773679859
BAD 471773679919
BAD 471774949189
BAD 471774949249
BAD 471774949259
BAD 471783128603
BAD 471777403159
BAD 471777403219
BAD 471818089601
BAD 471751438339
BAD 471798206863
BAD 471785142277
BAD 471798981253
BAD 471698249959
BAD 471698249963
BAD 471754337339
BAD 471787780861
BAD 471823543493
BAD 471701758841
BAD 471701779291
BAD 471701847751
BAD 471701847761
BAD 471757063807
BAD 471701847763
BAD 471701847803
BAD 471701847833
BAD 471701847853
BAD 471790089233
BAD 471703609739
BAD 471807712877
BAD 471807712879
BAD 471703878109
BAD 471703878143
BAD 471809135933
BAD 471759573223
BAD 471759573247
BAD 471759573251
BAD 471759573253
BAD 471706004047
BAD 471810042071
BAD 471760569173
BAD 471811135591
BAD 471811135597
BAD 471811135603
BAD 471707388611
BAD 471709663237
BAD 471709663241
BAD 471710992513
BAD 471728408003
BAD 471730491109
BAD 471732854053
BAD 471732854057
BAD 471712344293
BAD 471732854059
BAD 471732854063
BAD 471733206887
BAD 471714694133
BAD 471736653503
BAD 471737035423
BAD 471737035439
BAD 471718389743
BAD 471719091463
BAD 471719091563
BAD 471829405939
BAD 471722098553
BAD 471722098567
BAD 471739836859
BAD 471739836863
BAD 471739836871
BAD 471739836881
BAD 471836668217
BAD 471839419019
BAD 471839419021
BAD 471743668103
BAD 471841522643
BAD 471863822609
BAD 471863822611
BAD 471863963117
BAD 471849483383
BAD 471849824813
BAD 471874266823
BAD 471878631953
BAD 471856753733
BAD 471858601733
BAD 471858601741
BAD 471858601759
BAD 471862243519
BAD 471900029149
BAD 471903566851
BAD 471904491503
BAD 471904491511
BAD 471906505027
BAD 471929615959
BAD 471931435021
BAD 471908739871
BAD 471933084983
BAD 471933366143
BAD 471910978607
BAD 471934073971
BAD 471936414941
BAD 471936414953
BAD 471943353887
BAD 471944590633
BAD 471879211567
BAD 471879211571
BAD 471945964291
BAD 471945964297
BAD 471945964309
BAD 471945964313
BAD 471885288661
BAD 471885352597
BAD 471946749433
BAD 471887415133
BAD 471964975331
BAD 471964975333
BAD 471948002269
BAD 471948247963
BAD 471888597953
BAD 471967746463
BAD 471968199037
BAD 471889880083
BAD 471889880087
BAD 471889880089
BAD 471889880093
BAD 471951575731
BAD 471968940041
BAD 471968940043
BAD 471890687713
BAD 471953157503
BAD 471980078519
BAD 471980495543
BAD 471973934521
BAD 471982268143
BAD 471956521891
BAD 471957382969
BAD 471957382973
BAD 471957382987
BAD 471958047443
BAD 471977752163
BAD 471983762479
BAD 471979440703
BAD 471986580539
BAD 471987129571
BAD 471989456473
BAD 471990142801
BAD 471990948127
BAD 471992602231
BAD 471992602243
BAD 471996342847
BAD 471996449461
BAD 471916902859
BAD 471919024729
BAD 471922862363
BAD 471925675733
BAD 471927847733
BAD 472031815841
BAD 472037744083
BAD 472038722069
BAD 472038722093
BAD 472038722119
BAD 472039834711
BAD 472041197869
BAD 472017970807
BAD 472043193163
BAD 472018386481
BAD 471997084019
BAD 471997084021
BAD 472019237843
BAD 472019237849
BAD 472020774653
BAD 472045347023
BAD 472045619183
BAD 472024296001
BAD 472004520839
BAD 472028940833
BAD 472029352387
BAD 472029737027
BAD 472029737029
BAD 472029737033
BAD 472007031077
BAD 472007031079
BAD 472064985737
BAD 472066378813
BAD 472066699903
BAD 472070270761
BAD 472075016573
BAD 472075016641
BAD 472078909147
BAD 472078909151
BAD 472078909153
BAD 472166575649
BAD 472166575651
BAD 472170897767
BAD 472172314013
BAD 472172314021
BAD 472173409013
BAD 472173972667
BAD 472047853553
BAD 472047853559
BAD 472047853561
BAD 472047853567
BAD 472047853579
BAD 472048330783
BAD 472175807101
BAD 472048567327
BAD 472048771913
BAD 472049448163
BAD 472049668907
BAD 472049668913
BAD 472049668921
BAD 472049809213
BAD 472049809223
BAD 472081946353
BAD 472081964843
BAD 472052487811
BAD 472052607113
BAD 472054233383
BAD 472180941601
BAD 472084756477
BAD 472084776473
BAD 472084776503
BAD 472184434037
BAD 472184434039
BAD 472087547467
BAD 472114215439
BAD 472055072113
BAD 472115219813
BAD 472115219837
BAD 472187183423
BAD 472187183431
BAD 472187263861
BAD 472088821627
BAD 472088821637
BAD 472135914091
BAD 472097778233
BAD 472057201727
BAD 472187778353
BAD 472135914101
BAD 472097778239
BAD 472117735057
BAD 472097778241
BAD 472097778247
BAD 472117735099
BAD 472136411737
BAD 472118382361
BAD 472118382383
BAD 472118382389
BAD 472118382391
BAD 472118382403
BAD 472099704917
BAD 472099704919
BAD 472099704953
BAD 472190463497
BAD 472100333491
BAD 472190463499
BAD 472120500953
BAD 472138682999
BAD 472138683001
BAD 472190912797
BAD 472140400639
BAD 472140400643
BAD 472151627333
BAD 472193385413
BAD 472123967401
BAD 472094374757
BAD 472062902369
BAD 472106037983
BAD 472143749479
BAD 472144079083
BAD 472144079089
BAD 472144622539
BAD 472194667627
BAD 472095659003
BAD 472107970583
BAD 472107970601
BAD 472107970603
BAD 472096177913
BAD 472096742461
BAD 472096742483
BAD 472096862359
BAD 472109589577
BAD 472147093111
BAD 472199429501
BAD 472199429503
BAD 472199429509
BAD 472163670031
BAD 472163670047
BAD 472163670049
BAD 472163670053
BAD 472112704321
BAD 472207211353
BAD 472207840861
BAD 472214353993
BAD 472218428057
BAD 472222450729
BAD 472222521913
BAD 472222652117
BAD 472222652119
BAD 472223506759
BAD 472223666543
BAD 472225350871
BAD 472234988749
BAD 472235938487
BAD 472235938553
BAD 472237458601
BAD 472237458607
BAD 472238232821
BAD 472238232833
BAD 472240133903
BAD 472240133909
BAD 472241234419
BAD 472243612963
BAD 472268058641
BAD 472268058749
BAD 472274402023
BAD 472275484567
BAD 472248166519
BAD 472249254161
BAD 472249254163
BAD 472277782633
BAD 472278608873
BAD 472255506743
BAD 472257794053
BAD 472259599793
BAD 472261043183
BAD 472261627249
BAD 472281122323
BAD 472281122329
BAD 472281122333
BAD 472281122351
BAD 472281122353
BAD 472281122359
BAD 472282224619
BAD 472283797883
BAD 472283805503
BAD 472288127791
BAD 472289269171
BAD 472289763769
BAD 472295643511
BAD 472296490711
BAD 472367242267
BAD 472368989221
BAD 472373411857
BAD 472373411863
BAD 472375953983
BAD 472376471839
BAD 472376471843
BAD 472299392557
BAD 472299392581
BAD 472376840191
BAD 472299907493
BAD 472299907523
BAD 472299938927
BAD 472378256033
BAD 472378256047
BAD 472378256059
BAD 472378476571
BAD 472379414491
BAD 472302502081
BAD 472335508507
BAD 472303792487
BAD 472303792489
BAD 472339522331
BAD 472341799009
BAD 472305677071
BAD 472306036387
BAD 472306036393
BAD 472345069643
BAD 472346959859
BAD 472348578829
BAD 472310295563
BAD 472310888461
BAD 472311260059
BAD 472311260063
BAD 472314045019
BAD 472314822689
BAD 472352085883
BAD 472353732569
BAD 472353732601
BAD 472357172543
BAD 472357172563
BAD 472319707703
BAD 472319707777
BAD 472360030001
BAD 472319707781
BAD 472319707807
BAD 472360030003
BAD 472319707831
BAD 472361803141
BAD 472322895623
BAD 472363268989
BAD 472363349503
BAD 472363349509
BAD 472364844901
BAD 472364844907
BAD 472365165203
BAD 472326591241
BAD 472327953443
BAD 472331348351
BAD 472331348353
BAD 472331774549
BAD 472331774557
BAD 472331774573
BAD 472331861413
BAD 472382396351
BAD 472382396407
BAD 472383251869
BAD 472386082741
BAD 472387403063
BAD 472391002933
BAD 472391093243
BAD 472391093249
BAD 472392237943
BAD 472392237949
BAD 472392237953
BAD 472392818819
BAD 472451865323
BAD 472452357079
BAD 472453205989
BAD 472453285567
BAD 472453569743
BAD 472453569751
BAD 472455839341
BAD 472417928617
BAD 472393957771
BAD 472393957837
BAD 472393957843
BAD 472397257999
BAD 472422662927
BAD 472461482897
BAD 472461588169
BAD 472461588173
BAD 472461588191
BAD 472461717649
BAD 472462031693
BAD 472463168753
BAD 472463168767
BAD 472463224159
BAD 472464800699
BAD 472400139847
BAD 472400139851
BAD 472400139853
BAD 472466489603
BAD 472466489609
BAD 472409068543
BAD 472469794021
BAD 472470649633
BAD 472470649639
BAD 472470649649
BAD 472433186377
BAD 472410637891
BAD 472410656323
BAD 472434757189
BAD 472434971081
BAD 472472518789
BAD 472472537153
BAD 472412570467
BAD 472413155713
BAD 472413155723
BAD 472413155761
BAD 472413299867
BAD 472414074739
BAD 472415564039
BAD 472415564041
BAD 472568856379
BAD 472569216953
BAD 472478368931
BAD 472479385681
BAD 472574481817
BAD 472444814519
BAD 472444814521
BAD 472444814549
BAD 472444814551
BAD 472444814561
BAD 472575117283
BAD 472444814563
BAD 472446091493
BAD 472577034463
BAD 472577034467
BAD 472577034469
BAD 472577034473
BAD 472577034529
BAD 472577034533
BAD 472447922189
BAD 472447922209
BAD 472447922213
BAD 472447922239
BAD 472448336981
BAD 472448431397
BAD 472579217423
BAD 472581090547
BAD 472517664823
BAD 472517664833
BAD 472519206053
BAD 472522004309
BAD 472524304969
BAD 472525509667
BAD 472535828563
BAD 472526391559
BAD 472526884009
BAD 472501094281
BAD 472536812023
BAD 472536812029
BAD 472528689889
BAD 472529335853
BAD 472537655311
BAD 472537655333
BAD 472537655341
BAD 472537872473
BAD 472529920349
BAD 472529920351
BAD 472504440379
BAD 472505613157
BAD 472539348833
BAD 472508612431
BAD 472550913619
BAD 472552321099
BAD 472542406517
BAD 472542406519
BAD 472552399183
BAD 472552509731
BAD 472552509733
BAD 472552509763
BAD 472552848571
BAD 472511156401
BAD 472544511589
BAD 472554749311
BAD 472554749323
BAD 472554749347
BAD 472546472813
BAD 472546758137
BAD 472546758139
BAD 472556510563
BAD 472547577377
BAD 472515107893
BAD 472547577379
BAD 472548040477
BAD 472548040511
BAD 472548040513
BAD 472483924609
BAD 472485505381
BAD 472485505399
BAD 472485671083
BAD 472564688749
BAD 472590354959
BAD 472565286827
BAD 472565286829
BAD 472566516661
BAD 472566516677
BAD 472595534113
BAD 472494800641
BAD 472494800647
BAD 472598277449
BAD 472498212883
BAD 472498212887
BAD 472498212889
BAD 472498380901
BAD 472604064169
BAD 472604064181
BAD 472604064197
BAD 472604064199
BAD 472604064203
BAD 472604064209
BAD 472604064211
BAD 472619503339
BAD 472605430279
BAD 472608023453
BAD 472623308629
BAD 472609296121
BAD 472613091179
BAD 472617045253
BAD 472617045259
BAD 472629155501
BAD 472629155503
BAD 472629155507
BAD 472635274781
BAD 472632245893
BAD 472632245933
BAD 472636715927
BAD 472637514319
BAD 472639015007
BAD 472645669499
BAD 472645669501
BAD 472653666571
BAD 472648497613
BAD 472655112593
BAD 472649016223
BAD 472650373999
BAD 472657550159
BAD 472657550161
BAD 472657762349
BAD 472657762351
BAD 472660533253
BAD 472660865239
BAD 472661173783
BAD 472662006353
BAD 472662036283
BAD 472662036289
BAD 472662036293
BAD 472662366833
BAD 472663759591
BAD 472663883431
BAD 472663883449
BAD 472663883453
BAD 472664509333
BAD 472667581553
BAD 472670387363
BAD 472670387369
BAD 472670395343
BAD 472670622031
BAD 472673999663
BAD 472675793773
BAD 472680177391
BAD 472683160361
BAD 472683160363
BAD 472683160427
BAD 472683160429
BAD 472683160459
BAD 472701656369
BAD 472705383097
BAD 472705383113
BAD 472705383151
BAD 472688170189
BAD 472690294591
BAD 472711113893
BAD 472690294613
BAD 472713817591
BAD 472717899679
BAD 472698850769
BAD 472743175903
BAD 472744564951
BAD 472748929981
BAD 472756097509
BAD 472757152639
BAD 472757152643
BAD 472758045713
BAD 472761661283
BAD 472761661291
BAD 472761661303
BAD 472766594719
BAD 472771329781
BAD 472771615961
BAD 472771615963
BAD 472774141303
BAD 472781835847
BAD 472784289763
BAD 472719088511
BAD 472722369827
BAD 472724445773
BAD 472724829067
BAD 472732925053
BAD 472732925059
BAD 472786254433
BAD 472787894219
BAD 472787894221
BAD 472793315023
BAD 472793483909
BAD 472793738539
BAD 472796327953
BAD 472819482449
BAD 472800867619
BAD 472825916939
BAD 472828937533
BAD 472833540149
BAD 472833568723
BAD 472802284993
BAD 472806313831
BAD 472806760529
BAD 472808131129
BAD 472852492613
BAD 472813041863
BAD 472813767511
BAD 472813767557
BAD 472813767563
BAD 472816554481
BAD 472817505079
BAD 472861001341
BAD 472896587993
BAD 472896588007
BAD 472862815561
BAD 472862815583
BAD 472836449453
BAD 472898648329
BAD 472904643461
BAD 472866957601
BAD 472904932853
BAD 472904932861
BAD 472904932867
BAD 472904932873
BAD 472866996013
BAD 472866996073
BAD 472866996079
BAD 472866996083
BAD 472866996089
BAD 472867428577
BAD 472906257983
BAD 472907314171
BAD 472909112131
BAD 472909700449
BAD 472909700453
BAD 472844971663
BAD 472912442929
BAD 472912442941
BAD 472869865877
BAD 472850082709
BAD 472850082713
BAD 472850123281
BAD 472850123293
BAD 472917093527
BAD 472917093529
BAD 472917093533
BAD 472917093563
BAD 472917093589
BAD 472917477947
BAD 472917477959
BAD 472917477961
BAD 472917697433
BAD 472873891069
BAD 472873891081
BAD 472875380513
BAD 472875380521
BAD 472876607059
BAD 472881216901
BAD 472987149511
BAD 472987418689
BAD 472987418693
BAD 472987418699
BAD 472988434117
BAD 472988749769
BAD 472988749771
BAD 472937472229
BAD 472937472257
BAD 472990619797
BAD 472990619809
BAD 472990619813
BAD 472939533511
BAD 472941628171
BAD 472942156769
BAD 472995385783
BAD 472995385787
BAD 472995385789
BAD 472953583387
BAD 472953583393
BAD 472953583411
BAD 472953583519
BAD 472953583523
BAD 473060504183
BAD 473060778107
BAD 473060778109
BAD 472954434083
BAD 472958118401
BAD 472999967837
BAD 473000001079
BAD 473000001083
BAD 472948698163
BAD 472962109079
BAD 472949623933
BAD 472964325349
BAD 472950510217
BAD 472919522003
BAD 473003494391
BAD 473003494393
BAD 473004075463
BAD 473004879517
BAD 472921429307
BAD 472921429313
BAD 473020823299
BAD 472975052761
BAD 472975052779
BAD 472975052783
BAD 472975087289
BAD 472975087307
BAD 472975087309
BAD 472922589757
BAD 472924168523
BAD 473023448153
BAD 472977438667
BAD 473009289869
BAD 473009731991
BAD 472925426447
BAD 472925426453
BAD 472978660909
BAD 473012481607
BAD 472927247503
BAD 472980619801
BAD 472980619807
BAD 472980619831
BAD 472980619847
BAD 472980619849
BAD 473013741203
BAD 473015020991
BAD 473029312253
BAD 473016070873
BAD 472930146701
BAD 473030860457
BAD 473030860459
BAD 473032310633
BAD 472932419489
BAD 472985610049
BAD 473033549983
BAD 473043388973
BAD 473034887113
BAD 472935456319
BAD 473048456641
BAD 473051833039
BAD 473052586703
BAD 473052586709
BAD 473052586711
BAD 473087236091
BAD 473087236093
BAD 473088245269
BAD 473090439433
BAD 473092354549
BAD 473094470203
BAD 473094775793
BAD 473094775799
BAD 473094775801
BAD 473094775807
BAD 473096175067
BAD 473099433383
BAD 473100009779
BAD 473101778671
BAD 473102464741
BAD 473070318739
BAD 473072183359
BAD 473072207873
BAD 473073169607
BAD 473073169609
BAD 473075235967
BAD 473075591719
BAD 473077016341
BAD 473077626919
BAD 473077626929
BAD 473077626943
BAD 473077724957
BAD 473081879597
BAD 473082500063
BAD 473084745619
BAD 473084745629
BAD 473084745631
BAD 473086578929
BAD 473086578931
BAD 473086846579
BAD 473121457343
BAD 473121599809
BAD 473121599813
BAD 473122332233
BAD 473145485963
BAD 473145485971
BAD 473145537391
BAD 473125609823
BAD 473125609841
BAD 473125609843
BAD 473148136477
BAD 473148837827
BAD 473148837829
BAD 473130027553
BAD 473133540967
BAD 473133920131
BAD 473155105021
BAD 473155105043
BAD 473155434331
BAD 473155900739
BAD 473155900741
BAD 473155900747
BAD 473155900751
BAD 473155900759
BAD 473103840277
BAD 473105473963
BAD 473105768063
BAD 473158713767
BAD 473107990253
BAD 473107990259
BAD 473107990261
BAD 473108228573
BAD 473161795879
BAD 473162072879
BAD 473162072881
BAD 473163776929
BAD 473164077959
BAD 473164077961
BAD 473164077979
BAD 473164827019
BAD 473164889083
BAD 473111877151
BAD 473166406651
BAD 473166787861
BAD 473166787867
BAD 473167185019
BAD 473168720477
BAD 473168720483
BAD 473118967639
BAD 473171604091
BAD 473173200239
BAD 473174886497
BAD 473204591921
BAD 473206769363
BAD 473177771257
BAD 473210455733
BAD 473210455747
BAD 473212669949
BAD 473215008953
BAD 473215429081
BAD 473216320189
BAD 473216865871
BAD 473217065183
BAD 473217376253
BAD 473218922347
BAD 473197360021
BAD 473197860019
BAD 473198752141
BAD 473198984449
BAD 473199825757
BAD 473199825781
BAD 473201815199
BAD 473201815201
BAD 473289091321
BAD 473291016859
BAD 473291285869
BAD 473293715731
BAD 473293715737
BAD 473295437267
BAD 473296881283
BAD 473389652677
BAD 473389875493
BAD 473300469401
BAD 473300469403
BAD 473300616829
BAD 473301361961
BAD 473301361963
BAD 473301361969
BAD 473391783367
BAD 473391783383
BAD 473391783451
BAD 473394352819
BAD 473322210883
BAD 473343649637
BAD 473343649643
BAD 473401688579
BAD 473401688581
BAD 473255690851
BAD 473402649901
BAD 473257879579
BAD 473331505523
BAD 473331505531
BAD 473404921351
BAD 473351994529
BAD 473223930467
BAD 473223930469
BAD 473263877573
BAD 473264301977
BAD 473271564349
BAD 473271564361
BAD 473271564383
BAD 473272468561
BAD 473274380963
BAD 473269975127
BAD 473270622743
BAD 473270791657
BAD 473270791663
BAD 473233467493
BAD 473233810529
BAD 473234126779
BAD 473234448697
BAD 473280334003
BAD 473450648273
BAD 473306767159
BAD 473451116377
BAD 473287276183
BAD 473287633411
BAD 473287777913
BAD 473287777933
BAD 473287895789
BAD 473287895791
BAD 473454765271
BAD 473312701321
BAD 473312944439
BAD 473312944441
BAD 473313743857
BAD 473314608517
BAD 473241347993
BAD 473242153493
BAD 473242153523
BAD 473317887841
BAD 473318842333
BAD 473321136781
BAD 473248575043
BAD 473249918101
BAD 473252049983
BAD 473252768609
BAD 473253128297
BAD 473253128303
BAD 473254459283
BAD 473254459289
BAD 473254459291
BAD 473457327481
BAD 473457327487
BAD 473410761217
BAD 473410761221
BAD 473411335063
BAD 473413525763
BAD 473461448399
BAD 473461448401
BAD 473462331211
BAD 473427713779
BAD 473427713783
BAD 473428729877
BAD 473428872359
BAD 473428872361
BAD 473415317447
BAD 473415317449
BAD 473418098929
BAD 473468074073
BAD 473468127863
BAD 473418497987
BAD 473418497989
BAD 473468486611
BAD 473419145827
BAD 473419145839
BAD 473420270117
BAD 473420270119
BAD 473420270123
BAD 473356136483
BAD 473356984501
BAD 473357689757
BAD 473357689759
BAD 473357689771
BAD 473359724507
BAD 473361575933
BAD 473361575941
BAD 473363440733
BAD 473363440747
BAD 473363440751
BAD 473363685671
BAD 473374177889
BAD 473374177891
BAD 473370578623
BAD 473387186081
BAD 473387186161
BAD 473478937049
BAD 473478937051
BAD 473489740253
BAD 473493781339
BAD 473493781393
BAD 473483650219
BAD 473484657047
BAD 473484657049
BAD 473484657053
BAD 473487839731
BAD 473488197277
BAD 473513671403
BAD 473520961189
BAD 473520961201
BAD 473523450721
BAD 473523450731
BAD 473523450733
BAD 473524288849
BAD 473525206639
BAD 473538160331
BAD 473538502873
BAD 473538502891
BAD 473540435707
BAD 473543925733
BAD 473543925737
BAD 473543925739
BAD 473544169313
BAD 473546595349
BAD 473553145873
BAD 473553145883
BAD 473553145931
BAD 473553145957
BAD 473557646189
BAD 473559782699
BAD 473559782701
BAD 473561223859
BAD 473561223871
BAD 473561459141
BAD 473561459323
BAD 473562187327
BAD 473567533099
BAD 473567745143
BAD 473567745151
BAD 473568234883
BAD 473568234889
BAD 473569699243
BAD 473570486833
BAD 473570567069
BAD 473571765241
BAD 473593440941
BAD 473593440967
BAD 473603079913
BAD 473605332337
BAD 473607032149
BAD 473574711061
BAD 473574711107
BAD 473574711109
BAD 473577267727
BAD 473580038257
BAD 473582048441
BAD 473582824339
BAD 473585276323
BAD 473585430841
BAD 473586033593
BAD 473587467443
BAD 473626590001
BAD 473631558233
BAD 473632705549
BAD 473633545621
BAD 473633820659
BAD 473633820661
BAD 473666292457
BAD 473666292461
BAD 473666292469
BAD 473679208757
BAD 473679208759
BAD 473638321007
BAD 473638321081
BAD 473669459911
BAD 473638877783
BAD 473638949911
BAD 473639878099
BAD 473671211641
BAD 473671211647
BAD 473671211683
BAD 473671211693
BAD 473671375193
BAD 473684844053
BAD 473643689069
BAD 473686235851
BAD 473687357251
BAD 473707772297
BAD 473648542753
BAD 473711267539
BAD 473711267551
BAD 473651471893
BAD 473651471897
BAD 473651471899
BAD 473718222199
BAD 473718222203
BAD 473720020327
BAD 473607505403
BAD 473612725757
BAD 473613254311
BAD 473616191837
BAD 473619261133
BAD 473619791221
BAD 473725556897
BAD 473727954173
BAD 473742650401
BAD 473742650449
BAD 473742650453
BAD 473744218429
BAD 473744218433
BAD 473744218447
BAD 473808988663
BAD 473809164643
BAD 473749253599
BAD 473749621801
BAD 473750278823
BAD 473814204473
BAD 473794515661
BAD 473794515679
BAD 473816997499
BAD 473816997503
BAD 473816997517
BAD 473817630289
BAD 473818913791
BAD 473754855983
BAD 473818913807
BAD 473818913809
BAD 473757896303
BAD 473822675783
BAD 473822675813
BAD 473758568713
BAD 473759145863
BAD 473825013163
BAD 473761651009
BAD 473763661549
BAD 473804598031
BAD 473843852509
BAD 473805060661
BAD 473844427531
BAD 473806644761
BAD 473806644763
BAD 473775871843
BAD 473775871847
BAD 473775874883
BAD 473806990831
BAD 473845674391
BAD 473766021493
BAD 473766021503
BAD 473766021511
BAD 473766021529
BAD 473807695987
BAD 473776722673
BAD 473777321887
BAD 473848397131
BAD 473778304513
BAD 473779712473
BAD 473851018801
BAD 473851598287
BAD 473851598317
BAD 473851804897
BAD 473781632383
BAD 473772384563
BAD 473853266119
BAD 473853266123
BAD 473782420613
BAD 473782420627
BAD 473782420633
BAD 473773209841
BAD 473787851717
BAD 473788163803
BAD 473827169951
BAD 473827169953
BAD 473862905731
BAD 473862905749
BAD 473862905753
BAD 473830294543
BAD 473832698701
BAD 473833606709
BAD 473833606711
BAD 473865771859
BAD 473833967969
BAD 473835441061
BAD 473835441077
BAD 473835441083
BAD 473691406009
BAD 473693352397
BAD 473693352401
BAD 473693352421
BAD 473871113899
BAD 473871113957
BAD 473871113959
BAD 473694761263
BAD 473694761273
BAD 473694761279
BAD 473700170329
BAD 473700557443
BAD 473703356683
BAD 473703356689
BAD 473705596237
BAD 473705596279
BAD 473706092719
BAD 473706221491
BAD 473893023403
BAD 473893261483
BAD 473893261511
BAD 473904593237
BAD 473904710593
BAD 473904710627
BAD 473906819279
BAD 473926136317
BAD 473927436469
BAD 473927436473
BAD 473932676621
BAD 473889591887
BAD 473934756409
BAD 473889591893
BAD 473934756413
BAD 473891435561
BAD 473936991391
BAD 473940645469
BAD 473940645473
BAD 473941776983
BAD 473945901563
BAD 473945901571
BAD 473946980939
BAD 473947236019
BAD 473948470789
BAD 473952193541
BAD 473952193543
BAD 473956917893
BAD 473957527363
BAD 473957527369
BAD 473909301571
BAD 473909304413
BAD 473958756499
BAD 473958756503
BAD 473912229257
BAD 473917749887
BAD 473917749889
BAD 473920156091
BAD 473920156093
BAD 473920156103
BAD 473923921411
BAD 473924805847
BAD 473981320739
BAD 473987087053
BAD 473991928549
BAD 473966937709
BAD 473966937713
BAD 473966979859
BAD 473967294293
BAD 473967489581
BAD 473967906691
BAD 474044175287
BAD 474044175289
BAD 474044707013
BAD 474044707021
BAD 474044707027
BAD 474048101929
BAD 474051356299
BAD 474051356329
BAD 474051356333
BAD 474051356341
BAD 474086915543
BAD 474086915573
BAD 474089661449
BAD 474089661457
BAD 474093133561
BAD 473995446349
BAD 473999077319
BAD 474014917249
BAD 474014917253
BAD 474001444471
BAD 474002145187
BAD 474002145209
BAD 474019592623
BAD 474021975577
BAD 474021975593
BAD 474022075861
BAD 474180456721
BAD 474009478639
BAD 474009670879
BAD 474009670903
BAD 474024387559
BAD 474024387569
BAD 474024927863
BAD 474184629773
BAD 474187536871
BAD 474029214409
BAD 474029214413
BAD 474029214433
BAD 474030024289
BAD 474030485107
BAD 474188795303
BAD 474033207619
BAD 474034633063
BAD 474034633091
BAD 474192268021
BAD 474038229817
BAD 474038229827
BAD 474038229829
BAD 474212356669
BAD 474213926033
BAD 474213926041
BAD 474230348489
BAD 474218337581
BAD 474218337583
BAD 474218531863
BAD 474233643649
BAD 474234315773
BAD 474220609939
BAD 474220609943
BAD 474161989253
BAD 474224270161
BAD 474237742373
BAD 474226726741
BAD 474164959091
BAD 474240520531
BAD 474165298799
BAD 474165298801
BAD 474165298807
BAD 474166440373
BAD 474243251123
BAD 474168474643
BAD 474262643131
BAD 474262662259
BAD 474116958283
BAD 474245922223
BAD 474245922239
BAD 474198297283
BAD 474198297323
BAD 474120066863
BAD 474201930079
BAD 474121464023
BAD 474174574277
BAD 474121464041
BAD 474269125697
BAD 474121464043
BAD 474269125699
BAD 474251974969
BAD 474270297901
BAD 474061253383
BAD 474061404743
BAD 474061404757
BAD 474175730107
BAD 474253616119
BAD 474124216219
BAD 474206211691
BAD 474207104323
BAD 474254687573
BAD 474254687581
BAD 474207838081
BAD 474207863561
BAD 474207863617
BAD 474063959599
BAD 474273986779
BAD 474145816913
BAD 474210059803
BAD 474146527513
BAD 474146527531
BAD 474146527567
BAD 474146527609
BAD 474068883403
BAD 474259837201
BAD 474260101883
BAD 474150175453
BAD 474150175501
BAD 474070657763
BAD 474102073483
BAD 474102073493
BAD 474102073499
BAD 474072990121
BAD 474156549107
BAD 474157505203
BAD 474157505207
BAD 474157505209
BAD 474109075511
BAD 474109075513
BAD 474109507831
BAD 474109507873
BAD 474127335559
BAD 474127335631
BAD 474130083619
BAD 474131822851
BAD 474131822881
BAD 474134305891
BAD 474134466511
BAD 474135027859
BAD 474136635809
BAD 474136635811
BAD 474138675961
BAD 474142264129
BAD 474143208769
BAD 474143476813
BAD 474143476817
BAD 474143476819
BAD 474143476853
BAD 474143929841
BAD 474279712667
BAD 474279712703
BAD 474282135323
BAD 474283692247
BAD 474285195803
BAD 474286975373
BAD 474286975403
BAD 474286975417
BAD 474289077481
BAD 474290382151
BAD 474295848289
BAD 474295848293
BAD 474295848317
BAD 474299368919
BAD 474300842759
BAD 474300842761
BAD 474329073061
BAD 474329073067
BAD 474330460003
BAD 474330576833
BAD 474330576871
BAD 474304900583
BAD 474304900591
BAD 474331478191
BAD 474332039737
BAD 474306233461
BAD 474332645513
BAD 474307950763
BAD 474307950773
BAD 474334995181
BAD 474309290989
BAD 474309291031
BAD 474335745353
BAD 474311834999
BAD 474311835001
BAD 474311835007
BAD 474313931303
BAD 474315718939
BAD 474317687659
BAD 474317687783
BAD 474322080949
BAD 474323705413
BAD 474323705417
BAD 474323705419
BAD 474346559723
BAD 474349240597
BAD 474349240601
BAD 474349240609
BAD 474350196949
BAD 474350196953
BAD 474350831099
BAD 474351737863
BAD 474352247983
BAD 474358076663
BAD 474358502227
BAD 474361703369
BAD 474361703371
BAD 474369805561
BAD 474373533547
BAD 474374535821
BAD 474374535823
BAD 474374535829
BAD 474375828097
BAD 474376327627
BAD 474413506141
BAD 474379569289
BAD 474381696263
BAD 474381696277
BAD 474382356419
BAD 474382356421
BAD 474416777797
BAD 474419151863
BAD 474386796133
BAD 474421588331
BAD 474388643203
BAD 474389453003
BAD 474389453017
BAD 474425584693
BAD 474393240829
BAD 474393492983
BAD 474428101321
BAD 474395447263
BAD 474395447269
BAD 474395520749
BAD 474395520751
BAD 474447416671
BAD 474448756583
BAD 474448756651
BAD 474449107763
BAD 474453858383
BAD 474456183637
BAD 474456183647
BAD 474456183667
BAD 474457680271
BAD 474458664109
BAD 474461905717
BAD 474513853147
BAD 474431878013
BAD 474431878021
BAD 474521062957
BAD 474436533271
BAD 474521338807
BAD 474523370411
BAD 474525043493
BAD 474525043519
BAD 474525043523
BAD 474525043541
BAD 474525740723
BAD 474525926327
BAD 474463897949
BAD 474463897951
BAD 474548861299
BAD 474548861323
BAD 474548861327
BAD 474469935319
BAD 474550879357
BAD 474396477029
BAD 474616688753
BAD 474396477031
BAD 474486069163
BAD 474486069181
BAD 474486069203
BAD 474497355473
BAD 474476568637
BAD 474557975543
BAD 474477491251
BAD 474477740783
BAD 474619642463
BAD 474621398299
BAD 474621398341
BAD 474503391379
BAD 474504270923
BAD 474504416809
BAD 474493041587
BAD 474504565333
BAD 474504565363
BAD 474599606959
BAD 474562171711
BAD 474599935519
BAD 474505554661
BAD 474505554671
BAD 474505554673
BAD 474505811209
BAD 474580380509
BAD 474600917503
BAD 474600917507
BAD 474600917509
BAD 474600917513
BAD 474403114747
BAD 474624678193
BAD 474624678197
BAD 474403822493
BAD 474581553307
BAD 474581553311
BAD 474581553323
BAD 474581553331
BAD 474582551941
BAD 474406648883
BAD 474605198633
BAD 474509352593
BAD 474407986231
BAD 474407986243
BAD 474407986249
BAD 474407986253
BAD 474408110717
BAD 474509757037
BAD 474606447047
BAD 474607355623
BAD 474511187831
BAD 474511187849
BAD 474511187851
BAD 474585816547
BAD 474610184219
BAD 474610184221
BAD 474587819141
BAD 474587819143
BAD 474632223853
BAD 474612953497
BAD 474612953513
BAD 474592032053
BAD 474593702281
BAD 474593702293
BAD 474647948783
BAD 474636881869
BAD 474636881879
BAD 474636881881
BAD 474637348193
BAD 474649508867
BAD 474649508869
BAD 474638095357
BAD 474653392417
BAD 474654071231
BAD 474654071233
BAD 474564320903
BAD 474656290583
BAD 474656290597
BAD 474568136743
BAD 474569747627
BAD 474569747629
BAD 474569747633
BAD 474531231437
BAD 474531231439
BAD 474531231443
BAD 474531498719
BAD 474570906539
BAD 474531899473
BAD 474532087903
BAD 474532511311
BAD 474532846729
BAD 474532846741
BAD 474666373459
BAD 474666373463
BAD 474669154171
BAD 474669892397
BAD 474669892399
BAD 474537015577
BAD 474537015583
BAD 474537709951
BAD 474538330831
BAD 474673238903
BAD 474540632921
BAD 474580103281
BAD 474542143333
BAD 474542637259
BAD 474676615891
BAD 474677747527
BAD 474544537801
BAD 474545881189
BAD 474698085187
BAD 474698229739
BAD 474699314293
BAD 474701653219
BAD 474704411527
BAD 474705309691
BAD 474706570103
BAD 474706570123
BAD 474710775089
BAD 474733000303
BAD 474690774443
BAD 474734234851
BAD 474737224097
BAD 474738021647
BAD 474738021649
BAD 474741850291
BAD 474745152797
BAD 474745152799
BAD 474745152811
BAD 474723753299
BAD 474749216423
BAD 474749216429
BAD 474726641341
BAD 474728703443
BAD 474728964491
BAD 474728964499
BAD 474730954429
BAD 474755547661
BAD 474755547667
BAD 474756389441
BAD 474756993973
BAD 474761323343
BAD 474761368399
BAD 474761368453
BAD 474763990241
BAD 474763990249
BAD 474764725139
BAD 474769224227
BAD 474769224229
BAD 474769701803
BAD 474769701811
BAD 474769701829
BAD 474776981387
BAD 474776981389
BAD 474777012529
BAD 474782522603
BAD 474802263379
BAD 474802263391
BAD 474803920231
BAD 474803920237
BAD 474786003079
BAD 474786337733
BAD 474788746307
BAD 474790012681
BAD 474791163137
BAD 474791163139
BAD 474791174203
BAD 474807320459
BAD 474807320461
BAD 474808374203
BAD 474808702411
BAD 474811265573
BAD 474811265581
BAD 474812526757
BAD 474797944261
BAD 474825343303
BAD 474826823963
BAD 474827138293
BAD 474827138297
BAD 474827138299
BAD 474831098527
BAD 474839096311
BAD 474842725223
BAD 474847145963
BAD 474883217467
BAD 474884799457
BAD 474884799461
BAD 474884799463
BAD 474884799479
BAD 474985854257
BAD 474986418113
BAD 474988945337
BAD 474889400021
BAD 474889400023
BAD 474889494523
BAD 474889494529
BAD 474889494539
BAD 474889494649
BAD 474994043401
BAD 474994043453
BAD 474996084331
BAD 474996981779
BAD 474897017957
BAD 474897017963
BAD 474897379111
BAD 474898107917
BAD 474898107919
BAD 475083836267
BAD 475083836273
BAD 475083980999
BAD 475033543561
BAD 474849529463
BAD 475086652363
BAD 474851855663
BAD 475087645033
BAD 474935127143
BAD 474935598931
BAD 475039687361
BAD 475039687363
BAD 474916890337
BAD 474916890341
BAD 474937326841
BAD 474917036857
BAD 474918649357
BAD 475042750187
BAD 474921022883
BAD 474854826731
BAD 475044364283
BAD 474942088301
BAD 474942088303
BAD 475095907397
BAD 475095907399
BAD 475095907417
BAD 474951373913
BAD 474857582611
BAD 474857752753
BAD 474924706471
BAD 474953233663
BAD 475098968581
BAD 474954291421
BAD 474946193027
BAD 474946291717
BAD 474946291723
BAD 474946291727
BAD 474946586539
BAD 474955895779
BAD 474859440037
BAD 474956682113
BAD 474929286589
BAD 474929286593
BAD 474948621949
BAD 474931773593
BAD 474948839041
BAD 474932223019
BAD 474932223023
BAD 474862661851
BAD 474862816669
BAD 474864822043
BAD 474965708543
BAD 475017118921
BAD 475021818473
BAD 475022228189
BAD 475068250999
BAD 475068251003
BAD 475028807189
BAD 475028807191
BAD 474903290761
BAD 475073731087
BAD 475073731103
BAD 475073793653
BAD 475073924113
BAD 475073924123
BAD 475074967777
BAD 474906033551
BAD 474906033557
BAD 475005026779
BAD 474907369403
BAD 475078492171
BAD 475006831021
BAD 474910000093
BAD 474910637359
BAD 474911695633
BAD 474911695651
BAD 474868216897
BAD 475012389113
BAD 475014174883
BAD 475050337639
BAD 475050337651
BAD 475053219349
BAD 475054918021
BAD 475054918027
BAD 474876752891
BAD 474876752893
BAD 474876752899
BAD 475055828519
BAD 475055828521
BAD 475056729893
BAD 474878536063
BAD 474971367781
BAD 474879375169
BAD 475060626793
BAD 474972647119
BAD 475060626899
BAD 474879736237
BAD 474973253683
BAD 475062793511
BAD 475064582143
BAD 475064582183
BAD 474978978169
BAD 475066496393
BAD 474979229147
BAD 475066710649
BAD 475066710661
BAD 475120665541
BAD 475121759603
BAD 475121759611
BAD 475123012561
BAD 475125670429
BAD 475135562779
BAD 475135562791
BAD 475135562833
BAD 475128318389
BAD 475128318391
BAD 475128318397
BAD 475128640561
BAD 475138437751
BAD 475138550209
BAD 475139084773
BAD 475139084779
BAD 475140424417
BAD 475140574523
BAD 475132859779
BAD 475132859783
BAD 475145928139
BAD 475146496597
BAD 475100504371
BAD 475150420783
BAD 475150420793
BAD 475150420807
BAD 475150493659
BAD 475102362643
BAD 475103695541
BAD 475103708329
BAD 475108268759
BAD 475112756039
BAD 475112756071
BAD 475112839843
BAD 475115927989
BAD 475153045351
BAD 475155478381
BAD 475155478393
BAD 475155710537
BAD 475158791323
BAD 475159952959
BAD 475160744941
BAD 475162073861
BAD 475162073887
BAD 475162228643
BAD 475163251531
BAD 475164371389
BAD 475201860257
BAD 475164371401
BAD 475201860269
BAD 475201860271
BAD 475205787757
BAD 475205787781
BAD 475205945353
BAD 475212965351
BAD 475184981773
BAD 475192030387
BAD 475192030399
BAD 475194602683
BAD 475168475087
BAD 475168475101
BAD 475172459779
BAD 475175531071
BAD 475178386621
BAD 475179669143
BAD 475237743733
BAD 475218397163
BAD 475218397259
BAD 475218397261
BAD 475240066339
BAD 475240912261
BAD 475243226959
BAD 475223654819
BAD 475223654821
BAD 475244707849
BAD 475244707853
BAD 475244707877
BAD 475244707879
BAD 475244707943
BAD 475224119947
BAD 475245908453
BAD 475226233063
BAD 475226233067
BAD 475226233073
BAD 475247268787
BAD 475228111229
BAD 475228111231
BAD 475228674013
BAD 475229711171
BAD 475229711191
BAD 475230441451
BAD 475232086223
BAD 475250686013
BAD 475253356943
BAD 475255785181
BAD 475258372363
BAD 475284916399
BAD 475284916411
BAD 475285048607
BAD 475288290929
BAD 475288795853
BAD 475288974691
BAD 475289831479
BAD 475267665841
BAD 475291081193
BAD 475291826593
BAD 475292379959
BAD 475298886691
BAD 475299088261
BAD 475268808863
BAD 475270072237
BAD 475270072247
BAD 475270072253
BAD 475352584153
BAD 475353104983
BAD 475271789203
BAD 475272076399
BAD 475356044567
BAD 475356621121
BAD 475325658859
BAD 475326476707
BAD 475328101051
BAD 475328101057
BAD 475278168863
BAD 475279461781
BAD 475281593453
BAD 475281757999
BAD 475334268859
BAD 475334268863
BAD 475334268869
BAD 475335132163
BAD 475335132211
BAD 475335132221
BAD 475372374517
BAD 475372569263
BAD 475372706881
BAD 475373136263
BAD 475368575879
BAD 475375062313
BAD 475341016421
BAD 475368575881
BAD 475284450307
BAD 475368575887
BAD 475368643381
BAD 475375280137
BAD 475341365929
BAD 475379525087
BAD 475379525149
BAD 475306950031
BAD 475380891721
BAD 475307534047
BAD 475460193049
BAD 475460357717
BAD 475308662863
BAD 475308662867
BAD 475308662869
BAD 475382660959
BAD 475309519081
BAD 475387700423
BAD 475387700429
BAD 475387780817
BAD 475310295791
BAD 475311202493
BAD 475384937249
BAD 475390035259
BAD 475464244291
BAD 475464244313
BAD 475464581239
BAD 475390602949
BAD 475465101901
BAD 475465101907
BAD 475465101911
BAD 475392838981
BAD 475316251237
BAD 475316294317
BAD 475439313593
BAD 475441627411
BAD 475397601473
BAD 475442361991
BAD 475408288007
BAD 475421427479
BAD 475421427497
BAD 475422192263
BAD 475401982343
BAD 475412464537
BAD 475520240359
BAD 475521014723
BAD 475423925773
BAD 475423925791
BAD 475521871411
BAD 475424425843
BAD 475415292437
BAD 475415292439
BAD 475415984629
BAD 475523597011
BAD 475416141979
BAD 475416141983
BAD 475426076761
BAD 475489924339
BAD 475417287143
BAD 475451312333
BAD 475451312341
BAD 475490657867
BAD 475490657869
BAD 475427528243
BAD 475470128327
BAD 475428172067
BAD 475428172069
BAD 475428172073
BAD 475492270349
BAD 475429679177
BAD 475472718443
BAD 475472718467
BAD 475472718473
BAD 475430121043
BAD 475529330137
BAD 475529330153
BAD 475529428757
BAD 475529428771
BAD 475529877923
BAD 475496865049
BAD 475432285831
BAD 475432285849
BAD 475531278727
BAD 475531278731
BAD 475433064541
BAD 475433073847
BAD 475433894959
BAD 475534576729
BAD 475477793431
BAD 475499337227
BAD 475534740077
BAD 475499606971
BAD 475507371701
BAD 475500998197
BAD 475500998209
BAD 475480327957
BAD 475480327963
BAD 475509276733
BAD 475509276743
BAD 475536408383
BAD 475536408421
BAD 475536408427
BAD 475510062919
BAD 475510062931
BAD 475483375999
BAD 475484106281
BAD 475484106283
BAD 475485880591
BAD 475515650993
BAD 475516618729
BAD 475572231487
BAD 475572375937
BAD 475579398169
BAD 475580433271
BAD 475580433301
BAD 475583178199
BAD 475584160421
BAD 475584160423
BAD 475584160427
BAD 475586375959
BAD 475586375963
BAD 475592107163
BAD 475539857603
BAD 475539857627
BAD 475600994551
BAD 475602135881
BAD 475602135887
BAD 475602135889
BAD 475550235583
BAD 475552312493
BAD 475553115503
BAD 475560295759
BAD 475562571373
BAD 475562571377
BAD 475563922063
BAD 475564988303
BAD 475611539933
BAD 475611703141
BAD 475614160859
BAD 475614690571
BAD 475616422867
BAD 475617992431
BAD 475619795327
BAD 475649235571
BAD 475649235577
BAD 475650885937
BAD 475652489779
BAD 475653927823
BAD 475652489783
BAD 475652489803
BAD 475653927829
BAD 475653927841
BAD 475652877881
BAD 475652877883
BAD 475652914073
BAD 475659570977
BAD 475659570979
BAD 475659570983
BAD 475660908271
BAD 475661343007
BAD 475661343019
BAD 475665765391
BAD 475666293941
BAD 475666293943
BAD 475667023373
BAD 475669286959
BAD 475674133339
BAD 475674133343
BAD 475674133447
BAD 475674133463
BAD 475675727819
BAD 475677036713
BAD 475677036719
BAD 475677036733
BAD 475772534023
BAD 475774675367
BAD 475788287911
BAD 475788287917
BAD 475777239263
BAD 475777320113
BAD 475777840271
BAD 475777840273
BAD 475923828361
BAD 475789717393
BAD 475924248733
BAD 475792093199
BAD 475792093201
BAD 475782202019
BAD 475794519709
BAD 475794519721
BAD 475794979603
BAD 475794979613
BAD 475794979637
BAD 475795258669
BAD 475929715823
BAD 475929715831
BAD 475930085791
BAD 475785843661
BAD 475797635717
BAD 475798846661
BAD 475933369663
BAD 475933369679
BAD 475934581597
BAD 475802669989
BAD 475936651679
BAD 475936651681
BAD 475842279379
BAD 475842279383
BAD 475842977483
BAD 475850460763
BAD 475854786961
BAD 475823254199
BAD 475823254201
BAD 475823311567
BAD 475823691817
BAD 475906285669
BAD 475825342547
BAD 475825342549
BAD 475825834951
BAD 475889803819
BAD 475805330491
BAD 475828211293
BAD 475807178701
BAD 475911236527
BAD 475911236641
BAD 475705492657
BAD 475914080371
BAD 475872669991
BAD 475894537361
BAD 475915457707
BAD 475915457711
BAD 475915457713
BAD 475915457723
BAD 475831780889
BAD 475873258643
BAD 475873572793
BAD 475708205911
BAD 475810252243
BAD 475810252249
BAD 475874699249
BAD 475709357401
BAD 475941104581
BAD 475811728921
BAD 475917842731
BAD 475918235311
BAD 475833639661
BAD 475833639667
BAD 475833708457
BAD 475876694149
BAD 475898292679
BAD 475942988159
BAD 475942988161
BAD 475722296537
BAD 475899383263
BAD 475878110063
BAD 475878110069
BAD 475878110077
BAD 475722792913
BAD 475835441849
BAD 475723002973
BAD 475740709427
BAD 475814171513
BAD 475945181821
BAD 475945777639
BAD 475946213933
BAD 475921690429
BAD 475921690441
BAD 475947491749
BAD 475947491759
BAD 475755329473
BAD 475755329479
BAD 475727007061
BAD 475755709967
BAD 475755709969
BAD 475903310551
BAD 475715748923
BAD 475974421339
BAD 475974421343
BAD 475757655091
BAD 475757655119
BAD 475728520381
BAD 475728520391
BAD 475717169141
BAD 475729653107
BAD 475729653109
BAD 475729708283
BAD 475951418707
BAD 475951418713
BAD 475951418717
BAD 475729874843
BAD 475905404813
BAD 475730935651
BAD 475720129763
BAD 475720414667
BAD 475720414669
BAD 475720702349
BAD 475720702351
BAD 475720702361
BAD 475720702363
BAD 475732983001
BAD 475749244981
BAD 475762572709
BAD 475762572743
BAD 475762572751
BAD 475980485159
BAD 475980508093
BAD 475980508097
BAD 475980508099
BAD 475886437003
BAD 475886437007
BAD 475764060143
BAD 475764060151
BAD 475751384149
BAD 475984039637
BAD 475984039639
BAD 475984196983
BAD 475736294227
BAD 475888450649
BAD 475888450651
BAD 475985800943
BAD 475986164791
BAD 475754554843
BAD 475986580067
BAD 475623778921
BAD 475623779041
BAD 475987087699
BAD 475987087703
BAD 475987087717
BAD 475624044673
BAD 475689882097
BAD 475690139399
BAD 475690139401
BAD 475989055169
BAD 475691659327
BAD 475628151331
BAD 475628672203
BAD 475694231153
BAD 475696526329
BAD 475697249119
BAD 475633526761
BAD 475698309817
BAD 475634278969
BAD 475634612041
BAD 475700382691
BAD 475700382697
BAD 475700479801
BAD 475956912901
BAD 475702778401
BAD 475958861017
BAD 475961676563
BAD 475963385201
BAD 475963385203
BAD 475857122911
BAD 475857122933
BAD 475858551683
BAD 475862062021
BAD 475864434139
BAD 475864980137
BAD 475864980139
BAD 475865168491
BAD 475865168497
BAD 475867160851
BAD 475989829219
BAD 475989829229
BAD 475989829243
BAD 475989829253
BAD 475989968567
BAD 475989968569
BAD 476007149413
BAD 476007149417
BAD 476007149419
BAD 476007321479
BAD 476007321481
BAD 475992244603
BAD 475993024799
BAD 476008310879
BAD 476008310881
BAD 476008310887
BAD 476008508519
BAD 476009987461
BAD 475996167431
BAD 475996167433
BAD 475996853923
BAD 476013729559
BAD 476013729563
BAD 476014947433
BAD 476014947439
BAD 476016335999
BAD 476004334969
BAD 476016336001
BAD 476005564651
BAD 476044237849
BAD 476044237873
BAD 476044706497
BAD 476047901843
BAD 476048300731
BAD 476050092811
BAD 476052171787
BAD 476052171901
BAD 476055170293
BAD 476055170299
BAD 476055170303
BAD 476055170347
BAD 476055337999
BAD 476055338027
BAD 476055338029
BAD 476075942233
BAD 476090331293
BAD 476090331307
BAD 476090331323
BAD 476078884273
BAD 476078884313
BAD 476093256113
BAD 476093314973
BAD 476081650843
BAD 476083655923
BAD 476083655933
BAD 476058794693
BAD 476058794699
BAD 476100460027
BAD 476089547413
BAD 476089955333
BAD 476089955339
BAD 476060116699
BAD 476060116703
BAD 476060116711
BAD 476102551591
BAD 476060779993
BAD 476061811493
BAD 476104021753
BAD 476104021763
BAD 476109443759
BAD 476105131681
BAD 476105131687
BAD 476105428819
BAD 476067621949
BAD 476068104461
BAD 476069410409
BAD 476069410417
BAD 476118725903
BAD 476119093913
BAD 476119870433
BAD 476122079311
BAD 476122079317
BAD 476291482427
BAD 476123201317
BAD 476292710183
BAD 476292710189
BAD 476293237339
BAD 476293988281
BAD 476227423559
BAD 476227423561
BAD 476227986239
BAD 476227986323
BAD 476232271913
BAD 476232271937
BAD 476232393233
BAD 476232393251
BAD 476232393253
BAD 476232972731
BAD 476233230859
BAD 476233262903
BAD 476233262909
BAD 476234150869
BAD 476236351373
BAD 476238231647
BAD 476238231649
BAD 476300970713
BAD 476300970721
BAD 476301823603
BAD 476307141083
BAD 476307746153
BAD 476023055533
BAD 476023055537
BAD 476023055539
BAD 476028865313
BAD 476032593661
BAD 476034680941
BAD 476037496453
BAD 476325235697
BAD 476326382513
BAD 476328432089
BAD 476328432091
BAD 476328432103
BAD 476329665919
BAD 476276758277
BAD 476279267011
BAD 476281783763
BAD 476281783771
BAD 476281783787
BAD 476281820473
BAD 476336667679
BAD 476283854881
BAD 476210254763
BAD 476210254769
BAD 476210254787
BAD 476210254789
BAD 476286554603
BAD 476286554609
BAD 476340627953
BAD 476340627967
BAD 476211092239
BAD 476289582163
BAD 476312165779
BAD 476315730151
BAD 476317025521
BAD 476317025531
BAD 476317025533
BAD 476379737633
BAD 476379737719
BAD 476380897589
BAD 476380897591
BAD 476219234479
BAD 476219234483
BAD 476219234489
BAD 476219234497
BAD 476219234509
BAD 476382416879
BAD 476193665489
BAD 476193665491
BAD 476194740409
BAD 476224083373
BAD 476224083383
BAD 476198147333
BAD 476198147339
BAD 476198874947
BAD 476389098223
BAD 476323707593
BAD 476201412703
BAD 476391116119
BAD 476203856209
BAD 476258270731
BAD 476258270737
BAD 476258270743
BAD 476160814607
BAD 476260166117
BAD 476260166119
BAD 476125046129
BAD 476342585143
BAD 476125550647
BAD 476125550651
BAD 476125550653
BAD 476125550683
BAD 476125550687
BAD 476125550689
BAD 476262199883
BAD 476179239167
BAD 476179239169
BAD 476126734429
BAD 476127569563
BAD 476127569569
BAD 476181735833
BAD 476344901807
BAD 476182411739
BAD 476182411741
BAD 476128351487
BAD 476128543211
BAD 476128543223
BAD 476346260899
BAD 476142081523
BAD 476363213119
BAD 476142259067
BAD 476346523987
BAD 476167684261
BAD 476167716979
BAD 476167717013
BAD 476346772639
BAD 476130101693
BAD 476364545311
BAD 476130268247
BAD 476347645819
BAD 476130268249
BAD 476347645831
BAD 476143776743
BAD 476130484399
BAD 476348015813
BAD 476365023839
BAD 476186986021
BAD 476186986039
BAD 476131600163
BAD 476131666489
BAD 476131666499
BAD 476131666501
BAD 476187332149
BAD 476146053899
BAD 476146053931
BAD 476146053961
BAD 476146053967
BAD 476132825611
BAD 476132825633
BAD 476269118209
BAD 476269212779
BAD 476269212781
BAD 476133119533
BAD 476367485059
BAD 476269680587
BAD 476269680589
BAD 476189170621
BAD 476189170627
BAD 476368327517
BAD 476350311533
BAD 476148728569
BAD 476189512871
BAD 476368894829
BAD 476368894831
BAD 476271673351
BAD 476272316497
BAD 476351663009
BAD 476138445337
BAD 476138677249
BAD 476138677253
BAD 476138677271
BAD 476139161189
BAD 476139161191
BAD 476354470019
BAD 476155183447
BAD 476155183459
BAD 476373701149
BAD 476373701183
BAD 476356800421
BAD 476356800433
BAD 476245439777
BAD 476245439779
BAD 476245439783
BAD 476250247471
BAD 476252691547
BAD 476393084213
BAD 476395082197
BAD 476395120603
BAD 476395866943
BAD 476395866959
BAD 476395866979
BAD 476395866983
BAD 476396419879
BAD 476396420141
BAD 476400005311
BAD 476410705327
BAD 476412944393
BAD 476407359919
BAD 476428570669
BAD 476431807297
BAD 476438049463
BAD 476438789263
BAD 476438789273
BAD 476439007873
BAD 476441103263
BAD 476441890459
BAD 476477417873
BAD 476459517847
BAD 476459608931
BAD 476481386561
BAD 476481952493
BAD 476496045943
BAD 476461558369
BAD 476462615243
BAD 476462615249
BAD 476484621469
BAD 476486209897
BAD 476500788353
BAD 476490368369
BAD 476466752059
BAD 476466752071
BAD 476466752077
BAD 476466752081
BAD 476506332167
BAD 476506332173
BAD 476508338569
BAD 476443246849
BAD 476456299117
BAD 476456299133
BAD 476456493391
BAD 476456493397
BAD 476510104627
BAD 476510104633
BAD 476510104639
BAD 476527396459
BAD 476527396463
BAD 476528497507
BAD 476522382811
BAD 476522382821
BAD 476522382823
BAD 476522382827
BAD 476522382829
BAD 476522932069
BAD 476522932219
BAD 476533652377
BAD 476537494463
BAD 476729203607
BAD 476729203609
BAD 476542556773
BAD 476542556779
BAD 476542556783
BAD 476731350947
BAD 476731350961
BAD 476731350973
BAD 476731350983
BAD 476731675709
BAD 476731675711
BAD 476736155317
BAD 476736857497
BAD 476739297019
BAD 476739606001
BAD 476765471423
BAD 476765997259
BAD 476765997263
BAD 476768187869
BAD 476768187871
BAD 476561181143
BAD 476768998513
BAD 476769324089
BAD 476561998373
BAD 476771031523
BAD 476564951059
BAD 476564951063
BAD 476629866511
BAD 476579733139
BAD 476632604113
BAD 476632604117
BAD 476632604141
BAD 476632604143
BAD 476777412493
BAD 476583023957
BAD 476567875831
BAD 476614043819
BAD 476633632063
BAD 476634136469
BAD 476634136471
BAD 476568663589
BAD 476568663601
BAD 476593787333
BAD 476593787357
BAD 476593787359
BAD 476593787363
BAD 476593787443
BAD 476635395031
BAD 476635408673
BAD 476586416843
BAD 476586485449
BAD 476636166709
BAD 476596724971
BAD 476597516539
BAD 476570345161
BAD 476570418151
BAD 476617438069
BAD 476598868553
BAD 476639790973
BAD 476618470987
BAD 476640104363
BAD 476601612007
BAD 476602008719
BAD 476621504563
BAD 476602008721
BAD 476604181523
BAD 476604245129
BAD 476624547439
BAD 476608362319
BAD 476745851773
BAD 476745851779
BAD 476712091523
BAD 476713685443
BAD 476645308067
BAD 476750248231
BAD 476648060341
BAD 476648703407
BAD 476648703409
BAD 476648703413
BAD 476752116109
BAD 476752941631
BAD 476700125029
BAD 476781668353
BAD 476722516379
BAD 476722516381
BAD 476783441443
BAD 476660664551
BAD 476706336643
BAD 476758129277
BAD 476707205153
BAD 476727414949
BAD 476727414959
BAD 476789033269
BAD 476659862983
BAD 476659862989
BAD 476659862993
BAD 476789133349
BAD 476708758453
BAD 476708758459
BAD 476789448053
BAD 476789448059
BAD 476789448061
BAD 476660230471
BAD 476666084537
BAD 476666084539
BAD 476684126623
BAD 476684126627
BAD 476684126629
BAD 476685152641
BAD 476710873763
BAD 476794535221
BAD 476688746161
BAD 476688746167
BAD 476688746173
BAD 476688983483
BAD 476688983489
BAD 476672035943
BAD 476672035949
BAD 476672035951
BAD 476691418241
BAD 476691418243
BAD 476693859457
BAD 476544782359
BAD 476544782369
BAD 476675253673
BAD 476545641527
BAD 476545641529
BAD 476546603899
BAD 476547418559
BAD 476547418561
BAD 476796094519
BAD 476550458359
BAD 476800998607
BAD 476553641119
BAD 476802114979
BAD 476802114991
BAD 476556469297
BAD 476556469331
BAD 476557551367
BAD 476805892337
BAD 476805892597
BAD 476558566123
BAD 476558566129
BAD 476814152987
BAD 476814152989
BAD 476816417183
BAD 476817201493
BAD 476817201499
BAD 476818518587
BAD 476821028881
BAD 476821580177
BAD 476824723267
BAD 476824723301
BAD 476824723303
BAD 476825620459
BAD 476825620463
BAD 476825620471
BAD 476825620501
BAD 476825886743
BAD 476828196577
BAD 476828196589
BAD 476863332871
BAD 476865490957
BAD 476878988513
BAD 476883618587
BAD 476873382793
BAD 476886617341
BAD 476887463161
BAD 476887862573
BAD 476877645191
BAD 476877645193
BAD 476877645229
BAD 476890400629
BAD 476877987757
BAD 476891277103
BAD 476845183163
BAD 476845183193
BAD 476895386377
BAD 476845971403
BAD 476845971419
BAD 476845971421
BAD 476846345351
BAD 476848149013
BAD 476831063351
BAD 476831063353
BAD 476849840119
BAD 476849840123
BAD 476850012161
BAD 476833907857
BAD 476835577979
BAD 476836490407
BAD 476836490411
BAD 476836490413
BAD 476853011389
BAD 476855616353
BAD 476843758333
BAD 476843758343
BAD 476904726169
BAD 476907351959
BAD 476907351961
BAD 476913317999
BAD 476913318001
BAD 476915429383
BAD 476915932819
BAD 476917036601
BAD 476921880289
BAD 476921880293
BAD 476922399409
BAD 476922399439
BAD 476925097531
BAD 476926304137
BAD 476926531721
BAD 476926531723
BAD 476927330533
BAD 476946170101
BAD 476951422943
BAD 476955192871
BAD 476957488261
BAD 476962588673
BAD 476963806681
BAD 476966019151
BAD 476966019157
BAD 476931000253
BAD 476931000263
BAD 476934160441
BAD 476934160447
BAD 476934868877
BAD 476935016603
BAD 476935016617
BAD 476935016627
BAD 476935016629
BAD 476975098261
BAD 476975098267
BAD 476936744051
BAD 476938713479
BAD 476983480381
BAD 476987427991
BAD 476987427997
BAD 476998681207
BAD 477098963797
BAD 477099375679
BAD 477005064443
BAD 477005145083
BAD 477035064283
BAD 477105489173
BAD 477109079809
BAD 477109097827
BAD 477038785403
BAD 477039239539
BAD 477039239549
BAD 477110733409
BAD 477110774479
BAD 477039896527
BAD 477040456523
BAD 477012504677
BAD 477012504679
BAD 477012504721
BAD 477130916047
BAD 477017011007
BAD 477134309719
BAD 477138452899
BAD 477026844143
BAD 477140160031
BAD 477046593523
BAD 477046593563
BAD 477048267803
BAD 477049919243
BAD 477051063127
BAD 477051183541
BAD 477054146143
BAD 477054146147
BAD 477216071597
BAD 477216140983
BAD 477216232501
BAD 477217276579
BAD 477217276583
BAD 477217276609
BAD 477221128493
BAD 477065437369
BAD 477065437393
BAD 477147513263
BAD 477147513383
BAD 477147513397
BAD 477072301313
BAD 477072301423
BAD 477113644261
BAD 477114002161
BAD 477075683641
BAD 477228346471
BAD 477229144261
BAD 477115922473
BAD 477115922477
BAD 477181599053
BAD 477181808927
BAD 477117652663
BAD 477117652667
BAD 477156657181
BAD 477156669751
BAD 477182716277
BAD 477173246743
BAD 477185560393
BAD 477185560459
BAD 477186324553
BAD 477158365297
BAD 477158365301
BAD 477158365303
BAD 477160077571
BAD 477189057713
BAD 477178599083
BAD 477178599181
BAD 477179686699
BAD 477179686703
BAD 477179686741
BAD 477190831723
BAD 477190831783
BAD 477160484093
BAD 477161668927
BAD 477180634477
BAD 477180634481
BAD 477180634643
BAD 477180637567
BAD 477126273139
BAD 477127887293
BAD 477127887307
BAD 477163849009
BAD 477163849013
BAD 477163849039
BAD 477194234941
BAD 477194456731
BAD 477199318181
BAD 477201177043
BAD 477201834847
BAD 477201834853
BAD 477201926633
BAD 477082544063
BAD 477203072519
BAD 477083941787
BAD 477083941801
BAD 477083941853
BAD 477083986597
BAD 477084345679
BAD 477206387641
BAD 477207417943
BAD 477086646889
BAD 477088006963
BAD 477088006981
BAD 477088006999
BAD 477209138773
BAD 477209138779
BAD 477210475603
BAD 477210475607
BAD 477089610841
BAD 477213782809
BAD 477213782819
BAD 477094154437
BAD 477251901083
BAD 477252179903
BAD 477252467599
BAD 477255273751
BAD 477302445889
BAD 477259803907
BAD 477259803913
BAD 477260768087
BAD 477231123829
BAD 477270556327
BAD 477270556331
BAD 477270556333
BAD 477262421443
BAD 477262421459
BAD 477262449553
BAD 477262758121
BAD 477262895233
BAD 477271424173
BAD 477272424467
BAD 477272424469
BAD 477233971867
BAD 477234053797
BAD 477234053809
BAD 477308823889
BAD 477274180193
BAD 477274780069
BAD 477312876709
BAD 477312876713
BAD 477279655939
BAD 477279655949
BAD 477237799669
BAD 477237799681
BAD 477241957553
BAD 477243006931
BAD 477243006937
BAD 477285896639
BAD 477286044083
BAD 477286131691
BAD 477287539723
BAD 477289387759
BAD 477320330033
BAD 477320596171
BAD 477321136367
BAD 477323915777
BAD 477323915779
BAD 477323915791
BAD 477326452307
BAD 477349311191
BAD 477349887899
BAD 477349887901
BAD 477349887929
BAD 477351778073
BAD 477351778081
BAD 477352031347
BAD 477353570063
BAD 477353570069
BAD 477354880889
BAD 477354944753
BAD 477355660433
BAD 477357143149
BAD 477331882693
BAD 477333286411
BAD 477333699923
BAD 477434712661
BAD 477360707339
BAD 477360707371
BAD 477360929729
BAD 477361979401
BAD 477362011681
BAD 477440274503
BAD 477338899327
BAD 477338899333
BAD 477338899343
BAD 477339541447
BAD 477339541451
BAD 477339541453
BAD 477398855683
BAD 477398855729
BAD 477342739219
BAD 477445888589
BAD 477400334689
BAD 477400334717
BAD 477368336461
BAD 477368336479
BAD 477368336483
BAD 477369525499
BAD 477409033973
BAD 477371051197
BAD 477371051203
BAD 477371092501
BAD 477371092507
BAD 477371092511
BAD 477371092519
BAD 477372764993
BAD 477374889853
BAD 477413699813
BAD 477379109303
BAD 477382507801
BAD 477383284141
BAD 477388258141
BAD 477388258147
BAD 477392929703
BAD 477420987331
BAD 477428150131
BAD 477501172613
BAD 477466589293
BAD 477466589297
BAD 477501441353
BAD 477501441367
BAD 477501441383
BAD 477467558059
BAD 477467558069
BAD 477504482261
BAD 477504640409
BAD 477504640433
BAD 477504724709
BAD 477505000321
BAD 477505000351
BAD 477474005321
BAD 477510461641
BAD 477510461657
BAD 477510461693
BAD 477510461699
BAD 477510461723
BAD 477510461749
BAD 477474975013
BAD 477513042469
BAD 477513433417
BAD 477513804893
BAD 477513804923
BAD 477604820773
BAD 477604886359
BAD 477605445631
BAD 477605583331
BAD 477606414209
BAD 477606414211
BAD 477606414217
BAD 477606414277
BAD 477612508423
BAD 477616003903
BAD 477684180601
BAD 477684318413
BAD 477684318443
BAD 477684915233
BAD 477684915247
BAD 477669597157
BAD 477688679329
BAD 477688679333
BAD 477691398421
BAD 477692531551
BAD 477692856031
BAD 477693157009
BAD 477693157013
BAD 477677170793
BAD 477449154073
BAD 477677861093
BAD 477698636543
BAD 477452509679
BAD 477453176737
BAD 477453176741
BAD 477552692053
BAD 477453176743
BAD 477453179923
BAD 477453346723
BAD 477454024429
BAD 477553349731
BAD 477554367319
BAD 477457852163
BAD 477458501269
BAD 477458917097
BAD 477458917099
BAD 477459256949
BAD 477459296341
BAD 477459490163
BAD 477459673333
BAD 477459673351
BAD 477459845521
BAD 477534897031
BAD 477534897043
BAD 477559241087
BAD 477559241101
BAD 477463423769
BAD 477463423771
BAD 477561047893
BAD 477619456693
BAD 477619456697
BAD 477563503069
BAD 477563618069
BAD 477563618071
BAD 477564744763
BAD 477653351491
BAD 477621840049
BAD 477621840053
BAD 477625072853
BAD 477517009429
BAD 477625705387
BAD 477625983511
BAD 477544840973
BAD 477517941097
BAD 477569218601
BAD 477569218603
BAD 477520804939
BAD 477658309049
BAD 477658446367
BAD 477658452617
BAD 477629647357
BAD 477583652173
BAD 477583652177
BAD 477583652179
BAD 477549014233
BAD 477549014263
BAD 477549014269
BAD 477522859171
BAD 477572898589
BAD 477486761263
BAD 477577119533
BAD 477588729911
BAD 477665399279
BAD 477528316277
BAD 477528316297
BAD 477589570657
BAD 477589570663
BAD 477489074539
BAD 477489438103
BAD 477666436453
BAD 477490042621
BAD 477490042643
BAD 477703119083
BAD 477490204507
BAD 477490204511
BAD 477530149673
BAD 477490819789
BAD 477705325771
BAD 477492351157
BAD 477708871901
BAD 477597171287
BAD 477710420953
BAD 477710420959
BAD 477710420963
BAD 477599774527
BAD 477713716463
BAD 477713716489
BAD 477715033387
BAD 477715633573
BAD 477767865661
BAD 477769175813
BAD 477773840743
BAD 477775130389
BAD 477777949079
BAD 477777949081
BAD 477718852421
BAD 477718852423
BAD 477718852427
BAD 477719403313
BAD 477778655287
BAD 477721354741
BAD 477780562561
BAD 477781184693
BAD 477727345643
BAD 477727345649
BAD 477835729643
BAD 477836406331
BAD 477753076919
BAD 477744240689
BAD 477744240691
BAD 477636548119
BAD 477754493683
BAD 477636776959
BAD 477636776963
BAD 477747113087
BAD 477747113089
BAD 477747113093
BAD 477818320163
BAD 477757227007
BAD 477757418297
BAD 477748439747
BAD 477841151239
BAD 477841151243
BAD 477819044093
BAD 477639488281
BAD 477841275749
BAD 477749173019
BAD 477749173021
BAD 477749173063
BAD 477749375113
BAD 477749375119
BAD 477749717491
BAD 477801699527
BAD 477758769101
BAD 477801974269
BAD 477802081123
BAD 477759075461
BAD 477759075463
BAD 477844182631
BAD 477805004179
BAD 477762090601
BAD 477823558427
BAD 477762367189
BAD 477645493219
BAD 477645493229
BAD 477645493231
BAD 477824955079
BAD 477646136761
BAD 477766153499
BAD 477850353653
BAD 477648682921
BAD 477648887801
BAD 477648887803
BAD 477829726571
BAD 477829726613
BAD 477829726651
BAD 477812682601
BAD 477832144871
BAD 477832144879
BAD 477815916467
BAD 477815916469
BAD 477834619553
BAD 477818051377
BAD 477818051387
BAD 477790303493
BAD 477791517043
BAD 477792043073
BAD 477794465809
BAD 477797227909
BAD 477798892243
BAD 477800070233
BAD 477800315401
BAD 477801316921
BAD 477859416919
BAD 477859444303
BAD 477859444367
BAD 477870388211
BAD 477870388213
BAD 477871241623
BAD 477879623731
BAD 477879623737
BAD 477880496521
BAD 477881388109
BAD 477883208681
BAD 477883236763
BAD 477883236767
BAD 477884893193
BAD 477884893201
BAD 477887299009
BAD 477896068171
BAD 477901379749
BAD 477901948759
BAD 477902240833
BAD 477902240873
BAD 477903895717
BAD 477904819603
BAD 477904819607
BAD 477906637723
BAD 477910603459
BAD 477911672813
BAD 477916126451
BAD 477936891623
BAD 477938610311
BAD 477938610313
BAD 477945422041
BAD 477946332481
BAD 478087748821
BAD 478087883443
BAD 477947760139
BAD 477947870383
BAD 477952287229
BAD 477952287233
BAD 478097652959
BAD 478097652961
BAD 478098505909
BAD 478098505943
BAD 478099305143
BAD 478102730141
BAD 478102730143
BAD 478189859569
BAD 478195375549
BAD 478198915399
BAD 478198915409
BAD 478199727457
BAD 478155116671
BAD 478162933177
BAD 478164951101
BAD 478164951113
BAD 478165929151
BAD 478166724047
BAD 478170507799
BAD 478171994711
BAD 478171994719
BAD 478171994723
BAD 478172962639
BAD 478172962643
BAD 477954894607
BAD 478239555653
BAD 478239555659
BAD 478173994513
BAD 478120838917
BAD 478241533447
BAD 478242005897
BAD 478175954827
BAD 478175954833
BAD 478137775351
BAD 477959856343
BAD 478109494591
BAD 478175954903
BAD 478137775361
BAD 478137775441
BAD 478176262523
BAD 478129775573
BAD 478250544691
BAD 478250544701
BAD 478250544703
BAD 478250635091
BAD 478110693857
BAD 478251080257
BAD 478251080273
BAD 478139088113
BAD 478131751151
BAD 478131751177
BAD 478132740523
BAD 478133857261
BAD 478014671419
BAD 478134114463
BAD 478114962841
BAD 478116035401
BAD 478017243811
BAD 478017243829
BAD 478017342379
BAD 478117148723
BAD 478117148731
BAD 478145788721
BAD 478145788723
BAD 477965690837
BAD 478146140081
BAD 478119239359
BAD 478119315391
BAD 478148423023
BAD 478148423029
BAD 478208681693
BAD 478229822743
BAD 478149391309
BAD 478149391327
BAD 477920644847
BAD 477920644849
BAD 478150328347
BAD 478231896983
BAD 477923161697
BAD 477923161699
BAD 478152279061
BAD 478213832423
BAD 478153514533
BAD 478153514537
BAD 478153514539
BAD 478235076307
BAD 477925032853
BAD 478215694939
BAD 478216956817
BAD 478217167973
BAD 478217167979
BAD 478217167991
BAD 478217167993
BAD 477926757961
BAD 478220133437
BAD 478220133439
BAD 477929645863
BAD 477933783143
BAD 477933964231
BAD 477934839859
BAD 477971227801
BAD 477974172037
BAD 478037404553
BAD 478037404597
BAD 478037814811
BAD 478042307221
BAD 477978972083
BAD 478046321153
BAD 478073733779
BAD 477981378773
BAD 478047233693
BAD 478047233711
BAD 478047367283
BAD 478075744283
BAD 478075744291
BAD 478078805173
BAD 478078805177
BAD 478078805179
BAD 478079350327
BAD 478080202883
BAD 478021434049
BAD 478081803457
BAD 478022058341
BAD 478022058343
BAD 478084358071
BAD 478085691301
BAD 478085691329
BAD 478085691331
BAD 478085691373
BAD 478085691383
BAD 478025286931
BAD 478025367803
BAD 478025628617
BAD 478025758061
BAD 478026601307
BAD 478026601309
BAD 478026601313
BAD 478061485999
BAD 478028880781
BAD 478029612679
BAD 478030067419
BAD 478032005183
BAD 478064951033
BAD 478032848177
BAD 478032848179
BAD 478065543191
BAD 478032998501
BAD 478065724489
BAD 478034031581
BAD 477987141823
BAD 477988604153
BAD 477989549441
BAD 477990331019
BAD 477994235011
BAD 477998216957
BAD 477998839127
BAD 477999993349
BAD 478000213393
BAD 478001203891
BAD 478002041369
BAD 478002041371
BAD 478002696383
BAD 478271420953
BAD 478271420959
BAD 478271592893
BAD 478273898329
BAD 478273934339
BAD 478274306287
BAD 478261580101
BAD 478261936507
BAD 478265026817
BAD 478265026819
BAD 478289288369
BAD 478290294709
BAD 478281120917
BAD 478281120959
BAD 478292829823
BAD 478282339417
BAD 478283237633
BAD 478283435437
BAD 478283435447
BAD 478295527793
BAD 478284523547
BAD 478284523553
BAD 478296092957
BAD 478296092959
BAD 478304477743
BAD 478304719861
BAD 478304923433
BAD 478308017543
BAD 478311677377
BAD 478312751779
BAD 478318649233
BAD 478318691581
BAD 478318691597
BAD 478320054293
BAD 478320392213
BAD 478340545099
BAD 478340545103
BAD 478342369793
BAD 478342369811
BAD 478342665979
BAD 478344693733
BAD 478345636063
BAD 478345718219
BAD 478323216103
BAD 478323898141
BAD 478346669267
BAD 478346669299
BAD 478348738669
BAD 478350532007
BAD 478351014619
BAD 478329568237
BAD 478355240591
BAD 478329808573
BAD 478355240593
BAD 478330195597
BAD 478330813469
BAD 478334636191
BAD 478334890249
BAD 478335239839
BAD 478373396101
BAD 478338159643
BAD 478374902077
BAD 478375879291
BAD 478364104861
BAD 478381223549
BAD 478382526619
BAD 478382752103
BAD 478369046633
BAD 478385432689
BAD 478386398731
BAD 478389422237
BAD 478389435743
BAD 478390269571
BAD 478393535219
BAD 478395081727
BAD 478397763743
BAD 478398384983
BAD 478399599127
BAD 478424869357
BAD 478424869361
BAD 478401061783
BAD 478425635887
BAD 478425635893
BAD 478427206273
BAD 478528525157
BAD 478528525159
BAD 478429423741
BAD 478506420589
BAD 478432440931
BAD 478507796861
BAD 478507796863
BAD 478507796867
BAD 478508747011
BAD 478406438173
BAD 478511476319
BAD 478511476321
BAD 478534923649
BAD 478534923653
BAD 478472720491
BAD 478408195039
BAD 478408195043
BAD 478408195063
BAD 478408957771
BAD 478444847483
BAD 478474430011
BAD 478474430017
BAD 478410038237
BAD 478503448613
BAD 478412238697
BAD 478412238701
BAD 478504738837
BAD 478412471401
BAD 478414732183
BAD 478452929429
BAD 478455596011
BAD 478485315079
BAD 478485315107
BAD 478485315109
BAD 478485315199
BAD 478460368093
BAD 478460368097
BAD 478460368117
BAD 478460445733
BAD 478462156061
BAD 478462156063
BAD 478462156111
BAD 478463713709
BAD 478463713711
BAD 478464361883
BAD 478464361891
BAD 478464732677
BAD 478540215631
BAD 478540804699
BAD 478542656719
BAD 478468510463
BAD 478468510469
BAD 478469826103
BAD 478545750091
BAD 478546491833
BAD 478546491859
BAD 478546491893
BAD 478623588917
BAD 478548704399
BAD 478548704401
BAD 478548704419
BAD 478626383269
BAD 478627526627
BAD 478554391877
BAD 478554391879
BAD 478554391901
BAD 478556624333
BAD 478590200929
BAD 478574890163
BAD 478574890169
BAD 478641004381
BAD 478641004393
BAD 478592634661
BAD 478635857207
BAD 478563316817
BAD 478637920627
BAD 478564380137
BAD 478645634437
BAD 478565352169
BAD 478639670101
BAD 478639670107
BAD 478647465893
BAD 478581160363
BAD 478581244789
BAD 478598436727
BAD 478598436773
BAD 478648500697
BAD 478608334663
BAD 478567659883
BAD 478649708939
BAD 478567659907
BAD 478649708941
BAD 478649708947
BAD 478611976697
BAD 478584780529
BAD 478584780533
BAD 478584780539
BAD 478584780547
BAD 478601410201
BAD 478585274113
BAD 478653133129
BAD 478654843651
BAD 478588031731
BAD 478617515821
BAD 478604970559
BAD 478657012283
BAD 478605274733
BAD 478621900597
BAD 478622176327
BAD 478675640683
BAD 478677378259
BAD 478678012517
BAD 478679056243
BAD 478679056283
BAD 478686621739
BAD 478686621773
BAD 478691982413
BAD 478693704389
BAD 478689143003
BAD 478695137671
BAD 478702160731
BAD 478703474761
BAD 478705210343
BAD 478705687151
BAD 478662799963
BAD 478666932713
BAD 478667096293
BAD 478668417763
BAD 478668417769
BAD 478669452647
BAD 478669452649
BAD 478669492057
BAD 478670044763
BAD 478672403431
BAD 478673291647
BAD 478707673891
BAD 478708667771
BAD 478708667791
BAD 478712867257
BAD 478712867261
BAD 478713400289
BAD 478714818797
BAD 478715351449
BAD 478715351453
BAD 478717001471
BAD 478717001473
BAD 478722583109
BAD 478722583111
BAD 478722583117
BAD 478722654077
BAD 478774527533
BAD 478774602379
BAD 478776593507
BAD 478776593509
BAD 478779230107
BAD 478781841011
BAD 478781877463
BAD 478782762449
BAD 478757899903
BAD 478786720213
BAD 478761373693
BAD 478761373697
BAD 478763354449
BAD 478763354479
BAD 478790174563
BAD 478790174567
BAD 478790779703
BAD 478765234631
BAD 478765570471
BAD 478772347883
BAD 478772347891
BAD 478772347909
BAD 478791282353
BAD 478792539209
BAD 478793334931
BAD 478729039643
BAD 478729039673
BAD 478729039687
BAD 478730263853
BAD 478808962999
BAD 478730263861
BAD 478826455073
BAD 478799902793
BAD 478831677383
BAD 478813688869
BAD 478833136871
BAD 478805116357
BAD 478805707033
BAD 478835354161
BAD 478835354167
BAD 478807658779
BAD 478807658809
BAD 478818809501
BAD 478818809503
BAD 478736839121
BAD 478736839123
BAD 478737250609
BAD 478738271513
BAD 478820898559
BAD 478821213071
BAD 478821213097
BAD 478821495809
BAD 478821495811
BAD 478740062257
BAD 478740773453
BAD 478746213727
BAD 478748066603
BAD 478754654179
BAD 478877963891
BAD 478912243501
BAD 478912243577
BAD 478861814533
BAD 478863018577
BAD 478886964617
BAD 478886964623
BAD 478916600443
BAD 478916600509
BAD 478925676301
BAD 478925676311
BAD 478925676323
BAD 478925676347
BAD 478925676349
BAD 478925722711
BAD 478925722721
BAD 478925792071
BAD 478918183069
BAD 478889776531
BAD 478889776537
BAD 478889888249
BAD 478889888251
BAD 478889888263
BAD 478928258299
BAD 478889935603
BAD 478889979331
BAD 478929169403
BAD 478871276453
BAD 478929554573
BAD 478929554591
BAD 478891038209
BAD 478891038211
BAD 478891038239
BAD 478931668493
BAD 478932602677
BAD 478932602683
BAD 478932930481
BAD 478923890017
BAD 478923890023
BAD 478934929021
BAD 478936522979
BAD 478936858483
BAD 478936858487
BAD 478936858489
BAD 478937756543
BAD 478938764149
BAD 478961523203
BAD 478963620923
BAD 478963620943
BAD 478963620953
BAD 478964650237
BAD 478964650243
BAD 478965818819
BAD 478966105249
BAD 478966680443
BAD 478969060303
BAD 478969060403
BAD 478969985251
BAD 478969985257
BAD 478969985261
BAD 478897630597
BAD 478974909871
BAD 478897630609
BAD 478897630613
BAD 478974909913
BAD 478974909949
BAD 478975984667
BAD 478975984673
BAD 478975984679
BAD 478975984681
BAD 479026559449
BAD 478977164779
BAD 478858366381
BAD 479029278751
BAD 479029278769
BAD 478978381663
BAD 478904533411
BAD 478904887579
BAD 478904887583
BAD 479029771249
BAD 478981352351
BAD 478981352363
BAD 478981352389
BAD 479039060243
BAD 479039068289
BAD 478985590103
BAD 479040017723
BAD 478986450799
BAD 478944034903
BAD 478986955261
BAD 479041645013
BAD 478989327373
BAD 479011513913
BAD 478945466557
BAD 479011993813
BAD 479012440321
BAD 479012440331
BAD 479042681123
BAD 479042681171
BAD 478949571083
BAD 479000359507
BAD 478951800293
BAD 478951800331
BAD 479018174603
BAD 479018183573
BAD 479019486559
BAD 479019486563
BAD 479019869831
BAD 479019869833
BAD 479019869837
BAD 479003556971
BAD 479005444769
BAD 479008308421
BAD 479047261507
BAD 479047261513
BAD 479047405489
BAD 479047405493
BAD 479051314837
BAD 479054094293
BAD 479054094301
BAD 479054094307
BAD 479054681671
BAD 479054681713
BAD 479054681731
BAD 479055157981
BAD 479058301313
BAD 479093920399
BAD 479094477629
BAD 479118074663
BAD 479118107669
BAD 479085688099
BAD 479118595339
BAD 479086835033
BAD 479087774623
BAD 479088014081
BAD 479088395197
BAD 479088395207
BAD 479088395209
BAD 479121820069
BAD 479090970811
BAD 479090970833
BAD 479122337423
BAD 479092032007
BAD 479092032011
BAD 479092032017
BAD 479092032019
BAD 479092032037
BAD 479106336673
BAD 479108175461
BAD 479108175463
BAD 479060098903
BAD 479061877321
BAD 479061877367
BAD 479061877421
BAD 479061877423
BAD 479062770449
BAD 479062770451
BAD 479062770457
BAD 479068876183
BAD 479068876189
BAD 479072219993
BAD 479076160163
BAD 479076160169
BAD 479144730307
BAD 479149665893
BAD 479150157721
BAD 479151855841
BAD 479151905339
BAD 479211618173
BAD 479157060959
BAD 479157060961
BAD 479157920063
BAD 479158865173
BAD 479219054257
BAD 479195010451
BAD 479195010457
BAD 479195010467
BAD 479196898837
BAD 479178387661
BAD 479178387683
BAD 479221930367
BAD 479223441967
BAD 479223441971
BAD 479223441973
BAD 479163932483
BAD 479182167103
BAD 479165401703
BAD 479165401727
BAD 479183441491
BAD 479166280981
BAD 479168402143
BAD 479169300443
BAD 479169300461
BAD 479226900083
BAD 479227218737
BAD 479227218739
BAD 479227218751
BAD 479187602303
BAD 479188342267
BAD 479171175149
BAD 479188377757
BAD 479188377763
BAD 479173369921
BAD 479190544831
BAD 479128584439
BAD 479129010511
BAD 479133428077
BAD 479133428087
BAD 479133428089
BAD 479136408589
BAD 479136408593
BAD 479230381439
BAD 479230381459
BAD 479230381471
BAD 479230381477
BAD 479230381481
BAD 479230483013
BAD 479139221867
BAD 479234068519
BAD 479296071923
BAD 479143425281
BAD 479143425289
BAD 479143425301
BAD 479235498923
BAD 479235498949
BAD 479236438763
BAD 479300635207
BAD 479300635211
BAD 479239911259
BAD 479240448067
BAD 479306924653
BAD 479307289961
BAD 479307622909
BAD 479307622919
BAD 479307622921
BAD 479244401917
BAD 479246210221
BAD 479246210263
BAD 479311192489
BAD 479248645823
BAD 479248645829
BAD 479248645831
BAD 479248771957
BAD 479249465603
BAD 479249465609
BAD 479249465621
BAD 479255847781
BAD 479257536691
BAD 479257536697
BAD 479285762653
BAD 479286222211
BAD 479286222263
BAD 479261027659
BAD 479261476517
BAD 479291373503
BAD 479293549673
BAD 479266454353
BAD 479267415481
BAD 479270342077
BAD 479271575683
BAD 479271575689
BAD 479363749411
BAD 479366502007
BAD 479373484951
BAD 479374446169
BAD 479377962523
BAD 479479493401
BAD 479479774141
BAD 479481744067
BAD 479463342829
BAD 479463775081
BAD 479484369031
BAD 479484400553
BAD 479485948927
BAD 479486218327
BAD 479470454479
BAD 479470454483
BAD 479471875651
BAD 479471875657
BAD 479505911671
BAD 479473481243
BAD 479473481261
BAD 479473481281
BAD 479473481287
BAD 479508954097
BAD 479509619363
BAD 479476722553
BAD 479476722559
BAD 479314296793
BAD 479314296823
BAD 479399254613
BAD 479399627579
BAD 479401999291
BAD 479402260979
BAD 479321538889
BAD 479321538893
BAD 479321538901
BAD 479382218603
BAD 479409504047
BAD 479414317609
BAD 479409977269
BAD 479414819171
BAD 479410469047
BAD 479414819173
BAD 479414819183
BAD 479415465349
BAD 479415586049
BAD 479415586051
BAD 479429062141
BAD 479416726267
BAD 479389798117
BAD 479417308823
BAD 479418189787
BAD 479433206159
BAD 479433412231
BAD 479434417373
BAD 479392703527
BAD 479434932761
BAD 479434932763
BAD 479421308693
BAD 479393906417
BAD 479421965903
BAD 479421965909
BAD 479422288049
BAD 479436633901
BAD 479330133371
BAD 479437705093
BAD 479353486201
BAD 479353486231
BAD 479353486237
BAD 479423535307
BAD 479437995481
BAD 479332877213
BAD 479516420753
BAD 479516554553
BAD 479426489981
BAD 479426489987
BAD 479426489989
BAD 479426490001
BAD 479426490017
BAD 479426490019
BAD 479426577913
BAD 479333587399
BAD 479333587417
BAD 479439147823
BAD 479450638669
BAD 479334695117
BAD 479334695123
BAD 479452548499
BAD 479519540083
BAD 479359627303
BAD 479520805591
BAD 479443178303
BAD 479521601239
BAD 479521601243
BAD 479454577933
BAD 479337602423
BAD 479338500847
BAD 479524917539
BAD 479524917541
BAD 479457007507
BAD 479459467723
BAD 479341908427
BAD 479460421501
BAD 479528914919
BAD 479460964681
BAD 479342696977
BAD 479461295801
BAD 479462067923
BAD 479534207281
BAD 479535973393
BAD 479535973403
BAD 479538850711
BAD 479538850717
BAD 479538850733
BAD 479540052769
BAD 479540052773
BAD 479542274951
BAD 479542274963
BAD 479587489133
BAD 479587489193
BAD 479546351327
BAD 479546351329
BAD 479547704723
BAD 479547704731
BAD 479550854459
BAD 479566992143
BAD 479568142793
BAD 479553321601
BAD 479553546097
BAD 479569389473
BAD 479554504399
BAD 479554504411
BAD 479557950259
BAD 479559194509
BAD 479574934261
BAD 479599587421
BAD 479599975733
BAD 479599975747
BAD 479577092479
BAD 479578387979
BAD 479603070119
BAD 479603378251
BAD 479648955469
BAD 479609153987
BAD 479609153993
BAD 479609731597
BAD 479609731609
BAD 479610845641
BAD 479610845647
BAD 479630525503
BAD 479630525509
BAD 479611027429
BAD 479611027433
BAD 479612405161
BAD 479660119181
BAD 479638577021
BAD 479638577023
BAD 479640072839
BAD 479640072841
BAD 479640521057
BAD 479644292389
BAD 479644864981
BAD 479646493723
BAD 479668707671
BAD 479668707673
BAD 479668707677
BAD 479669722471
BAD 479672585573
BAD 479674986151
BAD 479675360627
BAD 479675360629
BAD 479619058519
BAD 479622874151
BAD 479622874153
BAD 479623545001
BAD 479626493351
BAD 479735066917
BAD 479737411973
BAD 479740226773
BAD 479704896211
BAD 479690164493
BAD 479704996921
BAD 479765838199
BAD 479693192359
BAD 479766079087
BAD 479766079103
BAD 479767907539
BAD 479711590747
BAD 479711590751
BAD 479711590753
BAD 479712269053
BAD 479770163947
BAD 479713647799
BAD 479772129869
BAD 479772129871
BAD 479835888913
BAD 479775364727
BAD 479775364729
BAD 479776250983
BAD 479776308443
BAD 479753742379
BAD 479778027697
BAD 479778027713
BAD 479778466493
BAD 479778466499
BAD 479778466501
BAD 479840358527
BAD 479779671113
BAD 479843169763
BAD 479757876893
BAD 479843890447
BAD 479759537783
BAD 479759537801
BAD 479846257999
BAD 479883322759
BAD 479760545633
BAD 479760793579
BAD 479760799549
BAD 479760799559
BAD 479760799561
BAD 479800498519
BAD 479761332887
BAD 479761332889
BAD 479761332893
BAD 479801911763
BAD 479801911777
BAD 479804258191
BAD 479888685319
BAD 479806135021
BAD 479889212003
BAD 479889212017
BAD 479890926283
BAD 479916078799
BAD 479917080131
BAD 479917080133
BAD 479917894333
BAD 479810977777
BAD 479714043673
BAD 479894447761
BAD 479894462849
BAD 479919085337
BAD 479714719073
BAD 479812147973
BAD 479812147987
BAD 479848764781
BAD 479721063431
BAD 479721063433
BAD 479721063449
BAD 479721063457
BAD 479927071753
BAD 479724513143
BAD 479853666599
BAD 479928456533
BAD 479853666601
BAD 479853666613
BAD 479853666619
BAD 479821539451
BAD 479857226371
BAD 479826986927
BAD 479826986929
BAD 479784818641
BAD 479827695143
BAD 479898627893
BAD 479898627913
BAD 479828868187
BAD 479863468067
BAD 479900241571
BAD 479789778107
BAD 479789778109
BAD 479789778121
BAD 479903709841
BAD 479903898181
BAD 479795672401
BAD 479867323807
BAD 479867323823
BAD 479911131983
BAD 479870255603
BAD 479912722073
BAD 479912722109
BAD 479870957821
BAD 479872817503
BAD 479877104263
BAD 479877918251
BAD 479878161487
BAD 479933425073
BAD 479933425171
BAD 479935089973
BAD 479935089979
BAD 479939281573
BAD 479966739283
BAD 479943425917
BAD 479967864601
BAD 479944239713
BAD 479971471387
BAD 479971624291
BAD 479971624453
BAD 479971624471
BAD 479971624487
BAD 479972788651
BAD 479972788681
BAD 479953320887
BAD 479954017031
BAD 479954017033
BAD 479954017073
BAD 479955142787
BAD 479955142789
BAD 479976233993
BAD 479977562447
BAD 479977562453
BAD 479957958133
BAD 479957958157
BAD 479958875843
BAD 479958875849
BAD 479962362461
BAD 479962362463
BAD 479964221843
BAD 479964221851
BAD 479982740071
BAD 479982740077
BAD 479986630399
BAD 479990097619
BAD 479990586883
BAD 479991045983
BAD 479993955797
BAD 479993955799
BAD 479993955803
BAD 479993955811
BAD 479994011933
BAD 479994394861
BAD 479995257013
BAD 479995257017
BAD 479995257019
RANGE 470000000000 480000000000 PRIMES 371923088 BAD 5351
