BAD 510134940919
BAD 510135315959
BAD 510251928133
BAD 510138789253
BAD 510139312147
BAD 510143014757
BAD 510162401659
BAD 510162401689
BAD 510274371533
BAD 510274371557
BAD 510274371559
BAD 510274678099
BAD 510261343223
BAD 510143770483
BAD 510164268961
BAD 510164268967
BAD 510262407143
BAD 510118866799
BAD 510277030499
BAD 510277834309
BAD 510265441423
BAD 510121872593
BAD 510122392009
BAD 510122740849
BAD 510122740859
BAD 510122954023
BAD 510124514131
BAD 510125266213
BAD 510148121117
BAD 510149512351
BAD 510131846797
BAD 510352609889
BAD 510352609891
BAD 510352609951
BAD 510355647961
BAD 510356653283
BAD 510359241527
BAD 510359241529
BAD 510360834073
BAD 510362331839
BAD 510367281871
BAD 510367692607
BAD 510367692613
BAD 510340648429
BAD 510372702953
BAD 510203150257
BAD 510084049999
BAD 510084050009
BAD 510084050011
BAD 510374669719
BAD 510374669731
BAD 510085051703
BAD 510238309159
BAD 510238309187
BAD 510205987981
BAD 510184818667
BAD 510376978261
BAD 510290852767
BAD 510207979157
BAD 510186209287
BAD 510186209293
BAD 510292622239
BAD 510058254031
BAD 510347497873
BAD 510292622243
BAD 510347497879
BAD 510059161169
BAD 510186820987
BAD 510214133311
BAD 510017516873
BAD 510062022427
BAD 510019404623
BAD 510063183403
BAD 510019630457
BAD 510019630459
BAD 510297919673
BAD 510218037697
BAD 510191582183
BAD 510064077043
BAD 510064077049
BAD 510064077067
BAD 510003032029
BAD 510003437821
BAD 510251454841
BAD 510065805923
BAD 510101104531
BAD 510101104537
BAD 510004482763
BAD 510066248873
BAD 510004482769
BAD 510004482773
BAD 510066530957
BAD 510066530959
BAD 510305117701
BAD 510004965563
BAD 510194707909
BAD 510098291447
BAD 510098565721
BAD 510168796063
BAD 510103233433
BAD 510099929071
BAD 510307268441
BAD 510197731891
BAD 510024035137
BAD 510024035141
BAD 510170435221
BAD 510024267419
BAD 510170754437
BAD 510170867021
BAD 510009646847
BAD 510009646849
BAD 510200511323
BAD 510011907023
BAD 510220292003
BAD 510312240883
BAD 510027985711
BAD 510388602859
BAD 510388602863
BAD 510388602877
BAD 510388602907
BAD 510028249351
BAD 510108092111
BAD 510173369141
BAD 510173369143
BAD 510173369149
BAD 510174320713
BAD 510222455671
BAD 510222455689
BAD 510390946567
BAD 510314474881
BAD 510223179439
BAD 510223570411
BAD 510176354711
BAD 510176354713
BAD 510224050033
BAD 510177022507
BAD 510110959849
BAD 510111128221
BAD 510393867289
BAD 510112198969
BAD 510112199011
BAD 510112199027
BAD 510112199029
BAD 510179905973
BAD 510112799243
BAD 510395810719
BAD 510395810723
BAD 510113234641
BAD 510396242243
BAD 510396242249
BAD 510396242281
BAD 510032854637
BAD 510181361827
BAD 510228510031
BAD 510116374553
BAD 510116897119
BAD 510116897123
BAD 510230481353
BAD 510230481361
BAD 510398397997
BAD 510398569493
BAD 510398569501
BAD 510398569507
BAD 510398569511
BAD 510319895653
BAD 510399347099
BAD 510399661817
BAD 510399661819
BAD 510232672927
BAD 510233068333
BAD 510401259677
BAD 510401259679
BAD 510402652583
BAD 510328826809
BAD 510330955021
BAD 510331308379
BAD 510331947161
BAD 510331947163
BAD 510034212953
BAD 510035472007
BAD 510070338343
BAD 510037765487
BAD 510037765493
BAD 510038336827
BAD 510039917183
BAD 510074039383
BAD 510042160081
BAD 510043345687
BAD 510043649569
BAD 510076914401
BAD 510078945043
BAD 510079542263
BAD 510048326213
BAD 510083776351
BAD 510419798599
BAD 510419798659
BAD 510419970733
BAD 510419970751
BAD 510427720247
BAD 510427720249
BAD 510470057407
BAD 510470057423
BAD 510474290603
BAD 510434987371
BAD 510480376411
BAD 510483797531
BAD 510483797533
BAD 510483797539
BAD 510488157253
BAD 510488157259
BAD 510489446333
BAD 510439076611
BAD 510439076617
BAD 510441092281
BAD 510441473603
BAD 510494677291
BAD 510498195301
BAD 510403052869
BAD 510755231551
BAD 510755231557
BAD 510455531921
BAD 510455531923
BAD 510756903541
BAD 510757388549
BAD 510757388551
BAD 510758115193
BAD 510758115199
BAD 510758115209
BAD 510758115211
BAD 510410278783
BAD 510413322253
BAD 510761358781
BAD 510761358799
BAD 510761358803
BAD 510460848329
BAD 510415548961
BAD 510765309541
BAD 510465247783
BAD 510766778677
BAD 510467972219
BAD 510789577709
BAD 510520886503
BAD 510523022213
BAD 510523022227
BAD 510523022257
BAD 510524685919
BAD 510795581771
BAD 510527780689
BAD 510799748653
BAD 510799944169
BAD 510800112643
BAD 510800112661
BAD 510803250961
BAD 510803250983
BAD 510722632033
BAD 510740258179
BAD 510740258191
BAD 510776442443
BAD 510776750399
BAD 510777621901
BAD 510777621931
BAD 510778831169
BAD 510688701253
BAD 510729336343
BAD 510780434221
BAD 510689528359
BAD 510781026263
BAD 510730080053
BAD 510730080067
BAD 510730080071
BAD 510730080073
BAD 510730080083
BAD 510730189919
BAD 510705171763
BAD 510730988791
BAD 510730988827
BAD 510655947947
BAD 510655947953
BAD 510732272243
BAD 510694207703
BAD 510694207717
BAD 510694207721
BAD 510695043503
BAD 510787268879
BAD 510787268881
BAD 510753677561
BAD 510753677563
BAD 510710379367
BAD 510734254469
BAD 510699769639
BAD 510663271249
BAD 510663932969
BAD 510712218019
BAD 510505032179
BAD 510701455141
BAD 510714229981
BAD 510703898603
BAD 510703898611
BAD 510703898767
BAD 510703928089
BAD 510703928093
BAD 510668294131
BAD 510715786081
BAD 510737216789
BAD 510737216791
BAD 510737216797
BAD 510669038339
BAD 510512529853
BAD 510512529859
BAD 510514054859
BAD 510514054861
BAD 510514054873
BAD 510514054879
BAD 510514645763
BAD 510516351409
BAD 510516351413
BAD 510516893773
BAD 510516893779
BAD 510516893797
BAD 510518409403
BAD 510605830459
BAD 510576612211
BAD 510538889363
BAD 510538889369
BAD 510610236593
BAD 510611123723
BAD 510611123731
BAD 510678986437
BAD 510622043383
BAD 510614263847
BAD 510614263849
BAD 510614263853
BAD 510624798269
BAD 510625525129
BAD 510684246113
BAD 510684246119
BAD 510546126913
BAD 510546126943
BAD 510626577599
BAD 510685659439
BAD 510685659443
BAD 510547185593
BAD 510627779917
BAD 510627779923
BAD 510627779971
BAD 510628609727
BAD 510630046613
BAD 510556868137
BAD 510550734229
BAD 510588026881
BAD 510588026887
BAD 510588026891
BAD 510588372589
BAD 510560108567
BAD 510590335111
BAD 510590335201
BAD 510590335243
BAD 510560461927
BAD 510561062029
BAD 510592572967
BAD 510592572977
BAD 510592572979
BAD 510635583389
BAD 510593315389
BAD 510564148151
BAD 510564148153
BAD 510564148169
BAD 510637132861
BAD 510567773567
BAD 510568411279
BAD 510568411291
BAD 510599400629
BAD 510599400631
BAD 510602709709
BAD 510644522161
BAD 510649229359
BAD 510649229381
BAD 510649229383
BAD 510652288423
BAD 510652288439
BAD 510652288441
BAD 510652288493
BAD 510808224713
BAD 510817801633
BAD 510818582117
BAD 510818582119
BAD 510818582123
BAD 510818644849
BAD 510821948831
BAD 510828468413
BAD 510828718381
BAD 510831182149
BAD 510832863733
BAD 510837096257
BAD 510856398139
BAD 510857285033
BAD 510857671873
BAD 510865373803
BAD 510870252043
BAD 510871377361
BAD 510891147113
BAD 510892621039
BAD 510893406071
BAD 510893406073
BAD 510900135049
BAD 510905672551
BAD 510906678823
BAD 510911217023
BAD 510924871187
BAD 510924871189
BAD 510928749983
BAD 510930774793
BAD 510931211003
BAD 510931713911
BAD 510932609027
BAD 510932609029
BAD 510932609053
BAD 510932609087
BAD 510932609093
BAD 510915201493
BAD 510915503509
BAD 510918022567
BAD 510839370667
BAD 510840914011
BAD 510942119837
BAD 510942942421
BAD 510943589269
BAD 510943589281
BAD 510843726907
BAD 510843726919
BAD 510843726923
BAD 510848341501
BAD 510951370081
BAD 510955673029
BAD 510955864381
BAD 510955864387
BAD 510955864963
BAD 510854178811
BAD 510854795723
BAD 511008621061
BAD 511008621073
BAD 511010488159
BAD 511013621771
BAD 511013621773
BAD 511015269649
BAD 511018165067
BAD 511018165069
BAD 511018165087
BAD 511020097789
BAD 511020097793
BAD 511020296519
BAD 511020296533
BAD 511020296543
BAD 511020296551
BAD 511020296557
BAD 510873012341
BAD 510874027949
BAD 510874456159
BAD 510877577207
BAD 510877577209
BAD 510877640773
BAD 510879507739
BAD 510881129221
BAD 510884199913
BAD 510885540343
BAD 510885540349
BAD 510885540383
BAD 510885672413
BAD 510888407111
BAD 511025362591
BAD 511025362597
BAD 511025362613
BAD 511025727451
BAD 511026016639
BAD 511026016643
BAD 511031487511
BAD 511032424073
BAD 511033029937
BAD 511033029943
BAD 511033029953
BAD 511192288603
BAD 511034514271
BAD 511035480173
BAD 511035874523
BAD 510976297823
BAD 511194677963
BAD 511125026089
BAD 511160490443
BAD 511162538111
BAD 511162538113
BAD 511043753491
BAD 511200097033
BAD 511045345141
BAD 510980255701
BAD 511129291097
BAD 511166734501
BAD 511166734523
BAD 511045983863
BAD 511046793979
BAD 511046828549
BAD 511046828569
BAD 511046828573
BAD 511168313311
BAD 511168313351
BAD 511168313353
BAD 511095922723
BAD 511047215033
BAD 511168575923
BAD 511175548243
BAD 511048075729
BAD 511038045709
BAD 511096963007
BAD 511096963009
BAD 511170582973
BAD 511170582977
BAD 511143073043
BAD 511204552009
BAD 511204552013
BAD 510983243597
BAD 510983243599
BAD 510983243611
BAD 510983243633
BAD 511143489599
BAD 511143489601
BAD 511143489607
BAD 511050449251
BAD 511143994579
BAD 511077292307
BAD 511077292309
BAD 511144127479
BAD 511172909063
BAD 511133626981
BAD 511180766599
BAD 511134424351
BAD 510986190257
BAD 510986190259
BAD 511146145801
BAD 511104223139
BAD 511104223141
BAD 511081221731
BAD 511081221733
BAD 511105147039
BAD 511105147057
BAD 511105147061
BAD 511147541053
BAD 510957815461
BAD 510957815483
BAD 511185442217
BAD 511185442219
BAD 511185442223
BAD 511185842359
BAD 511056808547
BAD 511138294679
BAD 511138294729
BAD 511138535003
BAD 511139118713
BAD 511083773177
BAD 511150064989
BAD 511150065007
BAD 511150089631
BAD 511188675821
BAD 511151174173
BAD 511151174213
BAD 511151174221
BAD 510961938049
BAD 510962128133
BAD 510962439437
BAD 510992651053
BAD 511153250837
BAD 511062104491
BAD 511062104551
BAD 511088815117
BAD 510966194969
BAD 511156125979
BAD 511156125983
BAD 510966860377
BAD 510966860381
BAD 510966860387
BAD 510966860389
BAD 510966860401
BAD 511156310449
BAD 511064436703
BAD 510998480869
BAD 511067776883
BAD 511068843031
BAD 511001066659
BAD 511002631651
BAD 511072094131
BAD 511072510063
BAD 510972804893
BAD 511004422351
BAD 511004422367
BAD 511006459463
BAD 511006459471
BAD 511006459477
BAD 511006459507
BAD 511006520303
BAD 511210313371
BAD 511210313381
BAD 511212736927
BAD 511212736933
BAD 511212736949
BAD 511108981793
BAD 511108981819
BAD 511111049971
BAD 511111049983
BAD 511111050059
BAD 511111050061
BAD 511112562421
BAD 511112562427
BAD 511216402919
BAD 511217523923
BAD 511218604181
BAD 511218604187
BAD 511218604189
BAD 511218734867
BAD 511218734869
BAD 511118502877
BAD 511118502883
BAD 511222042823
BAD 511227798187
BAD 511229893409
BAD 511229893411
BAD 511233820907
BAD 511238221049
BAD 511238221051
BAD 511258586131
BAD 511262199593
BAD 511262199607
BAD 511249686943
BAD 511249686953
BAD 511249936633
BAD 511269371311
BAD 511269538561
BAD 511270489069
BAD 511270489073
BAD 511273508783
BAD 511278071189
BAD 511278071191
BAD 511278071209
BAD 511278363391
BAD 511283502287
BAD 511290993079
BAD 511298814563
BAD 511301359379
BAD 511301359381
BAD 511303436753
BAD 511303486711
BAD 511303486801
BAD 511303837637
BAD 511305540463
BAD 511305540467
BAD 511305540469
BAD 511306400431
BAD 511311899999
BAD 511316253967
BAD 511320882187
BAD 511324484663
BAD 511324484669
BAD 511324910821
BAD 511325997733
BAD 511333844311
BAD 511333844317
BAD 511333844321
BAD 511333844323
BAD 511338716557
BAD 511596162619
BAD 511596162629
BAD 511596162631
BAD 511596408941
BAD 511596408943
BAD 511362911179
BAD 511364468911
BAD 511367310227
BAD 511367310229
BAD 511368616987
BAD 511628083507
BAD 511628083529
BAD 511369629523
BAD 511629209999
BAD 511629210023
BAD 511629210067
BAD 511629210109
BAD 511606234063
BAD 511371681031
BAD 511607423963
BAD 511607423969
BAD 511373309311
BAD 511631862017
BAD 511632198823
BAD 511632198937
BAD 511632198941
BAD 511632198943
BAD 511633429733
BAD 511609282999
BAD 511609905809
BAD 511609905811
BAD 511639606133
BAD 511410667907
BAD 511410667909
BAD 511343793991
BAD 511343940901
BAD 511411804823
BAD 511494981421
BAD 511347075319
BAD 511495416233
BAD 511464154787
BAD 511347457903
BAD 511347457913
BAD 511348079017
BAD 511348349431
BAD 511348682899
BAD 511348682903
BAD 511465780759
BAD 511642814609
BAD 511642814611
BAD 511466487937
BAD 511466487943
BAD 511466487953
BAD 511562846029
BAD 511513934537
BAD 511421301071
BAD 511564607473
BAD 511354276633
BAD 511514390041
BAD 511503406111
BAD 511423308001
BAD 511515933241
BAD 511356222781
BAD 511423978279
BAD 511423978283
BAD 511424884741
BAD 511474267441
BAD 511568039023
BAD 511518285517
BAD 511475600437
BAD 511475600513
BAD 511475680201
BAD 511394666623
BAD 511519399849
BAD 511519888393
BAD 511570596721
BAD 511570596727
BAD 511520096287
BAD 511520567821
BAD 511520567827
BAD 511521098233
BAD 511572564487
BAD 511572564491
BAD 511572564493
BAD 511522668169
BAD 511522668221
BAD 511611386543
BAD 511612587943
BAD 511400316047
BAD 511526176229
BAD 511576327153
BAD 511619609539
BAD 511619995597
BAD 511408303897
BAD 511547752501
BAD 511376272753
BAD 511377958459
BAD 511377958471
BAD 511550638483
BAD 511380800171
BAD 511380800173
BAD 511381573981
BAD 511381704679
BAD 511381704709
BAD 511381704721
BAD 511381704727
BAD 511382194013
BAD 511528044829
BAD 511383129547
BAD 511384807411
BAD 511427033827
BAD 511556520659
BAD 511556520661
BAD 511557354157
BAD 511557354163
BAD 511388548777
BAD 511577810071
BAD 511577810077
BAD 511389214261
BAD 511389214267
BAD 511430864107
BAD 511389501661
BAD 511560093287
BAD 511476869483
BAD 511476869489
BAD 511477303097
BAD 511390478779
BAD 511535298317
BAD 511535298319
BAD 511443794047
BAD 511443794051
BAD 511536548297
BAD 511446286811
BAD 511447572463
BAD 511585606691
BAD 511483523813
BAD 511484131919
BAD 511484131927
BAD 511484131931
BAD 511484131933
BAD 511450289123
BAD 511587906107
BAD 511451930963
BAD 511486491751
BAD 511486541777
BAD 511486541779
BAD 511486541809
BAD 511453712281
BAD 511453712291
BAD 511590224179
BAD 511453832453
BAD 511456035691
BAD 511456035733
BAD 511456035743
BAD 511492735267
BAD 511458888041
BAD 511459332193
BAD 511650430919
BAD 511650430939
BAD 511650430943
BAD 511651258451
BAD 511651258453
BAD 511655087243
BAD 511660783351
BAD 511695091703
BAD 511696040353
BAD 511697011697
BAD 511697140951
BAD 511702629961
BAD 511702629967
BAD 511703974213
BAD 511704347527
BAD 511704347549
BAD 511704347551
BAD 511707195773
BAD 511662246673
BAD 511662246677
BAD 511662931963
BAD 511667320147
BAD 511667320201
BAD 511667320207
BAD 511675635049
BAD 511685397683
BAD 511687187659
BAD 511687187663
BAD 511691288893
BAD 511720881109
BAD 511729957943
BAD 511735245691
BAD 511735275593
BAD 511740300139
BAD 511740300143
BAD 511742137943
BAD 511742137967
BAD 511742137969
BAD 511761873893
BAD 511764117211
BAD 511745903681
BAD 511751055997
BAD 511775255969
BAD 511777736083
BAD 511778332531
BAD 511757466841
BAD 511757466863
BAD 511947569647
BAD 512047377253
BAD 511952189183
BAD 511952694811
BAD 512049043529
BAD 512049043531
BAD 511955292913
BAD 512056377743
BAD 512057242351
BAD 512057242357
BAD 512064881773
BAD 512058765797
BAD 512060443199
BAD 512060443201
BAD 511958531813
BAD 511958597753
BAD 512067849703
BAD 511960303117
BAD 512062812901
BAD 512069720909
BAD 512070381301
BAD 512070651893
BAD 512071911203
BAD 512073227737
BAD 512078735183
BAD 512078735191
BAD 511996921081
BAD 512000868859
BAD 512014087919
BAD 511882443533
BAD 511882864817
BAD 511882864819
BAD 511781474689
BAD 512006617327
BAD 511782786421
BAD 511783098719
BAD 511783098721
BAD 512019966463
BAD 511784185189
BAD 511784185201
BAD 511785072439
BAD 511785072443
BAD 512010212723
BAD 511785781163
BAD 511785996443
BAD 511931974973
BAD 511931975003
BAD 511932108371
BAD 511890539659
BAD 511890539663
BAD 511932275903
BAD 512022666839
BAD 511932594473
BAD 512022932363
BAD 511787876507
BAD 512023228733
BAD 511933984369
BAD 511914905479
BAD 512033388247
BAD 511895847691
BAD 511789993951
BAD 511937784313
BAD 511937784329
BAD 511937784331
BAD 511897537667
BAD 512028035821
BAD 511897537681
BAD 512035451581
BAD 512028569917
BAD 512029960627
BAD 512029966577
BAD 512029966579
BAD 511919579051
BAD 511919579053
BAD 511792815011
BAD 511792815013
BAD 511792827607
BAD 511792876453
BAD 511812264421
BAD 511920050989
BAD 511920609181
BAD 511920694993
BAD 511920694997
BAD 511835941853
BAD 511866403471
BAD 511943908603
BAD 511795972411
BAD 511944124553
BAD 512039511169
BAD 512039511173
BAD 511837886257
BAD 511869253243
BAD 512040546013
BAD 512040546019
BAD 512040546029
BAD 511925807993
BAD 511839778363
BAD 511817119157
BAD 511841441017
BAD 511841441029
BAD 511906544423
BAD 511907289631
BAD 511907289637
BAD 511907289643
BAD 511908142693
BAD 511843388831
BAD 511819709003
BAD 511875222049
BAD 511981161469
BAD 511822326163
BAD 511985883449
BAD 511986152317
BAD 511825874671
BAD 511986393773
BAD 511810596211
BAD 511810596239
BAD 512117515627
BAD 512123658733
BAD 512123658737
BAD 512123658743
BAD 511966069253
BAD 511991522599
BAD 512124577681
BAD 511847136991
BAD 511994894743
BAD 511847746411
BAD 511847746429
BAD 511847746433
BAD 511848103493
BAD 511971050333
BAD 512128545893
BAD 511972286251
BAD 511850547863
BAD 512130350813
BAD 511851087481
BAD 511853075777
BAD 511978010939
BAD 511978010941
BAD 511857965767
BAD 511858458679
BAD 512080425781
BAD 512089867673
BAD 512089867687
BAD 512092359707
BAD 512095738673
BAD 512102858723
BAD 512105613269
BAD 512105613277
BAD 512108774767
BAD 512111175959
BAD 512134875829
BAD 512135414501
BAD 512137299241
BAD 512137299263
BAD 512137756651
BAD 512144934619
BAD 512145838973
BAD 512145916591
BAD 512145916603
BAD 512145916643
BAD 512146242679
BAD 512169037141
BAD 512181107959
BAD 512183653873
BAD 512183653879
BAD 512172938747
BAD 512172938749
BAD 512151402673
BAD 512151402701
BAD 512151402703
BAD 512201715049
BAD 512174428463
BAD 512154287327
BAD 512154287329
BAD 512154287339
BAD 512214876241
BAD 512214876247
BAD 512214876259
BAD 512177324447
BAD 512205349291
BAD 512205349297
BAD 512205349309
BAD 512177848271
BAD 512178575879
BAD 512189749459
BAD 512158045717
BAD 512208573749
BAD 512219843711
BAD 512219843713
BAD 512219843719
BAD 512212430713
BAD 512225217509
BAD 512230898611
BAD 512418724289
BAD 512418724291
BAD 512283009943
BAD 512283009947
BAD 512284522019
BAD 512284522021
BAD 512285034517
BAD 512285034523
BAD 512285034529
BAD 512337621637
BAD 512289489871
BAD 512338805233
BAD 512290641649
BAD 512290641661
BAD 512426130779
BAD 512341307147
BAD 512471737853
BAD 512291810923
BAD 512300787577
BAD 512300787589
BAD 512293589933
BAD 512293589939
BAD 512473743953
BAD 512473743959
BAD 512253092809
BAD 512429280239
BAD 512346826373
BAD 512476388503
BAD 512430312143
BAD 512254135447
BAD 512431162193
BAD 512255231507
BAD 512307904763
BAD 512258178709
BAD 512298162721
BAD 512309750003
BAD 512309750027
BAD 512309750053
BAD 512310399049
BAD 512310399053
BAD 512311344733
BAD 512312240569
BAD 512366366957
BAD 512366366959
BAD 512366366977
BAD 512366366983
BAD 512366366987
BAD 512366366989
BAD 512264197457
BAD 512314065853
BAD 512314065863
BAD 512455732343
BAD 512455732351
BAD 512455732379
BAD 512455732381
BAD 512457425783
BAD 512457626731
BAD 512369525821
BAD 512459706547
BAD 512460139193
BAD 512460139201
BAD 512399149819
BAD 512401227593
BAD 512401322731
BAD 512376358927
BAD 512376358939
BAD 512378833459
BAD 512486940709
BAD 512379746101
BAD 512379780413
BAD 512380427527
BAD 512490021203
BAD 512495188193
BAD 512498200583
BAD 512498200637
BAD 512498200639
BAD 512498763659
BAD 512498763661
BAD 512415414811
BAD 512499376723
BAD 512265945211
BAD 512316191719
BAD 512316191731
BAD 512518493899
BAD 512385278137
BAD 512521288663
BAD 512385630457
BAD 512521641661
BAD 512318727169
BAD 512269432651
BAD 512350959559
BAD 512270164129
BAD 512270164141
BAD 512353087399
BAD 512353087403
BAD 512353098923
BAD 512388299569
BAD 512272326463
BAD 512435820779
BAD 512388927803
BAD 512272911911
BAD 512525806801
BAD 512390063701
BAD 512437050179
BAD 512437735699
BAD 512437735703
BAD 512274181921
BAD 512323270321
BAD 512274844813
BAD 512528502053
BAD 512358034493
BAD 512276742059
BAD 512326195441
BAD 512361312409
BAD 512393816479
BAD 512234405029
BAD 512443561303
BAD 512500428389
BAD 512234405041
BAD 512529219011
BAD 512234731511
BAD 512234731537
BAD 512278471099
BAD 512279422783
BAD 512363590009
BAD 512396020193
BAD 512237831153
BAD 512281608203
BAD 512238363677
BAD 512505029227
BAD 512505498023
BAD 512505498031
BAD 512398298059
BAD 512506019243
BAD 512331224641
BAD 512507999257
BAD 512507999309
BAD 512244194323
BAD 512245723211
BAD 512246475199
BAD 512246475203
BAD 512246719981
BAD 512533411003
BAD 512534510791
BAD 512534510797
BAD 512534510801
BAD 512535760007
BAD 512537727679
BAD 512538013103
BAD 512572195969
BAD 512539872941
BAD 512591389663
BAD 512591488361
BAD 512591488363
BAD 512575398173
BAD 512575961767
BAD 512576933243
BAD 512544369373
BAD 512546102329
BAD 512546102333
BAD 512582186671
BAD 512547486491
BAD 512582647279
BAD 512617289269
BAD 512617289273
BAD 512583167749
BAD 512583167753
BAD 512548360193
BAD 512548648127
BAD 512548648133
BAD 512599824511
BAD 512599824523
BAD 512619938549
BAD 512600256383
BAD 512556181673
BAD 512557796453
BAD 512557796519
BAD 512557796521
BAD 512602194901
BAD 512603140243
BAD 512604909689
BAD 512561379067
BAD 512611379053
BAD 512615765593
BAD 512616395477
BAD 512652995929
BAD 512652995941
BAD 512659320913
BAD 512659320923
BAD 512664004043
BAD 512664413329
BAD 512826681979
BAD 512828591501
BAD 512829368873
BAD 512829660229
BAD 512833971833
BAD 512834072833
BAD 512952810263
BAD 512955972367
BAD 512955972377
BAD 512955972379
BAD 512960029459
BAD 512975491459
BAD 512976189601
BAD 512961651067
BAD 512961651079
BAD 513003346931
BAD 512751688621
BAD 512869887349
BAD 512869887353
BAD 512982949033
BAD 512982949069
BAD 512786256131
BAD 512786256133
BAD 512786256139
BAD 512786256197
BAD 512754882271
BAD 513006699241
BAD 513006699251
BAD 512892172733
BAD 512772097403
BAD 512787051157
BAD 512984893321
BAD 512755843619
BAD 512997123193
BAD 512997123211
BAD 512756282011
BAD 512756282023
BAD 512756282033
BAD 512965511251
BAD 512998166719
BAD 512757796997
BAD 512837186867
BAD 512854861723
BAD 512854861769
BAD 512854861777
BAD 513009113003
BAD 512739117227
BAD 512739125963
BAD 512856134369
BAD 513000799687
BAD 513000799697
BAD 512856880661
BAD 512760318683
BAD 512760318689
BAD 512760318691
BAD 512760390809
BAD 512760390811
BAD 512878187179
BAD 512878187183
BAD 512896567103
BAD 512687615449
BAD 512687615483
BAD 512687615491
BAD 512857526749
BAD 512762958733
BAD 512741687879
BAD 512741687881
BAD 513012604309
BAD 512795612807
BAD 512795612809
BAD 512860756021
BAD 512882091173
BAD 513013998023
BAD 513013998173
BAD 512693156687
BAD 512693156693
BAD 512743376161
BAD 512845078063
BAD 512845078121
BAD 512784060323
BAD 512784060337
BAD 512784060343
BAD 512766874187
BAD 512766874189
BAD 512744684623
BAD 512846910571
BAD 512695467989
BAD 512800346899
BAD 512864314733
BAD 512696893021
BAD 512718250441
BAD 512718250453
BAD 512850453127
BAD 513019542751
BAD 512850977557
BAD 512851926557
BAD 512851926563
BAD 512851926569
BAD 512851926571
BAD 512748082883
BAD 512806342591
BAD 513021274351
BAD 512920190089
BAD 512920190093
BAD 513022903583
BAD 512809096783
BAD 512810128379
BAD 512810128381
BAD 512811220879
BAD 512923428769
BAD 513025264069
BAD 512702519899
BAD 512702519909
BAD 512702519911
BAD 512923855597
BAD 512924643769
BAD 512926101739
BAD 512926230829
BAD 512731231723
BAD 512927490893
BAD 512927490919
BAD 512927600137
BAD 512731598021
BAD 512731598023
BAD 512815811551
BAD 512815831343
BAD 512815831349
BAD 512815831393
BAD 512815831403
BAD 512815861199
BAD 512815861231
BAD 512670977111
BAD 512670977113
BAD 512733029813
BAD 512817582163
BAD 512671481011
BAD 512671481017
BAD 512671481027
BAD 512671481029
BAD 512671481033
BAD 512734272397
BAD 512673258043
BAD 512673258047
BAD 512932899547
BAD 512932899553
BAD 512932899559
BAD 512932899659
BAD 512933708789
BAD 512676653131
BAD 512711195443
BAD 513034785667
BAD 512677745561
BAD 512677745563
BAD 512677745681
BAD 512712191119
BAD 512680372067
BAD 512680372069
BAD 512680372073
BAD 512682627293
BAD 512717074789
BAD 512717074823
BAD 512635082269
BAD 512638287751
BAD 512641256819
BAD 512641256821
BAD 512642925737
BAD 512646699419
BAD 512646699421
BAD 512648224201
BAD 512648448901
BAD 512905312691
BAD 512906500291
BAD 512906500313
BAD 512906743753
BAD 512908955149
BAD 512910439753
BAD 512910439759
BAD 512913605783
BAD 512913643457
BAD 512914851541
BAD 512915712251
BAD 512916255853
BAD 512916255857
BAD 512916255899
BAD 512916268831
BAD 512916268873
BAD 512916268877
BAD 512936438893
BAD 512936727323
BAD 512937439321
BAD 512937493741
BAD 512940214363
BAD 512948835821
BAD 512948835823
BAD 512948835829
BAD 512949223861
BAD 513039378727
BAD 513042445067
BAD 513043998713
BAD 513043998721
BAD 513047050619
BAD 513047050627
BAD 513056136413
BAD 513057247613
BAD 513057247621
BAD 513060404347
BAD 513048370591
BAD 513051717053
BAD 513068869639
BAD 513069158101
BAD 513070381531
BAD 513070381573
BAD 513073643723
BAD 513088795577
BAD 513089726003
BAD 513345036157
BAD 513076814647
BAD 513346172921
BAD 513346172923
BAD 513346251833
BAD 513077696869
BAD 513346963069
BAD 513204846709
BAD 513204846719
BAD 513347383573
BAD 513347383583
BAD 513205397897
BAD 513205397899
BAD 513348570677
BAD 513078150953
BAD 513210955057
BAD 513211161667
BAD 513389112703
BAD 513389112739
BAD 513389112763
BAD 513389112773
BAD 513390895867
BAD 513214663441
BAD 513214663447
BAD 513214663453
BAD 513084941359
BAD 513085404857
BAD 513085404859
BAD 513086338673
BAD 513219527567
BAD 513396325979
BAD 513399915997
BAD 513399916039
BAD 513400005983
BAD 513400037753
BAD 513401125901
BAD 513401125903
BAD 513401125907
BAD 513402694603
BAD 513402694613
BAD 513402879653
BAD 513403326589
BAD 513404730781
BAD 513404730793
BAD 513405087799
BAD 513405087803
BAD 513189092263
BAD 513170978239
BAD 513170981483
BAD 513170981489
BAD 513122511557
BAD 513154126273
BAD 513191429221
BAD 513154965319
BAD 513141679879
BAD 513173844977
BAD 513173844991
BAD 513173845007
BAD 513173845013
BAD 513142896529
BAD 513108054449
BAD 513108054469
BAD 513126705601
BAD 513159071099
BAD 513159071101
BAD 513254884721
BAD 513128363093
BAD 513128363101
BAD 513196680109
BAD 513196680121
BAD 513196680193
BAD 513111184153
BAD 513178364143
BAD 513179479957
BAD 513113358559
BAD 513113419979
BAD 513113419981
BAD 513181307341
BAD 513259437763
BAD 513259721441
BAD 513182201711
BAD 513182201713
BAD 513115299469
BAD 513183245153
BAD 513183245171
BAD 513183245173
BAD 513261278407
BAD 513151909423
BAD 513117066829
BAD 513117066863
BAD 513184311061
BAD 513184311067
BAD 513184311071
BAD 513203685557
BAD 513203685559
BAD 513203685563
BAD 513262718179
BAD 513204193441
BAD 513222842689
BAD 513134647189
BAD 513222842707
BAD 513167150663
BAD 513118959607
BAD 513186785899
BAD 513265902493
BAD 513265902497
BAD 513225154073
BAD 513136622503
BAD 513136622507
BAD 513226577911
BAD 513230249989
BAD 513230249993
BAD 513230705269
BAD 513236417069
BAD 513237428183
BAD 513237428219
BAD 513237698023
BAD 513357884617
BAD 513357884623
BAD 513360491621
BAD 513272698801
BAD 513272810627
BAD 513272810629
BAD 513364739477
BAD 513364997641
BAD 513365374429
BAD 513323861683
BAD 513274106701
BAD 513274106713
BAD 513324312757
BAD 513325501043
BAD 513308178961
BAD 513308178967
BAD 513288915751
BAD 513288915757
BAD 513308791339
BAD 513308791343
BAD 513308889497
BAD 513242155379
BAD 513242155381
BAD 513278458817
BAD 513290508089
BAD 513290508091
BAD 513290508121
BAD 513290510281
BAD 513374367769
BAD 513374431861
BAD 513310995277
BAD 513330075031
BAD 513372218539
BAD 513377006731
BAD 513331643509
BAD 513245491769
BAD 513245491771
BAD 513282116719
BAD 513282116749
BAD 513313631869
BAD 513313631881
BAD 513248860609
BAD 513313631933
BAD 513282449917
BAD 513334925413
BAD 513295113223
BAD 513282449929
BAD 513282449941
BAD 513336477751
BAD 513250617043
BAD 513251389153
BAD 513251389159
BAD 513298113613
BAD 513253633483
BAD 513387727991
BAD 513387727997
BAD 513387727999
BAD 513387728011
BAD 513300632599
BAD 513288173417
BAD 513288173441
BAD 513301336423
BAD 513319161323
BAD 513319592131
BAD 513320361949
BAD 513407392349
BAD 513407688979
BAD 513408575083
BAD 513408575093
BAD 513412749743
BAD 513415728743
BAD 513424809587
BAD 513416925019
BAD 513427488661
BAD 513418312819
BAD 513418585357
BAD 513418585363
BAD 513430182773
BAD 513421542479
BAD 513421542481
BAD 513435464099
BAD 513435464123
BAD 513435464131
BAD 513435464153
BAD 513435464167
BAD 513445294223
BAD 513446451499
BAD 513446700623
BAD 513446974529
BAD 513446974531
BAD 513448688749
BAD 513456350587
BAD 513456350591
BAD 513456350593
BAD 513456350599
BAD 513457270493
BAD 513457270507
BAD 513451236383
BAD 513462276961
BAD 513469325029
BAD 513469325041
BAD 513470506741
BAD 513477650923
BAD 513477650927
BAD 513477650929
BAD 513477650953
BAD 513477650963
BAD 513508875323
BAD 513508875329
BAD 513508875331
BAD 513508875337
BAD 513481231667
BAD 513481231673
BAD 513481659263
BAD 513482094347
BAD 513527881319
BAD 513486022649
BAD 513486022663
BAD 513516154643
BAD 513516182843
BAD 513516823481
BAD 513533218997
BAD 513489141049
BAD 513489141107
BAD 513534635687
BAD 513535164661
BAD 513537598591
BAD 513522649363
BAD 513540846703
BAD 513544047143
BAD 513544047167
BAD 513544047169
BAD 513548307143
BAD 513549435041
BAD 513549830011
BAD 513550200379
BAD 513552405781
BAD 513553345271
BAD 513553345273
BAD 513555829343
BAD 513555829349
BAD 513555829351
BAD 513555829357
BAD 513809392141
BAD 513811374259
BAD 513811374289
BAD 513776174383
BAD 513776174423
BAD 513815540779
BAD 513817266283
BAD 513779185963
BAD 513779185979
BAD 513779185981
BAD 513818093083
BAD 513820590793
BAD 513820590797
BAD 513782540627
BAD 513822189091
BAD 513787582403
BAD 513500664931
BAD 513592982347
BAD 513502118747
BAD 513593561431
BAD 513593561449
BAD 513595182649
BAD 513595182679
BAD 513505778311
BAD 513506160473
BAD 513506160481
BAD 513596495287
BAD 513596495303
BAD 513598070269
BAD 513598070273
BAD 513600902611
BAD 513601483963
BAD 513604629169
BAD 513604629179
BAD 513604629199
BAD 513604629203
BAD 513606365269
BAD 513606365273
BAD 513694466867
BAD 513694466869
BAD 513694466881
BAD 513695328481
BAD 513695396023
BAD 513695980561
BAD 513700295011
BAD 513658220503
BAD 513758872453
BAD 513758872457
BAD 513658473137
BAD 513827292421
BAD 513827292439
BAD 513827292443
BAD 513705985301
BAD 513645244187
BAD 513791993111
BAD 513791993119
BAD 513627102203
BAD 513627102211
BAD 513627102217
BAD 513627466771
BAD 513627466777
BAD 513627466801
BAD 513627466823
BAD 513628678447
BAD 513666045467
BAD 513666045469
BAD 513763304293
BAD 513742650439
BAD 513793967413
BAD 513742996321
BAD 513667219493
BAD 513743549611
BAD 513727194203
BAD 513650421569
BAD 513652326413
BAD 513670923691
BAD 513670923697
BAD 513670923709
BAD 513764768299
BAD 513796168807
BAD 513653834011
BAD 513636239341
BAD 513673387147
BAD 513675590833
BAD 513833445289
BAD 513796788343
BAD 513796788361
BAD 513746613071
BAD 513746613103
BAD 513746613109
BAD 513798013117
BAD 513747420779
BAD 513798632959
BAD 513731738843
BAD 513836447287
BAD 513769914683
BAD 513770417843
BAD 513770417929
BAD 513559104593
BAD 513559104601
BAD 513559104607
BAD 513748934359
BAD 513560045671
BAD 513611976443
BAD 513612375889
BAD 513612375893
BAD 513612375901
BAD 513561761939
BAD 513561761941
BAD 513774631819
BAD 513774754813
BAD 513774754819
BAD 513841535983
BAD 513841535993
BAD 513841536001
BAD 513841536007
BAD 513687182713
BAD 513562033451
BAD 513562033507
BAD 513562033513
BAD 513736561579
BAD 513804200527
BAD 513804393217
BAD 513562653179
BAD 513562653181
BAD 513737279389
BAD 513614888197
BAD 513740103703
BAD 513740344619
BAD 513740344627
BAD 513566794571
BAD 513618400387
BAD 513577932713
BAD 513577932739
BAD 513577932743
BAD 513579591743
BAD 513579792247
BAD 513622394183
BAD 513622394203
BAD 513623572213
BAD 513623572223
BAD 513712571161
BAD 513713842909
BAD 513713842913
BAD 513714558169
BAD 513714558173
BAD 513714711137
BAD 513714711143
BAD 513714711149
BAD 513714711151
BAD 513714711199
BAD 513585768181
BAD 513585768193
BAD 513586487221
BAD 513586487237
BAD 513586487273
BAD 513716220583
BAD 513716585639
BAD 513716818501
BAD 513719013167
BAD 513719013169
BAD 513724074049
BAD 513724074053
BAD 513909672203
BAD 513912057319
BAD 513880309699
BAD 513880769257
BAD 513881934893
BAD 513918799279
BAD 513897204943
BAD 513897204949
BAD 513897205049
BAD 513897205051
BAD 513859696969
BAD 513888640319
BAD 513925524199
BAD 513906646207
BAD 513860391871
BAD 513860391893
BAD 513860391899
BAD 513860391901
BAD 513860695417
BAD 513860695423
BAD 513864821863
BAD 513864821867
BAD 513874755631
BAD 513874755637
BAD 513875484061
BAD 513856690063
BAD 513931067033
BAD 513932392249
BAD 513934246723
BAD 513937101143
BAD 513938514449
BAD 513938514451
BAD 513943758773
BAD 513944686261
BAD 513944686279
BAD 513945770977
BAD 513945770981
BAD 513945770983
BAD 513945770993
BAD 513945771011
BAD 513945771013
BAD 513946765103
BAD 513947270209
BAD 513947270219
BAD 513950908213
BAD 513954976363
BAD 513959412271
BAD 514130581343
BAD 514133510413
BAD 514133510437
BAD 514133894123
BAD 514134389843
BAD 514135762853
BAD 514136537671
BAD 514093969591
BAD 514141922911
BAD 514142051767
BAD 513961847911
BAD 513961847929
BAD 513961847933
BAD 513963132779
BAD 514103020597
BAD 514103198363
BAD 513967951423
BAD 513967951429
BAD 513967951439
BAD 514107167423
BAD 514107630181
BAD 514107630187
BAD 514107670939
BAD 514107670943
BAD 514110284161
BAD 513975542779
BAD 514061000473
BAD 514061971679
BAD 514061971681
BAD 514061971697
BAD 514061971699
BAD 514061971733
BAD 514044648911
BAD 514026701521
BAD 514026915991
BAD 514026916003
BAD 514029105517
BAD 514067001937
BAD 514031165833
BAD 514032782401
BAD 514032782467
BAD 514071377591
BAD 514071377593
BAD 514215924709
BAD 514052364499
BAD 514052364547
BAD 514052364557
BAD 514052364559
BAD 514035905861
BAD 514054444793
BAD 514229056823
BAD 513994819291
BAD 514222064033
BAD 514222064063
BAD 514222064071
BAD 514222064183
BAD 514055207447
BAD 514055207467
BAD 514229565211
BAD 514222918681
BAD 514162697123
BAD 513997373581
BAD 514163139697
BAD 514163270483
BAD 514039522501
BAD 514226340109
BAD 514164464147
BAD 513999356809
BAD 514164528091
BAD 514041243841
BAD 514041243847
BAD 514041243851
BAD 514232555719
BAD 514232556091
BAD 514232558089
BAD 514227486631
BAD 514111347331
BAD 514111890673
BAD 514001080039
BAD 514112591857
BAD 514042154317
BAD 514042154321
BAD 514042154323
BAD 514002039217
BAD 514002039253
BAD 514115547061
BAD 514169951963
BAD 514237596319
BAD 514179138097
BAD 514179138107
BAD 514172133493
BAD 514172133499
BAD 514240081921
BAD 514174539139
BAD 514174539143
BAD 514198873553
BAD 514244345569
BAD 514145362699
BAD 514176976681
BAD 514177425977
BAD 514079060423
BAD 514123905403
BAD 514126109551
BAD 514204155019
BAD 514187879761
BAD 514149109723
BAD 514149109729
BAD 514206291901
BAD 514189809281
BAD 514189809283
BAD 514189809299
BAD 514085407939
BAD 514085407943
BAD 514085407949
BAD 514085407951
BAD 514152265313
BAD 514086353939
BAD 514190897189
BAD 514086722033
BAD 514192632893
BAD 514192930679
BAD 514192930681
BAD 513977028233
BAD 514010060383
BAD 513977308591
BAD 513977308639
BAD 513979078709
BAD 514160657687
BAD 513982070003
BAD 513982281751
BAD 513983467513
BAD 513983467519
BAD 513984348049
BAD 514024956901
BAD 514267061977
BAD 514267061981
BAD 514267572083
BAD 514246501843
BAD 514246501849
BAD 514247118467
BAD 514268622403
BAD 514268622421
BAD 514268622487
BAD 514268978863
BAD 514270062233
BAD 514273391309
BAD 514273872631
BAD 514274610841
BAD 514253409001
BAD 514276357339
BAD 514276747727
BAD 514276747729
BAD 514276747741
BAD 514279310933
BAD 514281508003
BAD 514281508007
BAD 514281508009
BAD 514288675343
BAD 514289179567
BAD 514291356961
BAD 514294183987
BAD 514296688261
BAD 514296688267
BAD 514297816523
BAD 514301817193
BAD 514301817199
BAD 514301817203
BAD 514304604893
BAD 514329199633
BAD 514329199639
BAD 514313691349
BAD 514317689183
BAD 514317689191
BAD 514334205223
BAD 514317971053
BAD 514317971059
BAD 514319786609
BAD 514335181207
BAD 514336792159
BAD 514336792163
BAD 514328385061
BAD 514342073407
BAD 514344241429
BAD 514344241451
BAD 514365657733
BAD 514365657739
BAD 514365657779
BAD 514365657781
BAD 514367420851
BAD 514374270623
BAD 514374317183
BAD 514346958511
BAD 514378841707
BAD 514350693361
BAD 514350693377
BAD 514354962367
BAD 514356895589
BAD 514359895351
BAD 514397757451
BAD 514406406439
BAD 514407429491
BAD 514407429493
BAD 514408698943
BAD 514408932637
BAD 514410721687
BAD 514463720011
BAD 514465542053
BAD 514584959153
BAD 514584959159
BAD 514466545729
BAD 514467812791
BAD 514467812827
BAD 514587971437
BAD 514469506609
BAD 514648546331
BAD 514514454263
BAD 514514454277
BAD 514650463931
BAD 514650463933
BAD 514515940963
BAD 514518731033
BAD 514518731039
BAD 514594233961
BAD 514471534069
BAD 514523684533
BAD 514526580487
BAD 514526580511
BAD 514526978041
BAD 514526978047
BAD 514473844909
BAD 514659535021
BAD 514659535043
BAD 514528119967
BAD 514661942849
BAD 514412834743
BAD 514614315991
BAD 514614315997
BAD 514614316123
BAD 514479039847
BAD 514414681351
BAD 514617851039
BAD 514417583333
BAD 514668089269
BAD 514380633023
BAD 514619020873
BAD 514382495213
BAD 514382495219
BAD 514670401213
BAD 514383995483
BAD 514385964173
BAD 514385964187
BAD 514385964193
BAD 514672501439
BAD 514672501523
BAD 514563454333
BAD 514623731731
BAD 514623731737
BAD 514424201359
BAD 514424201461
BAD 514681601977
BAD 514564663969
BAD 514389402913
BAD 514681601989
BAD 514564663973
BAD 514564663979
BAD 514564663981
BAD 514425304651
BAD 514390557587
BAD 514390557589
BAD 514390557631
BAD 514390761769
BAD 514566212191
BAD 514627578511
BAD 514677564319
BAD 514627980563
BAD 514566783851
BAD 514566783853
BAD 514628226589
BAD 514428379313
BAD 514428379343
BAD 514684827959
BAD 514679143613
BAD 514685154353
BAD 514629902629
BAD 514630137157
BAD 514395226469
BAD 514395241237
BAD 514687061753
BAD 514687277879
BAD 514429774931
BAD 514429774933
BAD 514694098873
BAD 514694098879
BAD 514598061073
BAD 514598695189
BAD 514599164509
BAD 514432030153
BAD 514432030157
BAD 514432030159
BAD 514432030223
BAD 514696120777
BAD 514696120787
BAD 514696120789
BAD 514696120793
BAD 514433427133
BAD 514603427341
BAD 514577992183
BAD 514578368929
BAD 514530261943
BAD 514606195261
BAD 514606195333
BAD 514606598383
BAD 514533890473
BAD 514533890477
BAD 514533890527
BAD 514536141727
BAD 514483410677
BAD 514444480057
BAD 514445019301
BAD 514538117449
BAD 514538117453
BAD 514549922407
BAD 514640549573
BAD 514541804701
BAD 514641389357
BAD 514641389359
BAD 514552377803
BAD 514553986913
BAD 514553986931
BAD 514493824769
BAD 514493824771
BAD 514555154483
BAD 514555154489
BAD 514555154521
BAD 514644277129
BAD 514645311067
BAD 514446926183
BAD 514449593071
BAD 514449593083
BAD 514449593093
BAD 514449593101
BAD 514500114313
BAD 514456208611
BAD 514456860793
BAD 514502929649
BAD 514502929651
BAD 514459289359
BAD 514461493163
BAD 514461493171
BAD 514461493187
BAD 514508860013
BAD 514508860163
BAD 514509038803
BAD 514512288893
BAD 514732155829
BAD 514732857523
BAD 514735285663
BAD 514737781861
BAD 514742977123
BAD 514742977127
BAD 514742977183
BAD 514742977187
BAD 514746501487
BAD 514702151323
BAD 514702151333
BAD 514705229671
BAD 514706919851
BAD 514709854579
BAD 514710899809
BAD 514711412497
BAD 514714864283
BAD 514715567761
BAD 514717648349
BAD 514717648351
BAD 514721057161
BAD 514726364023
BAD 514765146559
BAD 514765902029
BAD 514765902031
BAD 514765902037
BAD 514767268289
BAD 514730727127
BAD 514769227981
BAD 514769992733
BAD 514769992741
BAD 514772795003
BAD 514773377479
BAD 514749473281
BAD 514779933763
BAD 514753299763
BAD 514755828007
BAD 514756944937
BAD 514756944941
BAD 514756944943
BAD 514804584271
BAD 514804584277
BAD 514807940083
BAD 514807940089
BAD 514809068777
BAD 514809068779
BAD 514852969913
BAD 514812187367
BAD 514812187369
BAD 514812187381
BAD 514812187387
BAD 514812187391
BAD 514814348023
BAD 514814728013
BAD 514855768291
BAD 514856857741
BAD 514899616507
BAD 514899616513
BAD 514918433303
BAD 514922088119
BAD 514923217591
BAD 514923217597
BAD 514859994713
BAD 514859994773
BAD 514839972739
BAD 514840193873
BAD 514925054153
BAD 514925054167
BAD 515037440611
BAD 514862246207
BAD 514862246209
BAD 515038519511
BAD 514926600983
BAD 514926600997
BAD 515039822333
BAD 515039822359
BAD 515039822419
BAD 514864257337
BAD 514844899669
BAD 514905485231
BAD 514905485233
BAD 514905485239
BAD 515042398063
BAD 515043291157
BAD 514847897833
BAD 514848228199
BAD 515045174521
BAD 515045174569
BAD 514932371399
BAD 515047778423
BAD 514912357327
BAD 514912398383
BAD 514915112909
BAD 514816334843
BAD 514933294459
BAD 514933294493
BAD 514933294501
BAD 514934630941
BAD 514820631511
BAD 514820631517
BAD 514950543053
BAD 514871962159
BAD 514872715901
BAD 514937626303
BAD 514937626309
BAD 515054204153
BAD 514824400099
BAD 514938887867
BAD 514938887873
BAD 514939333849
BAD 515057263187
BAD 514956719909
BAD 514956719911
BAD 514877578729
BAD 514999861861
BAD 514999861867
BAD 515000035243
BAD 514941891559
BAD 515083557353
BAD 515071760873
BAD 515071760881
BAD 515000225731
BAD 515000225737
BAD 515000225743
BAD 515000225783
BAD 515001407597
BAD 515001407611
BAD 515001407629
BAD 514881911059
BAD 515063224339
BAD 515063811211
BAD 515075300293
BAD 515064739159
BAD 515076170227
BAD 514964486063
BAD 515077196663
BAD 515077196681
BAD 515004714649
BAD 515077762663
BAD 515004885749
BAD 515004885751
BAD 514886865299
BAD 515078256361
BAD 515078256367
BAD 515078256373
BAD 515005125619
BAD 515079453353
BAD 514889192063
BAD 514890661979
BAD 514890661981
BAD 514890838601
BAD 515006898829
BAD 514891341721
BAD 514891341739
BAD 515081933689
BAD 515081933761
BAD 515081933767
BAD 514893107137
BAD 515008442989
BAD 514894869793
BAD 515009171041
BAD 514895998577
BAD 514895998579
BAD 514896452131
BAD 514896692579
BAD 514896692591
BAD 514896692593
BAD 514981061611
BAD 515011730647
BAD 515015108071
BAD 515015108077
BAD 514984092481
BAD 515018821417
BAD 515018821423
BAD 515018821441
BAD 514986870427
BAD 515022954713
BAD 514989258373
BAD 515024109709
BAD 515024109713
BAD 514991071271
BAD 514991071277
BAD 514991071279
BAD 515026989889
BAD 515026989907
BAD 514991778383
BAD 514992038731
BAD 515028120511
BAD 514993092841
BAD 514786503971
BAD 514994823467
BAD 514789960133
BAD 514789960159
BAD 514789960211
BAD 514790109809
BAD 514790109811
BAD 515100531901
BAD 515101619413
BAD 514797123703
BAD 514797123713
BAD 515105994983
BAD 515106241339
BAD 515106241343
BAD 515110161919
BAD 515111027131
BAD 515118424273
BAD 515120571929
BAD 515122467019
BAD 515126489011
BAD 515126489021
BAD 515132921461
BAD 515157284573
BAD 515159617321
BAD 515159617339
BAD 515160671297
BAD 515162133653
BAD 515162133679
BAD 515163931673
BAD 515166587753
BAD 515135331461
BAD 515135385503
BAD 515139097339
BAD 515148970783
BAD 515149936141
BAD 515150429683
BAD 515167691539
BAD 515167691543
BAD 515172797317
BAD 515173108663
BAD 515173331447
BAD 515173331513
BAD 515173331521
BAD 515173331537
BAD 515173331539
BAD 515173331551
BAD 515175293011
BAD 515178403357
BAD 515178403387
BAD 515183366639
BAD 515183366641
BAD 515201591423
BAD 515202079969
BAD 515202079979
BAD 515207066057
BAD 515208373763
BAD 515208373769
BAD 515209871413
BAD 515209871417
BAD 515209871419
BAD 515214121907
BAD 515214121909
BAD 515214956299
BAD 515214956303
BAD 515214956317
BAD 515252678539
BAD 515252678543
BAD 515215888573
BAD 515268788557
BAD 515216569859
BAD 515217574141
BAD 515217574147
BAD 515254963277
BAD 515254963309
BAD 515186924321
BAD 515186924323
BAD 515186924327
BAD 515261356501
BAD 515262010687
BAD 515192521153
BAD 515282412847
BAD 515282412857
BAD 515199955253
BAD 515236662823
BAD 515236662827
BAD 515238578027
BAD 515241463223
BAD 515241463313
BAD 515423169419
BAD 515423169421
BAD 515242928071
BAD 515424807109
BAD 515424807143
BAD 515243453611
BAD 515243453617
BAD 515428170553
BAD 515220810361
BAD 515222691859
BAD 515222691899
BAD 515222691901
BAD 515225190637
BAD 515435004841
BAD 515227237607
BAD 515227823087
BAD 515227823101
BAD 515405525149
BAD 515335753279
BAD 515336467267
BAD 515337381347
BAD 515408220697
BAD 515337787717
BAD 515285361037
BAD 515392977587
BAD 515408777189
BAD 515408811329
BAD 515408811331
BAD 515286322219
BAD 515286322223
BAD 515394316117
BAD 515287743323
BAD 515509257547
BAD 515410599931
BAD 515359325581
BAD 515359325587
BAD 515510697857
BAD 515510697859
BAD 515511758023
BAD 515397785099
BAD 515397785101
BAD 515293382339
BAD 515293382341
BAD 515293382347
BAD 515293382353
BAD 515361866689
BAD 515361866693
BAD 515400826063
BAD 515363150513
BAD 515416542887
BAD 515416542889
BAD 515516173177
BAD 515294468279
BAD 515344489949
BAD 515418208289
BAD 515366178883
BAD 515349067433
BAD 515349195947
BAD 515301111511
BAD 515349584207
BAD 515349584209
BAD 515472176407
BAD 515474476249
BAD 515320305811
BAD 515320305817
BAD 515321775019
BAD 515322616103
BAD 515478185813
BAD 515478185819
BAD 515478185821
BAD 515326509013
BAD 515327827717
BAD 515481317003
BAD 515332556597
BAD 515333419253
BAD 515333419259
BAD 515333419261
BAD 515333419273
BAD 515306470543
BAD 515436459457
BAD 515438333029
BAD 515439350689
BAD 515455068067
BAD 515455068077
BAD 515442888497
BAD 515458884211
BAD 515316028613
BAD 515461036697
BAD 515445724621
BAD 515317036669
BAD 515317036687
BAD 515317036699
BAD 515317036709
BAD 515317036711
BAD 515317670359
BAD 515464837427
BAD 515464837429
BAD 515468915911
BAD 515489494789
BAD 515492131201
BAD 515492131207
BAD 515495626577
BAD 515499592669
BAD 515499592679
BAD 515499592681
BAD 515500227811
BAD 515501701493
BAD 515501701499
BAD 515501701501
BAD 515502668641
BAD 515368948123
BAD 515382313349
BAD 515382313351
BAD 515382313463
BAD 515523946571
BAD 515528311561
BAD 515528311567
BAD 515529591491
BAD 515534515789
BAD 515534838457
BAD 515534838463
BAD 515537366303
BAD 515537736341
BAD 515538851803
BAD 515538851851
BAD 515538988291
BAD 515541513031
BAD 515541863539
BAD 515542777621
BAD 515542777627
BAD 515552452927
BAD 515575057223
BAD 515578586317
BAD 515578586321
BAD 515578586323
BAD 515579137261
BAD 515586420259
BAD 515597447791
BAD 515599102327
BAD 515599102331
BAD 515599167467
BAD 515599167469
BAD 515621071699
BAD 515622409831
BAD 515623350383
BAD 515628503527
BAD 515631353701
BAD 515647383653
BAD 515647383659
BAD 515647383709
BAD 515556595349
BAD 515556595363
BAD 515556622187
BAD 515650181743
BAD 515650181747
BAD 515650181749
BAD 515650503847
BAD 515651003971
BAD 515651003993
BAD 515651365157
BAD 515652057773
BAD 515652426473
BAD 515653733159
BAD 515566319407
BAD 515659893233
BAD 515664728311
BAD 515665110911
BAD 515665374563
BAD 515667601781
BAD 515667601783
BAD 515667601793
BAD 515669898329
BAD 515670621091
BAD 515671213987
BAD 515672489419
BAD 515680974173
BAD 515684076547
BAD 515687100619
BAD 515687100623
BAD 515606150999
BAD 515606834453
BAD 515608293983
BAD 515763953101
BAD 515763953113
BAD 515763953119
BAD 515764960759
BAD 515764960771
BAD 515613097003
BAD 515765265373
BAD 515765265391
BAD 515693278459
BAD 515693278469
BAD 515808572641
BAD 515808878419
BAD 515695624823
BAD 515770227793
BAD 515698910341
BAD 515618123987
BAD 515618123989
BAD 515811631021
BAD 515618884483
BAD 515813285893
BAD 515814479527
BAD 515814479533
BAD 515814479549
BAD 515814753079
BAD 515821394731
BAD 515722725019
BAD 515704608509
BAD 515704608511
BAD 515730701303
BAD 515707044199
BAD 515731043011
BAD 515731043063
BAD 515708646799
BAD 515708646809
BAD 515708646811
BAD 515708646841
BAD 515708801513
BAD 515708801539
BAD 515733959369
BAD 515733959371
BAD 515790267593
BAD 515735620469
BAD 515735620471
BAD 515792025677
BAD 515737319899
BAD 515737319917
BAD 515718542653
BAD 515797456613
BAD 515720430677
BAD 515771673227
BAD 515720430679
BAD 515771673229
BAD 515771673233
BAD 515771673259
BAD 515771673271
BAD 515771695339
BAD 515720900423
BAD 515780808353
BAD 515739486973
BAD 515739486979
BAD 515741403979
BAD 515743972339
BAD 515743972349
BAD 515747540989
BAD 515747540993
BAD 515748318803
BAD 515749290751
BAD 515749936789
BAD 515855570777
BAD 515855570779
BAD 515858390659
BAD 515858413711
BAD 515844419711
BAD 515859579923
BAD 515862220103
BAD 515875567033
BAD 515864342041
BAD 515864342047
BAD 515864984707
BAD 515851294219
BAD 515878013647
BAD 515878013659
BAD 515878013663
BAD 515866507433
BAD 515880310423
BAD 515880451607
BAD 515882897119
BAD 515871220103
BAD 515884181731
BAD 515884181737
BAD 515885112541
BAD 515886587917
BAD 515887343749
BAD 515829743509
BAD 515923521739
BAD 515927253469
BAD 515932930237
BAD 515932930241
BAD 515932930243
BAD 515933931533
BAD 515935695463
BAD 515935721131
BAD 515935721137
BAD 515896382821
BAD 515897569823
BAD 515906759143
BAD 515906759149
BAD 515938617451
BAD 515911242463
BAD 515914344721
BAD 515914344733
BAD 515914344739
BAD 515904296669
BAD 515904296671
BAD 515904648899
BAD 515904648901
BAD 515915708047
BAD 515941202363
BAD 515941202369
BAD 515944099733
BAD 515944967501
BAD 515951181359
BAD 515952557983
BAD 515953164761
BAD 515953164763
BAD 515953644931
BAD 515953644937
BAD 515956516643
BAD 515957894563
BAD 515958467293
BAD 515961945623
BAD 515961945787
BAD 515968109653
BAD 515968109659
BAD 516010418633
BAD 516010507547
BAD 516010507549
BAD 516011035139
BAD 516011499701
BAD 516011720383
BAD 516011952121
BAD 516013450261
BAD 516013450313
BAD 516015150863
BAD 515993055337
BAD 515993055343
BAD 515993055349
BAD 516016119391
BAD 516016119407
BAD 516016119491
BAD 516017733733
BAD 516017733739
BAD 515973071563
BAD 515996367793
BAD 516027134923
BAD 516027134971
BAD 516027134977
BAD 516027134981
BAD 516027134983
BAD 515977289719
BAD 515977840283
BAD 516001254259
BAD 516001254347
BAD 515982419977
BAD 516005964911
BAD 516036578593
BAD 516036578597
BAD 516036578599
BAD 516037393373
BAD 515989181431
BAD 515989181437
BAD 515989181443
BAD 516039649613
BAD 516057205861
BAD 516057519001
BAD 516058210373
BAD 516058748831
BAD 516058980733
BAD 516058980737
BAD 516060507383
BAD 516060507401
BAD 516060507409
BAD 516060740233
BAD 516065705821
BAD 516067876253
BAD 516067876267
BAD 516068731741
BAD 516068731753
BAD 516069279683
BAD 516070984579
BAD 516071405419
BAD 516072305323
BAD 516073264219
BAD 516073703129
BAD 516078800417
BAD 516081320221
BAD 516081320243
BAD 516047105159
BAD 516082031929
BAD 516082983293
BAD 516049330799
BAD 516049330801
BAD 516083623249
BAD 516083623267
BAD 516084151447
BAD 516051457849
BAD 516051961111
BAD 516052199737
BAD 516052925393
BAD 516086584061
BAD 516086584063
BAD 516054264379
BAD 516056456417
BAD 516090004123
BAD 516090004127
BAD 516090746477
BAD 516090746491
BAD 516090746497
BAD 516094697203
BAD 516094697207
BAD 516176407303
BAD 516097241617
BAD 516097241629
BAD 516097241633
BAD 516097658161
BAD 516178612363
BAD 516178612393
BAD 516178612399
BAD 516178612403
BAD 516181466513
BAD 516181696367
BAD 516181696369
BAD 516104434151
BAD 516161906543
BAD 516187778237
BAD 516188212973
BAD 516124608247
BAD 516124608253
BAD 516124867411
BAD 516166668053
BAD 516126880117
BAD 516126880123
BAD 516126880127
BAD 516170990033
BAD 516132745217
BAD 516137067253
BAD 516109831903
BAD 516110808853
BAD 516139390253
BAD 516112057843
BAD 516112057849
BAD 516112636063
BAD 516113275763
BAD 516113275771
BAD 516113275781
BAD 516113940721
BAD 516145996189
BAD 516115541813
BAD 516118737293
BAD 516151902697
BAD 516207646159
BAD 516151902733
BAD 516120970307
BAD 516120970333
BAD 516209212249
BAD 516210236951
BAD 516155801113
BAD 516156962873
BAD 516244230787
BAD 516244286959
BAD 516258679429
BAD 516259954841
BAD 516259954843
BAD 516254137759
BAD 516261857383
BAD 516262860301
BAD 516262860307
BAD 516263582507
BAD 516263582509
BAD 516264143413
BAD 516196058333
BAD 516196058341
BAD 516268617883
BAD 516268617889
BAD 516268618009
BAD 516268675423
BAD 516271311379
BAD 516272913103
BAD 516204225059
BAD 516204659671
BAD 516225622673
BAD 516225622699
BAD 516225851489
BAD 516225851527
BAD 516225851539
BAD 516205240429
BAD 516205240433
BAD 516226228247
BAD 516226228249
BAD 516227711641
BAD 516229888651
BAD 516275815487
BAD 516276224419
BAD 516232523503
BAD 516232523507
BAD 516232523509
BAD 516233073217
BAD 516280385683
BAD 516236315537
BAD 516285263569
BAD 516239840101
BAD 516240948023
BAD 516240948031
BAD 516290121509
BAD 516290121527
BAD 516290490223
BAD 516327662371
BAD 516329795591
BAD 516329795593
BAD 516329795599
BAD 516329795603
BAD 516294169997
BAD 516329795633
BAD 516294169999
BAD 516294170003
BAD 516329966233
BAD 516294483787
BAD 516294483811
BAD 516331812391
BAD 516298019581
BAD 516301642099
BAD 516303845269
BAD 516336174037
BAD 516339739063
BAD 516339739067
BAD 516339739073
BAD 516340798931
BAD 516340798933
BAD 516341123341
BAD 516309891283
BAD 516310499963
BAD 516312043321
BAD 516313899379
BAD 516313899427
BAD 516317498089
BAD 516317498093
BAD 516342899161
BAD 516342899173
BAD 516342899179
BAD 516342899183
BAD 516343429013
BAD 516345858887
BAD 516345858911
BAD 516345858913
BAD 516346508341
BAD 516346842563
BAD 516346842569
BAD 516354343891
BAD 516354840739
BAD 516355856413
BAD 516361154539
BAD 516356889599
BAD 516364199107
BAD 516364199111
BAD 516366855089
BAD 516368327677
BAD 516368327689
BAD 516369670849
BAD 516369670853
BAD 516372931859
BAD 516372931861
BAD 516426769289
BAD 516426769291
BAD 516427401631
BAD 516430687229
BAD 516430687231
BAD 516433731083
BAD 516435269929
BAD 516394739257
BAD 516411693643
BAD 516412407613
BAD 516440486843
BAD 516441492709
BAD 516441492731
BAD 516441492733
BAD 516416969293
BAD 516416969297
BAD 516396739777
BAD 516396739783
BAD 516396739871
BAD 516396739879
BAD 516396739883
BAD 516401759813
BAD 516403169851
BAD 516418532723
BAD 516419490371
BAD 516419490373
BAD 516382515443
BAD 516382753993
BAD 516422937931
BAD 516391678939
BAD 516425029921
BAD 516484437283
BAD 516484437289
BAD 516484437319
BAD 516450180563
BAD 516486621631
BAD 516454401481
BAD 516456047399
BAD 516456300169
BAD 516457198997
BAD 516457199003
BAD 516491932267
BAD 516494001323
BAD 516496403029
BAD 516499086241
BAD 516501047551
BAD 516501047561
BAD 516462382627
BAD 516501832027
BAD 516462643289
BAD 516462643297
BAD 516464288623
BAD 516464488723
BAD 516545172859
BAD 516545172863
BAD 516464828641
BAD 516464828647
BAD 516504627607
BAD 516505667147
BAD 516505667149
BAD 516466367191
BAD 516467048753
BAD 516468686737
BAD 516470151031
BAD 516509309053
BAD 516509309059
BAD 516472568243
BAD 516474204391
BAD 516555088831
BAD 516555625393
BAD 516558910669
BAD 516524310191
BAD 516524310193
BAD 516524310199
BAD 516595164623
BAD 516595242431
BAD 516595242433
BAD 516597355343
BAD 516597355349
BAD 516601610579
BAD 516602437979
BAD 516611764693
BAD 516613990043
BAD 516615146923
BAD 516615310271
BAD 516615310273
BAD 516615927169
BAD 516617472103
BAD 516618635647
BAD 516605988391
BAD 516626861213
BAD 516607700633
BAD 516607847689
BAD 516561443989
BAD 516568025647
BAD 516568025651
BAD 516577119301
BAD 516577547929
BAD 516575245369
BAD 516579809101
BAD 516580904197
BAD 516580904201
BAD 516583851841
BAD 516588855977
BAD 516590438899
BAD 516689596177
BAD 516648215843
BAD 516648274091
BAD 516730618883
BAD 516653518861
BAD 516627942863
BAD 516627942869
BAD 516627942871
BAD 516762089993
BAD 516764701049
BAD 516765275737
BAD 516765275753
BAD 516767695237
BAD 516658671733
BAD 516662320103
BAD 516771028393
BAD 516660082643
BAD 516660082669
BAD 516771336349
BAD 516663063563
BAD 516664664851
BAD 516665879383
BAD 516775466587
BAD 516777189389
BAD 516777189391
BAD 516671151109
BAD 516673150373
BAD 516673150379
BAD 516673150381
BAD 516673150387
BAD 516675001081
BAD 516704504951
BAD 516709171837
BAD 516745132627
BAD 516750603091
BAD 516751225583
BAD 516751713859
BAD 516713095991
BAD 516713095993
BAD 516713523481
BAD 516713523493
BAD 516755814401
BAD 516755814403
BAD 516755871539
BAD 516718653949
BAD 516718653953
BAD 516721209241
BAD 516828518993
BAD 516795700123
BAD 516816543097
BAD 516816543101
BAD 516816543127
BAD 516798738083
BAD 516798738091
BAD 516847363873
BAD 516799304183
BAD 516799304191
BAD 516799711327
BAD 516818548667
BAD 516799711339
BAD 516818548669
BAD 516848634823
BAD 516848634847
BAD 516833196437
BAD 516802072261
BAD 516802072279
BAD 516849838823
BAD 516834589933
BAD 516803453659
BAD 516803487623
BAD 516835463803
BAD 516779178547
BAD 516806758553
BAD 516807142303
BAD 516851294909
BAD 516780981583
BAD 516841523581
BAD 516854503741
BAD 516854503747
BAD 516843005551
BAD 516843005579
BAD 516843005587
BAD 516843712057
BAD 516843712061
BAD 516858917063
BAD 516859363079
BAD 516859363081
BAD 516859363157
BAD 516859782391
BAD 516793794347
BAD 516930521599
BAD 516930521603
BAD 516930521609
BAD 516933469673
BAD 516895954937
BAD 516895954943
BAD 516895954973
BAD 516937155929
BAD 516937256071
BAD 516896733373
BAD 516939612829
BAD 516939760243
BAD 516940868999
BAD 516940869001
BAD 516942845389
BAD 516900612947
BAD 516900833753
BAD 516900933533
BAD 516902242177
BAD 516902242193
BAD 516948172099
BAD 516948229223
BAD 516949064677
BAD 516949064683
BAD 516945619511
BAD 516863136389
BAD 516905242439
BAD 516905390431
BAD 516905390437
BAD 516953035969
BAD 516953036003
BAD 516865770529
BAD 516954983333
BAD 516865770539
BAD 516954983341
BAD 516865770541
BAD 516955333133
BAD 516956040089
BAD 516956040091
BAD 516956180311
BAD 516956180317
BAD 516956644339
BAD 516956984903
BAD 516956984917
BAD 516956984923
BAD 516957116783
BAD 516957116789
BAD 516957116791
BAD 516868627159
BAD 516869516399
BAD 516961784431
BAD 516961784467
BAD 516874399859
BAD 516874399861
BAD 516877279673
BAD 516877279687
BAD 516879484789
BAD 516877279691
BAD 516913580867
BAD 516877279693
BAD 516877279703
BAD 516913580903
BAD 516879569377
BAD 516877437259
BAD 516914979391
BAD 516883414561
BAD 516917335741
BAD 516885875377
BAD 516886246069
BAD 516886844333
BAD 516919602799
BAD 516966590057
BAD 516921462403
BAD 516921462413
BAD 516921462419
BAD 516921835411
BAD 516890496223
BAD 516972271889
BAD 516972271891
BAD 516972271901
BAD 516972271903
BAD 516891432853
BAD 516972885493
BAD 516976421131
BAD 516977007007
BAD 516894605963
BAD 516977579761
BAD 516977579857
BAD 516895295179
BAD 516978527231
BAD 516978589459
BAD 516978589511
BAD 516979599709
BAD 516979599733
BAD 516980991679
BAD 516989678453
BAD 516989678467
BAD 516989678477
BAD 516989678479
BAD 516990986833
BAD 516990986851
BAD 516991014271
BAD 516993426883
BAD 516996050651
BAD 516996050653
BAD 517064350853
BAD 517065220333
BAD 517066003429
BAD 517067388923
BAD 517067388931
BAD 517070752819
BAD 517070752823
BAD 517070752879
BAD 517070752883
BAD 517070752889
BAD 517071339803
BAD 517071339833
BAD 517072674619
BAD 517072674623
BAD 517078379863
BAD 517080595147
BAD 517083866701
BAD 517083866711
BAD 517083866713
BAD 517085916637
BAD 517133347231
BAD 517088210557
BAD 517138209493
BAD 517138209499
BAD 517138209503
BAD 517139631013
BAD 517139631097
BAD 517139631103
BAD 517093222249
BAD 517093222279
BAD 517140625333
BAD 517143011653
BAD 517143948157
BAD 517143948161
BAD 517143948163
BAD 516996492227
BAD 517146588499
BAD 516998249489
BAD 516998249491
BAD 517001800363
BAD 517047242519
BAD 517047242521
BAD 517047242533
BAD 517006594933
BAD 517006594939
BAD 517048237819
BAD 517048425053
BAD 517008698599
BAD 517114177109
BAD 517012530079
BAD 517096835209
BAD 517119822019
BAD 517052946049
BAD 517053112591
BAD 517053112627
BAD 517100583803
BAD 517100583841
BAD 517100583847
BAD 517054414321
BAD 517122361711
BAD 517020384091
BAD 517102161353
BAD 517102216441
BAD 517102216447
BAD 517102216453
BAD 517123658479
BAD 517125547999
BAD 517125548003
BAD 517125676453
BAD 517059060703
BAD 517024277377
BAD 517024277381
BAD 517024277383
BAD 517024418657
BAD 517024418663
BAD 517024538881
BAD 517024538911
BAD 517025002687
BAD 517128635453
BAD 517128635479
BAD 517129263593
BAD 517027607087
BAD 517027607093
BAD 517028747999
BAD 517028748001
BAD 517028748007
BAD 517110053233
BAD 517148339173
BAD 517149776713
BAD 517151742241
BAD 517031601673
BAD 517031601677
BAD 517032703081
BAD 517032703087
BAD 517032703223
BAD 517153946161
BAD 517154335099
BAD 517034013931
BAD 517155958541
BAD 517158702173
BAD 517159237877
BAD 517159237879
BAD 517040994947
BAD 517040994949
BAD 517041339449
BAD 517165151423
BAD 517165151429
BAD 517165151431
BAD 517165154461
BAD 517175321161
BAD 517178622577
BAD 517178622581
BAD 517178622593
BAD 517178622599
BAD 517178622601
BAD 517179331709
BAD 517233647123
BAD 517233769939
BAD 517237540273
BAD 517237540291
BAD 517244176003
BAD 517244176039
BAD 517246784233
BAD 517246784239
BAD 517247281171
BAD 517200566191
BAD 517200976139
BAD 517201855847
BAD 517205001121
BAD 517218611639
BAD 517220524489
BAD 517221374797
BAD 517266403273
BAD 517268402143
BAD 517268402149
BAD 517268908381
BAD 517270905643
BAD 517316968561
BAD 517316968591
BAD 517317646387
BAD 517317717937
BAD 517319306237
BAD 517284536107
BAD 517319844571
BAD 517279552903
BAD 517285998953
BAD 517280438981
BAD 517288014457
BAD 517322894749
BAD 517325631401
BAD 517368735893
BAD 517369021811
BAD 517334949361
BAD 517334949367
BAD 517350947999
BAD 517350948001
BAD 517350948007
BAD 517376113637
BAD 517336020079
BAD 517336020083
BAD 517336020109
BAD 517337608031
BAD 517248877073
BAD 517379202323
BAD 517354333627
BAD 517355952733
BAD 517356112127
BAD 517356112129
BAD 517339700881
BAD 517381013629
BAD 517381586027
BAD 517381586047
BAD 517253445151
BAD 517254739399
BAD 517254739403
BAD 517254739411
BAD 517255189069
BAD 517186731511
BAD 517345430269
BAD 517257111991
BAD 517188019321
BAD 517363411627
BAD 517363411639
BAD 517363411651
BAD 517363840393
BAD 517363840397
BAD 517363840403
BAD 517196069087
BAD 517196069113
BAD 517300067341
BAD 517300067363
BAD 517306035013
BAD 517306035017
BAD 517306035019
BAD 517306214153
BAD 517308973087
BAD 517312611841
BAD 517313403697
BAD 517385608829
BAD 517390058677
BAD 517390058693
BAD 517391420783
BAD 517392102349
BAD 517394961623
BAD 517394982977
BAD 517396417529
BAD 517397181713
BAD 517397652683
BAD 517402219069
BAD 517402219073
BAD 517403934689
BAD 517403934799
BAD 517411535009
BAD 517412680657
BAD 517432970969
BAD 517432970983
BAD 517413793021
BAD 517413992141
BAD 517413992143
BAD 517413992149
BAD 517413992153
BAD 517414179343
BAD 517434936301
BAD 517434936307
BAD 517434936311
BAD 517434936313
BAD 517434936323
BAD 517415359969
BAD 517438229621
BAD 517438385293
BAD 517439066029
BAD 517439066033
BAD 517441332439
BAD 517444376011
BAD 517416881831
BAD 517416881833
BAD 517445105299
BAD 517445105311
BAD 517445414243
BAD 517446096451
BAD 517448774603
BAD 517448991127
BAD 517421664623
BAD 517421664649
BAD 517421780737
BAD 517421780741
BAD 517421809871
BAD 517421809873
BAD 517421809907
BAD 517421809909
BAD 517466044391
BAD 517468293191
BAD 517468303381
BAD 517468303409
BAD 517468303411
BAD 517473861383
BAD 517474078279
BAD 517475170319
BAD 517476224833
BAD 517479756877
BAD 517480468279
BAD 517480468283
BAD 517483743653
BAD 517483743661
BAD 517488066107
BAD 517489667143
BAD 517489667147
BAD 517489667183
BAD 517491807383
BAD 517492706833
BAD 517492706839
BAD 517498247221
BAD 517501145171
BAD 517501145173
BAD 517513075711
BAD 517513075721
BAD 517514204671
BAD 517518570593
BAD 517521012451
BAD 517521012457
BAD 517521012461
BAD 517460273599
BAD 517526587321
BAD 517461437663
BAD 517538708443
BAD 517538708447
BAD 517540533647
BAD 517540533649
BAD 517540888247
BAD 517542445397
BAD 517542914183
BAD 517544030963
BAD 517544295361
BAD 517547010901
BAD 517549964213
BAD 517555332079
BAD 517556007973
BAD 517567500731
BAD 517567500733
BAD 517570006543
BAD 517570214353
BAD 517559928359
BAD 517573266787
BAD 517573282433
BAD 517562576483
BAD 517576638713
BAD 517576695619
BAD 517580288723
BAD 517586459171
BAD 517651022663
BAD 517651022671
BAD 517657499143
BAD 517596038723
BAD 517598207351
BAD 517598207353
BAD 517598405941
BAD 517598405953
BAD 517662051979
BAD 517673052623
BAD 517666104679
BAD 517685274919
BAD 517685983669
BAD 517685983673
BAD 517642296113
BAD 517687911397
BAD 517677104683
BAD 517677104687
BAD 517645536539
BAD 517645536547
BAD 517678948573
BAD 517689626809
BAD 517690067443
BAD 517680405841
BAD 517681740361
BAD 517604612573
BAD 517683344543
BAD 517700902819
BAD 517649133259
BAD 517699390787
BAD 517611908717
BAD 517611908719
BAD 517612600291
BAD 517613422037
BAD 517710424669
BAD 517714346663
BAD 517714346693
BAD 517714582291
BAD 517738333691
BAD 517738333699
BAD 517752920107
BAD 517716577289
BAD 517716577291
BAD 517753476299
BAD 517753476301
BAD 517753852417
BAD 517753852423
BAD 517753852433
BAD 517740240209
BAD 517740240211
BAD 517740240223
BAD 517740240239
BAD 517755700289
BAD 517755700291
BAD 517756570391
BAD 517742353991
BAD 517757444881
BAD 517743331033
BAD 517743902659
BAD 517759124983
BAD 517744913299
BAD 517763365711
BAD 517749088279
BAD 517764650371
BAD 517750308667
BAD 517750615813
BAD 517766499647
BAD 517766585797
BAD 517617336757
BAD 517626319283
BAD 517626319393
BAD 517630035677
BAD 517630035679
BAD 517630035683
BAD 517717864891
BAD 517717864913
BAD 517718754887
BAD 517727170703
BAD 517770633749
BAD 517778401873
BAD 517780167733
BAD 517787512873
BAD 517787512877
BAD 517792030607
BAD 517795106239
BAD 517795106243
BAD 517800728387
BAD 517800728407
BAD 517800915433
BAD 517800915439
BAD 517800915451
BAD 517800915523
BAD 517800915589
BAD 517819766843
BAD 517820251763
BAD 517820251769
BAD 517824534841
BAD 517827152033
BAD 517827152041
BAD 517801550479
BAD 517829904401
BAD 517829904439
BAD 517831952369
BAD 517831952371
BAD 517832743411
BAD 517811081077
BAD 517811081173
BAD 517812146783
BAD 517812146791
BAD 517812777751
BAD 517852794337
BAD 517853645663
BAD 517857619583
BAD 517857742891
BAD 517857828197
BAD 517858670701
BAD 517865426053
BAD 517866009253
BAD 517866009301
BAD 517866098839
BAD 517867045261
BAD 517868383399
BAD 517875112537
BAD 517835328931
BAD 517879139069
BAD 517838039573
BAD 517838039581
BAD 517838039591
BAD 517838178901
BAD 517923884987
BAD 517923885001
BAD 517844413991
BAD 517844413993
BAD 517925691211
BAD 517845522589
BAD 517926776461
BAD 517926776467
BAD 517928320417
BAD 517928320463
BAD 517929331597
BAD 517929331603
BAD 517929331609
BAD 517929331613
BAD 517846740841
BAD 517851685657
BAD 517851685667
BAD 517936338509
BAD 517936338511
BAD 517936338553
BAD 517938113989
BAD 517938113993
BAD 517942739893
BAD 517889586143
BAD 517948841807
BAD 517893988967
BAD 517950054397
BAD 517896929353
BAD 517900065167
BAD 517900065169
BAD 518024102369
BAD 518024102371
BAD 518024102377
BAD 518024102381
BAD 518024102383
BAD 518024672831
BAD 518024672833
BAD 518025197749
BAD 518027669449
BAD 518089507433
BAD 518090301959
BAD 518090301961
BAD 517903469143
BAD 518030888359
BAD 517958355961
BAD 518060714393
BAD 518061839137
BAD 517905841811
BAD 517905841813
BAD 517962283519
BAD 517906162099
BAD 518094930907
BAD 518035573739
BAD 517963033283
BAD 518064176353
BAD 518064285901
BAD 517965835637
BAD 517909183747
BAD 518097122639
BAD 518002914523
BAD 517968322519
BAD 517968322523
BAD 517968322537
BAD 517968322541
BAD 517968920281
BAD 518099798939
BAD 518101190179
BAD 518067306979
BAD 518068547363
BAD 518068547473
BAD 518068671397
BAD 518068787701
BAD 518011176593
BAD 518011176601
BAD 518011177267
BAD 517973536841
BAD 517973536867
BAD 517914308389
BAD 518104664933
BAD 518102130527
BAD 518102130529
BAD 518011721431
BAD 518012165243
BAD 517987425433
BAD 517987425443
BAD 518014675249
BAD 518014675253
BAD 518015950609
BAD 517917159391
BAD 517917497281
BAD 517977679699
BAD 517977679733
BAD 518017990783
BAD 518019490367
BAD 518019490369
BAD 518037139261
BAD 517979131909
BAD 518116006003
BAD 518116006007
BAD 518116006013
BAD 518116006021
BAD 518042235401
BAD 518042235413
BAD 517999612771
BAD 518042668391
BAD 518117753833
BAD 518117753837
BAD 518001591167
BAD 518001591169
BAD 517983895801
BAD 518118525523
BAD 518044946483
BAD 518044946491
BAD 518044946501
BAD 517985343373
BAD 518048649037
BAD 518049803393
BAD 518050056067
BAD 518050428697
BAD 518123410733
BAD 518124944111
BAD 518126904301
BAD 518130025579
BAD 518130133343
BAD 518131575629
BAD 518131575631
BAD 518133624643
BAD 518136775883
BAD 518144591383
BAD 518158478423
BAD 518158478441
BAD 518158478443
BAD 518145508849
BAD 518070607231
BAD 518146894723
BAD 518160791513
BAD 518152558433
BAD 518152748137
BAD 518076307561
BAD 518188543193
BAD 518085209581
BAD 518189802973
BAD 518190029593
BAD 518192948107
BAD 518200490239
BAD 518200844461
BAD 518202068269
BAD 518203584803
BAD 518170930843
BAD 518179041713
BAD 518181184757
BAD 518181847769
BAD 518181847837
BAD 518185213607
BAD 518185213621
BAD 518185213633
BAD 518185568959
BAD 518185568963
BAD 518207105993
BAD 518208888793
BAD 518208888797
BAD 518209531381
BAD 518210261783
BAD 518242261189
BAD 518242261193
BAD 518242442957
BAD 518242442959
BAD 518216380837
BAD 518216380841
BAD 518216380849
BAD 518216380853
BAD 518247816923
BAD 518248602533
BAD 518248602559
BAD 518248602563
BAD 518218561591
BAD 518219491051
BAD 518219704259
BAD 518219838013
BAD 518253411131
BAD 518237536021
BAD 518374208839
BAD 518375400643
BAD 518376985831
BAD 518391230023
BAD 518391230041
BAD 518391230047
BAD 518391628949
BAD 518391628957
BAD 518391628973
BAD 518391628981
BAD 518456608951
BAD 518456609003
BAD 518392506091
BAD 518392506173
BAD 518458402313
BAD 518393869963
BAD 518340953821
BAD 518384115979
BAD 518574380413
BAD 518574380419
BAD 518395628431
BAD 518577156971
BAD 518577156973
BAD 518344865299
BAD 518577655963
BAD 518580685193
BAD 518467987157
BAD 518467987159
BAD 518467987171
BAD 518582127383
BAD 518348734763
BAD 518348734769
BAD 518583052951
BAD 518583052961
BAD 518583742013
BAD 518585287141
BAD 518585287189
BAD 518471851319
BAD 518471851321
BAD 518472088639
BAD 518472271321
BAD 518472271327
BAD 518472271333
BAD 518351243719
BAD 518523570611
BAD 518523570613
BAD 518525973743
BAD 518525973751
BAD 518355881093
BAD 518356136413
BAD 518356136533
BAD 518357214533
BAD 518357214541
BAD 518533649497
BAD 518357460143
BAD 518535080681
BAD 518535080683
BAD 518440075651
BAD 518361589751
BAD 518442991553
BAD 518443179911
BAD 518443179913
BAD 518443674079
BAD 518443674083
BAD 518595754577
BAD 518323799843
BAD 518446438589
BAD 518446438591
BAD 518447963351
BAD 518447963353
BAD 518600062723
BAD 518600062759
BAD 518450204731
BAD 518450204837
BAD 518450204843
BAD 518450204849
BAD 518450204851
BAD 518450240887
BAD 518495881517
BAD 518495881523
BAD 518498111347
BAD 518606489123
BAD 518606489131
BAD 518331064087
BAD 518499368969
BAD 518499368971
BAD 518331604163
BAD 518367260951
BAD 518367622943
BAD 518367718963
BAD 518367718969
BAD 518368111321
BAD 518368186463
BAD 518370560639
BAD 518370560641
BAD 518337774697
BAD 518337774733
BAD 518337774743
BAD 518337774751
BAD 518507042761
BAD 518507042773
BAD 518503064509
BAD 518503153681
BAD 518503608379
BAD 518505353983
BAD 518505354013
BAD 518539895611
BAD 518542428499
BAD 518548900889
BAD 518550671239
BAD 518551308181
BAD 518551427593
BAD 518307044897
BAD 518307044903
BAD 518308283863
BAD 518308283873
BAD 518308283879
BAD 518254440091
BAD 518309949319
BAD 518256216061
BAD 518311897403
BAD 518311897409
BAD 518257706269
BAD 518273614783
BAD 518277388957
BAD 518277389011
BAD 518260565441
BAD 518260565443
BAD 518260565453
BAD 518260565461
BAD 518317104101
BAD 518317104103
BAD 518278240069
BAD 518278240091
BAD 518279022511
BAD 518261961323
BAD 518262025703
BAD 518557089481
BAD 518319264559
BAD 518319264563
BAD 518319286033
BAD 518281690483
BAD 518281690501
BAD 518264905289
BAD 518265048503
BAD 518320966567
BAD 518283307231
BAD 518283307237
BAD 518267807179
BAD 518293416769
BAD 518293416779
BAD 518293416803
BAD 518286152017
BAD 518286152023
BAD 518286261071
BAD 518286261083
BAD 518298713467
BAD 518567073683
BAD 518567073691
BAD 518567073697
BAD 518298963113
BAD 518567784121
BAD 518567784127
BAD 518568618037
BAD 518568618041
BAD 518571068077
BAD 518571844129
BAD 518572257811
BAD 518572257817
BAD 518572257821
BAD 518572257823
BAD 518408199511
BAD 518422226557
BAD 518422226563
BAD 518414159491
BAD 518429246063
BAD 518419554451
BAD 518420528063
BAD 518421857903
BAD 518607131153
BAD 518609442367
BAD 518609789851
BAD 518612296927
BAD 518612563663
BAD 518618135851
BAD 518619097153
BAD 518621120959
BAD 518621617373
BAD 518625680281
BAD 518627033803
BAD 518627901419
BAD 518628656639
BAD 518628656641
BAD 518628656647
BAD 518629892369
BAD 518629892371
BAD 518629892383
BAD 518629892387
BAD 518629892401
BAD 518629892419
BAD 518634948991
BAD 518636004673
BAD 518636953129
BAD 518637943871
BAD 518640468341
BAD 518640468343
BAD 518641938781
BAD 518648007679
BAD 518650816309
BAD 518650911739
BAD 518655702767
BAD 518655702769
BAD 518657589889
BAD 518657589893
BAD 518660616983
BAD 518661512129
BAD 518666931557
BAD 518666931599
BAD 518667207193
BAD 518696281997
BAD 518696510999
BAD 518696511001
BAD 518668912763
BAD 518697769033
BAD 518697955561
BAD 518702598319
BAD 518713084073
BAD 518713084079
BAD 518713084081
BAD 518713084093
BAD 518716435163
BAD 518719896413
BAD 518719970317
BAD 518677378627
BAD 518677674967
BAD 518809883093
BAD 518677674979
BAD 518677674989
BAD 518820959669
BAD 518685930979
BAD 518822036701
BAD 518822036713
BAD 518822036717
BAD 518822520701
BAD 518822520703
BAD 518822520707
BAD 518822520709
BAD 518823645589
BAD 518741133023
BAD 518741133041
BAD 518744066293
BAD 518744066299
BAD 518744066303
BAD 518725598333
BAD 518725598341
BAD 518745601753
BAD 518748898489
BAD 518728247839
BAD 518755660121
BAD 518755660123
BAD 518756205563
BAD 518756205571
BAD 518756205607
BAD 518735198833
BAD 518759966453
BAD 518761984553
BAD 518761984561
BAD 518761984583
BAD 518761984589
BAD 518761984591
BAD 518761984597
BAD 518738108183
BAD 518826936437
BAD 518739125659
BAD 518739125701
BAD 518841738127
BAD 518980987703
BAD 518982181009
BAD 518982260183
BAD 518982260213
BAD 518843569969
BAD 518843569973
BAD 518843569997
BAD 518830557391
BAD 518830557397
BAD 518860130059
BAD 518860130077
BAD 518860142993
BAD 518860841533
BAD 518860841537
BAD 518763514231
BAD 518832092749
BAD 518861578789
BAD 518861578813
BAD 518791953739
BAD 518834817691
BAD 518986498451
BAD 518986498453
BAD 518764134667
BAD 518850600893
BAD 518765315389
BAD 518837288647
BAD 518837288657
BAD 518837288659
BAD 518775448391
BAD 518793788791
BAD 518851953313
BAD 518794080083
BAD 518794080121
BAD 518838446393
BAD 518839030141
BAD 518777185681
BAD 518870819881
BAD 518796355439
BAD 518770101079
BAD 518778525289
BAD 518872639489
BAD 518873181319
BAD 518798209283
BAD 518992549199
BAD 518874552649
BAD 518799170303
BAD 518774293729
BAD 518774293733
BAD 518788103611
BAD 518788103633
BAD 518789321797
BAD 518806118927
BAD 518928711193
BAD 518928711199
BAD 518997653101
BAD 518997914573
BAD 518930943667
BAD 518930943673
BAD 518930943677
BAD 518942823337
BAD 518942843989
BAD 518943948577
BAD 518909444329
BAD 518949884293
BAD 519006593179
BAD 518939138903
BAD 518952768899
BAD 518953583543
BAD 518940172063
BAD 518941918687
BAD 518957780221
BAD 518964383473
BAD 518964383477
BAD 518964383479
BAD 518964424543
BAD 518964424553
BAD 518892540161
BAD 518892540163
BAD 518894215051
BAD 518966591189
BAD 518897589971
BAD 518897590093
BAD 518897590097
BAD 518922423689
BAD 518922822983
BAD 518971618439
BAD 518973186307
BAD 518973186349
BAD 518903465719
BAD 518903465723
BAD 518904620797
BAD 518906050483
BAD 518908209929
BAD 518908209931
BAD 518876885101
BAD 518881956113
BAD 519030313273
BAD 519031635511
BAD 518887116623
BAD 518887709083
BAD 518887709099
BAD 518890218887
BAD 519036108433
BAD 519009921263
BAD 519012059417
BAD 519012064357
BAD 519014471761
BAD 519015095761
BAD 519015095779
BAD 519018125701
BAD 519020959181
BAD 519020959183
BAD 519021971287
BAD 519021994627
BAD 519021994633
BAD 519021994643
BAD 519021994651
BAD 519023495293
BAD 519023536819
BAD 519023986319
BAD 519023986321
BAD 519023986337
BAD 519023986339
BAD 519025470923
BAD 519059728909
BAD 519059904791
BAD 519059904793
BAD 519059904799
BAD 519063237577
BAD 519063237607
BAD 519081753023
BAD 519084563353
BAD 519073052053
BAD 519073122181
BAD 519087046561
BAD 519073868933
BAD 519092812019
BAD 519046626127
BAD 519046626149
BAD 519093370903
BAD 519093370909
BAD 519093370921
BAD 519049444513
BAD 519050270383
BAD 519050984611
BAD 519053923441
BAD 519053923459
BAD 519054954731
BAD 519054954739
BAD 519056917163
BAD 519098005313
BAD 519059244713
BAD 519101671909
BAD 519104098943
BAD 519111290389
BAD 519111290393
BAD 519117401687
BAD 519117401689
BAD 519120411961
BAD 519122415001
BAD 519126658793
BAD 519145103251
BAD 519145178579
BAD 519145178581
BAD 519148759249
BAD 519149195119
BAD 519149489239
BAD 519149668943
BAD 519155743459
BAD 519155972329
BAD 519155972341
BAD 519156450541
BAD 519157366337
BAD 519157366339
BAD 519130927423
BAD 519131468363
BAD 519179167489
BAD 519232493389
BAD 519232493393
BAD 519180130009
BAD 519180879131
BAD 519181049591
BAD 519181049593
BAD 519135085003
BAD 519135085013
BAD 519235395907
BAD 519183159499
BAD 519183159503
BAD 519183159511
BAD 519235724333
BAD 519235988813
BAD 519183466103
BAD 519237418019
BAD 519185285273
BAD 519199464359
BAD 519199925609
BAD 519240305063
BAD 519202489651
BAD 519202758143
BAD 519202874717
BAD 519188828243
BAD 519202874719
BAD 519142013759
BAD 519142291463
BAD 519143231491
BAD 519267468443
BAD 519271608487
BAD 519271885387
BAD 519214230343
BAD 519214366753
BAD 519215882011
BAD 519215883811
BAD 519164582273
BAD 519244690213
BAD 519219555643
BAD 519246353071
BAD 519246353099
BAD 519219632213
BAD 519220726693
BAD 519247511623
BAD 519252664397
BAD 519252732689
BAD 519252896843
BAD 519227089373
BAD 519379029293
BAD 519364287437
BAD 519364287439
BAD 519311767141
BAD 519277917679
BAD 519386141929
BAD 519313680811
BAD 519280530833
BAD 519346334473
BAD 519280530889
BAD 519313680841
BAD 519386177641
BAD 519369235663
BAD 519346437721
BAD 519281463037
BAD 519347491457
BAD 519347491459
BAD 519395447437
BAD 519395887613
BAD 519316138969
BAD 519316138981
BAD 519397558201
BAD 519372258037
BAD 519398435011
BAD 519349896097
BAD 519350771593
BAD 519350771651
BAD 519337945429
BAD 519373814021
BAD 519399772669
BAD 519399772673
BAD 519339195149
BAD 519353342551
BAD 519403447993
BAD 519377553913
BAD 519355921463
BAD 519324152323
BAD 519324152327
BAD 519324152329
BAD 519391938661
BAD 519289778321
BAD 519289778323
BAD 519405770033
BAD 519405770083
BAD 519407255663
BAD 519326775239
BAD 519326775241
BAD 519291902299
BAD 519291902303
BAD 519360955051
BAD 519410446987
BAD 519410928313
BAD 519410928317
BAD 519410928319
BAD 519410928329
BAD 519410928331
BAD 519299990527
BAD 519306151493
BAD 519308463199
BAD 519309256331
BAD 519428931953
BAD 519434934769
BAD 519434934773
BAD 519437518111
BAD 519440897477
BAD 519420548333
BAD 519420548347
BAD 519420834377
BAD 519420834379
BAD 519425705731
BAD 519500896249
BAD 519446469697
BAD 519446535451
BAD 519506431291
BAD 519448491631
BAD 519507161359
BAD 519449558557
BAD 519508476727
BAD 519452170943
BAD 519452170973
BAD 519459285533
BAD 519459285563
BAD 519460865797
BAD 519461685881
BAD 519485749051
BAD 519465973603
BAD 519486973589
BAD 519486973591
BAD 519486973609
BAD 519486973613
BAD 519488545633
BAD 519488545637
BAD 519492104093
BAD 519472599781
BAD 519472631479
BAD 519472687609
BAD 519493700087
BAD 519475745137
BAD 519493700093
BAD 519477711617
BAD 519477711619
BAD 519477711637
BAD 519477746497
BAD 519531513989
BAD 519563855827
BAD 519535315643
BAD 519535809629
BAD 519536652857
BAD 519574206961
BAD 519543109003
BAD 519543109037
BAD 519543109039
BAD 519597681377
BAD 519647962121
BAD 519647962123
BAD 519649310987
BAD 519649310989
BAD 519649514669
BAD 519600816989
BAD 519600816991
BAD 519615204191
BAD 519615204193
BAD 519616815763
BAD 519604225451
BAD 519604225453
BAD 519619640669
BAD 519664277423
BAD 519619640671
BAD 519655875553
BAD 519665947121
BAD 519665947123
BAD 519665947127
BAD 519665947133
BAD 519665947147
BAD 519665947153
BAD 519666325757
BAD 519656991961
BAD 519622784557
BAD 519610902079
BAD 519659038763
BAD 519513133319
BAD 519513133339
BAD 519611994427
BAD 519611994443
BAD 519514335343
BAD 519514335349
BAD 519764721907
BAD 519764721911
BAD 519764721913
BAD 519764721929
BAD 519660788303
BAD 519660788329
BAD 519627230503
BAD 519765020843
BAD 519515847439
BAD 519516011149
BAD 519662448509
BAD 519766665469
BAD 519662448511
BAD 519516736133
BAD 519662448541
BAD 519516736169
BAD 519516736171
BAD 519516962539
BAD 519516962543
BAD 519517455371
BAD 519517805567
BAD 519580811663
BAD 519580811681
BAD 519580811683
BAD 519580811693
BAD 519676332719
BAD 519678279541
BAD 519522389423
BAD 519587054183
BAD 519587054191
BAD 519679569811
BAD 519553269379
BAD 519553269383
BAD 519554551643
BAD 519554551651
BAD 519556722697
BAD 519777364261
BAD 519777364273
BAD 519526944413
BAD 519557792153
BAD 519557870833
BAD 519527131273
BAD 519527131307
BAD 519527131309
BAD 519558131699
BAD 519593206829
BAD 519593206831
BAD 519593206837
BAD 519779759861
BAD 519560085769
BAD 519560112581
BAD 519560112583
BAD 519560112587
BAD 519560380189
BAD 519560380193
BAD 519561708613
BAD 519562013251
BAD 519562016461
BAD 519562055993
BAD 519999230251
BAD 519999668621
BAD 519999668633
BAD 519999668641
BAD 519831838741
BAD 519630257863
BAD 519832814779
BAD 519832814783
BAD 519833870291
BAD 519835931479
BAD 519838073669
BAD 519838073701
BAD 519838073707
BAD 519838335229
BAD 519637975891
BAD 519846140939
BAD 519846763087
BAD 519642800269
BAD 519714541069
BAD 519748118209
BAD 519748118213
BAD 519646365467
BAD 519646365487
BAD 519646365629
BAD 519646365631
BAD 519715754603
BAD 519717176299
BAD 519750724891
BAD 519718722683
BAD 519718808941
BAD 519732424733
BAD 519822368981
BAD 519822368983
BAD 519734647891
BAD 519735596869
BAD 519735596929
BAD 519798589199
BAD 519798589201
BAD 519756838369
BAD 519799210373
BAD 519824120437
BAD 519757646623
BAD 519800157257
BAD 519684394751
BAD 519800157259
BAD 519684394753
BAD 519728309011
BAD 519828925433
BAD 519701649853
BAD 519688652911
BAD 519688652981
BAD 519688652983
BAD 519805540853
BAD 519787147309
BAD 519787147357
BAD 519807481513
BAD 519690880783
BAD 519690880789
BAD 519691610341
BAD 519693023321
BAD 519693023323
BAD 519693023327
BAD 519693023329
BAD 519811738711
BAD 519811738729
BAD 519694009129
BAD 519812913317
BAD 519812913331
BAD 519812913337
BAD 519696611783
BAD 519794658067
BAD 519795372079
BAD 519865563089
BAD 519866019931
BAD 519871051699
BAD 519871051703
BAD 519879449759
BAD 519879449767
BAD 519879449773
BAD 519879449777
BAD 519879922481
BAD 519879922483
BAD 519849405899
BAD 519880895273
BAD 519852210113
BAD 519852210133
BAD 519852673411
BAD 519852673421
BAD 519853253237
BAD 519853253239
BAD 519853253243
BAD 519853253267
BAD 519908264237
BAD 519912341803
BAD 519912341807
BAD 519882472267
BAD 519884886593
BAD 519884886601
BAD 519885841289
BAD 519895652543
BAD 519895652581
BAD 519898348003
BAD 519898348007
BAD 519898348009
BAD 519915413749
BAD 519922517911
BAD 519935660443
BAD 519924611939
BAD 519924611971
BAD 519926349233
BAD 519928494361
BAD 519928494367
BAD 519928494373
BAD 519928494389
BAD 519928494391
BAD 519940078043
BAD 519931537337
BAD 519931537339
BAD 519985100423
BAD 519943212727
BAD 519943457731
BAD 519944194817
BAD 519987834983
BAD 519987835001
BAD 519987835009
BAD 519945274733
BAD 519946070251
BAD 519946070257
BAD 519950859721
BAD 519995695081
BAD 519954870077
BAD 519954870079
BAD 519954870101
BAD 519954870103
BAD 519969727999
BAD 519969728011
BAD 519969728053
BAD 519969728059
BAD 519957022073
BAD 519958896253
BAD 519979179259
BAD 519979179263
BAD 519979256443
BAD 519979658357
BAD 519980959297
BAD 519965494621
RANGE 510000000000 520000000000 PRIMES 370817703 BAD 4893
