BAD 960355090679
BAD 960355090711
BAD 960355090727
BAD 960355090729
BAD 960355090733
BAD 960255893647
BAD 960322462391
BAD 960324507631
BAD 960324813379
BAD 960330201923
BAD 960330201931
BAD 960383272049
BAD 960333356491
BAD 960302843939
BAD 960000390233
BAD 960237376507
BAD 960310810499
BAD 960291080197
BAD 960291080201
BAD 960238826357
BAD 960238826359
BAD 960238826363
BAD 960291765673
BAD 960291765679
BAD 960291765683
BAD 960291765721
BAD 960292233169
BAD 960227062901
BAD 960227062903
BAD 960299766901
BAD 960014629129
BAD 960017193371
BAD 960027147109
BAD 960027147113
BAD 960268876057
BAD 960272151361
BAD 960207413849
BAD 960044139179
BAD 960044139181
BAD 960044139199
BAD 960273806299
BAD 960275306467
BAD 960209303597
BAD 960279251573
BAD 960279251597
BAD 960215451049
BAD 960171305941
BAD 960057597329
BAD 960057597337
BAD 960057597383
BAD 960396649951
BAD 960397923323
BAD 960126422491
BAD 960090443513
BAD 960090443569
BAD 960108895079
BAD 960146627129
BAD 960146627131
BAD 960147320089
BAD 960148867343
BAD 960148867351
BAD 960150660817
BAD 960150660823
BAD 960081139181
BAD 960428050513
BAD 960428050559
BAD 960428250707
BAD 960428250709
BAD 960428250721
BAD 960434452763
BAD 960438917231
BAD 960462163393
BAD 960534972083
BAD 960534972091
BAD 960467203879
BAD 960479671523
BAD 960493398481
BAD 960512070319
BAD 960518911003
BAD 960518911039
BAD 960547238929
BAD 960547238933
BAD 960555509959
BAD 960566343043
BAD 960573004343
BAD 960573004351
BAD 960628202561
BAD 960628202563
BAD 960810433871
BAD 960815834071
BAD 960586471073
BAD 960591705449
BAD 960592918619
BAD 960607928327
BAD 960607928333
BAD 960607928381
BAD 960613808621
BAD 960615999493
BAD 960616671769
BAD 960659596693
BAD 960663632749
BAD 960665544301
BAD 960653303257
BAD 960829835369
BAD 960831585457
BAD 960839718187
BAD 960859359857
BAD 960678369631
BAD 960678369647
BAD 960678369649
BAD 960882872291
BAD 960882872311
BAD 960882872333
BAD 960886904507
BAD 960886929733
BAD 960886929749
BAD 960913498861
BAD 960920329583
BAD 960729148177
BAD 960689005069
BAD 960689005103
BAD 960695022977
BAD 960695022979
BAD 960695022983
BAD 960701743051
BAD 960778107137
BAD 960778107139
BAD 960790641211
BAD 960788398001
BAD 960796988713
BAD 960763264957
BAD 960956022713
BAD 961008055927
BAD 960956417063
BAD 960960502303
BAD 961052865317
BAD 961027716773
BAD 961039982569
BAD 960977146411
BAD 960977146417
BAD 960979982047
BAD 960979982051
BAD 960979982101
BAD 960979982177
BAD 960980771633
BAD 961144723633
BAD 961151044853
BAD 961151044873
BAD 961107448207
BAD 961213374259
BAD 961183696469
BAD 961183696471
BAD 961223255423
BAD 961073753249
BAD 961073753251
BAD 961074870631
BAD 961100536673
BAD 961100536727
BAD 961100536729
BAD 961100536733
BAD 961062275363
BAD 961164545993
BAD 961316047049
BAD 961323001663
BAD 961258507093
BAD 961260928351
BAD 961287237863
BAD 961407017071
BAD 961298543869
BAD 961306657231
BAD 961346208947
BAD 961356597601
BAD 961532287171
BAD 961535833571
BAD 961556589181
BAD 961515791107
BAD 961480386049
BAD 961494459143
BAD 961494459157
BAD 961485269057
BAD 961485269083
BAD 961504586929
BAD 961378334821
BAD 961378804249
BAD 961381725049
BAD 961387149803
BAD 961389665239
BAD 961418462239
BAD 961420400491
BAD 961420400497
BAD 961420400503
BAD 961426927651
BAD 961611405301
BAD 961625541337
BAD 961579203323
BAD 961563244027
BAD 961570292219
BAD 961571104237
BAD 961571104243
BAD 961571608223
BAD 961729263059
BAD 961731198353
BAD 961816882493
BAD 961863086389
BAD 961879879453
BAD 961880328533
BAD 961871626717
BAD 961859185099
BAD 961767775471
BAD 961840730743
BAD 961840730749
BAD 961782929623
BAD 961786017013
BAD 961704288901
BAD 961710060163
BAD 961643925029
BAD 961954762009
BAD 961665542611
BAD 961749107161
BAD 961714675477
BAD 961717157593
BAD 961676591563
BAD 961727942647
BAD 961727942653
BAD 961897855279
BAD 961897855283
BAD 961897855291
BAD 961652434333
BAD 961907234107
BAD 962036926457
BAD 962040493523
BAD 961916133383
BAD 961660834733
BAD 962043218243
BAD 961980691501
BAD 961989107383
BAD 961989854029
BAD 961998434167
BAD 961998434183
BAD 962006390299
BAD 962010746743
BAD 962119245211
BAD 962120017883
BAD 962071939471
BAD 962071939487
BAD 962071939489
BAD 962074040731
BAD 962127326813
BAD 962085065807
BAD 962093174659
BAD 962093174671
BAD 962095188949
BAD 962095188953
BAD 962105270453
BAD 962215058359
BAD 962215058369
BAD 962219456383
BAD 962228671699
BAD 962233976413
BAD 962154203371
BAD 962332993553
BAD 962332993561
BAD 962335496093
BAD 962335496123
BAD 962335496173
BAD 962335496191
BAD 962165495597
BAD 962165495611
BAD 962169534127
BAD 962169534149
BAD 962172646471
BAD 962172646559
BAD 962437418443
BAD 962437418489
BAD 962437418491
BAD 962443476691
BAD 962446500683
BAD 962214279919
BAD 962536267843
BAD 962539968979
BAD 962539968983
BAD 962539968991
BAD 962383377253
BAD 962250058337
BAD 962250619613
BAD 962385871033
BAD 962368983581
BAD 962371213501
BAD 962371213513
BAD 962371213523
BAD 962372089969
BAD 962261612251
BAD 962397498343
BAD 962264435687
BAD 962264435689
BAD 962265125587
BAD 962271041639
BAD 962278646377
BAD 962278646383
BAD 962419429927
BAD 962281432043
BAD 962320970491
BAD 962324338993
BAD 962429974327
BAD 962522711809
BAD 962524469141
BAD 962524469143
BAD 962526204799
BAD 962458033783
BAD 962605220567
BAD 962605220569
BAD 962463362299
BAD 962635642763
BAD 962642151907
BAD 962642151917
BAD 962672147623
BAD 962679228919
BAD 962679228923
BAD 962679228937
BAD 962681713013
BAD 962697404299
BAD 962697404311
BAD 962701936039
BAD 962591550643
BAD 962703639461
BAD 962703639463
BAD 962594622007
BAD 962594622013
BAD 962594622019
BAD 962594622023
BAD 962711932759
BAD 962720999939
BAD 962720999941
BAD 962725401529
BAD 962727929851
BAD 962886518833
BAD 962886518843
BAD 962888988601
BAD 962890056181
BAD 962892929101
BAD 962658383761
BAD 962658383773
BAD 962658383777
BAD 962658383779
BAD 962658383783
BAD 962940577457
BAD 962942181079
BAD 962942181083
BAD 962950634341
BAD 962970845281
BAD 962982127147
BAD 962982127153
BAD 962785720213
BAD 962785720219
BAD 962771306681
BAD 962771306683
BAD 962772742559
BAD 962772742567
BAD 962781488329
BAD 962903640299
BAD 963004526797
BAD 963005446037
BAD 962829377017
BAD 963011798197
BAD 963027719503
BAD 962743455959
BAD 963048049393
BAD 962807071579
BAD 962856141889
BAD 962859433873
BAD 963081011287
BAD 963081011293
BAD 963081039691
BAD 963082277701
BAD 963083339557
BAD 963083339563
BAD 963083339573
BAD 962867696123
BAD 962955644383
BAD 962955644461
BAD 962956898557
BAD 963106739867
BAD 962871627049
BAD 962871777629
BAD 962871777631
BAD 963111706441
BAD 962969112593
BAD 962930313871
BAD 962930397991
BAD 963122449253
BAD 963126028043
BAD 963099282683
BAD 963063719911
BAD 963063719929
BAD 963173865649
BAD 963173865653
BAD 963173865659
BAD 963069553223
BAD 963146880343
BAD 963190834709
BAD 963425957191
BAD 963196140013
BAD 963196140061
BAD 963290159483
BAD 963433796519
BAD 963433796543
BAD 963199873231
BAD 963278784971
BAD 963278784973
BAD 963301747027
BAD 963321457393
BAD 963377755433
BAD 963288160381
BAD 963381249767
BAD 963381839011
BAD 963409682113
BAD 963383709751
BAD 963386795387
BAD 963386795389
BAD 963419631949
BAD 963222315763
BAD 963222315767
BAD 963222315773
BAD 963223308667
BAD 963223308673
BAD 963223308683
BAD 963223860337
BAD 963505398319
BAD 963234537157
BAD 963392072843
BAD 963395069239
BAD 963396867583
BAD 963262363523
BAD 963337184353
BAD 963443728997
BAD 963443728999
BAD 963443729089
BAD 963339371179
BAD 963339371191
BAD 963345194167
BAD 963346573591
BAD 963346573601
BAD 963346573603
BAD 963530721589
BAD 963530721599
BAD 963507195593
BAD 963507195601
BAD 963535320469
BAD 963535320479
BAD 963522887101
BAD 963484922489
BAD 963628885619
BAD 963628885621
BAD 963632961061
BAD 963634049437
BAD 963599038651
BAD 963645927109
BAD 963700664939
BAD 963667741679
BAD 963670420549
BAD 963672369859
BAD 963672369871
BAD 963614632231
BAD 963621701773
BAD 963752255723
BAD 963754078997
BAD 963754078999
BAD 963755703527
BAD 963755703529
BAD 963796794913
BAD 963846329371
BAD 963846329377
BAD 963818005001
BAD 963767895203
BAD 963851624149
BAD 963867992107
BAD 963874375481
BAD 963874375483
BAD 963895232059
BAD 963895232063
BAD 963896918731
BAD 963896918737
BAD 964061065741
BAD 963880163527
BAD 964012846343
BAD 964062503863
BAD 964062503869
BAD 963974865277
BAD 963974865281
BAD 963974865283
BAD 963886757203
BAD 964015347419
BAD 963834333703
BAD 963890549761
BAD 963977560853
BAD 963977560859
BAD 963977560877
BAD 963977560879
BAD 963977560883
BAD 964033230473
BAD 963979447051
BAD 964019669983
BAD 964019669989
BAD 964019669993
BAD 964019751187
BAD 964071361237
BAD 964071361249
BAD 964038140803
BAD 964038140843
BAD 963985081823
BAD 963942138751
BAD 964005752737
BAD 964052241923
BAD 964052241931
BAD 964052241937
BAD 964052241947
BAD 964052241949
BAD 964079420221
BAD 964081130251
BAD 964088292263
BAD 964089391763
BAD 964125158687
BAD 964125989861
BAD 964125989863
BAD 964125989867
BAD 964137628921
BAD 964094165711
BAD 964380063623
BAD 964384445623
BAD 964384445641
BAD 964392693673
BAD 964404579169
BAD 964215659003
BAD 964219195993
BAD 964219195999
BAD 964219196009
BAD 964219196011
BAD 964225221709
BAD 964444447633
BAD 964445514133
BAD 964520546849
BAD 964520546851
BAD 964295874313
BAD 964229272823
BAD 964298889739
BAD 964499715383
BAD 964301910083
BAD 964197469561
BAD 964504862357
BAD 964504862359
BAD 964506983707
BAD 964506983711
BAD 964510033607
BAD 964510033609
BAD 964470192773
BAD 964471399847
BAD 964471399849
BAD 964238230733
BAD 964204774499
BAD 964315361131
BAD 964241177413
BAD 964241177429
BAD 964414781467
BAD 964418520889
BAD 964358059627
BAD 964358059633
BAD 964359804103
BAD 964359804157
BAD 964359804169
BAD 964359804181
BAD 964267420873
BAD 964247528273
BAD 964247528281
BAD 964276112633
BAD 964279643809
BAD 964281915241
BAD 964282803871
BAD 964247528303
BAD 964247528311
BAD 964288113683
BAD 964288113731
BAD 964554226529
BAD 964634058769
BAD 964634058779
BAD 964634058781
BAD 964680955369
BAD 964685353637
BAD 964641041743
BAD 964641041753
BAD 964641041761
BAD 964687486123
BAD 964644460733
BAD 964646221549
BAD 964820096971
BAD 964820923939
BAD 964820923943
BAD 964738001533
BAD 964604638357
BAD 964605003227
BAD 964605003233
BAD 964606713043
BAD 964606713131
BAD 964829809921
BAD 964831055273
BAD 964678509433
BAD 964923621863
BAD 964928493853
BAD 964928493913
BAD 964703061499
BAD 964703061503
BAD 964716032353
BAD 964716032369
BAD 964724724023
BAD 964906508837
BAD 964906508857
BAD 964913248081
BAD 964913248087
BAD 964913248099
BAD 964769697259
BAD 964769697263
BAD 964887443719
BAD 964851191419
BAD 964812737783
BAD 964813421911
BAD 964813421933
BAD 964621771471
BAD 964814652523
BAD 964624600063
BAD 964858127423
BAD 964790378509
BAD 964954894933
BAD 965000500733
BAD 965003493221
BAD 964978834343
BAD 964978834349
BAD 965003939749
BAD 964979479921
BAD 965006794501
BAD 965010733243
BAD 965016281071
BAD 965016281083
BAD 965016281101
BAD 965057323913
BAD 965022679703
BAD 965059783489
BAD 965060125979
BAD 965060125987
BAD 965030419757
BAD 965030419763
BAD 965065370933
BAD 965087175419
BAD 965073205787
BAD 965045707321
BAD 965048878117
BAD 965139345769
BAD 965139435433
BAD 965357219303
BAD 965359703293
BAD 965363453167
BAD 965125056299
BAD 965213404433
BAD 965374287623
BAD 965420130839
BAD 965420130841
BAD 965420130847
BAD 965393313901
BAD 965418186311
BAD 965393455199
BAD 965393455223
BAD 965470294681
BAD 965470294687
BAD 965470294697
BAD 965397839467
BAD 965454938563
BAD 965485122323
BAD 965436636823
BAD 965438138683
BAD 965333651143
BAD 965240997241
BAD 965240997271
BAD 965240997289
BAD 965240997293
BAD 965240997299
BAD 965228369179
BAD 965276040167
BAD 965297375071
BAD 965300508719
BAD 965343414499
BAD 965348335921
BAD 965349661403
BAD 965488603847
BAD 965521673663
BAD 965521673687
BAD 965511419911
BAD 965568579763
BAD 965568579769
BAD 965637443227
BAD 965603142667
BAD 965609593717
BAD 965609786377
BAD 965618910481
BAD 965654313653
BAD 965654412913
BAD 965654412917
BAD 965738457721
BAD 965738457727
BAD 965731822883
BAD 965733962621
BAD 965733962623
BAD 965717191303
BAD 965752281887
BAD 965752281889
BAD 965757026251
BAD 965758222501
BAD 965698826179
BAD 965768181863
BAD 965768181887
BAD 965768181893
BAD 965842842871
BAD 965854573669
BAD 965892646777
BAD 965898964777
BAD 965858037301
BAD 965775593933
BAD 965775593941
BAD 965805879449
BAD 965777954599
BAD 965777954633
BAD 965810403289
BAD 965810403293
BAD 965871143813
BAD 965800484431
BAD 965833497241
BAD 965926384741
BAD 965879353667
BAD 965879353669
BAD 965884549583
BAD 965935857101
BAD 965998182013
BAD 965998182067
BAD 965999174453
BAD 966028479473
BAD 966013780861
BAD 966014347349
BAD 966014347351
BAD 966014793329
BAD 966022104703
BAD 966051177121
BAD 966054657157
BAD 966165312913
BAD 965948640323
BAD 966168473219
BAD 966168473227
BAD 966078164413
BAD 966078164573
BAD 966078164581
BAD 966172972477
BAD 966172972493
BAD 966086157797
BAD 966150541459
BAD 966060461593
BAD 966270899003
BAD 966271439723
BAD 966191171093
BAD 966196521247
BAD 966202121119
BAD 966203581493
BAD 966206305249
BAD 966316084973
BAD 966347305109
BAD 966347305111
BAD 966347305117
BAD 966352182821
BAD 966358524433
BAD 966398470711
BAD 966361217881
BAD 966361217897
BAD 966361217963
BAD 966409779893
BAD 966402860869
BAD 966402860881
BAD 966402860923
BAD 966404233877
BAD 966405252713
BAD 966371310889
BAD 966380522213
BAD 966297364229
BAD 966297364231
BAD 966297364237
BAD 966229806799
BAD 966304205221
BAD 966304205233
BAD 966178353341
BAD 966444587063
BAD 966446051783
BAD 966575775527
BAD 966473022733
BAD 966473022737
BAD 966473022773
BAD 966513543427
BAD 966483147053
BAD 966485632687
BAD 966485632691
BAD 966558806141
BAD 966492114331
BAD 966208846727
BAD 966530626993
BAD 966535994311
BAD 966215266043
BAD 966218507833
BAD 966223293071
BAD 966223293073
BAD 966254176999
BAD 966283658581
BAD 966604258987
BAD 966509348813
BAD 966509348821
BAD 966629797249
BAD 966581203463
BAD 966616820641
BAD 966637618267
BAD 966637618291
BAD 966625250509
BAD 966587453707
BAD 966587740253
BAD 966650599591
BAD 966666212933
BAD 966676880671
BAD 966676880677
BAD 966676880681
BAD 966676880683
BAD 966718774181
BAD 966718774183
BAD 966866756489
BAD 966856200293
BAD 966857879111
BAD 966831302419
BAD 966807651793
BAD 966892331599
BAD 966893678603
BAD 966751619609
BAD 967029950639
BAD 967029950641
BAD 967033800223
BAD 966763938797
BAD 966763938799
BAD 967043835217
BAD 966694392409
BAD 966694392413
BAD 966695422673
BAD 966704687833
BAD 966932774267
BAD 966933326393
BAD 966933326399
BAD 966936624229
BAD 966936624233
BAD 966936624259
BAD 966936624271
BAD 966940705979
BAD 966940705981
BAD 966940705999
BAD 966940898863
BAD 966941338651
BAD 966941338663
BAD 966913416913
BAD 967004376739
BAD 967010571859
BAD 967011187333
BAD 967011187343
BAD 966988422373
BAD 967014036787
BAD 967016469347
BAD 966962861177
BAD 966966095003
BAD 966966095009
BAD 966971518631
BAD 966971518633
BAD 966972800267
BAD 966956098783
BAD 966960134599
BAD 966960134603
BAD 967096903711
BAD 967046564621
BAD 967107678487
BAD 967111123799
BAD 967111123801
BAD 967111123807
BAD 967080381331
BAD 967080381343
BAD 967066721197
BAD 967066931423
BAD 967088701531
BAD 967088701561
BAD 967088701567
BAD 967215901181
BAD 967177760111
BAD 967134111743
BAD 967123540583
BAD 967228487167
BAD 967230800971
BAD 967148200729
BAD 967151963663
BAD 967151963683
BAD 967162330529
BAD 967162330531
BAD 967234143079
BAD 967239341723
BAD 967298975063
BAD 967298975081
BAD 967303076119
BAD 967309576663
BAD 967249778063
BAD 967251387967
BAD 967252701029
BAD 967252701031
BAD 967296402473
BAD 967296402491
BAD 967296402493
BAD 967296402497
BAD 967263421139
BAD 967263421141
BAD 967263421153
BAD 967365720743
BAD 967365720751
BAD 967365720829
BAD 967369050611
BAD 967369050619
BAD 967369050623
BAD 967369050629
BAD 967369050631
BAD 967370246351
BAD 967420334941
BAD 967421884927
BAD 967429891891
BAD 967322966191
BAD 967350441833
BAD 967355209663
BAD 967360515917
BAD 967361240513
BAD 967518681541
BAD 967602718603
BAD 967602718627
BAD 967602718631
BAD 967602718633
BAD 967602718639
BAD 967619365501
BAD 967625577559
BAD 967613201189
BAD 967589795747
BAD 967589795749
BAD 967591009967
BAD 967591009969
BAD 967595407327
BAD 967595407333
BAD 967575054889
BAD 967559231713
BAD 967559231719
BAD 967577885479
BAD 967564147777
BAD 967511628203
BAD 967469923963
BAD 967472419699
BAD 967472793163
BAD 967641665467
BAD 967479182543
BAD 967464625891
BAD 967334810677
BAD 967341573703
BAD 967341573727
BAD 967344711979
BAD 967389948163
BAD 967391030759
BAD 967391030761
BAD 967674137249
BAD 967674137251
BAD 967678395137
BAD 967736171683
BAD 967736171687
BAD 967751010251
BAD 967733650049
BAD 967701592621
BAD 967707870617
BAD 967771667021
BAD 967773857321
BAD 967886777843
BAD 967886777849
BAD 967688149133
BAD 967688149159
BAD 967798590601
BAD 967798590607
BAD 967801262179
BAD 967695642637
BAD 967805823877
BAD 967959879893
BAD 967818943951
BAD 967818943961
BAD 967818943999
BAD 967818944003
BAD 967818944017
BAD 967821507979
BAD 967823529473
BAD 967823529529
BAD 967813523381
BAD 967903223333
BAD 967854057893
BAD 967854057901
BAD 967906301143
BAD 967906301147
BAD 967906301149
BAD 967926934069
BAD 967926934087
BAD 967927457677
BAD 967876283447
BAD 967876283503
BAD 967974933853
BAD 967974933857
BAD 967974933859
BAD 967878977137
BAD 967849888729
BAD 967940096633
BAD 967940096639
BAD 967942492201
BAD 967979867137
BAD 967979867149
BAD 968036933089
BAD 967755644473
BAD 967992124871
BAD 968063372629
BAD 968064991099
BAD 968065407721
BAD 968069436073
BAD 968069436077
BAD 968069436079
BAD 968069436083
BAD 968069436091
BAD 968031383993
BAD 968032360759
BAD 968141719513
BAD 968240518717
BAD 968240518723
BAD 968240518733
BAD 968240518741
BAD 968152940761
BAD 968317587007
BAD 968317587011
BAD 968317587023
BAD 968161585151
BAD 968162869313
BAD 968286479627
BAD 968457808763
BAD 968259518749
BAD 968260102349
BAD 968260102351
BAD 968260102393
BAD 968329202101
BAD 968268285163
BAD 968268285169
BAD 968125559273
BAD 968229630779
BAD 968375417987
BAD 968375684611
BAD 968375684629
BAD 968382897751
BAD 968382897761
BAD 968382897763
BAD 968382897767
BAD 968360496773
BAD 968346560063
BAD 968346560081
BAD 968348966953
BAD 968514762641
BAD 968518734751
BAD 968430940019
BAD 968430940021
BAD 968430940027
BAD 968393535973
BAD 968407745839
BAD 968410039159
BAD 968410039169
BAD 968410039171
BAD 968475679547
BAD 968419583723
BAD 968419583759
BAD 968481994729
BAD 968216217389
BAD 968216217391
BAD 968487205723
BAD 968487411847
BAD 968579046047
BAD 968579046049
BAD 968580133291
BAD 968566957459
BAD 968590109033
BAD 968590673279
BAD 968590673293
BAD 968571430837
BAD 968603217611
BAD 968603217613
BAD 968624861173
BAD 968624861213
BAD 968626550011
BAD 968617420091
BAD 968617619183
BAD 968683956007
BAD 968683956011
BAD 968683956013
BAD 968540457529
BAD 968542382903
BAD 968542382911
BAD 968552415013
BAD 968552642383
BAD 968553163031
BAD 968667194947
BAD 968667194951
BAD 968667194969
BAD 968708294017
BAD 968736824791
BAD 968736824827
BAD 968736824857
BAD 968737960523
BAD 968757999439
BAD 968931135313
BAD 968753563579
BAD 968771547791
BAD 968773415243
BAD 968697423301
BAD 968959202447
BAD 968799835583
BAD 968975274079
BAD 968975274083
BAD 969023752283
BAD 969023752331
BAD 969028425949
BAD 968987902789
BAD 968987902793
BAD 969030432883
BAD 969030432893
BAD 969030432899
BAD 969040891561
BAD 968912082059
BAD 969006292433
BAD 968917614571
BAD 968851769713
BAD 969086488793
BAD 968886328523
BAD 968889048013
BAD 968889048031
BAD 968871833401
BAD 968820922021
BAD 969061516639
BAD 969061516669
BAD 968824168951
BAD 968824168969
BAD 968824168999
BAD 968899669079
BAD 968899669081
BAD 969179920441
BAD 969179920447
BAD 969179920459
BAD 969179920463
BAD 969055569473
BAD 969095448091
BAD 969104233649
BAD 969104233651
BAD 969106023709
BAD 969127472801
BAD 969127472827
BAD 969137148449
BAD 969116609401
BAD 969116609407
BAD 969116609413
BAD 969116609431
BAD 969149563219
BAD 969158442983
BAD 969159950599
BAD 969247204733
BAD 969250545427
BAD 969311396461
BAD 969312815179
BAD 969286084343
BAD 969310695637
BAD 969329007923
BAD 969370581737
BAD 969194760019
BAD 969201707153
BAD 969209364083
BAD 969209364089
BAD 969494961187
BAD 969494961223
BAD 969494961299
BAD 969494961301
BAD 969454993813
BAD 969457021259
BAD 969457021261
BAD 969347151979
BAD 969355811569
BAD 969597141979
BAD 969502882811
BAD 969614143837
BAD 969614143843
BAD 969581186771
BAD 969581186773
BAD 969415034359
BAD 969415034363
BAD 969407837291
BAD 969537075863
BAD 969537075877
BAD 969651875077
BAD 969651875083
BAD 969422726771
BAD 969422726773
BAD 969693940547
BAD 969693940549
BAD 969579781613
BAD 969697414981
BAD 969697415119
BAD 969430435601
BAD 969430689481
BAD 969430689589
BAD 969430689593
BAD 969708705841
BAD 969433213883
BAD 969433213891
BAD 969710289649
BAD 969445003873
BAD 969473262151
BAD 969473262169
BAD 969753764569
BAD 969757268107
BAD 969757268119
BAD 969761494213
BAD 969761494223
BAD 969765112241
BAD 969733153241
BAD 969733153243
BAD 969738930151
BAD 969738930169
BAD 969738930179
BAD 969741883951
BAD 969784359077
BAD 969784359079
BAD 969790311173
BAD 969792377581
BAD 969900160429
BAD 969900160433
BAD 969910987963
BAD 969910987967
BAD 969910987973
BAD 969955409987
BAD 969955409989
BAD 969955410007
BAD 969955410049
BAD 969957060073
BAD 969939042539
BAD 969959389741
BAD 969959389753
BAD 969959389757
BAD 969959389759
BAD 969960776017
BAD 969961055389
BAD 969965440621
BAD 969829692457
BAD 969848421149
BAD 969848421151
BAD 969864756473
RANGE 960000000000 970000000000 PRIMES 362372154 BAD 1265
