BAD 610101601289
BAD 610387306021
BAD 610390077607
BAD 610390077613
BAD 610390077617
BAD 610187441881
BAD 610187441887
BAD 610119872143
BAD 610392840923
BAD 610392840929
BAD 610392840931
BAD 610394396179
BAD 610286269403
BAD 610124664931
BAD 610113346441
BAD 610398225007
BAD 610398674537
BAD 610398674539
BAD 610399178531
BAD 610399178533
BAD 610399178539
BAD 610128910739
BAD 610201028551
BAD 610037901337
BAD 610296179749
BAD 610296179761
BAD 610038365753
BAD 610045234093
BAD 610045234111
BAD 610045234133
BAD 610046404073
BAD 610046635579
BAD 610046635589
BAD 610046635591
BAD 610046765023
BAD 610047249439
BAD 610047249443
BAD 610049973109
BAD 610050090113
BAD 610050090119
BAD 610272988477
BAD 610273193713
BAD 610273193731
BAD 610278382381
BAD 610280524111
BAD 610151938247
BAD 610154906311
BAD 610157389663
BAD 610157848687
BAD 610302324581
BAD 610302324587
BAD 610158170759
BAD 610158170761
BAD 610158170779
BAD 610159167229
BAD 610159167271
BAD 610159706791
BAD 610162184003
BAD 610162731349
BAD 610075358279
BAD 610075358281
BAD 610163308057
BAD 610164548509
BAD 610310189059
BAD 610310189063
BAD 610084569533
BAD 610311616381
BAD 610056238381
BAD 610311936977
BAD 610311936979
BAD 610252278631
BAD 610088637713
BAD 610083609313
BAD 610083609319
BAD 610083609323
BAD 610083807373
BAD 610354243357
BAD 610317560183
BAD 610318221353
BAD 610201881301
BAD 610091816507
BAD 610091816513
BAD 610092206137
BAD 610093226881
BAD 610093226893
BAD 610064403857
BAD 610064403859
BAD 610064403863
BAD 610263874513
BAD 610263874523
BAD 610208011297
BAD 610264710577
BAD 610267180933
BAD 610213307401
BAD 610213307411
BAD 610213945519
BAD 610339595633
BAD 610324305827
BAD 610329887351
BAD 610329887353
BAD 610329887359
BAD 610331309909
BAD 610331309911
BAD 610218114329
BAD 610220651083
BAD 610220651099
BAD 610222794023
BAD 610222794031
BAD 610138865137
BAD 610234359127
BAD 610140314221
BAD 610017543943
BAD 610182094453
BAD 610369728019
BAD 610005011293
BAD 610005345493
BAD 610005811109
BAD 610005811111
BAD 610371567541
BAD 610184432581
BAD 610020645259
BAD 610376481167
BAD 610010349503
BAD 610010349527
BAD 610011362777
BAD 610381526399
BAD 610028995099
BAD 610236556157
BAD 610236556159
BAD 610382483071
BAD 610382926501
BAD 610383682717
BAD 610383682723
BAD 610383682729
BAD 610383709321
BAD 610385010203
BAD 610241818523
BAD 610245023027
BAD 610245112051
BAD 610246818241
BAD 610250445031
BAD 610250445047
BAD 610250445053
BAD 610250650741
BAD 610421214817
BAD 610402705879
BAD 610408075471
BAD 610409106173
BAD 610460352499
BAD 610463715233
BAD 610464809243
BAD 610510604833
BAD 610510605181
BAD 610513072121
BAD 610469149469
BAD 610519635361
BAD 610519635367
BAD 610440619237
BAD 610440619241
BAD 610441142527
BAD 610575902177
BAD 610554771313
BAD 610554771317
BAD 610554771319
BAD 610444807153
BAD 610581354203
BAD 610557222727
BAD 610557983137
BAD 610560343111
BAD 610609320137
BAD 610449460097
BAD 610449460099
BAD 610449460111
BAD 610611250309
BAD 610586279399
BAD 610563330373
BAD 610586739013
BAD 610565953939
BAD 610617915679
BAD 610617915683
BAD 610692454873
BAD 610700806913
BAD 610489086091
BAD 610489086107
BAD 610494500809
BAD 610495032887
BAD 610495032919
BAD 610496909651
BAD 610496909653
BAD 610499071379
BAD 610499071381
BAD 610483301321
BAD 610484533177
BAD 610672378033
BAD 610485925783
BAD 610587887123
BAD 610589547863
BAD 610590722437
BAD 610593283483
BAD 610593809569
BAD 610534450321
BAD 610640561633
BAD 610641779569
BAD 610600598213
BAD 610601210339
BAD 610601210341
BAD 610724649949
BAD 610724656363
BAD 610724656369
BAD 610724656403
BAD 610725736393
BAD 610650596209
BAD 610729339651
BAD 610729339663
BAD 610729339667
BAD 610729710089
BAD 610653914173
BAD 610653914179
BAD 610736630311
BAD 610630349333
BAD 610756406719
BAD 610539261817
BAD 610634228597
BAD 610634228599
BAD 610705371937
BAD 610760026651
BAD 610760026661
BAD 610760026663
BAD 610661877019
BAD 610707237953
BAD 610772942629
BAD 610760900689
BAD 610636494593
BAD 610636494623
BAD 610636494631
BAD 610794178097
BAD 610794178129
BAD 610776532033
BAD 610710935971
BAD 610667818393
BAD 610667818403
BAD 610739869573
BAD 610712266369
BAD 610739943287
BAD 610739943293
BAD 610799403923
BAD 610550059703
BAD 610742665399
BAD 610782933473
BAD 610767165751
BAD 610767165769
BAD 610786256467
BAD 610787748301
BAD 610788258893
BAD 610751691881
BAD 610751691883
BAD 610805364833
BAD 610809501121
BAD 610814061667
BAD 610814659933
BAD 610859131427
BAD 610859131429
BAD 610859131471
BAD 610863894107
BAD 610864173877
BAD 610864600403
BAD 610822895261
BAD 610866776053
BAD 610866776057
BAD 610824755663
BAD 610828805033
BAD 610830349939
BAD 610830349957
BAD 610833333623
BAD 610833828439
BAD 610912451887
BAD 610913560423
BAD 610838677879
BAD 610918518319
BAD 610918518323
BAD 610919463173
BAD 610927735309
BAD 610928141063
BAD 610932775403
BAD 610935175693
BAD 610895068673
BAD 611058211391
BAD 611058211409
BAD 611058211411
BAD 610876578383
BAD 610876578391
BAD 611061330463
BAD 611062553539
BAD 610904943241
BAD 610882460891
BAD 611065881721
BAD 610883296069
BAD 610887253861
BAD 610888024063
BAD 611072366461
BAD 611072366467
BAD 611072366483
BAD 611040758281
BAD 611040939661
BAD 611040939697
BAD 611040939701
BAD 611040939703
BAD 611044916011
BAD 611045981783
BAD 611048194321
BAD 611048218141
BAD 611024767621
BAD 611025039871
BAD 611025039881
BAD 611025387443
BAD 610840706953
BAD 611052123301
BAD 611052123307
BAD 611052212933
BAD 611028183907
BAD 611028183911
BAD 610989981989
BAD 610989981991
BAD 611029044169
BAD 610996061857
BAD 610849423669
BAD 610940000219
BAD 611035748273
BAD 610941790313
BAD 611037266171
BAD 611037266173
BAD 610854376501
BAD 610854376507
BAD 610947058129
BAD 610947135511
BAD 611005981021
BAD 610949645419
BAD 610950274219
BAD 610961528873
BAD 610964887073
BAD 611007102851
BAD 610970621251
BAD 610970841293
BAD 611191308139
BAD 611191756741
BAD 611011332823
BAD 611194153373
BAD 611194153379
BAD 611194153567
BAD 610980326951
BAD 610980326953
BAD 610980326963
BAD 611014347481
BAD 610982241223
BAD 610983078323
BAD 611197549043
BAD 610984391519
BAD 610984391533
BAD 610984391539
BAD 610984391543
BAD 610984997993
BAD 611125850821
BAD 611125850833
BAD 611127171841
BAD 611203909471
BAD 611107884403
BAD 611109618023
BAD 611111593777
BAD 611133404183
BAD 611133404201
BAD 611133404213
BAD 611207554459
BAD 611134661843
BAD 611134661849
BAD 611114214149
BAD 611115934789
BAD 611137702991
BAD 611137702993
BAD 611137755001
BAD 611076508333
BAD 611139086983
BAD 611139086989
BAD 611139086993
BAD 611140122623
BAD 611140245571
BAD 611120437117
BAD 611120437121
BAD 611120437129
BAD 611120437141
BAD 611149275797
BAD 611149275799
BAD 611154930949
BAD 611154930961
BAD 611177681357
BAD 611177681363
BAD 611179444609
BAD 611179977283
BAD 611091933953
BAD 611092529143
BAD 611187343999
BAD 611187344003
BAD 611187344011
BAD 611187344023
BAD 611097215653
BAD 611190573923
BAD 611173786133
BAD 611255545133
BAD 611279578603
BAD 611279578631
BAD 611279578643
BAD 611279578649
BAD 611287394701
BAD 611291131753
BAD 611291131757
BAD 611291325991
BAD 611259124681
BAD 611259124703
BAD 611259674761
BAD 611231110843
BAD 611231110849
BAD 611260917121
BAD 611260917151
BAD 611233282091
BAD 611235239453
BAD 611239028297
BAD 611239028299
BAD 611269363291
BAD 611337889207
BAD 611338080053
BAD 611341782283
BAD 611214202199
BAD 611214202201
BAD 611215776841
BAD 611216924443
BAD 611220878663
BAD 611222535061
BAD 611222946479
BAD 611223829253
BAD 611476442419
BAD 611313374159
BAD 611480579329
BAD 611482419113
BAD 611315090863
BAD 611497802107
BAD 611486211937
BAD 611500989709
BAD 611489748917
BAD 611489748923
BAD 611344457309
BAD 611378812193
BAD 611378812223
BAD 611346422059
BAD 611346464893
BAD 611348451361
BAD 611348451367
BAD 611383433831
BAD 611383433833
BAD 611383433839
BAD 611386719421
BAD 611396805343
BAD 611396805359
BAD 611355039073
BAD 611400187729
BAD 611400187733
BAD 611402207839
BAD 611565868261
BAD 611565868267
BAD 611565868271
BAD 611566942793
BAD 611566942843
BAD 611406042323
BAD 611569627411
BAD 611569949891
BAD 611569949897
BAD 611569949899
BAD 611409273367
BAD 611572575923
BAD 611573606251
BAD 611576898139
BAD 611531158423
BAD 611531158429
BAD 611511932833
BAD 611534580091
BAD 611512775527
BAD 611556766369
BAD 611523435683
BAD 611410853981
BAD 611410853983
BAD 611410853993
BAD 611411712427
BAD 611412724369
BAD 611413608293
BAD 611413608427
BAD 611413608439
BAD 611413608451
BAD 611415263029
BAD 611415263033
BAD 611415817879
BAD 611419795859
BAD 611424118927
BAD 611424668753
BAD 611424792893
BAD 611430868453
BAD 611430868463
BAD 611430881629
BAD 611433879403
BAD 611455177667
BAD 611455275713
BAD 611455376419
BAD 611455802653
BAD 611439189589
BAD 611458230391
BAD 611440607273
BAD 611441607619
BAD 611359998419
BAD 611359998421
BAD 611472295883
BAD 611472295891
BAD 611373632257
BAD 611581117759
BAD 611581117793
BAD 611581117801
BAD 611584172491
BAD 611586028021
BAD 611586028037
BAD 611586028043
BAD 611592962989
BAD 611617655251
BAD 611622570289
BAD 611624005387
BAD 611626248841
BAD 611632365653
BAD 611666985421
BAD 611666985443
BAD 611677601083
BAD 611657314043
BAD 611595014089
BAD 611595653197
BAD 611599505273
BAD 611600196989
BAD 611600196997
BAD 611678516203
BAD 611688836623
BAD 611688836663
BAD 611693418709
BAD 611693418731
BAD 611693418733
BAD 611765804239
BAD 611765804249
BAD 611695964179
BAD 611695964183
BAD 611770855519
BAD 611770855523
BAD 611699632801
BAD 611699674367
BAD 611773880153
BAD 611773880167
BAD 611703175519
BAD 611775886543
BAD 611777298787
BAD 611708924311
BAD 611729699963
BAD 611731056553
BAD 611733724517
BAD 611735178871
BAD 611735178961
BAD 611738990689
BAD 611743791091
BAD 611743791097
BAD 611749193551
BAD 611756545963
BAD 611715714829
BAD 611720894041
BAD 611720894047
BAD 611725178797
BAD 611725178809
BAD 611725178821
BAD 611779914847
BAD 611812297333
BAD 611783761651
BAD 611783815849
BAD 611783815859
BAD 611784704693
BAD 611784748039
BAD 611786814403
BAD 611791915627
BAD 611847361603
BAD 611848897213
BAD 611818882123
BAD 611818882127
BAD 611862420691
BAD 611821498837
BAD 611854261673
BAD 611824364009
BAD 611868374401
BAD 611879763431
BAD 611879763433
BAD 611871257873
BAD 611872559377
BAD 611874248767
BAD 611875410983
BAD 611884121447
BAD 611884121449
BAD 611878261573
BAD 611893200703
BAD 611801647999
BAD 611809389091
BAD 611835833051
BAD 611835833053
BAD 611933085503
BAD 611843659507
BAD 611843659513
BAD 611844070723
BAD 611844070727
BAD 611942644559
BAD 611942644561
BAD 611845106879
BAD 611845223861
BAD 611845223863
BAD 611943355883
BAD 611945188951
BAD 611945814653
BAD 611945814787
BAD 611990111573
BAD 611990111749
BAD 611990111753
BAD 611990542259
BAD 611949069713
BAD 611974480763
BAD 611923676747
BAD 611957209733
BAD 612017467591
BAD 611925164243
BAD 611925164251
BAD 611976627883
BAD 611977066249
BAD 611926630187
BAD 611926630213
BAD 611926630219
BAD 611926681489
BAD 611926681507
BAD 611926681511
BAD 611962646887
BAD 612048616103
BAD 612049856557
BAD 612049856569
BAD 612049856573
BAD 612052961101
BAD 612053483779
BAD 612031002707
BAD 612031002967
BAD 612058439011
BAD 612033238541
BAD 612033238543
BAD 612033250261
BAD 612059751943
BAD 612062659729
BAD 611999436571
BAD 612001914817
BAD 612007947833
BAD 612008464013
BAD 612009010859
BAD 612009010861
BAD 612072150779
BAD 612076804193
BAD 612081850069
BAD 612120112073
BAD 612120153443
BAD 612086915329
BAD 612086915357
BAD 612086915359
BAD 612087991183
BAD 612122785321
BAD 612124732433
BAD 612124732447
BAD 612128288879
BAD 612095483443
BAD 612098147761
BAD 612102281783
BAD 612104139349
BAD 612113025679
BAD 612113025683
BAD 612113025709
BAD 612131030659
BAD 612232795277
BAD 612232795283
BAD 612232869203
BAD 612141766219
BAD 612149308051
BAD 612144051919
BAD 612242028301
BAD 612242028313
BAD 612242028323
BAD 612146051003
BAD 612146051059
BAD 612146051071
BAD 612146139229
BAD 612153853081
BAD 612184371277
BAD 612169444441
BAD 612189734179
BAD 612189734183
BAD 612190227823
BAD 612190227827
BAD 612163843801
BAD 612221448337
BAD 612175539037
BAD 612176214721
BAD 612194903717
BAD 612224086093
BAD 612269303221
BAD 612269303227
BAD 612269303231
BAD 612269303257
BAD 612224283043
BAD 612224283049
BAD 612271981969
BAD 612271981973
BAD 612180623893
BAD 612229148017
BAD 612229148021
BAD 612277687969
BAD 612280275731
BAD 612260751779
BAD 612260814953
BAD 612198793169
BAD 612198793181
BAD 612286768747
BAD 612200351029
BAD 612203883143
BAD 612203883149
BAD 612205464853
BAD 612208236067
BAD 612209508167
BAD 612213983093
BAD 612213983099
BAD 612318952939
BAD 612318952943
BAD 612320355659
BAD 612321072733
BAD 612324105881
BAD 612324105893
BAD 612324197231
BAD 612325738699
BAD 612326845853
BAD 612326845919
BAD 612328898039
BAD 612303204001
BAD 612304427773
BAD 612332037701
BAD 612332037703
BAD 612307933319
BAD 612333894103
BAD 612383192011
BAD 612343152329
BAD 612343152331
BAD 612395784283
BAD 612366851153
BAD 612412479089
BAD 612412479101
BAD 612412479103
BAD 612377457323
BAD 612381742223
BAD 612382279079
BAD 612382279081
BAD 612382279099
BAD 612450321193
BAD 612450321199
BAD 612456029659
BAD 612456029671
BAD 612456029677
BAD 612458499319
BAD 612461125373
BAD 612355250477
BAD 612365049661
BAD 612434482427
BAD 612435195343
BAD 612437692519
BAD 612469801961
BAD 612473649817
BAD 612521024911
BAD 612522147173
BAD 612446372543
BAD 612523376071
BAD 612447215857
BAD 612448469629
BAD 612480773257
BAD 612480773263
BAD 612523882309
BAD 612483644029
BAD 612485016743
BAD 612485482261
BAD 612485482267
BAD 612486445717
BAD 612489246011
BAD 612489246013
BAD 612493767107
BAD 612499974739
BAD 612503684363
BAD 612504637909
BAD 612506149351
BAD 612508717663
BAD 612509503843
BAD 612509503847
BAD 612509503849
BAD 612589253093
BAD 612590688077
BAD 612590688079
BAD 612593427079
BAD 612574238839
BAD 612542637859
BAD 612544244539
BAD 612577861969
BAD 612578039573
BAD 612625167509
BAD 612548031307
BAD 612579932639
BAD 612579932641
BAD 612628227487
BAD 612549881183
BAD 612631289707
BAD 612633533227
BAD 612633533231
BAD 612633533233
BAD 612552936019
BAD 612552936043
BAD 612552936049
BAD 612654713521
BAD 612654713563
BAD 612556228267
BAD 612661847411
BAD 612561325399
BAD 612561325403
BAD 612561325433
BAD 612664523993
BAD 612664986529
BAD 612673211251
BAD 612565418813
BAD 612565418821
BAD 612566033881
BAD 612566582743
BAD 612566582753
BAD 612676165853
BAD 612676914803
BAD 612676914827
BAD 612676914841
BAD 612677930419
BAD 612608458127
BAD 612608458129
BAD 612682367629
BAD 612683243743
BAD 612611918537
BAD 612611918539
BAD 612613203913
BAD 612635670971
BAD 612635670973
BAD 612615822529
BAD 612615822547
BAD 612637461757
BAD 612637461773
BAD 612638089831
BAD 612638089859
BAD 612650090141
BAD 612699259411
BAD 612755137957
BAD 612755688533
BAD 612738957757
BAD 612740647531
BAD 612785536943
BAD 612743773247
BAD 612743773249
BAD 612743773253
BAD 612743773259
BAD 612743773261
BAD 612743773267
BAD 612788564599
BAD 612788564603
BAD 612765498539
BAD 612765808199
BAD 612765808201
BAD 612765808241
BAD 612765808243
BAD 612750419269
BAD 612750419279
BAD 612750419297
BAD 612794637227
BAD 612797578903
BAD 612797578909
BAD 612801484753
BAD 612801484759
BAD 612719192893
BAD 612719192903
BAD 612719192909
BAD 612720697559
BAD 612724129613
BAD 612724245017
BAD 612724245019
BAD 612702560867
BAD 612704636153
BAD 612728398441
BAD 612707312641
BAD 612708575221
BAD 612802366681
BAD 612731844877
BAD 612710637829
BAD 612710953123
BAD 612710953139
BAD 612712900043
BAD 612810643073
BAD 612836238503
BAD 612839281009
BAD 612841459627
BAD 612841968259
BAD 612842072111
BAD 612842072113
BAD 612824408363
BAD 612824408369
BAD 612844172719
BAD 612825148699
BAD 612844850903
BAD 612844850911
BAD 612826181993
BAD 612829526963
BAD 612850969433
BAD 612832768663
BAD 612852166733
BAD 612866499043
BAD 612902960759
BAD 612902960869
BAD 612906842021
BAD 612909846931
BAD 612918482731
BAD 612918482741
BAD 612886879897
BAD 612893454263
BAD 612896788897
BAD 612896788967
BAD 612896788969
BAD 612869173463
BAD 612869173493
BAD 612877380911
BAD 612879702121
BAD 612879702137
BAD 612879702139
BAD 612879702143
BAD 612884342689
BAD 612921346537
BAD 612921346673
BAD 612924000893
BAD 612928393339
BAD 612940209811
BAD 612940209839
BAD 612940209841
BAD 612943525463
BAD 612945650747
BAD 612951596093
BAD 613063483609
BAD 613065472073
BAD 612987348403
BAD 613121354707
BAD 613121354711
BAD 613121354717
BAD 613121354719
BAD 613121354743
BAD 613121354779
BAD 613189814311
BAD 613121811307
BAD 613004104369
BAD 613004104373
BAD 612994822129
BAD 613004217809
BAD 613004217811
BAD 613124157983
BAD 613124825149
BAD 613036807787
BAD 612999733103
BAD 612999835939
BAD 613039396447
BAD 613010973163
BAD 613010973167
BAD 613040659633
BAD 613131691163
BAD 613200421879
BAD 613200551347
BAD 613014403741
BAD 613014403747
BAD 613134627503
BAD 613017076757
BAD 613017076759
BAD 613045033897
BAD 613045033901
BAD 613045033903
BAD 613203956809
BAD 613018153883
BAD 613046995909
BAD 613048053413
BAD 613095648331
BAD 613100847211
BAD 613174122181
BAD 613174122203
BAD 613175229679
BAD 613175229683
BAD 613143393053
BAD 613143393073
BAD 613143393077
BAD 613182605747
BAD 613275304517
BAD 613150152259
BAD 613241254189
BAD 613241254193
BAD 613243565251
BAD 612954383647
BAD 613225828133
BAD 613225828139
BAD 613286275073
BAD 613286275087
BAD 613286275093
BAD 612971093179
BAD 612971093183
BAD 613256774329
BAD 613227309361
BAD 612957473509
BAD 612957473543
BAD 613211067769
BAD 613211067773
BAD 613074426799
BAD 613211519471
BAD 613228646213
BAD 612975150317
BAD 612960682577
BAD 613020237689
BAD 613020237691
BAD 613213804447
BAD 613213804451
BAD 613213804453
BAD 613215360091
BAD 613215553609
BAD 613216521403
BAD 613216521409
BAD 613216521413
BAD 613216521419
BAD 613023126517
BAD 613023126523
BAD 613263999479
BAD 613263999497
BAD 612964575383
BAD 612964865551
BAD 612965249473
BAD 613081550449
BAD 613266082907
BAD 613266082909
BAD 613108937477
BAD 613108937479
BAD 613027180201
BAD 613308725483
BAD 613084031737
BAD 613158910433
BAD 613268562433
BAD 613236890003
BAD 613236890009
BAD 613236890011
BAD 613269852829
BAD 613270235387
BAD 613320197453
BAD 613698712531
BAD 613700796503
BAD 613702694191
BAD 613703537701
BAD 613292920343
BAD 613433659879
BAD 613436385253
BAD 613372280041
BAD 613350660653
BAD 613351842643
BAD 613351842647
BAD 613352043503
BAD 613375644859
BAD 613352706601
BAD 613353306143
BAD 613378628197
BAD 613412139181
BAD 613542031507
BAD 613543934933
BAD 613543934959
BAD 613543934963
BAD 613382852377
BAD 613415470477
BAD 613418059469
BAD 613418059487
BAD 613418059489
BAD 613418059493
BAD 613548988909
BAD 613549039403
BAD 613627731659
BAD 613323902203
BAD 613631425579
BAD 613327236751
BAD 613327236757
BAD 613709588431
BAD 613709588447
BAD 613709588449
BAD 613709588461
BAD 613709588467
BAD 613633435013
BAD 613635229499
BAD 613331227819
BAD 613441223149
BAD 613445684821
BAD 613445684827
BAD 613335378269
BAD 613335378301
BAD 613335490463
BAD 613448397901
BAD 613449201109
BAD 613450384933
BAD 613455590273
BAD 613590831739
BAD 613590831743
BAD 613558754833
BAD 613559213041
BAD 613566479089
BAD 613567729609
BAD 613500528833
BAD 613602299543
BAD 613602299567
BAD 613605989483
BAD 613606436119
BAD 613606482763
BAD 613606482773
BAD 613512357439
BAD 613517916797
BAD 613518728653
BAD 613518728663
BAD 613672651807
BAD 613673445929
BAD 613673942201
BAD 613640948381
BAD 613576192399
BAD 613576192403
BAD 613618930921
BAD 613528239517
BAD 613528239529
BAD 613619704583
BAD 613587516473
BAD 613587516481
BAD 613587516511
BAD 613587516517
BAD 613534728077
BAD 613534728083
BAD 613479623741
BAD 613479623767
BAD 613480081867
BAD 613480081871
BAD 613480081873
BAD 613480081883
BAD 613537265533
BAD 613537476553
BAD 613481186933
BAD 613674425957
BAD 613488117589
BAD 613355650979
BAD 613355650981
BAD 613355650993
BAD 613355650997
BAD 613356666817
BAD 613684606547
BAD 613361709991
BAD 613361710001
BAD 613361832637
BAD 613395889291
BAD 613395889297
BAD 613395889321
BAD 613397965487
BAD 613397965489
BAD 613398416723
BAD 613366417073
BAD 613690240069
BAD 613403133631
BAD 613404347629
BAD 613370755609
BAD 613371079157
BAD 613371079159
BAD 613470588617
BAD 613732123531
BAD 613732458811
BAD 613732458817
BAD 613737319717
BAD 613737319729
BAD 613737319759
BAD 613808602009
BAD 613808602013
BAD 613808602019
BAD 613829078873
BAD 613829152697
BAD 613829152843
BAD 613792365917
BAD 613792365919
BAD 613831929983
BAD 613796556601
BAD 613880885213
BAD 613816857713
BAD 613881309347
BAD 613787153159
BAD 613787153167
BAD 613798450259
BAD 613790909639
BAD 613836045469
BAD 613800131473
BAD 613887269971
BAD 613889804329
BAD 613807152589
BAD 613807152593
BAD 613807152619
BAD 613807152631
BAD 613860184723
BAD 613860184739
BAD 613863265987
BAD 613863265999
BAD 613868721049
BAD 613870948021
BAD 613960166213
BAD 613914786613
BAD 613759647989
BAD 613943797351
BAD 613893311971
BAD 613918575229
BAD 613918575233
BAD 613920183901
BAD 613897074053
BAD 613851368993
BAD 613949332343
BAD 613949332369
BAD 613923299701
BAD 613925461621
BAD 613855987637
BAD 613929220591
BAD 613929220609
BAD 613929320033
BAD 613857399809
BAD 613858026589
BAD 613904151277
BAD 613773609037
BAD 613773609041
BAD 613936780231
BAD 613938015829
BAD 613938015833
BAD 613975227083
BAD 613741778761
BAD 613741778773
BAD 613741778779
BAD 613743386213
BAD 613743386233
BAD 613743386237
BAD 613749214307
BAD 613750256543
BAD 613751440517
BAD 613751440529
BAD 613751440531
BAD 613751440537
BAD 613751440553
BAD 613751440559
BAD 613751440573
BAD 613753022959
BAD 613753022963
BAD 613981246609
BAD 613753826557
BAD 613754913719
BAD 613754913721
BAD 613755447979
BAD 613984288639
BAD 613994540707
BAD 613994540711
BAD 613994540713
BAD 613755812387
BAD 613755812389
BAD 613755812393
BAD 613756392241
BAD 613757495699
BAD 613988665261
BAD 613989371257
BAD 613998148459
BAD 614001716269
BAD 614004219949
BAD 614004219953
BAD 614005935707
BAD 614007929861
BAD 614007929863
BAD 614045602013
BAD 614049044473
BAD 614055448933
BAD 614056464037
BAD 614102171237
BAD 614102171239
BAD 614102635343
BAD 614060054207
BAD 614108810017
BAD 614011396811
BAD 614011396813
BAD 614011396819
BAD 614016321683
BAD 614016321707
BAD 614071153547
BAD 614074449151
BAD 614021187641
BAD 614075672813
BAD 614075672827
BAD 614081187079
BAD 614076426151
BAD 614022559043
BAD 614023985059
BAD 614023985063
BAD 614023985111
BAD 614024404843
BAD 614025370577
BAD 614085848359
BAD 614086243943
BAD 614087080433
BAD 614087365279
BAD 614087963233
BAD 614090547823
BAD 614090547859
BAD 614112589333
BAD 614113562123
BAD 614113562129
BAD 614116571129
BAD 614117648117
BAD 614117648119
BAD 614118543991
BAD 614118544007
BAD 614118544009
BAD 614120537309
BAD 614120537311
BAD 614122287481
BAD 614123345629
BAD 614124415427
BAD 614026674887
BAD 614032560301
BAD 614040092011
BAD 614041424671
BAD 614041852189
BAD 614041852231
BAD 614179219631
BAD 614179728353
BAD 614179728521
BAD 614179728523
BAD 614179728527
BAD 614182768223
BAD 614183171783
BAD 614185047887
BAD 614187476059
BAD 614162802997
BAD 614162803003
BAD 614162880371
BAD 614162880391
BAD 614216940739
BAD 614218958767
BAD 614223217669
BAD 614174438929
BAD 614336416091
BAD 614336416093
BAD 614226873361
BAD 614175809603
BAD 614338617349
BAD 614338617353
BAD 614338807361
BAD 614338807363
BAD 614370548461
BAD 614373549091
BAD 614375685113
BAD 614375717573
BAD 614386415549
BAD 614386415551
BAD 614386763033
BAD 614392103713
BAD 614396762033
BAD 614396762071
BAD 614394405649
BAD 614397916991
BAD 614398640917
BAD 614399238421
BAD 614402928079
BAD 614407944833
BAD 614407944841
BAD 614407944859
BAD 614407944863
BAD 614407944869
BAD 614407944877
BAD 614407944901
BAD 614408578471
BAD 614278850327
BAD 614278850329
BAD 614200197607
BAD 614284405193
BAD 614130157087
BAD 614318803249
BAD 614318803253
BAD 614287637087
BAD 614287637101
BAD 614287637107
BAD 614131768441
BAD 614131768447
BAD 614205982501
BAD 614290611323
BAD 614135260259
BAD 614135260261
BAD 614135260313
BAD 614135419253
BAD 614326597783
BAD 614327776021
BAD 614327776037
BAD 614327776039
BAD 614138448043
BAD 614138448073
BAD 614138448107
BAD 614140709467
BAD 614140709473
BAD 614140709491
BAD 614229718549
BAD 614145710723
BAD 614149269301
BAD 614149477087
BAD 614152456579
BAD 614299633771
BAD 614350782839
BAD 614237834407
BAD 614155914571
BAD 614304327113
BAD 614353451461
BAD 614157888137
BAD 614157888139
BAD 614306116973
BAD 614159108543
BAD 614159606449
BAD 614159606453
BAD 614159606461
BAD 614355536761
BAD 614243540851
BAD 614257733423
BAD 614259005603
BAD 614259005617
BAD 614446818361
BAD 614433358463
BAD 614446984553
BAD 614446984561
BAD 614433600769
BAD 614435290463
BAD 614452975711
BAD 614458008583
BAD 614458341811
BAD 614445879907
BAD 614445879919
BAD 614445879923
BAD 614424830533
BAD 614425613341
BAD 614464115207
BAD 614465053403
BAD 614465053439
BAD 614482466813
BAD 614482466821
BAD 614483135221
BAD 614483142137
BAD 614485010879
BAD 614470203959
BAD 614470203961
BAD 614491488683
BAD 614492663431
BAD 614494821049
BAD 614512592293
BAD 614580284083
BAD 614581326559
BAD 614581504919
BAD 614581504921
BAD 614586966263
BAD 614587814123
BAD 614564666627
BAD 614589283271
BAD 614589283291
BAD 614569123193
BAD 614571360133
BAD 614541279307
BAD 614541279329
BAD 614620363177
BAD 614574268069
BAD 614574268103
BAD 614574268111
BAD 614574268117
BAD 614596029713
BAD 614576177753
BAD 614576177759
BAD 614596959343
BAD 614625529561
BAD 614625529579
BAD 614630111119
BAD 614603506171
BAD 614603923471
BAD 614607362297
BAD 614608059679
BAD 614608059683
BAD 614609256139
BAD 614609256143
BAD 614611801763
BAD 614612629403
BAD 614513148143
BAD 614516233663
BAD 614519889569
BAD 614520418667
BAD 614520418669
BAD 614525564209
BAD 614525982709
BAD 614525982713
BAD 614635553971
BAD 614639584891
BAD 614669351987
BAD 614720425063
BAD 614642140837
BAD 614642313319
BAD 614642313323
BAD 614642313331
BAD 614643739429
BAD 614643739433
BAD 614675001121
BAD 614651284477
BAD 614651284483
BAD 614676530683
BAD 614728075783
BAD 614678526811
BAD 614653833769
BAD 614699640649
BAD 614655497791
BAD 614705115511
BAD 614705115517
BAD 614658763139
BAD 614658763141
BAD 614682839503
BAD 614682839509
BAD 614708528513
BAD 614684773771
BAD 614661801563
BAD 614710588873
BAD 614686135177
BAD 614686885199
BAD 614686885201
BAD 614686885223
BAD 614712119251
BAD 614691147113
BAD 614696416967
BAD 614696959073
BAD 614748278723
BAD 614841521579
BAD 614753371853
BAD 614753874703
BAD 614765563003
BAD 614756602763
BAD 614766594931
BAD 614771422729
BAD 614760125053
BAD 614760125059
BAD 614775629359
BAD 614737864583
BAD 614777975303
BAD 614777975309
BAD 614777975311
BAD 614777975323
BAD 614778279233
BAD 614778279239
BAD 614739762127
BAD 614816335597
BAD 614747144317
BAD 614800467121
BAD 614800467131
BAD 614795119493
BAD 614809042579
BAD 614811113689
BAD 614889093383
BAD 614889093389
BAD 614889093391
BAD 614906868803
BAD 614909868743
BAD 614915550607
BAD 614865982513
BAD 614868348229
BAD 614868348233
BAD 614872288763
BAD 614877604241
BAD 614879420737
BAD 614880201721
BAD 614850364813
BAD 614850364819
BAD 614852452549
BAD 614852452553
BAD 614852452609
BAD 614856151717
BAD 614856261083
BAD 614856261101
BAD 614859581789
BAD 614860096373
BAD 614864206219
BAD 615004529423
BAD 614945324183
BAD 614945324197
BAD 615011984863
BAD 615011984879
BAD 615011984887
BAD 614992116049
BAD 614954354491
BAD 614993714917
BAD 614956394329
BAD 614996624917
BAD 614960365211
BAD 614961471301
BAD 614963705053
BAD 614964795353
BAD 614966009761
BAD 614917712267
BAD 614917712291
BAD 614917712359
BAD 614919521791
BAD 615017499979
BAD 615018818683
BAD 614969195693
BAD 614969195723
BAD 615020480029
BAD 615023006771
BAD 614974552639
BAD 615024133657
BAD 615024339133
BAD 614978754241
BAD 614980124039
BAD 614981306461
BAD 615055984183
BAD 615067885321
BAD 615061806077
BAD 615063902779
BAD 615063902801
BAD 615064673071
BAD 615064673077
BAD 615064673087
BAD 615064673089
BAD 615066353747
BAD 615066353749
BAD 615072899411
BAD 615075374281
BAD 615083765773
BAD 615087159593
BAD 615087193967
BAD 615087193969
BAD 615126851947
BAD 615126851957
BAD 615126851959
BAD 615099494899
BAD 615129112519
BAD 615131164243
BAD 615131164247
BAD 615137030483
BAD 615137561513
BAD 615217922629
BAD 615140241913
BAD 615140241917
BAD 615219714763
BAD 615225147547
BAD 615225932491
BAD 615146153339
BAD 615146153341
BAD 615146476531
BAD 615230230009
BAD 615231913553
BAD 615231913577
BAD 615231913579
BAD 615149512597
BAD 615202278709
BAD 615202278751
BAD 615205795741
BAD 615205795759
BAD 615205795783
BAD 615206187901
BAD 615206821381
BAD 615210419191
BAD 615039711991
BAD 615039950257
BAD 615214314653
BAD 615214350239
BAD 615214350241
BAD 615043425443
BAD 615044832289
BAD 615045811703
BAD 615045811711
BAD 615107259673
BAD 615107259691
BAD 615049163933
BAD 615108508507
BAD 615185340149
BAD 615112198489
BAD 615112198499
BAD 615112198501
BAD 615154071743
BAD 615156051493
BAD 615156051511
BAD 615192320663
BAD 615192911393
BAD 615159499993
BAD 615160616461
BAD 615161408969
BAD 615161408971
BAD 615161408977
BAD 615166212571
BAD 615182309701
BAD 615238673353
BAD 615238673359
BAD 615238673363
BAD 615240358039
BAD 615240358043
BAD 615241435903
BAD 615245148503
BAD 615247735909
BAD 615253260751
BAD 615266487029
BAD 615288001927
BAD 615289298401
BAD 615293767703
BAD 615295917289
BAD 615268652423
BAD 615271439837
BAD 615271439843
BAD 615271439857
BAD 615300048229
BAD 615301024463
BAD 615273646733
BAD 615274186781
BAD 615274186783
BAD 615274186789
BAD 615276237559
BAD 615276767533
BAD 615276767537
BAD 615277707727
BAD 615282868643
BAD 615323221637
BAD 615353667637
BAD 615327872191
BAD 615354086849
BAD 615356539409
BAD 615356539411
BAD 615359046901
BAD 615332479159
BAD 615351475621
BAD 615333919693
BAD 615372982691
BAD 615372982729
BAD 615361565747
BAD 615334251937
BAD 615372982759
BAD 615334251941
BAD 615334251943
BAD 615373120493
BAD 615373120517
BAD 615373120519
BAD 615373120573
BAD 615373120577
BAD 615362017273
BAD 615362017279
BAD 615374392483
BAD 615363351571
BAD 615363351583
BAD 615366314047
BAD 615366314071
BAD 615383424451
BAD 615383424457
BAD 615383424463
BAD 615383424499
BAD 615383424503
BAD 615402474563
BAD 615419132063
BAD 615403996729
BAD 615302707343
BAD 615422051977
BAD 615305827849
BAD 615307816969
BAD 615307911247
BAD 615429490639
BAD 615430227383
BAD 615430378669
BAD 615412108849
BAD 615312165271
BAD 615315699367
BAD 615435442441
BAD 615435465649
BAD 615315962869
BAD 615315962879
BAD 615315962881
BAD 615453065753
BAD 615455035759
BAD 615436951631
BAD 615487445627
BAD 615487445633
BAD 615487445641
BAD 615487445647
BAD 615487771411
BAD 615487771543
BAD 615448453097
BAD 615448453099
BAD 615449268461
BAD 615449268463
BAD 615492832063
BAD 615450652309
BAD 615450652321
BAD 615493513307
BAD 615493513309
BAD 615451953383
BAD 615495366593
BAD 615499642231
BAD 615499642237
BAD 615471156409
BAD 615471723883
BAD 615475075433
BAD 615506222899
BAD 615508268629
BAD 615509659327
BAD 615513517733
BAD 615520792793
BAD 615525705653
BAD 615530672639
BAD 615530672641
BAD 615530672671
BAD 615534478919
BAD 615534478921
BAD 615536409667
BAD 615561947281
BAD 615589344683
BAD 615589621379
BAD 615589621411
BAD 615590121589
BAD 615591331717
BAD 615569543401
BAD 615597904151
BAD 615597904153
BAD 615598944307
BAD 615601264567
BAD 615601264571
BAD 615601264573
BAD 615603160409
BAD 615603160411
BAD 615603160493
BAD 615603160499
BAD 615538860823
BAD 615539793727
BAD 615539793733
BAD 615540557147
BAD 615546104401
BAD 615546104423
BAD 615548183821
BAD 615552932933
BAD 615608567293
BAD 615608567303
BAD 615611505841
BAD 615572121341
BAD 615614325253
BAD 615617721247
BAD 615617721269
BAD 615633345889
BAD 615634351973
BAD 615585248431
BAD 615650615557
BAD 615654189793
BAD 615661829851
BAD 615663089731
BAD 615663089737
BAD 615664547299
BAD 615722406787
BAD 615728242757
BAD 615705238727
BAD 615717022099
BAD 615747632173
BAD 615840118753
BAD 615840118757
BAD 615840118759
BAD 615840118769
BAD 615840118771
BAD 615840118781
BAD 615845634031
BAD 615807329047
BAD 615807329051
BAD 615851042201
BAD 615809417291
BAD 615873471397
BAD 615874067873
BAD 615874598071
BAD 615874598077
BAD 615874598081
BAD 615874598083
BAD 615876939637
BAD 615876939683
BAD 615887049871
BAD 615672550859
BAD 615672550861
BAD 615689317519
BAD 615689317531
BAD 615690098587
BAD 615690098599
BAD 615690098603
BAD 615690098609
BAD 615774179201
BAD 615774179203
BAD 615681685547
BAD 615776753993
BAD 615789337259
BAD 615777250853
BAD 615777250861
BAD 615790040059
BAD 615790080019
BAD 615782781337
BAD 615783207901
BAD 615694035049
BAD 615784032529
BAD 615860626219
BAD 615862147871
BAD 615796378261
BAD 615796378303
BAD 615694159159
BAD 615862760749
BAD 615862760753
BAD 615786222869
BAD 615786222871
BAD 615696005317
BAD 615786944833
BAD 615800311853
BAD 615800311879
BAD 615803140973
BAD 615803141003
BAD 615803141021
BAD 615702723737
BAD 615702723739
BAD 615763937011
BAD 615891031669
BAD 615768832753
BAD 615829342753
BAD 615829342783
BAD 615829342813
BAD 615893119489
BAD 615893159599
BAD 615829979801
BAD 615829979803
BAD 615893595211
BAD 615894977699
BAD 615894977701
BAD 615834044479
BAD 615897827581
BAD 615836682133
BAD 615903516703
BAD 615904303169
BAD 615905856571
BAD 615908777299
BAD 615912116453
BAD 615912116471
BAD 615912116473
BAD 615916818089
BAD 615916818091
BAD 615916818107
BAD 615919434787
BAD 615921567241
BAD 615921866009
BAD 615921866011
BAD 615925158749
BAD 615928152253
BAD 615928152283
BAD 615928880327
BAD 615928880339
BAD 615928880341
BAD 615931470277
BAD 615932150969
BAD 615932491813
BAD 615934477801
BAD 615934477819
BAD 615934477831
BAD 615940413097
BAD 615943227413
BAD 615947559053
BAD 615950281249
BAD 615950281267
BAD 615950281273
BAD 615951298513
BAD 615952446763
BAD 615958060063
BAD 615958955387
BAD 615958955389
BAD 615959048563
BAD 615959048569
BAD 615959272099
BAD 615966380881
BAD 615966380893
BAD 615971756149
BAD 615985360073
BAD 615986000753
BAD 615987981403
BAD 616041971543
BAD 616041971549
BAD 616052541931
BAD 616031045053
BAD 616031045057
BAD 616031045059
BAD 616063999157
BAD 616035481079
BAD 616035481081
BAD 616007146679
BAD 616007146681
BAD 616007665073
BAD 616010911973
BAD 616014806881
BAD 616017550303
BAD 616017550307
BAD 615989792659
BAD 616001392231
BAD 616079137291
BAD 616127034473
BAD 616127034493
BAD 616102279381
BAD 616080602653
BAD 616080602659
BAD 616128988157
BAD 616128988159
BAD 616130121469
BAD 616105322831
BAD 616133108603
BAD 616088356073
BAD 616088356097
BAD 616088356099
BAD 616136420287
BAD 616137120133
BAD 616137381863
BAD 616108769893
BAD 616109985031
BAD 616110374221
BAD 616112433529
BAD 616145409793
BAD 616145409797
BAD 616145409799
BAD 616146051793
BAD 616146051797
BAD 616115532511
BAD 616116052271
BAD 616116052273
BAD 616148901793
BAD 616148901803
BAD 616149225163
BAD 616149225169
BAD 616118363563
BAD 616118363569
BAD 616118650523
BAD 616118650529
BAD 616118650531
BAD 616119067873
BAD 616119067877
BAD 616151970997
BAD 616152443693
BAD 616121923531
BAD 616224528019
BAD 616154651251
BAD 616154651261
BAD 616154651263
BAD 616154651269
BAD 616154789717
BAD 616154789737
BAD 616227762617
BAD 616228766159
BAD 616228766161
BAD 616233500959
BAD 616238661229
BAD 616238661239
BAD 616238661361
BAD 616238835293
BAD 616238864183
BAD 616238864191
BAD 616239333289
BAD 616163390501
BAD 616163390503
BAD 616163390509
BAD 616163390519
BAD 616165336273
BAD 616292125879
BAD 616172917231
BAD 616172917237
BAD 616209736003
BAD 616210012207
BAD 616210652489
BAD 616198185367
BAD 616213920473
BAD 616213920479
BAD 616213920481
BAD 616301219333
BAD 616301219341
BAD 616214530523
BAD 616214530531
BAD 616302523313
BAD 616205001499
BAD 616311031339
BAD 616175057237
BAD 616258697573
BAD 616258697627
BAD 616258697629
BAD 616179104557
BAD 616276276853
BAD 616277929391
BAD 616277929403
BAD 616277929411
BAD 616278248701
BAD 616268593627
BAD 616268990809
BAD 616186212559
BAD 616186212601
BAD 616271481533
BAD 616189532183
BAD 616287438917
BAD 616287438919
BAD 616289608013
BAD 616243887863
BAD 616246666271
BAD 616254344513
BAD 616256402569
BAD 616256402581
BAD 616327851353
BAD 616328341823
BAD 616330740043
BAD 616330740049
BAD 616338438187
BAD 616338472703
BAD 616392383869
BAD 616392383911
BAD 616392672487
BAD 616366483069
BAD 616366483079
BAD 616366483081
BAD 616367556263
BAD 616368432733
BAD 616373476309
BAD 616404849979
BAD 616378598839
BAD 616378598881
BAD 616345042373
BAD 616345191971
BAD 616350625613
BAD 616351364033
BAD 616385378909
BAD 616353972281
BAD 616356298483
BAD 616356298487
BAD 616356298489
BAD 616391023673
BAD 616446522203
BAD 616452231869
BAD 616454173039
BAD 616410032233
BAD 616410032267
BAD 616410032269
BAD 616410032279
BAD 616410032281
BAD 616426750427
BAD 616427076127
BAD 616411242091
BAD 616427781811
BAD 616411882777
BAD 616411882781
BAD 616411882783
BAD 616415748889
BAD 616417357429
BAD 616418800489
BAD 616419118477
BAD 616419118493
BAD 616419118501
BAD 616439425897
BAD 616439425913
BAD 616459580431
BAD 616465067263
BAD 616465377239
BAD 616468292117
BAD 616468292161
BAD 616474880809
BAD 616474880839
BAD 616496031917
BAD 616496031919
BAD 616498121543
BAD 616476903023
BAD 616500232471
BAD 616500232477
BAD 616480229513
BAD 616481818259
BAD 616481818261
BAD 616528298093
BAD 616528298101
BAD 616528298107
BAD 616530587531
BAD 616511471977
BAD 616511471993
BAD 616513085483
BAD 616513967987
BAD 616513967989
BAD 616561103021
BAD 616521104011
BAD 616523616959
BAD 616541662663
BAD 616524089989
BAD 616578248653
BAD 616578248659
BAD 616569213863
BAD 616581736163
BAD 616581736187
BAD 616581736189
BAD 616581736219
BAD 616581748073
BAD 616581748087
BAD 616586001079
BAD 616586071069
BAD 616586533967
BAD 616586533973
BAD 616588994149
BAD 616595981717
BAD 616595981719
BAD 616545320947
BAD 616545320953
BAD 616545320959
BAD 616546557337
BAD 616546557343
BAD 616546735927
BAD 616620527987
BAD 616550588909
BAD 616550588911
BAD 616609519943
BAD 616623741343
BAD 616554925543
BAD 616554925627
BAD 616554925711
BAD 616556106217
BAD 616556106227
BAD 616556106263
BAD 616558427603
BAD 616558427609
BAD 616558427629
BAD 616635292859
BAD 616639757101
BAD 616641618631
BAD 616647598493
BAD 616649036881
BAD 616653651371
BAD 616653651379
BAD 616699994401
BAD 616706462773
BAD 616707246403
BAD 616707246409
BAD 616709960887
BAD 616682116213
BAD 616682116241
BAD 616682249333
BAD 616684496033
BAD 616686349861
BAD 616687155991
BAD 616688410609
BAD 616688544617
BAD 616690196377
BAD 616752246379
BAD 616765631269
BAD 616765631311
BAD 616665127961
BAD 616665127963
BAD 616767150919
BAD 616771791397
BAD 616771791413
BAD 616670180941
BAD 616772571083
BAD 616672625431
BAD 616775223629
BAD 616775223637
BAD 616672920811
BAD 616776183341
BAD 616776183343
BAD 616673797969
BAD 616674135089
BAD 616674726071
BAD 616675470457
BAD 616780050097
BAD 616780050101
BAD 616780050109
BAD 616780050113
BAD 616780050121
BAD 616784338847
BAD 616789607587
BAD 616728998033
BAD 616729902017
BAD 616731461011
BAD 616734977363
BAD 616734977461
BAD 616735045193
BAD 616739051171
BAD 616739051177
BAD 616739051179
BAD 616739051183
BAD 616739770337
BAD 616850545777
BAD 616802783741
BAD 616803287663
BAD 616806050017
BAD 616806050033
BAD 616806680957
BAD 616807907299
BAD 616809327923
BAD 616809631969
BAD 616865226319
BAD 616867188713
BAD 616885922369
BAD 616885922371
BAD 616887155327
BAD 616887155329
BAD 616813434311
BAD 616813434313
BAD 616824355811
BAD 616898055049
BAD 616900727147
BAD 616903555577
BAD 616905374671
BAD 616905681283
BAD 616965455479
BAD 616965483293
BAD 616965483353
BAD 616912045073
BAD 616971356959
BAD 616990279693
BAD 616992268051
BAD 616993974481
BAD 616947343633
BAD 617001938533
BAD 617001938537
BAD 617001938603
BAD 616949735371
BAD 617003092483
BAD 617003641699
BAD 617003641703
BAD 617003874239
BAD 616952104801
BAD 616954229209
BAD 616954241963
BAD 616954241977
BAD 616954478093
BAD 617026612297
BAD 617026612303
BAD 617009643379
BAD 616957969423
BAD 616958205863
BAD 616958205869
BAD 616958981101
BAD 617059953479
BAD 617064030223
BAD 617065031449
BAD 617063040457
BAD 617033264077
BAD 617033264093
BAD 617076769489
BAD 617076769493
BAD 617035775399
BAD 617035775401
BAD 617037777563
BAD 617083398167
BAD 617083398179
BAD 617083398181
BAD 617088910961
BAD 617138541241
BAD 617143056113
BAD 617146837271
BAD 617146837273
BAD 617107005743
BAD 617108405971
BAD 617112894257
BAD 617112894259
BAD 617163705427
BAD 617117936483
BAD 617117936489
BAD 617186513233
BAD 617120420809
BAD 617120420827
BAD 617120420843
BAD 617187285031
BAD 617197708349
BAD 617122884163
BAD 617199666493
BAD 617124360247
BAD 617124980119
BAD 617191228201
BAD 617191228219
BAD 617191228223
BAD 617192909323
BAD 617127630421
BAD 617130078317
BAD 617130078319
BAD 617165881159
BAD 617167071709
BAD 617167071713
BAD 617167188929
BAD 617211520903
BAD 617212224091
BAD 617177202349
BAD 617177691107
BAD 617234444173
BAD 617179444393
BAD 617264561713
BAD 617242103189
BAD 617242445191
BAD 617242445233
BAD 617243524231
BAD 617244651503
BAD 617274076403
BAD 617274076417
BAD 617274076421
BAD 617274076423
BAD 617285038231
BAD 617287498439
BAD 617293561793
BAD 617215124923
BAD 617215861991
BAD 617215861993
BAD 617216346311
BAD 617247840409
BAD 617247840413
BAD 617220492089
BAD 617251339981
BAD 617299193831
BAD 617225472469
BAD 617257308379
BAD 617257417547
BAD 617227348427
BAD 617227348429
BAD 617228131673
BAD 617305179133
BAD 617305974893
BAD 617262183193
BAD 617230808317
BAD 617262802291
BAD 617264062721
BAD 617311421737
BAD 617313453443
BAD 617354288123
BAD 617354288137
BAD 617316972931
BAD 617357737169
BAD 617357737211
BAD 617358868549
BAD 617358868559
BAD 617358868561
BAD 617359847243
BAD 617334308713
BAD 617335441433
BAD 617325312763
BAD 617327636021
BAD 617339696443
BAD 617330544421
BAD 617331083989
BAD 617341175251
BAD 617365639183
BAD 617367105577
BAD 617367105661
BAD 617345834887
BAD 617346676777
BAD 617379320029
BAD 617380819553
BAD 617440071673
BAD 617440071679
BAD 617440071683
BAD 617440071691
BAD 617440071697
BAD 617448232603
BAD 617415766159
BAD 617415766169
BAD 617415766171
BAD 617415766183
BAD 617418407503
BAD 617385662059
BAD 617385662063
BAD 617389148993
BAD 617429928989
BAD 617429928991
BAD 617430162187
BAD 617430162199
BAD 617396164213
BAD 617396164219
BAD 617396164223
BAD 617455437923
BAD 617403750083
BAD 617404669253
BAD 617405577889
BAD 617461927013
BAD 617408358403
BAD 617413814483
BAD 617473577093
BAD 617474951563
BAD 617474951567
BAD 617477511151
BAD 617500291459
BAD 617504321327
BAD 617509908511
BAD 617510210959
BAD 617484327689
BAD 617484327703
BAD 617489510191
BAD 617492390401
BAD 617493036577
BAD 617497800211
BAD 617518793543
BAD 617525598563
BAD 617527190743
BAD 617549820893
BAD 617549821019
BAD 617558289251
BAD 617558289253
BAD 617558289263
BAD 617560331057
BAD 617563192459
BAD 617563452901
BAD 617585581279
BAD 617591502091
BAD 617593903309
BAD 617533443469
BAD 617533443481
BAD 617536014497
BAD 617536014499
BAD 617635147687
BAD 617635260643
BAD 617635260653
BAD 617542880567
BAD 617549211683
BAD 617549211751
BAD 617647536437
BAD 617647536439
BAD 617575530503
BAD 617577126721
BAD 617577126731
BAD 617578627811
BAD 617581516309
BAD 617606013743
BAD 617608998709
BAD 617613014251
BAD 617685495653
BAD 617690458303
BAD 617819790613
BAD 617702306681
BAD 617621894173
BAD 617822957701
BAD 617838329851
BAD 617696065699
BAD 617696065703
BAD 617696065711
BAD 617696065717
BAD 617841939839
BAD 617698023661
BAD 617710881763
BAD 617845269317
BAD 617711928289
BAD 617711928293
BAD 617848246759
BAD 617713681253
BAD 617631720637
BAD 617657121553
BAD 617657999779
BAD 617722276027
BAD 617723257831
BAD 617723257939
BAD 617723257951
BAD 617661992671
BAD 617730679151
BAD 617731287293
BAD 617769675179
BAD 617769675181
BAD 617774464807
BAD 617775518153
BAD 617775518159
BAD 617775518161
BAD 617754255347
BAD 617754255373
BAD 617754255379
BAD 617778687287
BAD 617758256821
BAD 617758256839
BAD 617784340531
BAD 617674455533
BAD 617764393457
BAD 617764393459
BAD 617764393489
BAD 617675850793
BAD 617675850797
BAD 617765533439
BAD 617677238341
BAD 617677238371
BAD 617767094869
BAD 617678881663
BAD 617678881667
BAD 617678881669
BAD 617678881681
BAD 617744165359
BAD 617679808037
BAD 617679808043
BAD 617679808061
BAD 617679808063
BAD 617680318373
BAD 617744568731
BAD 617749565567
BAD 617852725003
BAD 617856835747
BAD 617856835753
BAD 617788178981
BAD 617788178983
BAD 617858116831
BAD 617791348861
BAD 617859918187
BAD 617860121971
BAD 617860122043
BAD 617861425823
BAD 617799364333
BAD 617870955683
BAD 617873438513
BAD 617880129367
BAD 617880298817
BAD 617816035327
BAD 617816035339
BAD 617816681983
BAD 617817351169
BAD 617904567913
BAD 617905244317
BAD 617905244323
BAD 617911695259
BAD 617911806769
BAD 617913352649
BAD 617916174067
BAD 617936113807
BAD 617941741271
BAD 617941741273
BAD 617941812283
BAD 617941812287
BAD 617941812289
BAD 617944763437
BAD 617944763461
BAD 617950619879
BAD 617950619887
BAD 617950619893
BAD 617950800781
BAD 617920491919
BAD 617928670621
BAD 617932530937
BAD 617932530947
BAD 617932530949
BAD 617932729759
BAD 617932729763
BAD 617933145787
BAD 617933145811
BAD 617935038037
BAD 617953011829
BAD 617961688819
BAD 617886104273
BAD 617886799577
BAD 617886799583
BAD 617886799589
BAD 617886799591
BAD 617964403501
BAD 617890885483
BAD 617890885487
BAD 617890885489
BAD 617986202143
BAD 617990191501
BAD 617990276191
BAD 617894867881
BAD 617991424381
BAD 617896774249
BAD 617896774291
BAD 617998891681
BAD 618000350861
BAD 617971147421
BAD 617975489123
BAD 617977816501
BAD 617981705191
BAD 617982331147
BAD 617982441961
BAD 617985151507
BAD 617985301949
BAD 617985301951
BAD 618003993653
BAD 618105482893
BAD 618057826369
BAD 618057826381
BAD 618106484599
BAD 618106484603
BAD 618107226749
BAD 618107739253
BAD 618059793167
BAD 618059990263
BAD 618108386683
BAD 618110400473
BAD 618067318597
BAD 618067318601
BAD 618067350647
BAD 618067350653
BAD 618113520991
BAD 618114550367
BAD 618114550369
BAD 618114550373
BAD 618119272319
BAD 618021500539
BAD 618027161503
BAD 618241597951
BAD 618037955519
BAD 618256918973
BAD 618245805679
BAD 618260121623
BAD 618260121649
BAD 618131581499
BAD 618131581511
BAD 618041584669
BAD 618041584673
BAD 618042270413
BAD 618088764493
BAD 618249817651
BAD 618044490491
BAD 618207456953
BAD 618140158529
BAD 618207679129
BAD 618207778961
BAD 618207778963
BAD 618208115843
BAD 618252790913
BAD 618092031919
BAD 618252972823
BAD 618047299201
BAD 618047299213
BAD 618047299231
BAD 618092663911
BAD 618267126413
BAD 618269206957
BAD 618269206967
BAD 618269206969
BAD 618095417911
BAD 618211707151
BAD 618270984241
BAD 618145811687
BAD 618145811707
BAD 618147143233
BAD 618147425201
BAD 618219089359
BAD 618219089363
BAD 618219510793
BAD 618069922207
BAD 618069922213
BAD 618076145473
BAD 618171538891
BAD 618173812457
BAD 618175702433
BAD 618084295553
BAD 618085012093
BAD 618178633909
BAD 618154259011
BAD 618179622787
BAD 618181006763
BAD 618194447723
BAD 618194447729
BAD 618194447737
BAD 618194447771
BAD 618185155967
BAD 618185155969
BAD 618186094507
BAD 618162062183
BAD 618186785527
BAD 618199345301
BAD 618199345303
BAD 618163977359
BAD 618223927093
BAD 618223927099
BAD 618223927109
BAD 618167278493
BAD 618167952499
BAD 618168491981
BAD 618168491987
BAD 618168491989
BAD 618232931531
BAD 618232931539
BAD 618232931543
BAD 618235789753
BAD 618235789757
BAD 618236090447
BAD 618306300463
BAD 618276088303
BAD 618277040707
BAD 618277158703
BAD 618313058687
BAD 618313058689
BAD 618286310911
BAD 618288662759
BAD 618288857003
BAD 618303439711
BAD 618323078101
BAD 618323547271
BAD 618323547277
BAD 618335897071
BAD 618336337933
BAD 618338149711
BAD 618338225767
BAD 618338225779
BAD 618338225783
BAD 618338225797
BAD 618372203521
BAD 618374023259
BAD 618374023261
BAD 618374023273
BAD 618374023279
BAD 618374023283
BAD 618358039367
BAD 618360062923
BAD 618364265383
BAD 618367864031
BAD 618370404331
BAD 618370404341
BAD 618345477493
BAD 618345477499
BAD 618350593741
BAD 618350593747
BAD 618350593753
BAD 618354393829
BAD 618354393913
BAD 618389673691
BAD 618389673697
BAD 618391975771
BAD 618406747669
BAD 618406747691
BAD 618395233297
BAD 618395233301
BAD 618395233303
BAD 618395233307
BAD 618395421053
BAD 618397237439
BAD 618397237441
BAD 618412957471
BAD 618439851221
BAD 618417385109
BAD 618417385111
BAD 618560104117
BAD 618444637529
BAD 618446844341
BAD 618446844343
BAD 618448052879
BAD 618448052881
BAD 618489536179
BAD 618489536183
BAD 618423891109
BAD 618423891119
BAD 618455275871
BAD 618455275891
BAD 618427484473
BAD 618498381583
BAD 618498969241
BAD 618498969247
BAD 618428463031
BAD 618499113223
BAD 618499113227
BAD 618499113229
BAD 618500489443
BAD 618430862689
BAD 618430862701
BAD 618430862713
BAD 618431408813
BAD 618431408821
BAD 618501703889
BAD 618501703891
BAD 618502853483
BAD 618435117529
BAD 618435117539
BAD 618435117541
BAD 618436127941
BAD 618590370493
BAD 618546259447
BAD 618549283567
BAD 618549283577
BAD 618549283579
BAD 618596195647
BAD 618596647489
BAD 618530134709
BAD 618530134711
BAD 618531141271
BAD 618531141287
BAD 618531141289
BAD 618531141331
BAD 618600729211
BAD 618588550939
BAD 618536814113
BAD 618536814121
BAD 618604728901
BAD 618605857489
BAD 618468976501
BAD 618468976519
BAD 618468976529
BAD 618470283737
BAD 618647407691
BAD 618647407723
BAD 618473866121
BAD 618666898777
BAD 618666898781
BAD 618666898783
BAD 618473866123
BAD 618474456499
BAD 618668725291
BAD 618625005697
BAD 618625005709
BAD 618669141367
BAD 618516747517
BAD 618652523389
BAD 618652523393
BAD 618652523407
BAD 618652523443
BAD 618652523449
BAD 618626211131
BAD 618626211199
BAD 618477398611
BAD 618632319007
BAD 618633249919
BAD 618484915921
BAD 618634140577
BAD 618485358683
BAD 618487115699
BAD 618637012403
BAD 618488215141
BAD 618691132321
BAD 618693147937
BAD 618693147991
BAD 618694583657
BAD 618697023691
BAD 618697023739
BAD 618697023743
BAD 618698968193
BAD 618703995359
BAD 618689333971
BAD 618689334019
BAD 618689334023
BAD 618689334031
BAD 618690151381
BAD 618690151411
BAD 618690405829
BAD 618690405833
BAD 618714329977
BAD 618718014799
BAD 618723133849
BAD 618724043633
BAD 618724043647
BAD 618724043659
BAD 618744097889
BAD 618744097891
BAD 618756115157
BAD 618725103053
BAD 618725103067
BAD 618725103091
BAD 618740679889
BAD 618759159793
BAD 618761970989
BAD 618765132707
BAD 618765132709
BAD 618766842097
BAD 618769763389
BAD 618769763411
BAD 618769763413
BAD 618769831651
BAD 618771934327
BAD 618771934331
BAD 618772526839
BAD 618774137231
BAD 618777771481
BAD 618779215081
BAD 618780222169
BAD 618786409067
BAD 618786409069
BAD 618786609713
BAD 618809980279
BAD 618809980291
BAD 618819140239
BAD 618819140243
BAD 618820116683
BAD 618802135823
BAD 618802135879
BAD 618802135883
BAD 618802595393
BAD 618803366653
BAD 618803366659
BAD 618803366689
BAD 618804431599
BAD 618844145431
BAD 618833241527
BAD 618833241529
BAD 618845825371
BAD 618834620647
BAD 618849381613
BAD 618853176883
BAD 618838211779
BAD 618861851203
BAD 618869438071
BAD 618869438119
BAD 618878199743
BAD 618878278723
BAD 618879611431
BAD 618879611437
BAD 618879611443
BAD 618880773683
BAD 618946605247
BAD 618889969657
BAD 619044910831
BAD 618950806633
BAD 618950806657
BAD 619053323671
BAD 618893018761
BAD 618996979261
BAD 618997082213
BAD 618894070477
BAD 618894070499
BAD 618894534919
BAD 618896692229
BAD 618899338307
BAD 619003049857
BAD 618902042597
BAD 618902042599
BAD 619007500561
BAD 618928744561
BAD 618928744657
BAD 618929986333
BAD 618929986343
BAD 618930365783
BAD 618930948319
BAD 618934422863
BAD 618937027789
BAD 618937027801
BAD 618937136203
BAD 618937958843
BAD 618939467239
BAD 618939467243
BAD 618939764623
BAD 618941835877
BAD 618942201571
BAD 618942201589
BAD 619080394663
BAD 619081144067
BAD 619083859111
BAD 619083859117
BAD 619083859123
BAD 619083859127
BAD 619083859129
BAD 619084399793
BAD 619084399799
BAD 619086657131
BAD 619090158571
BAD 618911132401
BAD 619013035033
BAD 619013180063
BAD 619014714559
BAD 618916954111
BAD 619020614323
BAD 618960897497
BAD 619094072449
BAD 619094072453
BAD 619095192043
BAD 619095353281
BAD 619095353287
BAD 619095353293
BAD 618967669583
BAD 618967703119
BAD 618967994681
BAD 618967994683
BAD 618976354573
BAD 618977406581
BAD 618971994853
BAD 618973267019
BAD 619075965901
BAD 619144696771
BAD 619105634557
BAD 618980830913
BAD 619110331849
BAD 619149797557
BAD 618985888067
BAD 618985888069
BAD 618987031519
BAD 619113486091
BAD 619113486097
BAD 618987956659
BAD 618987956663
BAD 619163291129
BAD 619116917669
BAD 619116917701
BAD 618989653291
BAD 619154868197
BAD 619164555241
BAD 619155494677
BAD 619157524673
BAD 619159739123
BAD 619168470127
BAD 619170107137
BAD 619171882741
BAD 619029718621
BAD 619031408929
BAD 619174417733
BAD 619032889159
BAD 619034216929
BAD 619034596813
BAD 619128721399
BAD 619131265609
BAD 619132316741
BAD 619178111917
BAD 619178111921
BAD 619180934653
BAD 619183759729
BAD 619188450487
BAD 619190025989
BAD 619190025991
BAD 619190025997
BAD 619190026009
BAD 619228138513
BAD 619228363781
BAD 619228363783
BAD 619228668689
BAD 619228668691
BAD 619245178339
BAD 619247298283
BAD 619247298287
BAD 619247298289
BAD 619247298301
BAD 619235809573
BAD 619248803903
BAD 619249717741
BAD 619249963489
BAD 619253574949
BAD 619242371719
BAD 619242371723
BAD 619242371731
BAD 619243749347
BAD 619243749349
BAD 619243749353
BAD 619264094227
BAD 619264094231
BAD 619273223423
BAD 619312309591
BAD 619212700681
BAD 619206779273
BAD 619207083403
BAD 619207844743
BAD 619207844753
BAD 619315695353
BAD 619317520589
BAD 619294694869
BAD 619294694873
BAD 619294694881
BAD 619278833809
BAD 619278833821
BAD 619278911221
BAD 619221302629
BAD 619221302633
BAD 619221591059
BAD 619221591061
BAD 619282090663
BAD 619282090673
BAD 619324519201
BAD 619324519237
BAD 619302520129
BAD 619305270953
BAD 619288400333
BAD 619305863599
BAD 619288563473
BAD 619306416823
BAD 619306416829
BAD 619290116279
BAD 619290178711
BAD 619290178813
BAD 619308867077
BAD 619328260949
BAD 619328260951
BAD 619330291141
BAD 619333780831
BAD 619350160567
BAD 619353259607
BAD 619339927067
BAD 619339927069
BAD 619356859241
BAD 619356859243
BAD 619343045989
BAD 619343046001
BAD 619361955889
BAD 619363178311
BAD 619383787751
BAD 619383787753
BAD 619384959331
BAD 619450266353
BAD 619452748763
BAD 619391353969
BAD 619455692461
BAD 619391766113
BAD 619456251691
BAD 619393884397
BAD 619458423491
BAD 619511202683
BAD 619511202689
BAD 619511202691
BAD 619418694467
BAD 619470093973
BAD 619428771851
BAD 619428771853
BAD 619476175399
BAD 619476175403
BAD 619530092039
BAD 619476884749
BAD 619476884753
BAD 619477042477
BAD 619432469791
BAD 619477522333
BAD 619479323867
BAD 619435849621
BAD 619396809739
BAD 619440330811
BAD 619400839163
BAD 619400839171
BAD 619401713407
BAD 619445102189
BAD 619445102209
BAD 619404881177
BAD 619542803359
BAD 619542803401
BAD 619488403511
BAD 619544233621
BAD 619407086071
BAD 619408600651
BAD 619408600687
BAD 619492782709
BAD 619566903349
BAD 619569089879
BAD 619571998093
BAD 619580440231
BAD 619553119963
BAD 619553119967
BAD 619554106681
BAD 619632162983
BAD 619632403373
BAD 619596686633
BAD 619598843509
BAD 619599517013
BAD 619599517027
BAD 619600568401
BAD 619600568407
BAD 619600568413
BAD 619601608861
BAD 619602932177
BAD 619602932213
BAD 619603248167
BAD 619603248169
BAD 619641295639
BAD 619641295681
BAD 619643025671
BAD 619609509671
BAD 619645997717
BAD 619612235903
BAD 619613016251
BAD 619999812031
BAD 619618518709
BAD 619618518721
BAD 619618871257
BAD 619621813753
BAD 619688003423
BAD 619629783697
BAD 619689309313
BAD 619689309319
BAD 619696441613
BAD 619720235437
BAD 619721161273
BAD 619729724693
BAD 619664535709
BAD 619664535713
BAD 619666178749
BAD 619703179021
BAD 619703179033
BAD 619703179037
BAD 619679420071
BAD 619649318089
BAD 619649724737
BAD 619649724739
BAD 619652739239
BAD 619652739241
BAD 619655817829
BAD 619658186783
BAD 619660094387
BAD 619660241443
BAD 619663239743
BAD 619663239749
BAD 619735725487
BAD 619736766379
BAD 619736766443
BAD 619737428701
BAD 619737428707
BAD 619738755833
BAD 619747084793
BAD 619747084823
BAD 619749225761
BAD 619749225763
BAD 619755510019
BAD 619832020387
BAD 619832020459
BAD 619802806663
BAD 619804702171
BAD 619804702177
BAD 619765885769
BAD 619765885771
BAD 619765885777
BAD 619806600547
BAD 619767111017
BAD 619768015021
BAD 619808668033
BAD 619769902943
BAD 619841194681
BAD 619811820247
BAD 619811820259
BAD 619843003543
BAD 619843003547
BAD 619847191603
BAD 619883472853
BAD 619781574833
BAD 619784228953
BAD 619855805719
BAD 619856880007
BAD 619915467349
BAD 619820859953
BAD 619859062411
BAD 619902204631
BAD 619860577439
BAD 619824822541
BAD 619920933439
BAD 619935198473
BAD 619828284511
BAD 619829093189
BAD 619830019873
BAD 619795651381
BAD 619947780607
BAD 619948770601
BAD 619950167609
BAD 619950167611
BAD 619953538339
BAD 619953903367
BAD 619959000163
BAD 619959000169
BAD 619961391893
BAD 619971262763
BAD 619971262769
BAD 619971262777
BAD 619974653239
BAD 619986307891
BAD 619975392347
BAD 619978684229
BAD 619978684231
BAD 619991123911
BAD 619996372711
RANGE 610000000000 620000000000 PRIMES 368392129 BAD 3347
