BAD 690017199913
BAD 690017199917
BAD 690021563951
BAD 690021563953
BAD 690024702331
BAD 690025605239
BAD 690107836043
BAD 690027371413
BAD 690027371417
BAD 690029419259
BAD 690185701301
BAD 690188288927
BAD 690115370221
BAD 690115370227
BAD 690115370233
BAD 690115370237
BAD 690115370239
BAD 690070137791
BAD 690070641517
BAD 690070641541
BAD 690190415659
BAD 690191374403
BAD 690252550307
BAD 690253717007
BAD 690253717009
BAD 690077673413
BAD 690259185377
BAD 690259185403
BAD 690083302943
BAD 690262408757
BAD 690052790117
BAD 690052790159
BAD 690053576239
BAD 690168537469
BAD 690085641173
BAD 690085641181
BAD 690085641211
BAD 690386249491
BAD 690170713093
BAD 690171191663
BAD 690120569773
BAD 690003346387
BAD 690003486637
BAD 690003486643
BAD 690003486649
BAD 690302796653
BAD 690302796661
BAD 690388220707
BAD 690388220723
BAD 690303631333
BAD 690007273069
BAD 690175930999
BAD 690009287587
BAD 690009287593
BAD 690392602301
BAD 690354879917
BAD 690126900061
BAD 690126989701
BAD 690355559447
BAD 690355559449
BAD 690090652081
BAD 690357755141
BAD 690012627013
BAD 690129776393
BAD 690012627019
BAD 690012689893
BAD 690179389927
BAD 690179389951
BAD 690179494019
BAD 690179494021
BAD 690130030729
BAD 690179729753
BAD 690013692559
BAD 690133318723
BAD 690092564333
BAD 690183126019
BAD 690316833449
BAD 690318419183
BAD 690402258551
BAD 690094420591
BAD 690094420597
BAD 690100275049
BAD 690209913721
BAD 690210222563
BAD 690134799953
BAD 690141025933
BAD 690141753941
BAD 690141753943
BAD 690145760099
BAD 690151916459
BAD 690153470551
BAD 690163070251
BAD 690166538953
BAD 690289443229
BAD 690289443271
BAD 690294280381
BAD 690377043157
BAD 690377734561
BAD 690319612571
BAD 690319612573
BAD 690319845421
BAD 690319845431
BAD 690319845433
BAD 690319845437
BAD 690319845443
BAD 690319845451
BAD 690319921483
BAD 690319921523
BAD 690337703681
BAD 690337703683
BAD 690383530493
BAD 690321173833
BAD 690340319659
BAD 690340319663
BAD 690341337509
BAD 690221470423
BAD 690347986231
BAD 690269983133
BAD 690269983159
BAD 690269983163
BAD 690271464431
BAD 690280674289
BAD 690283180283
BAD 690037021441
BAD 690046614347
BAD 690046614349
BAD 690436793719
BAD 690440176123
BAD 690440643929
BAD 690440643931
BAD 690407232631
BAD 690562249943
BAD 690428078009
BAD 690428078023
BAD 690443033341
BAD 690443033353
BAD 690443033419
BAD 690564564919
BAD 690430022761
BAD 690430687951
BAD 690430687963
BAD 690430687993
BAD 690446126911
BAD 690431419831
BAD 690432804211
BAD 690449912897
BAD 690449912899
BAD 690476458957
BAD 690481176403
BAD 690659047703
BAD 690484951073
BAD 690486133481
BAD 690490328569
BAD 690490328573
BAD 690621074389
BAD 690662409823
BAD 690668876707
BAD 690631042741
BAD 690631042757
BAD 690606844283
BAD 690575015749
BAD 690611532613
BAD 690612135137
BAD 690577321501
BAD 690542256457
BAD 690578937143
BAD 690520206923
BAD 690520206931
BAD 690579352691
BAD 690579352693
BAD 690620546641
BAD 690524990899
BAD 690547091419
BAD 690526391297
BAD 690585843559
BAD 690531853441
BAD 690552502699
BAD 690533638393
BAD 690535049419
BAD 690647054443
BAD 690647054453
BAD 690647783173
BAD 690700156109
BAD 690503685317
BAD 690503685323
BAD 690504406381
BAD 690703957819
BAD 690467351599
BAD 690467351603
BAD 690467351611
BAD 690711982057
BAD 690713178451
BAD 690515276771
BAD 690722070029
BAD 690588217069
BAD 690726616183
BAD 690720151999
BAD 690720152071
BAD 690592865849
BAD 690593348033
BAD 690593348051
BAD 690595974769
BAD 690677426821
BAD 690678035989
BAD 690678036053
BAD 690599835361
BAD 690793802717
BAD 690793802791
BAD 690793829881
BAD 690795635381
BAD 690757385809
BAD 690798692719
BAD 690759126361
BAD 690764443381
BAD 690764443393
BAD 690767872679
BAD 690767872681
BAD 690768409459
BAD 690769192913
BAD 690787461359
BAD 690787461361
BAD 690741213469
BAD 690741213473
BAD 690743293171
BAD 690743293181
BAD 690747419359
BAD 690748728203
BAD 690806837251
BAD 690806996927
BAD 690806996947
BAD 690806996953
BAD 690806996959
BAD 690806996963
BAD 690806996969
BAD 690858634127
BAD 690810055519
BAD 690861427261
BAD 690862360831
BAD 690862492189
BAD 690815603479
BAD 690816036931
BAD 690889448329
BAD 690889448363
BAD 690889941817
BAD 690869641219
BAD 690869641223
BAD 690870621173
BAD 690820835743
BAD 690820835813
BAD 690821900833
BAD 690899896573
BAD 690899896637
BAD 690899896639
BAD 690899896657
BAD 690931576063
BAD 690877574399
BAD 690877574503
BAD 690905943499
BAD 690922079633
BAD 690889130783
BAD 690922432933
BAD 690922432939
BAD 690823812121
BAD 690959394799
BAD 690966805453
BAD 690966805457
BAD 691008176213
BAD 691015682723
BAD 691017252199
BAD 690973566893
BAD 690990211789
BAD 691018661629
BAD 691018826503
BAD 691020333571
BAD 690977212853
BAD 690977424317
BAD 691023090559
BAD 691000625153
BAD 691001256541
BAD 691002708997
BAD 690985301311
BAD 690987300049
BAD 691058784893
BAD 691058784901
BAD 691058784907
BAD 691125239923
BAD 691127636599
BAD 691127636629
BAD 691193602291
BAD 691194068339
BAD 691195662827
BAD 691078443323
BAD 691196054071
BAD 691196054083
BAD 691196830787
BAD 691197865621
BAD 691071466513
BAD 691071466517
BAD 691071466549
BAD 691199595979
BAD 691140258469
BAD 691056369403
BAD 691202339693
BAD 691087045043
BAD 691204078093
BAD 691089872911
BAD 691089872923
BAD 691089872927
BAD 691089872929
BAD 691089872959
BAD 691024476503
BAD 691025861237
BAD 691025861243
BAD 691025861263
BAD 691161866333
BAD 691108128637
BAD 691108128653
BAD 691150476707
BAD 691031815403
BAD 691156190377
BAD 691098871553
BAD 691099145089
BAD 691099385959
BAD 691122198149
BAD 691106583931
BAD 691107136481
BAD 691174534679
BAD 691174534681
BAD 691177053251
BAD 691177053253
BAD 691178447963
BAD 691186326151
BAD 691285338493
BAD 691299292669
BAD 691299845573
BAD 691250306531
BAD 691250306533
BAD 691302144167
BAD 691289116831
BAD 691253188567
BAD 691253188589
BAD 691217648383
BAD 691308697291
BAD 691308697297
BAD 691309598873
BAD 691309652333
BAD 691314099373
BAD 691325111101
BAD 691231078709
BAD 691231078711
BAD 691231078717
BAD 691325752501
BAD 691326591359
BAD 691326591379
BAD 691328059297
BAD 691328059337
BAD 691328059339
BAD 691329589231
BAD 691329645533
BAD 691329704509
BAD 691331900117
BAD 691353435623
BAD 691477008841
BAD 691477008847
BAD 691478610169
BAD 691478610187
BAD 691478610191
BAD 691479793471
BAD 691481014981
BAD 691547066489
BAD 691547066491
BAD 691488268579
BAD 691491176821
BAD 691491956849
BAD 691491956851
BAD 691365561961
BAD 691366825703
BAD 691557796309
BAD 691557796313
BAD 691370390519
BAD 691370390521
BAD 691388556829
BAD 691414151893
BAD 691414151933
BAD 691560455077
BAD 691464955387
BAD 691418221463
BAD 691418221477
BAD 691428324247
BAD 691428324271
BAD 691428324277
BAD 691428558719
BAD 691443253549
BAD 691565622679
BAD 691565622689
BAD 691565622691
BAD 691565622697
BAD 691467858049
BAD 691419760687
BAD 691419760709
BAD 691419760711
BAD 691429467139
BAD 691429467143
BAD 691429467167
BAD 691494606877
BAD 691568215073
BAD 691421494723
BAD 691421494733
BAD 691447931959
BAD 691447931963
BAD 691519652339
BAD 691572678919
BAD 691500721381
BAD 691449862231
BAD 691500721393
BAD 691451438123
BAD 691526572249
BAD 691456920881
BAD 691578215641
BAD 691578551861
BAD 691578551863
BAD 691398786511
BAD 691579981699
BAD 691400754749
BAD 691589539313
BAD 691408999891
BAD 691592189383
BAD 691592672443
BAD 691602969227
BAD 691602969229
BAD 691607840899
BAD 691526785207
BAD 691529082371
BAD 691529082373
BAD 691540107563
BAD 691540107571
BAD 691647484127
BAD 691647484133
BAD 691630266323
BAD 691680912413
BAD 691680912421
BAD 691681268851
BAD 691612601003
BAD 691689372083
BAD 691692344533
BAD 691621833863
BAD 691625680051
BAD 691625907541
BAD 691625907547
BAD 691697008153
BAD 691715407769
BAD 691715407771
BAD 691715407793
BAD 691722239867
BAD 691722239869
BAD 691722239881
BAD 691722239969
BAD 691722239981
BAD 691722239983
BAD 691722959359
BAD 691728517769
BAD 691728517771
BAD 691709711059
BAD 691783036993
BAD 691785213001
BAD 691786566353
BAD 691767145219
BAD 691800791873
BAD 691767558367
BAD 691801908887
BAD 691896701501
BAD 691897926919
BAD 691903795969
BAD 691904166937
BAD 691778260183
BAD 691825159583
BAD 691825292453
BAD 691907196727
BAD 691845593407
BAD 691908346223
BAD 691908974101
BAD 691908974111
BAD 691847525251
BAD 691847525261
BAD 691848414913
BAD 691848414919
BAD 691835764903
BAD 691836136447
BAD 691836136451
BAD 691839950539
BAD 691856767741
BAD 691843290503
BAD 691860106081
BAD 691975797059
BAD 691912812533
BAD 691981466653
BAD 691981824889
BAD 691981824899
BAD 691981824901
BAD 691946537927
BAD 691946537929
BAD 691747372783
BAD 691747372801
BAD 691954487473
BAD 691992211291
BAD 691956235049
BAD 691757838353
BAD 691927188319
BAD 691927188361
BAD 691997038597
BAD 691962578689
BAD 691962578693
BAD 692003040571
BAD 692004153299
BAD 692004153301
BAD 692004153377
BAD 692004153383
BAD 692004153443
BAD 692004153457
BAD 691870583891
BAD 691870583893
BAD 692006102237
BAD 692006102239
BAD 692006102243
BAD 692007592799
BAD 692010323971
BAD 692011096327
BAD 692011096397
BAD 691878935431
BAD 691878935437
BAD 691930223767
BAD 691932006457
BAD 691940323523
BAD 691940323531
BAD 691943643353
BAD 691943643361
BAD 691943668517
BAD 691943668519
BAD 691944057293
BAD 691945121743
BAD 691879881631
BAD 691884916213
BAD 691887371039
BAD 691889756491
BAD 691889756527
BAD 692083126487
BAD 692083126489
BAD 692083456327
BAD 692016520441
BAD 692085560171
BAD 692066402281
BAD 692067701791
BAD 692096719553
BAD 692096719577
BAD 692097129049
BAD 692028873143
BAD 692075335733
BAD 692054241223
BAD 692078014643
BAD 692058472153
BAD 692060682883
BAD 692061440351
BAD 692061440353
BAD 692061440377
BAD 692061858931
BAD 692063479099
BAD 692097623953
BAD 692097624007
BAD 692097624011
BAD 692112063001
BAD 692112165403
BAD 692112165413
BAD 692112165419
BAD 692112165421
BAD 692113198471
BAD 692115369947
BAD 692115369949
BAD 692115369973
BAD 692133947317
BAD 692140579489
BAD 692124890251
BAD 692142543179
BAD 692142543181
BAD 692154850171
BAD 692184720023
BAD 692350614301
BAD 692350614317
BAD 692191270921
BAD 692356197319
BAD 692356269601
BAD 692358673939
BAD 692362859941
BAD 692231411899
BAD 692231411903
BAD 692231411941
BAD 692234820169
BAD 692238082189
BAD 692215223023
BAD 692215890313
BAD 692241449873
BAD 692244348041
BAD 692244348043
BAD 692246334529
BAD 692219803309
BAD 692167303613
BAD 692224076801
BAD 692200372967
BAD 692173574347
BAD 692201315263
BAD 692175139157
BAD 692175139171
BAD 692176340783
BAD 692176653307
BAD 692251027253
BAD 692231112583
BAD 692251988161
BAD 692252029439
BAD 692265100027
BAD 692211988021
BAD 692259723011
BAD 692322018917
BAD 692322018919
BAD 692322018923
BAD 692322018937
BAD 692322664819
BAD 692322664823
BAD 692322781127
BAD 692288876359
BAD 692343452677
BAD 692344587479
BAD 692301206369
BAD 692301206371
BAD 692304207613
BAD 692304207619
BAD 692305985453
BAD 692372520683
BAD 692375530471
BAD 692375761723
BAD 692375761729
BAD 692375761733
BAD 692309247211
BAD 692309247233
BAD 692381961251
BAD 692381961253
BAD 692381961263
BAD 692382045857
BAD 692385641477
BAD 692388009541
BAD 692391721459
BAD 692399363273
BAD 692399363281
BAD 692399363317
BAD 692403507617
BAD 692403507647
BAD 692434272533
BAD 692437476793
BAD 692437476799
BAD 692406412741
BAD 692467489229
BAD 692467489247
BAD 692467489249
BAD 692467489253
BAD 692418969197
BAD 692418969199
BAD 692423752793
BAD 692424096829
BAD 692479612109
BAD 692464096087
BAD 692465233099
BAD 692465233111
BAD 692499653719
BAD 692499653723
BAD 692500090213
BAD 692502251209
BAD 692547393457
BAD 692517617279
BAD 692507890313
BAD 692550972031
BAD 692551549147
BAD 692513974739
BAD 692513974741
BAD 692558141227
BAD 692563442033
BAD 692568304583
BAD 692574924893
BAD 692574924901
BAD 692593067401
BAD 692578299277
BAD 692581107037
BAD 692581107041
BAD 692582781743
BAD 692723113571
BAD 692723113573
BAD 692723113591
BAD 692651145107
BAD 692620417837
BAD 692728241509
BAD 692728558163
BAD 692642010259
BAD 692644240789
BAD 692627481853
BAD 692629360589
BAD 692629360627
BAD 692604136883
BAD 692605558597
BAD 692752959901
BAD 692753093743
BAD 692753093749
BAD 692665730299
BAD 692758410979
BAD 692758411013
BAD 692758411021
BAD 692611257439
BAD 692669495521
BAD 692701527953
BAD 692784393031
BAD 692711824267
BAD 692711824271
BAD 692740758893
BAD 692714240033
BAD 692837123423
BAD 692837123431
BAD 692886881033
BAD 692844624779
BAD 692844624781
BAD 692845691653
BAD 692847197201
BAD 692787234169
BAD 692787234173
BAD 692789310233
BAD 692900619839
BAD 692902127719
BAD 692803892603
BAD 692825874787
BAD 692871193213
BAD 692852244551
BAD 692876654719
BAD 692880000431
BAD 692880000433
BAD 692859342121
BAD 692883851281
BAD 692863036013
BAD 692863036031
BAD 692868398483
BAD 692939298781
BAD 692942954623
BAD 692947707821
BAD 692947707833
BAD 692952644227
BAD 692923652437
BAD 692926164859
BAD 692926432201
BAD 692968102069
BAD 692988641179
BAD 692989099349
BAD 692989099351
BAD 692989961941
BAD 692990416309
BAD 692991492211
BAD 692992287343
BAD 692992287353
BAD 692907900323
BAD 693121289533
BAD 692994455723
BAD 692994455729
BAD 692994455731
BAD 692994455737
BAD 692994455743
BAD 693121831741
BAD 692913216143
BAD 693107801887
BAD 692916812359
BAD 692917116863
BAD 692917116869
BAD 692917116877
BAD 692917116883
BAD 692917283923
BAD 693129419531
BAD 693129690511
BAD 693115164509
BAD 693136423981
BAD 693136725613
BAD 693055380187
BAD 693088312013
BAD 693051763973
BAD 693058435541
BAD 693058435549
BAD 693059037103
BAD 693059037107
BAD 693096967471
BAD 693096967477
BAD 693029342323
BAD 693065446583
BAD 693098362069
BAD 693098362081
BAD 693065939047
BAD 693066379589
BAD 693066379591
BAD 693103174279
BAD 693070665593
BAD 693007131211
BAD 693007131301
BAD 693222205463
BAD 693012724291
BAD 693013047983
BAD 693223121347
BAD 693223121351
BAD 693225688777
BAD 693239809511
BAD 693157571773
BAD 693231371857
BAD 693242326333
BAD 693242326339
BAD 693159036169
BAD 692971730761
BAD 693159036173
BAD 692971750063
BAD 692971750067
BAD 692971750069
BAD 692971750073
BAD 693234662389
BAD 693160309949
BAD 693160753823
BAD 693160753829
BAD 693160753837
BAD 693160753903
BAD 693246349363
BAD 693161635709
BAD 693247279589
BAD 693161635711
BAD 693247279591
BAD 693161635717
BAD 693289495589
BAD 693138530239
BAD 693138530243
BAD 693290807653
BAD 692976068731
BAD 692976068753
BAD 692976068821
BAD 692976068843
BAD 692976068857
BAD 693249933923
BAD 693165935687
BAD 693165935689
BAD 692976609187
BAD 693165935701
BAD 693252050669
BAD 693252050671
BAD 693295259563
BAD 693167689169
BAD 693167689171
BAD 693167844857
BAD 693167844871
BAD 693295876549
BAD 693144168271
BAD 693144168281
BAD 693144168293
BAD 693259917683
BAD 692979582209
BAD 693261468469
BAD 693298474513
BAD 693172947473
BAD 693263791573
BAD 693265184141
BAD 693150950749
BAD 693268462853
BAD 693268462879
BAD 693303824533
BAD 693304226743
BAD 693304226753
BAD 693304880381
BAD 693304880383
BAD 693270715939
BAD 693178924733
BAD 693178924741
BAD 693183672893
BAD 693183672899
BAD 693183672901
BAD 693183716959
BAD 693183716963
BAD 693196652417
BAD 693196652419
BAD 693206684389
BAD 693206684393
BAD 693206684399
BAD 693214272119
BAD 693278772973
BAD 693317969699
BAD 693320541007
BAD 693338920669
BAD 693340423057
BAD 693340423063
BAD 693342206243
BAD 693374149421
BAD 693374149423
BAD 693374149487
BAD 693350972473
BAD 693380236807
BAD 693380236819
BAD 693380236823
BAD 693351391729
BAD 693351391739
BAD 693352785623
BAD 693383194183
BAD 693383194187
BAD 693395760511
BAD 693395760559
BAD 693395935957
BAD 693395935963
BAD 693406968773
BAD 693335343829
BAD 693335343839
BAD 693336936769
BAD 693413931979
BAD 693413931983
BAD 693414626243
BAD 693414626251
BAD 693414626257
BAD 693362283643
BAD 693365528269
BAD 693369478031
BAD 693369478033
BAD 693474465133
BAD 693474539393
BAD 693441115613
BAD 693457480987
BAD 693476275873
BAD 693476275883
BAD 693476275889
BAD 693476275901
BAD 693442272409
BAD 693479924023
BAD 693479924029
BAD 693479924089
BAD 693442950553
BAD 693442950559
BAD 693465205067
BAD 693446033359
BAD 693486008297
BAD 693486008311
BAD 693471343547
BAD 693451487363
BAD 693451487381
BAD 693451487383
BAD 693453187543
BAD 693498370577
BAD 693425102311
BAD 693427491209
BAD 693429010333
BAD 693523316699
BAD 693523316701
BAD 693523959619
BAD 693433048951
BAD 693433377151
BAD 693525163273
BAD 693558471083
BAD 693434958053
BAD 693546723127
BAD 693562926263
BAD 693578250517
BAD 693568740391
BAD 693582857029
BAD 693530075533
BAD 693671313239
BAD 693671313241
BAD 693573053401
BAD 693556486643
BAD 693588548693
BAD 693588548699
BAD 693588548701
BAD 693588548713
BAD 693533552029
BAD 693628971733
BAD 693628971743
BAD 693601622717
BAD 693601622719
BAD 693636953137
BAD 693639484463
BAD 693511415767
BAD 693674436991
BAD 693679272991
BAD 693613296427
BAD 693684351169
BAD 693617221639
BAD 693688316197
BAD 693688316203
BAD 693693629903
BAD 693696706741
BAD 693698555983
BAD 693699857803
BAD 693703652869
BAD 693705845683
BAD 693707465783
BAD 693708743731
BAD 693712481533
BAD 693712481573
BAD 693718199789
BAD 693718199791
BAD 693721072019
BAD 693721072021
BAD 693722793199
BAD 693722793209
BAD 693746631737
BAD 693814352873
BAD 693731749621
BAD 693815802109
BAD 693817504091
BAD 693739784923
BAD 693739784963
BAD 693943222321
BAD 693943222351
BAD 693943222361
BAD 693943222363
BAD 693776680999
BAD 694011086273
BAD 694011219859
BAD 693793285117
BAD 693793285127
BAD 693860394959
BAD 693860394961
BAD 693944881943
BAD 693948613087
BAD 693948613103
BAD 693948850423
BAD 693948850429
BAD 693865942313
BAD 693866158351
BAD 694020174943
BAD 693789665581
BAD 694021745213
BAD 694028040383
BAD 694028040389
BAD 693952907413
BAD 693952907423
BAD 693880486399
BAD 693872314099
BAD 693872314103
BAD 693872314159
BAD 694024364989
BAD 694024365011
BAD 694029903527
BAD 694029903529
BAD 694029903533
BAD 694029903551
BAD 693873818969
BAD 693873818971
BAD 694025935261
BAD 693961011859
BAD 693961011871
BAD 693886054159
BAD 693887592401
BAD 693837528287
BAD 693837528289
BAD 693889194311
BAD 693966710477
BAD 693966710483
BAD 694038810433
BAD 693973127347
BAD 694042521091
BAD 694058531533
BAD 693997824749
BAD 694092185299
BAD 694093353013
BAD 693768683107
BAD 693769809289
BAD 694061819723
BAD 693854153857
BAD 693914140351
BAD 693916460927
BAD 694071859199
BAD 693985117327
BAD 693986366707
BAD 693986366713
BAD 693925244141
BAD 693925244143
BAD 693895890139
BAD 693895890143
BAD 693991303189
BAD 693899669689
BAD 693899669707
BAD 693926868263
BAD 693932028541
BAD 693932028563
BAD 693932028571
BAD 693935278579
BAD 693935278583
BAD 693935278669
BAD 693935278681
BAD 693935278769
BAD 693938204299
BAD 693938387509
BAD 693940937639
BAD 694110988141
BAD 694113808967
BAD 694115783573
BAD 694118429959
BAD 694121672347
BAD 694124111089
BAD 694136589023
BAD 694140232661
BAD 694140232663
BAD 694141895851
BAD 694142485891
BAD 694142485903
BAD 694143952261
BAD 694197591889
BAD 694197591907
BAD 694197591911
BAD 694202369369
BAD 694203091513
BAD 694315321319
BAD 694321691263
BAD 694188803729
BAD 694188803731
BAD 694324164773
BAD 694247035409
BAD 694248076217
BAD 694248076219
BAD 694248076231
BAD 694248076237
BAD 694248076243
BAD 694241716897
BAD 694328256397
BAD 694254683953
BAD 694254683963
BAD 694351340791
BAD 694258404547
BAD 694352419951
BAD 694352419961
BAD 694352419963
BAD 694145532637
BAD 694151370079
BAD 694151968283
BAD 694164437059
BAD 694170129371
BAD 694171885669
BAD 694175588273
BAD 694211233279
BAD 694216477627
BAD 694218077263
BAD 694221511283
BAD 694340215133
BAD 694366130149
BAD 694366130153
BAD 694271526859
BAD 694271913949
BAD 694271913953
BAD 694271913961
BAD 694284711097
BAD 694273707019
BAD 694374102911
BAD 694374102913
BAD 694374804259
BAD 694290534953
BAD 694291637041
BAD 694292595517
BAD 694379149067
BAD 694384285363
BAD 694297925423
BAD 694387369523
BAD 694299118637
BAD 694300143497
BAD 694300143499
BAD 694301901499
BAD 694392045913
BAD 694308180403
BAD 694309580021
BAD 694309580023
BAD 694464736741
BAD 694435002517
BAD 694435002523
BAD 694435002529
BAD 694435002533
BAD 694435002539
BAD 694475026747
BAD 694439637277
BAD 694475026757
BAD 694399058081
BAD 694475026759
BAD 694399058083
BAD 694399421389
BAD 694399556371
BAD 694477027843
BAD 694451885473
BAD 694405401983
BAD 694405402021
BAD 694455930533
BAD 694457442727
BAD 694411174217
BAD 694490722207
BAD 694423606711
BAD 694495446583
BAD 694495446587
BAD 694425789517
BAD 694428233633
BAD 694428725183
BAD 694428906739
BAD 694508751967
BAD 694511757187
BAD 694511757193
BAD 694515735401
BAD 694515735409
BAD 694517987959
BAD 694517987963
BAD 694517987971
BAD 694517987983
BAD 694522028587
BAD 694522328329
BAD 694522328341
BAD 694522328347
BAD 694522328351
BAD 694523495389
BAD 694523693683
BAD 694548786863
BAD 694554240539
BAD 694554240563
BAD 694554691991
BAD 694554841051
BAD 694559029849
BAD 694630558429
BAD 694538560153
BAD 694538601413
BAD 694543989707
BAD 694546359763
BAD 694600481359
BAD 694600481363
BAD 694614144821
BAD 694614144823
BAD 694702353959
BAD 694703422643
BAD 694707221393
BAD 694707221401
BAD 694709953423
BAD 694682913083
BAD 694849413931
BAD 694849413941
BAD 694850040791
BAD 694850040793
BAD 694687786103
BAD 694689847457
BAD 694689847459
BAD 694689847463
BAD 694648096873
BAD 694853164351
BAD 694693305451
BAD 694753463603
BAD 694769531333
BAD 694759142453
BAD 694833337291
BAD 694834759363
BAD 694666119163
BAD 694572578113
BAD 694573234811
BAD 694573234813
BAD 694670252413
BAD 694670252429
BAD 694781488913
BAD 694672095991
BAD 694576100513
BAD 694672671839
BAD 694672671841
BAD 694844311877
BAD 694844311951
BAD 694844359513
BAD 694844359519
BAD 694579971259
BAD 694579971263
BAD 694579971427
BAD 694845547189
BAD 694845547243
BAD 694735363813
BAD 694735363823
BAD 694741673419
BAD 694718556799
BAD 694816866181
BAD 694722647881
BAD 694725515723
BAD 694725515773
BAD 694886730667
BAD 694886730691
BAD 694889356561
BAD 694786336493
BAD 694786336513
BAD 694786336529
BAD 694786336591
BAD 694786336633
BAD 694894743463
BAD 694902221843
BAD 694792668149
BAD 694792668151
BAD 694906448813
BAD 694912362803
BAD 694866048271
BAD 694880370473
BAD 694925360977
BAD 694925360993
BAD 694925948287
BAD 694939011161
BAD 694940595541
BAD 694942613333
BAD 694943816131
BAD 694973012693
BAD 694977756107
BAD 695004830503
BAD 695005769921
BAD 695006720677
BAD 695100742657
BAD 695100761339
BAD 694988078273
BAD 694989769517
BAD 694992866401
BAD 695017362077
BAD 695017362079
BAD 695017362107
BAD 695017537703
BAD 695019623693
BAD 694997666873
BAD 694998790609
BAD 695203215283
BAD 695023555043
BAD 695111592997
BAD 695024235211
BAD 695112766457
BAD 695033222987
BAD 695028397177
BAD 695037922559
BAD 695037922561
BAD 695215184333
BAD 695215184341
BAD 695217556309
BAD 695051388103
BAD 695046823909
BAD 695053713397
BAD 695077916657
BAD 695078902669
BAD 695078902673
BAD 695057480503
BAD 695080127713
BAD 695059616533
BAD 695082301393
BAD 695066324657
BAD 695066324663
BAD 695284966801
BAD 694959864689
BAD 694959864691
BAD 694961071711
BAD 695218876411
BAD 695221900433
BAD 695190755767
BAD 695237565107
BAD 695237565109
BAD 695092058209
BAD 695194947137
BAD 695194947143
BAD 695194947149
BAD 695194947151
BAD 695196704333
BAD 695095814873
BAD 695096428027
BAD 695096428031
BAD 695200348757
BAD 695098660849
BAD 695119233253
BAD 695247464911
BAD 695120298793
BAD 695120298799
BAD 695169386441
BAD 695171144209
BAD 695124297463
BAD 695171839619
BAD 695174985229
BAD 695132700979
BAD 695132701013
BAD 695139048589
BAD 695144034631
BAD 695151109729
BAD 695151854437
BAD 695156358511
BAD 695156358527
BAD 695156358529
BAD 695158851787
BAD 695162639389
BAD 695165002627
BAD 695165002633
BAD 695304756533
BAD 695306629681
BAD 695308774999
BAD 695323369621
BAD 695336682589
BAD 695329796101
BAD 695341323023
BAD 695342242171
BAD 695333891111
BAD 695333891113
BAD 695333891117
BAD 695344475563
BAD 695349287293
BAD 695353302613
BAD 695356160053
BAD 695356160069
BAD 695357012851
BAD 695362365781
BAD 695365934117
BAD 695365934119
BAD 695368898969
BAD 695368898971
BAD 695371375763
BAD 695379463841
BAD 695379463843
BAD 695382506153
BAD 695406486311
BAD 695409905191
BAD 695411949601
BAD 695412237437
BAD 695412237439
BAD 695412473537
BAD 695413552627
BAD 695417167559
BAD 695417167561
BAD 695469791147
BAD 695476017101
BAD 695476017113
BAD 695490294913
BAD 695479902571
BAD 695479902583
BAD 695492799853
BAD 695461335029
BAD 695461335031
BAD 695534286991
BAD 695534287009
BAD 695464923631
BAD 695443598659
BAD 695443598851
BAD 695466443743
BAD 695466443747
BAD 695604861271
BAD 695447248673
BAD 695447248681
BAD 695502877219
BAD 695607837413
BAD 695448575453
BAD 695624051821
BAD 695624509001
BAD 695624509003
BAD 695626688767
BAD 695626688773
BAD 695629537943
BAD 695629537957
BAD 695617282907
BAD 695617282909
BAD 695630021573
BAD 695631825323
BAD 695631825337
BAD 695634156739
BAD 695390945813
BAD 695394074047
BAD 695394074051
BAD 695399090107
BAD 695399607379
BAD 695400392887
BAD 695576459471
BAD 695591478367
BAD 695580449621
BAD 695580449623
BAD 695673469307
BAD 695582574163
BAD 695673469417
BAD 695598871039
BAD 695585833343
BAD 695585833351
BAD 695600695253
BAD 695638033249
BAD 695602565971
BAD 695639178511
BAD 695681905379
BAD 695681905381
BAD 695660830453
BAD 695663642857
BAD 695666268151
BAD 695544357637
BAD 695544357679
BAD 695545155367
BAD 695554075763
BAD 695549322763
BAD 695549544233
BAD 695556072949
BAD 695690755853
BAD 695695667221
BAD 695744386739
BAD 695744386741
BAD 695744386747
BAD 695748558301
BAD 695722400837
BAD 695722400839
BAD 695722400843
BAD 695726672569
BAD 695732729749
BAD 695732729779
BAD 695732729837
BAD 695733714133
BAD 695708260939
BAD 695708260943
BAD 695717055503
BAD 695718066247
BAD 695756094643
BAD 695757047099
BAD 695757047101
BAD 695759380247
BAD 695768754469
BAD 695770610131
BAD 695773717421
BAD 695773717423
BAD 695778075493
BAD 695778075563
BAD 695778104767
BAD 695884234973
BAD 695884670581
BAD 695886057203
BAD 695943894119
BAD 695943894127
BAD 695947304431
BAD 695948023807
BAD 695890741103
BAD 695892843683
BAD 695892843689
BAD 695892843691
BAD 695892843697
BAD 695951771639
BAD 695852618837
BAD 695854517863
BAD 695899129129
BAD 695931812581
BAD 695936503051
BAD 695936503061
BAD 695936503063
BAD 695825354803
BAD 695825937439
BAD 695827267871
BAD 695830957897
BAD 695830957901
BAD 695831624461
BAD 695835702983
BAD 695800064623
BAD 695806133003
BAD 696008041283
BAD 695815143409
BAD 696013185079
BAD 695821495051
BAD 695958007757
BAD 696022952039
BAD 696022952041
BAD 695963808049
BAD 695968124723
BAD 695969126731
BAD 695969126737
BAD 695909311927
BAD 695909311987
BAD 695909940013
BAD 695909940017
BAD 695911759141
BAD 695912302819
BAD 695912302879
BAD 695915823103
BAD 695917858303
BAD 695921265961
BAD 695922215783
BAD 695992481827
BAD 695992481857
BAD 695992481861
BAD 695995783103
BAD 695997551477
BAD 695997551479
BAD 696002554249
BAD 696002554253
BAD 696002554301
BAD 695973416431
BAD 695981964341
BAD 695982712351
BAD 695982712357
BAD 695982712361
BAD 695982712363
BAD 695983221343
BAD 696042174481
BAD 696042629371
BAD 696030928729
BAD 696030928741
BAD 696032759761
BAD 696034484797
BAD 696034484801
BAD 696059975423
BAD 696059975441
BAD 696038162893
BAD 696038691083
BAD 696114219721
BAD 696068999303
BAD 696068999341
BAD 696069792361
BAD 696090860371
BAD 696096977899
BAD 696105391493
BAD 696106296439
BAD 696161090333
BAD 696162131243
BAD 696170042059
BAD 696170042063
BAD 696178165703
BAD 696186342871
BAD 696187373731
BAD 696189142529
BAD 696189142531
BAD 696125106343
BAD 696125106359
BAD 696125106361
BAD 696125106421
BAD 696125106473
BAD 696142118533
BAD 696142118537
BAD 696143113711
BAD 696130844821
BAD 696147521183
BAD 696133050673
BAD 696134434649
BAD 696134434651
BAD 696151253363
BAD 696151253389
BAD 696135478823
BAD 696209713841
BAD 696241394881
BAD 696241394887
BAD 696261032659
BAD 696250017209
BAD 696193138103
BAD 696193138117
BAD 696256707743
BAD 696224353661
BAD 696224353663
BAD 696202867069
BAD 696229233001
BAD 696233161291
BAD 696239702803
BAD 696239702813
BAD 696240262891
BAD 696312368491
BAD 696328083961
BAD 696328084079
BAD 696296449591
BAD 696296449603
BAD 696317270119
BAD 696345586639
BAD 696322063873
BAD 696347527921
BAD 696347632681
BAD 696336225119
BAD 696323150431
BAD 696323437729
BAD 696339883901
BAD 696339883903
BAD 696278025203
BAD 696278845127
BAD 696280344379
BAD 696286626071
BAD 696286626073
BAD 696361935541
BAD 696361935547
BAD 696362211871
BAD 696367349053
BAD 696394764349
BAD 696394764353
BAD 696386107933
BAD 696388447771
BAD 696391241401
BAD 696427769041
BAD 696431110163
BAD 696435582659
BAD 696435769927
BAD 696435797243
BAD 696516560461
BAD 696437576333
BAD 696519384973
BAD 696480880903
BAD 696497828029
BAD 696461481673
BAD 696463044799
BAD 696463044803
BAD 696458042869
BAD 696463205749
BAD 696486411949
BAD 696412120819
BAD 696466472827
BAD 696502212349
BAD 696502212353
BAD 696502212359
BAD 696502212361
BAD 696490569233
BAD 696422401139
BAD 696423522901
BAD 696423522917
BAD 696547472317
BAD 696552706001
BAD 696552706009
BAD 696553804889
BAD 696558381481
BAD 696534560027
BAD 696534560039
BAD 696534560041
BAD 696540519211
BAD 696596432747
BAD 696597716753
BAD 696632368051
BAD 696632368057
BAD 696602179853
BAD 696605755253
BAD 696605755267
BAD 696610481389
BAD 696644108401
BAD 696615381907
BAD 696562249727
BAD 696562249729
BAD 696577998593
BAD 696650121313
BAD 696652190581
BAD 696652190587
BAD 696652190593
BAD 696616736737
BAD 696616736741
BAD 696616736749
BAD 696582033253
BAD 696583989197
BAD 696584734429
BAD 696657322267
BAD 696620002607
BAD 696620002633
BAD 696590458063
BAD 696567571339
BAD 696591939781
BAD 696674143807
BAD 696575320303
BAD 696575320327
BAD 696575892613
BAD 696730604573
BAD 696734826143
BAD 696737476381
BAD 696739163089
BAD 696695173571
BAD 696696474437
BAD 696698737673
BAD 696702764521
BAD 696702764531
BAD 696707562301
BAD 696684310261
BAD 696690530719
BAD 696717707479
BAD 696719760073
BAD 696692860753
BAD 696692970839
BAD 696692970847
BAD 696723332527
BAD 696724127353
BAD 696765147269
BAD 696765147271
BAD 696725100263
BAD 696726340591
BAD 696726340601
BAD 696726340603
BAD 696745898291
BAD 696745898293
BAD 696748118851
BAD 696753982789
BAD 696756549499
BAD 696757815241
BAD 696757819699
BAD 696786302731
BAD 696788401987
BAD 696791115479
BAD 696791908051
BAD 696792707971
BAD 696807424933
BAD 696882049933
BAD 696883758589
BAD 696862366831
BAD 696829636051
BAD 696818010533
BAD 696818010541
BAD 696819487417
BAD 696832945141
BAD 696834941861
BAD 696834941863
BAD 696893283971
BAD 696893283973
BAD 696866192887
BAD 696866192899
BAD 696894693191
BAD 696827255461
BAD 696828076327
BAD 696872459923
BAD 696872829143
BAD 696913646543
BAD 696913646549
BAD 696913646551
BAD 696914941013
BAD 696920083273
BAD 696926657293
BAD 696847782913
BAD 696847782923
BAD 696849181879
BAD 696849181883
BAD 696905061803
BAD 696854976977
BAD 696908633527
BAD 696992288833
BAD 696993014593
BAD 696995311283
BAD 697088865799
BAD 697089994019
BAD 697089994021
BAD 697014992833
BAD 696998322983
BAD 697066237531
BAD 696999705889
BAD 697017843553
BAD 697047854273
BAD 697002825217
BAD 697002825221
BAD 697002825223
BAD 697002825227
BAD 697003240303
BAD 697005775729
BAD 697022559383
BAD 697050672049
BAD 697008250753
BAD 697008250759
BAD 697008706423
BAD 697052879969
BAD 697026548851
BAD 697026548857
BAD 697053534563
BAD 697053809107
BAD 697053809113
BAD 697074392009
BAD 697074392011
BAD 697074392023
BAD 697057531843
BAD 697057531847
BAD 697061708489
BAD 697061708491
BAD 697147904041
BAD 697147904113
BAD 697147904119
BAD 697148719409
BAD 697148719411
BAD 697149216979
BAD 697150440433
BAD 697150454761
BAD 697100010083
BAD 697100010091
BAD 697100010097
BAD 697150721623
BAD 697103722043
BAD 697103792789
BAD 697104706811
BAD 697104706819
BAD 697104706843
BAD 697031797573
BAD 697119209333
BAD 697034770853
BAD 697037470553
BAD 697037470561
BAD 697038427417
BAD 697125233771
BAD 697125233773
BAD 697125765727
BAD 697125765731
BAD 697045127159
BAD 697045127161
BAD 697173165023
BAD 697199799581
BAD 697175965273
BAD 697175965279
BAD 697207225523
BAD 697191700213
BAD 697210965721
BAD 697223196811
BAD 697223196823
BAD 697231138013
BAD 697232183051
BAD 697250156333
BAD 697250156341
BAD 697250156353
BAD 697250156357
BAD 697250156359
BAD 697250156363
BAD 697250156371
BAD 697276185523
BAD 697276185527
BAD 697277948687
BAD 697246011409
BAD 697246011421
BAD 697257491837
BAD 697257491839
BAD 697259564923
BAD 697259564927
BAD 697259564929
BAD 697259564933
BAD 697259564951
BAD 697333622581
BAD 697263813991
BAD 697335937121
BAD 697336970233
BAD 697340565157
BAD 697345621561
BAD 697347991831
BAD 697293096827
BAD 697318496359
BAD 697318496363
BAD 697320167413
BAD 697301027047
BAD 697301027051
BAD 697301027053
BAD 697307205781
BAD 697350422063
BAD 697352791309
BAD 697352791313
BAD 697363399319
BAD 697363399321
BAD 697405822051
BAD 697383134369
BAD 697388859031
BAD 697413325793
BAD 697370600851
BAD 697374053359
BAD 697374053381
BAD 697375405981
BAD 697504615363
BAD 697398367667
BAD 697398367669
BAD 697376468819
BAD 697508373871
BAD 697496627557
BAD 697513011683
BAD 697513461961
BAD 697468712209
BAD 697441612981
BAD 697441831459
BAD 697474393199
BAD 697474393201
BAD 697446967313
BAD 697477421731
BAD 697478697613
BAD 697481655931
BAD 697454181811
BAD 697456256621
BAD 697456256641
BAD 697424071921
BAD 697424071943
BAD 697457803129
BAD 697457803223
BAD 697517687989
BAD 697425419491
BAD 697425419497
BAD 697425419501
BAD 697425419503
BAD 697425419507
BAD 697459984447
BAD 697520006041
BAD 697462573807
BAD 697521567593
BAD 697521668539
BAD 697521668549
BAD 697521668551
BAD 697429629991
BAD 697429629997
BAD 697524443807
BAD 697524443809
BAD 697524443821
BAD 697431420823
BAD 697527376087
BAD 697527376093
BAD 697529683703
BAD 697600357697
BAD 697590160753
BAD 697604884423
BAD 697592010811
BAD 697592555923
BAD 697592555953
BAD 697559501257
BAD 697559532451
BAD 697563557783
BAD 697569914059
BAD 697572428747
BAD 697572428753
BAD 697574556533
BAD 697575773233
BAD 697576824443
BAD 697576824457
BAD 697576824463
BAD 697576824499
BAD 697580444069
BAD 697581080143
BAD 697581080149
BAD 697581080153
BAD 697581295897
BAD 697543922549
BAD 697667275651
BAD 697674148441
BAD 697674492967
BAD 697634975083
BAD 697640790191
BAD 697640790193
BAD 697640790199
BAD 697640790211
BAD 697641488717
BAD 697653949849
BAD 697654657507
BAD 697705718293
BAD 697695261103
BAD 697649479873
BAD 697649874979
BAD 697649874983
BAD 697700097013
BAD 697649875033
BAD 697666357247
BAD 697624386821
BAD 697728655849
BAD 697732163083
BAD 697736012573
BAD 697737198677
BAD 697737198679
BAD 697738832753
BAD 697746193763
BAD 697756195639
BAD 697770232553
BAD 697773042103
BAD 697890112973
BAD 697890330439
BAD 697764715993
BAD 697893140683
BAD 697782034141
BAD 697782454387
BAD 697942458413
BAD 697942524001
BAD 697996907303
BAD 697997919013
BAD 697871049163
BAD 697872421109
BAD 697872421111
BAD 697959055379
BAD 697950676573
BAD 697961123683
BAD 697862290141
BAD 697863552943
BAD 697863709261
BAD 697818356957
BAD 697818356959
BAD 697818357037
BAD 698003324699
BAD 698003324701
BAD 698003817713
BAD 697928759903
BAD 697930496441
BAD 697930496453
BAD 697785853489
BAD 697785853493
BAD 697787629883
BAD 697832747041
BAD 697832747047
BAD 697789723471
BAD 697789723481
BAD 697970252479
BAD 697970252599
BAD 697980194783
BAD 697981310927
BAD 698020743457
BAD 698020743491
BAD 698020743493
BAD 698031355913
BAD 698034542461
BAD 698034542467
BAD 698103843499
BAD 698111715421
BAD 698048047469
BAD 698048047471
BAD 698072612777
BAD 698072612779
BAD 698112248333
BAD 698114351971
BAD 698052169127
BAD 698076643367
BAD 698138544407
BAD 698138544409
BAD 698120029991
BAD 698120029993
BAD 698139458257
BAD 698080501927
BAD 698082118361
BAD 698053549477
BAD 698055207181
BAD 698123117017
BAD 698124886519
BAD 698124886523
BAD 698124886567
BAD 698124886573
BAD 698152606457
BAD 698152765523
BAD 698152765579
BAD 698126369263
BAD 698126369267
BAD 698062721401
BAD 698062721417
BAD 698088352141
BAD 698131450493
BAD 698090367497
BAD 698093765801
BAD 698133990649
BAD 698190315377
BAD 698190315379
BAD 698190774199
BAD 698193609419
BAD 698193609427
BAD 698197617527
BAD 698197617529
BAD 698173715311
BAD 698199689191
BAD 698221401571
BAD 698154818539
BAD 698154848299
BAD 698154848359
BAD 698154885863
BAD 698177221129
BAD 698155885643
BAD 698155885649
BAD 698156086367
BAD 698178466553
BAD 698178466561
BAD 698204156891
BAD 698206490213
BAD 698229701287
BAD 698207131021
BAD 698207131109
BAD 698230346987
BAD 698162168521
BAD 698162168527
BAD 698162168531
BAD 698162168533
BAD 698231911571
BAD 698186946533
BAD 698389595843
BAD 698236884001
BAD 698394439819
BAD 698394439823
BAD 698394759991
BAD 698394760001
BAD 698394760003
BAD 698215955083
BAD 698216857867
BAD 698216857873
BAD 698396139653
BAD 698399643833
BAD 698400700867
BAD 698255737051
BAD 698255737057
BAD 698255737061
BAD 698255737063
BAD 698255754083
BAD 698255754089
BAD 698291903689
BAD 698256375721
BAD 698256375731
BAD 698257478363
BAD 698276460403
BAD 698407037837
BAD 698299532747
BAD 698407037843
BAD 698263077181
BAD 698264759537
BAD 698264759539
BAD 698326861697
BAD 698326861699
BAD 698327620717
BAD 698327659303
BAD 698327659307
BAD 698281069379
BAD 698281420163
BAD 698281420223
BAD 698267105281
BAD 698285798719
BAD 698286189187
BAD 698287760173
BAD 698420249453
BAD 698421906337
BAD 698345061121
BAD 698314279471
BAD 698376758231
BAD 698376988409
BAD 698376988411
BAD 698381723497
BAD 698244020869
BAD 698244542767
BAD 698246614291
BAD 698246614297
BAD 698385943987
BAD 698387908609
BAD 698387908613
BAD 698387908811
BAD 698425632139
BAD 698427069763
BAD 698427069779
BAD 698430723049
BAD 698430723059
BAD 698430723061
BAD 698430723083
BAD 698431400899
BAD 698433216683
BAD 698434102321
BAD 698437392817
BAD 698490467251
BAD 698492108471
BAD 698492108473
BAD 698498267099
BAD 698476147849
BAD 698504921843
BAD 698504921867
BAD 698504921869
BAD 698505710173
BAD 698443653799
BAD 698478481399
BAD 698445175079
BAD 698445175081
BAD 698506596001
BAD 698506596017
BAD 698460575063
BAD 698506596019
BAD 698460575069
BAD 698506912531
BAD 698508358033
BAD 698466875189
BAD 698511275573
BAD 698542764317
BAD 698542764319
BAD 698542764323
BAD 698513238097
BAD 698546727631
BAD 698514482023
BAD 698535904921
BAD 698550728483
BAD 698538295633
BAD 698538295639
BAD 698539575061
BAD 698539575073
BAD 698539575121
BAD 698539575127
BAD 698556070853
BAD 698520354979
BAD 698522207573
BAD 698595358519
BAD 698595358529
BAD 698598011879
BAD 698598011887
BAD 698602158913
BAD 698691358763
BAD 698691358787
BAD 698691358801
BAD 698693536699
BAD 698693536721
BAD 698693536727
BAD 698695183531
BAD 698696272723
BAD 698728643251
BAD 698703762949
BAD 698704253707
BAD 698705728717
BAD 698706249953
BAD 698706250141
BAD 698706644071
BAD 698624792539
BAD 698624792543
BAD 698624792549
BAD 698707622911
BAD 698707622917
BAD 698707622927
BAD 698632505959
BAD 698632831801
BAD 698713587001
BAD 698713587079
BAD 698713587083
BAD 698606779393
BAD 698606779399
BAD 698715465619
BAD 698609110711
BAD 698717442893
BAD 698717577749
BAD 698717577751
BAD 698657210183
BAD 698658358351
BAD 698635263301
BAD 698613116083
BAD 698640754789
BAD 698640992873
BAD 698638210843
BAD 698748677807
BAD 698748677813
BAD 698748757153
BAD 698666511511
BAD 698751869833
BAD 698751869843
BAD 698646445493
BAD 698646445501
BAD 698667404629
BAD 698667790703
BAD 698762577727
BAD 698668342553
BAD 698762720353
BAD 698671960541
BAD 698671960543
BAD 698769134113
BAD 698769134117
BAD 698769134137
BAD 698769134143
BAD 698771374963
BAD 698771460151
BAD 698771460157
BAD 698656690141
BAD 698771460161
BAD 698679311657
BAD 698776965451
BAD 698582494081
BAD 698683773569
BAD 698780050273
BAD 698791815653
BAD 698793685003
BAD 698588153101
BAD 698800742851
BAD 698802034439
BAD 698813718973
BAD 698816311381
BAD 698816311387
BAD 698857929331
BAD 698886678233
BAD 698886678251
BAD 698886678253
BAD 698828107639
BAD 698828737679
BAD 698828737681
BAD 698828737699
BAD 698906262179
BAD 698906262181
BAD 698832731783
BAD 698832731797
BAD 698929293247
BAD 698936193523
BAD 698938423879
BAD 698938423891
BAD 698860108003
BAD 698863408577
BAD 698863408591
BAD 698867260717
BAD 698867260723
BAD 698875081127
BAD 698918203201
BAD 698918203231
BAD 698918203237
BAD 698956591643
BAD 699043692007
BAD 699045453779
BAD 699045453781
BAD 699049126291
BAD 699022456021
BAD 699149918513
BAD 699054045673
BAD 699062274121
BAD 699054182191
BAD 699025503667
BAD 699152049881
BAD 699033316789
BAD 699002212771
BAD 699067529969
BAD 699067529981
BAD 699067529983
BAD 699067529989
BAD 699157135147
BAD 698976215053
BAD 698976215057
BAD 699007090459
BAD 699158769163
BAD 699070442737
BAD 699159767809
BAD 699040678187
BAD 699040678201
BAD 698979357061
BAD 698965083631
BAD 699042372271
BAD 699074682871
BAD 698985885173
BAD 699132297067
BAD 699133295017
BAD 699133295023
BAD 698988646817
BAD 699140261363
BAD 699140261371
BAD 699163652087
BAD 699170919593
BAD 699170919599
BAD 699187401541
BAD 699187596137
BAD 699187596139
BAD 699187596143
BAD 699187787401
BAD 699106444753
BAD 699106523939
BAD 699106523963
BAD 699107672743
BAD 699190103551
BAD 699203102839
BAD 699079021657
BAD 699250260817
BAD 699250260823
BAD 699250260827
BAD 699250260829
BAD 699253419569
BAD 699253419577
BAD 699253419587
BAD 699253419589
BAD 699223187329
BAD 699278144987
BAD 699234062537
BAD 699234062539
BAD 699234062543
BAD 699285993083
BAD 699290726839
BAD 699292279223
BAD 699355460581
BAD 699359107849
BAD 699359107861
BAD 699359107871
BAD 699311364221
BAD 699313526533
BAD 699271186853
BAD 699317355397
BAD 699321693821
BAD 699326003209
BAD 699326003227
BAD 699296224489
BAD 699296224519
BAD 699298735013
BAD 699298735027
BAD 699298735033
BAD 699307297789
BAD 699332141953
BAD 699335775857
BAD 699338107381
BAD 699343655809
BAD 699450138161
BAD 699416602747
BAD 699452000461
BAD 699454356151
BAD 699480838471
BAD 699421491031
BAD 699424331821
BAD 699429094127
BAD 699429094129
BAD 699425198041
BAD 699425249321
BAD 699425249323
BAD 699425249333
BAD 699430205209
BAD 699426405263
BAD 699485121833
BAD 699505058099
BAD 699460389269
BAD 699486056263
BAD 699396150883
BAD 699509636491
BAD 699445038841
BAD 699514876579
BAD 699514876603
BAD 699515428567
BAD 699524605547
BAD 699524605561
BAD 699532298471
BAD 699532298473
BAD 699532298477
BAD 699364961063
BAD 699468276929
BAD 699468276931
BAD 699367209571
BAD 699469840051
BAD 699471698143
BAD 699471698147
BAD 699471698171
BAD 699368542853
BAD 699537489127
BAD 699475324403
BAD 699475324409
BAD 699475324411
BAD 699540062941
BAD 699540062957
BAD 699540062959
BAD 699540062971
BAD 699371695219
BAD 699371695223
BAD 699542297437
BAD 699542297449
BAD 699542297459
BAD 699542297479
BAD 699560137489
BAD 699545265623
BAD 699545957027
BAD 699545957029
BAD 699546072229
BAD 699546072233
BAD 699379864591
BAD 699386971141
BAD 699389493997
BAD 699389494003
BAD 699394179443
BAD 699394179469
BAD 699619801511
BAD 699619801513
BAD 699580176049
BAD 699589426999
BAD 699589427003
BAD 699590978137
BAD 699594788161
BAD 699596366251
BAD 699610352449
BAD 699610352459
BAD 699610352461
BAD 699653666449
BAD 699661989919
BAD 699663623573
BAD 699663623587
BAD 699663623599
BAD 699664474823
BAD 699637300897
BAD 699641151919
BAD 699717415471
BAD 699719044873
BAD 699723996043
BAD 699698012627
BAD 699725571991
BAD 699702213967
BAD 699730477639
BAD 699705823283
BAD 699707671193
BAD 699683807593
BAD 699683807597
BAD 699710877413
BAD 699713063083
BAD 699713063087
BAD 699713063089
BAD 699688588733
BAD 699732824393
BAD 699734774881
BAD 699741083581
BAD 699765413063
BAD 699767651491
BAD 699767651497
BAD 699767651501
BAD 699767651503
BAD 699767651507
BAD 699767651509
BAD 699768497893
BAD 699768497903
BAD 699849792623
BAD 699852676157
BAD 699801244073
BAD 699801244097
BAD 699801244099
BAD 699833934199
BAD 699834721063
BAD 699837673921
BAD 699837673943
BAD 699837673967
BAD 699807123839
BAD 699906432991
BAD 699908320487
BAD 699842601551
BAD 699842601553
BAD 699915851311
BAD 699865294523
BAD 699843930649
BAD 699954599243
BAD 699944612153
BAD 699917896807
BAD 699956754659
BAD 699956754661
BAD 699820942123
BAD 699884521211
BAD 699884521213
BAD 699885038851
BAD 699870434911
BAD 699870434951
BAD 699948672281
BAD 699948672289
BAD 699885675641
BAD 699885675691
BAD 699885675703
BAD 699759868279
BAD 699887965411
BAD 699889612297
BAD 699961905241
BAD 699875877143
BAD 699890857103
BAD 699891885697
BAD 699964663861
BAD 699892653079
BAD 699929624959
BAD 699929624963
BAD 699972431737
BAD 699880302007
BAD 699977125621
BAD 699978737641
BAD 699980080621
BAD 699988932169
BAD 699990569857
RANGE 690000000000 700000000000 PRIMES 366742754 BAD 2614
