BAD 720218562367
BAD 720218567741
BAD 720237182957
BAD 720237182963
BAD 720155710741
BAD 720155971553
BAD 720156023269
BAD 720156023273
BAD 720156023317
BAD 720158297669
BAD 720158297671
BAD 720158329249
BAD 720158448649
BAD 720224034991
BAD 720241951171
BAD 720372169337
BAD 720372169339
BAD 720225077603
BAD 720225559301
BAD 720225559303
BAD 720375265703
BAD 720302290333
BAD 720302290391
BAD 720302290403
BAD 720302792161
BAD 720165905539
BAD 720232994101
BAD 720233075663
BAD 720276161333
BAD 720287398829
BAD 720378815683
BAD 720204820109
BAD 720204820129
BAD 720205923659
BAD 720382220881
BAD 720206256643
BAD 720206256677
BAD 720208486289
BAD 720209356213
BAD 720315564151
BAD 720296991353
BAD 720296991383
BAD 720318077449
BAD 720325007771
BAD 720005507107
BAD 720013248043
BAD 720016510417
BAD 720016510429
BAD 720045256561
BAD 720047269919
BAD 720337259989
BAD 720338913113
BAD 720338913157
BAD 720338913187
BAD 720339261989
BAD 720339261991
BAD 720342607913
BAD 720124845793
BAD 720127778107
BAD 720136203107
BAD 720136203109
BAD 720105178553
BAD 720143533523
BAD 720146111273
BAD 720113984459
BAD 720113984461
BAD 720113984467
BAD 720170829289
BAD 720172481269
BAD 720065679259
BAD 720065679283
BAD 720178329953
BAD 720387489769
BAD 720393317957
BAD 720076673809
BAD 720093810487
BAD 720190534967
BAD 720190534969
BAD 720265707653
BAD 720399801271
BAD 720193735351
BAD 720198648731
BAD 720198648733
BAD 720198648737
BAD 720198648739
BAD 720504689147
BAD 720504689153
BAD 720420815383
BAD 720512608609
BAD 720406037851
BAD 720406037899
BAD 720513208369
BAD 720513208381
BAD 720424931011
BAD 720424931041
BAD 720425062171
BAD 720425062177
BAD 720470290789
BAD 720436849633
BAD 720415561603
BAD 720477155809
BAD 720437342641
BAD 720416461199
BAD 720416461201
BAD 720416461217
BAD 720416461223
BAD 720439817941
BAD 720440807521
BAD 720440807551
BAD 720440807557
BAD 720440807563
BAD 720440807573
BAD 720444150487
BAD 720532021151
BAD 720532021189
BAD 720534463031
BAD 720463608919
BAD 720463608923
BAD 720463673297
BAD 720463673299
BAD 720487222241
BAD 720494196859
BAD 720496765283
BAD 720496932383
BAD 720496932391
BAD 720502651753
BAD 720502651763
BAD 720542384843
BAD 720699433589
BAD 720699433591
BAD 720595842553
BAD 720595842557
BAD 720595842559
BAD 720571806151
BAD 720574208173
BAD 720578946421
BAD 720789518557
BAD 720789660319
BAD 720790460869
BAD 720671721271
BAD 720671721299
BAD 720793968589
BAD 720799234531
BAD 720802120009
BAD 720802120013
BAD 720804921059
BAD 720804921061
BAD 720604545319
BAD 720687188149
BAD 720768021109
BAD 720770099953
BAD 720770099957
BAD 720770099963
BAD 720770099969
BAD 720770099971
BAD 720613558459
BAD 720713710741
BAD 720775711153
BAD 720775711157
BAD 720739504483
BAD 720739592431
BAD 720779192621
BAD 720779745409
BAD 720624932947
BAD 720786548239
BAD 720730358209
BAD 720787318441
BAD 720749107081
BAD 720626980289
BAD 720626980291
BAD 720750249529
BAD 720754413529
BAD 720754477567
BAD 720644623949
BAD 720644623957
BAD 720664126733
BAD 720667171397
BAD 720669781231
BAD 720669781243
BAD 720859193993
BAD 720859194007
BAD 720859343461
BAD 720860241709
BAD 720860241713
BAD 720860241733
BAD 720860241757
BAD 720860241779
BAD 720860241781
BAD 720865348397
BAD 720867462901
BAD 720867462923
BAD 720868674193
BAD 720823351903
BAD 720839656793
BAD 720839656813
BAD 720826772423
BAD 720829625597
BAD 720829625599
BAD 720817899463
BAD 720819190747
BAD 720891117413
BAD 720837661903
BAD 720837661913
BAD 720850770557
BAD 720850770559
BAD 720901526537
BAD 720901526539
BAD 720901526603
BAD 720904728647
BAD 720904728667
BAD 720904728671
BAD 720904728673
BAD 720885991523
BAD 720887531327
BAD 720927727591
BAD 720927727603
BAD 720930460409
BAD 720932838917
BAD 720936171533
BAD 720937124827
BAD 720939198841
BAD 720939372847
BAD 720943124131
BAD 720959481733
BAD 720951349801
BAD 720964152473
BAD 720964152479
BAD 720990989507
BAD 720990989513
BAD 720966505319
BAD 720966505321
BAD 720976647961
BAD 720995978177
BAD 720995978179
BAD 720995978189
BAD 720995978191
BAD 720996974987
BAD 721002325103
BAD 720983801539
BAD 720985035319
BAD 721018988839
BAD 721019728501
BAD 721020278617
BAD 721020278633
BAD 721020278773
BAD 721126945249
BAD 721135767949
BAD 721135898711
BAD 721031370589
BAD 721037165683
BAD 721037165843
BAD 721090649633
BAD 721090649639
BAD 721090649641
BAD 721093394327
BAD 721160208473
BAD 721160557853
BAD 721164087481
BAD 721166326687
BAD 721105534537
BAD 721045712683
BAD 721045712693
BAD 721066333789
BAD 721075682713
BAD 721072705169
BAD 721073526169
BAD 721073526181
BAD 721078955147
BAD 721080437453
BAD 721264700419
BAD 721084060517
BAD 721084060519
BAD 721142594839
BAD 721084060523
BAD 721143256957
BAD 721143256961
BAD 721143256963
BAD 721143256993
BAD 721086381649
BAD 721205647157
BAD 721151446493
BAD 721113191311
BAD 721113537229
BAD 721113537233
BAD 721113537259
BAD 721275195383
BAD 721277339369
BAD 721277339371
BAD 721156415663
BAD 721156415671
BAD 721156415677
BAD 721279735933
BAD 721249614581
BAD 721249614583
BAD 721249614587
BAD 721228636591
BAD 721230467723
BAD 721230467731
BAD 721231131437
BAD 721123413623
BAD 721257408943
BAD 721257408947
BAD 721232954899
BAD 721236243293
BAD 721305838343
BAD 721239055451
BAD 721209261803
BAD 721209261809
BAD 721209261811
BAD 721223967493
BAD 721175919097
BAD 721182294871
BAD 721188002299
BAD 721188147011
BAD 721188147013
BAD 721334909689
BAD 721348774511
BAD 721348774513
BAD 721395595649
BAD 721356807139
BAD 721402064573
BAD 721381396051
BAD 721381722407
BAD 721381722409
BAD 721381722421
BAD 721381722427
BAD 721385950729
BAD 721388417359
BAD 721388977357
BAD 721388977367
BAD 721388977369
BAD 721388977373
BAD 721446918769
BAD 721450894937
BAD 721453061633
BAD 721454573339
BAD 721455747847
BAD 721455747863
BAD 721455747871
BAD 721455747877
BAD 721463570117
BAD 721463570173
BAD 721648958887
BAD 721656319003
BAD 721656319009
BAD 721428522721
BAD 721428522733
BAD 721511149087
BAD 721511149091
BAD 721512320471
BAD 721432933457
BAD 721433439977
BAD 721433439983
BAD 721515705439
BAD 721518578663
BAD 721520072173
BAD 721664576713
BAD 721668740813
BAD 721476411769
BAD 721476499223
BAD 721476499231
BAD 721550578087
BAD 721481697191
BAD 721481697193
BAD 721481697197
BAD 721481697217
BAD 721482835771
BAD 721633133993
BAD 721554809981
BAD 721555196701
BAD 721616846281
BAD 721616846299
BAD 721616846303
BAD 721685688349
BAD 721490011751
BAD 721686842521
BAD 721640544853
BAD 721711911769
BAD 721702534261
BAD 721703478421
BAD 721703478443
BAD 721703478467
BAD 721705391213
BAD 721691062321
BAD 721691062333
BAD 721644097961
BAD 721644097963
BAD 721625479943
BAD 721625479951
BAD 721720286003
BAD 721418528933
BAD 721726620619
BAD 721726620623
BAD 721726620631
BAD 721726741469
BAD 721726741471
BAD 721727110267
BAD 721422973027
BAD 721422973031
BAD 721422973039
BAD 721422973043
BAD 721566312463
BAD 721574472071
BAD 721528791463
BAD 721529026039
BAD 721531981981
BAD 721532410961
BAD 721541087777
BAD 721541087779
BAD 721541939683
BAD 721577562403
BAD 721583467417
BAD 721583467421
BAD 721586309833
BAD 721746850739
BAD 721749201557
BAD 721749201559
BAD 721749563707
BAD 721731925661
BAD 721731925697
BAD 721731925699
BAD 721743820223
BAD 721766000093
BAD 721766000117
BAD 721766000119
BAD 721767418597
BAD 721767418601
BAD 721779014227
BAD 721782940343
BAD 721785755309
BAD 721785755311
BAD 721774459583
BAD 721789051133
BAD 721777081877
BAD 721796101619
BAD 721801588309
BAD 721802799023
BAD 721802799049
BAD 721803638207
BAD 721803638209
BAD 721808349401
BAD 721835223023
BAD 721835223037
BAD 721835223047
BAD 721835223049
BAD 721837039633
BAD 721837039681
BAD 721852588789
BAD 721853893997
BAD 721820535131
BAD 721820535133
BAD 721826491567
BAD 721826491577
BAD 721826491579
BAD 721826491583
BAD 721826491591
BAD 721899584179
BAD 721901222327
BAD 721901319851
BAD 721901319859
BAD 721901319863
BAD 721972021963
BAD 721905404123
BAD 721884188029
BAD 721884188033
BAD 721884651601
BAD 721884651611
BAD 721884651613
BAD 721978230109
BAD 721919908909
BAD 721931228269
BAD 721936913989
BAD 721939118003
BAD 721988191121
BAD 721988191123
BAD 721988191129
BAD 722051435969
BAD 722051435971
BAD 722051435999
BAD 722097431989
BAD 722127143939
BAD 722100814727
BAD 722100814733
BAD 722103313447
BAD 722103313471
BAD 722104932449
BAD 722106067703
BAD 722107550221
BAD 721867049333
BAD 722034827771
BAD 722037369247
BAD 721872231413
BAD 721950633311
BAD 721875544921
BAD 722014275659
BAD 721996541683
BAD 721996541687
BAD 721996541689
BAD 721953067763
BAD 721954739299
BAD 721954901693
BAD 721956780641
BAD 721958857199
BAD 721958857201
BAD 722020923007
BAD 722022219109
BAD 722002923713
BAD 722002923727
BAD 722004131941
BAD 722005669843
BAD 722006021603
BAD 722064352759
BAD 722070503831
BAD 722074021451
BAD 722074021453
BAD 722074021457
BAD 722078879633
BAD 722097120751
BAD 722154594079
BAD 722159282869
BAD 722159282879
BAD 722159282881
BAD 722160363997
BAD 722160364007
BAD 722162640107
BAD 722162640109
BAD 722162640113
BAD 722162921243
BAD 722163101467
BAD 722135936453
BAD 722136101513
BAD 722137298821
BAD 722173245449
BAD 722173245461
BAD 722173245463
BAD 722174684237
BAD 722174684239
BAD 722142099751
BAD 722182394929
BAD 722184103877
BAD 722184272731
BAD 722184272743
BAD 722184272749
BAD 722235438349
BAD 722237299733
BAD 722237299747
BAD 722240025769
BAD 722214157981
BAD 722214394487
BAD 722244001253
BAD 722309712961
BAD 722312781797
BAD 722312781829
BAD 722312781833
BAD 722312781847
BAD 722314507769
BAD 722314507771
BAD 722339892479
BAD 722339892481
BAD 722343645953
BAD 722346099469
BAD 722346497869
BAD 722348418229
BAD 722248560443
BAD 722249210197
BAD 722355800333
BAD 722257844387
BAD 722257844389
BAD 722257844393
BAD 722264638861
BAD 722264638867
BAD 722266463861
BAD 722267857699
BAD 722267857709
BAD 722267857711
BAD 722280324151
BAD 722457019919
BAD 722460011333
BAD 722319434371
BAD 722516664679
BAD 722531348003
BAD 722573406979
BAD 722573406983
BAD 722578567801
BAD 722580839089
BAD 722580839093
BAD 722384209399
BAD 722384209403
BAD 722550460327
BAD 722557571719
BAD 722557571767
BAD 722397814763
BAD 722642813071
BAD 722503098643
BAD 722505249469
BAD 722515798517
BAD 722515798519
BAD 722584357289
BAD 722584357291
BAD 722584886503
BAD 722585307617
BAD 722585307623
BAD 722586795971
BAD 722586795977
BAD 722586795979
BAD 722587376389
BAD 722668848347
BAD 722668923841
BAD 722653186667
BAD 722657107111
BAD 722674603351
BAD 722596134959
BAD 722596134961
BAD 722596134973
BAD 722596264679
BAD 722596264681
BAD 722677898123
BAD 722597848943
BAD 722682773737
BAD 722682773741
BAD 722370156113
BAD 722370473183
BAD 722618689789
BAD 722619847111
BAD 722373604027
BAD 722687180077
BAD 722443930783
BAD 722444184457
BAD 722534660873
BAD 722628639683
BAD 722480207887
BAD 722446492673
BAD 722480735761
BAD 722536153711
BAD 722692652401
BAD 722633527829
BAD 722633527831
BAD 722482918427
BAD 722540610377
BAD 722540610383
BAD 722540610391
BAD 722698760761
BAD 722544186317
BAD 722544186319
BAD 722544680203
BAD 722544754669
BAD 722544754861
BAD 722544754873
BAD 722544865463
BAD 722702204047
BAD 722711018017
BAD 722711093023
BAD 722711093059
BAD 722714736223
BAD 722715226643
BAD 722754778961
BAD 722754778969
BAD 722490760051
BAD 722493069061
BAD 722404349453
BAD 722408000221
BAD 722719034563
BAD 722719034567
BAD 722738049109
BAD 722739768841
BAD 722747173969
BAD 722747286923
BAD 722722891439
BAD 722726796443
BAD 722730512899
BAD 722733224209
BAD 722800851187
BAD 722856638281
BAD 722856638303
BAD 722862113539
BAD 722888818037
BAD 722888818039
BAD 722888818063
BAD 722890612687
BAD 722890612693
BAD 722890612711
BAD 722890612727
BAD 722890612729
BAD 722890612733
BAD 722891961361
BAD 722891961437
BAD 722891961439
BAD 722891961443
BAD 722891961559
BAD 722894736803
BAD 722894736841
BAD 722904624151
BAD 722908292423
BAD 722938808393
BAD 722938808399
BAD 722938808401
BAD 722938808407
BAD 722912278273
BAD 722942783293
BAD 722808098611
BAD 722809984753
BAD 722812959469
BAD 722768563949
BAD 722776076647
BAD 722777004503
BAD 722784991741
BAD 722824131397
BAD 722825684599
BAD 722825684621
BAD 722825684629
BAD 722825684641
BAD 722832604633
BAD 723061166453
BAD 723020249309
BAD 723020249311
BAD 723066287539
BAD 723067218457
BAD 723067218463
BAD 722873824643
BAD 723023859163
BAD 723023859167
BAD 723023859169
BAD 723024816779
BAD 722875085083
BAD 722875085087
BAD 723071754631
BAD 722923653943
BAD 722923653953
BAD 722923653967
BAD 723028916507
BAD 723030036161
BAD 723030036163
BAD 723030355661
BAD 722928488857
BAD 723033736367
BAD 723034223357
BAD 723034223393
BAD 723034223399
BAD 722931177713
BAD 722931177719
BAD 722931177721
BAD 723039886451
BAD 723039886453
BAD 723035240539
BAD 723035516911
BAD 722934560149
BAD 723036525023
BAD 722882963381
BAD 723104639641
BAD 722962330973
BAD 723007657679
BAD 723007657681
BAD 723129317437
BAD 723129317447
BAD 723048743863
BAD 723048743873
BAD 722965468867
BAD 722965468871
BAD 723050222371
BAD 723050222383
BAD 723050222437
BAD 723089392807
BAD 723091404089
BAD 723091404097
BAD 723091404103
BAD 723091404131
BAD 722837679043
BAD 723103406393
BAD 722839081801
BAD 722839081807
BAD 722844479153
BAD 722845657153
BAD 723137939023
BAD 723137939033
BAD 723137939047
BAD 723137939077
BAD 723137939081
BAD 723142501747
BAD 723143523523
BAD 723143523527
BAD 723147879463
BAD 723158658571
BAD 723158658577
BAD 723165058339
BAD 723190743673
BAD 723206413883
BAD 723210474403
BAD 723203123119
BAD 722992242113
BAD 723224695411
BAD 723229498729
BAD 723237231559
BAD 723240331189
BAD 723257781427
BAD 723260575003
BAD 723260575013
BAD 723247089139
BAD 723247089143
BAD 723265252421
BAD 723265252447
BAD 722971653167
BAD 722975309723
BAD 722975309827
BAD 722975309831
BAD 722975309839
BAD 722976723661
BAD 722978419181
BAD 722980119443
BAD 722981645857
BAD 723251476757
BAD 723251476777
BAD 722985686677
BAD 723253522687
BAD 723305912899
BAD 723276079489
BAD 723276079507
BAD 723276079517
BAD 723340693879
BAD 723340693883
BAD 723340693891
BAD 723280256833
BAD 723315453439
BAD 723315453449
BAD 723315453451
BAD 723285215713
BAD 723285463111
BAD 723353113727
BAD 723353113729
BAD 723353113733
BAD 723353113859
BAD 723316023439
BAD 723286535843
BAD 723318642623
BAD 723393414119
BAD 723400317221
BAD 723290276777
BAD 723291030643
BAD 723294505189
BAD 723294505201
BAD 723491769337
BAD 723497129813
BAD 723355560859
BAD 723595700029
BAD 723359796053
BAD 723359796059
BAD 723597502561
BAD 723505161889
BAD 723603943357
BAD 723375196853
BAD 723467872513
BAD 723377262607
BAD 723377262623
BAD 723567220973
BAD 723444773839
BAD 723427222699
BAD 723447118021
BAD 723447118027
BAD 723430257503
BAD 723430257523
BAD 723387466801
BAD 723646995319
BAD 723434310773
BAD 723452182993
BAD 723452818069
BAD 723436426523
BAD 723436426577
BAD 723436426579
BAD 723407882941
BAD 723511565663
BAD 723511565897
BAD 723511565899
BAD 723322719019
BAD 723322719023
BAD 723323423533
BAD 723324753583
BAD 723324889033
BAD 723324889051
BAD 723326150983
BAD 723411054217
BAD 723414240061
BAD 723332019989
BAD 723332894059
BAD 723523133843
BAD 723530836453
BAD 723534154573
BAD 723535855267
BAD 723577180411
BAD 723609697549
BAD 723581002387
BAD 723581002393
BAD 723581002399
BAD 723584191531
BAD 723626922383
BAD 723618781103
BAD 723586720547
BAD 723586720573
BAD 723588525743
BAD 723659396533
BAD 723665022517
BAD 723665022571
BAD 723726087443
BAD 723726087457
BAD 723683569523
BAD 723686920519
BAD 723688578167
BAD 723688578169
BAD 723731677609
BAD 723737294473
BAD 723739653103
BAD 723709251919
BAD 723716138221
BAD 723724273633
BAD 723724273681
BAD 723724273711
BAD 723779719783
BAD 723782551447
BAD 723788934413
BAD 723788934419
BAD 723789042401
BAD 723789042409
BAD 723742932511
BAD 723742932631
BAD 723810528863
BAD 723744946181
BAD 724043712677
BAD 723747340573
BAD 723747340577
BAD 723747340579
BAD 723747340583
BAD 723751025609
BAD 723816625123
BAD 724055138491
BAD 724056264653
BAD 723820012483
BAD 723820012493
BAD 723820279201
BAD 723822774173
BAD 723822774229
BAD 723792397087
BAD 723793183027
BAD 723759399683
BAD 724099376129
BAD 724099376131
BAD 724099376137
BAD 724102896001
BAD 723861119633
BAD 723861119659
BAD 723862436929
BAD 723944166193
BAD 724106041333
BAD 724106041343
BAD 723806231677
BAD 723868080679
BAD 723868505713
BAD 723948530131
BAD 723873030967
BAD 723873030983
BAD 723874623631
BAD 723874700839
BAD 723949272229
BAD 723771533923
BAD 724111664449
BAD 724111664453
BAD 724082209099
BAD 723964267573
BAD 723964267577
BAD 723964288823
BAD 723773700623
BAD 723773700631
BAD 723907823783
BAD 724085636683
BAD 724085636689
BAD 724085636693
BAD 724085636777
BAD 723831080981
BAD 723831080983
BAD 724090575433
BAD 724060467679
BAD 723833690863
BAD 723833690873
BAD 723975235201
BAD 724065320851
BAD 723837160477
BAD 723837160489
BAD 723837160507
BAD 724069964951
BAD 724069964953
BAD 724071031109
BAD 724071031111
BAD 724071255653
BAD 724075996159
BAD 723993520729
BAD 723993520739
BAD 723993520741
BAD 723995661133
BAD 723995661149
BAD 723996238423
BAD 723996238447
BAD 723996238451
BAD 723996238463
BAD 724000395533
BAD 723978451913
BAD 724005613657
BAD 723928744111
BAD 724013908369
BAD 724016340623
BAD 724018113493
BAD 724018113503
BAD 724030536043
BAD 724022989381
BAD 724022989471
BAD 724022989477
BAD 724023629353
BAD 724023629411
BAD 724132499707
BAD 724132668409
BAD 724134462563
BAD 724141340669
BAD 724143658003
BAD 724159286777
BAD 724176372113
BAD 724176499933
BAD 724195592089
BAD 724195592093
BAD 724196984899
BAD 724196984909
BAD 724196984911
BAD 724190407789
BAD 724190407793
BAD 724208555407
BAD 724208555417
BAD 724215640979
BAD 724215640997
BAD 724215640999
BAD 724218686593
BAD 724218686599
BAD 724218686603
BAD 724218942661
BAD 724218942673
BAD 724220662591
BAD 724220690539
BAD 724220690551
BAD 724220690573
BAD 724221211333
BAD 724221211339
BAD 724397206373
BAD 724234728563
BAD 724242068971
BAD 724403208817
BAD 724405925123
BAD 724417710391
BAD 724419388223
BAD 724421491141
BAD 724422226831
BAD 724422226849
BAD 724346029391
BAD 724346029403
BAD 724346651143
BAD 724347773813
BAD 724351607209
BAD 724354189219
BAD 724356854237
BAD 724356854239
BAD 724358848217
BAD 724358848219
BAD 724358848223
BAD 724280106643
BAD 724280706631
BAD 724280706637
BAD 724431838693
BAD 724432532827
BAD 724432532833
BAD 724432532869
BAD 724285463071
BAD 724437124603
BAD 724288963081
BAD 724441127287
BAD 724305292621
BAD 724308973939
BAD 724363541359
BAD 724363608281
BAD 724364204537
BAD 724369083421
BAD 724374879829
BAD 724374879841
BAD 724377598411
BAD 724331801573
BAD 724484953189
BAD 724340399011
BAD 724341943243
BAD 724394460299
BAD 724394460301
BAD 724343571673
BAD 724495564393
BAD 724313728813
BAD 724316589571
BAD 724463031953
BAD 724463032003
BAD 724463916629
BAD 724463916661
BAD 724463916667
BAD 724463916679
BAD 724463916691
BAD 724319885633
BAD 724319885719
BAD 724323472591
BAD 724479042893
BAD 724244725751
BAD 724244725753
BAD 724249665247
BAD 724251024619
BAD 724449135409
BAD 724455927511
BAD 724457303783
BAD 724461658201
BAD 724517114003
BAD 724519032667
BAD 724526497711
BAD 724527574801
BAD 724549746013
BAD 724535704897
BAD 724536829493
BAD 724537560899
BAD 724543557407
BAD 724615903369
BAD 724615903373
BAD 724544120123
BAD 724616908339
BAD 724545540709
BAD 724627211941
BAD 724576843163
BAD 724681546129
BAD 724684075183
BAD 724732387763
BAD 724693499011
BAD 724693499017
BAD 724737022579
BAD 724744568501
BAD 724746314213
BAD 724747662943
BAD 724747662949
BAD 724747662953
BAD 724718237239
BAD 724755125071
BAD 724720734961
BAD 724755318323
BAD 724721871199
BAD 724804685497
BAD 724811000513
BAD 724647623069
BAD 724649246729
BAD 724649246731
BAD 724828296391
BAD 724654186681
BAD 724654301117
BAD 724659866921
BAD 724582058203
BAD 724582058209
BAD 724604824481
BAD 724607300323
BAD 724587144341
BAD 724609445093
BAD 724588211551
BAD 724611904703
BAD 724611904733
BAD 724664596319
BAD 724664596321
BAD 724700727407
BAD 724700727409
BAD 724678377421
BAD 724678377439
BAD 724639787803
BAD 724643760749
BAD 724643760751
BAD 724765061417
BAD 724645735283
BAD 724768508557
BAD 724768508567
BAD 724769145901
BAD 724776335203
BAD 724779343681
BAD 724779971119
BAD 724780422103
BAD 724942694689
BAD 724785792007
BAD 724793954089
BAD 724854663209
BAD 724854701521
BAD 724855890427
BAD 724887362009
BAD 724887362011
BAD 724858770653
BAD 724889436917
BAD 724867614721
BAD 724835917747
BAD 724835980381
BAD 724847303723
BAD 724847303731
BAD 724847303737
BAD 724847303743
BAD 724899202303
BAD 724920287453
BAD 724921022279
BAD 724921022281
BAD 724921447849
BAD 724922091251
BAD 724922091253
BAD 724911115417
BAD 724927802903
BAD 724928697281
BAD 724928697287
BAD 724928697289
BAD 724929314737
BAD 724929314741
BAD 724929314743
BAD 724929314749
BAD 724929314777
BAD 724929314779
BAD 724929314783
BAD 724999999337
BAD 725003908487
BAD 725006952203
BAD 725014699133
BAD 725019212341
BAD 725019598939
BAD 725019598943
BAD 725021147029
BAD 725021147033
BAD 725023506379
BAD 725030295653
BAD 725054983243
BAD 725084850713
BAD 725086820639
BAD 725086820641
BAD 725068969831
BAD 725099367767
BAD 725075536819
BAD 725076459221
BAD 725076459223
BAD 724987875971
BAD 724951344083
BAD 724958967671
BAD 724994631041
BAD 725136755671
BAD 725138221607
BAD 725138221609
BAD 725140366919
BAD 725140366921
BAD 725218538861
BAD 725143265149
BAD 725143265153
BAD 725143265159
BAD 725227162679
BAD 725227299469
BAD 725233016821
BAD 725037521947
BAD 725037521951
BAD 725037521953
BAD 725039677909
BAD 725040638197
BAD 725179699883
BAD 725152610087
BAD 725157671477
BAD 725157671479
BAD 725189871803
BAD 725196063913
BAD 725204252749
BAD 725207397263
BAD 725210986733
BAD 725213784193
BAD 725213849561
BAD 725118463133
BAD 725118463163
BAD 725119368923
BAD 725120932057
BAD 725322041359
BAD 725322867677
BAD 725322867679
BAD 725322867683
BAD 725325467197
BAD 725330087233
BAD 725285595271
BAD 725296116049
BAD 725296607957
BAD 725299198769
BAD 725299198807
BAD 725389471679
BAD 725403439363
BAD 725403439403
BAD 725455027589
BAD 725444563703
BAD 725444563729
BAD 725444563733
BAD 725444563759
BAD 725400933479
BAD 725400933487
BAD 725408742473
BAD 725401176389
BAD 725446983091
BAD 725411455051
BAD 725411455057
BAD 725374074923
BAD 725374075009
BAD 725451237571
BAD 725464178617
BAD 725468364403
BAD 725468364409
BAD 725417055773
BAD 725504529023
BAD 725509314833
BAD 725510542817
BAD 725510542849
BAD 725516174809
BAD 725516174813
BAD 725516192419
BAD 725517321547
BAD 725487863209
BAD 725487863213
BAD 725491925453
BAD 725499568499
BAD 725502581149
BAD 725502581159
BAD 725502581161
BAD 725573323183
BAD 725574707857
BAD 725574707863
BAD 725539910939
BAD 725539910941
BAD 725566940939
BAD 725569163609
BAD 725569163611
BAD 725578101623
BAD 725548302407
BAD 725549030153
BAD 725551872013
BAD 725587596079
BAD 725552213671
BAD 725587688809
BAD 725587688821
BAD 725587688843
BAD 725605742731
BAD 725607376757
BAD 725589887933
BAD 725590149023
BAD 725251653653
BAD 725251840787
BAD 725251840793
BAD 725610883453
BAD 725611657261
BAD 725597501459
BAD 725254826137
BAD 725254826143
BAD 725254826147
BAD 725614563077
BAD 725599970003
BAD 725260469393
BAD 725235588923
BAD 725240584459
BAD 725249260339
BAD 725249260343
BAD 725304133837
BAD 725352096593
BAD 725307727357
BAD 725353637329
BAD 725357193727
BAD 725364447053
BAD 725367587479
BAD 725367587491
BAD 725271915323
BAD 725272000463
BAD 725343850663
BAD 725343850667
BAD 725343850669
BAD 725343850687
BAD 725343850691
BAD 725282463229
BAD 725284226543
BAD 725522010481
BAD 725522852083
BAD 725527195123
BAD 725530971889
BAD 725637206407
BAD 725637273233
BAD 725638629367
BAD 725640498943
BAD 725641890079
BAD 725623871789
BAD 725644936733
BAD 725644936739
BAD 725644936741
BAD 725644936747
BAD 725627392073
BAD 725652685669
BAD 725661077951
BAD 725667338959
BAD 725699495627
BAD 725699495629
BAD 725703566327
BAD 725703566359
BAD 725703566363
BAD 725703824239
BAD 725715507661
BAD 725719029493
BAD 725719029499
BAD 725727329881
BAD 725758851211
BAD 725720392613
BAD 725730921697
BAD 725732230943
BAD 725761911607
BAD 725720919953
BAD 725742909043
BAD 725737675547
BAD 725737675549
BAD 725737675561
BAD 725737675577
BAD 725774312873
BAD 725737675583
BAD 725765598661
BAD 725765598689
BAD 725779417591
BAD 725681674037
BAD 725751061613
BAD 725751061627
BAD 725751061649
BAD 725684247803
BAD 725685439183
BAD 725685439187
BAD 725787997411
BAD 725808662911
BAD 725809926511
BAD 725872088497
BAD 725874486461
BAD 725822360723
BAD 725822360737
BAD 725889637933
BAD 725831676083
BAD 725831676091
BAD 725837185453
BAD 725900800403
BAD 725902830491
BAD 725902830493
BAD 725842620989
BAD 725842620991
BAD 725842943153
BAD 725842943167
BAD 725843561603
BAD 725929665173
BAD 725846299613
BAD 725846299621
BAD 725846299627
BAD 725846299657
BAD 725907493711
BAD 725907493793
BAD 725910327083
BAD 725910327097
BAD 725910327113
BAD 725910327127
BAD 725937914993
BAD 725938103753
BAD 725915596213
BAD 725915596223
BAD 725915596229
BAD 725915596283
BAD 725853735517
BAD 725853735521
BAD 725854223881
BAD 725854223903
BAD 725919317873
BAD 725919317881
BAD 725919317887
BAD 725920289933
BAD 725920460599
BAD 725955922973
BAD 725955922981
BAD 725941521901
BAD 725941521911
BAD 725963406559
BAD 725963406563
BAD 725964544609
BAD 725964544621
BAD 726010070161
BAD 726010070209
BAD 725945284733
BAD 725945284763
BAD 725965682503
BAD 725947476649
BAD 726012559673
BAD 725997256639
BAD 726055126757
BAD 726055126759
BAD 725998559509
BAD 725976496639
BAD 726021560813
BAD 726027486901
BAD 726027486911
BAD 726027486913
BAD 726027486917
BAD 726027486929
BAD 725980522777
BAD 726031765801
BAD 725982325823
BAD 725987355739
BAD 726038876671
BAD 726069625109
BAD 726069625111
BAD 726070428011
BAD 726100880693
BAD 726105553727
BAD 726105553729
BAD 726175789693
BAD 726175789711
BAD 726144070807
BAD 726144070811
BAD 726218234603
BAD 726247044379
BAD 726247341179
BAD 726150495953
BAD 726161497199
BAD 726161497223
BAD 726152125747
BAD 726152125753
BAD 726223508851
BAD 726256693639
BAD 726188705387
BAD 726204711577
BAD 726169923163
BAD 726169923169
BAD 726169923173
BAD 726170268917
BAD 726170268919
BAD 726173295391
BAD 726136627001
BAD 726136627003
BAD 726112476899
BAD 726116190643
BAD 726278241503
BAD 726278851063
BAD 726325371703
BAD 726333118991
BAD 726337980517
BAD 726338466187
BAD 726425789899
BAD 726430193011
BAD 726300424819
BAD 726300424823
BAD 726317315467
BAD 726301388161
BAD 726435805723
BAD 726435805727
BAD 726435805729
BAD 726307250573
BAD 726307250587
BAD 726323908913
BAD 726392349721
BAD 726397686923
BAD 726397686943
BAD 726401218967
BAD 726401218969
BAD 726403554623
BAD 726406485887
BAD 726386697503
BAD 726386697527
BAD 726386697529
BAD 726386853301
BAD 726388666279
BAD 726392017943
BAD 726343198069
BAD 726410135797
BAD 726451667483
BAD 726452439833
BAD 726452577541
BAD 726452577547
BAD 726370852133
BAD 726416689133
BAD 726418684763
BAD 726456144481
BAD 726352969387
BAD 726355347931
BAD 726464944549
BAD 726467167133
BAD 726471117121
BAD 726576928141
BAD 726528884863
BAD 726528884867
BAD 726565369711
BAD 726566032561
BAD 726581241863
BAD 726571916353
BAD 726514812409
BAD 726575109079
BAD 726587038789
BAD 726575640719
BAD 726538449361
BAD 726538449367
BAD 726523160059
BAD 726523160089
BAD 726523160093
BAD 726523866517
BAD 726523866521
BAD 726525865853
BAD 726525865859
BAD 726525865861
BAD 726507628409
BAD 726507628411
BAD 726507628417
BAD 726508443677
BAD 726508443679
BAD 726481332193
BAD 726481332197
BAD 726482070289
BAD 726492468521
BAD 726492468523
BAD 726634526861
BAD 726621968797
BAD 726679299421
BAD 726679299439
BAD 726679299457
BAD 726679299469
BAD 726604481461
BAD 726604481467
BAD 726681584207
BAD 726681584219
BAD 726681584221
BAD 726681584243
BAD 726605203799
BAD 726605203801
BAD 726605765453
BAD 726605765461
BAD 726667695359
BAD 726667695361
BAD 726668923879
BAD 726690001733
BAD 726608034469
BAD 726608034473
BAD 726608034499
BAD 726673300697
BAD 726673300699
BAD 726648918659
BAD 726648918661
BAD 726648918673
BAD 726653298887
BAD 726658257373
BAD 726658257383
BAD 726658257407
BAD 726731109751
BAD 726733028477
BAD 726733028479
BAD 726745410109
BAD 726747265879
BAD 726747469369
BAD 726738281483
BAD 726738281497
BAD 726750036539
BAD 726750036541
BAD 726750036547
BAD 726754725023
BAD 726712322887
BAD 726756470029
BAD 726758450449
BAD 726719183933
BAD 726726756929
BAD 726766589761
BAD 726767524201
BAD 726767657741
BAD 726767657743
BAD 726774649933
BAD 726854302507
BAD 726854302511
BAD 726813262739
BAD 726813262741
BAD 726819873049
BAD 726819873053
BAD 726819873113
BAD 726819873133
BAD 726821013001
BAD 726782646089
BAD 726782646091
BAD 726786872311
BAD 726843486751
BAD 726787964663
BAD 726787964671
BAD 726787964677
BAD 726795300113
BAD 726802425007
BAD 726802425031
BAD 726807672971
BAD 726810730501
BAD 726811282601
BAD 726872612153
BAD 726872612159
BAD 726964268311
BAD 726896581109
BAD 726896581111
BAD 726949683703
BAD 726951754993
BAD 726898462933
BAD 726898463033
BAD 726898463041
BAD 726902350021
BAD 726917680943
BAD 726917680969
BAD 726957463567
BAD 726920061293
BAD 726926172787
BAD 726926172793
BAD 726926912821
BAD 726940079029
BAD 727067696879
BAD 727071038347
BAD 727071380753
BAD 727148449549
BAD 727151537779
BAD 727152788573
BAD 727156573909
BAD 727106238697
BAD 727111411111
BAD 726882976921
BAD 726883875077
BAD 726883875079
BAD 727000458577
BAD 727000458581
BAD 726884791631
BAD 727080779639
BAD 727086270049
BAD 727088240951
BAD 727088240953
BAD 727088354269
BAD 727088354273
BAD 727088354287
BAD 727115433313
BAD 727090101649
BAD 727091636779
BAD 727091636783
BAD 727117296263
BAD 727117296281
BAD 727122595559
BAD 727122595561
BAD 727124763767
BAD 727124763769
BAD 727124763773
BAD 727134045013
BAD 727134045023
BAD 727134609829
BAD 727134825737
BAD 727127085481
BAD 727144615999
BAD 727054821289
BAD 727054821293
BAD 727146709489
BAD 727055699269
BAD 727055699273
BAD 727013179289
BAD 727014167227
BAD 727033870271
BAD 727033870273
BAD 727022200703
BAD 727044985789
BAD 727046234153
BAD 727024561187
BAD 727024561189
BAD 727200144163
BAD 727200144169
BAD 727209455191
BAD 727210184527
BAD 727211526683
BAD 727233096547
BAD 727233096553
BAD 727236098461
BAD 727241624521
BAD 727247514121
BAD 727247613691
BAD 727247613713
BAD 727225283959
BAD 727225283971
BAD 727298659781
BAD 727298659783
BAD 727227806993
BAD 727227807001
BAD 727229394091
BAD 727308322777
BAD 727308322781
BAD 727308322801
BAD 727313997887
BAD 727313997889
BAD 727181304197
BAD 727174968917
BAD 727186305283
BAD 727178241353
BAD 727178367847
BAD 727189676509
BAD 727189676513
BAD 727332713483
BAD 727195316123
BAD 727289152717
BAD 727293458407
BAD 727319915579
BAD 727341094261
BAD 727248783853
BAD 727266154981
BAD 727325791351
BAD 727249140983
BAD 727344625627
BAD 727344661811
BAD 727249935151
BAD 727273478653
BAD 727256160511
BAD 727256160517
BAD 727348908137
BAD 727262032997
BAD 727264315391
BAD 727264403449
BAD 727366793359
BAD 727367735221
BAD 727367735231
BAD 727367735233
BAD 727367735251
BAD 727371503107
BAD 727373085391
BAD 727363923203
BAD 727365072451
BAD 727365072457
BAD 727365072463
BAD 727380466619
BAD 727380466621
BAD 727393827091
BAD 727397442143
BAD 727398396233
BAD 727535843959
BAD 727541323253
BAD 727541409613
BAD 727474269553
BAD 727449624793
BAD 727478293589
BAD 727454494111
BAD 727424233709
BAD 727427886151
BAD 727431302803
BAD 727432645721
BAD 727434146911
BAD 727434146917
BAD 727435188749
BAD 727435188751
BAD 727435188763
BAD 727556031641
BAD 727557831751
BAD 727441621279
BAD 727401661223
BAD 727405617863
BAD 727405617893
BAD 727523115743
BAD 727523115751
BAD 727668587483
BAD 727668587491
BAD 727669866577
BAD 727670092489
BAD 727670092493
BAD 727670928409
BAD 727677553129
BAD 727679150083
BAD 727751132419
BAD 727658099057
BAD 727658099059
BAD 727752241141
BAD 727659210199
BAD 727662373553
BAD 727733774569
BAD 727733774611
BAD 727665495859
BAD 727733774617
BAD 727665495863
BAD 727635792241
BAD 727635792253
BAD 727635792263
BAD 727637383439
BAD 727637383441
BAD 727571862053
BAD 727638579209
BAD 727638579211
BAD 727768999301
BAD 727768999303
BAD 727762830373
BAD 727641998627
BAD 727641998639
BAD 727641998641
BAD 727499539453
BAD 727773443063
BAD 727775379203
BAD 727775379209
BAD 727579044403
BAD 727580761573
BAD 727580761577
BAD 727580761597
BAD 727790388233
BAD 727505266261
BAD 727792772363
BAD 727510677379
BAD 727512237833
BAD 727617464911
BAD 727618666517
BAD 727620828841
BAD 727633433071
BAD 727633433077
BAD 727738871999
BAD 727738872001
BAD 727803102751
BAD 727805687473
BAD 727806069923
BAD 727742138743
BAD 727742138749
BAD 727602364711
BAD 727746446983
BAD 727746446989
BAD 727746447047
BAD 727746447049
BAD 727746447053
BAD 727604477737
BAD 727749677203
BAD 727607302327
BAD 727608558907
BAD 727609377857
BAD 727853984089
BAD 727853984093
BAD 727613228401
BAD 727855082453
BAD 727855253911
BAD 727819747493
BAD 727856714129
BAD 727856714131
BAD 727837959493
BAD 727843511839
BAD 727844092471
BAD 727906574323
BAD 727845281041
BAD 727845281047
BAD 727705874947
BAD 727868957807
BAD 727868957813
BAD 727869387647
BAD 727869387649
BAD 727869387653
BAD 727924322053
BAD 727711291633
BAD 727875556721
BAD 727875556729
BAD 727875629329
BAD 727875629333
BAD 727880115793
BAD 727933365469
BAD 727933365473
BAD 727933503097
BAD 727884131123
BAD 727953025099
BAD 727950108889
BAD 727950427291
BAD 727950427471
BAD 727951763723
BAD 727987443949
BAD 727961043937
BAD 727961285123
BAD 728043902329
BAD 727997775691
BAD 727997775697
BAD 728000494733
BAD 727970443373
BAD 728090896339
BAD 728090896343
BAD 728093690173
BAD 728099178799
BAD 728103076693
BAD 728103076711
BAD 728003150813
BAD 728079432383
BAD 728014754911
BAD 728014754927
BAD 728148451543
BAD 728148920987
BAD 728148921029
BAD 728148965519
BAD 728148965521
BAD 728053160753
BAD 728066719663
BAD 728066719669
BAD 728066719673
BAD 728031576323
BAD 728031576431
BAD 728131906283
BAD 728109494059
BAD 728300187541
BAD 728302414859
BAD 728119920293
BAD 728119920301
BAD 728218063163
BAD 728218063171
BAD 728218291739
BAD 728218291741
BAD 728218291753
BAD 728388941149
BAD 728155260841
BAD 728391841367
BAD 728394156827
BAD 728394156829
BAD 728395769581
BAD 728177369273
BAD 728367618631
BAD 728408158043
BAD 728408340241
BAD 728193655039
BAD 728442209843
BAD 728445923923
BAD 728447613511
BAD 728274419183
BAD 728447613521
BAD 728447851003
BAD 728275584739
BAD 728275584763
BAD 728277097213
BAD 728277097217
BAD 728279714401
BAD 728245376717
BAD 728245376731
BAD 728245376737
BAD 728462176579
BAD 728462176591
BAD 728463190339
BAD 728248256107
BAD 728255928523
BAD 728464953721
BAD 728283253303
BAD 728283253309
BAD 728307044483
BAD 728287785943
BAD 728307391561
BAD 728266796573
BAD 728312768509
BAD 728314765069
BAD 728318341489
BAD 728318341493
BAD 728320994629
BAD 728424583309
BAD 728342973979
BAD 728342973983
BAD 728345306483
BAD 728375701853
BAD 728433157103
BAD 728383446199
BAD 728511557623
BAD 728511557633
BAD 728511557639
BAD 728511557647
BAD 728512545479
BAD 728512545493
BAD 728515517179
BAD 728559800303
BAD 728563286401
BAD 728563627367
BAD 728563627369
BAD 728564063881
BAD 728569556581
BAD 728570720693
BAD 728570720699
BAD 728570720701
BAD 728572338191
BAD 728572338199
BAD 728572848649
BAD 728541749657
BAD 728541749659
BAD 728547387179
BAD 728547387181
BAD 728547387187
BAD 728547387193
BAD 728547387221
BAD 728547387223
BAD 728552376511
BAD 728554114727
BAD 728554114763
BAD 728488109813
BAD 728488109827
BAD 728488462759
BAD 728488462783
BAD 728532630031
BAD 728533689097
BAD 728533689109
BAD 728536507823
BAD 728537040713
BAD 728537815021
BAD 728489911927
BAD 728492367683
BAD 728495739173
BAD 728611771193
BAD 728724473539
BAD 728617326889
BAD 728727217831
BAD 728719027549
BAD 728667859729
BAD 728668885883
BAD 728736541469
BAD 728736541471
BAD 728736541483
BAD 728736541493
BAD 728673128033
BAD 728704997071
BAD 728739436939
BAD 728745319261
BAD 728755731019
BAD 728876779643
BAD 728761418153
BAD 728576533921
BAD 728577280097
BAD 728577280099
BAD 728579855063
BAD 728772481433
BAD 728772481439
BAD 728772481441
BAD 728897612561
BAD 728897612563
BAD 728589267577
BAD 728902846351
BAD 728902846363
BAD 728903014319
BAD 728777487379
BAD 728792431981
BAD 728779018441
BAD 728799525281
BAD 728799525283
BAD 728788168613
BAD 728799935473
BAD 728799935477
BAD 728789716013
BAD 728804940607
BAD 728807840623
BAD 728919002369
BAD 728849068841
BAD 728851961323
BAD 728835421553
BAD 728840006837
BAD 728856535367
BAD 728950777573
BAD 728953360411
BAD 728953360423
BAD 728953360427
BAD 728958472483
BAD 728627532679
BAD 728627532701
BAD 728591142053
BAD 728594099983
BAD 728634002581
BAD 728634002587
BAD 728635704373
BAD 728635867913
BAD 728679100553
BAD 728679100559
BAD 728679100561
BAD 728637477697
BAD 728680700281
BAD 728601153719
BAD 728686350967
BAD 728686392859
BAD 729010195093
BAD 729010195099
BAD 729010694989
BAD 729004926079
BAD 729046799599
BAD 729054737899
BAD 729059393749
BAD 728647475357
BAD 728649418513
BAD 728654503301
BAD 728654503303
BAD 728654503307
BAD 728654503309
BAD 728656396931
BAD 728656396933
BAD 728656396943
BAD 728656396969
BAD 728656396973
BAD 728981421457
BAD 728981421461
BAD 728981421463
BAD 729095227499
BAD 729178233037
BAD 729102678163
BAD 729112091377
BAD 729182703433
BAD 729107443937
BAD 729107443951
BAD 729191642821
BAD 729191642827
BAD 729193125613
BAD 728927705837
BAD 728927705839
BAD 728929588703
BAD 728932527481
BAD 729254426449
BAD 729079502321
BAD 729084321089
BAD 729085483153
BAD 729086350717
BAD 729087180473
BAD 729127610851
BAD 729213872603
BAD 729195919631
BAD 729195919633
BAD 729214861411
BAD 729218366363
BAD 729230861941
BAD 729235875187
BAD 729242517739
BAD 729242517743
BAD 729243732593
BAD 729365301923
BAD 729368834591
BAD 729368834599
BAD 729371924647
BAD 729351402599
BAD 729351402617
BAD 729328429507
BAD 729328429519
BAD 729328429553
BAD 729373958353
BAD 729373958371
BAD 729354398257
BAD 729354398261
BAD 729354398263
BAD 729375146923
BAD 729375146947
BAD 729375217463
BAD 729335142427
BAD 729341507143
BAD 729343937251
BAD 728967643997
BAD 729148219897
BAD 729152717317
BAD 729066012929
BAD 729066012931
BAD 729154414543
BAD 729155209379
BAD 729155209381
BAD 729157680949
BAD 729157955963
BAD 729397910431
BAD 729404071939
BAD 729289311083
BAD 729410869613
BAD 729424407121
BAD 729445833119
BAD 729445833121
BAD 729456143887
BAD 729456462773
BAD 729295521901
BAD 729297549311
BAD 729299286607
BAD 729303653867
BAD 729169383673
BAD 729173173831
BAD 729173645633
BAD 729173645639
BAD 729513698479
BAD 729516545629
BAD 729516545633
BAD 729516795647
BAD 729516795649
BAD 729516795653
BAD 729516795677
BAD 729516795703
BAD 729522153211
BAD 729314000069
BAD 729314000071
BAD 729529235273
BAD 729496355213
BAD 729496355227
BAD 729496355239
BAD 729496355243
BAD 729320371411
BAD 729501718927
BAD 729536013949
BAD 729536013953
BAD 729536013961
BAD 729541068107
BAD 729511247963
BAD 729511247977
BAD 729545907821
BAD 729545907823
BAD 729546088969
BAD 729616465909
BAD 729616533533
BAD 729616533539
BAD 729622236617
BAD 729622236619
BAD 729595742753
BAD 729623982553
BAD 729623982557
BAD 729623982559
BAD 729628462921
BAD 729548744159
BAD 729548744161
BAD 729555184279
BAD 729555184289
BAD 729555184291
BAD 729378540181
BAD 729378943519
BAD 729663766477
BAD 729385909283
BAD 729672330329
BAD 729675608219
BAD 729679469773
BAD 729679469807
BAD 729679469809
BAD 729679469821
BAD 729630557549
BAD 729647419609
BAD 729643980409
BAD 729654007129
BAD 729714041449
BAD 729714041453
BAD 729714041519
BAD 729714041521
BAD 729656644133
BAD 729714099173
BAD 729714099181
BAD 729714099187
BAD 729717782041
BAD 729723641333
BAD 729767567461
BAD 729767567467
BAD 729767567471
BAD 729999793507
BAD 729779421619
BAD 729817614983
BAD 729819529013
BAD 729820114591
BAD 729822712363
BAD 729822712369
BAD 729823770817
BAD 729751432549
BAD 729752839883
BAD 729761416583
BAD 729471306701
BAD 729471306703
BAD 729682029277
BAD 729690487259
BAD 729690487261
BAD 729440831209
BAD 729784240117
BAD 729784240123
BAD 729784240127
BAD 729784240153
BAD 729786119551
BAD 729789536899
BAD 729790812941
BAD 729790812943
BAD 729791722463
BAD 729871379879
BAD 729871869767
BAD 729856919929
BAD 729857428393
BAD 729857428409
BAD 729862201793
BAD 729862201801
BAD 729916464187
BAD 729916464191
BAD 729929241989
BAD 729930670633
BAD 729931462069
BAD 729568115413
BAD 729569098019
BAD 729598876733
BAD 729601245421
BAD 729900436943
BAD 729900436963
BAD 729605495119
BAD 729905749171
BAD 729704332243
BAD 729906143299
BAD 729908072291
BAD 729706777493
BAD 729706777507
BAD 729610105493
BAD 729610462423
BAD 729712917083
BAD 729713530411
BAD 729713530417
BAD 729932124793
BAD 729937978663
BAD 729938973377
BAD 729984880103
BAD 729984880117
BAD 729986883739
BAD 729986883763
BAD 729987237181
BAD 729990130711
BAD 729990130721
BAD 729990130733
BAD 729952144673
BAD 729953760203
BAD 729799807301
BAD 729800260141
BAD 729834249541
BAD 729842443133
BAD 729842443147
BAD 729813486187
BAD 729843812353
BAD 729844382173
BAD 729845239567
BAD 729847242923
BAD 729847242931
RANGE 720000000000 730000000000 PRIMES 366181873 BAD 2406
