BAD 630168949951
BAD 630117898607
BAD 630168949987
BAD 630118703911
BAD 630118703941
BAD 630170240017
BAD 630171035941
BAD 630171035971
BAD 630171036023
BAD 630122741623
BAD 630122741641
BAD 630122741701
BAD 630187289569
BAD 630124706923
BAD 630124706929
BAD 630124706933
BAD 630172921087
BAD 630172921097
BAD 630172921099
BAD 630124924841
BAD 630124924843
BAD 630193350001
BAD 630193476617
BAD 630193476643
BAD 630129764933
BAD 630289161829
BAD 630092997511
BAD 630194641651
BAD 630194641669
BAD 630194641673
BAD 630178899617
BAD 630178899619
BAD 630095676229
BAD 630295027603
BAD 630295027619
BAD 630199688821
BAD 630296693539
BAD 630099461941
BAD 630099461947
BAD 630099702787
BAD 630099702797
BAD 630099702803
BAD 630272942063
BAD 630278366807
BAD 630202778617
BAD 630280510073
BAD 630280510081
BAD 630280510087
BAD 630206628019
BAD 630281836343
BAD 630282878419
BAD 630282878431
BAD 630208695143
BAD 630284566243
BAD 630284566283
BAD 630284809379
BAD 630210645893
BAD 630210645899
BAD 630337311287
BAD 630337328353
BAD 630068506819
BAD 630387531391
BAD 630387531401
BAD 630068567647
BAD 630387800993
BAD 630387801041
BAD 630387816211
BAD 630387816217
BAD 630068643601
BAD 630058703947
BAD 630347454013
BAD 630347454019
BAD 630321922129
BAD 630060973489
BAD 630060973513
BAD 630391077793
BAD 630391077803
BAD 630323777033
BAD 630063429871
BAD 630064535647
BAD 630064535651
BAD 630065429723
BAD 630354660973
BAD 630354993139
BAD 630356632847
BAD 630356632849
BAD 630395749561
BAD 630047812343
BAD 630047812351
BAD 630330762443
BAD 630331168199
BAD 630331334993
BAD 630359902363
BAD 630359902441
BAD 630081362023
BAD 630081380333
BAD 630081380339
BAD 630333706391
BAD 630400697629
BAD 630334222159
BAD 630334222171
BAD 630083698939
BAD 630083698943
BAD 630223314697
BAD 630223314701
BAD 630223314703
BAD 630223819669
BAD 630229803173
BAD 630230650003
BAD 630230650013
BAD 630230650019
BAD 630112921247
BAD 630112969337
BAD 630137052581
BAD 630137052583
BAD 630114273949
BAD 630115169093
BAD 630115169107
BAD 630115169113
BAD 630139101679
BAD 630140547307
BAD 630256985509
BAD 630147178429
BAD 630148935601
BAD 630149746441
BAD 630149746453
BAD 630149746459
BAD 630006079921
BAD 630006079931
BAD 630006079933
BAD 630007184563
BAD 630160928959
BAD 630161673773
BAD 630236828899
BAD 630241304513
BAD 630241793413
BAD 630249279151
BAD 630249279161
BAD 630249309817
BAD 630249572257
BAD 630370016671
BAD 630370148341
BAD 630305522281
BAD 630377866147
BAD 630312196133
BAD 630312196141
BAD 630381291619
BAD 630402887419
BAD 630404560069
BAD 630404983171
BAD 630404983183
BAD 630406020371
BAD 630406020373
BAD 630409678043
BAD 630416442287
BAD 630416442289
BAD 630416824417
BAD 630418000169
BAD 630418000171
BAD 630437626223
BAD 630441459469
BAD 630444504271
BAD 630444537263
BAD 630445744109
BAD 630445744111
BAD 630446542931
BAD 630446542933
BAD 630446542939
BAD 630450665003
BAD 630470380781
BAD 630470380783
BAD 630474137663
BAD 630462166133
BAD 630476816953
BAD 630476816969
BAD 630476816971
BAD 630477572873
BAD 630465154513
BAD 630465154519
BAD 630465154523
BAD 630466541333
BAD 630484498859
BAD 630487249883
BAD 630492283601
BAD 630498574513
BAD 630499148959
BAD 630499148963
BAD 630507171817
BAD 630501821381
BAD 630502670911
BAD 630510659353
BAD 630512101553
BAD 630512242807
BAD 630512242819
BAD 630512242823
BAD 630512242831
BAD 630514231729
BAD 630514231733
BAD 630514231759
BAD 630577302151
BAD 630518103727
BAD 630518103749
BAD 630518103751
BAD 630581270329
BAD 630584858447
BAD 630419788729
BAD 630419971361
BAD 630422383627
BAD 630644610403
BAD 630646257751
BAD 630648318271
BAD 630587495983
BAD 630625931953
BAD 630592792813
BAD 630530655581
BAD 630630027457
BAD 630532683973
BAD 630632020441
BAD 630632020481
BAD 630632020483
BAD 630632246779
BAD 630538191473
BAD 630538618799
BAD 630633853021
BAD 630598947749
BAD 630598947751
BAD 630536734171
BAD 630634841731
BAD 630618340931
BAD 630618340969
BAD 630618340973
BAD 630557064593
BAD 630557064623
BAD 630557182141
BAD 630603588169
BAD 630543490403
BAD 630544608007
BAD 630546454523
BAD 630687232073
BAD 630566225813
BAD 630566225833
BAD 630568583611
BAD 630722883169
BAD 630722883187
BAD 630722883283
BAD 630655225831
BAD 630725231783
BAD 630661336733
BAD 630665044931
BAD 630734871853
BAD 630737119037
BAD 630737119039
BAD 630737119043
BAD 630691893133
BAD 630691893137
BAD 630692568581
BAD 630705635503
BAD 630741830737
BAD 630741830743
BAD 630742484863
BAD 630742485019
BAD 630698077237
BAD 630698572859
BAD 630709976371
BAD 630709976389
BAD 630702285151
BAD 630717339521
BAD 630717339523
BAD 630754851283
BAD 630754851289
BAD 630754901113
BAD 630721392209
BAD 630758233453
BAD 630758233463
BAD 630758233471
BAD 630761221901
BAD 630761221903
BAD 630761221907
BAD 630764699119
BAD 630774713003
BAD 630778637509
BAD 630778637513
BAD 630788197969
BAD 630791483653
BAD 630810955793
BAD 630796770229
BAD 630829058941
BAD 630829058953
BAD 630803024123
BAD 630803024129
BAD 630804540523
BAD 630831034681
BAD 630819135319
BAD 630833343323
BAD 630835897319
BAD 630863690651
BAD 630864912329
BAD 630864912331
BAD 630865696787
BAD 630865696789
BAD 630867616961
BAD 630869963761
BAD 630872962949
BAD 630852432869
BAD 630889887743
BAD 630881700697
BAD 630885793183
BAD 630913351907
BAD 630913351909
BAD 630913735267
BAD 630913775983
BAD 630898503569
BAD 630887712577
BAD 630899191891
BAD 630899191903
BAD 630915711821
BAD 630915711823
BAD 630901339577
BAD 630916962317
BAD 630903927827
BAD 630954515941
BAD 630992563199
BAD 630992563219
BAD 630993987367
BAD 630996935431
BAD 631001238467
BAD 631002940213
BAD 631002940219
BAD 631002940237
BAD 630933888679
BAD 631093429207
BAD 631095597739
BAD 631029828703
BAD 630937511753
BAD 630937526039
BAD 630937526041
BAD 630963716899
BAD 631099456733
BAD 631100516153
BAD 631100516183
BAD 631051874303
BAD 631052658079
BAD 631052658083
BAD 631053093511
BAD 631103568859
BAD 631103568863
BAD 631105535659
BAD 631105535681
BAD 631056300551
BAD 631056427823
BAD 630971016589
BAD 630971016593
BAD 630971336383
BAD 630971336389
BAD 630971336393
BAD 630971638709
BAD 631007918153
BAD 631012480999
BAD 631013179273
BAD 631107643643
BAD 631107643739
BAD 631107643741
BAD 630977569163
BAD 630977569171
BAD 631073598541
BAD 631108502543
BAD 631077287521
BAD 631111807327
BAD 631083017791
BAD 631084311259
BAD 631085508049
BAD 630989782169
BAD 630989782177
BAD 631086255599
BAD 631086255601
BAD 631125115657
BAD 631125115661
BAD 631141512203
BAD 631127499097
BAD 631129374377
BAD 631144385233
BAD 631130748473
BAD 631132020853
BAD 631152334921
BAD 631158399133
BAD 631158399139
BAD 631158399143
BAD 631159225693
BAD 631162327073
BAD 631174012831
BAD 631191454837
BAD 631191454841
BAD 631191454843
BAD 631194097531
BAD 631199796863
BAD 631202688673
BAD 631203684289
BAD 631260832133
BAD 631264662719
BAD 631265954959
BAD 631275806561
BAD 631275806563
BAD 631295738471
BAD 631295738473
BAD 631295738477
BAD 631295738483
BAD 631272452869
BAD 631272452873
BAD 631297799621
BAD 631297799623
BAD 631273061851
BAD 631302965123
BAD 631242830107
BAD 631243457113
BAD 631311649471
BAD 631306508743
BAD 631306508747
BAD 631306508761
BAD 631248316717
BAD 631249391347
BAD 631249493971
BAD 631319183161
BAD 631319183179
BAD 631319183191
BAD 631183644629
BAD 631321995547
BAD 631210020409
BAD 631210020421
BAD 631213589761
BAD 631213733753
BAD 631213872917
BAD 631213872929
BAD 631213872931
BAD 631215747223
BAD 631225056703
BAD 631218467461
BAD 631218467507
BAD 631218803581
BAD 631229056951
BAD 631237292549
BAD 631239818243
BAD 631239818249
BAD 631429129057
BAD 631429129061
BAD 631429129063
BAD 631496572561
BAD 631496572571
BAD 631496736967
BAD 631497916681
BAD 631498332743
BAD 631441066219
BAD 631502745463
BAD 631504565569
BAD 631504565743
BAD 631460177011
BAD 631460177017
BAD 631509287821
BAD 631509661553
BAD 631400125129
BAD 631400125133
BAD 631400125141
BAD 631466854849
BAD 631404974491
BAD 631471899271
BAD 631443319433
BAD 631443319459
BAD 631443319477
BAD 631443319483
BAD 631446568037
BAD 631450039943
BAD 631382041403
BAD 631345672369
BAD 631328181751
BAD 631454942779
BAD 631457817937
BAD 631458527941
BAD 631389004303
BAD 631389004307
BAD 631390753793
BAD 631351323623
BAD 631355783183
BAD 631356956779
BAD 631372876501
BAD 631418267339
BAD 631418267341
BAD 631476729727
BAD 631476729731
BAD 631476729743
BAD 631341178109
BAD 631510925509
BAD 631512501181
BAD 631514373481
BAD 631544170849
BAD 631546047997
BAD 631546048013
BAD 631489022729
BAD 631528299383
BAD 631492131761
BAD 631530615763
BAD 631530615769
BAD 631551234737
BAD 631551234739
BAD 631551547139
BAD 631551547141
BAD 631533391933
BAD 631533391939
BAD 631533391943
BAD 631553861473
BAD 631554310117
BAD 631537092883
BAD 631556210671
BAD 631540193731
BAD 631542005797
BAD 631562088931
BAD 631572887333
BAD 631573125199
BAD 631575189109
BAD 631594038167
BAD 631594038169
BAD 631619870633
BAD 631619870639
BAD 631619870641
BAD 631595693849
BAD 631595693851
BAD 631620036121
BAD 631620036127
BAD 631620036139
BAD 631620125173
BAD 631620417683
BAD 631622864123
BAD 631622864129
BAD 631598544701
BAD 631600023289
BAD 631600023293
BAD 631600023311
BAD 631600023349
BAD 631678015103
BAD 631630423693
BAD 631634503417
BAD 631636065631
BAD 631687497599
BAD 631687497601
BAD 631687497613
BAD 631688767477
BAD 631610557507
BAD 631637848577
BAD 631637848579
BAD 631692054013
BAD 631577465803
BAD 631644689659
BAD 631644689671
BAD 631651178029
BAD 631651472723
BAD 631592233213
BAD 631657551557
BAD 631657551559
BAD 631657551563
BAD 631658703887
BAD 631658703889
BAD 631658884723
BAD 631695530831
BAD 631695530833
BAD 631695530839
BAD 631698154751
BAD 631698154753
BAD 631700020213
BAD 631702676993
BAD 631702677031
BAD 631708575607
BAD 631710386743
BAD 631672919341
BAD 631672919363
BAD 631672919393
BAD 631674198019
BAD 631676622683
BAD 631676622691
BAD 631677580409
BAD 631677580411
BAD 631711767439
BAD 631719565271
BAD 631719565273
BAD 631721137519
BAD 631725611233
BAD 631725611249
BAD 631746149161
BAD 631750198711
BAD 631728573019
BAD 631728573023
BAD 631758293281
BAD 631734960977
BAD 631734960979
BAD 631738337123
BAD 631741540099
BAD 631741540103
BAD 631742177257
BAD 631742177293
BAD 631742177309
BAD 631742688043
BAD 631743724463
BAD 631743724501
BAD 631782639263
BAD 631787609977
BAD 631787609989
BAD 631790355551
BAD 631767152963
BAD 631767152969
BAD 631767152971
BAD 631768765039
BAD 631769104349
BAD 631769104363
BAD 631769442319
BAD 631771125913
BAD 631771215337
BAD 631962943973
BAD 631846233679
BAD 631968766721
BAD 631968766747
BAD 631968766753
BAD 631969465009
BAD 631849499899
BAD 631969832863
BAD 631850440621
BAD 631850440633
BAD 631852497323
BAD 631867149751
BAD 631973365687
BAD 631973701367
BAD 631870439411
BAD 631870439413
BAD 631870439419
BAD 631870439429
BAD 631870444243
BAD 631870819319
BAD 631977141563
BAD 631895918629
BAD 631896196769
BAD 631896196777
BAD 631946606971
BAD 631875694081
BAD 631899234643
BAD 631948031171
BAD 631877003297
BAD 631877003299
BAD 631877003311
BAD 631877003321
BAD 631877003323
BAD 631950041719
BAD 631950041731
BAD 631877766917
BAD 631800491807
BAD 631801504861
BAD 631801504871
BAD 631908116771
BAD 631908116773
BAD 631908116779
BAD 631812725029
BAD 631910261743
BAD 631910261753
BAD 631910261771
BAD 631879251473
BAD 631807853293
BAD 631818152899
BAD 631828941241
BAD 631962235369
BAD 631962235381
BAD 631829125693
BAD 631913084683
BAD 631831579669
BAD 631832630783
BAD 631823254459
BAD 631890299431
BAD 631891236349
BAD 631827297433
BAD 631919703127
BAD 631828272553
BAD 631894183621
BAD 631840549033
BAD 631840549061
BAD 631840549063
BAD 631923143783
BAD 631923745939
BAD 631923745949
BAD 631923745951
BAD 631842604123
BAD 631844397601
BAD 631844651239
BAD 631929257021
BAD 631987795807
BAD 631990654751
BAD 631991397353
BAD 631991397361
BAD 631991531959
BAD 631991848949
BAD 631993510969
BAD 631937238853
BAD 631938769229
BAD 631940376721
BAD 631945344497
BAD 632039222687
BAD 631999631831
BAD 631999631833
BAD 631999924519
BAD 631999924529
BAD 631999924531
BAD 632046141271
BAD 632046717857
BAD 632046717859
BAD 632046717881
BAD 632008376617
BAD 632010941567
BAD 632012147423
BAD 632074605377
BAD 632080041841
BAD 632019195061
BAD 632023618621
BAD 632025989831
BAD 632027316467
BAD 632028469957
BAD 632061931381
BAD 632063555891
BAD 632084691781
BAD 632084691787
BAD 632084691793
BAD 632086968157
BAD 632086968187
BAD 632092444021
BAD 632094212273
BAD 632095800163
BAD 632095800169
BAD 632118810343
BAD 632122778411
BAD 632126401523
BAD 632129229271
BAD 632097683153
BAD 632097788957
BAD 632102269969
BAD 632112261497
BAD 632162177821
BAD 632166018439
BAD 632167069643
BAD 632168397463
BAD 632168397467
BAD 632168397473
BAD 632168397503
BAD 632168485057
BAD 632174558683
BAD 632177739463
BAD 632184318989
BAD 632218373273
BAD 632218373299
BAD 632224639313
BAD 632316192953
BAD 632316697729
BAD 632316697741
BAD 632228979791
BAD 632228979793
BAD 632328243439
BAD 632329612961
BAD 632282928721
BAD 632371504411
BAD 632371504423
BAD 632371504433
BAD 632232102683
BAD 632374400353
BAD 632235666893
BAD 632235666901
BAD 632238669487
BAD 632239055783
BAD 632268967853
BAD 632268967877
BAD 632268967879
BAD 632241155459
BAD 632241155461
BAD 632415924983
BAD 632206448297
BAD 632206744333
BAD 632297303179
BAD 632333086951
BAD 632273688253
BAD 632273688259
BAD 632210027663
BAD 632421325223
BAD 632421325229
BAD 632421325231
BAD 632212868569
BAD 632213552717
BAD 632279864107
BAD 632428383347
BAD 632428383707
BAD 632138438851
BAD 632138438863
BAD 632344448441
BAD 632344448443
BAD 632348571329
BAD 632348571331
BAD 632350168379
BAD 632350168381
BAD 632350168421
BAD 632350168423
BAD 632404735309
BAD 632404735321
BAD 632248680533
BAD 632407806803
BAD 632304275641
BAD 632253848971
BAD 632253848983
BAD 632253848987
BAD 632253849001
BAD 632356828951
BAD 632356828969
BAD 632356829101
BAD 632308891079
BAD 632255795737
BAD 632359732183
BAD 632313984397
BAD 632314522613
BAD 632263047893
BAD 632264678063
BAD 632382769831
BAD 632382783181
BAD 632392653163
BAD 632392653199
BAD 632392653223
BAD 632392984231
BAD 632393253517
BAD 632393253521
BAD 632393253523
BAD 632394221299
BAD 632394221311
BAD 632394221317
BAD 632394221491
BAD 632395232257
BAD 632396991953
BAD 632435404987
BAD 632440603943
BAD 632446748611
BAD 632447429329
BAD 632487641311
BAD 632488788097
BAD 632488788101
BAD 632489353009
BAD 632492416943
BAD 632472427591
BAD 632474375023
BAD 632474779817
BAD 632474779831
BAD 632475778817
BAD 632475778819
BAD 632450693321
BAD 632450693323
BAD 632477248763
BAD 632516947927
BAD 632456619649
BAD 632479695959
BAD 632479695961
BAD 632461995001
BAD 632507552563
BAD 632463022057
BAD 632463022069
BAD 632463022073
BAD 632525386291
BAD 632525756321
BAD 632511567731
BAD 632531480741
BAD 632531480743
BAD 632531480747
BAD 632531480753
BAD 632531480761
BAD 632534976407
BAD 632534976421
BAD 632534976427
BAD 632545343939
BAD 632571541759
BAD 632571541843
BAD 632573480041
BAD 632573480059
BAD 632579258329
BAD 632580332873
BAD 632580704449
BAD 632580704461
BAD 632580704467
BAD 632623239979
BAD 632628588773
BAD 632653927747
BAD 632703874633
BAD 632703874637
BAD 632703874639
BAD 632706441259
BAD 632708453863
BAD 632710238401
BAD 632711331487
BAD 632711331491
BAD 632711331493
BAD 632664990007
BAD 632713934323
BAD 632713934327
BAD 632716428611
BAD 632601906073
BAD 632601906091
BAD 632601906121
BAD 632607094789
BAD 632821642969
BAD 632824310827
BAD 632824310851
BAD 632826643879
BAD 632827247911
BAD 632827247917
BAD 632827247929
BAD 632828924227
BAD 632829464363
BAD 632757191461
BAD 632757191467
BAD 632695536989
BAD 632735673187
BAD 632700336581
BAD 632848229359
BAD 632850955013
BAD 632550421229
BAD 632550587311
BAD 632551248961
BAD 632551248971
BAD 632552769593
BAD 632556830569
BAD 632557654921
BAD 632560699387
BAD 632562921343
BAD 632719957081
BAD 632719957091
BAD 632721051931
BAD 632723800351
BAD 632805559381
BAD 632727089389
BAD 632808498079
BAD 632728772413
BAD 632728772419
BAD 632812257689
BAD 632769873389
BAD 632769873391
BAD 632812793663
BAD 632785244303
BAD 632813569321
BAD 632731153981
BAD 632785728881
BAD 632771553679
BAD 632773358179
BAD 632731613923
BAD 632774871577
BAD 632774871581
BAD 632774871583
BAD 632774871587
BAD 632817484787
BAD 632791093189
BAD 632776421447
BAD 632776421449
BAD 632795270773
BAD 632796264979
BAD 632799852413
BAD 632857969201
BAD 632857969207
BAD 632903378333
BAD 632904764839
BAD 632905335857
BAD 632905335859
BAD 632913415259
BAD 632913415261
BAD 632913415291
BAD 632923027951
BAD 632923175921
BAD 632923175923
BAD 632923175947
BAD 632925217103
BAD 632915666399
BAD 632886100997
BAD 632886100999
BAD 632886101011
BAD 632931092923
BAD 632931986053
BAD 632891197801
BAD 632891197811
BAD 632891197819
BAD 632935258673
BAD 632897419663
BAD 632900577619
BAD 632940748177
BAD 632941340963
BAD 632941340971
BAD 632945880631
BAD 632945880739
BAD 632950013693
BAD 632873219521
BAD 632873219527
BAD 632879142529
BAD 632879178863
BAD 632884985041
BAD 633003759211
BAD 633005221157
BAD 633005221159
BAD 633005373619
BAD 633007411403
BAD 633009167743
BAD 633011572429
BAD 633017983237
BAD 633019465999
BAD 633027329899
BAD 633029392433
BAD 633029758099
BAD 633029758111
BAD 633030301093
BAD 633030301097
BAD 633030301103
BAD 633110664401
BAD 633112836331
BAD 633112836337
BAD 633112836347
BAD 633112836353
BAD 632955827587
BAD 633117643733
BAD 633117643759
BAD 632957281459
BAD 632957281483
BAD 632957281493
BAD 632957281507
BAD 632958327751
BAD 632958630769
BAD 633138481051
BAD 633140946701
BAD 633140946703
BAD 633140946721
BAD 633145813763
BAD 632966589067
BAD 632966589071
BAD 633147595667
BAD 633147595669
BAD 633149373433
BAD 633151967827
BAD 632986779053
BAD 632986779059
BAD 633120750133
BAD 632988529333
BAD 632988921479
BAD 633122001503
BAD 633070958087
BAD 633070958089
BAD 633071108671
BAD 632973227083
BAD 633130103003
BAD 633130322819
BAD 633130322821
BAD 633131346209
BAD 632976820691
BAD 632978502539
BAD 632978502547
BAD 632978502553
BAD 632978504479
BAD 633080069183
BAD 633001170883
BAD 633001170887
BAD 632981691163
BAD 633082538681
BAD 633082797187
BAD 633097881211
BAD 633100948789
BAD 633100948793
BAD 633260905951
BAD 633101449261
BAD 633261334711
BAD 633264946331
BAD 633056275433
BAD 633268453771
BAD 633059269133
BAD 633063680003
BAD 633067852051
BAD 633069387967
BAD 633157545017
BAD 633157545019
BAD 633041019077
BAD 633222748267
BAD 633159884333
BAD 633159884363
BAD 633159884407
BAD 633211999853
BAD 633166871573
BAD 633240471583
BAD 633169200583
BAD 633169200607
BAD 633215246359
BAD 633215246369
BAD 633215246371
BAD 633235401739
BAD 633235401833
BAD 633243564703
BAD 633051150601
BAD 633051150607
BAD 633236761741
BAD 633236970031
BAD 633188556829
BAD 633188556839
BAD 633188556841
BAD 633245300071
BAD 633053252917
BAD 633247266907
BAD 633247266913
BAD 633247266917
BAD 633247266919
BAD 633247266923
BAD 633247317193
BAD 633251773183
BAD 633195745879
BAD 633326800369
BAD 633332771173
BAD 633332771177
BAD 633332771179
BAD 633332771221
BAD 633335768371
BAD 633278211301
BAD 633282968881
BAD 633286591411
BAD 633286591417
BAD 633286591423
BAD 633287992963
BAD 633301674743
BAD 633301772863
BAD 633301912367
BAD 633303615499
BAD 633303615509
BAD 633305210479
BAD 633313098091
BAD 633341745079
BAD 633347080423
BAD 633351830101
BAD 633364294817
BAD 633364294819
BAD 633368560483
BAD 633369313501
BAD 633369313537
BAD 633369835561
BAD 633369835573
BAD 633369835583
BAD 633371279851
BAD 633371279857
BAD 633374229997
BAD 633392358481
BAD 633379883293
BAD 633380614147
BAD 633380614151
BAD 633385055389
BAD 633385055399
BAD 633387558217
BAD 633388843909
BAD 633434877463
BAD 633493193407
BAD 633496384747
BAD 633501404359
BAD 633465925747
BAD 633465956197
BAD 633465956213
BAD 633466231051
BAD 633468378689
BAD 633468378691
BAD 633410491817
BAD 633411402983
BAD 633421885171
BAD 633542895773
BAD 633547831717
BAD 633548859037
BAD 633548859043
BAD 633551038621
BAD 633725718877
BAD 633727101067
BAD 633727101079
BAD 633731762207
BAD 633733686931
BAD 633735406237
BAD 633737901497
BAD 633737901499
BAD 633740966437
BAD 633697937923
BAD 633697937927
BAD 633610453139
BAD 633610453141
BAD 633625429321
BAD 633628761151
BAD 633628761169
BAD 633631995673
BAD 633616799281
BAD 633638875853
BAD 633446563283
BAD 633447832841
BAD 633451536061
BAD 633453932491
BAD 633453932497
BAD 633486607099
BAD 633765530927
BAD 633524777033
BAD 633767326123
BAD 633558276361
BAD 633558522451
BAD 633708886493
BAD 633527202947
BAD 633527202949
BAD 633587952761
BAD 633587952763
BAD 633588150589
BAD 633769270373
BAD 633790050727
BAD 633790050731
BAD 633655408999
BAD 633790888273
BAD 633533434511
BAD 633566373683
BAD 633569661853
BAD 633539413621
BAD 633676276579
BAD 633676414093
BAD 633676414223
BAD 633676414229
BAD 633677123327
BAD 633677123329
BAD 633677123333
BAD 633677253031
BAD 633677724263
BAD 633594804613
BAD 633680963917
BAD 633680963921
BAD 633680963941
BAD 633681039851
BAD 633681039853
BAD 633681039881
BAD 633681039883
BAD 633681502343
BAD 633658559029
BAD 633658559033
BAD 633659182711
BAD 633686225633
BAD 633599157343
BAD 633688189111
BAD 633688189117
BAD 633741901153
BAD 633741901159
BAD 633792469591
BAD 633792469601
BAD 633792469603
BAD 633795021863
BAD 633674003381
BAD 633807808493
BAD 633756075341
BAD 633810106549
BAD 633813816131
BAD 633813816133
BAD 633813816137
BAD 633813816151
BAD 633815194321
BAD 633815926231
BAD 633817727797
BAD 633819134633
BAD 633819134639
BAD 633819453151
BAD 633819735793
BAD 633819735803
BAD 633825109039
BAD 633828175999
BAD 633838419169
BAD 633838419173
BAD 633842804953
BAD 633842804957
BAD 633842835323
BAD 633865393061
BAD 633865603207
BAD 633873399583
BAD 633875145391
BAD 633877133107
BAD 633879317263
BAD 633880980791
BAD 633880980793
BAD 633881775151
BAD 633881775157
BAD 633881775161
BAD 633881775173
BAD 633887473339
BAD 633887473369
BAD 633888492907
BAD 633894608213
BAD 633894608219
BAD 633912757823
BAD 633912757831
BAD 633912987941
BAD 633912987943
BAD 633903381277
BAD 633915681353
BAD 633925204573
BAD 633925204579
BAD 633964411523
BAD 633964411537
BAD 633964712309
BAD 633967395409
BAD 633967395419
BAD 633967395421
BAD 633972044491
BAD 633926138701
BAD 634043613493
BAD 634043613509
BAD 633929827781
BAD 633929827787
BAD 634047692881
BAD 633936022021
BAD 634035785533
BAD 634035785549
BAD 634057781131
BAD 634037077469
BAD 634037077477
BAD 634038096707
BAD 634038096709
BAD 633942053573
BAD 634097466427
BAD 633950856593
BAD 634105880923
BAD 634108247401
BAD 634110081679
BAD 634110942013
BAD 634081192357
BAD 634081192369
BAD 634081192379
BAD 634112053669
BAD 633980758849
BAD 634083056377
BAD 634084292851
BAD 634084292857
BAD 634163761969
BAD 633995031877
BAD 634166337617
BAD 634166337619
BAD 633997401553
BAD 633997907209
BAD 633997949341
BAD 634091623939
BAD 633999391121
BAD 633999391147
BAD 633999773453
BAD 633999773461
BAD 633999773467
BAD 633989600269
BAD 633989600273
BAD 634171731049
BAD 634125984277
BAD 634002739127
BAD 634002739129
BAD 634002739133
BAD 634173267743
BAD 634176742741
BAD 634177031113
BAD 634063319063
BAD 634213056733
BAD 634213056739
BAD 634215432947
BAD 634216882141
BAD 634179523111
BAD 634013153729
BAD 634155480677
BAD 634156177519
BAD 634219907371
BAD 634017250117
BAD 634128033299
BAD 634128033307
BAD 634128033313
BAD 634022512399
BAD 634022549627
BAD 634226950211
BAD 634194357683
BAD 634209848021
BAD 634209848023
BAD 634209848029
BAD 634210349063
BAD 634210349099
BAD 634243283981
BAD 634243283983
BAD 634248149023
BAD 634250014913
BAD 634250797883
BAD 634254024353
BAD 634258842127
BAD 634259425313
BAD 634259425379
BAD 634259425381
BAD 634261408519
BAD 634264409507
BAD 634264409509
BAD 634264409521
BAD 634266411197
BAD 634275108917
BAD 634276971589
BAD 634276971593
BAD 634276978571
BAD 634276978583
BAD 634316529349
BAD 634318646581
BAD 634280327399
BAD 634281511403
BAD 634319886623
BAD 634281752263
BAD 634281752333
BAD 634331577617
BAD 634331577619
BAD 634324325839
BAD 634324936153
BAD 634287923609
BAD 634289915113
BAD 634337989577
BAD 634338037867
BAD 634338860123
BAD 634301517911
BAD 634307137837
BAD 634307137847
BAD 634308847483
BAD 634348769113
BAD 634349673431
BAD 634365981331
BAD 634367697053
BAD 634367697059
BAD 634367716747
BAD 634353541681
BAD 634354988887
BAD 634356859333
BAD 634358748983
BAD 634389243181
BAD 634390443403
BAD 634494560807
BAD 634551595861
BAD 634396074457
BAD 634429983203
BAD 634399201993
BAD 634399201999
BAD 634597826101
BAD 634433095741
BAD 634434733433
BAD 634566115031
BAD 634566115033
BAD 634406367499
BAD 634406367503
BAD 634406367509
BAD 634406590429
BAD 634436411911
BAD 634437217543
BAD 634505852887
BAD 634639059893
BAD 634506756157
BAD 634469720959
BAD 634469720977
BAD 634587286913
BAD 634414460551
BAD 634414460557
BAD 634455424753
BAD 634510113833
BAD 634588837903
BAD 634576878913
BAD 634512066779
BAD 634512066781
BAD 634512066787
BAD 634512066809
BAD 634577780899
BAD 634643630083
BAD 634473434227
BAD 634592138567
BAD 634538655313
BAD 634538758681
BAD 634460511913
BAD 634594178671
BAD 634541492423
BAD 634595459581
BAD 634595459591
BAD 634595459593
BAD 634420630763
BAD 634477595281
BAD 634421600273
BAD 634421600311
BAD 634421984023
BAD 634479038363
BAD 634423886443
BAD 634423886449
BAD 634524014633
BAD 634524014653
BAD 634524014659
BAD 634630252261
BAD 634427551493
BAD 634765099609
BAD 634765099613
BAD 634775143823
BAD 634779801589
BAD 635001127063
BAD 635001316553
BAD 635007380363
BAD 635008223063
BAD 635011457797
BAD 635011971731
BAD 635011971733
BAD 634731622397
BAD 634731622411
BAD 634731622417
BAD 634731875933
BAD 634916260367
BAD 634822014433
BAD 634919941259
BAD 634919941261
BAD 634934297017
BAD 634828717969
BAD 634936536361
BAD 634938986777
BAD 634882459249
BAD 634930940753
BAD 634938986779
BAD 634890082627
BAD 634890734833
BAD 634974724093
BAD 634976085439
BAD 634949259913
BAD 634893186989
BAD 634977962329
BAD 634727278849
BAD 634979551223
BAD 634849366267
BAD 634647748547
BAD 634841521133
BAD 634842614071
BAD 634842614083
BAD 634688711401
BAD 634845451727
BAD 634845451729
BAD 634650928369
BAD 634651363597
BAD 634855841071
BAD 634692827233
BAD 634695197551
BAD 634696184893
BAD 634859752861
BAD 634859752889
BAD 634657256461
BAD 634657686067
BAD 634671385823
BAD 634660230749
BAD 634660230751
BAD 634782394789
BAD 634783381943
BAD 634865191561
BAD 634673697061
BAD 634673697083
BAD 634673697089
BAD 634785275183
BAD 634674994193
BAD 634674994199
BAD 634989258821
BAD 634989258823
BAD 634989258829
BAD 634788318511
BAD 634678848833
BAD 634790858047
BAD 634994824463
BAD 634997586763
BAD 634997586781
BAD 634795923799
BAD 634871691481
BAD 634871691511
BAD 634872687983
BAD 634874514151
BAD 634876069847
BAD 634876069853
BAD 634880064829
BAD 634903552471
BAD 634904237119
BAD 634949804341
BAD 634951852433
BAD 634909240297
BAD 634953910999
BAD 634911879031
BAD 634911879037
BAD 634954164839
BAD 634954164841
BAD 634954164863
BAD 634955893927
BAD 634956759901
BAD 634958007031
BAD 634702016521
BAD 634962017873
BAD 634963190237
BAD 634963190243
BAD 635035726211
BAD 634753675601
BAD 634753675603
BAD 634753675607
BAD 634753675609
BAD 634753675613
BAD 634708880809
BAD 634756392383
BAD 634756392461
BAD 634713899219
BAD 634713899221
BAD 634761856387
BAD 635047534879
BAD 635049425077
BAD 635019429931
BAD 635021046883
BAD 635021293033
BAD 635021293037
BAD 635024795333
BAD 635024795341
BAD 635024795347
BAD 635029653931
BAD 635029735793
BAD 635029735801
BAD 635031686329
BAD 635033080637
BAD 635033080639
BAD 635052288911
BAD 635052288919
BAD 635052288967
BAD 635052288971
BAD 635052288973
BAD 635055030023
BAD 635055030037
BAD 635055030041
BAD 635055313051
BAD 635059381783
BAD 635059809487
BAD 635059809491
BAD 635059809499
BAD 635062922089
BAD 635070427429
BAD 635078423311
BAD 635079053633
BAD 635151235603
BAD 635151553657
BAD 635161113767
BAD 635161113773
BAD 635161113779
BAD 635161113781
BAD 635161113787
BAD 635161224521
BAD 635191177669
BAD 635162659267
BAD 635162659289
BAD 635195947819
BAD 635207275279
BAD 635273364113
BAD 635274151879
BAD 635216830223
BAD 635217057721
BAD 635121469219
BAD 635121469223
BAD 635123711333
BAD 635125980721
BAD 635167557701
BAD 635167557707
BAD 635167557709
BAD 635167557781
BAD 635308922419
BAD 635219040319
BAD 635171510473
BAD 635222200609
BAD 635316288883
BAD 635316288913
BAD 635236078283
BAD 635236078289
BAD 635236078313
BAD 635236195651
BAD 635182289783
BAD 635084279813
BAD 635084328181
BAD 635183202833
BAD 635239816943
BAD 635183421287
BAD 635183421289
BAD 635183864071
BAD 635243136533
BAD 635262561469
BAD 635262640451
BAD 635262640457
BAD 635262640459
BAD 635247292919
BAD 635247292921
BAD 635248933639
BAD 635249923397
BAD 635322428483
BAD 635323030789
BAD 635326514593
BAD 635326514611
BAD 635332690669
BAD 635137251271
BAD 635141429213
BAD 635144672023
BAD 635148009841
BAD 635148695707
BAD 635287612787
BAD 635107138543
BAD 635293641023
BAD 635294668669
BAD 635115827083
BAD 635419816819
BAD 635419957619
BAD 635403198979
BAD 635406854183
BAD 635413892527
BAD 635434828549
BAD 635418284593
BAD 635452911013
BAD 635455555927
BAD 635465179009
BAD 635465196683
BAD 635469314833
BAD 635441181343
BAD 635443371559
BAD 635443371611
BAD 635443371613
BAD 635443371713
BAD 635443371769
BAD 635446760269
BAD 635396745241
BAD 635397775531
BAD 635369109943
BAD 635337369323
BAD 635360275553
BAD 635342147863
BAD 635379381583
BAD 635379381619
BAD 635380458871
BAD 635380458907
BAD 635345535361
BAD 635364178093
BAD 635364178103
BAD 635383460947
BAD 635349105271
BAD 635473666357
BAD 635478259099
BAD 635480346947
BAD 635486223961
BAD 635486466541
BAD 635488172419
BAD 635489625167
BAD 635527863493
BAD 635502944413
BAD 635532051139
BAD 635532999583
BAD 635532999587
BAD 635508861737
BAD 635508861739
BAD 635508861761
BAD 635509227449
BAD 635535178171
BAD 635496554059
BAD 635535979193
BAD 635535979201
BAD 635535979207
BAD 635515491379
BAD 635542514843
BAD 635562516107
BAD 635562613097
BAD 635562613099
BAD 635547786343
BAD 635547786347
BAD 635547786353
BAD 635549740393
BAD 635628471991
BAD 635645600071
BAD 635645600089
BAD 635629039711
BAD 635631149431
BAD 635632615777
BAD 635593138573
BAD 635651963239
BAD 635595202687
BAD 635635821523
BAD 635572532971
BAD 635663704567
BAD 635663704573
BAD 635600157323
BAD 635600157329
BAD 635600157331
BAD 635600157349
BAD 635601380977
BAD 635666358331
BAD 635604829267
BAD 635603238181
BAD 635674098979
BAD 635674098991
BAD 635605833563
BAD 635581043033
BAD 635581043047
BAD 635581323241
BAD 635674627853
BAD 635678018719
BAD 635678018753
BAD 635678488231
BAD 635586412633
BAD 635586412639
BAD 635612577997
BAD 635613918671
BAD 635616006199
BAD 635616006203
BAD 635684924999
BAD 635686980239
BAD 635686980241
BAD 635687524853
BAD 635687550629
BAD 635687550653
BAD 635688917711
BAD 635699191909
BAD 635699191913
BAD 635699192003
BAD 635699192053
BAD 635699192059
BAD 635701257089
BAD 635701553033
BAD 635744660657
BAD 635747495029
BAD 635747495057
BAD 635748032203
BAD 635748032221
BAD 635749587157
BAD 635750023561
BAD 635750023591
BAD 635750780549
BAD 635750780551
BAD 635751418261
BAD 635705784739
BAD 635706266857
BAD 635706266929
BAD 635706266977
BAD 635713897597
BAD 635724682051
BAD 635717697751
BAD 635720862253
BAD 635730065969
BAD 635733096391
BAD 635734716139
BAD 635757204169
BAD 635763391331
BAD 635763651053
BAD 635763708169
BAD 635766079331
BAD 635767159133
BAD 635768336227
BAD 635768501119
BAD 635769021571
BAD 635769021577
BAD 635769021581
BAD 635769021583
BAD 635773945259
BAD 635773945291
BAD 635842753417
BAD 635776168697
BAD 635776168711
BAD 635776168717
BAD 635843386967
BAD 635843386993
BAD 635777154121
BAD 635777154127
BAD 635778422347
BAD 635778422353
BAD 635778877009
BAD 635845342849
BAD 635784458069
BAD 635784458093
BAD 635784458149
BAD 635784458161
BAD 635784458171
BAD 635846891623
BAD 635785966961
BAD 635792808323
BAD 635795014357
BAD 635795014363
BAD 635795014373
BAD 635796440509
BAD 635799584327
BAD 635799584383
BAD 635799584389
BAD 635855825959
BAD 635859328939
BAD 635859328943
BAD 635825028757
BAD 635825028763
BAD 635825028767
BAD 635806484101
BAD 635826700153
BAD 635815093853
BAD 635834132641
BAD 635835542831
BAD 635835542833
BAD 635835542897
BAD 635835542899
BAD 635837087971
BAD 635837087993
BAD 635891440111
BAD 635941585693
BAD 635942291333
BAD 635942291339
BAD 635896684639
BAD 635944003949
BAD 635944003951
BAD 635897996971
BAD 635903909873
BAD 635973962293
BAD 635964873391
BAD 635964873419
BAD 635875311889
BAD 635875311937
BAD 635875311941
BAD 635875336729
BAD 635970049727
BAD 635907104971
BAD 635988551377
BAD 635988551383
BAD 635988551389
BAD 636074036453
BAD 636074338121
BAD 636076909133
BAD 635912692423
BAD 635912692427
BAD 635913111439
BAD 636082734967
BAD 636082734971
BAD 636006554927
BAD 635918199677
BAD 636083905159
BAD 636012665263
BAD 636013705823
BAD 636087937781
BAD 636087937783
BAD 636087937799
BAD 636087937801
BAD 636087937811
BAD 636014729743
BAD 636014729747
BAD 636088733669
BAD 636088733671
BAD 636016005203
BAD 636063015299
BAD 636040214417
BAD 636020181781
BAD 635923307893
BAD 635923307911
BAD 636022333957
BAD 635990128253
BAD 636071749583
BAD 636073172789
BAD 635930206531
BAD 636053180527
BAD 635998340557
BAD 635998340561
BAD 635998340563
BAD 636023045143
BAD 636023045149
BAD 636023045153
BAD 636026529217
BAD 636026529221
BAD 636026529223
BAD 636026529227
BAD 636028924693
BAD 636030261577
BAD 636090846541
BAD 636034050833
BAD 636034050851
BAD 636098373121
BAD 636099093739
BAD 636099656251
BAD 636101152009
BAD 636101152013
BAD 636104330063
BAD 636107499889
BAD 636112690139
BAD 636112781693
BAD 636116752189
BAD 636120445073
BAD 636122911793
BAD 636123105169
BAD 636123105173
BAD 636123456457
BAD 636123456473
BAD 636142067551
BAD 636127933457
BAD 636127933459
BAD 636127933477
BAD 636127933481
BAD 636130356353
BAD 636131501573
BAD 636132401633
BAD 636138419393
BAD 636138419401
BAD 636138419407
BAD 636138843359
BAD 636163246651
BAD 636170734399
BAD 636172628659
BAD 636225562493
BAD 636229603553
BAD 636240140587
BAD 636240140603
BAD 636240945889
BAD 636175814587
BAD 636180805721
BAD 636183626467
BAD 636183626473
BAD 636183626543
BAD 636183626563
BAD 636183626567
BAD 636183626569
BAD 636183715513
BAD 636184118573
BAD 636184118593
BAD 636184118599
BAD 636184118611
BAD 636184774879
BAD 636185580889
BAD 636277123723
BAD 636278087177
BAD 636287997619
BAD 636288860807
BAD 636312648977
BAD 636313218061
BAD 636290894179
BAD 636315605879
BAD 636315605881
BAD 636315794273
BAD 636316514923
BAD 636317175631
BAD 636379548631
BAD 636379646563
BAD 636379646597
BAD 636379646599
BAD 636318985801
BAD 636326713081
BAD 636293608057
BAD 636320995339
BAD 636321756971
BAD 636384567529
BAD 636323749309
BAD 636296930761
BAD 636324669307
BAD 636324669313
BAD 636324991633
BAD 636385964971
BAD 636387977333
BAD 636388466183
BAD 636301738981
BAD 636301738987
BAD 636259662803
BAD 636305129153
BAD 636305129167
BAD 636305129171
BAD 636192767971
BAD 636192767999
BAD 636339882709
BAD 636339882713
BAD 636262475977
BAD 636266999917
BAD 636198818053
BAD 636267552589
BAD 636267552593
BAD 636201011569
BAD 636201708629
BAD 636201708631
BAD 636203424893
BAD 636204022043
BAD 636244651283
BAD 636247724041
BAD 636251684843
BAD 636251684851
BAD 636252516343
BAD 636252516349
BAD 636456006079
BAD 636456006083
BAD 636366314671
BAD 636399546091
BAD 636372369067
BAD 636372369071
BAD 636372369097
BAD 636405350221
BAD 636405584071
BAD 636405584083
BAD 636406984891
BAD 636406984921
BAD 636493157693
BAD 636496668979
BAD 636496669009
BAD 636460044667
BAD 636461257231
BAD 636427747229
BAD 636427747231
BAD 636463683749
BAD 636431137763
BAD 636476226293
BAD 636484760147
BAD 636485137177
BAD 636473892763
BAD 636473892773
BAD 636488773913
BAD 636537694021
BAD 636562912759
BAD 636562912771
BAD 636565147459
BAD 636572746219
BAD 636573995173
BAD 636548025251
BAD 636548025257
BAD 636548025259
BAD 636548025263
BAD 636551599219
BAD 636552852007
BAD 636515650103
BAD 636524809313
BAD 636526090433
BAD 636577181213
BAD 636577181221
BAD 636579359573
BAD 636581330321
BAD 636581330323
BAD 636581330327
BAD 636590385061
BAD 636617437699
BAD 636624102773
BAD 636629229371
BAD 636629229373
BAD 636629229437
BAD 636630178099
BAD 636643789693
BAD 636643789697
BAD 636643789699
BAD 636634786103
BAD 636635342951
BAD 636635342953
BAD 636650461151
BAD 636641187773
BAD 636641187781
BAD 636656251493
BAD 636656251507
BAD 636656251513
BAD 636729327449
BAD 636694771927
BAD 636695893517
BAD 636698033093
BAD 636698033107
BAD 636698033119
BAD 636741856217
BAD 636742253269
BAD 636702878563
BAD 636702878569
BAD 636704286697
BAD 636744298129
BAD 636707128501
BAD 636708595987
BAD 636708595997
BAD 636708596009
BAD 636708596011
BAD 636752987401
BAD 636752987407
BAD 636755673331
BAD 636756036529
BAD 636756492397
BAD 636756492413
BAD 636758072341
BAD 636813542411
BAD 636813542413
BAD 636813542419
BAD 636813542423
BAD 636603268141
BAD 636603948707
BAD 636603948709
BAD 636669799489
BAD 636818683411
BAD 636819322561
BAD 636819322571
BAD 636606354793
BAD 636675416183
BAD 636693042217
BAD 636778638961
BAD 636795428881
BAD 636795428887
BAD 636780449849
BAD 636781215131
BAD 636797636413
BAD 636797636417
BAD 636798813991
BAD 636799953389
BAD 636799953397
BAD 636799953401
BAD 636784197607
BAD 636714543643
BAD 636714543653
BAD 636714754943
BAD 636787752697
BAD 636787752791
BAD 636787752793
BAD 636788459401
BAD 636830406913
BAD 636830406917
BAD 636807658321
BAD 636792545101
BAD 636810793483
BAD 636833956823
BAD 636833956841
BAD 636794718121
BAD 636763770233
BAD 636763770241
BAD 636768302453
BAD 636843447523
BAD 636844202263
BAD 636777034189
BAD 636866690003
BAD 636866715323
BAD 636868094039
BAD 636880998223
BAD 636881802481
BAD 636846174961
BAD 636875045341
BAD 636875045347
BAD 636875177893
BAD 636875177909
BAD 636875177929
BAD 636875177941
BAD 636875177951
BAD 636852926959
BAD 636852926971
BAD 636890749283
BAD 636890749351
BAD 636854644037
BAD 636856441667
BAD 636897575491
BAD 636897575497
BAD 636903739403
BAD 636903739421
BAD 636907195787
BAD 636907195789
BAD 636908279047
BAD 636909396433
BAD 636909396451
BAD 636928994869
BAD 636928994873
BAD 636937465421
BAD 636941365597
BAD 636941569157
BAD 636944048291
BAD 636970037927
BAD 636970037929
BAD 636947076053
BAD 636977619953
BAD 636977619959
BAD 636977619961
BAD 636956907163
BAD 636962165701
BAD 636997904663
BAD 637031475349
BAD 637035707843
BAD 637041771829
BAD 637043084023
BAD 637043504659
BAD 637047103591
BAD 637062438293
BAD 636980423491
BAD 636982634927
BAD 636982634929
BAD 637119666823
BAD 637119667091
BAD 636988775743
BAD 636989959919
BAD 637064969573
BAD 636991571039
BAD 637015340099
BAD 637015340113
BAD 637016271391
BAD 637016271403
BAD 637084112503
BAD 637020841297
BAD 637020841309
BAD 637020841313
BAD 637087842763
BAD 637088183077
BAD 637078882897
BAD 637092119437
BAD 637026809207
BAD 637027116281
BAD 637027116283
BAD 637093254349
BAD 637028324941
BAD 637130516161
BAD 637130516173
BAD 637130516177
BAD 637130516179
BAD 637098319681
BAD 637100445287
BAD 637101383797
BAD 637105131727
BAD 637105131731
BAD 637105689053
BAD 637106699641
BAD 637148449757
BAD 637148449759
BAD 637141358963
BAD 637151029657
BAD 637110645979
BAD 637152126277
BAD 637153429153
BAD 637155600413
BAD 637248310429
BAD 637158554911
BAD 637252244663
BAD 637254980543
BAD 637162023877
BAD 637188090401
BAD 637188090403
BAD 637189094173
BAD 637208304353
BAD 637218599543
BAD 637190689339
BAD 637262345039
BAD 637219769023
BAD 637219769029
BAD 637219769033
BAD 637219769041
BAD 637219769063
BAD 637263056033
BAD 637192127791
BAD 637211307697
BAD 637211307709
BAD 637211307713
BAD 637165416709
BAD 637281461093
BAD 637284262787
BAD 637226406077
BAD 637226406079
BAD 637171165511
BAD 637171165513
BAD 637171165517
BAD 637228280477
BAD 637293005959
BAD 637177483099
BAD 637235647067
BAD 637238057389
BAD 637272286669
BAD 637272563309
BAD 637273422631
BAD 637273422637
BAD 637241165971
BAD 637242154621
BAD 637242154631
BAD 637243343557
BAD 637245693919
BAD 637303541701
BAD 637305787133
BAD 637305787147
BAD 637312083301
BAD 637313223433
BAD 637314158461
BAD 637344407213
BAD 637344407221
BAD 637345376641
BAD 637345376683
BAD 637346901811
BAD 637358132461
BAD 637361475019
BAD 637318334299
BAD 637326369881
BAD 637328366063
BAD 637329744979
BAD 637365881989
BAD 637365881993
BAD 637368884917
BAD 637369309669
BAD 637369309673
BAD 637381621297
BAD 637381621301
BAD 637390373959
BAD 637390504427
BAD 637390504433
BAD 637395467953
BAD 637411618303
BAD 637433479733
BAD 637433479741
BAD 637433479777
BAD 637434232613
BAD 637435428109
BAD 637438580353
BAD 637482864589
BAD 637482864593
BAD 637483273183
BAD 637483273187
BAD 637447011613
BAD 637448352799
BAD 637448352803
BAD 637448352809
BAD 637448352811
BAD 637448352823
BAD 637449037429
BAD 637416794473
BAD 637503536077
BAD 637418433503
BAD 637498482883
BAD 637506272423
BAD 637507236623
BAD 637511234453
BAD 637511648743
BAD 637512890197
BAD 637514515219
BAD 637426460257
BAD 637426460269
BAD 637426573249
BAD 637426573253
BAD 637426726219
BAD 637428366889
BAD 637428366893
BAD 637591856687
BAD 637591856689
BAD 637591856711
BAD 637592077127
BAD 637598144371
BAD 637598144377
BAD 637598803451
BAD 637598803453
BAD 637651780553
BAD 637651780561
BAD 637653337483
BAD 637653917521
BAD 637653918179
BAD 637579299367
BAD 637658406509
BAD 637662296753
BAD 637519053707
BAD 637519053709
BAD 637519053713
BAD 637520418361
BAD 637521822953
BAD 637464786229
BAD 637464786247
BAD 637464786271
BAD 637522205563
BAD 637522205569
BAD 637464949063
BAD 637465327703
BAD 637524358481
BAD 637472416831
BAD 637554227881
BAD 637604390629
BAD 637556540767
BAD 637533895387
BAD 637477512937
BAD 637531212511
BAD 637535049367
BAD 637478069663
BAD 637608511763
BAD 637621414783
BAD 637538394149
BAD 637538394151
BAD 637611024469
BAD 637611024473
BAD 637611138001
BAD 637481647357
BAD 637481647393
BAD 637481647399
BAD 637613466079
BAD 637615949017
BAD 637546257091
BAD 637701666211
BAD 637547139841
BAD 637629282779
BAD 637629282781
BAD 637703658517
BAD 637703658523
BAD 637632638287
BAD 637710009413
BAD 637710009421
BAD 637710584113
BAD 637690402051
BAD 637635607927
BAD 637638220603
BAD 637638615067
BAD 637698558907
BAD 637639684183
BAD 637668521239
BAD 637725931109
BAD 637725931111
BAD 637646383643
BAD 637671224753
BAD 637672139791
BAD 637673908523
BAD 637674123529
BAD 637674123533
BAD 637733380223
BAD 637679114047
BAD 637679114053
BAD 637679114063
BAD 637679114069
BAD 637679114071
BAD 637681903909
BAD 637783267133
BAD 637753250599
BAD 637755850909
BAD 637790615213
BAD 637793138713
BAD 637795208923
BAD 637801486667
BAD 637801486669
BAD 637803034969
BAD 637803727667
BAD 637803727669
BAD 637814488159
BAD 637814488163
BAD 637831319329
BAD 637836042097
BAD 637836042121
BAD 637836042127
BAD 637844042603
BAD 637856854043
BAD 637856955863
BAD 637859000341
BAD 637859863111
BAD 637861919713
BAD 637861919731
BAD 637866393601
BAD 637894135909
BAD 637894135913
BAD 637899944713
BAD 637899944729
BAD 637903223393
BAD 637903223401
BAD 637903696351
BAD 637909128887
BAD 637909128889
BAD 637909128893
BAD 637926652471
BAD 637930176833
BAD 637930302089
BAD 637930302091
BAD 638053356583
BAD 638055637433
BAD 637874634409
BAD 637874634413
BAD 638057184563
BAD 637875347773
BAD 638060655863
BAD 638063023711
BAD 638046153113
BAD 638003160107
BAD 638003746231
BAD 638005870477
BAD 638067516953
BAD 638006534161
BAD 638048976841
BAD 638048976871
BAD 637989647543
BAD 638051640959
BAD 637962583507
BAD 637963039871
BAD 637991355721
BAD 637992227941
BAD 638095622243
BAD 637993369579
BAD 637993369583
BAD 637966020203
BAD 638098742513
BAD 638098742521
BAD 637968043819
BAD 638099064193
BAD 637885275829
BAD 637996552229
BAD 637996552231
BAD 637998707323
BAD 637970869069
BAD 637970869073
BAD 638071276523
BAD 638155414423
BAD 638122824737
BAD 638122824739
BAD 638175465023
BAD 638176011313
BAD 638139167749
BAD 638126513977
BAD 638140487653
BAD 638078378153
BAD 638079225799
BAD 638079225803
BAD 638079225829
BAD 638080280219
BAD 637939403531
BAD 637939403551
BAD 637939403557
BAD 638081062043
BAD 638081088019
BAD 638129789663
BAD 638129789729
BAD 638130196063
BAD 638130196073
BAD 638130196079
BAD 638145506083
BAD 638145506113
BAD 638133083491
BAD 638133083513
BAD 638133748543
BAD 638186708239
BAD 638186708273
BAD 638186708287
BAD 638148239959
BAD 637945075919
BAD 637945075921
BAD 637947185431
BAD 637947185443
BAD 637947185453
BAD 638118576461
BAD 638118576463
BAD 638192460281
BAD 638193847013
BAD 638198886859
BAD 638199256679
BAD 638220198547
BAD 638241570067
BAD 638242962353
BAD 638243467777
BAD 638243517893
BAD 638223119749
BAD 638223119753
BAD 638223119827
BAD 638226590333
BAD 638228060237
BAD 638229416711
BAD 638231007857
BAD 638231007859
BAD 638232652261
BAD 638232652283
BAD 638233137593
BAD 638256634129
BAD 638256634133
BAD 638237000153
BAD 638261660611
BAD 638261814833
BAD 638263033553
BAD 638272090849
BAD 638302768591
BAD 638302916437
BAD 638311458817
BAD 638313867991
BAD 638320227767
BAD 638428680317
BAD 638428680319
BAD 638433680917
BAD 638433680923
BAD 638433791663
BAD 638406300409
BAD 638406300421
BAD 638407430813
BAD 638438293001
BAD 638414986177
BAD 638415032777
BAD 638415032779
BAD 638416066703
BAD 638416066711
BAD 638323738333
BAD 638379631621
BAD 638379631627
BAD 638397101833
BAD 638398725883
BAD 638334701491
BAD 638334701497
BAD 638334701507
BAD 638335772471
BAD 638403110221
BAD 638386159199
BAD 638387710159
BAD 638387710201
BAD 638387906119
BAD 638365413053
BAD 638340907933
BAD 638442499243
BAD 638447774749
BAD 638447774753
BAD 638575488623
BAD 638451074567
BAD 638451074581
BAD 638451074593
BAD 638451074627
BAD 638451074629
BAD 638451074633
BAD 638578150271
BAD 638578150321
BAD 638453402137
BAD 638581004989
BAD 638581943249
BAD 638584499491
BAD 638524097207
BAD 638587104193
BAD 638587389523
BAD 638587389527
BAD 638587389529
BAD 638491474163
BAD 638543429113
BAD 638534157259
BAD 638548064071
BAD 638548064083
BAD 638472868309
BAD 638550426919
BAD 638473629163
BAD 638473629169
BAD 638500906111
BAD 638500906117
BAD 638552351483
BAD 638552390299
BAD 638552390303
BAD 638552390467
BAD 638552744849
BAD 638476438219
BAD 638555051177
BAD 638555051179
BAD 638478362771
BAD 638479246193
BAD 638463659891
BAD 638463659893
BAD 638464547341
BAD 638464547363
BAD 638465683783
BAD 638485506331
BAD 638471484083
BAD 638506396679
BAD 638506641607
BAD 638510547119
BAD 638510547121
BAD 638515287367
BAD 638515287391
BAD 638517422209
BAD 638517539549
BAD 638517539551
BAD 638517539557
BAD 638521017319
BAD 638592947569
BAD 638599334179
BAD 638599334183
BAD 638600535431
BAD 638600535437
BAD 638600535439
BAD 638558932523
BAD 638560154779
BAD 638602896143
BAD 638562823543
BAD 638562823553
BAD 638566557931
BAD 638566831117
BAD 638567327729
BAD 638567327731
BAD 638568353029
BAD 638614123579
BAD 638614123583
BAD 638640681499
BAD 638618322539
BAD 638618322541
BAD 638618935483
BAD 638645326939
BAD 638645326951
BAD 638645326961
BAD 638645326973
BAD 638659957027
BAD 638647484119
BAD 638649055621
BAD 638662805513
BAD 638665276103
BAD 638654747749
BAD 638667364303
BAD 638657030959
BAD 638669859229
BAD 638669859287
BAD 638669859293
BAD 638624720039
BAD 638629959823
BAD 638629959827
BAD 638633985763
BAD 638711215061
BAD 638711215063
BAD 638712449593
BAD 638712449611
BAD 638716965121
BAD 638691464069
BAD 638691464071
BAD 638692358483
BAD 638693230891
BAD 638693230897
BAD 638720291983
BAD 638696186431
BAD 638703242389
BAD 638705038403
BAD 638746655021
BAD 638746655023
BAD 638688238147
BAD 638753465513
BAD 638755640123
BAD 638755640129
BAD 638730725273
BAD 638785251893
BAD 638734607899
BAD 638734695293
BAD 638734695517
BAD 638787873079
BAD 638759000861
BAD 638759000863
BAD 638759000881
BAD 638759177429
BAD 638759177431
BAD 638740400407
BAD 638740400453
BAD 638828790407
BAD 638828790409
BAD 638769071467
BAD 638832216889
BAD 638771892547
BAD 638772296161
BAD 638833916563
BAD 638836523911
BAD 638837990911
BAD 638841302137
BAD 638841302153
BAD 638841302161
BAD 638861718049
BAD 638862241453
BAD 638914126561
BAD 638980819343
BAD 638917063831
BAD 638871117491
BAD 638986314833
BAD 638893417429
BAD 638894066281
BAD 638894186657
BAD 638898863389
BAD 638898863401
BAD 638901874381
BAD 638810306213
BAD 638813406823
BAD 638908592299
BAD 638823330449
BAD 638823330451
BAD 638927160121
BAD 638927160127
BAD 638964157099
BAD 638932188263
BAD 638970232867
BAD 638970801719
BAD 638934756247
BAD 638973587821
BAD 638843219101
BAD 638943373699
BAD 638943373703
BAD 638939859619
BAD 638848394839
BAD 638851466993
BAD 638954406203
BAD 638954907847
BAD 638957387953
BAD 638854568543
BAD 639027207619
BAD 639031361183
BAD 639046573643
BAD 639009406423
BAD 639011179321
BAD 639038070589
BAD 639052993597
BAD 639039422249
BAD 639039422251
BAD 639056950429
BAD 639018406777
BAD 639018692933
BAD 639025984489
BAD 639060032987
BAD 639066531889
BAD 639077590883
BAD 639077590889
BAD 639077590891
BAD 639079146661
BAD 639085920313
BAD 639085920337
BAD 639085920359
BAD 639087774121
BAD 639097816433
BAD 639097816459
BAD 639097816463
BAD 639099841999
BAD 639007689923
BAD 639101266849
BAD 639102032669
BAD 639102032671
BAD 639107256947
BAD 639113727727
BAD 639123661441
BAD 639131813849
BAD 639131813851
BAD 639123934517
BAD 639133865119
BAD 639136100971
BAD 639136920347
BAD 639140421133
BAD 639143313631
BAD 639143313637
BAD 639179122717
BAD 639185705201
BAD 639185705203
BAD 639269666957
BAD 639190151731
BAD 639190151753
BAD 639212024573
BAD 639275594161
BAD 639215035931
BAD 639215035933
BAD 639215105303
BAD 639215105311
BAD 639215625833
BAD 639220995143
BAD 639221029877
BAD 639221029879
BAD 639221029883
BAD 639249117599
BAD 639249117601
BAD 639165422911
BAD 639166144963
BAD 639170515583
BAD 639295608113
BAD 639295608157
BAD 639382154647
BAD 639385378129
BAD 639386186731
BAD 639386798959
BAD 639304107863
BAD 639304107877
BAD 639499057349
BAD 639151513493
BAD 639311214473
BAD 639311214481
BAD 639501693151
BAD 639394739959
BAD 639447211993
BAD 639448095217
BAD 639505012067
BAD 639402129283
BAD 639402129287
BAD 639156700561
BAD 639156700673
BAD 639156700681
BAD 639156700691
BAD 639403361503
BAD 639453170051
BAD 639453170053
BAD 639453920783
BAD 639228457799
BAD 639228457801
BAD 639228457807
BAD 639228593467
BAD 639511201751
BAD 639511201753
BAD 639207388741
BAD 639207388753
BAD 639207399689
BAD 639208004573
BAD 639208230863
BAD 639209413417
BAD 639209612689
BAD 639235249189
BAD 639315716597
BAD 639317097971
BAD 639317097973
BAD 639317097977
BAD 639321337159
BAD 639321337163
BAD 639323213891
BAD 639242455603
BAD 639242455609
BAD 639325365979
BAD 639325365983
BAD 639327673001
BAD 639327673003
BAD 639434036771
BAD 639434036777
BAD 639434036779
BAD 639434036783
BAD 639412047949
BAD 639436204403
BAD 639436204411
BAD 639332294959
BAD 639425513341
BAD 639426291787
BAD 639427718359
BAD 639428746291
BAD 639280466663
BAD 639280466689
BAD 639285262537
BAD 639286473547
BAD 639352620631
BAD 639352620649
BAD 639287556499
BAD 639287556503
BAD 639356206067
BAD 639356360389
BAD 639356360393
BAD 639361280323
BAD 639292162517
BAD 639292162519
BAD 639292501073
BAD 639368981633
BAD 639464087629
BAD 639465541103
BAD 639469568237
BAD 639469568251
BAD 639470387221
BAD 639540034993
BAD 639513740113
BAD 639542647759
BAD 639542647787
BAD 639543959251
BAD 639545343803
BAD 639520273501
BAD 639520273507
BAD 639528684259
BAD 639528684283
BAD 639529320439
BAD 639581847143
BAD 639588534821
BAD 639565056061
BAD 639566747929
BAD 639571782011
BAD 639571782013
BAD 639572728037
BAD 639572728079
BAD 639610537171
BAD 639610537183
BAD 639610553839
BAD 639549997459
BAD 639551772053
BAD 639551772059
BAD 639551772061
BAD 639553342699
BAD 639578475937
BAD 639557774833
BAD 639557774837
BAD 639557774839
BAD 639558905941
BAD 639561631183
BAD 639561631193
BAD 639617396003
BAD 639618547441
BAD 639716454199
BAD 639731894149
BAD 639724713829
BAD 639724713833
BAD 639734825167
BAD 639726370903
BAD 639738880831
BAD 639738880903
BAD 639749437121
BAD 639749437123
BAD 639665222123
BAD 639750147739
BAD 639751460417
BAD 639668282273
BAD 639668986183
BAD 639744095413
BAD 639669941927
BAD 639669941929
BAD 639752782499
BAD 639745310153
BAD 639679544747
BAD 639679903033
BAD 639633212483
BAD 639638324687
BAD 639638561719
BAD 639641861407
BAD 639702113543
BAD 639702113551
BAD 639644565479
BAD 639644565481
BAD 639704003843
BAD 639708836839
BAD 639708836849
BAD 639712887371
BAD 639806700217
BAD 639849660187
BAD 639852076943
BAD 639887192419
BAD 639887192423
BAD 639681508639
BAD 639888411403
BAD 639857211769
BAD 639857211781
BAD 639857563789
BAD 639892081327
BAD 639892081403
BAD 639862514167
BAD 639896503201
BAD 639832981237
BAD 639832981241
BAD 639832981243
BAD 639774619951
BAD 639776050531
BAD 639776537263
BAD 639776537273
BAD 639838108849
BAD 639838108859
BAD 639778421213
BAD 639838772333
BAD 639943615967
BAD 639816251843
BAD 639839769337
BAD 639840336953
BAD 639840336959
BAD 639922687373
BAD 639946658657
BAD 639947239051
BAD 639821269361
BAD 639663637219
BAD 639929171731
BAD 639826000873
BAD 639826000909
BAD 639902746283
BAD 639902746291
BAD 639902746297
BAD 639903309979
BAD 639909576941
BAD 639909576973
BAD 639909576979
BAD 639874068577
BAD 639877882087
BAD 639877882099
BAD 639877882103
BAD 639880578319
BAD 639983954021
BAD 639983954023
BAD 639984826891
BAD 639984826951
BAD 639988576193
BAD 639975354553
BAD 639975354559
BAD 639990801157
BAD 639990801209
BAD 639990801211
BAD 639990801259
BAD 639950240627
BAD 639978867139
BAD 639995876447
BAD 639995876449
BAD 639996733043
BAD 639997050923
BAD 639997866331
BAD 639998098997
BAD 639999040007
BAD 639999040049
BAD 639959040199
BAD 639960290381
BAD 639960290383
RANGE 630000000000 640000000000 PRIMES 367955242 BAD 3143
