warning: mathlib: repository '/root/erdosfire-bench/proofs/.lake/packages/mathlib' has local changes
warning: plausible: repository '/root/erdosfire-bench/proofs/.lake/packages/plausible' has local changes
warning: LeanSearchClient: repository '/root/erdosfire-bench/proofs/.lake/packages/LeanSearchClient' has local changes
warning: importGraph: repository '/root/erdosfire-bench/proofs/.lake/packages/importGraph' has local changes
warning: proofwidgets: repository '/root/erdosfire-bench/proofs/.lake/packages/proofwidgets' has local changes
warning: aesop: repository '/root/erdosfire-bench/proofs/.lake/packages/aesop' has local changes
warning: Qq: repository '/root/erdosfire-bench/proofs/.lake/packages/Qq' has local changes
warning: batteries: repository '/root/erdosfire-bench/proofs/.lake/packages/batteries' has local changes
warning: Cli: repository '/root/erdosfire-bench/proofs/.lake/packages/Cli' has local changes
	Command being timed: "timeout 500 lake env lean /mnt/c/Users/jared/Local Sites/woocommerce-enterprise/oracle/frontier_formalizer/cable/theorems/msl_erdos681_bigbad_kill_table_999997304513_v2.lean"
	User time (seconds): 51.23
	System time (seconds): 39.71
	Percent of CPU this job got: 92%
	Elapsed (wall clock) time (h:mm:ss or m:ss): 1:38.66
	Average shared text size (kbytes): 0
	Average unshared data size (kbytes): 0
	Average stack size (kbytes): 0
	Average total size (kbytes): 0
	Maximum resident set size (kbytes): 2383880
	Average resident set size (kbytes): 0
	Major (requiring I/O) page faults: 3583
	Minor (reclaiming a frame) page faults: 159317
	Voluntary context switches: 12171
	Involuntary context switches: 1111
	Swaps: 0
	File system inputs: 549120
	File system outputs: 0
	Socket messages sent: 0
	Socket messages received: 0
	Signals delivered: 0
	Page size (bytes): 4096
	Exit status: 0
