/mnt/c/Users/jared/Local Sites/woocommerce-enterprise/oracle/evidence/erdos681/Erdos681Pratt.lean:61:41: warning: This simp argument is unused:
  List.forall_mem_nil

Hint: Omit it from the simp argument list.
  simp only [List.forall_mem_cons, L̵i̵s̵t̵.̵f̵o̵r̵a̵l̵l̵_̵m̵e̵m̵_̵n̵i̵l̵,̵ ̵and_true]

Note: This linter can be disabled with `set_option linter.unusedSimpArgs false`
/mnt/c/Users/jared/Local Sites/woocommerce-enterprise/oracle/evidence/erdos681/Erdos681Pratt.lean:61:62: warning: This simp argument is unused:
  and_true

Hint: Omit it from the simp argument list.
  simp only [List.forall_mem_cons, List.forall_mem_nil,̵ ̵a̵n̵d̵_̵t̵r̵u̵e̵]

Note: This linter can be disabled with `set_option linter.unusedSimpArgs false`
/mnt/c/Users/jared/Local Sites/woocommerce-enterprise/oracle/evidence/erdos681/Erdos681Pratt.lean:66:41: warning: This simp argument is unused:
  List.forall_mem_nil
Command exited with non-zero status 1
	Command being timed: "timeout 3000 lake env lean /mnt/c/Users/jared/Local Sites/woocommerce-enterprise/oracle/evidence/erdos681/Erdos681Pratt.lean"
	User time (seconds): 38.44
	System time (seconds): 9.97
	Percent of CPU this job got: 56%
	Elapsed (wall clock) time (h:mm:ss or m:ss): 1:25.15
	Average shared text size (kbytes): 0
	Average unshared data size (kbytes): 0
	Average stack size (kbytes): 0
	Average total size (kbytes): 0
	Maximum resident set size (kbytes): 6564128
	Average resident set size (kbytes): 0
	Major (requiring I/O) page faults: 115737
	Minor (reclaiming a frame) page faults: 238676
	Voluntary context switches: 169297
	Involuntary context switches: 1537
	Swaps: 0
	File system inputs: 14997920
	File system outputs: 0
	Socket messages sent: 0
	Socket messages received: 0
	Signals delivered: 0
	Page size (bytes): 4096
	Exit status: 1
̵ ̵and_true]

Note: This linter can be disabled with `set_option linter.unusedSimpArgs false`
/mnt/c/Users/jared/Local Sites/woocommerce-enterprise/oracle/evidence/erdos681/Erdos681Pratt.lean:71:62: warning: This simp argument is unused:
  and_true

Hint: Omit it from the simp argument list.
  simp only [List.forall_mem_cons, List.forall_mem_nil,̵ ̵a̵n̵d̵_̵t̵r̵u̵e̵]

Note: This linter can be disabled with `set_option linter.unusedSimpArgs false`
/mnt/c/Users/jared/Local Sites/woocommerce-enterprise/oracle/evidence/erdos681/Erdos681Pratt.lean:76:110: error: Application type mismatch: The argument
  P_218626433
has type
  Nat.Prime 218626433
but is expected to have type
  Nat.Prime 218626433 ∧ ∀ x ∈ [], Nat.Prime x
in the application
  ⟨?m.29, P_218626433⟩
/mnt/c/Users/jared/Local Sites/woocommerce-enterprise/oracle/evidence/erdos681/Erdos681Pratt.lean:76:41: warning: This simp argument is unused:
  List.forall_mem_nil

Hint: Omit it from the simp argument list.
  simp only [List.forall_mem_cons, L̵i̵s̵t̵.̵f̵o̵r̵a̵l̵l̵_̵m̵e̵m̵_̵n̵i̵l̵,̵ ̵and_true]

Note: This linter can be disabled with `set_option linter.unusedSimpArgs false`
/mnt/c/Users/jared/Local Sites/woocommerce-enterprise/oracle/evidence/erdos681/Erdos681Pratt.lean:76:62: warning: This simp argument is unused:
  and_true

Hint: Omit it from the simp argument list.
  simp only [List.forall_mem_cons, List.forall_mem_nil,̵ ̵a̵n̵d̵_̵t̵r̵u̵e̵]

Note: This linter can be disabled with `set_option linter.unusedSimpArgs false`
/mnt/c/Users/jared/Local Sites/woocommerce-enterprise/oracle/evidence/erdos681/Erdos681Pratt.lean:81:41: warning: This simp argument is unused:
  List.forall_mem_nil

Hint: Omit it from the simp argument list.
  simp only [List.forall_mem_cons, L̵i̵s̵t̵.̵f̵o̵r̵a̵l̵l̵_̵m̵e̵m̵_̵n̵i̵l̵,̵ ̵and_true]

Note: This linter can be disabled with `set_option linter.unusedSimpArgs false`
/mnt/c/Users/jared/Local Sites/woocommerce-enterprise/oracle/evidence/erdos681/Erdos681Pratt.lean:81:62: warning: This simp argument is unused:
  and_true

Hint: Omit it from the simp argument list.
  simp only [List.forall_mem_cons, List.forall_mem_nil,̵ ̵a̵n̵d̵_̵t̵r̵u̵e̵]

Note: This linter can be disabled with `set_option linter.unusedSimpArgs false`
/mnt/c/Users/jared/Local Sites/woocommerce-enterprise/oracle/evidence/erdos681/Erdos681Pratt.lean:86:140: error: Application type mismatch: The argument
  P_29729971
has type
  Nat.Prime 29729971
but is expected to have type
  Nat.Prime 29729971 ∧ ∀ x ∈ [], Nat.Prime x
in the application
  ⟨?m.41, P_29729971⟩
/mnt/c/Users/jared/Local Sites/woocommerce-enterprise/oracle/evidence/erdos681/Erdos681Pratt.lean:86:41: warning: This simp argument is unused:
  List.forall_mem_nil

Hint: Omit it from the simp argument list.
  simp only [List.forall_mem_cons, L̵i̵s̵t̵.̵f̵o̵r̵a̵l̵l̵_̵m̵e̵m̵_̵n̵i̵l̵,̵ ̵and_true]

Note: This linter can be disabled with `set_option linter.unusedSimpArgs false`
/mnt/c/Users/jared/Local Sites/woocommerce-enterprise/oracle/evidence/erdos681/Erdos681Pratt.lean:86:62: warning: This simp argument is unused:
  and_true

Hint: Omit it from the simp argument list.
  simp only [List.forall_mem_cons, List.forall_mem_nil,̵ ̵a̵n̵d̵_̵t̵r̵u̵e̵]

Note: This linter can be disabled with `set_option linter.unusedSimpArgs false`
/mnt/c/Users/jared/Local Sites/woocommerce-enterprise/oracle/evidence/erdos681/Erdos681Pratt.lean:91:41: warning: This simp argument is unused:
  List.forall_mem_nil

Hint: Omit it from the simp argument list.
  simp only [List.forall_mem_cons, L̵i̵s̵t̵.̵f̵o̵r̵a̵l̵l̵_̵m̵e̵m̵_̵n̵i̵l̵,̵ ̵and_true]

Note: This linter can be disabled with `set_option linter.unusedSimpArgs false`
/mnt/c/Users/jared/Local Sites/woocommerce-enterprise/oracle/evidence/erdos681/Erdos681Pratt.lean:91:62: warning: This simp argument is unused:
  and_true

Hint: Omit it from the simp argument list.
  simp only [List.forall_mem_cons, List.forall_mem_nil,̵ ̵a̵n̵d̵_̵t̵r̵u̵e̵]

Note: This linter can be disabled with `set_option linter.unusedSimpArgs false`
/mnt/c/Users/jared/Local Sites/woocommerce-enterprise/oracle/evidence/erdos681/Erdos681Pratt.lean:96:41: warning: This simp argument is unused:
  List.forall_mem_nil

Hint: Omit it from the simp argument list.
  simp only [List.forall_mem_cons, L̵i̵s̵t̵.̵f̵o̵r̵a̵l̵l̵_̵m̵e̵m̵_̵n̵i̵l̵,̵ ̵and_true]

Note: This linter can be disabled with `set_option linter.unusedSimpArgs false`
/mnt/c/Users/jared/Local Sites/woocommerce-enterprise/oracle/evidence/erdos681/Erdos681Pratt.lean:96:62: warning: This simp argument is unused:
  and_true

Hint: Omit it from the simp argument list.
  simp only [List.forall_mem_cons, List.forall_mem_nil,̵ ̵a̵n̵d̵_̵t̵r̵u̵e̵]

Note: This linter can be disabled with `set_option linter.unusedSimpArgs false`
/mnt/c/Users/jared/Local Sites/woocommerce-enterprise/oracle/evidence/erdos681/Erdos681Pratt.lean:101:41: warning: This simp argument is unused:
  List.forall_mem_nil

Hint: Omit it from the simp argument list.
  simp only [List.forall_mem_cons, L̵i̵s̵t̵.̵f̵o̵r̵a̵l̵l̵_̵m̵e̵m̵_̵n̵i̵l̵,̵ ̵and_true]

Note: This linter can be disabled with `set_option linter.unusedSimpArgs false`
/mnt/c/Users/jared/Local Sites/woocommerce-enterprise/oracle/evidence/erdos681/Erdos681Pratt.lean:101:62: warning: This simp argument is unused:
  and_true

Hint: Omit it from the simp argument list.
  simp only [List.forall_mem_cons, List.forall_mem_nil,̵ ̵a̵n̵d̵_̵t̵r̵u̵e̵]

Note: This linter can be disabled with `set_option linter.unusedSimpArgs false`
/mnt/c/Users/jared/Local Sites/woocommerce-enterprise/oracle/evidence/erdos681/Erdos681Pratt.lean:106:110: error: Application type mismatch: The argument
  P_2145916963
has type
  Nat.Prime 2145916963
but is expected to have type
  Nat.Prime 2145916963 ∧ ∀ x ∈ [], Nat.Prime x
in the application
  ⟨?m.29, P_2145916963⟩
/mnt/c/Users/jared/Local Sites/woocommerce-enterprise/oracle/evidence/erdos681/Erdos681Pratt.lean:106:41: warning: This simp argument is unused:
  List.forall_mem_nil

Hint: Omit it from the simp argument list.
  simp only [List.forall_mem_cons, L̵i̵s̵t̵.̵f̵o̵r̵a̵l̵l̵_̵m̵e̵m̵_̵n̵i̵l̵,̵ ̵and_true]

Note: This linter can be disabled with `set_option linter.unusedSimpArgs false`
/mnt/c/Users/jared/Local Sites/woocommerce-enterprise/oracle/evidence/erdos681/Erdos681Pratt.lean:106:62: warning: This simp argument is unused:
  and_true

Hint: Omit it from the simp argument list.
  simp only [List.forall_mem_cons, List.forall_mem_nil,̵ ̵a̵n̵d̵_̵t̵r̵u̵e̵]

Note: This linter can be disabled with `set_option linter.unusedSimpArgs false`
/mnt/c/Users/jared/Local Sites/woocommerce-enterprise/oracle/evidence/erdos681/Erdos681Pratt.lean:111:41: warning: This simp argument is unused:
  List.forall_mem_nil

Hint: Omit it from the simp argument list.
  simp only [List.forall_mem_cons, L̵i̵s̵t̵.̵f̵o̵r̵a̵l̵l̵_̵m̵e̵m̵_̵n̵i̵l̵,̵ ̵and_true]

Note: This linter can be disabled with `set_option linter.unusedSimpArgs false`
/mnt/c/Users/jared/Local Sites/woocommerce-enterprise/oracle/evidence/erdos681/Erdos681Pratt.lean:111:62: warning: This simp argument is unused:
  and_true

Hint: Omit it from the simp argument list.
  simp only [List.forall_mem_cons, List.forall_mem_nil,̵ ̵a̵n̵d̵_̵t̵r̵u̵e̵]

Note: This linter can be disabled with `set_option linter.unusedSimpArgs false`
/mnt/c/Users/jared/Local Sites/woocommerce-enterprise/oracle/evidence/erdos681/Erdos681Pratt.lean:116:41: warning: This simp argument is unused:
  List.forall_mem_nil

Hint: Omit it from the simp argument list.
  simp only [List.forall_mem_cons, L̵i̵s̵t̵.̵f̵o̵r̵a̵l̵l̵_̵m̵e̵m̵_̵n̵i̵l̵,̵ ̵and_true]

Note: This linter can be disabled with `set_option linter.unusedSimpArgs false`
/mnt/c/Users/jared/Local Sites/woocommerce-enterprise/oracle/evidence/erdos681/Erdos681Pratt.lean:116:62: warning: This simp argument is unused:
  and_true

Hint: Omit it from the simp argument list.
  simp only [List.forall_mem_cons, List.forall_mem_nil,̵ ̵a̵n̵d̵_̵t̵r̵u̵e̵]

Note: This linter can be disabled with `set_option linter.unusedSimpArgs false`
/mnt/c/Users/jared/Local Sites/woocommerce-enterprise/oracle/evidence/erdos681/Erdos681Pratt.lean:121:155: error: Application type mismatch: The argument
  P_1126123091
has type
  Nat.Prime 1126123091
but is expected to have type
  Nat.Prime 1126123091 ∧ ∀ x ∈ [], Nat.Prime x
in the application
  ⟨?m.47, P_1126123091⟩
/mnt/c/Users/jared/Local Sites/woocommerce-enterprise/oracle/evidence/erdos681/Erdos681Pratt.lean:121:41: warning: This simp argument is unused:
  List.forall_mem_nil

Hint: Omit it from the simp argument list.
  simp only [List.forall_mem_cons, L̵i̵s̵t̵.̵f̵o̵r̵a̵l̵l̵_̵m̵e̵m̵_̵n̵i̵l̵,̵ ̵and_true]

Note: This linter can be disabled with `set_option linter.unusedSimpArgs false`
/mnt/c/Users/jared/Local Sites/woocommerce-enterprise/oracle/evidence/erdos681/Erdos681Pratt.lean:121:62: warning: This simp argument is unused:
  and_true

Hint: Omit it from the simp argument list.
  simp only [List.forall_mem_cons, List.forall_mem_nil,̵ ̵a̵n̵d̵_̵t̵r̵u̵e̵]

Note: This linter can be disabled with `set_option linter.unusedSimpArgs false`
/mnt/c/Users/jared/Local Sites/woocommerce-enterprise/oracle/evidence/erdos681/Erdos681Pratt.lean:126:41: warning: This simp argument is unused:
  List.forall_mem_nil

Hint: Omit it from the simp argument list.
  simp only [List.forall_mem_cons, L̵i̵s̵t̵.̵f̵o̵r̵a̵l̵l̵_̵m̵e̵m̵_̵n̵i̵l̵,̵ ̵and_true]

Note: This linter can be disabled with `set_option linter.unusedSimpArgs false`
/mnt/c/Users/jared/Local Sites/woocommerce-enterprise/oracle/evidence/erdos681/Erdos681Pratt.lean:126:62: warning: This simp argument is unused:
  and_true

Hint: Omit it from the simp argument list.
  simp only [List.forall_mem_cons, List.forall_mem_nil,̵ ̵a̵n̵d̵_̵t̵r̵u̵e̵]

Note: This linter can be disabled with `set_option linter.unusedSimpArgs false`
/mnt/c/Users/jared/Local Sites/woocommerce-enterprise/oracle/evidence/erdos681/Erdos681Pratt.lean:131:140: error: Application type mismatch: The argument
  P_62499831553
has type
  Nat.Prime 62499831553
but is expected to have type
  Nat.Prime 62499831553 ∧ ∀ x ∈ [], Nat.Prime x
in the application
  ⟨?m.41, P_62499831553⟩
/mnt/c/Users/jared/Local Sites/woocommerce-enterprise/oracle/evidence/erdos681/Erdos681Pratt.lean:131:41: warning: This simp argument is unused:
  List.forall_mem_nil

Hint: Omit it from the simp argument list.
  simp only [List.forall_mem_cons, L̵i̵s̵t̵.̵f̵o̵r̵a̵l̵l̵_̵m̵e̵m̵_̵n̵i̵l̵,̵ ̵and_true]

Note: This linter can be disabled with `set_option linter.unusedSimpArgs false`
/mnt/c/Users/jared/Local Sites/woocommerce-enterprise/oracle/evidence/erdos681/Erdos681Pratt.lean:131:62: warning: This simp argument is unused:
  and_true

Hint: Omit it from the simp argument list.
  simp only [List.forall_mem_cons, List.forall_mem_nil,̵ ̵a̵n̵d̵_̵t̵r̵u̵e̵]

Note: This linter can be disabled with `set_option linter.unusedSimpArgs false`
/mnt/c/Users/jared/Local Sites/woocommerce-enterprise/oracle/evidence/erdos681/Erdos681Pratt.lean:136:41: warning: This simp argument is unused:
  List.forall_mem_nil

Hint: Omit it from the simp argument list.
  simp only [List.forall_mem_cons, L̵i̵s̵t̵.̵f̵o̵r̵a̵l̵l̵_̵m̵e̵m̵_̵n̵i̵l̵,̵ ̵and_true]

Note: This linter can be disabled with `set_option linter.unusedSimpArgs false`
/mnt/c/Users/jared/Local Sites/woocommerce-enterprise/oracle/evidence/erdos681/Erdos681Pratt.lean:136:62: warning: This simp argument is unused:
  and_true

Hint: Omit it from the simp argument list.
  simp only [List.forall_mem_cons, List.forall_mem_nil,̵ ̵a̵n̵d̵_̵t̵r̵u̵e̵]

Note: This linter can be disabled with `set_option linter.unusedSimpArgs false`
/mnt/c/Users/jared/Local Sites/woocommerce-enterprise/oracle/evidence/erdos681/Erdos681Pratt.lean:141:41: warning: This simp argument is unused:
  List.forall_mem_nil

Hint: Omit it from the simp argument list.
  simp only [List.forall_mem_cons, L̵i̵s̵t̵.̵f̵o̵r̵a̵l̵l̵_̵m̵e̵m̵_̵n̵i̵l̵,̵ ̵and_true]

Note: This linter can be disabled with `set_option linter.unusedSimpArgs false`
/mnt/c/Users/jared/Local Sites/woocommerce-enterprise/oracle/evidence/erdos681/Erdos681Pratt.lean:141:62: warning: This simp argument is unused:
  and_true

Hint: Omit it from the simp argument list.
  simp only [List.forall_mem_cons, List.forall_mem_nil,̵ ̵a̵n̵d̵_̵t̵r̵u̵e̵]

Note: This linter can be disabled with `set_option linter.unusedSimpArgs false`
/mnt/c/Users/jared/Local Sites/woocommerce-enterprise/oracle/evidence/erdos681/Erdos681Pratt.lean:146:155: error: Application type mismatch: The argument
  P_645993091
has type
  Nat.Prime 645993091
but is expected to have type
  Nat.Prime 645993091 ∧ ∀ x ∈ [], Nat.Prime x
in the application
  ⟨?m.47, P_645993091⟩
/mnt/c/Users/jared/Local Sites/woocommerce-enterprise/oracle/evidence/erdos681/Erdos681Pratt.lean:146:41: warning: This simp argument is unused:
  List.forall_mem_nil

Hint: Omit it from the simp argument list.
  simp only [List.forall_mem_cons, L̵i̵s̵t̵.̵f̵o̵r̵a̵l̵l̵_̵m̵e̵m̵_̵n̵i̵l̵,̵ ̵and_true]

Note: This linter can be disabled with `set_option linter.unusedSimpArgs false`
/mnt/c/Users/jared/Local Sites/woocommerce-enterprise/oracle/evidence/erdos681/Erdos681Pratt.lean:146:62: warning: This simp argument is unused:
  and_true

Hint: Omit it from the simp argument list.
  simp only [List.forall_mem_cons, List.forall_mem_nil,̵ ̵a̵n̵d̵_̵t̵r̵u̵e̵]

Note: This linter can be disabled with `set_option linter.unusedSimpArgs false`
/mnt/c/Users/jared/Local Sites/woocommerce-enterprise/oracle/evidence/erdos681/Erdos681Pratt.lean:151:41: warning: This simp argument is unused:
  List.forall_mem_nil

Hint: Omit it from the simp argument list.
  simp only [List.forall_mem_cons, L̵i̵s̵t̵.̵f̵o̵r̵a̵l̵l̵_̵m̵e̵m̵_̵n̵i̵l̵,̵ ̵and_true]

Note: This linter can be disabled with `set_option linter.unusedSimpArgs false`
/mnt/c/Users/jared/Local Sites/woocommerce-enterprise/oracle/evidence/erdos681/Erdos681Pratt.lean:151:62: warning: This simp argument is unused:
  and_true

Hint: Omit it from the simp argument list.
  simp only [List.forall_mem_cons, List.forall_mem_nil,̵ ̵a̵n̵d̵_̵t̵r̵u̵e̵]

Note: This linter can be disabled with `set_option linter.unusedSimpArgs false`
/mnt/c/Users/jared/Local Sites/woocommerce-enterprise/oracle/evidence/erdos681/Erdos681Pratt.lean:156:41: warning: This simp argument is unused:
  List.forall_mem_nil

Hint: Omit it from the simp argument list.
  simp only [List.forall_mem_cons, L̵i̵s̵t̵.̵f̵o̵r̵a̵l̵l̵_̵m̵e̵m̵_̵n̵i̵l̵,̵ ̵and_true]

Note: This linter can be disabled with `set_option linter.unusedSimpArgs false`
/mnt/c/Users/jared/Local Sites/woocommerce-enterprise/oracle/evidence/erdos681/Erdos681Pratt.lean:156:62: warning: This simp argument is unused:
  and_true

Hint: Omit it from the simp argument list.
  simp only [List.forall_mem_cons, List.forall_mem_nil,̵ ̵a̵n̵d̵_̵t̵r̵u̵e̵]

Note: This linter can be disabled with `set_option linter.unusedSimpArgs false`
/mnt/c/Users/jared/Local Sites/woocommerce-enterprise/oracle/evidence/erdos681/Erdos681Pratt.lean:161:41: warning: This simp argument is unused:
  List.forall_mem_nil

Hint: Omit it from the simp argument list.
  simp only [List.forall_mem_cons, L̵i̵s̵t̵.̵f̵o̵r̵a̵l̵l̵_̵m̵e̵m̵_̵n̵i̵l̵,̵ ̵and_true]

Note: This linter can be disabled with `set_option linter.unusedSimpArgs false`
/mnt/c/Users/jared/Local Sites/woocommerce-enterprise/oracle/evidence/erdos681/Erdos681Pratt.lean:161:62: warning: This simp argument is unused:
  and_true

Hint: Omit it from the simp argument list.
  simp only [List.forall_mem_cons, List.forall_mem_nil,̵ ̵a̵n̵d̵_̵t̵r̵u̵e̵]

Note: This linter can be disabled with `set_option linter.unusedSimpArgs false`
/mnt/c/Users/jared/Local Sites/woocommerce-enterprise/oracle/evidence/erdos681/Erdos681Pratt.lean:166:41: warning: This simp argument is unused:
  List.forall_mem_nil

Hint: Omit it from the simp argument list.
  simp only [List.forall_mem_cons, L̵i̵s̵t̵.̵f̵o̵r̵a̵l̵l̵_̵m̵e̵m̵_̵n̵i̵l̵,̵ ̵and_true]

Note: This linter can be disabled with `set_option linter.unusedSimpArgs false`
/mnt/c/Users/jared/Local Sites/woocommerce-enterprise/oracle/evidence/erdos681/Erdos681Pratt.lean:166:62: warning: This simp argument is unused:
  and_true

Hint: Omit it from the simp argument list.
  simp only [List.forall_mem_cons, List.forall_mem_nil,̵ ̵a̵n̵d̵_̵t̵r̵u̵e̵]

Note: This linter can be disabled with `set_option linter.unusedSimpArgs false`
/mnt/c/Users/jared/Local Sites/woocommerce-enterprise/oracle/evidence/erdos681/Erdos681Pratt.lean:171:110: error: Application type mismatch: The argument
  P_166666217491
has type
  Nat.Prime 166666217491
but is expected to have type
  Nat.Prime 166666217491 ∧ ∀ x ∈ [], Nat.Prime x
in the application
  ⟨?m.29, P_166666217491⟩
/mnt/c/Users/jared/Local Sites/woocommerce-enterprise/oracle/evidence/erdos681/Erdos681Pratt.lean:171:41: warning: This simp argument is unused:
  List.forall_mem_nil

Hint: Omit it from the simp argument list.
  simp only [List.forall_mem_cons, L̵i̵s̵t̵.̵f̵o̵r̵a̵l̵l̵_̵m̵e̵m̵_̵n̵i̵l̵,̵ ̵and_true]

Note: This linter can be disabled with `set_option linter.unusedSimpArgs false`
/mnt/c/Users/jared/Local Sites/woocommerce-enterprise/oracle/evidence/erdos681/Erdos681Pratt.lean:171:62: warning: This simp argument is unused:
  and_true

Hint: Omit it from the simp argument list.
  simp only [List.forall_mem_cons, List.forall_mem_nil,̵ ̵a̵n̵d̵_̵t̵r̵u̵e̵]

Note: This linter can be disabled with `set_option linter.unusedSimpArgs false`
/mnt/c/Users/jared/Local Sites/woocommerce-enterprise/oracle/evidence/erdos681/Erdos681Pratt.lean:176:41: warning: This simp argument is unused:
  List.forall_mem_nil

Hint: Omit it from the simp argument list.
  simp only [List.forall_mem_cons, L̵i̵s̵t̵.̵f̵o̵r̵a̵l̵l̵_̵m̵e̵m̵_̵n̵i̵l̵,̵ ̵and_true]

Note: This linter can be disabled with `set_option linter.unusedSimpArgs false`
/mnt/c/Users/jared/Local Sites/woocommerce-enterprise/oracle/evidence/erdos681/Erdos681Pratt.lean:176:62: warning: This simp argument is unused:
  and_true

Hint: Omit it from the simp argument list.
  simp only [List.forall_mem_cons, List.forall_mem_nil,̵ ̵a̵n̵d̵_̵t̵r̵u̵e̵]

Note: This linter can be disabled with `set_option linter.unusedSimpArgs false`
/mnt/c/Users/jared/Local Sites/woocommerce-enterprise/oracle/evidence/erdos681/Erdos681Pratt.lean:181:110: error: Application type mismatch: The argument
  P_714283789
has type
  Nat.Prime 714283789
but is expected to have type
  Nat.Prime 714283789 ∧ ∀ x ∈ [], Nat.Prime x
in the application
  ⟨?m.29, P_714283789⟩
/mnt/c/Users/jared/Local Sites/woocommerce-enterprise/oracle/evidence/erdos681/Erdos681Pratt.lean:181:41: warning: This simp argument is unused:
  List.forall_mem_nil

Hint: Omit it from the simp argument list.
  simp only [List.forall_mem_cons, L̵i̵s̵t̵.̵f̵o̵r̵a̵l̵l̵_̵m̵e̵m̵_̵n̵i̵l̵,̵ ̵and_true]

Note: This linter can be disabled with `set_option linter.unusedSimpArgs false`
/mnt/c/Users/jared/Local Sites/woocommerce-enterprise/oracle/evidence/erdos681/Erdos681Pratt.lean:181:62: warning: This simp argument is unused:
  and_true

Hint: Omit it from the simp argument list.
  simp only [List.forall_mem_cons, List.forall_mem_nil,̵ ̵a̵n̵d̵_̵t̵r̵u̵e̵]

Note: This linter can be disabled with `set_option linter.unusedSimpArgs false`
/mnt/c/Users/jared/Local Sites/woocommerce-enterprise/oracle/evidence/erdos681/Erdos681Pratt.lean:186:140: error: Application type mismatch: The argument
  P_2857135157
has type
  Nat.Prime 2857135157
but is expected to have type
  Nat.Prime 2857135157 ∧ ∀ x ∈ [], Nat.Prime x
in the application
  ⟨?m.41, P_2857135157⟩
/mnt/c/Users/jared/Local Sites/woocommerce-enterprise/oracle/evidence/erdos681/Erdos681Pratt.lean:186:41: warning: This simp argument is unused:
  List.forall_mem_nil

Hint: Omit it from the simp argument list.
  simp only [List.forall_mem_cons, L̵i̵s̵t̵.̵f̵o̵r̵a̵l̵l̵_̵m̵e̵m̵_̵n̵i̵l̵,̵ ̵and_true]

Note: This linter can be disabled with `set_option linter.unusedSimpArgs false`
/mnt/c/Users/jared/Local Sites/woocommerce-enterprise/oracle/evidence/erdos681/Erdos681Pratt.lean:186:62: warning: This simp argument is unused:
  and_true

Hint: Omit it from the simp argument list.
  simp only [List.forall_mem_cons, List.forall_mem_nil,̵ ̵a̵n̵d̵_̵t̵r̵u̵e̵]

Note: This linter can be disabled with `set_option linter.unusedSimpArgs false`
/mnt/c/Users/jared/Local Sites/woocommerce-enterprise/oracle/evidence/erdos681/Erdos681Pratt.lean:191:41: warning: This simp argument is unused:
  List.forall_mem_nil

Hint: Omit it from the simp argument list.
  simp only [List.forall_mem_cons, L̵i̵s̵t̵.̵f̵o̵r̵a̵l̵l̵_̵m̵e̵m̵_̵n̵i̵l̵,̵ ̵and_true]

Note: This linter can be disabled with `set_option linter.unusedSimpArgs false`
/mnt/c/Users/jared/Local Sites/woocommerce-enterprise/oracle/evidence/erdos681/Erdos681Pratt.lean:191:62: warning: This simp argument is unused:
  and_true

Hint: Omit it from the simp argument list.
  simp only [List.forall_mem_cons, List.forall_mem_nil,̵ ̵a̵n̵d̵_̵t̵r̵u̵e̵]

Note: This linter can be disabled with `set_option linter.unusedSimpArgs false`
/mnt/c/Users/jared/Local Sites/woocommerce-enterprise/oracle/evidence/erdos681/Erdos681Pratt.lean:196:41: warning: This simp argument is unused:
  List.forall_mem_nil

Hint: Omit it from the simp argument list.
  simp only [List.forall_mem_cons, L̵i̵s̵t̵.̵f̵o̵r̵a̵l̵l̵_̵m̵e̵m̵_̵n̵i̵l̵,̵ ̵and_true]

Note: This linter can be disabled with `set_option linter.unusedSimpArgs false`
/mnt/c/Users/jared/Local Sites/woocommerce-enterprise/oracle/evidence/erdos681/Erdos681Pratt.lean:196:62: warning: This simp argument is unused:
  and_true

Hint: Omit it from the simp argument list.
  simp only [List.forall_mem_cons, List.forall_mem_nil,̵ ̵a̵n̵d̵_̵t̵r̵u̵e̵]

Note: This linter can be disabled with `set_option linter.unusedSimpArgs false`
/mnt/c/Users/jared/Local Sites/woocommerce-enterprise/oracle/evidence/erdos681/Erdos681Pratt.lean:201:125: error: Application type mismatch: The argument
  P_356378227
has type
  Nat.Prime 356378227
but is expected to have type
  Nat.Prime 356378227 ∧ ∀ x ∈ [], Nat.Prime x
in the application
  ⟨?m.35, P_356378227⟩
/mnt/c/Users/jared/Local Sites/woocommerce-enterprise/oracle/evidence/erdos681/Erdos681Pratt.lean:201:41: warning: This simp argument is unused:
  List.forall_mem_nil

Hint: Omit it from the simp argument list.
  simp only [List.forall_mem_cons, L̵i̵s̵t̵.̵f̵o̵r̵a̵l̵l̵_̵m̵e̵m̵_̵n̵i̵l̵,̵ ̵and_true]

Note: This linter can be disabled with `set_option linter.unusedSimpArgs false`
/mnt/c/Users/jared/Local Sites/woocommerce-enterprise/oracle/evidence/erdos681/Erdos681Pratt.lean:201:62: warning: This simp argument is unused:
  and_true

Hint: Omit it from the simp argument list.
  simp only [List.forall_mem_cons, List.forall_mem_nil,̵ ̵a̵n̵d̵_̵t̵r̵u̵e̵]

Note: This linter can be disabled with `set_option linter.unusedSimpArgs false`
/mnt/c/Users/jared/Local Sites/woocommerce-enterprise/oracle/evidence/erdos681/Erdos681Pratt.lean:206:41: warning: This simp argument is unused:
  List.forall_mem_nil

Hint: Omit it from the simp argument list.
  simp only [List.forall_mem_cons, L̵i̵s̵t̵.̵f̵o̵r̵a̵l̵l̵_̵m̵e̵m̵_̵n̵i̵l̵,̵ ̵and_true]

Note: This linter can be disabled with `set_option linter.unusedSimpArgs false`
/mnt/c/Users/jared/Local Sites/woocommerce-enterprise/oracle/evidence/erdos681/Erdos681Pratt.lean:206:62: warning: This simp argument is unused:
  and_true

Hint: Omit it from the simp argument list.
  simp only [List.forall_mem_cons, List.forall_mem_nil,̵ ̵a̵n̵d̵_̵t̵r̵u̵e̵]

Note: This linter can be disabled with `set_option linter.unusedSimpArgs false`
/mnt/c/Users/jared/Local Sites/woocommerce-enterprise/oracle/evidence/erdos681/Erdos681Pratt.lean:211:41: warning: This simp argument is unused:
  List.forall_mem_nil

Hint: Omit it from the simp argument list.
  simp only [List.forall_mem_cons, L̵i̵s̵t̵.̵f̵o̵r̵a̵l̵l̵_̵m̵e̵m̵_̵n̵i̵l̵,̵ ̵and_true]

Note: This linter can be disabled with `set_option linter.unusedSimpArgs false`
/mnt/c/Users/jared/Local Sites/woocommerce-enterprise/oracle/evidence/erdos681/Erdos681Pratt.lean:211:62: warning: This simp argument is unused:
  and_true

Hint: Omit it from the simp argument list.
  simp only [List.forall_mem_cons, List.forall_mem_nil,̵ ̵a̵n̵d̵_̵t̵r̵u̵e̵]

Note: This linter can be disabled with `set_option linter.unusedSimpArgs false`
/mnt/c/Users/jared/Local Sites/woocommerce-enterprise/oracle/evidence/erdos681/Erdos681Pratt.lean:216:200: error: Application type mismatch: The argument
  P_66666487
has type
  Nat.Prime 66666487
but is expected to have type
  Nat.Prime 66666487 ∧ ∀ x ∈ [], Nat.Prime x
in the application
  ⟨?m.65, P_66666487⟩
/mnt/c/Users/jared/Local Sites/woocommerce-enterprise/oracle/evidence/erdos681/Erdos681Pratt.lean:216:41: warning: This simp argument is unused:
  List.forall_mem_nil

Hint: Omit it from the simp argument list.
  simp only [List.forall_mem_cons, L̵i̵s̵t̵.̵f̵o̵r̵a̵l̵l̵_̵m̵e̵m̵_̵n̵i̵l̵,̵ ̵and_true]

Note: This linter can be disabled with `set_option linter.unusedSimpArgs false`
/mnt/c/Users/jared/Local Sites/woocommerce-enterprise/oracle/evidence/erdos681/Erdos681Pratt.lean:216:62: warning: This simp argument is unused:
  and_true

Hint: Omit it from the simp argument list.
  simp only [List.forall_mem_cons, List.forall_mem_nil,̵ ̵a̵n̵d̵_̵t̵r̵u̵e̵]

Note: This linter can be disabled with `set_option linter.unusedSimpArgs false`
/mnt/c/Users/jared/Local Sites/woocommerce-enterprise/oracle/evidence/erdos681/Erdos681Pratt.lean:221:41: warning: This simp argument is unused:
  List.forall_mem_nil

Hint: Omit it from the simp argument list.
  simp only [List.forall_mem_cons, L̵i̵s̵t̵.̵f̵o̵r̵a̵l̵l̵_̵m̵e̵m̵_̵n̵i̵l̵,̵ ̵and_true]

Note: This linter can be disabled with `set_option linter.unusedSimpArgs false`
/mnt/c/Users/jared/Local Sites/woocommerce-enterprise/oracle/evidence/erdos681/Erdos681Pratt.lean:221:62: warning: This simp argument is unused:
  and_true

Hint: Omit it from the simp argument list.
  simp only [List.forall_mem_cons, List.forall_mem_nil,̵ ̵a̵n̵d̵_̵t̵r̵u̵e̵]

Note: This linter can be disabled with `set_option linter.unusedSimpArgs false`
/mnt/c/Users/jared/Local Sites/woocommerce-enterprise/oracle/evidence/erdos681/Erdos681Pratt.lean:226:41: warning: This simp argument is unused:
  List.forall_mem_nil

Hint: Omit it from the simp argument list.
  simp only [List.forall_mem_cons, L̵i̵s̵t̵.̵f̵o̵r̵a̵l̵l̵_̵m̵e̵m̵_̵n̵i̵l̵,̵ ̵and_true]

Note: This linter can be disabled with `set_option linter.unusedSimpArgs false`
/mnt/c/Users/jared/Local Sites/woocommerce-enterprise/oracle/evidence/erdos681/Erdos681Pratt.lean:226:62: warning: This simp argument is unused:
  and_true

Hint: Omit it from the simp argument list.
  simp only [List.forall_mem_cons, List.forall_mem_nil,̵ ̵a̵n̵d̵_̵t̵r̵u̵e̵]

Note: This linter can be disabled with `set_option linter.unusedSimpArgs false`
/mnt/c/Users/jared/Local Sites/woocommerce-enterprise/oracle/evidence/erdos681/Erdos681Pratt.lean:231:140: error: Application type mismatch: The argument
  P_14750093
has type
  Nat.Prime 14750093
but is expected to have type
  Nat.Prime 14750093 ∧ ∀ x ∈ [], Nat.Prime x
in the application
  ⟨?m.41, P_14750093⟩
/mnt/c/Users/jared/Local Sites/woocommerce-enterprise/oracle/evidence/erdos681/Erdos681Pratt.lean:231:41: warning: This simp argument is unused:
  List.forall_mem_nil

Hint: Omit it from the simp argument list.
  simp only [List.forall_mem_cons, L̵i̵s̵t̵.̵f̵o̵r̵a̵l̵l̵_̵m̵e̵m̵_̵n̵i̵l̵,̵ ̵and_true]

Note: This linter can be disabled with `set_option linter.unusedSimpArgs false`
/mnt/c/Users/jared/Local Sites/woocommerce-enterprise/oracle/evidence/erdos681/Erdos681Pratt.lean:231:62: warning: This simp argument is unused:
  and_true

Hint: Omit it from the simp argument list.
  simp only [List.forall_mem_cons, List.forall_mem_nil,̵ ̵a̵n̵d̵_̵t̵r̵u̵e̵]

Note: This linter can be disabled with `set_option linter.unusedSimpArgs false`
/mnt/c/Users/jared/Local Sites/woocommerce-enterprise/oracle/evidence/erdos681/Erdos681Pratt.lean:236:41: warning: This simp argument is unused:
  List.forall_mem_nil

Hint: Omit it from the simp argument list.
  simp only [List.forall_mem_cons, L̵i̵s̵t̵.̵f̵o̵r̵a̵l̵l̵_̵m̵e̵m̵_̵n̵i̵l̵,̵ ̵and_true]

Note: This linter can be disabled with `set_option linter.unusedSimpArgs false`
/mnt/c/Users/jared/Local Sites/woocommerce-enterprise/oracle/evidence/erdos681/Erdos681Pratt.lean:236:62: warning: This simp argument is unused:
  and_true

Hint: Omit it from the simp argument list.
  simp only [List.forall_mem_cons, List.forall_mem_nil,̵ ̵a̵n̵d̵_̵t̵r̵u̵e̵]

Note: This linter can be disabled with `set_option linter.unusedSimpArgs false`
/mnt/c/Users/jared/Local Sites/woocommerce-enterprise/oracle/evidence/erdos681/Erdos681Pratt.lean:241:41: warning: This simp argument is unused:
  List.forall_mem_nil

Hint: Omit it from the simp argument list.
  simp only [List.forall_mem_cons, L̵i̵s̵t̵.̵f̵o̵r̵a̵l̵l̵_̵m̵e̵m̵_̵n̵i̵l̵,̵ ̵and_true]

Note: This linter can be disabled with `set_option linter.unusedSimpArgs false`
/mnt/c/Users/jared/Local Sites/woocommerce-enterprise/oracle/evidence/erdos681/Erdos681Pratt.lean:241:62: warning: This simp argument is unused:
  and_true

Hint: Omit it from the simp argument list.
  simp only [List.forall_mem_cons, List.forall_mem_nil,̵ ̵a̵n̵d̵_̵t̵r̵u̵e̵]

Note: This linter can be disabled with `set_option linter.unusedSimpArgs false`
/mnt/c/Users/jared/Local Sites/woocommerce-enterprise/oracle/evidence/erdos681/Erdos681Pratt.lean:246:170: error: Application type mismatch: The argument
  P_17562299
has type
  Nat.Prime 17562299
but is expected to have type
  Nat.Prime 17562299 ∧ ∀ x ∈ [], Nat.Prime x
in the application
  ⟨?m.53, P_17562299⟩
/mnt/c/Users/jared/Local Sites/woocommerce-enterprise/oracle/evidence/erdos681/Erdos681Pratt.lean:246:41: warning: This simp argument is unused:
  List.forall_mem_nil

Hint: Omit it from the simp argument list.
  simp only [List.forall_mem_cons, L̵i̵s̵t̵.̵f̵o̵r̵a̵l̵l̵_̵m̵e̵m̵_̵n̵i̵l̵,̵ ̵and_true]

Note: This linter can be disabled with `set_option linter.unusedSimpArgs false`
/mnt/c/Users/jared/Local Sites/woocommerce-enterprise/oracle/evidence/erdos681/Erdos681Pratt.lean:246:62: warning: This simp argument is unused:
  and_true

Hint: Omit it from the simp argument list.
  simp only [List.forall_mem_cons, List.forall_mem_nil,̵ ̵a̵n̵d̵_̵t̵r̵u̵e̵]

Note: This linter can be disabled with `set_option linter.unusedSimpArgs false`
/mnt/c/Users/jared/Local Sites/woocommerce-enterprise/oracle/evidence/erdos681/Erdos681Pratt.lean:251:41: warning: This simp argument is unused:
  List.forall_mem_nil

Hint: Omit it from the simp argument list.
  simp only [List.forall_mem_cons, L̵i̵s̵t̵.̵f̵o̵r̵a̵l̵l̵_̵m̵e̵m̵_̵n̵i̵l̵,̵ ̵and_true]

Note: This linter can be disabled with `set_option linter.unusedSimpArgs false`
/mnt/c/Users/jared/Local Sites/woocommerce-enterprise/oracle/evidence/erdos681/Erdos681Pratt.lean:251:62: warning: This simp argument is unused:
  and_true

Hint: Omit it from the simp argument list.
  simp only [List.forall_mem_cons, List.forall_mem_nil,̵ ̵a̵n̵d̵_̵t̵r̵u̵e̵]

Note: This linter can be disabled with `set_option linter.unusedSimpArgs false`
/mnt/c/Users/jared/Local Sites/woocommerce-enterprise/oracle/evidence/erdos681/Erdos681Pratt.lean:256:125: error: Application type mismatch: The argument
  P_24884221
has type
  Nat.Prime 24884221
but is expected to have type
  Nat.Prime 24884221 ∧ ∀ x ∈ [], Nat.Prime x
in the application
  ⟨?m.35, P_24884221⟩
/mnt/c/Users/jared/Local Sites/woocommerce-enterprise/oracle/evidence/erdos681/Erdos681Pratt.lean:256:41: warning: This simp argument is unused:
  List.forall_mem_nil

Hint: Omit it from the simp argument list.
  simp only [List.forall_mem_cons, L̵i̵s̵t̵.̵f̵o̵r̵a̵l̵l̵_̵m̵e̵m̵_̵n̵i̵l̵,̵ ̵and_true]

Note: This linter can be disabled with `set_option linter.unusedSimpArgs false`
/mnt/c/Users/jared/Local Sites/woocommerce-enterprise/oracle/evidence/erdos681/Erdos681Pratt.lean:256:62: warning: This simp argument is unused:
  and_true

Hint: Omit it from the simp argument list.
  simp only [List.forall_mem_cons, List.forall_mem_nil,̵ ̵a̵n̵d̵_̵t̵r̵u̵e̵]

Note: This linter can be disabled with `set_option linter.unusedSimpArgs false`
/mnt/c/Users/jared/Local Sites/woocommerce-enterprise/oracle/evidence/erdos681/Erdos681Pratt.lean:261:41: warning: This simp argument is unused:
  List.forall_mem_nil

Hint: Omit it from the simp argument list.
  simp only [List.forall_mem_cons, L̵i̵s̵t̵.̵f̵o̵r̵a̵l̵l̵_̵m̵e̵m̵_̵n̵i̵l̵,̵ ̵and_true]

Note: This linter can be disabled with `set_option linter.unusedSimpArgs false`
/mnt/c/Users/jared/Local Sites/woocommerce-enterprise/oracle/evidence/erdos681/Erdos681Pratt.lean:261:62: warning: This simp argument is unused:
  and_true

Hint: Omit it from the simp argument list.
  simp only [List.forall_mem_cons, List.forall_mem_nil,̵ ̵a̵n̵d̵_̵t̵r̵u̵e̵]

Note: This linter can be disabled with `set_option linter.unusedSimpArgs false`
/mnt/c/Users/jared/Local Sites/woocommerce-enterprise/oracle/evidence/erdos681/Erdos681Pratt.lean:266:41: warning: This simp argument is unused:
  List.forall_mem_nil

Hint: Omit it from the simp argument list.
  simp only [List.forall_mem_cons, L̵i̵s̵t̵.̵f̵o̵r̵a̵l̵l̵_̵m̵e̵m̵_̵n̵i̵l̵,̵ ̵and_true]

Note: This linter can be disabled with `set_option linter.unusedSimpArgs false`
/mnt/c/Users/jared/Local Sites/woocommerce-enterprise/oracle/evidence/erdos681/Erdos681Pratt.lean:266:62: warning: This simp argument is unused:
  and_true

Hint: Omit it from the simp argument list.
  simp only [List.forall_mem_cons, List.forall_mem_nil,̵ ̵a̵n̵d̵_̵t̵r̵u̵e̵]

Note: This linter can be disabled with `set_option linter.unusedSimpArgs false`
/mnt/c/Users/jared/Local Sites/woocommerce-enterprise/oracle/evidence/erdos681/Erdos681Pratt.lean:271:41: warning: This simp argument is unused:
  List.forall_mem_nil

Hint: Omit it from the simp argument list.
  simp only [List.forall_mem_cons, L̵i̵s̵t̵.̵f̵o̵r̵a̵l̵l̵_̵m̵e̵m̵_̵n̵i̵l̵,̵ ̵and_true]

Note: This linter can be disabled with `set_option linter.unusedSimpArgs false`
/mnt/c/Users/jared/Local Sites/woocommerce-enterprise/oracle/evidence/erdos681/Erdos681Pratt.lean:271:62: warning: This simp argument is unused:
  and_true

Hint: Omit it from the simp argument list.
  simp only [List.forall_mem_cons, List.forall_mem_nil,̵ ̵a̵n̵d̵_̵t̵r̵u̵e̵]

Note: This linter can be disabled with `set_option linter.unusedSimpArgs false`
/mnt/c/Users/jared/Local Sites/woocommerce-enterprise/oracle/evidence/erdos681/Erdos681Pratt.lean:276:110: error: Application type mismatch: The argument
  P_13513477097
has type
  Nat.Prime 13513477097
but is expected to have type
  Nat.Prime 13513477097 ∧ ∀ x ∈ [], Nat.Prime x
in the application
  ⟨?m.29, P_13513477097⟩
/mnt/c/Users/jared/Local Sites/woocommerce-enterprise/oracle/evidence/erdos681/Erdos681Pratt.lean:276:41: warning: This simp argument is unused:
  List.forall_mem_nil

Hint: Omit it from the simp argument list.
  simp only [List.forall_mem_cons, L̵i̵s̵t̵.̵f̵o̵r̵a̵l̵l̵_̵m̵e̵m̵_̵n̵i̵l̵,̵ ̵and_true]

Note: This linter can be disabled with `set_option linter.unusedSimpArgs false`
/mnt/c/Users/jared/Local Sites/woocommerce-enterprise/oracle/evidence/erdos681/Erdos681Pratt.lean:276:62: warning: This simp argument is unused:
  and_true

Hint: Omit it from the simp argument list.
  simp only [List.forall_mem_cons, List.forall_mem_nil,̵ ̵a̵n̵d̵_̵t̵r̵u̵e̵]

Note: This linter can be disabled with `set_option linter.unusedSimpArgs false`
/mnt/c/Users/jared/Local Sites/woocommerce-enterprise/oracle/evidence/erdos681/Erdos681Pratt.lean:281:41: warning: This simp argument is unused:
  List.forall_mem_nil

Hint: Omit it from the simp argument list.
  simp only [List.forall_mem_cons, L̵i̵s̵t̵.̵f̵o̵r̵a̵l̵l̵_̵m̵e̵m̵_̵n̵i̵l̵,̵ ̵and_true]

Note: This linter can be disabled with `set_option linter.unusedSimpArgs false`
/mnt/c/Users/jared/Local Sites/woocommerce-enterprise/oracle/evidence/erdos681/Erdos681Pratt.lean:281:62: warning: This simp argument is unused:
  and_true

Hint: Omit it from the simp argument list.
  simp only [List.forall_mem_cons, List.forall_mem_nil,̵ ̵a̵n̵d̵_̵t̵r̵u̵e̵]

Note: This linter can be disabled with `set_option linter.unusedSimpArgs false`
/mnt/c/Users/jared/Local Sites/woocommerce-enterprise/oracle/evidence/erdos681/Erdos681Pratt.lean:286:140: error: Application type mismatch: The argument
  P_58955153
has type
  Nat.Prime 58955153
but is expected to have type
  Nat.Prime 58955153 ∧ ∀ x ∈ [], Nat.Prime x
in the application
  ⟨?m.41, P_58955153⟩
/mnt/c/Users/jared/Local Sites/woocommerce-enterprise/oracle/evidence/erdos681/Erdos681Pratt.lean:286:41: warning: This simp argument is unused:
  List.forall_mem_nil

Hint: Omit it from the simp argument list.
  simp only [List.forall_mem_cons, L̵i̵s̵t̵.̵f̵o̵r̵a̵l̵l̵_̵m̵e̵m̵_̵n̵i̵l̵,̵ ̵and_true]

Note: This linter can be disabled with `set_option linter.unusedSimpArgs false`
/mnt/c/Users/jared/Local Sites/woocommerce-enterprise/oracle/evidence/erdos681/Erdos681Pratt.lean:286:62: warning: This simp argument is unused:
  and_true

Hint: Omit it from the simp argument list.
  simp only [List.forall_mem_cons, List.forall_mem_nil,̵ ̵a̵n̵d̵_̵t̵r̵u̵e̵]

Note: This linter can be disabled with `set_option linter.unusedSimpArgs false`
/mnt/c/Users/jared/Local Sites/woocommerce-enterprise/oracle/evidence/erdos681/Erdos681Pratt.lean:291:41: warning: This simp argument is unused:
  List.forall_mem_nil

Hint: Omit it from the simp argument list.
  simp only [List.forall_mem_cons, L̵i̵s̵t̵.̵f̵o̵r̵a̵l̵l̵_̵m̵e̵m̵_̵n̵i̵l̵,̵ ̵and_true]

Note: This linter can be disabled with `set_option linter.unusedSimpArgs false`
/mnt/c/Users/jared/Local Sites/woocommerce-enterprise/oracle/evidence/erdos681/Erdos681Pratt.lean:291:62: warning: This simp argument is unused:
  and_true

Hint: Omit it from the simp argument list.
  simp only [List.forall_mem_cons, List.forall_mem_nil,̵ ̵a̵n̵d̵_̵t̵r̵u̵e̵]

Note: This linter can be disabled with `set_option linter.unusedSimpArgs false`
/mnt/c/Users/jared/Local Sites/woocommerce-enterprise/oracle/evidence/erdos681/Erdos681Pratt.lean:296:41: warning: This simp argument is unused:
  List.forall_mem_nil

Hint: Omit it from the simp argument list.
  simp only [List.forall_mem_cons, L̵i̵s̵t̵.̵f̵o̵r̵a̵l̵l̵_̵m̵e̵m̵_̵n̵i̵l̵,̵ ̵and_true]

Note: This linter can be disabled with `set_option linter.unusedSimpArgs false`
/mnt/c/Users/jared/Local Sites/woocommerce-enterprise/oracle/evidence/erdos681/Erdos681Pratt.lean:296:62: warning: This simp argument is unused:
  and_true

Hint: Omit it from the simp argument list.
  simp only [List.forall_mem_cons, List.forall_mem_nil,̵ ̵a̵n̵d̵_̵t̵r̵u̵e̵]

Note: This linter can be disabled with `set_option linter.unusedSimpArgs false`
/mnt/c/Users/jared/Local Sites/woocommerce-enterprise/oracle/evidence/erdos681/Erdos681Pratt.lean:301:125: error: Application type mismatch: The argument
  P_83333108773
has type
  Nat.Prime 83333108773
but is expected to have type
  Nat.Prime 83333108773 ∧ ∀ x ∈ [], Nat.Prime x
in the application
  ⟨?m.35, P_83333108773⟩
/mnt/c/Users/jared/Local Sites/woocommerce-enterprise/oracle/evidence/erdos681/Erdos681Pratt.lean:301:41: warning: This simp argument is unused:
  List.forall_mem_nil

Hint: Omit it from the simp argument list.
  simp only [List.forall_mem_cons, L̵i̵s̵t̵.̵f̵o̵r̵a̵l̵l̵_̵m̵e̵m̵_̵n̵i̵l̵,̵ ̵and_true]

Note: This linter can be disabled with `set_option linter.unusedSimpArgs false`
/mnt/c/Users/jared/Local Sites/woocommerce-enterprise/oracle/evidence/erdos681/Erdos681Pratt.lean:301:62: warning: This simp argument is unused:
  and_true

Hint: Omit it from the simp argument list.
  simp only [List.forall_mem_cons, List.forall_mem_nil,̵ ̵a̵n̵d̵_̵t̵r̵u̵e̵]

Note: This linter can be disabled with `set_option linter.unusedSimpArgs false`
/mnt/c/Users/jared/Local Sites/woocommerce-enterprise/oracle/evidence/erdos681/Erdos681Pratt.lean:306:41: warning: This simp argument is unused:
  List.forall_mem_nil

Hint: Omit it from the simp argument list.
  simp only [List.forall_mem_cons, L̵i̵s̵t̵.̵f̵o̵r̵a̵l̵l̵_̵m̵e̵m̵_̵n̵i̵l̵,̵ ̵and_true]

Note: This linter can be disabled with `set_option linter.unusedSimpArgs false`
/mnt/c/Users/jared/Local Sites/woocommerce-enterprise/oracle/evidence/erdos681/Erdos681Pratt.lean:306:62: warning: This simp argument is unused:
  and_true

Hint: Omit it from the simp argument list.
  simp only [List.forall_mem_cons, List.forall_mem_nil,̵ ̵a̵n̵d̵_̵t̵r̵u̵e̵]

Note: This linter can be disabled with `set_option linter.unusedSimpArgs false`
/mnt/c/Users/jared/Local Sites/woocommerce-enterprise/oracle/evidence/erdos681/Erdos681Pratt.lean:311:125: error: Application type mismatch: The argument
  P_106928711
has type
  Nat.Prime 106928711
but is expected to have type
  Nat.Prime 106928711 ∧ ∀ x ∈ [], Nat.Prime x
in the application
  ⟨?m.35, P_106928711⟩
/mnt/c/Users/jared/Local Sites/woocommerce-enterprise/oracle/evidence/erdos681/Erdos681Pratt.lean:311:41: warning: This simp argument is unused:
  List.forall_mem_nil

Hint: Omit it from the simp argument list.
  simp only [List.forall_mem_cons, L̵i̵s̵t̵.̵f̵o̵r̵a̵l̵l̵_̵m̵e̵m̵_̵n̵i̵l̵,̵ ̵and_true]

Note: This linter can be disabled with `set_option linter.unusedSimpArgs false`
/mnt/c/Users/jared/Local Sites/woocommerce-enterprise/oracle/evidence/erdos681/Erdos681Pratt.lean:311:62: warning: This simp argument is unused:
  and_true

Hint: Omit it from the simp argument list.
  simp only [List.forall_mem_cons, List.forall_mem_nil,̵ ̵a̵n̵d̵_̵t̵r̵u̵e̵]

Note: This linter can be disabled with `set_option linter.unusedSimpArgs false`
/mnt/c/Users/jared/Local Sites/woocommerce-enterprise/oracle/evidence/erdos681/Erdos681Pratt.lean:316:110: error: Application type mismatch: The argument
  P_71428378949
has type
  Nat.Prime 71428378949
but is expected to have type
  Nat.Prime 71428378949 ∧ ∀ x ∈ [], Nat.Prime x
in the application
  ⟨?m.29, P_71428378949⟩
/mnt/c/Users/jared/Local Sites/woocommerce-enterprise/oracle/evidence/erdos681/Erdos681Pratt.lean:316:41: warning: This simp argument is unused:
  List.forall_mem_nil

Hint: Omit it from the simp argument list.
  simp only [List.forall_mem_cons, L̵i̵s̵t̵.̵f̵o̵r̵a̵l̵l̵_̵m̵e̵m̵_̵n̵i̵l̵,̵ ̵and_true]

Note: This linter can be disabled with `set_option linter.unusedSimpArgs false`
/mnt/c/Users/jared/Local Sites/woocommerce-enterprise/oracle/evidence/erdos681/Erdos681Pratt.lean:316:62: warning: This simp argument is unused:
  and_true

Hint: Omit it from the simp argument list.
  simp only [List.forall_mem_cons, List.forall_mem_nil,̵ ̵a̵n̵d̵_̵t̵r̵u̵e̵]

Note: This linter can be disabled with `set_option linter.unusedSimpArgs false`
/mnt/c/Users/jared/Local Sites/woocommerce-enterprise/oracle/evidence/erdos681/Erdos681Pratt.lean:321:41: warning: This simp argument is unused:
  List.forall_mem_nil

Hint: Omit it from the simp argument list.
  simp only [List.forall_mem_cons, L̵i̵s̵t̵.̵f̵o̵r̵a̵l̵l̵_̵m̵e̵m̵_̵n̵i̵l̵,̵ ̵and_true]

Note: This linter can be disabled with `set_option linter.unusedSimpArgs false`
/mnt/c/Users/jared/Local Sites/woocommerce-enterprise/oracle/evidence/erdos681/Erdos681Pratt.lean:321:62: warning: This simp argument is unused:
  and_true

Hint: Omit it from the simp argument list.
  simp only [List.forall_mem_cons, List.forall_mem_nil,̵ ̵a̵n̵d̵_̵t̵r̵u̵e̵]

Note: This linter can be disabled with `set_option linter.unusedSimpArgs false`
/mnt/c/Users/jared/Local Sites/woocommerce-enterprise/oracle/evidence/erdos681/Erdos681Pratt.lean:326:110: error: Application type mismatch: The argument
  P_475736111
has type
  Nat.Prime 475736111
but is expected to have type
  Nat.Prime 475736111 ∧ ∀ x ∈ [], Nat.Prime x
in the application
  ⟨?m.29, P_475736111⟩
/mnt/c/Users/jared/Local Sites/woocommerce-enterprise/oracle/evidence/erdos681/Erdos681Pratt.lean:326:41: warning: This simp argument is unused:
  List.forall_mem_nil

Hint: Omit it from the simp argument list.
  simp only [List.forall_mem_cons, L̵i̵s̵t̵.̵f̵o̵r̵a̵l̵l̵_̵m̵e̵m̵_̵n̵i̵l̵,̵ ̵and_true]

Note: This linter can be disabled with `set_option linter.unusedSimpArgs false`
/mnt/c/Users/jared/Local Sites/woocommerce-enterprise/oracle/evidence/erdos681/Erdos681Pratt.lean:326:62: warning: This simp argument is unused:
  and_true

Hint: Omit it from the simp argument list.
  simp only [List.forall_mem_cons, List.forall_mem_nil,̵ ̵a̵n̵d̵_̵t̵r̵u̵e̵]

Note: This linter can be disabled with `set_option linter.unusedSimpArgs false`
/mnt/c/Users/jared/Local Sites/woocommerce-enterprise/oracle/evidence/erdos681/Erdos681Pratt.lean:331:41: warning: This simp argument is unused:
  List.forall_mem_nil

Hint: Omit it from the simp argument list.
  simp only [List.forall_mem_cons, L̵i̵s̵t̵.̵f̵o̵r̵a̵l̵l̵_̵m̵e̵m̵_̵n̵i̵l̵,̵ ̵and_true]

Note: This linter can be disabled with `set_option linter.unusedSimpArgs false`
/mnt/c/Users/jared/Local Sites/woocommerce-enterprise/oracle/evidence/erdos681/Erdos681Pratt.lean:331:62: warning: This simp argument is unused:
  and_true

Hint: Omit it from the simp argument list.
  simp only [List.forall_mem_cons, List.forall_mem_nil,̵ ̵a̵n̵d̵_̵t̵r̵u̵e̵]

Note: This linter can be disabled with `set_option linter.unusedSimpArgs false`
/mnt/c/Users/jared/Local Sites/woocommerce-enterprise/oracle/evidence/erdos681/Erdos681Pratt.lean:336:170: error: Application type mismatch: The argument
  P_135134771
has type
  Nat.Prime 135134771
but is expected to have type
  Nat.Prime 135134771 ∧ ∀ x ∈ [], Nat.Prime x
in the application
  ⟨?m.53, P_135134771⟩
/mnt/c/Users/jared/Local Sites/woocommerce-enterprise/oracle/evidence/erdos681/Erdos681Pratt.lean:336:41: warning: This simp argument is unused:
  List.forall_mem_nil

Hint: Omit it from the simp argument list.
  simp only [List.forall_mem_cons, L̵i̵s̵t̵.̵f̵o̵r̵a̵l̵l̵_̵m̵e̵m̵_̵n̵i̵l̵,̵ ̵and_true]

Note: This linter can be disabled with `set_option linter.unusedSimpArgs false`
/mnt/c/Users/jared/Local Sites/woocommerce-enterprise/oracle/evidence/erdos681/Erdos681Pratt.lean:336:62: warning: This simp argument is unused:
  and_true

Hint: Omit it from the simp argument list.
  simp only [List.forall_mem_cons, List.forall_mem_nil,̵ ̵a̵n̵d̵_̵t̵r̵u̵e̵]

Note: This linter can be disabled with `set_option linter.unusedSimpArgs false`
/mnt/c/Users/jared/Local Sites/woocommerce-enterprise/oracle/evidence/erdos681/Erdos681Pratt.lean:341:41: warning: This simp argument is unused:
  List.forall_mem_nil

Hint: Omit it from the simp argument list.
  simp only [List.forall_mem_cons, L̵i̵s̵t̵.̵f̵o̵r̵a̵l̵l̵_̵m̵e̵m̵_̵n̵i̵l̵,̵ ̵and_true]

Note: This linter can be disabled with `set_option linter.unusedSimpArgs false`
/mnt/c/Users/jared/Local Sites/woocommerce-enterprise/oracle/evidence/erdos681/Erdos681Pratt.lean:341:62: warning: This simp argument is unused:
  and_true

Hint: Omit it from the simp argument list.
  simp only [List.forall_mem_cons, List.forall_mem_nil,̵ ̵a̵n̵d̵_̵t̵r̵u̵e̵]

Note: This linter can be disabled with `set_option linter.unusedSimpArgs false`
/mnt/c/Users/jared/Local Sites/woocommerce-enterprise/oracle/evidence/erdos681/Erdos681Pratt.lean:346:110: error: Application type mismatch: The argument
  P_99999730543
has type
  Nat.Prime 99999730543
but is expected to have type
  Nat.Prime 99999730543 ∧ ∀ x ∈ [], Nat.Prime x
in the application
  ⟨?m.29, P_99999730543⟩
/mnt/c/Users/jared/Local Sites/woocommerce-enterprise/oracle/evidence/erdos681/Erdos681Pratt.lean:346:41: warning: This simp argument is unused:
  List.forall_mem_nil

Hint: Omit it from the simp argument list.
  simp only [List.forall_mem_cons, L̵i̵s̵t̵.̵f̵o̵r̵a̵l̵l̵_̵m̵e̵m̵_̵n̵i̵l̵,̵ ̵and_true]

Note: This linter can be disabled with `set_option linter.unusedSimpArgs false`
/mnt/c/Users/jared/Local Sites/woocommerce-enterprise/oracle/evidence/erdos681/Erdos681Pratt.lean:346:62: warning: This simp argument is unused:
  and_true

Hint: Omit it from the simp argument list.
  simp only [List.forall_mem_cons, List.forall_mem_nil,̵ ̵a̵n̵d̵_̵t̵r̵u̵e̵]

Note: This linter can be disabled with `set_option linter.unusedSimpArgs false`
/mnt/c/Users/jared/Local Sites/woocommerce-enterprise/oracle/evidence/erdos681/Erdos681Pratt.lean:351:41: warning: This simp argument is unused:
  List.forall_mem_nil

Hint: Omit it from the simp argument list.
  simp only [List.forall_mem_cons, L̵i̵s̵t̵.̵f̵o̵r̵a̵l̵l̵_̵m̵e̵m̵_̵n̵i̵l̵,̵ ̵and_true]

Note: This linter can be disabled with `set_option linter.unusedSimpArgs false`
/mnt/c/Users/jared/Local Sites/woocommerce-enterprise/oracle/evidence/erdos681/Erdos681Pratt.lean:351:62: warning: This simp argument is unused:
  and_true

Hint: Omit it from the simp argument list.
  simp only [List.forall_mem_cons, List.forall_mem_nil,̵ ̵a̵n̵d̵_̵t̵r̵u̵e̵]

Note: This linter can be disabled with `set_option linter.unusedSimpArgs false`
/mnt/c/Users/jared/Local Sites/woocommerce-enterprise/oracle/evidence/erdos681/Erdos681Pratt.lean:356:41: warning: This simp argument is unused:
  List.forall_mem_nil

Hint: Omit it from the simp argument list.
  simp only [List.forall_mem_cons, L̵i̵s̵t̵.̵f̵o̵r̵a̵l̵l̵_̵m̵e̵m̵_̵n̵i̵l̵,̵ ̵and_true]

Note: This linter can be disabled with `set_option linter.unusedSimpArgs false`
/mnt/c/Users/jared/Local Sites/woocommerce-enterprise/oracle/evidence/erdos681/Erdos681Pratt.lean:356:62: warning: This simp argument is unused:
  and_true

Hint: Omit it from the simp argument list.
  simp only [List.forall_mem_cons, List.forall_mem_nil,̵ ̵a̵n̵d̵_̵t̵r̵u̵e̵]

Note: This linter can be disabled with `set_option linter.unusedSimpArgs false`
/mnt/c/Users/jared/Local Sites/woocommerce-enterprise/oracle/evidence/erdos681/Erdos681Pratt.lean:361:155: error: Application type mismatch: The argument
  P_517596949
has type
  Nat.Prime 517596949
but is expected to have type
  Nat.Prime 517596949 ∧ ∀ x ∈ [], Nat.Prime x
in the application
  ⟨?m.47, P_517596949⟩
/mnt/c/Users/jared/Local Sites/woocommerce-enterprise/oracle/evidence/erdos681/Erdos681Pratt.lean:361:41: warning: This simp argument is unused:
  List.forall_mem_nil

Hint: Omit it from the simp argument list.
  simp only [List.forall_mem_cons, L̵i̵s̵t̵.̵f̵o̵r̵a̵l̵l̵_̵m̵e̵m̵_̵n̵i̵l̵,̵ ̵and_true]

Note: This linter can be disabled with `set_option linter.unusedSimpArgs false`
/mnt/c/Users/jared/Local Sites/woocommerce-enterprise/oracle/evidence/erdos681/Erdos681Pratt.lean:361:62: warning: This simp argument is unused:
  and_true

Hint: Omit it from the simp argument list.
  simp only [List.forall_mem_cons, List.forall_mem_nil,̵ ̵a̵n̵d̵_̵t̵r̵u̵e̵]

Note: This linter can be disabled with `set_option linter.unusedSimpArgs false`
/mnt/c/Users/jared/Local Sites/woocommerce-enterprise/oracle/evidence/erdos681/Erdos681Pratt.lean:366:41: warning: This simp argument is unused:
  List.forall_mem_nil

Hint: Omit it from the simp argument list.
  simp only [List.forall_mem_cons, L̵i̵s̵t̵.̵f̵o̵r̵a̵l̵l̵_̵m̵e̵m̵_̵n̵i̵l̵,̵ ̵and_true]

Note: This linter can be disabled with `set_option linter.unusedSimpArgs false`
/mnt/c/Users/jared/Local Sites/woocommerce-enterprise/oracle/evidence/erdos681/Erdos681Pratt.lean:366:62: warning: This simp argument is unused:
  and_true

Hint: Omit it from the simp argument list.
  simp only [List.forall_mem_cons, List.forall_mem_nil,̵ ̵a̵n̵d̵_̵t̵r̵u̵e̵]

Note: This linter can be disabled with `set_option linter.unusedSimpArgs false`
/mnt/c/Users/jared/Local Sites/woocommerce-enterprise/oracle/evidence/erdos681/Erdos681Pratt.lean:371:41: warning: This simp argument is unused:
  List.forall_mem_nil

Hint: Omit it from the simp argument list.
  simp only [List.forall_mem_cons, L̵i̵s̵t̵.̵f̵o̵r̵a̵l̵l̵_̵m̵e̵m̵_̵n̵i̵l̵,̵ ̵and_true]

Note: This linter can be disabled with `set_option linter.unusedSimpArgs false`
/mnt/c/Users/jared/Local Sites/woocommerce-enterprise/oracle/evidence/erdos681/Erdos681Pratt.lean:371:62: warning: This simp argument is unused:
  and_true

Hint: Omit it from the simp argument list.
  simp only [List.forall_mem_cons, List.forall_mem_nil,̵ ̵a̵n̵d̵_̵t̵r̵u̵e̵]

Note: This linter can be disabled with `set_option linter.unusedSimpArgs false`
/mnt/c/Users/jared/Local Sites/woocommerce-enterprise/oracle/evidence/erdos681/Erdos681Pratt.lean:376:155: error: Application type mismatch: The argument
  P_10425109
has type
  Nat.Prime 10425109
but is expected to have type
  Nat.Prime 10425109 ∧ ∀ x ∈ [], Nat.Prime x
in the application
  ⟨?m.47, P_10425109⟩
/mnt/c/Users/jared/Local Sites/woocommerce-enterprise/oracle/evidence/erdos681/Erdos681Pratt.lean:376:41: warning: This simp argument is unused:
  List.forall_mem_nil

Hint: Omit it from the simp argument list.
  simp only [List.forall_mem_cons, L̵i̵s̵t̵.̵f̵o̵r̵a̵l̵l̵_̵m̵e̵m̵_̵n̵i̵l̵,̵ ̵and_true]

Note: This linter can be disabled with `set_option linter.unusedSimpArgs false`
/mnt/c/Users/jared/Local Sites/woocommerce-enterprise/oracle/evidence/erdos681/Erdos681Pratt.lean:376:62: warning: This simp argument is unused:
  and_true

Hint: Omit it from the simp argument list.
  simp only [List.forall_mem_cons, List.forall_mem_nil,̵ ̵a̵n̵d̵_̵t̵r̵u̵e̵]

Note: This linter can be disabled with `set_option linter.unusedSimpArgs false`
