/mnt/c/Users/jared/Local Sites/woocommerce-enterprise/oracle/evidence/erdos681/Erdos681Pratt.lean:61:41: warning: This simp argument is unused:
  List.forall_mem_nil

Hint: Omit it from the simp argument list.
  simp only [List.forall_mem_cons, L̵i̵s̵t̵.̵f̵o̵r̵a̵l̵l̵_̵m̵e̵m̵_̵n̵i̵l̵,̵ ̵and_true]

Note: This linter can be disabled with `set_option linter.unusedSimpArgs false`
/mnt/c/Users/jared/Local Sites/woocommerce-enterprise/oracle/evidence/erdos681/Erdos681Pratt.lean:61:62: warning: This simp argument is unused:
  and_true

Hint: Omit it from the simp argument list.
  simp only [List.forall_mem_cons, List.forall_mem_nil,̵ ̵a̵n̵d̵_̵t̵r̵u̵e̵]

Note: This linter can be disabled with `set_option linter.unusedSimpArgs false`
/mnt/c/Users/jared/Local Sites/woocommerce-enterprise/oracle/evidence/erdos681/Erdos681Pratt.lean:66:41: warning: This simp argument is unused:
  List.forall_mem_nil
	Command being timed: "timeout 3000 lake env lean /mnt/c/Users/jared/Local Sites/woocommerce-enterprise/oracle/evidence/erdos681/Erdos681Pratt.lean"
	User time (seconds): 27.50
	System time (seconds): 10.01
	Percent of CPU this job got: 50%
	Elapsed (wall clock) time (h:mm:ss or m:ss): 1:13.78
	Average shared text size (kbytes): 0
	Average unshared data size (kbytes): 0
	Average stack size (kbytes): 0
	Average total size (kbytes): 0
	Maximum resident set size (kbytes): 6574068
	Average resident set size (kbytes): 0
	Major (requiring I/O) page faults: 115811
	Minor (reclaiming a frame) page faults: 240437
	Voluntary context switches: 163536
	Involuntary context switches: 1399
	Swaps: 0
	File system inputs: 14999080
	File system outputs: 0
	Socket messages sent: 0
	Socket messages received: 0
	Signals delivered: 0
	Page size (bytes): 4096
	Exit status: 0
r̵a̵l̵l̵_̵m̵e̵m̵_̵n̵i̵l̵,̵ ̵and_true]

Note: This linter can be disabled with `set_option linter.unusedSimpArgs false`
/mnt/c/Users/jared/Local Sites/woocommerce-enterprise/oracle/evidence/erdos681/Erdos681Pratt.lean:71:62: warning: This simp argument is unused:
  and_true

Hint: Omit it from the simp argument list.
  simp only [List.forall_mem_cons, List.forall_mem_nil,̵ ̵a̵n̵d̵_̵t̵r̵u̵e̵]

Note: This linter can be disabled with `set_option linter.unusedSimpArgs false`
/mnt/c/Users/jared/Local Sites/woocommerce-enterprise/oracle/evidence/erdos681/Erdos681Pratt.lean:76:41: warning: This simp argument is unused:
  List.forall_mem_nil

Hint: Omit it from the simp argument list.
  simp only [List.forall_mem_cons, L̵i̵s̵t̵.̵f̵o̵r̵a̵l̵l̵_̵m̵e̵m̵_̵n̵i̵l̵,̵ ̵and_true]

Note: This linter can be disabled with `set_option linter.unusedSimpArgs false`
/mnt/c/Users/jared/Local Sites/woocommerce-enterprise/oracle/evidence/erdos681/Erdos681Pratt.lean:76:62: warning: This simp argument is unused:
  and_true

Hint: Omit it from the simp argument list.
  simp only [List.forall_mem_cons, List.forall_mem_nil,̵ ̵a̵n̵d̵_̵t̵r̵u̵e̵]

Note: This linter can be disabled with `set_option linter.unusedSimpArgs false`
/mnt/c/Users/jared/Local Sites/woocommerce-enterprise/oracle/evidence/erdos681/Erdos681Pratt.lean:81:41: warning: This simp argument is unused:
  List.forall_mem_nil

Hint: Omit it from the simp argument list.
  simp only [List.forall_mem_cons, L̵i̵s̵t̵.̵f̵o̵r̵a̵l̵l̵_̵m̵e̵m̵_̵n̵i̵l̵,̵ ̵and_true]

Note: This linter can be disabled with `set_option linter.unusedSimpArgs false`
/mnt/c/Users/jared/Local Sites/woocommerce-enterprise/oracle/evidence/erdos681/Erdos681Pratt.lean:81:62: warning: This simp argument is unused:
  and_true

Hint: Omit it from the simp argument list.
  simp only [List.forall_mem_cons, List.forall_mem_nil,̵ ̵a̵n̵d̵_̵t̵r̵u̵e̵]

Note: This linter can be disabled with `set_option linter.unusedSimpArgs false`
/mnt/c/Users/jared/Local Sites/woocommerce-enterprise/oracle/evidence/erdos681/Erdos681Pratt.lean:86:41: warning: This simp argument is unused:
  List.forall_mem_nil

Hint: Omit it from the simp argument list.
  simp only [List.forall_mem_cons, L̵i̵s̵t̵.̵f̵o̵r̵a̵l̵l̵_̵m̵e̵m̵_̵n̵i̵l̵,̵ ̵and_true]

Note: This linter can be disabled with `set_option linter.unusedSimpArgs false`
/mnt/c/Users/jared/Local Sites/woocommerce-enterprise/oracle/evidence/erdos681/Erdos681Pratt.lean:86:62: warning: This simp argument is unused:
  and_true

Hint: Omit it from the simp argument list.
  simp only [List.forall_mem_cons, List.forall_mem_nil,̵ ̵a̵n̵d̵_̵t̵r̵u̵e̵]

Note: This linter can be disabled with `set_option linter.unusedSimpArgs false`
/mnt/c/Users/jared/Local Sites/woocommerce-enterprise/oracle/evidence/erdos681/Erdos681Pratt.lean:91:41: warning: This simp argument is unused:
  List.forall_mem_nil

Hint: Omit it from the simp argument list.
  simp only [List.forall_mem_cons, L̵i̵s̵t̵.̵f̵o̵r̵a̵l̵l̵_̵m̵e̵m̵_̵n̵i̵l̵,̵ ̵and_true]

Note: This linter can be disabled with `set_option linter.unusedSimpArgs false`
/mnt/c/Users/jared/Local Sites/woocommerce-enterprise/oracle/evidence/erdos681/Erdos681Pratt.lean:91:62: warning: This simp argument is unused:
  and_true

Hint: Omit it from the simp argument list.
  simp only [List.forall_mem_cons, List.forall_mem_nil,̵ ̵a̵n̵d̵_̵t̵r̵u̵e̵]

Note: This linter can be disabled with `set_option linter.unusedSimpArgs false`
/mnt/c/Users/jared/Local Sites/woocommerce-enterprise/oracle/evidence/erdos681/Erdos681Pratt.lean:96:41: warning: This simp argument is unused:
  List.forall_mem_nil

Hint: Omit it from the simp argument list.
  simp only [List.forall_mem_cons, L̵i̵s̵t̵.̵f̵o̵r̵a̵l̵l̵_̵m̵e̵m̵_̵n̵i̵l̵,̵ ̵and_true]

Note: This linter can be disabled with `set_option linter.unusedSimpArgs false`
/mnt/c/Users/jared/Local Sites/woocommerce-enterprise/oracle/evidence/erdos681/Erdos681Pratt.lean:96:62: warning: This simp argument is unused:
  and_true

Hint: Omit it from the simp argument list.
  simp only [List.forall_mem_cons, List.forall_mem_nil,̵ ̵a̵n̵d̵_̵t̵r̵u̵e̵]

Note: This linter can be disabled with `set_option linter.unusedSimpArgs false`
/mnt/c/Users/jared/Local Sites/woocommerce-enterprise/oracle/evidence/erdos681/Erdos681Pratt.lean:101:41: warning: This simp argument is unused:
  List.forall_mem_nil

Hint: Omit it from the simp argument list.
  simp only [List.forall_mem_cons, L̵i̵s̵t̵.̵f̵o̵r̵a̵l̵l̵_̵m̵e̵m̵_̵n̵i̵l̵,̵ ̵and_true]

Note: This linter can be disabled with `set_option linter.unusedSimpArgs false`
/mnt/c/Users/jared/Local Sites/woocommerce-enterprise/oracle/evidence/erdos681/Erdos681Pratt.lean:101:62: warning: This simp argument is unused:
  and_true

Hint: Omit it from the simp argument list.
  simp only [List.forall_mem_cons, List.forall_mem_nil,̵ ̵a̵n̵d̵_̵t̵r̵u̵e̵]

Note: This linter can be disabled with `set_option linter.unusedSimpArgs false`
/mnt/c/Users/jared/Local Sites/woocommerce-enterprise/oracle/evidence/erdos681/Erdos681Pratt.lean:106:41: warning: This simp argument is unused:
  List.forall_mem_nil

Hint: Omit it from the simp argument list.
  simp only [List.forall_mem_cons, L̵i̵s̵t̵.̵f̵o̵r̵a̵l̵l̵_̵m̵e̵m̵_̵n̵i̵l̵,̵ ̵and_true]

Note: This linter can be disabled with `set_option linter.unusedSimpArgs false`
/mnt/c/Users/jared/Local Sites/woocommerce-enterprise/oracle/evidence/erdos681/Erdos681Pratt.lean:106:62: warning: This simp argument is unused:
  and_true

Hint: Omit it from the simp argument list.
  simp only [List.forall_mem_cons, List.forall_mem_nil,̵ ̵a̵n̵d̵_̵t̵r̵u̵e̵]

Note: This linter can be disabled with `set_option linter.unusedSimpArgs false`
/mnt/c/Users/jared/Local Sites/woocommerce-enterprise/oracle/evidence/erdos681/Erdos681Pratt.lean:111:41: warning: This simp argument is unused:
  List.forall_mem_nil

Hint: Omit it from the simp argument list.
  simp only [List.forall_mem_cons, L̵i̵s̵t̵.̵f̵o̵r̵a̵l̵l̵_̵m̵e̵m̵_̵n̵i̵l̵,̵ ̵and_true]

Note: This linter can be disabled with `set_option linter.unusedSimpArgs false`
/mnt/c/Users/jared/Local Sites/woocommerce-enterprise/oracle/evidence/erdos681/Erdos681Pratt.lean:111:62: warning: This simp argument is unused:
  and_true

Hint: Omit it from the simp argument list.
  simp only [List.forall_mem_cons, List.forall_mem_nil,̵ ̵a̵n̵d̵_̵t̵r̵u̵e̵]

Note: This linter can be disabled with `set_option linter.unusedSimpArgs false`
/mnt/c/Users/jared/Local Sites/woocommerce-enterprise/oracle/evidence/erdos681/Erdos681Pratt.lean:116:41: warning: This simp argument is unused:
  List.forall_mem_nil

Hint: Omit it from the simp argument list.
  simp only [List.forall_mem_cons, L̵i̵s̵t̵.̵f̵o̵r̵a̵l̵l̵_̵m̵e̵m̵_̵n̵i̵l̵,̵ ̵and_true]

Note: This linter can be disabled with `set_option linter.unusedSimpArgs false`
/mnt/c/Users/jared/Local Sites/woocommerce-enterprise/oracle/evidence/erdos681/Erdos681Pratt.lean:116:62: warning: This simp argument is unused:
  and_true

Hint: Omit it from the simp argument list.
  simp only [List.forall_mem_cons, List.forall_mem_nil,̵ ̵a̵n̵d̵_̵t̵r̵u̵e̵]

Note: This linter can be disabled with `set_option linter.unusedSimpArgs false`
/mnt/c/Users/jared/Local Sites/woocommerce-enterprise/oracle/evidence/erdos681/Erdos681Pratt.lean:121:41: warning: This simp argument is unused:
  List.forall_mem_nil

Hint: Omit it from the simp argument list.
  simp only [List.forall_mem_cons, L̵i̵s̵t̵.̵f̵o̵r̵a̵l̵l̵_̵m̵e̵m̵_̵n̵i̵l̵,̵ ̵and_true]

Note: This linter can be disabled with `set_option linter.unusedSimpArgs false`
/mnt/c/Users/jared/Local Sites/woocommerce-enterprise/oracle/evidence/erdos681/Erdos681Pratt.lean:121:62: warning: This simp argument is unused:
  and_true

Hint: Omit it from the simp argument list.
  simp only [List.forall_mem_cons, List.forall_mem_nil,̵ ̵a̵n̵d̵_̵t̵r̵u̵e̵]

Note: This linter can be disabled with `set_option linter.unusedSimpArgs false`
/mnt/c/Users/jared/Local Sites/woocommerce-enterprise/oracle/evidence/erdos681/Erdos681Pratt.lean:126:41: warning: This simp argument is unused:
  List.forall_mem_nil

Hint: Omit it from the simp argument list.
  simp only [List.forall_mem_cons, L̵i̵s̵t̵.̵f̵o̵r̵a̵l̵l̵_̵m̵e̵m̵_̵n̵i̵l̵,̵ ̵and_true]

Note: This linter can be disabled with `set_option linter.unusedSimpArgs false`
/mnt/c/Users/jared/Local Sites/woocommerce-enterprise/oracle/evidence/erdos681/Erdos681Pratt.lean:126:62: warning: This simp argument is unused:
  and_true

Hint: Omit it from the simp argument list.
  simp only [List.forall_mem_cons, List.forall_mem_nil,̵ ̵a̵n̵d̵_̵t̵r̵u̵e̵]

Note: This linter can be disabled with `set_option linter.unusedSimpArgs false`
/mnt/c/Users/jared/Local Sites/woocommerce-enterprise/oracle/evidence/erdos681/Erdos681Pratt.lean:131:41: warning: This simp argument is unused:
  List.forall_mem_nil

Hint: Omit it from the simp argument list.
  simp only [List.forall_mem_cons, L̵i̵s̵t̵.̵f̵o̵r̵a̵l̵l̵_̵m̵e̵m̵_̵n̵i̵l̵,̵ ̵and_true]

Note: This linter can be disabled with `set_option linter.unusedSimpArgs false`
/mnt/c/Users/jared/Local Sites/woocommerce-enterprise/oracle/evidence/erdos681/Erdos681Pratt.lean:131:62: warning: This simp argument is unused:
  and_true

Hint: Omit it from the simp argument list.
  simp only [List.forall_mem_cons, List.forall_mem_nil,̵ ̵a̵n̵d̵_̵t̵r̵u̵e̵]

Note: This linter can be disabled with `set_option linter.unusedSimpArgs false`
/mnt/c/Users/jared/Local Sites/woocommerce-enterprise/oracle/evidence/erdos681/Erdos681Pratt.lean:136:41: warning: This simp argument is unused:
  List.forall_mem_nil

Hint: Omit it from the simp argument list.
  simp only [List.forall_mem_cons, L̵i̵s̵t̵.̵f̵o̵r̵a̵l̵l̵_̵m̵e̵m̵_̵n̵i̵l̵,̵ ̵and_true]

Note: This linter can be disabled with `set_option linter.unusedSimpArgs false`
/mnt/c/Users/jared/Local Sites/woocommerce-enterprise/oracle/evidence/erdos681/Erdos681Pratt.lean:136:62: warning: This simp argument is unused:
  and_true

Hint: Omit it from the simp argument list.
  simp only [List.forall_mem_cons, List.forall_mem_nil,̵ ̵a̵n̵d̵_̵t̵r̵u̵e̵]

Note: This linter can be disabled with `set_option linter.unusedSimpArgs false`
/mnt/c/Users/jared/Local Sites/woocommerce-enterprise/oracle/evidence/erdos681/Erdos681Pratt.lean:141:41: warning: This simp argument is unused:
  List.forall_mem_nil

Hint: Omit it from the simp argument list.
  simp only [List.forall_mem_cons, L̵i̵s̵t̵.̵f̵o̵r̵a̵l̵l̵_̵m̵e̵m̵_̵n̵i̵l̵,̵ ̵and_true]

Note: This linter can be disabled with `set_option linter.unusedSimpArgs false`
/mnt/c/Users/jared/Local Sites/woocommerce-enterprise/oracle/evidence/erdos681/Erdos681Pratt.lean:141:62: warning: This simp argument is unused:
  and_true

Hint: Omit it from the simp argument list.
  simp only [List.forall_mem_cons, List.forall_mem_nil,̵ ̵a̵n̵d̵_̵t̵r̵u̵e̵]

Note: This linter can be disabled with `set_option linter.unusedSimpArgs false`
/mnt/c/Users/jared/Local Sites/woocommerce-enterprise/oracle/evidence/erdos681/Erdos681Pratt.lean:146:41: warning: This simp argument is unused:
  List.forall_mem_nil

Hint: Omit it from the simp argument list.
  simp only [List.forall_mem_cons, L̵i̵s̵t̵.̵f̵o̵r̵a̵l̵l̵_̵m̵e̵m̵_̵n̵i̵l̵,̵ ̵and_true]

Note: This linter can be disabled with `set_option linter.unusedSimpArgs false`
/mnt/c/Users/jared/Local Sites/woocommerce-enterprise/oracle/evidence/erdos681/Erdos681Pratt.lean:146:62: warning: This simp argument is unused:
  and_true

Hint: Omit it from the simp argument list.
  simp only [List.forall_mem_cons, List.forall_mem_nil,̵ ̵a̵n̵d̵_̵t̵r̵u̵e̵]

Note: This linter can be disabled with `set_option linter.unusedSimpArgs false`
/mnt/c/Users/jared/Local Sites/woocommerce-enterprise/oracle/evidence/erdos681/Erdos681Pratt.lean:151:41: warning: This simp argument is unused:
  List.forall_mem_nil

Hint: Omit it from the simp argument list.
  simp only [List.forall_mem_cons, L̵i̵s̵t̵.̵f̵o̵r̵a̵l̵l̵_̵m̵e̵m̵_̵n̵i̵l̵,̵ ̵and_true]

Note: This linter can be disabled with `set_option linter.unusedSimpArgs false`
/mnt/c/Users/jared/Local Sites/woocommerce-enterprise/oracle/evidence/erdos681/Erdos681Pratt.lean:151:62: warning: This simp argument is unused:
  and_true

Hint: Omit it from the simp argument list.
  simp only [List.forall_mem_cons, List.forall_mem_nil,̵ ̵a̵n̵d̵_̵t̵r̵u̵e̵]

Note: This linter can be disabled with `set_option linter.unusedSimpArgs false`
/mnt/c/Users/jared/Local Sites/woocommerce-enterprise/oracle/evidence/erdos681/Erdos681Pratt.lean:156:41: warning: This simp argument is unused:
  List.forall_mem_nil

Hint: Omit it from the simp argument list.
  simp only [List.forall_mem_cons, L̵i̵s̵t̵.̵f̵o̵r̵a̵l̵l̵_̵m̵e̵m̵_̵n̵i̵l̵,̵ ̵and_true]

Note: This linter can be disabled with `set_option linter.unusedSimpArgs false`
/mnt/c/Users/jared/Local Sites/woocommerce-enterprise/oracle/evidence/erdos681/Erdos681Pratt.lean:156:62: warning: This simp argument is unused:
  and_true

Hint: Omit it from the simp argument list.
  simp only [List.forall_mem_cons, List.forall_mem_nil,̵ ̵a̵n̵d̵_̵t̵r̵u̵e̵]

Note: This linter can be disabled with `set_option linter.unusedSimpArgs false`
/mnt/c/Users/jared/Local Sites/woocommerce-enterprise/oracle/evidence/erdos681/Erdos681Pratt.lean:161:41: warning: This simp argument is unused:
  List.forall_mem_nil

Hint: Omit it from the simp argument list.
  simp only [List.forall_mem_cons, L̵i̵s̵t̵.̵f̵o̵r̵a̵l̵l̵_̵m̵e̵m̵_̵n̵i̵l̵,̵ ̵and_true]

Note: This linter can be disabled with `set_option linter.unusedSimpArgs false`
/mnt/c/Users/jared/Local Sites/woocommerce-enterprise/oracle/evidence/erdos681/Erdos681Pratt.lean:161:62: warning: This simp argument is unused:
  and_true

Hint: Omit it from the simp argument list.
  simp only [List.forall_mem_cons, List.forall_mem_nil,̵ ̵a̵n̵d̵_̵t̵r̵u̵e̵]

Note: This linter can be disabled with `set_option linter.unusedSimpArgs false`
/mnt/c/Users/jared/Local Sites/woocommerce-enterprise/oracle/evidence/erdos681/Erdos681Pratt.lean:166:41: warning: This simp argument is unused:
  List.forall_mem_nil

Hint: Omit it from the simp argument list.
  simp only [List.forall_mem_cons, L̵i̵s̵t̵.̵f̵o̵r̵a̵l̵l̵_̵m̵e̵m̵_̵n̵i̵l̵,̵ ̵and_true]

Note: This linter can be disabled with `set_option linter.unusedSimpArgs false`
/mnt/c/Users/jared/Local Sites/woocommerce-enterprise/oracle/evidence/erdos681/Erdos681Pratt.lean:166:62: warning: This simp argument is unused:
  and_true

Hint: Omit it from the simp argument list.
  simp only [List.forall_mem_cons, List.forall_mem_nil,̵ ̵a̵n̵d̵_̵t̵r̵u̵e̵]

Note: This linter can be disabled with `set_option linter.unusedSimpArgs false`
/mnt/c/Users/jared/Local Sites/woocommerce-enterprise/oracle/evidence/erdos681/Erdos681Pratt.lean:171:41: warning: This simp argument is unused:
  List.forall_mem_nil

Hint: Omit it from the simp argument list.
  simp only [List.forall_mem_cons, L̵i̵s̵t̵.̵f̵o̵r̵a̵l̵l̵_̵m̵e̵m̵_̵n̵i̵l̵,̵ ̵and_true]

Note: This linter can be disabled with `set_option linter.unusedSimpArgs false`
/mnt/c/Users/jared/Local Sites/woocommerce-enterprise/oracle/evidence/erdos681/Erdos681Pratt.lean:171:62: warning: This simp argument is unused:
  and_true

Hint: Omit it from the simp argument list.
  simp only [List.forall_mem_cons, List.forall_mem_nil,̵ ̵a̵n̵d̵_̵t̵r̵u̵e̵]

Note: This linter can be disabled with `set_option linter.unusedSimpArgs false`
/mnt/c/Users/jared/Local Sites/woocommerce-enterprise/oracle/evidence/erdos681/Erdos681Pratt.lean:176:41: warning: This simp argument is unused:
  List.forall_mem_nil

Hint: Omit it from the simp argument list.
  simp only [List.forall_mem_cons, L̵i̵s̵t̵.̵f̵o̵r̵a̵l̵l̵_̵m̵e̵m̵_̵n̵i̵l̵,̵ ̵and_true]

Note: This linter can be disabled with `set_option linter.unusedSimpArgs false`
/mnt/c/Users/jared/Local Sites/woocommerce-enterprise/oracle/evidence/erdos681/Erdos681Pratt.lean:176:62: warning: This simp argument is unused:
  and_true

Hint: Omit it from the simp argument list.
  simp only [List.forall_mem_cons, List.forall_mem_nil,̵ ̵a̵n̵d̵_̵t̵r̵u̵e̵]

Note: This linter can be disabled with `set_option linter.unusedSimpArgs false`
/mnt/c/Users/jared/Local Sites/woocommerce-enterprise/oracle/evidence/erdos681/Erdos681Pratt.lean:181:41: warning: This simp argument is unused:
  List.forall_mem_nil

Hint: Omit it from the simp argument list.
  simp only [List.forall_mem_cons, L̵i̵s̵t̵.̵f̵o̵r̵a̵l̵l̵_̵m̵e̵m̵_̵n̵i̵l̵,̵ ̵and_true]

Note: This linter can be disabled with `set_option linter.unusedSimpArgs false`
/mnt/c/Users/jared/Local Sites/woocommerce-enterprise/oracle/evidence/erdos681/Erdos681Pratt.lean:181:62: warning: This simp argument is unused:
  and_true

Hint: Omit it from the simp argument list.
  simp only [List.forall_mem_cons, List.forall_mem_nil,̵ ̵a̵n̵d̵_̵t̵r̵u̵e̵]

Note: This linter can be disabled with `set_option linter.unusedSimpArgs false`
/mnt/c/Users/jared/Local Sites/woocommerce-enterprise/oracle/evidence/erdos681/Erdos681Pratt.lean:186:41: warning: This simp argument is unused:
  List.forall_mem_nil

Hint: Omit it from the simp argument list.
  simp only [List.forall_mem_cons, L̵i̵s̵t̵.̵f̵o̵r̵a̵l̵l̵_̵m̵e̵m̵_̵n̵i̵l̵,̵ ̵and_true]

Note: This linter can be disabled with `set_option linter.unusedSimpArgs false`
/mnt/c/Users/jared/Local Sites/woocommerce-enterprise/oracle/evidence/erdos681/Erdos681Pratt.lean:186:62: warning: This simp argument is unused:
  and_true

Hint: Omit it from the simp argument list.
  simp only [List.forall_mem_cons, List.forall_mem_nil,̵ ̵a̵n̵d̵_̵t̵r̵u̵e̵]

Note: This linter can be disabled with `set_option linter.unusedSimpArgs false`
/mnt/c/Users/jared/Local Sites/woocommerce-enterprise/oracle/evidence/erdos681/Erdos681Pratt.lean:191:41: warning: This simp argument is unused:
  List.forall_mem_nil

Hint: Omit it from the simp argument list.
  simp only [List.forall_mem_cons, L̵i̵s̵t̵.̵f̵o̵r̵a̵l̵l̵_̵m̵e̵m̵_̵n̵i̵l̵,̵ ̵and_true]

Note: This linter can be disabled with `set_option linter.unusedSimpArgs false`
/mnt/c/Users/jared/Local Sites/woocommerce-enterprise/oracle/evidence/erdos681/Erdos681Pratt.lean:191:62: warning: This simp argument is unused:
  and_true

Hint: Omit it from the simp argument list.
  simp only [List.forall_mem_cons, List.forall_mem_nil,̵ ̵a̵n̵d̵_̵t̵r̵u̵e̵]

Note: This linter can be disabled with `set_option linter.unusedSimpArgs false`
/mnt/c/Users/jared/Local Sites/woocommerce-enterprise/oracle/evidence/erdos681/Erdos681Pratt.lean:196:41: warning: This simp argument is unused:
  List.forall_mem_nil

Hint: Omit it from the simp argument list.
  simp only [List.forall_mem_cons, L̵i̵s̵t̵.̵f̵o̵r̵a̵l̵l̵_̵m̵e̵m̵_̵n̵i̵l̵,̵ ̵and_true]

Note: This linter can be disabled with `set_option linter.unusedSimpArgs false`
/mnt/c/Users/jared/Local Sites/woocommerce-enterprise/oracle/evidence/erdos681/Erdos681Pratt.lean:196:62: warning: This simp argument is unused:
  and_true

Hint: Omit it from the simp argument list.
  simp only [List.forall_mem_cons, List.forall_mem_nil,̵ ̵a̵n̵d̵_̵t̵r̵u̵e̵]

Note: This linter can be disabled with `set_option linter.unusedSimpArgs false`
/mnt/c/Users/jared/Local Sites/woocommerce-enterprise/oracle/evidence/erdos681/Erdos681Pratt.lean:201:41: warning: This simp argument is unused:
  List.forall_mem_nil

Hint: Omit it from the simp argument list.
  simp only [List.forall_mem_cons, L̵i̵s̵t̵.̵f̵o̵r̵a̵l̵l̵_̵m̵e̵m̵_̵n̵i̵l̵,̵ ̵and_true]

Note: This linter can be disabled with `set_option linter.unusedSimpArgs false`
/mnt/c/Users/jared/Local Sites/woocommerce-enterprise/oracle/evidence/erdos681/Erdos681Pratt.lean:201:62: warning: This simp argument is unused:
  and_true

Hint: Omit it from the simp argument list.
  simp only [List.forall_mem_cons, List.forall_mem_nil,̵ ̵a̵n̵d̵_̵t̵r̵u̵e̵]

Note: This linter can be disabled with `set_option linter.unusedSimpArgs false`
/mnt/c/Users/jared/Local Sites/woocommerce-enterprise/oracle/evidence/erdos681/Erdos681Pratt.lean:206:41: warning: This simp argument is unused:
  List.forall_mem_nil

Hint: Omit it from the simp argument list.
  simp only [List.forall_mem_cons, L̵i̵s̵t̵.̵f̵o̵r̵a̵l̵l̵_̵m̵e̵m̵_̵n̵i̵l̵,̵ ̵and_true]

Note: This linter can be disabled with `set_option linter.unusedSimpArgs false`
/mnt/c/Users/jared/Local Sites/woocommerce-enterprise/oracle/evidence/erdos681/Erdos681Pratt.lean:206:62: warning: This simp argument is unused:
  and_true

Hint: Omit it from the simp argument list.
  simp only [List.forall_mem_cons, List.forall_mem_nil,̵ ̵a̵n̵d̵_̵t̵r̵u̵e̵]

Note: This linter can be disabled with `set_option linter.unusedSimpArgs false`
/mnt/c/Users/jared/Local Sites/woocommerce-enterprise/oracle/evidence/erdos681/Erdos681Pratt.lean:211:41: warning: This simp argument is unused:
  List.forall_mem_nil

Hint: Omit it from the simp argument list.
  simp only [List.forall_mem_cons, L̵i̵s̵t̵.̵f̵o̵r̵a̵l̵l̵_̵m̵e̵m̵_̵n̵i̵l̵,̵ ̵and_true]

Note: This linter can be disabled with `set_option linter.unusedSimpArgs false`
/mnt/c/Users/jared/Local Sites/woocommerce-enterprise/oracle/evidence/erdos681/Erdos681Pratt.lean:211:62: warning: This simp argument is unused:
  and_true

Hint: Omit it from the simp argument list.
  simp only [List.forall_mem_cons, List.forall_mem_nil,̵ ̵a̵n̵d̵_̵t̵r̵u̵e̵]

Note: This linter can be disabled with `set_option linter.unusedSimpArgs false`
/mnt/c/Users/jared/Local Sites/woocommerce-enterprise/oracle/evidence/erdos681/Erdos681Pratt.lean:216:41: warning: This simp argument is unused:
  List.forall_mem_nil

Hint: Omit it from the simp argument list.
  simp only [List.forall_mem_cons, L̵i̵s̵t̵.̵f̵o̵r̵a̵l̵l̵_̵m̵e̵m̵_̵n̵i̵l̵,̵ ̵and_true]

Note: This linter can be disabled with `set_option linter.unusedSimpArgs false`
/mnt/c/Users/jared/Local Sites/woocommerce-enterprise/oracle/evidence/erdos681/Erdos681Pratt.lean:216:62: warning: This simp argument is unused:
  and_true

Hint: Omit it from the simp argument list.
  simp only [List.forall_mem_cons, List.forall_mem_nil,̵ ̵a̵n̵d̵_̵t̵r̵u̵e̵]

Note: This linter can be disabled with `set_option linter.unusedSimpArgs false`
/mnt/c/Users/jared/Local Sites/woocommerce-enterprise/oracle/evidence/erdos681/Erdos681Pratt.lean:221:41: warning: This simp argument is unused:
  List.forall_mem_nil

Hint: Omit it from the simp argument list.
  simp only [List.forall_mem_cons, L̵i̵s̵t̵.̵f̵o̵r̵a̵l̵l̵_̵m̵e̵m̵_̵n̵i̵l̵,̵ ̵and_true]

Note: This linter can be disabled with `set_option linter.unusedSimpArgs false`
/mnt/c/Users/jared/Local Sites/woocommerce-enterprise/oracle/evidence/erdos681/Erdos681Pratt.lean:221:62: warning: This simp argument is unused:
  and_true

Hint: Omit it from the simp argument list.
  simp only [List.forall_mem_cons, List.forall_mem_nil,̵ ̵a̵n̵d̵_̵t̵r̵u̵e̵]

Note: This linter can be disabled with `set_option linter.unusedSimpArgs false`
/mnt/c/Users/jared/Local Sites/woocommerce-enterprise/oracle/evidence/erdos681/Erdos681Pratt.lean:226:41: warning: This simp argument is unused:
  List.forall_mem_nil

Hint: Omit it from the simp argument list.
  simp only [List.forall_mem_cons, L̵i̵s̵t̵.̵f̵o̵r̵a̵l̵l̵_̵m̵e̵m̵_̵n̵i̵l̵,̵ ̵and_true]

Note: This linter can be disabled with `set_option linter.unusedSimpArgs false`
/mnt/c/Users/jared/Local Sites/woocommerce-enterprise/oracle/evidence/erdos681/Erdos681Pratt.lean:226:62: warning: This simp argument is unused:
  and_true

Hint: Omit it from the simp argument list.
  simp only [List.forall_mem_cons, List.forall_mem_nil,̵ ̵a̵n̵d̵_̵t̵r̵u̵e̵]

Note: This linter can be disabled with `set_option linter.unusedSimpArgs false`
/mnt/c/Users/jared/Local Sites/woocommerce-enterprise/oracle/evidence/erdos681/Erdos681Pratt.lean:231:41: warning: This simp argument is unused:
  List.forall_mem_nil

Hint: Omit it from the simp argument list.
  simp only [List.forall_mem_cons, L̵i̵s̵t̵.̵f̵o̵r̵a̵l̵l̵_̵m̵e̵m̵_̵n̵i̵l̵,̵ ̵and_true]

Note: This linter can be disabled with `set_option linter.unusedSimpArgs false`
/mnt/c/Users/jared/Local Sites/woocommerce-enterprise/oracle/evidence/erdos681/Erdos681Pratt.lean:231:62: warning: This simp argument is unused:
  and_true

Hint: Omit it from the simp argument list.
  simp only [List.forall_mem_cons, List.forall_mem_nil,̵ ̵a̵n̵d̵_̵t̵r̵u̵e̵]

Note: This linter can be disabled with `set_option linter.unusedSimpArgs false`
/mnt/c/Users/jared/Local Sites/woocommerce-enterprise/oracle/evidence/erdos681/Erdos681Pratt.lean:236:41: warning: This simp argument is unused:
  List.forall_mem_nil

Hint: Omit it from the simp argument list.
  simp only [List.forall_mem_cons, L̵i̵s̵t̵.̵f̵o̵r̵a̵l̵l̵_̵m̵e̵m̵_̵n̵i̵l̵,̵ ̵and_true]

Note: This linter can be disabled with `set_option linter.unusedSimpArgs false`
/mnt/c/Users/jared/Local Sites/woocommerce-enterprise/oracle/evidence/erdos681/Erdos681Pratt.lean:236:62: warning: This simp argument is unused:
  and_true

Hint: Omit it from the simp argument list.
  simp only [List.forall_mem_cons, List.forall_mem_nil,̵ ̵a̵n̵d̵_̵t̵r̵u̵e̵]

Note: This linter can be disabled with `set_option linter.unusedSimpArgs false`
/mnt/c/Users/jared/Local Sites/woocommerce-enterprise/oracle/evidence/erdos681/Erdos681Pratt.lean:241:41: warning: This simp argument is unused:
  List.forall_mem_nil

Hint: Omit it from the simp argument list.
  simp only [List.forall_mem_cons, L̵i̵s̵t̵.̵f̵o̵r̵a̵l̵l̵_̵m̵e̵m̵_̵n̵i̵l̵,̵ ̵and_true]

Note: This linter can be disabled with `set_option linter.unusedSimpArgs false`
/mnt/c/Users/jared/Local Sites/woocommerce-enterprise/oracle/evidence/erdos681/Erdos681Pratt.lean:241:62: warning: This simp argument is unused:
  and_true

Hint: Omit it from the simp argument list.
  simp only [List.forall_mem_cons, List.forall_mem_nil,̵ ̵a̵n̵d̵_̵t̵r̵u̵e̵]

Note: This linter can be disabled with `set_option linter.unusedSimpArgs false`
/mnt/c/Users/jared/Local Sites/woocommerce-enterprise/oracle/evidence/erdos681/Erdos681Pratt.lean:246:41: warning: This simp argument is unused:
  List.forall_mem_nil

Hint: Omit it from the simp argument list.
  simp only [List.forall_mem_cons, L̵i̵s̵t̵.̵f̵o̵r̵a̵l̵l̵_̵m̵e̵m̵_̵n̵i̵l̵,̵ ̵and_true]

Note: This linter can be disabled with `set_option linter.unusedSimpArgs false`
/mnt/c/Users/jared/Local Sites/woocommerce-enterprise/oracle/evidence/erdos681/Erdos681Pratt.lean:246:62: warning: This simp argument is unused:
  and_true

Hint: Omit it from the simp argument list.
  simp only [List.forall_mem_cons, List.forall_mem_nil,̵ ̵a̵n̵d̵_̵t̵r̵u̵e̵]

Note: This linter can be disabled with `set_option linter.unusedSimpArgs false`
/mnt/c/Users/jared/Local Sites/woocommerce-enterprise/oracle/evidence/erdos681/Erdos681Pratt.lean:251:41: warning: This simp argument is unused:
  List.forall_mem_nil

Hint: Omit it from the simp argument list.
  simp only [List.forall_mem_cons, L̵i̵s̵t̵.̵f̵o̵r̵a̵l̵l̵_̵m̵e̵m̵_̵n̵i̵l̵,̵ ̵and_true]

Note: This linter can be disabled with `set_option linter.unusedSimpArgs false`
/mnt/c/Users/jared/Local Sites/woocommerce-enterprise/oracle/evidence/erdos681/Erdos681Pratt.lean:251:62: warning: This simp argument is unused:
  and_true

Hint: Omit it from the simp argument list.
  simp only [List.forall_mem_cons, List.forall_mem_nil,̵ ̵a̵n̵d̵_̵t̵r̵u̵e̵]

Note: This linter can be disabled with `set_option linter.unusedSimpArgs false`
/mnt/c/Users/jared/Local Sites/woocommerce-enterprise/oracle/evidence/erdos681/Erdos681Pratt.lean:256:41: warning: This simp argument is unused:
  List.forall_mem_nil

Hint: Omit it from the simp argument list.
  simp only [List.forall_mem_cons, L̵i̵s̵t̵.̵f̵o̵r̵a̵l̵l̵_̵m̵e̵m̵_̵n̵i̵l̵,̵ ̵and_true]

Note: This linter can be disabled with `set_option linter.unusedSimpArgs false`
/mnt/c/Users/jared/Local Sites/woocommerce-enterprise/oracle/evidence/erdos681/Erdos681Pratt.lean:256:62: warning: This simp argument is unused:
  and_true

Hint: Omit it from the simp argument list.
  simp only [List.forall_mem_cons, List.forall_mem_nil,̵ ̵a̵n̵d̵_̵t̵r̵u̵e̵]

Note: This linter can be disabled with `set_option linter.unusedSimpArgs false`
/mnt/c/Users/jared/Local Sites/woocommerce-enterprise/oracle/evidence/erdos681/Erdos681Pratt.lean:261:41: warning: This simp argument is unused:
  List.forall_mem_nil

Hint: Omit it from the simp argument list.
  simp only [List.forall_mem_cons, L̵i̵s̵t̵.̵f̵o̵r̵a̵l̵l̵_̵m̵e̵m̵_̵n̵i̵l̵,̵ ̵and_true]

Note: This linter can be disabled with `set_option linter.unusedSimpArgs false`
/mnt/c/Users/jared/Local Sites/woocommerce-enterprise/oracle/evidence/erdos681/Erdos681Pratt.lean:261:62: warning: This simp argument is unused:
  and_true

Hint: Omit it from the simp argument list.
  simp only [List.forall_mem_cons, List.forall_mem_nil,̵ ̵a̵n̵d̵_̵t̵r̵u̵e̵]

Note: This linter can be disabled with `set_option linter.unusedSimpArgs false`
/mnt/c/Users/jared/Local Sites/woocommerce-enterprise/oracle/evidence/erdos681/Erdos681Pratt.lean:266:41: warning: This simp argument is unused:
  List.forall_mem_nil

Hint: Omit it from the simp argument list.
  simp only [List.forall_mem_cons, L̵i̵s̵t̵.̵f̵o̵r̵a̵l̵l̵_̵m̵e̵m̵_̵n̵i̵l̵,̵ ̵and_true]

Note: This linter can be disabled with `set_option linter.unusedSimpArgs false`
/mnt/c/Users/jared/Local Sites/woocommerce-enterprise/oracle/evidence/erdos681/Erdos681Pratt.lean:266:62: warning: This simp argument is unused:
  and_true

Hint: Omit it from the simp argument list.
  simp only [List.forall_mem_cons, List.forall_mem_nil,̵ ̵a̵n̵d̵_̵t̵r̵u̵e̵]

Note: This linter can be disabled with `set_option linter.unusedSimpArgs false`
/mnt/c/Users/jared/Local Sites/woocommerce-enterprise/oracle/evidence/erdos681/Erdos681Pratt.lean:271:41: warning: This simp argument is unused:
  List.forall_mem_nil

Hint: Omit it from the simp argument list.
  simp only [List.forall_mem_cons, L̵i̵s̵t̵.̵f̵o̵r̵a̵l̵l̵_̵m̵e̵m̵_̵n̵i̵l̵,̵ ̵and_true]

Note: This linter can be disabled with `set_option linter.unusedSimpArgs false`
/mnt/c/Users/jared/Local Sites/woocommerce-enterprise/oracle/evidence/erdos681/Erdos681Pratt.lean:271:62: warning: This simp argument is unused:
  and_true

Hint: Omit it from the simp argument list.
  simp only [List.forall_mem_cons, List.forall_mem_nil,̵ ̵a̵n̵d̵_̵t̵r̵u̵e̵]

Note: This linter can be disabled with `set_option linter.unusedSimpArgs false`
/mnt/c/Users/jared/Local Sites/woocommerce-enterprise/oracle/evidence/erdos681/Erdos681Pratt.lean:276:41: warning: This simp argument is unused:
  List.forall_mem_nil

Hint: Omit it from the simp argument list.
  simp only [List.forall_mem_cons, L̵i̵s̵t̵.̵f̵o̵r̵a̵l̵l̵_̵m̵e̵m̵_̵n̵i̵l̵,̵ ̵and_true]

Note: This linter can be disabled with `set_option linter.unusedSimpArgs false`
/mnt/c/Users/jared/Local Sites/woocommerce-enterprise/oracle/evidence/erdos681/Erdos681Pratt.lean:276:62: warning: This simp argument is unused:
  and_true

Hint: Omit it from the simp argument list.
  simp only [List.forall_mem_cons, List.forall_mem_nil,̵ ̵a̵n̵d̵_̵t̵r̵u̵e̵]

Note: This linter can be disabled with `set_option linter.unusedSimpArgs false`
/mnt/c/Users/jared/Local Sites/woocommerce-enterprise/oracle/evidence/erdos681/Erdos681Pratt.lean:281:41: warning: This simp argument is unused:
  List.forall_mem_nil

Hint: Omit it from the simp argument list.
  simp only [List.forall_mem_cons, L̵i̵s̵t̵.̵f̵o̵r̵a̵l̵l̵_̵m̵e̵m̵_̵n̵i̵l̵,̵ ̵and_true]

Note: This linter can be disabled with `set_option linter.unusedSimpArgs false`
/mnt/c/Users/jared/Local Sites/woocommerce-enterprise/oracle/evidence/erdos681/Erdos681Pratt.lean:281:62: warning: This simp argument is unused:
  and_true

Hint: Omit it from the simp argument list.
  simp only [List.forall_mem_cons, List.forall_mem_nil,̵ ̵a̵n̵d̵_̵t̵r̵u̵e̵]

Note: This linter can be disabled with `set_option linter.unusedSimpArgs false`
/mnt/c/Users/jared/Local Sites/woocommerce-enterprise/oracle/evidence/erdos681/Erdos681Pratt.lean:286:41: warning: This simp argument is unused:
  List.forall_mem_nil

Hint: Omit it from the simp argument list.
  simp only [List.forall_mem_cons, L̵i̵s̵t̵.̵f̵o̵r̵a̵l̵l̵_̵m̵e̵m̵_̵n̵i̵l̵,̵ ̵and_true]

Note: This linter can be disabled with `set_option linter.unusedSimpArgs false`
/mnt/c/Users/jared/Local Sites/woocommerce-enterprise/oracle/evidence/erdos681/Erdos681Pratt.lean:286:62: warning: This simp argument is unused:
  and_true

Hint: Omit it from the simp argument list.
  simp only [List.forall_mem_cons, List.forall_mem_nil,̵ ̵a̵n̵d̵_̵t̵r̵u̵e̵]

Note: This linter can be disabled with `set_option linter.unusedSimpArgs false`
/mnt/c/Users/jared/Local Sites/woocommerce-enterprise/oracle/evidence/erdos681/Erdos681Pratt.lean:291:41: warning: This simp argument is unused:
  List.forall_mem_nil

Hint: Omit it from the simp argument list.
  simp only [List.forall_mem_cons, L̵i̵s̵t̵.̵f̵o̵r̵a̵l̵l̵_̵m̵e̵m̵_̵n̵i̵l̵,̵ ̵and_true]

Note: This linter can be disabled with `set_option linter.unusedSimpArgs false`
/mnt/c/Users/jared/Local Sites/woocommerce-enterprise/oracle/evidence/erdos681/Erdos681Pratt.lean:291:62: warning: This simp argument is unused:
  and_true

Hint: Omit it from the simp argument list.
  simp only [List.forall_mem_cons, List.forall_mem_nil,̵ ̵a̵n̵d̵_̵t̵r̵u̵e̵]

Note: This linter can be disabled with `set_option linter.unusedSimpArgs false`
/mnt/c/Users/jared/Local Sites/woocommerce-enterprise/oracle/evidence/erdos681/Erdos681Pratt.lean:296:41: warning: This simp argument is unused:
  List.forall_mem_nil

Hint: Omit it from the simp argument list.
  simp only [List.forall_mem_cons, L̵i̵s̵t̵.̵f̵o̵r̵a̵l̵l̵_̵m̵e̵m̵_̵n̵i̵l̵,̵ ̵and_true]

Note: This linter can be disabled with `set_option linter.unusedSimpArgs false`
/mnt/c/Users/jared/Local Sites/woocommerce-enterprise/oracle/evidence/erdos681/Erdos681Pratt.lean:296:62: warning: This simp argument is unused:
  and_true

Hint: Omit it from the simp argument list.
  simp only [List.forall_mem_cons, List.forall_mem_nil,̵ ̵a̵n̵d̵_̵t̵r̵u̵e̵]

Note: This linter can be disabled with `set_option linter.unusedSimpArgs false`
/mnt/c/Users/jared/Local Sites/woocommerce-enterprise/oracle/evidence/erdos681/Erdos681Pratt.lean:301:41: warning: This simp argument is unused:
  List.forall_mem_nil

Hint: Omit it from the simp argument list.
  simp only [List.forall_mem_cons, L̵i̵s̵t̵.̵f̵o̵r̵a̵l̵l̵_̵m̵e̵m̵_̵n̵i̵l̵,̵ ̵and_true]

Note: This linter can be disabled with `set_option linter.unusedSimpArgs false`
/mnt/c/Users/jared/Local Sites/woocommerce-enterprise/oracle/evidence/erdos681/Erdos681Pratt.lean:301:62: warning: This simp argument is unused:
  and_true

Hint: Omit it from the simp argument list.
  simp only [List.forall_mem_cons, List.forall_mem_nil,̵ ̵a̵n̵d̵_̵t̵r̵u̵e̵]

Note: This linter can be disabled with `set_option linter.unusedSimpArgs false`
/mnt/c/Users/jared/Local Sites/woocommerce-enterprise/oracle/evidence/erdos681/Erdos681Pratt.lean:306:41: warning: This simp argument is unused:
  List.forall_mem_nil

Hint: Omit it from the simp argument list.
  simp only [List.forall_mem_cons, L̵i̵s̵t̵.̵f̵o̵r̵a̵l̵l̵_̵m̵e̵m̵_̵n̵i̵l̵,̵ ̵and_true]

Note: This linter can be disabled with `set_option linter.unusedSimpArgs false`
/mnt/c/Users/jared/Local Sites/woocommerce-enterprise/oracle/evidence/erdos681/Erdos681Pratt.lean:306:62: warning: This simp argument is unused:
  and_true

Hint: Omit it from the simp argument list.
  simp only [List.forall_mem_cons, List.forall_mem_nil,̵ ̵a̵n̵d̵_̵t̵r̵u̵e̵]

Note: This linter can be disabled with `set_option linter.unusedSimpArgs false`
/mnt/c/Users/jared/Local Sites/woocommerce-enterprise/oracle/evidence/erdos681/Erdos681Pratt.lean:311:41: warning: This simp argument is unused:
  List.forall_mem_nil

Hint: Omit it from the simp argument list.
  simp only [List.forall_mem_cons, L̵i̵s̵t̵.̵f̵o̵r̵a̵l̵l̵_̵m̵e̵m̵_̵n̵i̵l̵,̵ ̵and_true]

Note: This linter can be disabled with `set_option linter.unusedSimpArgs false`
/mnt/c/Users/jared/Local Sites/woocommerce-enterprise/oracle/evidence/erdos681/Erdos681Pratt.lean:311:62: warning: This simp argument is unused:
  and_true

Hint: Omit it from the simp argument list.
  simp only [List.forall_mem_cons, List.forall_mem_nil,̵ ̵a̵n̵d̵_̵t̵r̵u̵e̵]

Note: This linter can be disabled with `set_option linter.unusedSimpArgs false`
/mnt/c/Users/jared/Local Sites/woocommerce-enterprise/oracle/evidence/erdos681/Erdos681Pratt.lean:316:41: warning: This simp argument is unused:
  List.forall_mem_nil

Hint: Omit it from the simp argument list.
  simp only [List.forall_mem_cons, L̵i̵s̵t̵.̵f̵o̵r̵a̵l̵l̵_̵m̵e̵m̵_̵n̵i̵l̵,̵ ̵and_true]

Note: This linter can be disabled with `set_option linter.unusedSimpArgs false`
/mnt/c/Users/jared/Local Sites/woocommerce-enterprise/oracle/evidence/erdos681/Erdos681Pratt.lean:316:62: warning: This simp argument is unused:
  and_true

Hint: Omit it from the simp argument list.
  simp only [List.forall_mem_cons, List.forall_mem_nil,̵ ̵a̵n̵d̵_̵t̵r̵u̵e̵]

Note: This linter can be disabled with `set_option linter.unusedSimpArgs false`
/mnt/c/Users/jared/Local Sites/woocommerce-enterprise/oracle/evidence/erdos681/Erdos681Pratt.lean:321:41: warning: This simp argument is unused:
  List.forall_mem_nil

Hint: Omit it from the simp argument list.
  simp only [List.forall_mem_cons, L̵i̵s̵t̵.̵f̵o̵r̵a̵l̵l̵_̵m̵e̵m̵_̵n̵i̵l̵,̵ ̵and_true]

Note: This linter can be disabled with `set_option linter.unusedSimpArgs false`
/mnt/c/Users/jared/Local Sites/woocommerce-enterprise/oracle/evidence/erdos681/Erdos681Pratt.lean:321:62: warning: This simp argument is unused:
  and_true

Hint: Omit it from the simp argument list.
  simp only [List.forall_mem_cons, List.forall_mem_nil,̵ ̵a̵n̵d̵_̵t̵r̵u̵e̵]

Note: This linter can be disabled with `set_option linter.unusedSimpArgs false`
/mnt/c/Users/jared/Local Sites/woocommerce-enterprise/oracle/evidence/erdos681/Erdos681Pratt.lean:326:41: warning: This simp argument is unused:
  List.forall_mem_nil

Hint: Omit it from the simp argument list.
  simp only [List.forall_mem_cons, L̵i̵s̵t̵.̵f̵o̵r̵a̵l̵l̵_̵m̵e̵m̵_̵n̵i̵l̵,̵ ̵and_true]

Note: This linter can be disabled with `set_option linter.unusedSimpArgs false`
/mnt/c/Users/jared/Local Sites/woocommerce-enterprise/oracle/evidence/erdos681/Erdos681Pratt.lean:326:62: warning: This simp argument is unused:
  and_true

Hint: Omit it from the simp argument list.
  simp only [List.forall_mem_cons, List.forall_mem_nil,̵ ̵a̵n̵d̵_̵t̵r̵u̵e̵]

Note: This linter can be disabled with `set_option linter.unusedSimpArgs false`
/mnt/c/Users/jared/Local Sites/woocommerce-enterprise/oracle/evidence/erdos681/Erdos681Pratt.lean:331:41: warning: This simp argument is unused:
  List.forall_mem_nil

Hint: Omit it from the simp argument list.
  simp only [List.forall_mem_cons, L̵i̵s̵t̵.̵f̵o̵r̵a̵l̵l̵_̵m̵e̵m̵_̵n̵i̵l̵,̵ ̵and_true]

Note: This linter can be disabled with `set_option linter.unusedSimpArgs false`
/mnt/c/Users/jared/Local Sites/woocommerce-enterprise/oracle/evidence/erdos681/Erdos681Pratt.lean:331:62: warning: This simp argument is unused:
  and_true

Hint: Omit it from the simp argument list.
  simp only [List.forall_mem_cons, List.forall_mem_nil,̵ ̵a̵n̵d̵_̵t̵r̵u̵e̵]

Note: This linter can be disabled with `set_option linter.unusedSimpArgs false`
/mnt/c/Users/jared/Local Sites/woocommerce-enterprise/oracle/evidence/erdos681/Erdos681Pratt.lean:336:41: warning: This simp argument is unused:
  List.forall_mem_nil

Hint: Omit it from the simp argument list.
  simp only [List.forall_mem_cons, L̵i̵s̵t̵.̵f̵o̵r̵a̵l̵l̵_̵m̵e̵m̵_̵n̵i̵l̵,̵ ̵and_true]

Note: This linter can be disabled with `set_option linter.unusedSimpArgs false`
/mnt/c/Users/jared/Local Sites/woocommerce-enterprise/oracle/evidence/erdos681/Erdos681Pratt.lean:336:62: warning: This simp argument is unused:
  and_true

Hint: Omit it from the simp argument list.
  simp only [List.forall_mem_cons, List.forall_mem_nil,̵ ̵a̵n̵d̵_̵t̵r̵u̵e̵]

Note: This linter can be disabled with `set_option linter.unusedSimpArgs false`
/mnt/c/Users/jared/Local Sites/woocommerce-enterprise/oracle/evidence/erdos681/Erdos681Pratt.lean:341:41: warning: This simp argument is unused:
  List.forall_mem_nil

Hint: Omit it from the simp argument list.
  simp only [List.forall_mem_cons, L̵i̵s̵t̵.̵f̵o̵r̵a̵l̵l̵_̵m̵e̵m̵_̵n̵i̵l̵,̵ ̵and_true]

Note: This linter can be disabled with `set_option linter.unusedSimpArgs false`
/mnt/c/Users/jared/Local Sites/woocommerce-enterprise/oracle/evidence/erdos681/Erdos681Pratt.lean:341:62: warning: This simp argument is unused:
  and_true

Hint: Omit it from the simp argument list.
  simp only [List.forall_mem_cons, List.forall_mem_nil,̵ ̵a̵n̵d̵_̵t̵r̵u̵e̵]

Note: This linter can be disabled with `set_option linter.unusedSimpArgs false`
/mnt/c/Users/jared/Local Sites/woocommerce-enterprise/oracle/evidence/erdos681/Erdos681Pratt.lean:346:41: warning: This simp argument is unused:
  List.forall_mem_nil

Hint: Omit it from the simp argument list.
  simp only [List.forall_mem_cons, L̵i̵s̵t̵.̵f̵o̵r̵a̵l̵l̵_̵m̵e̵m̵_̵n̵i̵l̵,̵ ̵and_true]

Note: This linter can be disabled with `set_option linter.unusedSimpArgs false`
/mnt/c/Users/jared/Local Sites/woocommerce-enterprise/oracle/evidence/erdos681/Erdos681Pratt.lean:346:62: warning: This simp argument is unused:
  and_true

Hint: Omit it from the simp argument list.
  simp only [List.forall_mem_cons, List.forall_mem_nil,̵ ̵a̵n̵d̵_̵t̵r̵u̵e̵]

Note: This linter can be disabled with `set_option linter.unusedSimpArgs false`
/mnt/c/Users/jared/Local Sites/woocommerce-enterprise/oracle/evidence/erdos681/Erdos681Pratt.lean:351:41: warning: This simp argument is unused:
  List.forall_mem_nil

Hint: Omit it from the simp argument list.
  simp only [List.forall_mem_cons, L̵i̵s̵t̵.̵f̵o̵r̵a̵l̵l̵_̵m̵e̵m̵_̵n̵i̵l̵,̵ ̵and_true]

Note: This linter can be disabled with `set_option linter.unusedSimpArgs false`
/mnt/c/Users/jared/Local Sites/woocommerce-enterprise/oracle/evidence/erdos681/Erdos681Pratt.lean:351:62: warning: This simp argument is unused:
  and_true

Hint: Omit it from the simp argument list.
  simp only [List.forall_mem_cons, List.forall_mem_nil,̵ ̵a̵n̵d̵_̵t̵r̵u̵e̵]

Note: This linter can be disabled with `set_option linter.unusedSimpArgs false`
/mnt/c/Users/jared/Local Sites/woocommerce-enterprise/oracle/evidence/erdos681/Erdos681Pratt.lean:356:41: warning: This simp argument is unused:
  List.forall_mem_nil

Hint: Omit it from the simp argument list.
  simp only [List.forall_mem_cons, L̵i̵s̵t̵.̵f̵o̵r̵a̵l̵l̵_̵m̵e̵m̵_̵n̵i̵l̵,̵ ̵and_true]

Note: This linter can be disabled with `set_option linter.unusedSimpArgs false`
/mnt/c/Users/jared/Local Sites/woocommerce-enterprise/oracle/evidence/erdos681/Erdos681Pratt.lean:356:62: warning: This simp argument is unused:
  and_true

Hint: Omit it from the simp argument list.
  simp only [List.forall_mem_cons, List.forall_mem_nil,̵ ̵a̵n̵d̵_̵t̵r̵u̵e̵]

Note: This linter can be disabled with `set_option linter.unusedSimpArgs false`
/mnt/c/Users/jared/Local Sites/woocommerce-enterprise/oracle/evidence/erdos681/Erdos681Pratt.lean:361:41: warning: This simp argument is unused:
  List.forall_mem_nil

Hint: Omit it from the simp argument list.
  simp only [List.forall_mem_cons, L̵i̵s̵t̵.̵f̵o̵r̵a̵l̵l̵_̵m̵e̵m̵_̵n̵i̵l̵,̵ ̵and_true]

Note: This linter can be disabled with `set_option linter.unusedSimpArgs false`
/mnt/c/Users/jared/Local Sites/woocommerce-enterprise/oracle/evidence/erdos681/Erdos681Pratt.lean:361:62: warning: This simp argument is unused:
  and_true

Hint: Omit it from the simp argument list.
  simp only [List.forall_mem_cons, List.forall_mem_nil,̵ ̵a̵n̵d̵_̵t̵r̵u̵e̵]

Note: This linter can be disabled with `set_option linter.unusedSimpArgs false`
/mnt/c/Users/jared/Local Sites/woocommerce-enterprise/oracle/evidence/erdos681/Erdos681Pratt.lean:366:41: warning: This simp argument is unused:
  List.forall_mem_nil

Hint: Omit it from the simp argument list.
  simp only [List.forall_mem_cons, L̵i̵s̵t̵.̵f̵o̵r̵a̵l̵l̵_̵m̵e̵m̵_̵n̵i̵l̵,̵ ̵and_true]

Note: This linter can be disabled with `set_option linter.unusedSimpArgs false`
/mnt/c/Users/jared/Local Sites/woocommerce-enterprise/oracle/evidence/erdos681/Erdos681Pratt.lean:366:62: warning: This simp argument is unused:
  and_true

Hint: Omit it from the simp argument list.
  simp only [List.forall_mem_cons, List.forall_mem_nil,̵ ̵a̵n̵d̵_̵t̵r̵u̵e̵]

Note: This linter can be disabled with `set_option linter.unusedSimpArgs false`
/mnt/c/Users/jared/Local Sites/woocommerce-enterprise/oracle/evidence/erdos681/Erdos681Pratt.lean:371:41: warning: This simp argument is unused:
  List.forall_mem_nil

Hint: Omit it from the simp argument list.
  simp only [List.forall_mem_cons, L̵i̵s̵t̵.̵f̵o̵r̵a̵l̵l̵_̵m̵e̵m̵_̵n̵i̵l̵,̵ ̵and_true]

Note: This linter can be disabled with `set_option linter.unusedSimpArgs false`
/mnt/c/Users/jared/Local Sites/woocommerce-enterprise/oracle/evidence/erdos681/Erdos681Pratt.lean:371:62: warning: This simp argument is unused:
  and_true

Hint: Omit it from the simp argument list.
  simp only [List.forall_mem_cons, List.forall_mem_nil,̵ ̵a̵n̵d̵_̵t̵r̵u̵e̵]

Note: This linter can be disabled with `set_option linter.unusedSimpArgs false`
/mnt/c/Users/jared/Local Sites/woocommerce-enterprise/oracle/evidence/erdos681/Erdos681Pratt.lean:376:41: warning: This simp argument is unused:
  List.forall_mem_nil

Hint: Omit it from the simp argument list.
  simp only [List.forall_mem_cons, L̵i̵s̵t̵.̵f̵o̵r̵a̵l̵l̵_̵m̵e̵m̵_̵n̵i̵l̵,̵ ̵and_true]

Note: This linter can be disabled with `set_option linter.unusedSimpArgs false`
/mnt/c/Users/jared/Local Sites/woocommerce-enterprise/oracle/evidence/erdos681/Erdos681Pratt.lean:376:62: warning: This simp argument is unused:
  and_true

Hint: Omit it from the simp argument list.
  simp only [List.forall_mem_cons, List.forall_mem_nil,̵ ̵a̵n̵d̵_̵t̵r̵u̵e̵]

Note: This linter can be disabled with `set_option linter.unusedSimpArgs false`
