RANGE 990000000000 1000000000000 PRIMES 361977421 BAD 1203
BAD 999997304513
RANGE 980000000000 990000000000 PRIMES 362113161 BAD 1176
BAD 989970437947
RANGE 970000000000 980000000000 PRIMES 362243654 BAD 1284
BAD 979959213539
RANGE 960000000000 970000000000 PRIMES 362372154 BAD 1265
BAD 969965440621
RANGE 950000000000 960000000000 PRIMES 362516343 BAD 1353
BAD 959965878673
RANGE 940000000000 950000000000 PRIMES 362663463 BAD 1327
BAD 949968869959
RANGE 930000000000 940000000000 PRIMES 362797214 BAD 1316
BAD 939996463213
RANGE 920000000000 930000000000 PRIMES 362928363 BAD 1428
BAD 929990887171
RANGE 910000000000 920000000000 PRIMES 363083845 BAD 1431
BAD 919992273881
RANGE 900000000000 910000000000 PRIMES 363228814 BAD 1346
BAD 909978266863
RANGE 890000000000 900000000000 PRIMES 363362604 BAD 1505
BAD 899978406329
RANGE 880000000000 890000000000 PRIMES 363515097 BAD 1511
BAD 889996521529
RANGE 870000000000 880000000000 PRIMES 363672350 BAD 1719
BAD 879996115517
RANGE 860000000000 870000000000 PRIMES 363815350 BAD 1524
BAD 869998353727
RANGE 850000000000 860000000000 PRIMES 363977008 BAD 1703
BAD 859971176569
RANGE 840000000000 850000000000 PRIMES 364133062 BAD 1685
BAD 849984256483
RANGE 830000000000 840000000000 PRIMES 364286197 BAD 1728
BAD 839992784153
RANGE 820000000000 830000000000 PRIMES 364445911 BAD 1753
BAD 829998808943
RANGE 810000000000 820000000000 PRIMES 364617365 BAD 1812
BAD 819992726383
RANGE 800000000000 810000000000 PRIMES 364779115 BAD 1885
BAD 809997385633
RANGE 790000000000 800000000000 PRIMES 364943939 BAD 1939
BAD 799998035539
RANGE 780000000000 790000000000 PRIMES 365097387 BAD 1981
BAD 789999750041
RANGE 770000000000 780000000000 PRIMES 365285107 BAD 2129
BAD 779994934123
RANGE 760000000000 770000000000 PRIMES 365459032 BAD 2051
BAD 769997519419
RANGE 750000000000 760000000000 PRIMES 365629688 BAD 2111
BAD 759996088373
RANGE 740000000000 750000000000 PRIMES 365820592 BAD 2121
BAD 749995197487
RANGE 730000000000 740000000000 PRIMES 365991636 BAD 2344
BAD 739993118173
RANGE 720000000000 730000000000 PRIMES 366181873 BAD 2406
BAD 729999793507
RANGE 710000000000 720000000000 PRIMES 366347328 BAD 2456
BAD 719991829987
RANGE 700000000000 710000000000 PRIMES 366552635 BAD 2446
BAD 709994285899
RANGE 690000000000 700000000000 PRIMES 366742754 BAD 2614
BAD 699990569857
RANGE 680000000000 690000000000 PRIMES 366927865 BAD 2645
BAD 689986541029
RANGE 670000000000 680000000000 PRIMES 367139298 BAD 2754
BAD 679994281669
RANGE 660000000000 670000000000 PRIMES 367339844 BAD 2970
BAD 669996506633
RANGE 650000000000 660000000000 PRIMES 367537149 BAD 2937
BAD 659987419339
RANGE 640000000000 650000000000 PRIMES 367750648 BAD 2986
BAD 649980542311
RANGE 630000000000 640000000000 PRIMES 367955242 BAD 3143
BAD 639999040049
RANGE 620000000000 630000000000 PRIMES 368176446 BAD 3190
BAD 629996995321
RANGE 610000000000 620000000000 PRIMES 368392129 BAD 3347
BAD 619999812031
RANGE 600000000000 610000000000 PRIMES 368611149 BAD 3590
BAD 609994472573
RANGE 590000000000 600000000000 PRIMES 368845815 BAD 3615
BAD 599999238953
RANGE 580000000000 590000000000 PRIMES 369068558 BAD 3669
BAD 589998613163
RANGE 570000000000 580000000000 PRIMES 369307709 BAD 3966
BAD 579996279323
RANGE 560000000000 570000000000 PRIMES 369544749 BAD 3890
BAD 569996703097
RANGE 550000000000 560000000000 PRIMES 369795956 BAD 4208
BAD 559998909781
RANGE 540000000000 550000000000 PRIMES 370034538 BAD 4059
BAD 549999338677
RANGE 530000000000 540000000000 PRIMES 370299189 BAD 4353
BAD 539999642783
RANGE 520000000000 530000000000 PRIMES 370557302 BAD 4626
BAD 529999551031
RANGE 510000000000 520000000000 PRIMES 370817703 BAD 4893
BAD 519999668641
RANGE 500000000000 510000000000 PRIMES 371094125 BAD 5022
BAD 509998323313
RANGE 490000000000 500000000000 PRIMES 371360200 BAD 5101
BAD 499999706161
RANGE 480000000000 490000000000 PRIMES 371648081 BAD 5265
BAD 489995424119
RANGE 470000000000 480000000000 PRIMES 371923088 BAD 5351
BAD 479995257019
RANGE 460000000000 470000000000 PRIMES 372228587 BAD 5702
BAD 469994977447
RANGE 450000000000 460000000000 PRIMES 372527860 BAD 6156
BAD 459999939613
RANGE 440000000000 450000000000 PRIMES 372835080 BAD 6213
BAD 449998469633
RANGE 430000000000 440000000000 PRIMES 373162833 BAD 6645
BAD 439998301559
RANGE 420000000000 430000000000 PRIMES 373478588 BAD 6959
BAD 429999645857
RANGE 410000000000 420000000000 PRIMES 373808262 BAD 7161
BAD 419997869617
RANGE 400000000000 410000000000 PRIMES 374157906 BAD 7438
BAD 409998766369
RANGE 390000000000 400000000000 PRIMES 374494784 BAD 7880
BAD 399999986069
RANGE 380000000000 390000000000 PRIMES 374855825 BAD 8158
BAD 389999815301
RANGE 370000000000 380000000000 PRIMES 375232730 BAD 8599
BAD 379999326829
RANGE 360000000000 370000000000 PRIMES 375610118 BAD 9164
BAD 369999757343
RANGE 350000000000 360000000000 PRIMES 376005890 BAD 9641
BAD 359998847251
RANGE 340000000000 350000000000 PRIMES 376405496 BAD 10120
BAD 349999622827
RANGE 330000000000 340000000000 PRIMES 376824587 BAD 10670
BAD 339999981469
RANGE 320000000000 330000000000 PRIMES 377267847 BAD 11362
BAD 329997458821
RANGE 310000000000 320000000000 PRIMES 377704822 BAD 11879
BAD 319999795169
RANGE 300000000000 310000000000 PRIMES 378164423 BAD 12459
BAD 309997272121
RANGE 290000000000 300000000000 PRIMES 378644191 BAD 13543
BAD 299997680993
RANGE 280000000000 290000000000 PRIMES 379136193 BAD 14359
BAD 289999153841
RANGE 270000000000 280000000000 PRIMES 379650601 BAD 15301
BAD 279998749519
RANGE 260000000000 270000000000 PRIMES 380183897 BAD 16457
BAD 269999994269
RANGE 250000000000 260000000000 PRIMES 380744649 BAD 17233
BAD 259999950799
RANGE 240000000000 250000000000 PRIMES 381310120 BAD 18222
BAD 249999528607
RANGE 230000000000 240000000000 PRIMES 381941653 BAD 19806
BAD 239999898013
RANGE 220000000000 230000000000 PRIMES 382562467 BAD 21188
BAD 229999835929
RANGE 210000000000 220000000000 PRIMES 383230773 BAD 23642
BAD 219999912413
RANGE 200000000000 210000000000 PRIMES 383929532 BAD 25220
BAD 209998488803
RANGE 190000000000 200000000000 PRIMES 384679900 BAD 27724
BAD 199997883713
RANGE 180000000000 190000000000 PRIMES 385446999 BAD 30006
BAD 189999919037
RANGE 170000000000 180000000000 PRIMES 386287527 BAD 32757
BAD 179999464873
RANGE 160000000000 170000000000 PRIMES 387156696 BAD 36312
BAD 169998591019
RANGE 150000000000 160000000000 PRIMES 388095981 BAD 39785
BAD 159999821041
RANGE 140000000000 150000000000 PRIMES 389111798 BAD 44451
BAD 149999979827
RANGE 130000000000 140000000000 PRIMES 390187908 BAD 49654
BAD 139999652941
RANGE 120000000000 130000000000 PRIMES 391378851 BAD 55982
BAD 129999599281
RANGE 110000000000 120000000000 PRIMES 392654167 BAD 63301
BAD 119999996239
RANGE 100000000000 110000000000 PRIMES 394050419 BAD 72831
BAD 109999890571
